====================================================================================================
MONITEUR RADIO — 2026-09-25 (synthèse des 3 rapports + plan, heures UTC)
====================================================================================================
État : ❌ incident(s) détecté(s)  ·  diffusion : 1 coupure(s)/trou(s), 0 double(s) message  ·  serveur : 0 incident(s)
ATTENDU (sans effet à l'antenne, hors verdict) : 263 événement(s) serveur pendant la rotation (23h30-23h40) et le reset de minuit (00h00-00h03) · 1 titre(s) tronqué(s) par le redémarrage de minuit
SERVEUR : aucun incident hors fenêtres planifiées (ni crash, ni échec réseau, ni silence) ✅
   ↳ attendu, hors verdict : 00:01 💥 crash Liquidsoap (redémarrage automatique) (×1) · 00:01 🔇 bascule sur jingle d'erreur (silence potentiel) (×3) · 23:32 🌐 échec réseau AzuraCast/Liquidsoap (×259)
RESET MINUIT : restart confirmé vers 00:02:11 · 3 contrôle(s) · file saine ✅
INCIDENTS CORRÉLÉS (anomalie de diffusion ↔ cause serveur probable) :
   00:01:42  TROU 88s « jingle avant louange 05 elevons nos coeurs vers dieu »
          ↳ cause probable 00:01:35 : 🔇 bascule sur jingle d'erreur (silence potentiel)
(Détail titre par titre, contrôles approfondis et RÉEL vs PRÉVU ci-dessous.)
Rapport de diffusion — 2026-09-25 (heures UTC)
279 titres joués | tolérance ±10s
====================================================================================================
HEURE    PLAYLIST                     FICHIER          RÉEL    ÉCART  STATUT  TITRE
----------------------------------------------------------------------------------------------------
00:01:42 015_REMPLISSAGE                   0m11s      1m39s     +88s  ⚠️ TROU APRÈS  jingle avant louange 05 elevons nos coeurs vers dieu
00:03:21 BLOC_A_SERIE_DU_JOUR           1h19m00s   1h18m57s      -3s  ✅  part2
01:22:18 BLOC_A_SERIE_DU_JOUR              0m10s      0m11s      +1s  ✅  jingle avant bible 06 ouvrons les saintes ecritures
01:22:29 BLOC_A_SERIE_DU_JOUR              2m02s      2m00s      -2s  ✅  Job 18
01:24:29 BLOC_A_SERIE_DU_JOUR              3m05s      3m02s      -3s  ✅  Job 19
01:27:31 BLOC_A_SERIE_DU_JOUR              2m59s      2m57s      -2s  ✅  Job 20
01:30:28 BLOC_A_SERIE_DU_JOUR              3m12s      3m10s      -2s  ✅  Job 21
01:33:38 BLOC_A_SERIE_DU_JOUR              2m37s      2m35s      -2s  ✅  Job 22
01:36:13 BLOC_A_SERIE_DU_JOUR              1m43s      1m40s      -3s  ✅  Job 23
01:37:53 BLOC_A_SERIE_DU_JOUR              2m52s      2m49s      -3s  ✅  Job 24
01:40:42 BLOC_A_SERIE_DU_JOUR              0m36s      0m34s      -2s  ✅  Job 25
01:41:16 BLOC_A_SERIE_DU_JOUR              1m13s      1m11s      -2s  ✅  Job 26
01:42:27 BLOC_A_SERIE_DU_JOUR              2m12s      2m09s      -3s  ✅  Job 27
01:44:36 BLOC_A_SERIE_DU_JOUR              2m47s      2m44s      -3s  ✅  Job 28
01:47:20 BLOC_A_SERIE_DU_JOUR              2m20s      2m18s      -2s  ✅  Job 29
01:49:38 BLOC_A_SERIE_DU_JOUR              3m11s      3m09s      -2s  ✅  Job 30
01:52:47 BLOC_A_SERIE_DU_JOUR              3m56s      3m53s      -3s  ✅  Job 31
01:56:40 BLOC_A_SERIE_DU_JOUR              2m21s      2m19s      -2s  ✅  Job 32
01:58:59 BLOC_A_SERIE_DU_JOUR              3m04s      3m01s      -3s  ✅  Job 33
02:02:00 BLOC_A_SERIE_DU_JOUR              3m32s      3m30s      -2s  ✅  Job 34
02:05:30 BLOC_A_SERIE_DU_JOUR              1m32s      1m29s      -3s  ✅  Job 35
02:06:59 BLOC_A_SERIE_DU_JOUR              2m56s      2m53s      -3s  ✅  Job 36
02:09:52 BLOC_A_SERIE_DU_JOUR              0m11s      0m11s      +0s  ✅  jingle avant louange 05 elevons nos coeurs vers dieu
02:10:03 BLOC_A_SERIE_DU_JOUR              8m25s      8m23s      -2s  ✅  The Mountains, Come and, Oh City - Ketu HF
02:18:26 BLOC_A_SERIE_DU_JOUR              6m13s      6m10s      -3s  ✅  Immortal God - Elohim Adonai - Abuja HF
02:24:36 BLOC_A_SERIE_DU_JOUR              3m41s      3m39s      -2s  ✅  Adorons l'Éternel GAEL - JÉSUS EST SEIGNEUR -
02:28:15 BLOC_A_SERIE_DU_JOUR              6m57s      6m56s      -1s  ✅  The Lord on High is Mightier - Toronto HF
02:35:11 BLOC_A_SERIE_DU_JOUR             10m35s     10m31s      -4s  ✅  Baruch Ha'ba B'Shem Adonai/Blessed Is He Who Comes in the Name of the Lord - Port Harcourt HF
02:45:42 BLOC_A_SERIE_DU_JOUR              7m46s      7m44s      -2s  ✅  Arise Out of Zion  - Winnipeg Fellowship
02:53:26 BLOC_A_SERIE_DU_JOUR             10m38s     10m36s      -2s  ✅  Be Exalted - PHF
03:04:02 BLOC_A_SERIE_DU_JOUR              0m09s      0m09s      +0s  ✅  jingle avant bible 08 prenons un moment pour ecouter la parole
03:04:11 BLOC_A_SERIE_DU_JOUR              2m43s      2m41s      -2s  ✅  Tite 1
03:06:52 BLOC_A_SERIE_DU_JOUR              2m10s      2m07s      -3s  ✅  Tite 2
03:08:59 BLOC_A_SERIE_DU_JOUR              2m22s      2m20s      -2s  ✅  Tite 3
03:11:19 BLOC_A_SERIE_DU_JOUR              3m42s      3m39s      -3s  ✅  2 Pierre 1
03:14:58 BLOC_A_SERIE_DU_JOUR              4m04s      4m02s      -2s  ✅  2 Pierre 2
03:19:00 BLOC_A_SERIE_DU_JOUR              3m17s      3m14s      -3s  ✅  2 Pierre 3
03:22:14 BLOC_A_SERIE_DU_JOUR              5m51s      5m48s      -3s  ✅  Jean 1
03:28:02 BLOC_A_SERIE_DU_JOUR              0m10s      0m11s      +1s  ✅  jingle avant louange 06 que la louange seleve
03:28:13 BLOC_A_SERIE_DU_JOUR              7m21s      7m19s      -2s  ✅  For By My God - Toronto & Winnipeg HF
03:35:32 BLOC_A_SERIE_DU_JOUR              9m24s      9m21s      -3s  ✅  I See Your Face - Toronto HF
03:44:53 BLOC_A_SERIE_DU_JOUR              3m24s      3m21s      -3s  ✅  Cantique sa miséricorde
03:48:14 BLOC_A_SERIE_DU_JOUR              5m10s      5m08s      -2s  ✅  Igwe
03:53:22 BLOC_A_SERIE_DU_JOUR              5m21s      5m18s      -3s  ✅  We Shall Not Fear - Nonso Njoku
03:58:40 BLOC_A_SERIE_DU_JOUR              7m20s      7m18s      -2s  ✅  The Glory -  PHF
04:05:58 BLOC_A_SERIE_DU_JOUR              5m19s      5m16s      -3s  ✅  Gabrielle LIDJI - Mélodie Céleste  by LFXA(Light FX Animation)_2
04:11:14 BLOC_A_SERIE_DU_JOUR              8m58s      8m56s      -2s  ✅  El Elyon - Toronto & Winnipeg HF
04:20:10 BLOC_A_SERIE_DU_JOUR              0m13s      0m13s      +0s  ✅  jingle avant bible 07 place a la lecture de la bible
04:20:23 BLOC_A_SERIE_DU_JOUR              2m57s      2m54s      -3s  ✅  Josué 5
04:23:17 BLOC_A_SERIE_DU_JOUR              5m15s      5m13s      -2s  ✅  Josué 6
04:28:30 BLOC_A_SERIE_DU_JOUR              5m22s      5m19s      -3s  ✅  Josué 7
04:33:49 BLOC_A_SERIE_DU_JOUR              6m27s      6m25s      -2s  ✅  Josué 8
04:40:14 BLOC_A_SERIE_DU_JOUR              4m38s      4m34s      -4s  ✅  Josué 9
04:44:48 BLOC_A_SERIE_DU_JOUR              8m04s      8m02s      -2s  ✅  Josué 10
04:52:50 BLOC_A_SERIE_DU_JOUR              4m09s      4m06s      -3s  ✅  Josué 11
04:56:56 BLOC_A_SERIE_DU_JOUR              0m13s      0m14s      +1s  ✅  jingle avant louange 07 voici un temps de louange
04:57:10 BLOC_A_SERIE_DU_JOUR              5m07s      5m04s      -3s  ✅  We Shall Come - Asaba Fellowship
05:02:14 BLOC_A_SERIE_DU_JOUR              6m57s      6m55s      -2s  ✅  qui est digne d ouvrir le livre
05:09:09 BLOC_A_SERIE_DU_JOUR              6m54s      6m50s      -4s  ✅  There is no Lie (Imah Adegoke & Mary Umoh)
05:15:59 BLOC_A_SERIE_DU_JOUR              7m04s      7m02s      -2s  ✅  We Bless You Wonderful God  - Winnipeg Fellowship
05:23:01 BLOC_A_SERIE_DU_JOUR              6m12s      6m10s      -2s  ✅  The King is Here (Abasiama Timothy)
05:29:11 BLOC_A_SERIE_DU_JOUR              5m45s      5m42s      -3s  ✅  How Precious Oh Lord
05:34:53 BLOC_A_SERIE_DU_JOUR              8m41s      8m38s      -3s  ✅  Unto Him (Vincent Opara)
05:43:31 BLOC_A_SERIE_DU_JOUR              5m04s      5m02s      -2s  ✅  Guide Me - El ELyon - Abuja HF
05:48:33 BLOC_A_SERIE_DU_JOUR              0m09s      0m09s      +0s  ✅  jingle id station 01 la bonne nouvelle partout
05:48:42 BLOC_A_SERIE_DU_JOUR              1m50s      1m48s      -2s  ✅  Ecclésiaste 6
05:50:30 BLOC_A_SERIE_DU_JOUR              3m44s      3m41s      -3s  ✅  Ecclésiaste 7
05:54:11 BLOC_A_SERIE_DU_JOUR              2m51s      2m49s      -2s  ✅  Ecclésiaste 8
05:57:00 BLOC_A_SERIE_DU_JOUR              3m14s      3m12s      -2s  ✅  Ecclésiaste 9
06:00:12 BLOC_B_SERIE_DU_JOUR              0m11s      0m10s      -1s  ✅  jingle avant message 05 vous etes a lecoute de levangile du royaume
06:00:22 BLOC_B_SERIE_DU_JOUR           1h19m00s   1h18m58s      -2s  ✅  part2
07:19:20 BLOC_B_SERIE_DU_JOUR              0m09s      0m09s      +0s  ✅  jingle avant bible 08 prenons un moment pour ecouter la parole
07:19:29 BLOC_B_SERIE_DU_JOUR              2m59s      2m57s      -2s  ✅  Philémon 1
07:22:26 BLOC_B_SERIE_DU_JOUR              4m02s      3m59s      -3s  ✅  Esther 1
07:26:25 BLOC_B_SERIE_DU_JOUR              4m44s      4m41s      -3s  ✅  Esther 2
07:31:06 BLOC_B_SERIE_DU_JOUR              3m17s      3m14s      -3s  ✅  Esther 3
07:34:20 BLOC_B_SERIE_DU_JOUR              2m55s      2m53s      -2s  ✅  Esther 4
07:37:13 BLOC_B_SERIE_DU_JOUR              2m46s      2m43s      -3s  ✅  Esther 5
07:39:56 BLOC_B_SERIE_DU_JOUR              2m44s      2m41s      -3s  ✅  Esther 6
07:42:37 BLOC_B_SERIE_DU_JOUR              2m17s      2m15s      -2s  ✅  Esther 7
07:44:52 BLOC_B_SERIE_DU_JOUR              3m44s      3m41s      -3s  ✅  Esther 8
07:48:33 BLOC_B_SERIE_DU_JOUR              5m31s      5m29s      -2s  ✅  Esther 9
07:54:02 BLOC_B_SERIE_DU_JOUR              0m33s      0m31s      -2s  ✅  Esther 10
07:54:33 BLOC_B_SERIE_DU_JOUR              4m14s      4m11s      -3s  ✅  Matthieu 14
07:58:44 BLOC_B_SERIE_DU_JOUR              4m55s      4m53s      -2s  ✅  Matthieu 15
08:03:37 BLOC_B_SERIE_DU_JOUR              4m04s      4m02s      -2s  ✅  Matthieu 16
08:07:39 BLOC_B_SERIE_DU_JOUR              0m13s      0m13s      +0s  ✅  jingle avant louange 07 voici un temps de louange
08:07:52 BLOC_B_SERIE_DU_JOUR              2m16s      2m13s      -3s  ✅  cantique  nous sommes le sel de la terre
08:10:05 BLOC_B_SERIE_DU_JOUR              6m34s      6m31s      -3s  ✅  cantique  béni soit le dieu d israël
08:16:36 BLOC_B_SERIE_DU_JOUR              6m06s      6m04s      -2s  ✅  cantique  ta bonte
08:22:40 BLOC_B_SERIE_DU_JOUR              3m12s      3m10s      -2s  ✅  esprit de dieu
08:25:50 BLOC_B_SERIE_DU_JOUR              6m04s      6m02s      -2s  ✅  Sing Unto the Lord a new Song  - Winnipeg Fellowship
08:31:52 BLOC_B_SERIE_DU_JOUR              8m21s      8m20s      -1s  ✅  In the Day of Your Power  - Winnipeg Fellowship
08:40:12 BLOC_B_SERIE_DU_JOUR              6m06s      6m02s      -4s  ✅  Good God - Asaba Fellowship
08:46:14 BLOC_B_SERIE_DU_JOUR              4m40s      4m37s      -3s  ✅  All in All - CHF
08:50:51 BLOC_B_SERIE_DU_JOUR              4m18s      4m17s      -1s  ✅  You Are Worthy - Ketu HF
08:55:08 BLOC_B_SERIE_DU_JOUR              0m13s      0m12s      -1s  ✅  jingle avant bible 07 place a la lecture de la bible
08:55:20 BLOC_B_SERIE_DU_JOUR              2m21s      2m19s      -2s  ✅  Nahum 1
08:57:39 BLOC_B_SERIE_DU_JOUR              2m04s      2m01s      -3s  ✅  Nahum 2
08:59:40 BLOC_B_SERIE_DU_JOUR              3m02s      3m00s      -2s  ✅  Nahum 3
09:02:40 BLOC_B_SERIE_DU_JOUR              2m54s      2m51s      -3s  ✅  Malachie 1
09:05:31 BLOC_B_SERIE_DU_JOUR              3m17s      3m14s      -3s  ✅  Malachie 2
09:08:45 BLOC_B_SERIE_DU_JOUR              3m22s      3m19s      -3s  ✅  Malachie 3
09:12:04 BLOC_B_SERIE_DU_JOUR              1m05s      1m03s      -2s  ✅  Malachie 4
09:13:07 BLOC_B_SERIE_DU_JOUR              3m57s      3m53s      -4s  ✅  Apocalypse 1
09:17:00 BLOC_B_SERIE_DU_JOUR              5m23s      5m21s      -2s  ✅  Apocalypse 2
09:22:21 BLOC_B_SERIE_DU_JOUR              0m10s      0m11s      +1s  ✅  jingle avant louange 06 que la louange seleve
09:22:32 BLOC_B_SERIE_DU_JOUR              5m58s      5m55s      -3s  ✅  In Jesus - PHF
09:28:27 BLOC_B_SERIE_DU_JOUR              7m09s      7m07s      -2s  ✅  You're the Lamb (Abasiama Timothy)
09:35:34 BLOC_B_SERIE_DU_JOUR              3m19s      3m16s      -3s  ✅  Awaken My Heart
09:38:50 BLOC_B_SERIE_DU_JOUR              6m15s      6m13s      -2s  ✅  Oh Lord I Want to Know Your Glory - Port Harcourt HF
09:45:03 BLOC_B_SERIE_DU_JOUR              6m28s      6m25s      -3s  ✅  Le Bien-Etre Universel
09:51:28 BLOC_B_SERIE_DU_JOUR              5m02s      5m00s      -2s  ✅  A Song Of Love
09:56:28 BLOC_B_SERIE_DU_JOUR              6m19s      6m16s      -3s  ✅  Unto Him - CHF
10:02:44 BLOC_B_SERIE_DU_JOUR              7m37s      7m35s      -2s  ✅  Cantiques  Il a pris mes iniquités
10:10:19 BLOC_B_SERIE_DU_JOUR              0m10s      0m10s      +0s  ✅  jingle avant bible 06 ouvrons les saintes ecritures
10:10:29 BLOC_B_SERIE_DU_JOUR              3m57s      3m55s      -2s  ✅  Jacques 1
10:14:24 BLOC_B_SERIE_DU_JOUR              3m51s      3m48s      -3s  ✅  Jacques 2
10:18:12 BLOC_B_SERIE_DU_JOUR              2m56s      2m53s      -3s  ✅  Jacques 3
10:21:05 BLOC_B_SERIE_DU_JOUR              2m47s      2m44s      -3s  ✅  Jacques 4
10:23:49 BLOC_B_SERIE_DU_JOUR              3m28s      3m26s      -2s  ✅  Jacques 5
10:27:15 BLOC_B_SERIE_DU_JOUR              2m37s      2m34s      -3s  ✅  Michée 1
10:29:49 BLOC_B_SERIE_DU_JOUR              2m20s      2m18s      -2s  ✅  Michée 2
10:32:07 BLOC_B_SERIE_DU_JOUR              2m05s      2m02s      -3s  ✅  Michée 3
10:34:09 BLOC_B_SERIE_DU_JOUR              2m34s      2m31s      -3s  ✅  Michée 4
10:36:40 BLOC_B_SERIE_DU_JOUR              2m20s      2m18s      -2s  ✅  Michée 5
10:38:58 BLOC_B_SERIE_DU_JOUR              2m37s      2m34s      -3s  ✅  Michée 6
10:41:32 BLOC_B_SERIE_DU_JOUR              3m27s      3m24s      -3s  ✅  Michée 7
10:44:56 BLOC_B_SERIE_DU_JOUR              2m05s      2m03s      -2s  ✅  3 Jean 1
10:46:59 BLOC_B_SERIE_DU_JOUR              0m11s      0m11s      +0s  ✅  jingle avant louange 05 elevons nos coeurs vers dieu
10:47:10 BLOC_B_SERIE_DU_JOUR              5m08s      5m06s      -2s  ✅  He Has Given Me - PHF
10:52:16 BLOC_B_SERIE_DU_JOUR              5m47s      5m45s      -2s  ✅  We Ascribe Greatness - Abuja HF
10:58:01 BLOC_B_SERIE_DU_JOUR             10m25s     10m23s      -2s  ✅  Holy Are You - PHF
11:08:24 BLOC_B_SERIE_DU_JOUR              5m43s      5m40s      -3s  ✅  Cantique l Éternel est mon Berger (1)
11:14:04 BLOC_B_SERIE_DU_JOUR              8m10s      8m08s      -2s  ✅  Agunechemba - SWBN TV
11:22:12 BLOC_B_SERIE_DU_JOUR              3m04s      3m02s      -2s  ✅  The Lord is my Light and Salvation - Nonso Njoku
11:25:14 BLOC_B_SERIE_DU_JOUR              8m10s      8m06s      -4s  ✅  Great and Marvellous - Ketu HF
11:33:20 BLOC_B_SERIE_DU_JOUR              5m18s      5m16s      -2s  ✅  Now is Come Salvation - Toronto HF
11:38:36 BLOC_B_SERIE_DU_JOUR              0m12s      0m12s      +0s  ✅  jingle id station 03 notre mission annonce levangile
11:38:48 BLOC_B_SERIE_DU_JOUR              3m07s      3m05s      -2s  ✅  Joël 1
11:41:53 BLOC_B_SERIE_DU_JOUR              5m41s      5m38s      -3s  ✅  Joël 2
11:47:31 BLOC_B_SERIE_DU_JOUR              3m36s      3m34s      -2s  ✅  Joël 3
11:51:05 BLOC_B_SERIE_DU_JOUR              2m12s      2m09s      -3s  ✅  2 Thessaloniciens 1
11:53:14 BLOC_B_SERIE_DU_JOUR              2m47s      2m45s      -2s  ✅  2 Thessaloniciens 2
11:55:59 BLOC_B_SERIE_DU_JOUR              0m09s      0m09s      +0s  ✅  JINGLE
11:56:08 BLOC_B_SERIE_DU_JOUR              6m59s      6m56s      -3s  ✅  Hosanna - Toronto HF
12:03:04 BLOC_C_SERIE_DU_JOUR              0m11s      0m12s      +1s  ✅  jingle avant message 05 vous etes a lecoute de levangile du royaume
12:03:16 BLOC_C_SERIE_DU_JOUR           1h19m00s   1h18m57s      -3s  ✅  part2
13:22:13 BLOC_C_SERIE_DU_JOUR              0m13s      0m13s      +0s  ✅  jingle avant bible 07 place a la lecture de la bible
13:22:26 BLOC_C_SERIE_DU_JOUR              2m07s      2m05s      -2s  ✅  2 Jean 1
13:24:31 BLOC_C_SERIE_DU_JOUR              4m01s      3m59s      -2s  ✅  Amos 5
13:28:30 BLOC_C_SERIE_DU_JOUR              2m22s      2m19s      -3s  ✅  Amos 6
13:30:49 BLOC_C_SERIE_DU_JOUR              3m05s      3m03s      -2s  ✅  Amos 7
13:33:52 BLOC_C_SERIE_DU_JOUR              2m30s      2m27s      -3s  ✅  Amos 8
13:36:19 BLOC_C_SERIE_DU_JOUR              2m56s      2m55s      -1s  ✅  Amos 9
13:39:14 BLOC_C_SERIE_DU_JOUR              2m16s      2m13s      -3s  ✅  Hébreux 1
13:41:27 BLOC_C_SERIE_DU_JOUR              3m13s      3m10s      -3s  ✅  Hébreux 2
13:44:37 BLOC_C_SERIE_DU_JOUR              2m48s      2m46s      -2s  ✅  Hébreux 3
13:47:23 BLOC_C_SERIE_DU_JOUR              2m45s      2m42s      -3s  ✅  Hébreux 4
13:50:05 BLOC_C_SERIE_DU_JOUR              2m17s      2m14s      -3s  ✅  Hébreux 5
13:52:19 BLOC_C_SERIE_DU_JOUR              3m05s      3m03s      -2s  ✅  Hébreux 6
13:55:22 BLOC_C_SERIE_DU_JOUR              4m52s      4m49s      -3s  ✅  Hébreux 7
14:00:11 BLOC_C_SERIE_DU_JOUR              2m45s      2m42s      -3s  ✅  Hébreux 8
14:02:53 BLOC_C_SERIE_DU_JOUR              5m14s      5m12s      -2s  ✅  Hébreux 9
14:08:05 BLOC_C_SERIE_DU_JOUR              5m29s      5m26s      -3s  ✅  Hébreux 10
14:13:31 BLOC_C_SERIE_DU_JOUR              0m13s      0m13s      +0s  ✅  jingle avant louange 07 voici un temps de louange
14:13:44 BLOC_C_SERIE_DU_JOUR              5m33s      5m30s      -3s  ✅  He Shall Feed His Flock - I Want to walk  - Ketu HF
14:19:14 BLOC_C_SERIE_DU_JOUR              4m33s      4m31s      -2s  ✅  God is Building - Will You Be - Ketu HF
14:23:45 BLOC_C_SERIE_DU_JOUR              3m22s      3m20s      -2s  ✅  Ses cheveux étaient blancs..
14:27:05 BLOC_C_SERIE_DU_JOUR             10m47s     10m44s      -3s  ✅  Abba, Singing a, I Will Sing - Ketu HF
14:37:49 BLOC_C_SERIE_DU_JOUR              6m41s      6m38s      -3s  ✅  6 minutes
14:44:27 BLOC_C_SERIE_DU_JOUR              4m52s      4m50s      -2s  ✅  God is Moving Us On - Ketu HF
14:49:17 BLOC_C_SERIE_DU_JOUR              9m23s      9m21s      -2s  ✅  Thou art Worthy Lord - PHF
14:58:38 BLOC_C_SERIE_DU_JOUR              9m39s      9m37s      -2s  ✅  Psalm 93 - Port Harcourt HF
15:08:15 BLOC_C_SERIE_DU_JOUR              0m09s      0m09s      +0s  ✅  jingle avant bible 08 prenons un moment pour ecouter la parole
15:08:24 BLOC_C_SERIE_DU_JOUR              4m02s      3m59s      -3s  ✅  Ésaïe 22
15:12:23 BLOC_C_SERIE_DU_JOUR              3m04s      3m02s      -2s  ✅  Ésaïe 23
15:15:25 BLOC_C_SERIE_DU_JOUR              3m27s      3m24s      -3s  ✅  Ésaïe 24
15:18:49 BLOC_C_SERIE_DU_JOUR              2m22s      2m21s      -1s  ✅  Ésaïe 25
15:21:10 BLOC_C_SERIE_DU_JOUR              3m19s      3m16s      -3s  ✅  Ésaïe 26
15:24:26 BLOC_C_SERIE_DU_JOUR              2m22s      2m19s      -3s  ✅  Ésaïe 27
15:26:45 BLOC_C_SERIE_DU_JOUR              5m10s      5m07s      -3s  ✅  Ésaïe 28
15:31:52 BLOC_C_SERIE_DU_JOUR              0m11s      0m12s      +1s  ✅  jingle avant louange 05 elevons nos coeurs vers dieu
15:32:04 BLOC_C_SERIE_DU_JOUR             11m01s     10m58s      -3s  ✅  Great is, Ascribe - Ketu HF
15:43:02 BLOC_C_SERIE_DU_JOUR              7m19s      7m17s      -2s  ✅  You Have sworn By Your Holiness - Chidera Bisong
15:50:19 BLOC_C_SERIE_DU_JOUR              5m48s      5m45s      -3s  ✅  Forever You Reign - Abuja HF
15:56:04 BLOC_C_SERIE_DU_JOUR              5m50s      5m47s      -3s  ✅  Jesus I'm Waiting for You (Mary Umoh)
16:01:51 BLOC_C_SERIE_DU_JOUR              7m17s      7m18s      +1s  ✅  cantique  tes promesses  pub direct dec 2021 import (2)
16:09:09 BLOC_C_SERIE_DU_JOUR              8m18s      8m13s      -5s  ✅  Yahweh Is Mighty - SWBN TV
16:17:22 BLOC_C_SERIE_DU_JOUR              4m13s      4m10s      -3s  ✅  4 minutes
16:21:32 BLOC_C_SERIE_DU_JOUR              0m10s      0m11s      +1s  ✅  jingle avant bible 06 ouvrons les saintes ecritures
16:21:43 BLOC_C_SERIE_DU_JOUR              3m17s      3m15s      -2s  ✅  Galates 1
16:24:58 BLOC_C_SERIE_DU_JOUR              4m08s      4m06s      -2s  ✅  Galates 2
16:29:04 BLOC_C_SERIE_DU_JOUR              4m50s      4m47s      -3s  ✅  Galates 3
16:33:51 BLOC_C_SERIE_DU_JOUR              4m30s      4m28s      -2s  ✅  Galates 4
16:38:19 BLOC_C_SERIE_DU_JOUR              4m04s      4m01s      -3s  ✅  Galates 5
16:42:20 BLOC_C_SERIE_DU_JOUR              2m46s      2m44s      -2s  ✅  Galates 6
16:45:04 BLOC_C_SERIE_DU_JOUR              5m48s      5m45s      -3s  ✅  Genèse 1
16:50:49 BLOC_C_SERIE_DU_JOUR              3m53s      3m51s      -2s  ✅  Genèse 2
16:54:40 BLOC_C_SERIE_DU_JOUR              4m20s      4m17s      -3s  ✅  Genèse 3
16:58:57 BLOC_C_SERIE_DU_JOUR              0m10s      0m11s      +1s  ✅  jingle avant louange 06 que la louange seleve
16:59:08 BLOC_C_SERIE_DU_JOUR              5m13s      5m11s      -2s  ✅  Il s'appelait Emmanuel - Marcel Boungou + Paroles
17:04:19 BLOC_C_SERIE_DU_JOUR              4m04s      4m01s      -3s  ✅  Ascribe Greatness - PHF
17:08:20 BLOC_C_SERIE_DU_JOUR              6m02s      6m00s      -2s  ✅  Rejoice - PHF
17:14:20 BLOC_C_SERIE_DU_JOUR              7m09s      7m06s      -3s  ✅  There is A Mighty River Flowing - Ketu HF
17:21:26 BLOC_C_SERIE_DU_JOUR              5m21s      5m19s      -2s  ✅  By the word of the lord - Ketu HF
17:26:45 BLOC_C_SERIE_DU_JOUR              4m53s      4m50s      -3s  ✅  Cantique Jahweh, Tu es élevé au dessus de tout (1)
17:31:35 BLOC_C_SERIE_DU_JOUR              4m08s      4m05s      -3s  ✅  I Choose the Way of the Lord - Abuja HF
17:35:40 BLOC_C_SERIE_DU_JOUR              4m21s      4m19s      -2s  ✅  Sing Hallelujah - Abuja HF
17:39:59 BLOC_C_SERIE_DU_JOUR              4m48s      4m46s      -2s  ✅  Yeshua I'm Waiting for You  - Ketu HF
17:44:45 BLOC_C_SERIE_DU_JOUR              8m12s      8m09s      -3s  ✅  Jesus is Alpha - PHF
17:52:54 BLOC_C_SERIE_DU_JOUR              0m09s      0m10s      +1s  ✅  JINGLE
17:53:04 BLOC_C_SERIE_DU_JOUR              9m12s      9m09s      -3s  ✅  1 Rois 2
18:02:13 BLOC_D_SERIE_DU_JOUR              0m10s      0m10s      +0s  ✅  jingle avant message 04 bienvenue sur parole prophetique fm
18:02:23 BLOC_D_SERIE_DU_JOUR           1h19m00s   1h18m57s      -3s  ✅  part2
19:21:20 BLOC_D_SERIE_DU_JOUR              0m09s      0m10s      +1s  ✅  jingle avant bible 08 prenons un moment pour ecouter la parole
19:21:30 BLOC_D_SERIE_DU_JOUR              4m11s      4m09s      -2s  ✅  2 Chroniques 7
19:25:39 BLOC_D_SERIE_DU_JOUR              3m06s      3m03s      -3s  ✅  2 Chroniques 8
19:28:42 BLOC_D_SERIE_DU_JOUR              4m59s      4m57s      -2s  ✅  2 Chroniques 9
19:33:39 BLOC_D_SERIE_DU_JOUR              3m16s      3m13s      -3s  ✅  2 Chroniques 10
19:36:52 BLOC_D_SERIE_DU_JOUR              3m21s      3m20s      -1s  ✅  2 Chroniques 11
19:40:12 BLOC_D_SERIE_DU_JOUR              2m54s      2m51s      -3s  ✅  2 Chroniques 12
19:43:03 BLOC_D_SERIE_DU_JOUR              3m48s      3m45s      -3s  ✅  2 Chroniques 13
19:46:48 BLOC_D_SERIE_DU_JOUR              2m39s      2m37s      -2s  ✅  2 Chroniques 14
19:49:25 BLOC_D_SERIE_DU_JOUR              2m51s      2m48s      -3s  ✅  2 Chroniques 15
19:52:13 BLOC_D_SERIE_DU_JOUR              2m43s      2m40s      -3s  ✅  2 Chroniques 16
19:54:53 BLOC_D_SERIE_DU_JOUR              2m46s      2m44s      -2s  ✅  2 Chroniques 17
19:57:37 BLOC_D_SERIE_DU_JOUR              6m06s      6m04s      -2s  ✅  2 Chroniques 18
20:03:41 BLOC_D_SERIE_DU_JOUR              0m11s      0m11s      +0s  ✅  jingle avant louange 05 elevons nos coeurs vers dieu
20:03:52 BLOC_D_SERIE_DU_JOUR              7m51s      7m49s      -2s  ✅  There is no name  - Winnipeg Fellowship
20:11:41 BLOC_D_SERIE_DU_JOUR              7m36s      7m33s      -3s  ✅  There Is No Lie - SWBN TV
20:19:14 BLOC_D_SERIE_DU_JOUR              5m22s      5m19s      -3s  ✅  God's Got An Army - PHF
20:24:33 BLOC_D_SERIE_DU_JOUR             11m53s     11m51s      -2s  ✅  Hashem - PHF
20:36:24 BLOC_D_SERIE_DU_JOUR              9m14s      9m12s      -2s  ✅  A jamais, tu seras l Agneau de Dieu
20:45:36 BLOC_D_SERIE_DU_JOUR              0m13s      0m13s      +0s  ✅  jingle avant bible 07 place a la lecture de la bible
20:45:49 BLOC_D_SERIE_DU_JOUR              3m55s      3m52s      -3s  ✅  2 Rois 1
20:49:41 BLOC_D_SERIE_DU_JOUR              4m52s      4m50s      -2s  ✅  2 Rois 2
20:54:31 BLOC_D_SERIE_DU_JOUR              4m43s      4m40s      -3s  ✅  2 Rois 3
20:59:11 BLOC_D_SERIE_DU_JOUR              7m47s      7m44s      -3s  ✅  2 Rois 4
21:06:55 BLOC_D_SERIE_DU_JOUR              0m13s      0m14s      +1s  ✅  jingle avant louange 07 voici un temps de louange
21:07:09 BLOC_D_SERIE_DU_JOUR              2m20s      2m17s      -3s  ✅  cantique  heureux l homme qui ne marche pas selon
21:09:26 BLOC_D_SERIE_DU_JOUR              9m04s      9m01s      -3s  ✅  You're the Lamb - Calabar HF
21:18:27 BLOC_D_SERIE_DU_JOUR              6m12s      6m09s      -3s  ✅  Praise the Lord All Ye Nations - Toronto HF
21:24:36 BLOC_D_SERIE_DU_JOUR              6m09s      6m07s      -2s  ✅  Hymne des vainqueurs
21:30:43 BLOC_D_SERIE_DU_JOUR              6m02s      6m00s      -2s  ✅  Satisfy My Soul - Calabar HF
21:36:43 BLOC_D_SERIE_DU_JOUR              7m09s      7m07s      -2s  ✅  My God Is Good - Winnipeg Fellowship
21:43:50 BLOC_D_SERIE_DU_JOUR              5m45s      5m42s      -3s  ✅  Ella Samuels - Oh Lord Our Maker
21:49:32 BLOC_D_SERIE_DU_JOUR              0m10s      0m11s      +1s  ✅  jingle avant bible 06 ouvrons les saintes ecritures
21:49:43 BLOC_D_SERIE_DU_JOUR              3m46s      3m44s      -2s  ✅  Colossiens 2
21:53:27 BLOC_D_SERIE_DU_JOUR              3m44s      3m41s      -3s  ✅  Colossiens 3
21:57:08 BLOC_D_SERIE_DU_JOUR              2m56s      2m53s      -3s  ✅  Colossiens 4
22:00:01 BLOC_D_SERIE_DU_JOUR              4m20s      4m17s      -3s  ✅  2 Corinthiens 1
22:04:18 BLOC_D_SERIE_DU_JOUR              2m49s      2m47s      -2s  ✅  2 Corinthiens 2
22:07:05 BLOC_D_SERIE_DU_JOUR              3m02s      3m00s      -2s  ✅  2 Corinthiens 3
22:10:05 BLOC_D_SERIE_DU_JOUR              3m24s      3m21s      -3s  ✅  2 Corinthiens 4
22:13:26 BLOC_D_SERIE_DU_JOUR              3m29s      3m27s      -2s  ✅  2 Corinthiens 5
22:16:53 BLOC_D_SERIE_DU_JOUR              3m03s      3m01s      -2s  ✅  2 Corinthiens 6
22:19:54 BLOC_D_SERIE_DU_JOUR              3m38s      3m35s      -3s  ✅  2 Corinthiens 7
22:23:29 BLOC_D_SERIE_DU_JOUR              0m10s      0m11s      +1s  ✅  jingle avant louange 06 que la louange seleve
22:23:40 BLOC_D_SERIE_DU_JOUR              5m10s      5m08s      -2s  ✅  I Will Call Upon The Lord
22:28:48 BLOC_D_SERIE_DU_JOUR              5m04s      5m02s      -2s  ✅  I Enter The Holy of Holies - Port Harcourt HF
22:33:50 BLOC_D_SERIE_DU_JOUR              6m35s      6m33s      -2s  ✅  cantique   ta lumière
22:40:23 BLOC_D_SERIE_DU_JOUR              5m28s      5m25s      -3s  ✅  même humilié
22:45:48 BLOC_D_SERIE_DU_JOUR              4m11s      4m09s      -2s  ✅  Cantique   Oh Éternel Dieu, Tu es le Dieu Incomparable
22:49:57 BLOC_D_SERIE_DU_JOUR              6m56s      6m53s      -3s  ✅  As We Worship In Ypur Presence
22:56:50 BLOC_D_SERIE_DU_JOUR              3m10s      3m07s      -3s  ✅  la Parole
22:59:57 BLOC_D_SERIE_DU_JOUR              6m30s      6m28s      -2s  ✅  Praise the Lord of Host - Toronto HF
23:06:25 BLOC_D_SERIE_DU_JOUR              0m09s      0m09s      +0s  ✅  JINGLE
23:06:34 BLOC_D_SERIE_DU_JOUR              3m45s      3m43s      -2s  ✅  1 Timothée 5
23:10:17 BLOC_D_SERIE_DU_JOUR              3m53s      3m50s      -3s  ✅  1 Timothée 6
23:14:07 BLOC_D_SERIE_DU_JOUR              1m40s      1m37s      -3s  ✅  1 Jean 1
23:15:44 BLOC_D_SERIE_DU_JOUR              4m39s      4m38s      -1s  ✅  1 Jean 2
23:20:22 BLOC_D_SERIE_DU_JOUR              0m09s      0m08s      -1s  ✅  jingle id station 02 radio evangile du royaume
23:20:30 BLOC_D_SERIE_DU_JOUR              4m52s      4m51s      -1s  ✅  cantique   prends tout le contrôle
23:25:21 BLOC_D_SERIE_DU_JOUR             10m13s     10m10s      -3s  ✅  As We Worship - Toronto & Winnipeg HF
23:35:31 BLOC_E_LOUANGE_NUIT               3m12s      3m09s      -3s  ✅  esprit de dieu
23:38:40 BLOC_E_LOUANGE_NUIT              10m35s     10m33s      -2s  ✅  Baruch Ha'ba B'Shem Adonai/Blessed Is He Who Comes in the Name of the Lord - Port Harcourt HF
23:49:13 BLOC_E_LOUANGE_NUIT               7m17s      7m15s      -2s  ✅  cantique  tes promesses  pub direct dec 2021 import (2)
23:56:28 BLOC_E_LOUANGE_NUIT               4m05s      5m13s     +68s  ⚠️ TROU APRÈS  Song Of Victory - Emmanuel Igunbor
----------------------------------------------------------------------------------------------------
Bilan : 279 titres, 2 anomalie(s) (titre coupé de plus de 10s ou trou d'antenne). Gravité : 0 mineure(s) <1min · 2 sérieuse(s) 1-10min · 0 critique(s) >10min.

====================================================================================================
CONTRÔLES APPROFONDIS
====================================================================================================
MESSAGE DU JOUR « La résurrection des morts et la délivrance de la corruption part2 » : 4 diffusion(s) pour 4 prévue(s) ✅
   00:03:21  (étiquette BLOC_A_SERIE_DU_JOUR)
   06:00:22  (étiquette BLOC_B_SERIE_DU_JOUR)
   12:03:16  (étiquette BLOC_C_SERIE_DU_JOUR)
   18:02:23  (étiquette BLOC_D_SERIE_DU_JOUR)
JINGLES : 34 joués / 36 prévus (94%) ⚠️   ·   BLOC_A 8/9 · BLOC_B 9/9 · BLOC_C 8/9 · BLOC_D 9/9
HORS FENÊTRE : aucun débordement de bloc détecté ✅
BOUCHE-TROUS : aucun ✅
COUVERTURE : premier titre à 00:01:42 ✅ · dernier titre finit vers 00:00:33 (estimé) ✅

====================================================================================================
RÉEL vs PRÉVU — ce qui a joué vs ce que le plan prévoyait
====================================================================================================
----------------------------------------------------------------------------------------------------
BLOC_A  (00:00-06:00)  prévus  75 · atteignables  69 · joués  69 · conformité  99% · sautés  1 · en trop  1
   ⏭️  PRÉVU NON JOUÉ : jingle avant message 04 bienvenue sur parole prophetique fm
   ➕  JOUÉ NON PRÉVU : jingle avant louange 05 elevons nos coeurs vers dieu
   ⏸️  FIN DE BLOC NON ATTEINTE (6 titres · ~28m28s) — marge anti-rebouclage au-delà de la fenêtre, normal : Ecclésiaste 10 · Ecclésiaste 11 · jingle id station 02 radio evangile du royaume · There Is Forgiveness In Thee - SWBN TV · Holy are You oh Lord (Olaedo Uzoma & Vincent Opara) · Holy Holy - Abuja HF
----------------------------------------------------------------------------------------------------
BLOC_B  (06:00-12:00)  prévus  79 · atteignables  77 · joués  77 · conformité 100% · sautés  0 · en trop  0
   ⏸️  FIN DE BLOC NON ATTEINTE (2 titres · ~16m27s) — marge anti-rebouclage au-delà de la fenêtre, normal : Yahweh is Mighty (Imah Adegoke) · We Worship Adonai - PHF
----------------------------------------------------------------------------------------------------
BLOC_C  (12:00-18:00)  prévus  74 · atteignables  67 · joués  67 · conformité 100% · sautés  0 · en trop  0
   ⏸️  FIN DE BLOC NON ATTEINTE (7 titres · ~32m53s) — marge anti-rebouclage au-delà de la fenêtre, normal : 1 Rois 3 · 1 Rois 4 · JINGLE · You Are the Captain of the Host - Toronto HF · Crown Him Lord of Lords - Nonso Njoku · Song Of Victory - Emmanuel Igunbor  …(+1)
----------------------------------------------------------------------------------------------------
BLOC_D  (18:00-23:30)  prévus  63 · atteignables  62 · joués  62 · conformité 100% · sautés  0 · en trop  0
   ⏸️  FIN DE BLOC NON ATTEINTE (1 titres · ~5m52s) — marge anti-rebouclage au-delà de la fenêtre, normal : Where Two or Three are Gathered - Calabar HF
----------------------------------------------------------------------------------------------------
CONFORMITÉ GLOBALE : 274/275 titres atteignables joués dans l'ordre = 100%  (1 titre(s) hors plan · 16 non atteint(s) en fin de bloc, marge normale)
