Rapport de diffusion — 2026-06-27 (heures UTC)
223 titres joués | tolérance ±10s
====================================================================================================
HEURE    PLAYLIST                     FICHIER          RÉEL    ÉCART  STATUT  TITRE
----------------------------------------------------------------------------------------------------
00:01:22 ?                                 2m56s      2m56s      +0s  ✅  AzuraCast is Live!
00:04:18 BLOC_A_SERIE_DU_JOUR              2m59s      2m12s     -47s  ❌ COUPÉ  Philémon 1
00:06:30 BLOC_A_SERIE_DU_JOUR              2m12s      2m10s      -2s  ✅  2 Thessaloniciens 1
00:08:40 BLOC_A_SERIE_DU_JOUR              2m47s      2m44s      -3s  ✅  2 Thessaloniciens 2
00:11:24 BLOC_A_SERIE_DU_JOUR              2m35s      2m33s      -2s  ✅  2 Thessaloniciens 3
00:13:57 BLOC_A_SERIE_DU_JOUR              3m13s      3m10s      -3s  ✅  Hébreux 2
00:17:07 BLOC_A_SERIE_DU_JOUR              2m48s      2m46s      -2s  ✅  Hébreux 3
00:19:53 BLOC_A_SERIE_DU_JOUR              2m45s      2m42s      -3s  ✅  Hébreux 4
00:22:35 BLOC_A_SERIE_DU_JOUR              2m17s      2m14s      -3s  ✅  Hébreux 5
00:24:49 BLOC_A_SERIE_DU_JOUR              3m05s      3m03s      -2s  ✅  Hébreux 6
00:27:52 BLOC_A_SERIE_DU_JOUR              4m52s      4m49s      -3s  ✅  Hébreux 7
00:32:41 BLOC_A_SERIE_DU_JOUR              2m45s      2m42s      -3s  ✅  Hébreux 8
00:35:23 BLOC_A_SERIE_DU_JOUR              5m14s      5m12s      -2s  ✅  Hébreux 9
00:40:35 BLOC_A_SERIE_DU_JOUR              5m29s      5m26s      -3s  ✅  Hébreux 10
00:46:01 BLOC_A_SERIE_DU_JOUR              6m47s      6m44s      -3s  ✅  Hébreux 11
00:52:45 BLOC_A_SERIE_DU_JOUR             10m25s     10m24s      -1s  ✅  Holy Are You - PHF
01:03:09 BLOC_A_SERIE_DU_JOUR              7m19s      7m16s      -3s  ✅  You Have sworn By Your Holiness - Chidera Bisong
01:10:25 BLOC_A_SERIE_DU_JOUR             10m04s     10m01s      -3s  ✅  1 Rois 1
01:20:26 BLOC_A_SERIE_DU_JOUR              7m29s      7m26s      -3s  ✅  Hallelujah - PHF
01:27:52 BLOC_A_SERIE_DU_JOUR              8m22s      8m20s      -2s  ✅  Yeshua Hamashiach - Calabar HF
01:36:12 BLOC_A_SERIE_DU_JOUR              4m40s      4m37s      -3s  ✅  All in All - CHF
01:40:49 BLOC_A_SERIE_DU_JOUR              4m07s      4m05s      -2s  ✅  Jérémie 26
01:44:54 BLOC_A_SERIE_DU_JOUR              3m55s      3m52s      -3s  ✅  Jérémie 27
01:48:46 BLOC_A_SERIE_DU_JOUR              3m03s      3m01s      -2s  ✅  Jérémie 28
01:51:47 BLOC_A_SERIE_DU_JOUR              5m38s      5m35s      -3s  ✅  Jérémie 29
01:57:22 BLOC_A_SERIE_DU_JOUR              4m01s      3m59s      -2s  ✅  Jérémie 30
02:01:21 BLOC_A_SERIE_DU_JOUR              7m15s      7m12s      -3s  ✅  Jérémie 31
02:08:33 BLOC_A_SERIE_DU_JOUR              7m42s      7m40s      -2s  ✅  Jérémie 32
02:16:13 BLOC_A_SERIE_DU_JOUR             10m24s     10m21s      -3s  ✅  Shine in Darkness O Lord  - Winnipeg Fellowship
02:26:34 BLOC_A_SERIE_DU_JOUR              4m36s      4m34s      -2s  ✅  Néhémie 10
02:31:08 BLOC_A_SERIE_DU_JOUR              4m55s      4m52s      -3s  ✅  Néhémie 11
02:36:00 BLOC_A_SERIE_DU_JOUR              6m29s      6m26s      -3s  ✅  Néhémie 12
02:42:26 BLOC_A_SERIE_DU_JOUR              5m13s      5m11s      -2s  ✅  Il s'appelait Emmanuel - Marcel Boungou + Paroles
02:47:37 BLOC_A_SERIE_DU_JOUR              6m41s      6m38s      -3s  ✅  6 minutes
02:54:15 BLOC_A_SERIE_DU_JOUR              8m37s      8m35s      -2s  ✅  He Has Given Me & Emmanuel You Joy Over Us (Medley) (Abasiama Timothy & Imah Adegoke)
03:02:50 BLOC_A_SERIE_DU_JOUR              4m11s      4m08s      -3s  ✅  jai donné ma vie à jésus (1)
03:06:58 BLOC_A_SERIE_DU_JOUR              7m17s      7m15s      -2s  ✅  cantique  tes promesses  pub direct dec 2021 import (2)
03:14:13 BLOC_A_SERIE_DU_JOUR              4m33s      4m30s      -3s  ✅  1 Pierre 1
03:18:43 BLOC_A_SERIE_DU_JOUR              3m50s      3m47s      -3s  ✅  1 Pierre 3
03:22:30 BLOC_A_SERIE_DU_JOUR              4m17s      4m14s      -3s  ✅  1 Pierre 2
03:26:44 BLOC_A_SERIE_DU_JOUR              3m13s      3m11s      -2s  ✅  1 Pierre 4
03:29:55 BLOC_A_SERIE_DU_JOUR              2m15s      2m13s      -2s  ✅  1 Pierre 5
03:32:08 BLOC_A_SERIE_DU_JOUR              0m06s      0m06s      +0s  ✅  jingle avant bible 03 ecoutez la voix de dieu
03:32:14 BLOC_A_SERIE_DU_JOUR              4m44s      4m42s      -2s  ✅  Je veux vivre ton royaume
03:36:56 BLOC_A_SERIE_DU_JOUR              6m30s      6m27s      -3s  ✅  Praise the Lord of Host - Toronto HF
03:43:23 BLOC_A_SERIE_DU_JOUR              7m09s      7m07s      -2s  ✅  My God Is Good - Winnipeg Fellowship
03:50:30 BLOC_A_SERIE_DU_JOUR              5m57s      5m54s      -3s  ✅  You are God - Winnipeg Fellowship
03:56:24 BLOC_A_SERIE_DU_JOUR              0m10s      0m10s      +0s  ✅  jingle avant message 01 voici le message du jour
03:56:34 BLOC_A_SERIE_DU_JOUR              3m24s      3m22s      -2s  ✅  Cantique sa miséricorde
03:59:56 BLOC_A_SERIE_DU_JOUR              6m15s      6m13s      -2s  ✅  Oh Lord I Want to Know Your Glory - Port Harcourt HF
04:06:09 BLOC_A_SERIE_DU_JOUR              8m10s      8m07s      -3s  ✅  Great and Marvellous - Ketu HF
04:14:16 BLOC_A_SERIE_DU_JOUR              7m25s      7m22s      -3s  ✅  Victorious Is the Lamb - Winnipeg Fellowship
04:21:38 BLOC_A_SERIE_DU_JOUR              6m12s      6m09s      -3s  ✅  The King is Here (Abasiama Timothy)
04:27:47 BLOC_A_SERIE_DU_JOUR              5m50s      5m47s      -3s  ✅  Jesus I'm Waiting for You (Mary Umoh)
04:33:34 BLOC_A_SERIE_DU_JOUR              3m41s      3m39s      -2s  ✅  Adorons l'Éternel GAEL - JÉSUS EST SEIGNEUR -
04:37:13 BLOC_A_SERIE_DU_JOUR              4m52s      4m50s      -2s  ✅  cantique   prends tout le contrôle
04:42:03 BLOC_A_SERIE_DU_JOUR              0m05s      0m10s      +5s  ✅  jingle avant louange 04 suite de la selection musicale
04:42:13 BLOC_A_SERIE_DU_JOUR              0m07s      0m08s      +1s  ✅  jingle avant louange 02 voici notre selection de cantiques
04:42:21 BLOC_A_SERIE_DU_JOUR              0m06s      0m06s      +0s  ✅  jingle avant louange 01 place a la louange et adoration
04:42:27 BLOC_A_SERIE_DU_JOUR              0m05s      0m15s     +10s  ✅  jingle avant bible 05 poursuivons notre lecture
04:42:42 BLOC_A_SERIE_DU_JOUR             11m01s     10m58s      -3s  ✅  Great is, Ascribe - Ketu HF
04:53:40 BLOC_A_SERIE_DU_JOUR             10m13s     10m10s      -3s  ✅  As We Worship - Toronto & Winnipeg HF
05:03:50 BLOC_A_SERIE_DU_JOUR              5m33s      5m31s      -2s  ✅  He Shall Feed His Flock - I Want to walk  - Ketu HF
05:09:21 BLOC_A_SERIE_DU_JOUR              8m12s      8m09s      -3s  ✅  Jesus is Alpha - PHF
05:17:30 BLOC_A_SERIE_DU_JOUR           1h20m11s   4h00m25s   +9614s  ⚠️ TROU APRÈS  aps la moisson 20220219 4
09:17:55 BLOC_B_SERIE_DU_JOUR              5m32s      5m29s      -3s  ✅  Ézéchiel 44
09:23:24 BLOC_B_SERIE_DU_JOUR              4m20s      4m17s      -3s  ✅  Ézéchiel 45
09:27:41 BLOC_B_SERIE_DU_JOUR              4m20s      4m18s      -2s  ✅  Ézéchiel 46
09:31:59 BLOC_B_SERIE_DU_JOUR              4m08s      4m05s      -3s  ✅  Ézéchiel 47
09:36:04 BLOC_B_SERIE_DU_JOUR              5m23s      5m21s      -2s  ✅  Ézéchiel 48
09:41:25 BLOC_B_SERIE_DU_JOUR              2m20s      2m17s      -3s  ✅  Job 10
09:43:42 BLOC_B_SERIE_DU_JOUR              1m57s      1m55s      -2s  ✅  Job 11
09:45:37 BLOC_B_SERIE_DU_JOUR              2m35s      2m32s      -3s  ✅  Job 12
09:48:09 BLOC_B_SERIE_DU_JOUR              2m37s      2m35s      -2s  ✅  Job 13
09:50:44 BLOC_B_SERIE_DU_JOUR              2m25s      2m23s      -2s  ✅  Job 14
09:53:07 BLOC_B_SERIE_DU_JOUR              3m21s      3m18s      -3s  ✅  Job 15
09:56:25 BLOC_B_SERIE_DU_JOUR              2m15s      2m13s      -2s  ✅  Job 16
09:58:38 BLOC_B_SERIE_DU_JOUR              1m36s      1m35s      -1s  ✅  Job 17
10:00:13 BLOC_B_SERIE_DU_JOUR              2m02s      1m58s      -4s  ✅  Job 18
10:02:11 BLOC_B_SERIE_DU_JOUR              3m05s      3m03s      -2s  ✅  Job 19
10:05:14 BLOC_B_SERIE_DU_JOUR              9m39s      9m36s      -3s  ✅  Psalm 93 - Port Harcourt HF
10:14:50 BLOC_B_SERIE_DU_JOUR              9m23s      9m23s      +0s  ✅  Thou art Worthy Lord - PHF
10:24:13 BLOC_B_SERIE_DU_JOUR              6m02s      6m01s      -1s  ✅  Crown Him Lord of Lords - Nonso Njoku
10:30:14 BLOC_B_SERIE_DU_JOUR              5m21s      5m18s      -3s  ✅  By the word of the lord - Ketu HF
10:35:32 BLOC_B_SERIE_DU_JOUR             10m38s     10m36s      -2s  ✅  Be Exalted - PHF
10:46:08 BLOC_B_SERIE_DU_JOUR              4m59s      4m56s      -3s  ✅  2 Samuel 20
10:51:04 BLOC_B_SERIE_DU_JOUR              4m28s      4m26s      -2s  ✅  2 Samuel 21
10:55:30 BLOC_B_SERIE_DU_JOUR              5m50s      5m48s      -2s  ✅  2 Samuel 22
11:01:18 BLOC_B_SERIE_DU_JOUR              5m49s      5m47s      -2s  ✅  2 Samuel 23
11:07:05 BLOC_B_SERIE_DU_JOUR              4m58s      4m55s      -3s  ✅  2 Samuel 24
11:12:00 BLOC_B_SERIE_DU_JOUR              7m04s      7m02s      -2s  ✅  We Bless You Wonderful God  - Winnipeg Fellowship
11:19:02 BLOC_B_SERIE_DU_JOUR              4m18s      4m15s      -3s  ✅  You Are Worthy - Ketu HF
11:23:17 BLOC_B_SERIE_DU_JOUR              6m56s      6m55s      -1s  ✅  As We Worship In Ypur Presence
11:30:12 BLOC_B_SERIE_DU_JOUR              5m42s      5m38s      -4s  ✅  Juges 8
11:35:50 BLOC_B_SERIE_DU_JOUR              9m48s      9m46s      -2s  ✅  Juges 9
11:45:36 BLOC_B_SERIE_DU_JOUR              2m48s      2m46s      -2s  ✅  Juges 10
11:48:22 BLOC_B_SERIE_DU_JOUR              7m02s      6m59s      -3s  ✅  Juges 11
11:55:21 BLOC_B_SERIE_DU_JOUR              2m37s      2m35s      -2s  ✅  Juges 12
11:57:56 BLOC_B_SERIE_DU_JOUR              4m10s      4m07s      -3s  ✅  Juges 13
12:02:03 BLOC_C_SERIE_DU_JOUR           1h20m11s   1h20m08s      -3s  ✅  aps la moisson 20220219 4
13:22:11 BLOC_C_SERIE_DU_JOUR              2m40s      2m37s      -3s  ✅  Habacuc 1
13:24:48 BLOC_C_SERIE_DU_JOUR              3m24s      3m21s      -3s  ✅  Habacuc 2
13:28:09 BLOC_C_SERIE_DU_JOUR              3m11s      3m09s      -2s  ✅  Habacuc 3
13:31:18 BLOC_C_SERIE_DU_JOUR              1m49s      1m47s      -2s  ✅  1 Thessaloniciens 1
13:33:05 BLOC_C_SERIE_DU_JOUR              3m29s      3m26s      -3s  ✅  1 Thessaloniciens 2
13:36:31 BLOC_C_SERIE_DU_JOUR              2m13s      2m10s      -3s  ✅  1 Thessaloniciens 3
13:38:41 BLOC_C_SERIE_DU_JOUR              3m03s      3m01s      -2s  ✅  1 Thessaloniciens 4
13:41:42 BLOC_C_SERIE_DU_JOUR              3m04s      3m01s      -3s  ✅  1 Thessaloniciens 5
13:44:43 BLOC_C_SERIE_DU_JOUR              1m11s      1m09s      -2s  ✅  Ésaïe 20
13:45:52 BLOC_C_SERIE_DU_JOUR              2m53s      2m50s      -3s  ✅  Ésaïe 21
13:48:42 BLOC_C_SERIE_DU_JOUR              4m02s      4m00s      -2s  ✅  Ésaïe 22
13:52:42 BLOC_C_SERIE_DU_JOUR              3m04s      3m01s      -3s  ✅  Ésaïe 23
13:55:43 BLOC_C_SERIE_DU_JOUR              3m27s      3m25s      -2s  ✅  Ésaïe 24
13:59:08 BLOC_C_SERIE_DU_JOUR              2m22s      2m19s      -3s  ✅  Ésaïe 25
14:01:27 BLOC_C_SERIE_DU_JOUR              3m19s      3m17s      -2s  ✅  Ésaïe 26
14:04:44 BLOC_C_SERIE_DU_JOUR              2m22s      2m19s      -3s  ✅  Ésaïe 27
14:07:03 BLOC_C_SERIE_DU_JOUR              5m10s      5m08s      -2s  ✅  Ésaïe 28
14:12:11 BLOC_C_SERIE_DU_JOUR              6m19s      6m16s      -3s  ✅  Unto Him - CHF
14:18:27 BLOC_C_SERIE_DU_JOUR              9m24s      9m22s      -2s  ✅  I See Your Face - Toronto HF
14:27:49 BLOC_C_SERIE_DU_JOUR              4m53s      4m50s      -3s  ✅  Cantique Jahweh, Tu es élevé au dessus de tout (1)
14:32:39 BLOC_C_SERIE_DU_JOUR              3m04s      3m01s      -3s  ✅  The Lord is my Light and Salvation - Nonso Njoku
14:35:40 BLOC_C_SERIE_DU_JOUR              3m19s      3m16s      -3s  ✅  Awaken My Heart
14:38:56 BLOC_C_SERIE_DU_JOUR              7m09s      7m06s      -3s  ✅  There is A Mighty River Flowing - Ketu HF
14:46:02 BLOC_C_SERIE_DU_JOUR              4m15s      4m14s      -1s  ✅  Philippiens 1
14:50:16 BLOC_C_SERIE_DU_JOUR              4m28s      4m24s      -4s  ✅  Philippiens 2
14:54:40 BLOC_C_SERIE_DU_JOUR              3m26s      3m24s      -2s  ✅  Philippiens 3
14:58:04 BLOC_C_SERIE_DU_JOUR              3m39s      3m36s      -3s  ✅  Philippiens 4
15:01:40 BLOC_C_SERIE_DU_JOUR              1m40s      1m38s      -2s  ✅  1 Jean 1
15:03:18 BLOC_C_SERIE_DU_JOUR              4m39s      4m36s      -3s  ✅  1 Jean 2
15:07:54 BLOC_C_SERIE_DU_JOUR              3m34s      3m32s      -2s  ✅  1 Jean 3
15:11:26 BLOC_C_SERIE_DU_JOUR              5m45s      5m42s      -3s  ✅  Ella Samuels - Oh Lord Our Maker
15:17:08 BLOC_C_SERIE_DU_JOUR              6m28s      6m25s      -3s  ✅  Le Bien-Etre Universel
15:23:33 BLOC_C_SERIE_DU_JOUR              8m31s      8m29s      -2s  ✅  Holy Holy - Abuja HF
15:32:02 BLOC_C_SERIE_DU_JOUR              6m54s      6m51s      -3s  ✅  There is no Lie (Imah Adegoke & Mary Umoh)
15:38:53 BLOC_C_SERIE_DU_JOUR              4m20s      4m18s      -2s  ✅  There's A Mighty River Flowing - SWBN TV
15:43:11 BLOC_C_SERIE_DU_JOUR              8m18s      8m16s      -2s  ✅  Yahweh Is Mighty - SWBN TV
15:51:27 BLOC_C_SERIE_DU_JOUR              0m06s      0m06s      +0s  ✅  jingle avant bible 03 ecoutez la voix de dieu
15:51:33 BLOC_C_SERIE_DU_JOUR              4m28s      4m26s      -2s  ✅  2 Rois 7
15:55:59 BLOC_C_SERIE_DU_JOUR              5m34s      5m32s      -2s  ✅  2 Rois 8
16:01:31 BLOC_C_SERIE_DU_JOUR              7m22s      7m19s      -3s  ✅  2 Rois 9
16:08:50 BLOC_C_SERIE_DU_JOUR              6m58s      6m56s      -2s  ✅  2 Rois 10
16:15:46 BLOC_C_SERIE_DU_JOUR              4m05s      4m02s      -3s  ✅  2 Rois 11
16:19:48 BLOC_C_SERIE_DU_JOUR              4m08s      4m06s      -2s  ✅  2 Rois 12
16:23:54 BLOC_C_SERIE_DU_JOUR              4m37s      4m35s      -2s  ✅  2 Rois 13
16:28:29 BLOC_C_SERIE_DU_JOUR              4m52s      4m50s      -2s  ✅  God is Moving Us On - Ketu HF
16:33:19 BLOC_C_SERIE_DU_JOUR              4m11s      4m08s      -3s  ✅  Cantique   Oh Éternel Dieu, Tu es le Dieu Incomparable
16:37:27 BLOC_C_SERIE_DU_JOUR              4m33s      4m31s      -2s  ✅  God is Building - Will You Be - Ketu HF
16:41:58 BLOC_C_SERIE_DU_JOUR              6m34s      6m31s      -3s  ✅  cantique  béni soit le dieu d israël
16:48:29 BLOC_C_SERIE_DU_JOUR              9m38s      9m36s      -2s  ✅  Holy are You oh Lord (Olaedo Uzoma & Vincent Opara)
16:58:05 BLOC_C_SERIE_DU_JOUR              8m25s      8m22s      -3s  ✅  The Mountains, Come and, Oh City - Ketu HF
17:06:27 BLOC_C_SERIE_DU_JOUR              6m58s      6m55s      -3s  ✅  Luc 23
17:13:22 BLOC_C_SERIE_DU_JOUR              6m18s      6m16s      -2s  ✅  Luc 24
17:19:38 BLOC_C_SERIE_DU_JOUR              2m56s      2m54s      -2s  ✅  Sophonie 1
17:22:32 BLOC_C_SERIE_DU_JOUR              6m57s      6m55s      -2s  ✅  The Lord on High is Mightier - Toronto HF
17:29:27 BLOC_C_SERIE_DU_JOUR              4m21s      4m18s      -3s  ✅  Sing Hallelujah - Abuja HF
17:33:45 BLOC_C_SERIE_DU_JOUR              5m10s      5m08s      -2s  ✅  Igwe
17:38:53 BLOC_C_SERIE_DU_JOUR              4m13s      4m10s      -3s  ✅  4 minutes
17:43:03 BLOC_C_SERIE_DU_JOUR              2m16s      2m19s      +3s  ✅  cantique  nous sommes le sel de la terre
17:45:22 BLOC_C_SERIE_DU_JOUR              0m04s      0m04s      +0s  ✅  jingle avant louange 03 continuons dans la louange
17:45:26 BLOC_C_SERIE_DU_JOUR           1h20m11s   1h20m08s      -3s  ✅  aps la moisson 20220219 4
19:05:34 BLOC_C_SERIE_DU_JOUR              0m07s      0m08s      +1s  ✅  jingle avant louange 02 voici notre selection de cantiques
19:05:42 BLOC_C_SERIE_DU_JOUR              0m06s      0m06s      +0s  ✅  jingle avant louange 01 place a la louange et adoration
19:05:48 BLOC_D_SERIE_DU_JOUR              0m06s      0m06s      +0s  ✅  jingle avant bible 03 ecoutez la voix de dieu
19:05:54 BLOC_D_SERIE_DU_JOUR              4m28s      4m26s      -2s  ✅  Nombres 2
19:10:20 BLOC_D_SERIE_DU_JOUR              7m05s      7m02s      -3s  ✅  Nombres 3
19:17:22 BLOC_D_SERIE_DU_JOUR              7m36s      7m33s      -3s  ✅  Nombres 4
19:24:55 BLOC_D_SERIE_DU_JOUR              4m56s      4m53s      -3s  ✅  Nombres 5
19:29:48 BLOC_D_SERIE_DU_JOUR              4m14s      4m12s      -2s  ✅  Nombres 6
19:34:00 BLOC_D_SERIE_DU_JOUR             11m21s     11m18s      -3s  ✅  Nombres 7
19:45:18 BLOC_D_SERIE_DU_JOUR              3m59s      3m57s      -2s  ✅  Nombres 8
19:49:15 BLOC_D_SERIE_DU_JOUR              3m39s      3m37s      -2s  ✅  Nombres 9
19:52:52 BLOC_D_SERIE_DU_JOUR              0m05s      0m05s      +0s  ✅  jingle avant louange 04 suite de la selection musicale
19:52:57 BLOC_D_SERIE_DU_JOUR              8m10s      8m08s      -2s  ✅  Agunechemba - SWBN TV
20:01:05 BLOC_D_SERIE_DU_JOUR              2m20s      2m17s      -3s  ✅  cantique  heureux l homme qui ne marche pas selon
20:03:22 BLOC_D_SERIE_DU_JOUR              6m13s      6m11s      -2s  ✅  Immortal God - Elohim Adonai - Abuja HF
20:09:33 BLOC_D_SERIE_DU_JOUR              6m02s      5m59s      -3s  ✅  Rejoice - PHF
20:15:32 BLOC_D_SERIE_DU_JOUR              5m04s      5m03s      -1s  ✅  Guide Me - El ELyon - Abuja HF
20:20:35 BLOC_D_SERIE_DU_JOUR              5m21s      5m18s      -3s  ✅  We Shall Not Fear - Nonso Njoku
20:25:53 BLOC_D_SERIE_DU_JOUR              6m06s      6m03s      -3s  ✅  Good God - Asaba Fellowship
20:31:56 BLOC_D_SERIE_DU_JOUR              9m04s      9m03s      -1s  ✅  You're the Lamb - Calabar HF
20:40:59 BLOC_D_SERIE_DU_JOUR              0m08s      0m08s      +0s  ✅  jingle avant message 02 enseignement parole de dieu
20:41:07 BLOC_D_SERIE_DU_JOUR              2m05s      2m03s      -2s  ✅  3 Jean 1
20:43:10 BLOC_D_SERIE_DU_JOUR              3m07s      3m05s      -2s  ✅  Joël 1
20:46:15 BLOC_D_SERIE_DU_JOUR              5m41s      5m38s      -3s  ✅  Joël 2
20:51:53 BLOC_D_SERIE_DU_JOUR              3m36s      3m34s      -2s  ✅  Joël 3
20:55:27 BLOC_D_SERIE_DU_JOUR              4m30s      4m27s      -3s  ✅  Jean 3
20:59:54 BLOC_D_SERIE_DU_JOUR              6m42s      6m45s      +3s  ✅  Jean 4
21:06:39 BLOC_D_SERIE_DU_JOUR              5m02s      5m00s      -2s  ✅  A Song Of Love
21:11:39 BLOC_D_SERIE_DU_JOUR              8m41s      8m40s      -1s  ✅  Unto Him (Vincent Opara)
21:20:19 BLOC_D_SERIE_DU_JOUR             10m47s     10m43s      -4s  ✅  Abba, Singing a, I Will Sing - Ketu HF
21:31:02 BLOC_D_SERIE_DU_JOUR              7m46s      7m44s      -2s  ✅  Arise Out of Zion  - Winnipeg Fellowship
21:38:46 BLOC_D_SERIE_DU_JOUR              6m06s      6m04s      -2s  ✅  cantique  ta bonte
21:44:50 BLOC_D_SERIE_DU_JOUR              7m20s      7m18s      -2s  ✅  The Glory -  PHF
21:52:08 BLOC_D_SERIE_DU_JOUR              5m28s      5m31s      +3s  ✅  même humilié
21:57:39 BLOC_D_SERIE_DU_JOUR              2m21s      2m19s      -2s  ✅  Nahum 1
21:59:58 BLOC_D_SERIE_DU_JOUR              2m04s      2m01s      -3s  ✅  Nahum 2
22:01:59 BLOC_D_SERIE_DU_JOUR              3m02s      3m00s      -2s  ✅  Nahum 3
22:04:59 BLOC_D_SERIE_DU_JOUR              2m37s      2m34s      -3s  ✅  Michée 1
22:07:33 BLOC_D_SERIE_DU_JOUR              2m20s      2m18s      -2s  ✅  Michée 2
22:09:51 BLOC_D_SERIE_DU_JOUR              2m05s      2m02s      -3s  ✅  Michée 3
22:11:53 BLOC_D_SERIE_DU_JOUR              2m34s      2m32s      -2s  ✅  Michée 4
22:14:25 BLOC_D_SERIE_DU_JOUR              2m20s      2m17s      -3s  ✅  Michée 5
22:16:42 BLOC_D_SERIE_DU_JOUR              2m37s      2m34s      -3s  ✅  Michée 6
22:19:16 BLOC_D_SERIE_DU_JOUR              3m27s      3m24s      -3s  ✅  Michée 7
22:22:40 BLOC_D_SERIE_DU_JOUR              3m34s      3m32s      -2s  ✅  Zacharie 1
22:26:12 BLOC_D_SERIE_DU_JOUR              1m51s      1m49s      -2s  ✅  Zacharie 2
22:28:01 BLOC_D_SERIE_DU_JOUR              1m46s      1m43s      -3s  ✅  Zacharie 3
22:29:44 BLOC_D_SERIE_DU_JOUR              2m06s      2m04s      -2s  ✅  Zacharie 4
22:31:48 BLOC_D_SERIE_DU_JOUR              1m38s      1m43s      +5s  ✅  Zacharie 5
22:33:31 BLOC_D_SERIE_DU_JOUR              7m36s      7m34s      -2s  ✅  There Is No Lie - SWBN TV
22:41:05 BLOC_D_SERIE_DU_JOUR              8m24s      8m21s      -3s  ✅  Bless Ye the Lord - PHF
22:49:26 BLOC_D_SERIE_DU_JOUR              7m57s      7m55s      -2s  ✅  Yahweh is Mighty (Imah Adegoke)
22:57:21 BLOC_D_SERIE_DU_JOUR              5m52s      5m49s      -3s  ✅  Where Two or Three are Gathered - Calabar HF
23:03:10 BLOC_D_SERIE_DU_JOUR              5m08s      5m06s      -2s  ✅  He Has Given Me - PHF
23:08:16 BLOC_D_SERIE_DU_JOUR              4m08s      4m05s      -3s  ✅  I Choose the Way of the Lord - Abuja HF
23:12:21 BLOC_D_SERIE_DU_JOUR              5m10s      5m08s      -2s  ✅  I Will Call Upon The Lord
23:17:29 BLOC_D_SERIE_DU_JOUR              6m59s      7m04s      +5s  ✅  Hosanna - Toronto HF
23:24:33 BLOC_D_SERIE_DU_JOUR              2m59s      2m57s      -2s  ✅  2 Timothée 1
23:27:30 BLOC_D_SERIE_DU_JOUR              3m52s      3m50s      -2s  ✅  2 Timothée 2
23:31:20 BLOC_D_SERIE_DU_JOUR              2m37s      2m34s      -3s  ✅  2 Timothée 3
23:33:54 BLOC_D_SERIE_DU_JOUR              3m09s      3m06s      -3s  ✅  2 Timothée 4
23:37:00 BLOC_D_SERIE_DU_JOUR              3m52s      3m57s      +5s  ✅  1 Chroniques 8
23:40:57 BLOC_D_SERIE_DU_JOUR             37m39s          ?           ⏳ dernier titre (durée réelle inconnue)  aps la moisson 20220219 5
----------------------------------------------------------------------------------------------------
Bilan : 223 titres, 2 anomalie(s) (titre coupé de plus de 10s ou trou d'antenne).

====================================================================================================
RÉEL vs PRÉVU — ce qui a joué vs ce que le plan prévoyait
====================================================================================================
----------------------------------------------------------------------------------------------------
BLOC_A  (00:00-06:00)  prévus  67 · joués  65 · conformité  51% · sautés 33 · en trop 31
   ⏭️  PRÉVU NON JOUÉ : jingle avant message 01 voici le message du jour · APS La moisson 4 · jingle avant bible 05 poursuivons notre lecture · jingle avant louange 02 voici notre selection de cantiques · Victorious Is the Lamb - Winnipeg Fellowship · As We Worship - Toronto & Winnipeg HF  …(+27)
   ➕  JOUÉ NON PRÉVU : AzuraCast is Live! · jai donné ma vie à jésus (1) · cantique  tes promesses  pub direct dec 2021 import (2) · 1 Pierre 1 · 1 Pierre 3 · 1 Pierre 2  …(+25)
----------------------------------------------------------------------------------------------------
BLOC_B  (06:00-12:00)  prévus  66 · joués  34 · conformité  52% · sautés 32 · en trop  0
   ⏭️  PRÉVU NON JOUÉ : jingle avant message 02 enseignement parole de dieu · APS La moisson 4 · jingle avant bible 02 voici la lecture de la bible · jingle avant louange 01 place a la louange et adoration · Hymne des vainqueurs · Parole Prophétique FM  …(+26)
----------------------------------------------------------------------------------------------------
BLOC_C  (12:00-18:00)  prévus  71 · joués  61 · conformité  77% · sautés 16 · en trop  6
   ⏭️  PRÉVU NON JOUÉ : jingle avant message 02 enseignement parole de dieu · APS La moisson 4 · jingle avant bible 01 la foi vient de ce quon entend · jingle avant louange 03 continuons dans la louange · Igwe · cantique  nous sommes le sel de la terre  …(+10)
   ➕  JOUÉ NON PRÉVU : aps la moisson 20220219 4 · Igwe · 4 minutes · cantique  nous sommes le sel de la terre · jingle avant louange 03 continuons dans la louange · aps la moisson 20220219 4
----------------------------------------------------------------------------------------------------
BLOC_D  (18:00-24:00)  prévus  71 · joués  63 · conformité  83% · sautés 12 · en trop  4
   ⏭️  PRÉVU NON JOUÉ : jingle avant message 02 enseignement parole de dieu · APS La moisson 4 · jingle avant bible 04 restons a lecoute des ecritures · jingle avant louange 01 place a la louange et adoration · jingle avant bible 01 la foi vient de ce quon entend · jingle avant louange 02 voici notre selection de cantiques  …(+6)
   ➕  JOUÉ NON PRÉVU : jingle avant louange 02 voici notre selection de cantiques · jingle avant louange 01 place a la louange et adoration · jingle avant message 02 enseignement parole de dieu · aps la moisson 20220219 5
----------------------------------------------------------------------------------------------------
CONFORMITÉ GLOBALE : 182/275 titres prévus joués dans l'ordre = 66%  (41 titre(s) hors plan)
