Rapport de diffusion — 2026-05-28 (heures UTC)
116 titres joués | tolérance ±10s
====================================================================================================
HEURE    PLAYLIST                     FICHIER          RÉEL    ÉCART  STATUT  TITRE
----------------------------------------------------------------------------------------------------
00:11:43 003_AM_Chandélier d'or           27m48s     27m45s      -3s  ✅  légré la vie des œuvres et la vie de lesprit 1
00:39:28 006_Nous_faire_part            1h13m29s   1h13m27s      -2s  ✅  nous faire part 4
01:52:55 008_Parole qui éclaire           23m41s     23m38s      -3s  ✅  pqe j7
02:16:33 005_Conquête du royaume          27m36s     27m34s      -2s  ✅  la moisson 4 adé
02:44:07 007_Aux pieds du Seigneur      1h00m21s     55m55s    -266s  ❌ COUPÉ  1-19 1
03:40:02 003_AM_Chandélier d'or         1h05m49s      0m12s   -3937s  ❌ COUPÉ  legre 1 la vie des œuvres et la vie de lesprit
03:40:14 001_LA_MUSIQUE                    6m41s      0m15s    -386s  ❌ COUPÉ  6 minutes
03:40:29 001_LA_MUSIQUE                    6m41s      0m43s    -358s  ❌ COUPÉ  6 minutes
03:41:12 006_Nous_faire_part            1h12m47s   1h12m44s      -3s  ✅  nous faire part 5
04:53:56 006_Nous_faire_part            1h12m03s   1h12m00s      -3s  ✅  nous faire part 1
06:05:56 005_Conquête du royaume          24m49s     24m47s      -2s  ✅  la moisson 5 adé
06:30:43 004_Au milieu des Chandelier   2h36m21s   2h36m19s      -2s  ✅  bosson 1 la marche avec dieu
09:07:02 008_Parole qui éclaire           22m31s     22m29s      -2s  ✅  1-pqe c1
09:29:31 004_Au milieu des Chandelier   1h02m06s   1h02m03s      -3s  ✅  2
10:31:34 008_Parole qui éclaire           16m53s     16m51s      -2s  ✅  2-pqe c2
10:48:25 005_Conquête du royaume          26m50s     26m50s      +0s  ✅  la moisson 1 adé
11:15:15 005_Conquête du royaume          26m00s     25m56s      -4s  ✅  la moisson 2 adé
11:41:11 006_Nous_faire_part            1h13m31s   1h13m28s      -3s  ✅  nous faire part 2
12:54:39 003_AM_Chandélier d'or         1h13m31s   1h13m28s      -3s  ✅  la résurrection des morts et la délivrance de lesclavage de la corruption part1
14:08:07 008_Parole qui éclaire           25m20s     25m18s      -2s  ✅  pqe j1
14:33:25 007_Aux pieds du Seigneur      1h13m12s   1h13m09s      -3s  ✅  19 2
15:46:34 003_AM_Chandélier d'or         1h19m00s   1h18m57s      -3s  ✅  part2
17:05:31 BLOC_A_SERIE_DU_JOUR           1h05m49s      7m46s   -3483s  ❌ COUPÉ  legre 1 la vie des œuvres et la vie de lesprit
17:13:17 BLOC_A_SERIE_DU_JOUR              0m04s      0m03s      -1s  ✅  JINGLE 
17:13:20 001_LA_MUSIQUE                    6m41s      0m52s    -349s  ❌ COUPÉ  6 minutes
17:14:12 BLOC_A_SERIE_DU_JOUR             27m48s      1m40s   -1568s  ❌ COUPÉ  légré la vie des œuvres et la vie de lesprit 1
17:15:52 001_LA_MUSIQUE                    6m41s      0m19s    -382s  ❌ COUPÉ  6 minutes
17:16:11 BLOC_A_SERIE_DU_JOUR              3m13s      3m10s      -3s  ✅  Hebreux
17:19:21 BLOC_A_SERIE_DU_JOUR              2m39s      2m37s      -2s  ✅  2 Chronicles
17:21:58 BLOC_A_SERIE_DU_JOUR              2m29s      2m26s      -3s  ✅  La Bible
17:24:24 BLOC_A_SERIE_DU_JOUR              3m26s      3m24s      -2s  ✅  Abdias
17:27:48 BLOC_A_SERIE_DU_JOUR              1m34s      1m31s      -3s  ✅  Bible_fr_06_joshua_016
17:29:19 BLOC_A_SERIE_DU_JOUR              5m07s      5m04s      -3s  ✅  Jeremie
17:34:23 BLOC_A_SERIE_DU_JOUR              2m56s      2m54s      -2s  ✅  La Bible
17:37:17 BLOC_A_SERIE_DU_JOUR              3m31s      3m29s      -2s  ✅  Jeremie
17:40:46 BLOC_A_SERIE_DU_JOUR              6m50s      6m47s      -3s  ✅  Matthieu
17:47:33 BLOC_A_SERIE_DU_JOUR              1m06s      1m04s      -2s  ✅  La Bible
17:48:37 BLOC_A_SERIE_DU_JOUR              4m04s      4m02s      -2s  ✅  Matthieu
17:52:39 BLOC_A_SERIE_DU_JOUR              4m15s      4m12s      -3s  ✅  Actes
17:56:51 BLOC_A_SERIE_DU_JOUR              5m36s      5m34s      -2s  ✅  1 Chronicles
18:02:25 BLOC_A_SERIE_DU_JOUR              6m49s      6m48s      -1s  ✅  Nehemie
18:09:13 BLOC_A_SERIE_DU_JOUR              4m35s      4m31s      -4s  ✅  Colossiens
18:13:44 BLOC_A_SERIE_DU_JOUR              5m38s      5m39s      +1s  ✅  Jeremie
18:19:23 001_LA_MUSIQUE                    6m41s      0m58s    -343s  ❌ COUPÉ  6 minutes
18:20:21 BLOC_A_SERIE_DU_JOUR              2m20s      2m17s      -3s  ✅  cantique  heureux l homme qui ne marche pas selon
18:22:38 BLOC_A_SERIE_DU_JOUR              5m19s      5m17s      -2s  ✅  Gabrielle LIDJI - Mélodie Céleste  by LFXA(Light FX Animation)_2
18:27:55 BLOC_A_SERIE_DU_JOUR              3m22s      3m19s      -3s  ✅  Ses cheveux étaient blancs..
18:31:14 BLOC_A_SERIE_DU_JOUR              6m28s      6m26s      -2s  ✅  Le Bien-Etre Universel
18:37:40 BLOC_A_SERIE_DU_JOUR              5m13s      5m10s      -3s  ✅  Il s'appelait Emmanuel - Marcel Boungou + Paroles
18:42:50 BLOC_A_SERIE_DU_JOUR              4m52s      4m50s      -2s  ✅  cantique   prends tout le contrôle
18:47:40 BLOC_A_SERIE_DU_JOUR              4m13s      4m11s      -2s  ✅  4 minutes
18:51:51 001_LA_MUSIQUE                    5m28s      5m25s      -3s  ✅  même humilié
18:57:16 BLOC_A_SERIE_DU_JOUR              9m23s      9m21s      -2s  ✅  10 minutes
19:06:37 BLOC_A_SERIE_DU_JOUR              3m12s      3m10s      -2s  ✅  esprit de dieu
19:09:47 BLOC_A_SERIE_DU_JOUR              6m34s      6m31s      -3s  ✅  cantique  béni soit le dieu d israël
19:16:18 BLOC_A_SERIE_DU_JOUR              5m10s      5m11s      +1s  ✅  Igwe
19:21:29 001_LA_MUSIQUE                    6m41s      0m41s    -360s  ❌ COUPÉ  6 minutes
19:22:10 BLOC_A_SERIE_DU_JOUR              4m47s      4m45s      -2s  ✅  1 Roi
19:26:55 BLOC_A_SERIE_DU_JOUR              2m22s      2m19s      -3s  ✅  Zacharie
19:29:14 BLOC_A_SERIE_DU_JOUR              4m08s      4m05s      -3s  ✅  1 Samuel
19:33:19 BLOC_A_SERIE_DU_JOUR              0m59s      0m57s      -2s  ✅  La Bible
19:34:16 BLOC_A_SERIE_DU_JOUR              8m27s      8m25s      -2s  ✅  1 Roi
19:42:41 BLOC_A_SERIE_DU_JOUR              3m23s      3m21s      -2s  ✅  Nehemie
19:46:02 BLOC_A_SERIE_DU_JOUR              2m46s      2m43s      -3s  ✅  Sophonie
19:48:45 BLOC_A_SERIE_DU_JOUR              4m51s      4m52s      +1s  ✅  1 Samuel
19:53:37 001_LA_MUSIQUE                    6m41s      0m34s    -367s  ❌ COUPÉ  6 minutes
19:54:11 BLOC_A_SERIE_DU_JOUR              6m09s      6m08s      -1s  ✅  Hymne des vainqueurs
20:00:19 BLOC_A_SERIE_DU_JOUR              6m41s      6m37s      -4s  ✅  6 minutes
20:06:56 BLOC_A_SERIE_DU_JOUR              3m41s      3m40s      -1s  ✅  Adorons l'Éternel GAEL - JÉSUS EST SEIGNEUR -
20:10:36 BLOC_A_SERIE_DU_JOUR              0m07s      0m04s      -3s  ✅  Parole Prophétique FM
20:10:40 001_LA_MUSIQUE                    6m41s      0m31s    -370s  ❌ COUPÉ  6 minutes
20:11:11 BLOC_A_SERIE_DU_JOUR              2m16s      2m13s      -3s  ✅  cantique  nous sommes le sel de la terre
20:13:24 BLOC_A_SERIE_DU_JOUR              6m35s      6m33s      -2s  ✅  cantique   ta lumière
20:19:57 BLOC_A_SERIE_DU_JOUR              6m06s      6m04s      -2s  ✅  cantique  ta bonte
20:26:01 BLOC_A_SERIE_DU_JOUR              0m05s      0m09s      +4s  ✅  Parole Prophétique FM
20:26:10 BLOC_A_SERIE_DU_JOUR              4m11s      4m09s      -2s  ✅  jai donné ma vie à jésus (1)
20:30:19 BLOC_A_SERIE_DU_JOUR              6m57s      6m54s      -3s  ✅  qui est digne d ouvrir le livre
20:37:13 BLOC_A_SERIE_DU_JOUR              7m17s      7m15s      -2s  ✅  cantique  tes promesses  pub direct dec 2021 import (2)
20:44:28 BLOC_A_SERIE_DU_JOUR              5m10s      5m07s      -3s  ✅  Igwe
20:49:35 BLOC_A_SERIE_DU_JOUR              5m28s      5m33s      +5s  ✅  même humilié
20:55:08 001_LA_MUSIQUE                    6m41s      0m07s    -394s  ❌ COUPÉ  6 minutes
20:55:15 BLOC_A_SERIE_DU_JOUR              2m54s      2m52s      -2s  ✅  La Bible
20:58:07 BLOC_A_SERIE_DU_JOUR              3m28s      3m25s      -3s  ✅  Bible_fr_01_gen_008
21:01:32 BLOC_A_SERIE_DU_JOUR              5m46s      5m44s      -2s  ✅  La Bible
21:07:16 BLOC_A_SERIE_DU_JOUR              4m08s      4m05s      -3s  ✅  Galates
21:11:21 BLOC_A_SERIE_DU_JOUR              5m42s      5m40s      -2s  ✅  Esdras
21:17:01 BLOC_A_SERIE_DU_JOUR              1m45s      1m43s      -2s  ✅  La Bible
21:18:44 BLOC_A_SERIE_DU_JOUR              2m53s      2m51s      -2s  ✅  2 Corinthiens
21:21:35 BLOC_A_SERIE_DU_JOUR              2m46s      2m43s      -3s  ✅  Esther 5
21:24:18 BLOC_A_SERIE_DU_JOUR              3m26s      3m23s      -3s  ✅  1 Corinthiens
21:27:41 BLOC_A_SERIE_DU_JOUR              4m53s      4m50s      -3s  ✅  1 Chronicles
21:32:31 BLOC_A_SERIE_DU_JOUR              4m40s      4m38s      -2s  ✅  Romains
21:37:09 BLOC_A_SERIE_DU_JOUR              3m21s      3m22s      +1s  ✅  La Bible
21:40:31 001_LA_MUSIQUE                    6m41s      0m40s    -361s  ❌ COUPÉ  6 minutes
21:41:11 BLOC_A_SERIE_DU_JOUR              3m12s      3m10s      -2s  ✅  esprit de dieu
21:44:21 BLOC_A_SERIE_DU_JOUR              6m35s      6m33s      -2s  ✅  cantique   ta lumière
21:50:54 BLOC_A_SERIE_DU_JOUR              4m13s      4m10s      -3s  ✅  4 minutes
21:55:04 BLOC_A_SERIE_DU_JOUR              5m28s      5m27s      -1s  ✅  même humilié
22:00:31 BLOC_A_SERIE_DU_JOUR              5m13s      5m09s      -4s  ✅  Il s'appelait Emmanuel - Marcel Boungou + Paroles
22:05:40 BLOC_A_SERIE_DU_JOUR              6m09s      6m07s      -2s  ✅  Hymne des vainqueurs
22:11:47 BLOC_A_SERIE_DU_JOUR              2m20s      2m17s      -3s  ✅  cantique  heureux l homme qui ne marche pas selon
22:14:04 BLOC_A_SERIE_DU_JOUR              9m23s      9m21s      -2s  ✅  10 minutes
22:23:25 BLOC_A_SERIE_DU_JOUR              6m41s      6m38s      -3s  ✅  6 minutes
22:30:03 BLOC_A_SERIE_DU_JOUR              4m52s      4m53s      +1s  ✅  cantique   prends tout le contrôle
22:34:56 001_LA_MUSIQUE                    6m41s      0m08s    -393s  ❌ COUPÉ  6 minutes
22:35:04 001_LA_MUSIQUE                    5m28s      0m14s    -314s  ❌ COUPÉ  même humilié
22:35:18 BLOC_A_SERIE_DU_JOUR              6m28s      6m28s      +0s  ✅  Le Bien-Etre Universel
22:41:46 001_LA_MUSIQUE                    5m28s      0m24s    -304s  ❌ COUPÉ  même humilié
22:42:10 BLOC_A_SERIE_DU_JOUR              1m47s      1m45s      -2s  ✅  La Bible
22:43:55 BLOC_A_SERIE_DU_JOUR              7m36s      7m33s      -3s  ✅  Nombres 4
22:51:28 BLOC_A_SERIE_DU_JOUR              3m12s      3m09s      -3s  ✅  Esaie
22:54:37 BLOC_A_SERIE_DU_JOUR              5m42s      5m40s      -2s  ✅  Bible_fr_01_gen_018
23:00:17 BLOC_A_SERIE_DU_JOUR              1m06s      1m04s      -2s  ✅  La Bible
23:01:21 001_LA_MUSIQUE                    5m28s      2m53s    -155s  ❌ COUPÉ  même humilié
23:04:14 001_LA_MUSIQUE                    5m28s      1m01s    -267s  ❌ COUPÉ  même humilié
23:05:15 BLOC_D_SERIE_DU_JOUR           1h13m31s          ?           ⏳ dernier titre (durée réelle inconnue)  la résurrection des morts et la délivrance de lesclavage de la corruption part1
----------------------------------------------------------------------------------------------------
Bilan : 116 titres, 19 anomalie(s) (titre coupé de plus de 10s ou trou d'antenne).
