Rapport de diffusion — 2026-06-07 (heures UTC)
148 titres joués | tolérance ±10s
====================================================================================================
HEURE    PLAYLIST                     FICHIER          RÉEL    ÉCART  STATUT  TITRE
----------------------------------------------------------------------------------------------------
00:00:05 BLOC_A_SERIE_DU_JOUR           1h02m06s      0m48s   -3678s  ❌ COUPÉ  2
00:00:53 BLOC_A_SERIE_DU_JOUR              3m12s      3m09s      -3s  ✅  esprit de dieu
00:04:02 BLOC_A_SERIE_DU_JOUR              2m20s      2m17s      -3s  ✅  cantique  heureux l homme qui ne marche pas selon
00:06:19 BLOC_A_SERIE_DU_JOUR              4m11s      4m10s      -1s  ✅  jai donné ma vie à jésus (1)
00:10:29 BLOC_A_SERIE_DU_JOUR              2m16s      2m11s      -5s  ✅  cantique  nous sommes le sel de la terre
00:12:40 BLOC_A_SERIE_DU_JOUR             58m36s      0m17s   -3499s  ❌ COUPÉ  2
00:12:57 BLOC_A_SERIE_DU_JOUR             58m36s      0m20s   -3496s  ❌ COUPÉ  2
00:13:17 BLOC_A_SERIE_DU_JOUR              2m51s     27m07s   +1456s  ⚠️ TROU APRÈS  2 Chronicles
00:40:24 BLOC_A_SERIE_DU_JOUR              9m17s     33m56s   +1479s  ⚠️ TROU APRÈS  Luc
01:14:20 BLOC_A_SERIE_DU_JOUR              3m14s      3m11s      -3s  ✅  Jean 17
01:17:31 BLOC_A_SERIE_DU_JOUR              5m40s      5m38s      -2s  ✅  Jean 18
01:23:09 BLOC_A_SERIE_DU_JOUR              6m09s      6m06s      -3s  ✅  Jean 19
01:29:15 BLOC_A_SERIE_DU_JOUR              4m27s      4m25s      -2s  ✅  Jean 20
01:33:40 BLOC_A_SERIE_DU_JOUR              4m04s      4m01s      -3s  ✅  Jean 21
01:37:41 BLOC_A_SERIE_DU_JOUR              2m07s      2m05s      -2s  ✅  2 John
01:39:46 BLOC_A_SERIE_DU_JOUR              2m10s      4m48s    +158s  ⚠️ TROU APRÈS  Tite
01:44:34 BLOC_A_SERIE_DU_JOUR              3m05s     47m56s   +2691s  ⚠️ TROU APRÈS  Jeremie
02:32:30 BLOC_A_SERIE_DU_JOUR              2m05s      2m02s      -3s  ✅  3 John
02:34:32 BLOC_A_SERIE_DU_JOUR              2m59s      2m56s      -3s  ✅  Philemon
02:37:28 BLOC_A_SERIE_DU_JOUR              3m03s      6m03s    +180s  ⚠️ TROU APRÈS  1 Thessaloniciens
02:43:31 BLOC_A_SERIE_DU_JOUR              3m29s      3m26s      -3s  ✅  1 Thessaloniciens 2
02:46:57 BLOC_A_SERIE_DU_JOUR              2m30s      7m22s    +292s  ⚠️ TROU APRÈS  Amos
02:54:19 BLOC_A_SERIE_DU_JOUR              2m34s      2m36s      +2s  ✅  2 Chronicles
02:56:55 BLOC_A_SERIE_DU_JOUR             58m36s      0m16s   -3500s  ❌ COUPÉ  2
02:57:11 BLOC_A_SERIE_DU_JOUR              3m22s      3m20s      -2s  ✅  Ses cheveux étaient blancs..
03:00:31 BLOC_A_SERIE_DU_JOUR              5m19s     15m50s    +631s  ⚠️ TROU APRÈS  Gabrielle LIDJI - Mélodie Céleste  by LFXA(Light FX Animation)_2
03:16:21 BLOC_A_SERIE_DU_JOUR              5m13s     10m21s    +308s  ⚠️ TROU APRÈS  Il s'appelait Emmanuel - Marcel Boungou + Paroles
03:26:42 BLOC_A_SERIE_DU_JOUR              3m41s      7m18s    +217s  ⚠️ TROU APRÈS  Adorons l'Éternel GAEL - JÉSUS EST SEIGNEUR -
03:34:00 BLOC_A_SERIE_DU_JOUR              6m09s     12m14s    +365s  ⚠️ TROU APRÈS  Hymne des vainqueurs
03:46:14 BLOC_A_SERIE_DU_JOUR              5m10s      5m07s      -3s  ✅  Igwe
03:51:21 BLOC_A_SERIE_DU_JOUR              6m28s     12m51s    +383s  ⚠️ TROU APRÈS  Le Bien-Etre Universel
04:04:12 BLOC_A_SERIE_DU_JOUR              6m41s     13m16s    +395s  ⚠️ TROU APRÈS  6 minutes
04:17:28 BLOC_A_SERIE_DU_JOUR              4m13s      4m10s      -3s  ✅  4 minutes
04:21:38 BLOC_A_SERIE_DU_JOUR              9m23s     28m06s   +1123s  ⚠️ TROU APRÈS  10 minutes
04:49:44 BLOC_A_SERIE_DU_JOUR             58m36s      0m33s   -3483s  ❌ COUPÉ  2
04:50:17 BLOC_A_SERIE_DU_JOUR              0m05s      0m02s      -3s  ✅  Parole Prophétique FM
04:50:19 BLOC_A_SERIE_DU_JOUR             58m36s      0m51s   -3465s  ❌ COUPÉ  2
04:51:10 BLOC_A_SERIE_DU_JOUR              0m07s      0m05s      -2s  ✅  Parole Prophétique FM
04:51:15 BLOC_A_SERIE_DU_JOUR             58m36s      0m55s   -3461s  ❌ COUPÉ  2
04:52:10 BLOC_A_SERIE_DU_JOUR              6m57s      6m54s      -3s  ✅  qui est digne d ouvrir le livre
04:59:04 BLOC_A_SERIE_DU_JOUR              6m34s      6m31s      -3s  ✅  cantique  béni soit le dieu d israël
05:05:35 BLOC_A_SERIE_DU_JOUR              3m12s      3m10s      -2s  ✅  esprit de dieu
05:08:45 BLOC_A_SERIE_DU_JOUR              2m20s      4m34s    +134s  ⚠️ TROU APRÈS  cantique  heureux l homme qui ne marche pas selon
05:13:19 BLOC_A_SERIE_DU_JOUR              4m11s     12m25s    +494s  ⚠️ TROU APRÈS  jai donné ma vie à jésus (1)
05:25:44 BLOC_A_SERIE_DU_JOUR              2m16s      4m27s    +131s  ⚠️ TROU APRÈS  cantique  nous sommes le sel de la terre
05:30:11 BLOC_A_SERIE_DU_JOUR              6m06s      6m03s      -3s  ✅  cantique  ta bonte
05:36:14 BLOC_A_SERIE_DU_JOUR              7m17s     14m30s    +433s  ⚠️ TROU APRÈS  cantique  tes promesses  pub direct dec 2021 import (2)
05:50:44 BLOC_A_SERIE_DU_JOUR              5m28s     10m51s    +323s  ⚠️ TROU APRÈS  même humilié
06:01:35 BLOC_A_SERIE_DU_JOUR              4m52s      4m50s      -2s  ✅  cantique   prends tout le contrôle
06:06:25 BLOC_B_SERIE_DU_JOUR              0m10s      0m07s      -3s  ✅  jingle avant message 01 voici le message du jour
06:06:32 BLOC_B_SERIE_DU_JOUR              0m10s      0m08s      -2s  ✅  jingle avant message 01 voici le message du jour
06:06:40 BLOC_B_SERIE_DU_JOUR             58m36s     59m03s     +27s  ⚠️ TROU APRÈS  2
07:05:43 BLOC_B_SERIE_DU_JOUR              2m43s     54m21s   +3098s  ⚠️ TROU APRÈS  1 Corinthiens
08:00:04 BLOC_B_SERIE_DU_JOUR              4m41s      4m39s      -2s  ✅  1 Corinthiens 12
08:04:43 BLOC_B_SERIE_DU_JOUR              8m34s      8m31s      -3s  ✅  1 Corinthiens 15
08:13:14 BLOC_B_SERIE_DU_JOUR              2m27s     29m55s   +1648s  ⚠️ TROU APRÈS  Job
08:43:09 BLOC_B_SERIE_DU_JOUR              5m40s     50m03s   +2663s  ⚠️ TROU APRÈS  Marc
09:33:12 BLOC_B_SERIE_DU_JOUR              5m04s     15m20s    +616s  ⚠️ TROU APRÈS  Hebreux
09:48:32 BLOC_B_SERIE_DU_JOUR              3m20s      3m17s      -3s  ✅  Bible_fr_06_joshua_001
09:51:49 BLOC_B_SERIE_DU_JOUR              4m14s      4m12s      -2s  ✅  Bible_fr_06_joshua_002
09:56:01 BLOC_B_SERIE_DU_JOUR              3m22s     13m19s    +597s  ⚠️ TROU APRÈS  Ses cheveux étaient blancs..
10:09:20 BLOC_B_SERIE_DU_JOUR              5m19s      5m16s      -3s  ✅  Gabrielle LIDJI - Mélodie Céleste  by LFXA(Light FX Animation)_2
10:14:36 BLOC_B_SERIE_DU_JOUR              5m13s     10m22s    +309s  ⚠️ TROU APRÈS  Il s'appelait Emmanuel - Marcel Boungou + Paroles
10:24:58 BLOC_B_SERIE_DU_JOUR              3m41s     10m56s    +435s  ⚠️ TROU APRÈS  Adorons l'Éternel GAEL - JÉSUS EST SEIGNEUR -
10:35:54 BLOC_B_SERIE_DU_JOUR              6m09s      6m07s      -2s  ✅  Hymne des vainqueurs
10:42:01 BLOC_B_SERIE_DU_JOUR              5m10s      5m08s      -2s  ✅  Igwe
10:47:09 BLOC_B_SERIE_DU_JOUR              6m41s     19m54s    +793s  ⚠️ TROU APRÈS  6 minutes
11:07:03 BLOC_B_SERIE_DU_JOUR              4m13s      8m24s    +251s  ⚠️ TROU APRÈS  4 minutes
11:15:27 BLOC_B_SERIE_DU_JOUR             58m36s      0m43s   -3473s  ❌ COUPÉ  2
11:16:10 BLOC_B_SERIE_DU_JOUR              0m07s      0m05s      -2s  ✅  Parole Prophétique FM
11:16:15 BLOC_B_SERIE_DU_JOUR             58m36s      0m59s   -3457s  ❌ COUPÉ  2
11:17:14 BLOC_B_SERIE_DU_JOUR             58m36s      0m56s   -3460s  ❌ COUPÉ  2
11:18:10 BLOC_B_SERIE_DU_JOUR              6m57s     20m44s    +827s  ⚠️ TROU APRÈS  qui est digne d ouvrir le livre
11:38:54 BLOC_B_SERIE_DU_JOUR              6m34s     13m03s    +389s  ⚠️ TROU APRÈS  cantique  béni soit le dieu d israël
11:51:57 BLOC_B_SERIE_DU_JOUR              3m12s      9m37s    +385s  ⚠️ TROU APRÈS  esprit de dieu
12:01:34 BLOC_C_SERIE_DU_JOUR              0m10s      0m07s      -3s  ✅  jingle avant message 01 voici le message du jour
12:01:41 BLOC_C_SERIE_DU_JOUR             58m36s     59m02s     +26s  ⚠️ TROU APRÈS  2
13:00:43 BLOC_C_SERIE_DU_JOUR              4m11s   1h01m57s   +3466s  ⚠️ TROU APRÈS  Jeremie
14:02:40 BLOC_C_SERIE_DU_JOUR              3m22s      3m20s      -2s  ✅  Ses cheveux étaient blancs..
14:06:00 BLOC_C_SERIE_DU_JOUR              7m07s     32m06s   +1499s  ⚠️ TROU APRÈS  Luc
14:38:06 BLOC_C_SERIE_DU_JOUR              2m43s      6m36s    +233s  ⚠️ TROU APRÈS  Aggee
14:44:42 BLOC_C_SERIE_DU_JOUR              1m51s     35m26s   +2015s  ⚠️ TROU APRÈS  Zacharie
15:20:08 BLOC_C_SERIE_DU_JOUR              2m43s      2m40s      -3s  ✅  1 Corinthiens
15:22:48 BLOC_C_SERIE_DU_JOUR              0m07s      0m05s      -2s  ✅  jingle avant bible 02 voici la lecture de la bible
15:22:53 BLOC_C_SERIE_DU_JOUR             58m36s      0m17s   -3499s  ❌ COUPÉ  2
15:23:10 BLOC_C_SERIE_DU_JOUR              2m21s     20m50s   +1109s  ⚠️ TROU APRÈS  Ecclesiaste
15:44:00 BLOC_C_SERIE_DU_JOUR              5m19s      5m17s      -2s  ✅  Gabrielle LIDJI - Mélodie Céleste  by LFXA(Light FX Animation)_2
15:49:17 BLOC_C_SERIE_DU_JOUR              5m13s     15m32s    +619s  ⚠️ TROU APRÈS  Il s'appelait Emmanuel - Marcel Boungou + Paroles
16:04:49 BLOC_C_SERIE_DU_JOUR              3m41s      3m39s      -2s  ✅  Adorons l'Éternel GAEL - JÉSUS EST SEIGNEUR -
16:08:28 BLOC_C_SERIE_DU_JOUR              6m09s     12m14s    +365s  ⚠️ TROU APRÈS  Hymne des vainqueurs
16:20:42 BLOC_C_SERIE_DU_JOUR              6m28s     25m40s   +1152s  ⚠️ TROU APRÈS  Le Bien-Etre Universel
16:46:22 BLOC_C_SERIE_DU_JOUR              6m41s     19m55s    +794s  ⚠️ TROU APRÈS  6 minutes
17:06:17 BLOC_C_SERIE_DU_JOUR              4m13s      8m21s    +248s  ⚠️ TROU APRÈS  4 minutes
17:14:38 BLOC_C_SERIE_DU_JOUR              9m23s     18m44s    +561s  ⚠️ TROU APRÈS  10 minutes
17:33:22 BLOC_C_SERIE_DU_JOUR             58m36s      0m47s   -3469s  ❌ COUPÉ  2
17:34:09 BLOC_C_SERIE_DU_JOUR              6m57s      6m55s      -2s  ✅  qui est digne d ouvrir le livre
17:41:04 BLOC_C_SERIE_DU_JOUR              6m34s     13m03s    +389s  ⚠️ TROU APRÈS  cantique  béni soit le dieu d israël
17:54:07 BLOC_C_SERIE_DU_JOUR              3m12s      3m09s      -3s  ✅  esprit de dieu
17:57:16 BLOC_C_SERIE_DU_JOUR              2m20s      4m40s    +140s  ⚠️ TROU APRÈS  cantique  heureux l homme qui ne marche pas selon
18:01:56 BLOC_D_SERIE_DU_JOUR              0m08s      0m06s      -2s  ✅  jingle avant message 02 enseignement parole de dieu
18:02:02 BLOC_D_SERIE_DU_JOUR             58m36s     58m43s      +7s  ✅  2
19:00:45 BLOC_D_SERIE_DU_JOUR             58m36s      0m27s   -3489s  ❌ COUPÉ  2
19:01:12 BLOC_D_SERIE_DU_JOUR              7m47s     28m55s   +1268s  ⚠️ TROU APRÈS  Nehemie
19:30:07 BLOC_D_SERIE_DU_JOUR              2m15s     30m54s   +1719s  ⚠️ TROU APRÈS  Job
20:01:01 BLOC_D_SERIE_DU_JOUR              0m06s      0m03s      -3s  ✅  jingle avant louange 01 place a la louange et adoration
20:01:04 BLOC_D_SERIE_DU_JOUR             58m36s      0m08s   -3508s  ❌ COUPÉ  2
20:01:12 BLOC_D_SERIE_DU_JOUR              6m34s      6m31s      -3s  ✅  cantique  béni soit le dieu d israël
20:07:43 BLOC_D_SERIE_DU_JOUR              6m41s      6m38s      -3s  ✅  6 minutes
20:14:21 BLOC_D_SERIE_DU_JOUR              2m16s      2m13s      -3s  ✅  cantique  nous sommes le sel de la terre
20:16:34 BLOC_D_SERIE_DU_JOUR              6m28s      6m26s      -2s  ✅  Le Bien-Etre Universel
20:23:00 BLOC_D_SERIE_DU_JOUR              9m23s      9m21s      -2s  ✅  10 minutes
20:32:21 BLOC_D_SERIE_DU_JOUR              0m07s      0m05s      -2s  ✅  Parole Prophétique FM
20:32:26 BLOC_D_SERIE_DU_JOUR             58m36s      0m49s   -3467s  ❌ COUPÉ  2
20:33:15 BLOC_D_SERIE_DU_JOUR              4m13s      4m10s      -3s  ✅  4 minutes
20:37:25 BLOC_D_SERIE_DU_JOUR              5m28s      5m26s      -2s  ✅  même humilié
20:42:51 BLOC_D_SERIE_DU_JOUR              5m19s      5m17s      -2s  ✅  Gabrielle LIDJI - Mélodie Céleste  by LFXA(Light FX Animation)_2
20:48:08 BLOC_D_SERIE_DU_JOUR              6m09s      6m06s      -3s  ✅  Hymne des vainqueurs
20:54:14 BLOC_D_SERIE_DU_JOUR              2m20s      2m17s      -3s  ✅  cantique  heureux l homme qui ne marche pas selon
20:56:31 BLOC_D_SERIE_DU_JOUR              4m52s      4m50s      -2s  ✅  cantique   prends tout le contrôle
21:01:21 BLOC_D_SERIE_DU_JOUR              4m11s      4m11s      +0s  ✅  jai donné ma vie à jésus (1)
21:05:32 BLOC_D_SERIE_DU_JOUR             58m36s      0m39s   -3477s  ❌ COUPÉ  2
21:06:11 BLOC_D_SERIE_DU_JOUR              4m26s     30m23s   +1557s  ⚠️ TROU APRÈS  Apocalypse
21:36:34 BLOC_D_SERIE_DU_JOUR             58m36s      0m35s   -3481s  ❌ COUPÉ  2
21:37:09 BLOC_D_SERIE_DU_JOUR              6m34s      6m32s      -2s  ✅  cantique  béni soit le dieu d israël
21:43:41 BLOC_D_SERIE_DU_JOUR              4m52s      4m50s      -2s  ✅  cantique   prends tout le contrôle
21:48:31 BLOC_D_SERIE_DU_JOUR              4m13s      4m10s      -3s  ✅  4 minutes
21:52:41 BLOC_D_SERIE_DU_JOUR              7m17s      7m15s      -2s  ✅  cantique  tes promesses  pub direct dec 2021 import (2)
21:59:56 BLOC_D_SERIE_DU_JOUR              2m16s      2m13s      -3s  ✅  cantique  nous sommes le sel de la terre
22:02:09 BLOC_D_SERIE_DU_JOUR              6m28s      6m25s      -3s  ✅  Le Bien-Etre Universel
22:08:34 BLOC_D_SERIE_DU_JOUR              6m57s      6m55s      -2s  ✅  qui est digne d ouvrir le livre
22:15:29 BLOC_D_SERIE_DU_JOUR              6m35s      6m32s      -3s  ✅  cantique   ta lumière
22:22:01 BLOC_D_SERIE_DU_JOUR              5m28s      5m26s      -2s  ✅  même humilié
22:27:27 BLOC_D_SERIE_DU_JOUR              6m09s      6m07s      -2s  ✅  Hymne des vainqueurs
22:33:34 BLOC_D_SERIE_DU_JOUR              4m11s      4m11s      +0s  ✅  jai donné ma vie à jésus (1)
22:37:45 BLOC_D_SERIE_DU_JOUR             58m36s      0m24s   -3492s  ❌ COUPÉ  2
22:38:09 BLOC_D_SERIE_DU_JOUR              1m55s     42m32s   +2437s  ⚠️ TROU APRÈS  Esdras
23:20:41 BLOC_D_SERIE_DU_JOUR              2m06s      2m03s      -3s  ✅  Cantique des Cantiques 6
23:22:44 BLOC_D_SERIE_DU_JOUR              0m04s      0m03s      -1s  ✅  jingle avant louange 03 continuons dans la louange
23:22:47 BLOC_D_SERIE_DU_JOUR             58m36s      0m22s   -3494s  ❌ COUPÉ  2
23:23:09 BLOC_D_SERIE_DU_JOUR              6m41s      6m38s      -3s  ✅  6 minutes
23:29:47 BLOC_D_SERIE_DU_JOUR              2m20s      2m17s      -3s  ✅  cantique  heureux l homme qui ne marche pas selon
23:32:04 BLOC_D_SERIE_DU_JOUR              9m23s      9m21s      -2s  ✅  10 minutes
23:41:25 BLOC_D_SERIE_DU_JOUR              6m34s      6m31s      -3s  ✅  cantique  béni soit le dieu d israël
23:47:56 BLOC_D_SERIE_DU_JOUR              0m07s      0m05s      -2s  ✅  Parole Prophétique FM
23:48:01 BLOC_D_SERIE_DU_JOUR             58m36s      0m11s   -3505s  ❌ COUPÉ  2
23:48:12 BLOC_D_SERIE_DU_JOUR              5m28s      5m26s      -2s  ✅  même humilié
23:53:38 BLOC_D_SERIE_DU_JOUR              6m28s      6m25s      -3s  ✅  Le Bien-Etre Universel
00:00:03 BLOC_D_SERIE_DU_JOUR              4m11s          ?           ⏳ dernier titre (durée réelle inconnue)  jai donné ma vie à jésus (1)
----------------------------------------------------------------------------------------------------
Bilan : 148 titres, 69 anomalie(s) (titre coupé de plus de 10s ou trou d'antenne).
