====================================================================================================
MONITEUR RADIO — 2026-09-21 (synthèse des 3 rapports + plan, heures UTC)
====================================================================================================
État : ⚠️ RAS — seules les suites connues du reset/rotation  ·  diffusion : 0 coupure(s)/trou(s), 0 double(s) message  ·  serveur : 0 incident(s)
ATTENDU (sans effet à l'antenne, hors verdict) : 307 événement(s) serveur pendant la rotation (23h30-23h40) et le reset de minuit (00h00-00h03) · 1 titre(s) tronqué(s) par le redémarrage de minuit
SERVEUR : aucun incident hors fenêtres planifiées (ni crash, ni échec réseau, ni silence) ✅
   ↳ attendu, hors verdict : 00:01 🌐 échec réseau AzuraCast/Liquidsoap (×2) · 00:01 🔇 bascule sur jingle d'erreur (silence potentiel) (×3) · 23:32 🌐 échec réseau AzuraCast/Liquidsoap (×302)
RESET MINUIT : restart confirmé vers 00:02:14 · 3 contrôle(s) · file saine ✅
INCIDENTS CORRÉLÉS : aucune anomalie de diffusion à corréler ✅
(Détail titre par titre, contrôles approfondis et RÉEL vs PRÉVU ci-dessous.)
Rapport de diffusion — 2026-09-21 (heures UTC)
318 titres joués | tolérance ±10s
====================================================================================================
HEURE    PLAYLIST                     FICHIER          RÉEL    ÉCART  STATUT  TITRE
----------------------------------------------------------------------------------------------------
00:01:43 ?                                 1m28s      1m28s      +0s  ✅  ?
00:03:11 BLOC_A_SERIE_DU_JOUR              0m11s      0m12s      +1s  ✅  jingle avant message 05 vous etes a lecoute de levangile du royaume
00:03:23 BLOC_A_SERIE_DU_JOUR             11m47s     11m46s      -1s  ✅  amc tian combat spirituel 6
00:15:09 BLOC_A_SERIE_DU_JOUR              0m10s      0m10s      +0s  ✅  jingle avant bible 06 ouvrons les saintes ecritures
00:15:19 BLOC_A_SERIE_DU_JOUR              8m21s      8m18s      -3s  ✅  1 Rois 20
00:23:37 BLOC_A_SERIE_DU_JOUR              5m25s      5m23s      -2s  ✅  1 Rois 21
00:29:00 BLOC_A_SERIE_DU_JOUR              8m58s      8m55s      -3s  ✅  1 Rois 22
00:37:55 BLOC_A_SERIE_DU_JOUR              1m49s      1m47s      -2s  ✅  1 Thessaloniciens 1
00:39:42 BLOC_A_SERIE_DU_JOUR              3m29s      3m26s      -3s  ✅  1 Thessaloniciens 2
00:43:08 BLOC_A_SERIE_DU_JOUR              2m13s      2m10s      -3s  ✅  1 Thessaloniciens 3
00:45:18 BLOC_A_SERIE_DU_JOUR              3m03s      3m01s      -2s  ✅  1 Thessaloniciens 4
00:48:19 BLOC_A_SERIE_DU_JOUR              3m04s      3m01s      -3s  ✅  1 Thessaloniciens 5
00:51:20 BLOC_A_SERIE_DU_JOUR              2m25s      2m23s      -2s  ✅  Cantique des Cantiques 1
00:53:43 BLOC_A_SERIE_DU_JOUR              2m32s      2m30s      -2s  ✅  Cantique des Cantiques 2
00:56:13 BLOC_A_SERIE_DU_JOUR              1m53s      1m50s      -3s  ✅  Cantique des Cantiques 3
00:58:03 BLOC_A_SERIE_DU_JOUR              2m50s      2m48s      -2s  ✅  Cantique des Cantiques 4
01:00:51 BLOC_A_SERIE_DU_JOUR              2m54s      2m51s      -3s  ✅  Cantique des Cantiques 5
01:03:42 BLOC_A_SERIE_DU_JOUR              2m06s      2m03s      -3s  ✅  Cantique des Cantiques 6
01:05:45 BLOC_A_SERIE_DU_JOUR              1m57s      1m55s      -2s  ✅  Cantique des Cantiques 7
01:07:40 BLOC_A_SERIE_DU_JOUR              2m29s      2m27s      -2s  ✅  Cantique des Cantiques 8
01:10:07 BLOC_A_SERIE_DU_JOUR              3m13s      3m10s      -3s  ✅  Proverbes 24
01:13:17 BLOC_A_SERIE_DU_JOUR              0m10s      0m11s      +1s  ✅  jingle avant louange 06 que la louange seleve
01:13:28 BLOC_A_SERIE_DU_JOUR              6m02s      6m00s      -2s  ✅  Rejoice - PHF
01:19:28 BLOC_A_SERIE_DU_JOUR              8m18s      8m15s      -3s  ✅  Yahweh Is Mighty - SWBN TV
01:27:43 BLOC_A_SERIE_DU_JOUR              8m41s      8m38s      -3s  ✅  Unto Him (Vincent Opara)
01:36:21 BLOC_A_SERIE_DU_JOUR              6m15s      6m13s      -2s  ✅  Oh Lord I Want to Know Your Glory - Port Harcourt HF
01:42:34 BLOC_A_SERIE_DU_JOUR              6m02s      6m00s      -2s  ✅  Crown Him Lord of Lords - Nonso Njoku
01:48:34 BLOC_A_SERIE_DU_JOUR              8m31s      8m28s      -3s  ✅  Holy Holy - Abuja HF
01:57:02 BLOC_A_SERIE_DU_JOUR              7m20s      7m18s      -2s  ✅  The Glory -  PHF
02:04:20 BLOC_A_SERIE_DU_JOUR              8m37s      8m35s      -2s  ✅  He Has Given Me & Emmanuel You Joy Over Us (Medley) (Abasiama Timothy & Imah Adegoke)
02:12:55 BLOC_A_SERIE_DU_JOUR              0m09s      0m09s      +0s  ✅  jingle avant bible 08 prenons un moment pour ecouter la parole
02:13:04 BLOC_A_SERIE_DU_JOUR              2m54s      2m51s      -3s  ✅  Malachie 1
02:15:55 BLOC_A_SERIE_DU_JOUR              3m17s      3m15s      -2s  ✅  Malachie 2
02:19:10 BLOC_A_SERIE_DU_JOUR              3m22s      3m19s      -3s  ✅  Malachie 3
02:22:29 BLOC_A_SERIE_DU_JOUR              1m05s      1m02s      -3s  ✅  Malachie 4
02:23:31 BLOC_A_SERIE_DU_JOUR              3m57s      3m54s      -3s  ✅  Jacques 1
02:27:25 BLOC_A_SERIE_DU_JOUR              3m51s      3m49s      -2s  ✅  Jacques 2
02:31:14 BLOC_A_SERIE_DU_JOUR              2m56s      2m53s      -3s  ✅  Jacques 3
02:34:07 BLOC_A_SERIE_DU_JOUR              2m47s      2m44s      -3s  ✅  Jacques 4
02:36:51 BLOC_A_SERIE_DU_JOUR              3m28s      3m26s      -2s  ✅  Jacques 5
02:40:17 BLOC_A_SERIE_DU_JOUR              3m07s      3m04s      -3s  ✅  Joël 1
02:43:21 BLOC_A_SERIE_DU_JOUR              0m11s      0m11s      +0s  ✅  jingle avant louange 05 elevons nos coeurs vers dieu
02:43:32 BLOC_A_SERIE_DU_JOUR              4m33s      4m31s      -2s  ✅  God is Building - Will You Be - Ketu HF
02:48:03 BLOC_A_SERIE_DU_JOUR              3m19s      3m16s      -3s  ✅  Awaken My Heart
02:51:19 BLOC_A_SERIE_DU_JOUR              7m57s      7m55s      -2s  ✅  Yahweh is Mighty (Imah Adegoke)
02:59:14 BLOC_A_SERIE_DU_JOUR              6m28s      6m26s      -2s  ✅  Le Bien-Etre Universel
03:05:40 BLOC_A_SERIE_DU_JOUR              4m13s      4m10s      -3s  ✅  4 minutes
03:09:50 BLOC_A_SERIE_DU_JOUR              6m54s      6m51s      -3s  ✅  There is no Lie (Imah Adegoke & Mary Umoh)
03:16:41 BLOC_A_SERIE_DU_JOUR              7m29s      7m27s      -2s  ✅  Hallelujah - PHF
03:24:08 BLOC_A_SERIE_DU_JOUR              6m57s      6m54s      -3s  ✅  The Lord on High is Mightier - Toronto HF
03:31:02 BLOC_A_SERIE_DU_JOUR              8m21s      8m19s      -2s  ✅  In the Day of Your Power  - Winnipeg Fellowship
03:39:21 BLOC_A_SERIE_DU_JOUR              5m43s      5m40s      -3s  ✅  Cantique l Éternel est mon Berger (1)
03:45:01 BLOC_A_SERIE_DU_JOUR              0m13s      0m14s      +1s  ✅  jingle avant bible 07 place a la lecture de la bible
03:45:15 BLOC_A_SERIE_DU_JOUR              2m59s      2m56s      -3s  ✅  2 Timothée 1
03:48:11 BLOC_A_SERIE_DU_JOUR              3m52s      3m50s      -2s  ✅  2 Timothée 2
03:52:01 BLOC_A_SERIE_DU_JOUR              2m37s      2m34s      -3s  ✅  2 Timothée 3
03:54:35 BLOC_A_SERIE_DU_JOUR              3m09s      3m07s      -2s  ✅  2 Timothée 4
03:57:42 BLOC_A_SERIE_DU_JOUR              3m26s      3m23s      -3s  ✅  Éphésiens 1
04:01:05 BLOC_A_SERIE_DU_JOUR              3m16s      3m14s      -2s  ✅  Éphésiens 2
04:04:19 BLOC_A_SERIE_DU_JOUR              2m56s      2m54s      -2s  ✅  Éphésiens 3
04:07:13 BLOC_A_SERIE_DU_JOUR              4m53s      4m50s      -3s  ✅  Éphésiens 4
04:12:03 BLOC_A_SERIE_DU_JOUR              4m12s      4m10s      -2s  ✅  Éphésiens 5
04:16:13 BLOC_A_SERIE_DU_JOUR              3m21s      3m18s      -3s  ✅  Éphésiens 6
04:19:31 BLOC_A_SERIE_DU_JOUR              4m37s      4m35s      -2s  ✅  1 Corinthiens 1
04:24:06 BLOC_A_SERIE_DU_JOUR              2m43s      2m40s      -3s  ✅  1 Corinthiens 2
04:26:46 BLOC_A_SERIE_DU_JOUR              3m26s      3m24s      -2s  ✅  1 Corinthiens 3
04:30:10 BLOC_A_SERIE_DU_JOUR              0m13s      0m13s      +0s  ✅  jingle avant louange 07 voici un temps de louange
04:30:23 BLOC_A_SERIE_DU_JOUR              4m40s      4m37s      -3s  ✅  All in All - CHF
04:35:00 BLOC_A_SERIE_DU_JOUR              4m52s      4m50s      -2s  ✅  cantique   prends tout le contrôle
04:39:50 BLOC_A_SERIE_DU_JOUR             10m47s     10m44s      -3s  ✅  Abba, Singing a, I Will Sing - Ketu HF
04:50:34 BLOC_A_SERIE_DU_JOUR             10m38s     10m36s      -2s  ✅  Be Exalted - PHF
05:01:10 BLOC_A_SERIE_DU_JOUR              4m05s      4m04s      -1s  ✅  Song Of Victory - Emmanuel Igunbor
05:05:14 BLOC_A_SERIE_DU_JOUR              6m06s      6m02s      -4s  ✅  Good God - Asaba Fellowship
05:11:16 BLOC_A_SERIE_DU_JOUR              5m47s      5m45s      -2s  ✅  We Ascribe Greatness - Abuja HF
05:17:01 BLOC_A_SERIE_DU_JOUR              6m30s      6m27s      -3s  ✅  Praise the Lord of Host - Toronto HF
05:23:28 BLOC_A_SERIE_DU_JOUR              6m06s      6m04s      -2s  ✅  cantique  ta bonte
05:29:32 BLOC_A_SERIE_DU_JOUR              0m09s      0m10s      +1s  ✅  JINGLE
05:29:42 BLOC_A_SERIE_DU_JOUR              3m45s      3m43s      -2s  ✅  Daniel 10
05:33:25 BLOC_A_SERIE_DU_JOUR              8m26s      8m24s      -2s  ✅  Daniel 11
05:41:49 BLOC_A_SERIE_DU_JOUR              2m26s      2m23s      -3s  ✅  Daniel 12
05:44:12 BLOC_A_SERIE_DU_JOUR              5m02s      5m00s      -2s  ✅  Luc 21
05:49:12 BLOC_A_SERIE_DU_JOUR              0m12s      0m12s      +0s  ✅  jingle id station 03 notre mission annonce levangile
05:49:24 BLOC_A_SERIE_DU_JOUR              8m10s      8m08s      -2s  ✅  Agunechemba - SWBN TV
05:57:32 BLOC_A_SERIE_DU_JOUR              5m08s      5m06s      -2s  ✅  He Has Given Me - PHF
06:02:38 BLOC_B_SERIE_DU_JOUR              0m11s      0m11s      +0s  ✅  jingle avant message 05 vous etes a lecoute de levangile du royaume
06:02:49 BLOC_B_SERIE_DU_JOUR             11m47s     11m45s      -2s  ✅  amc tian combat spirituel 6
06:14:34 BLOC_B_SERIE_DU_JOUR              0m09s      0m09s      +0s  ✅  jingle avant bible 08 prenons un moment pour ecouter la parole
06:14:43 BLOC_B_SERIE_DU_JOUR              4m07s      4m05s      -2s  ✅  Jérémie 26
06:18:48 BLOC_B_SERIE_DU_JOUR              3m55s      3m53s      -2s  ✅  Jérémie 27
06:22:41 BLOC_B_SERIE_DU_JOUR              3m03s      3m00s      -3s  ✅  Jérémie 28
06:25:41 BLOC_B_SERIE_DU_JOUR              5m38s      5m36s      -2s  ✅  Jérémie 29
06:31:17 BLOC_B_SERIE_DU_JOUR              4m01s      3m59s      -2s  ✅  Jérémie 30
06:35:16 BLOC_B_SERIE_DU_JOUR              7m15s      7m12s      -3s  ✅  Jérémie 31
06:42:28 BLOC_B_SERIE_DU_JOUR              7m42s      7m40s      -2s  ✅  Jérémie 32
06:50:08 BLOC_B_SERIE_DU_JOUR              4m46s      4m42s      -4s  ✅  Jérémie 33
06:54:50 BLOC_B_SERIE_DU_JOUR              4m35s      4m32s      -3s  ✅  Jérémie 34
06:59:22 BLOC_B_SERIE_DU_JOUR              3m51s      3m49s      -2s  ✅  Jérémie 35
07:03:11 BLOC_B_SERIE_DU_JOUR              5m57s      5m54s      -3s  ✅  Jérémie 36
07:09:05 BLOC_B_SERIE_DU_JOUR              3m31s      3m29s      -2s  ✅  Jérémie 37
07:12:34 BLOC_B_SERIE_DU_JOUR              0m10s      0m10s      +0s  ✅  jingle avant louange 06 que la louange seleve
07:12:44 BLOC_B_SERIE_DU_JOUR              2m20s      2m18s      -2s  ✅  cantique  heureux l homme qui ne marche pas selon
07:15:02 BLOC_B_SERIE_DU_JOUR              4m52s      4m50s      -2s  ✅  God is Moving Us On - Ketu HF
07:19:52 BLOC_B_SERIE_DU_JOUR              2m57s      2m54s      -3s  ✅  You Are the Captain of the Host - Toronto HF
07:22:46 BLOC_B_SERIE_DU_JOUR              7m46s      7m44s      -2s  ✅  Arise Out of Zion  - Winnipeg Fellowship
07:30:30 BLOC_B_SERIE_DU_JOUR              3m12s      3m10s      -2s  ✅  esprit de dieu
07:33:40 BLOC_B_SERIE_DU_JOUR              6m12s      6m09s      -3s  ✅  Praise the Lord All Ye Nations - Toronto HF
07:39:49 BLOC_B_SERIE_DU_JOUR              8m10s      8m08s      -2s  ✅  Great and Marvellous - Ketu HF
07:47:57 BLOC_B_SERIE_DU_JOUR              5m48s      5m45s      -3s  ✅  Forever You Reign - Abuja HF
07:53:42 BLOC_B_SERIE_DU_JOUR              5m07s      5m04s      -3s  ✅  We Shall Come - Asaba Fellowship
07:58:46 BLOC_B_SERIE_DU_JOUR              7m09s      7m07s      -2s  ✅  There is A Mighty River Flowing - Ketu HF
08:05:53 BLOC_B_SERIE_DU_JOUR              9m39s      9m36s      -3s  ✅  Psalm 93 - Port Harcourt HF
08:15:29 BLOC_B_SERIE_DU_JOUR              0m13s      0m13s      +0s  ✅  jingle avant bible 07 place a la lecture de la bible
08:15:42 BLOC_B_SERIE_DU_JOUR              3m26s      3m24s      -2s  ✅  Abdias 1
08:19:06 BLOC_B_SERIE_DU_JOUR              2m25s      2m22s      -3s  ✅  Ésaïe 46
08:21:28 BLOC_B_SERIE_DU_JOUR              3m04s      3m02s      -2s  ✅  Ésaïe 47
08:24:30 BLOC_B_SERIE_DU_JOUR              4m00s      3m57s      -3s  ✅  Ésaïe 48
08:28:27 BLOC_B_SERIE_DU_JOUR              5m13s      5m11s      -2s  ✅  Ésaïe 49
08:33:38 BLOC_B_SERIE_DU_JOUR              2m34s      2m32s      -2s  ✅  Ésaïe 50
08:36:10 BLOC_B_SERIE_DU_JOUR              4m41s      4m38s      -3s  ✅  Ésaïe 51
08:40:48 BLOC_B_SERIE_DU_JOUR              2m44s      2m42s      -2s  ✅  Ésaïe 52
08:43:30 BLOC_B_SERIE_DU_JOUR              2m31s      2m29s      -2s  ✅  Ésaïe 53
08:45:59 BLOC_B_SERIE_DU_JOUR              0m13s      0m13s      +0s  ✅  jingle avant louange 07 voici un temps de louange
08:46:12 BLOC_B_SERIE_DU_JOUR              2m16s      2m13s      -3s  ✅  cantique  nous sommes le sel de la terre
08:48:25 BLOC_B_SERIE_DU_JOUR              4m53s      4m50s      -3s  ✅  Cantique Jahweh, Tu es élevé au dessus de tout (1)
08:53:15 BLOC_B_SERIE_DU_JOUR              5m10s      5m08s      -2s  ✅  Igwe
08:58:23 BLOC_B_SERIE_DU_JOUR              5m22s      5m19s      -3s  ✅  God's Got An Army - PHF
09:03:42 BLOC_B_SERIE_DU_JOUR              7m19s      7m17s      -2s  ✅  You Have sworn By Your Holiness - Chidera Bisong
09:10:59 BLOC_B_SERIE_DU_JOUR              9m31s      9m28s      -3s  ✅  15 at 01.33.50 (1)(1)
09:20:27 BLOC_B_SERIE_DU_JOUR              8m22s      8m19s      -3s  ✅  Yeshua Hamashiach - Calabar HF
09:28:46 BLOC_B_SERIE_DU_JOUR             11m54s     11m52s      -2s  ✅  Great & Marvelluos - Toronto HF
09:40:38 BLOC_B_SERIE_DU_JOUR              5m45s      5m42s      -3s  ✅  How Precious Oh Lord
09:46:20 BLOC_B_SERIE_DU_JOUR              0m10s      0m11s      +1s  ✅  jingle avant bible 06 ouvrons les saintes ecritures
09:46:31 BLOC_B_SERIE_DU_JOUR              4m37s      4m35s      -2s  ✅  2 Rois 13
09:51:06 BLOC_B_SERIE_DU_JOUR              5m07s      5m05s      -2s  ✅  2 Rois 14
09:56:11 BLOC_B_SERIE_DU_JOUR              6m21s      6m18s      -3s  ✅  2 Rois 15
10:02:29 BLOC_B_SERIE_DU_JOUR              3m41s      3m39s      -2s  ✅  2 Rois 16
10:06:08 BLOC_B_SERIE_DU_JOUR              7m17s      7m14s      -3s  ✅  2 Rois 17
10:13:22 BLOC_B_SERIE_DU_JOUR              7m15s      7m13s      -2s  ✅  2 Rois 18
10:20:35 BLOC_B_SERIE_DU_JOUR              7m03s      7m01s      -2s  ✅  2 Rois 19
10:27:36 BLOC_B_SERIE_DU_JOUR              4m05s      4m02s      -3s  ✅  2 Rois 20
10:31:38 BLOC_B_SERIE_DU_JOUR              0m11s      0m12s      +1s  ✅  jingle avant louange 05 elevons nos coeurs vers dieu
10:31:50 BLOC_B_SERIE_DU_JOUR              5m33s      5m30s      -3s  ✅  He Shall Feed His Flock - I Want to walk  - Ketu HF
10:37:20 BLOC_B_SERIE_DU_JOUR             11m01s     10m58s      -3s  ✅  Great is, Ascribe - Ketu HF
10:48:18 BLOC_B_SERIE_DU_JOUR              7m09s      7m07s      -2s  ✅  My God Is Good - Winnipeg Fellowship
10:55:25 BLOC_B_SERIE_DU_JOUR              5m57s      5m54s      -3s  ✅  You are God - Winnipeg Fellowship
11:01:19 BLOC_B_SERIE_DU_JOUR              5m28s      5m25s      -3s  ✅  même humilié
11:06:44 BLOC_B_SERIE_DU_JOUR              3m41s      3m40s      -1s  ✅  Adorons l'Éternel GAEL - JÉSUS EST SEIGNEUR -
11:10:24 BLOC_B_SERIE_DU_JOUR              5m52s      5m49s      -3s  ✅  Where Two or Three are Gathered - Calabar HF
11:16:13 BLOC_B_SERIE_DU_JOUR              7m18s      7m15s      -3s  ✅  Holy is the Lord (Emmanuel Umoh)
11:23:28 BLOC_B_SERIE_DU_JOUR              6m35s      6m32s      -3s  ✅  cantique   ta lumière
11:30:00 BLOC_B_SERIE_DU_JOUR              0m09s      0m10s      +1s  ✅  JINGLE
11:30:10 BLOC_B_SERIE_DU_JOUR              4m20s      4m17s      -3s  ✅  2 Corinthiens 1
11:34:27 BLOC_B_SERIE_DU_JOUR              2m49s      2m47s      -2s  ✅  2 Corinthiens 2
11:37:14 BLOC_B_SERIE_DU_JOUR              3m02s      3m00s      -2s  ✅  2 Corinthiens 3
11:40:14 BLOC_B_SERIE_DU_JOUR              3m24s      3m21s      -3s  ✅  2 Corinthiens 4
11:43:35 BLOC_B_SERIE_DU_JOUR              3m29s      3m27s      -2s  ✅  2 Corinthiens 5
11:47:02 BLOC_B_SERIE_DU_JOUR              3m03s      3m01s      -2s  ✅  2 Corinthiens 6
11:50:03 BLOC_B_SERIE_DU_JOUR              0m09s      0m10s      +1s  ✅  jingle id station 01 la bonne nouvelle partout
11:50:13 BLOC_B_SERIE_DU_JOUR              5m02s      5m00s      -2s  ✅  A Song Of Love
11:55:13 BLOC_B_SERIE_DU_JOUR             10m25s     10m22s      -3s  ✅  Holy Are You - PHF
12:05:35 BLOC_C_SERIE_DU_JOUR              0m09s      0m09s      +0s  ✅  jingle avant message 03 vous ecoutez parole prophetique fm
12:05:44 BLOC_C_SERIE_DU_JOUR             11m47s     11m45s      -2s  ✅  amc tian combat spirituel 6
12:17:29 BLOC_C_SERIE_DU_JOUR              0m10s      0m11s      +1s  ✅  jingle avant bible 06 ouvrons les saintes ecritures
12:17:40 BLOC_C_SERIE_DU_JOUR              3m34s      3m32s      -2s  ✅  Zacharie 1
12:21:12 BLOC_C_SERIE_DU_JOUR              1m51s      1m48s      -3s  ✅  Zacharie 2
12:23:00 BLOC_C_SERIE_DU_JOUR              1m46s      1m44s      -2s  ✅  Zacharie 3
12:24:44 BLOC_C_SERIE_DU_JOUR              2m06s      2m03s      -3s  ✅  Zacharie 4
12:26:47 BLOC_C_SERIE_DU_JOUR              1m38s      1m36s      -2s  ✅  Zacharie 5
12:28:23 BLOC_C_SERIE_DU_JOUR              2m22s      2m19s      -3s  ✅  Zacharie 6
12:30:42 BLOC_C_SERIE_DU_JOUR              2m07s      2m05s      -2s  ✅  Zacharie 7
12:32:47 BLOC_C_SERIE_DU_JOUR              3m51s      3m49s      -2s  ✅  Zacharie 8
12:36:36 BLOC_C_SERIE_DU_JOUR              3m12s      3m09s      -3s  ✅  Zacharie 9
12:39:45 BLOC_C_SERIE_DU_JOUR              2m13s      2m10s      -3s  ✅  Zacharie 10
12:41:55 BLOC_C_SERIE_DU_JOUR              2m53s      2m51s      -2s  ✅  Zacharie 11
12:44:46 BLOC_C_SERIE_DU_JOUR              2m38s      2m36s      -2s  ✅  Zacharie 12
12:47:22 BLOC_C_SERIE_DU_JOUR              1m43s      1m40s      -3s  ✅  Zacharie 13
12:49:02 BLOC_C_SERIE_DU_JOUR              4m06s      4m03s      -3s  ✅  Zacharie 14
12:53:05 BLOC_C_SERIE_DU_JOUR              2m59s      2m57s      -2s  ✅  Philémon 1
12:56:02 BLOC_C_SERIE_DU_JOUR              2m56s      2m54s      -2s  ✅  Sophonie 1
12:58:56 BLOC_C_SERIE_DU_JOUR              2m46s      2m43s      -3s  ✅  Sophonie 2
13:01:39 BLOC_C_SERIE_DU_JOUR              3m46s      3m44s      -2s  ✅  Sophonie 3
13:05:23 BLOC_C_SERIE_DU_JOUR              2m37s      2m34s      -3s  ✅  Michée 1
13:07:57 BLOC_C_SERIE_DU_JOUR              2m20s      2m19s      -1s  ✅  Michée 2
13:10:16 BLOC_C_SERIE_DU_JOUR              2m05s      2m01s      -4s  ✅  Michée 3
13:12:17 BLOC_C_SERIE_DU_JOUR              2m34s      2m32s      -2s  ✅  Michée 4
13:14:49 BLOC_C_SERIE_DU_JOUR              0m10s      0m11s      +1s  ✅  jingle avant louange 06 que la louange seleve
13:15:00 BLOC_C_SERIE_DU_JOUR              7m09s      7m07s      -2s  ✅  You're the Lamb (Abasiama Timothy)
13:22:07 BLOC_C_SERIE_DU_JOUR              7m04s      7m01s      -3s  ✅  We Bless You Wonderful God  - Winnipeg Fellowship
13:29:08 BLOC_C_SERIE_DU_JOUR              7m37s      7m34s      -3s  ✅  Cantiques  Il a pris mes iniquités
13:36:42 BLOC_C_SERIE_DU_JOUR              9m23s      9m21s      -2s  ✅  Thou art Worthy Lord - PHF
13:46:03 BLOC_C_SERIE_DU_JOUR              5m04s      5m02s      -2s  ✅  Guide Me - El ELyon - Abuja HF
13:51:05 BLOC_C_SERIE_DU_JOUR              6m13s      6m10s      -3s  ✅  Immortal God - Elohim Adonai - Abuja HF
13:57:15 BLOC_C_SERIE_DU_JOUR              6m07s      6m05s      -2s  ✅  There Is Forgiveness In Thee - SWBN TV
14:03:20 BLOC_C_SERIE_DU_JOUR              6m56s      6m55s      -1s  ✅  As We Worship In Ypur Presence
14:10:15 BLOC_C_SERIE_DU_JOUR              5m04s      5m01s      -3s  ✅  I Enter The Holy of Holies - Port Harcourt HF
14:15:16 BLOC_C_SERIE_DU_JOUR              0m13s      0m13s      +0s  ✅  jingle avant bible 07 place a la lecture de la bible
14:15:29 BLOC_C_SERIE_DU_JOUR              1m52s      1m49s      -3s  ✅  Josué 20
14:17:18 BLOC_C_SERIE_DU_JOUR              5m34s      5m32s      -2s  ✅  Josué 21
14:22:50 BLOC_C_SERIE_DU_JOUR              7m12s      7m09s      -3s  ✅  Josué 22
14:29:59 BLOC_C_SERIE_DU_JOUR              3m09s      3m07s      -2s  ✅  Josué 23
14:33:06 BLOC_C_SERIE_DU_JOUR              5m50s      5m47s      -3s  ✅  Josué 24
14:38:53 BLOC_C_SERIE_DU_JOUR              3m00s      2m58s      -2s  ✅  Jonas 1
14:41:51 BLOC_C_SERIE_DU_JOUR              1m22s      1m19s      -3s  ✅  Jonas 2
14:43:10 BLOC_C_SERIE_DU_JOUR              1m36s      1m34s      -2s  ✅  Jonas 3
14:44:44 BLOC_C_SERIE_DU_JOUR              0m13s      0m13s      +0s  ✅  jingle avant louange 07 voici un temps de louange
14:44:57 BLOC_C_SERIE_DU_JOUR              4m44s      4m42s      -2s  ✅  Je veux vivre ton royaume
14:49:39 BLOC_C_SERIE_DU_JOUR              4m19s      4m16s      -3s  ✅  I Know The Blood - PHF
14:53:55 BLOC_C_SERIE_DU_JOUR              7m21s      7m18s      -3s  ✅  For By My God - Toronto & Winnipeg HF
15:01:13 BLOC_C_SERIE_DU_JOUR              7m36s      7m34s      -2s  ✅  There Is No Lie - SWBN TV
15:08:47 BLOC_C_SERIE_DU_JOUR              9m04s      9m01s      -3s  ✅  You're the Lamb - Calabar HF
15:17:48 BLOC_C_SERIE_DU_JOUR              8m30s      8m28s      -2s  ✅  We Worship Adonai - PHF
15:26:16 BLOC_C_SERIE_DU_JOUR              5m13s      5m10s      -3s  ✅  Il s'appelait Emmanuel - Marcel Boungou + Paroles
15:31:26 BLOC_C_SERIE_DU_JOUR              9m23s      9m21s      -2s  ✅  10 minutes
15:40:47 BLOC_C_SERIE_DU_JOUR              3m24s      3m31s      +7s  ✅  Cantique sa miséricorde
15:44:18 BLOC_C_SERIE_DU_JOUR              4m27s      4m24s      -3s  ✅  Jude 1
15:48:42 BLOC_C_SERIE_DU_JOUR              2m18s      2m16s      -2s  ✅  Néhémie 1
15:50:58 BLOC_C_SERIE_DU_JOUR              4m01s      3m59s      -2s  ✅  Néhémie 2
15:54:57 BLOC_C_SERIE_DU_JOUR              5m28s      5m25s      -3s  ✅  Néhémie 3
16:00:22 BLOC_C_SERIE_DU_JOUR              3m46s      3m43s      -3s  ✅  Néhémie 4
16:04:05 BLOC_C_SERIE_DU_JOUR              3m29s      3m26s      -3s  ✅  Néhémie 5
16:07:31 BLOC_C_SERIE_DU_JOUR              3m23s      3m21s      -2s  ✅  Néhémie 6
16:10:52 BLOC_C_SERIE_DU_JOUR              6m49s      6m47s      -2s  ✅  Néhémie 7
16:17:39 BLOC_C_SERIE_DU_JOUR              3m59s      3m56s      -3s  ✅  Néhémie 8
16:21:35 BLOC_C_SERIE_DU_JOUR              7m47s      7m44s      -3s  ✅  Néhémie 9
16:29:19 BLOC_C_SERIE_DU_JOUR              0m11s      0m12s      +1s  ✅  jingle avant louange 05 elevons nos coeurs vers dieu
16:29:31 BLOC_C_SERIE_DU_JOUR              5m19s      5m16s      -3s  ✅  Gabrielle LIDJI - Mélodie Céleste  by LFXA(Light FX Animation)_2
16:34:47 BLOC_C_SERIE_DU_JOUR              7m25s      7m23s      -2s  ✅  Victorious Is the Lamb - Winnipeg Fellowship
16:42:10 BLOC_C_SERIE_DU_JOUR              5m58s      5m55s      -3s  ✅  In Jesus - PHF
16:48:05 BLOC_C_SERIE_DU_JOUR              9m24s      9m21s      -3s  ✅  I See Your Face - Toronto HF
16:57:26 BLOC_C_SERIE_DU_JOUR              6m04s      6m02s      -2s  ✅  Sing Unto the Lord a new Song  - Winnipeg Fellowship
17:03:28 BLOC_C_SERIE_DU_JOUR              4m21s      4m18s      -3s  ✅  Sing Hallelujah - Abuja HF
17:07:46 BLOC_C_SERIE_DU_JOUR              5m52s      5m50s      -2s  ✅  Not Naked (Abasiama Timothy)
17:13:36 BLOC_C_SERIE_DU_JOUR              3m04s      3m02s      -2s  ✅  The Lord is my Light and Salvation - Nonso Njoku
17:16:38 BLOC_C_SERIE_DU_JOUR              8m24s      8m20s      -4s  ✅  Bless Ye the Lord - PHF
17:24:58 BLOC_C_SERIE_DU_JOUR              6m59s      6m57s      -2s  ✅  Hosanna - Toronto HF
17:31:55 BLOC_C_SERIE_DU_JOUR              0m09s      0m10s      +1s  ✅  jingle id station 02 radio evangile du royaume
17:32:05 BLOC_C_SERIE_DU_JOUR              2m43s      2m40s      -3s  ✅  Aggée 1
17:34:45 BLOC_C_SERIE_DU_JOUR              3m58s      3m56s      -2s  ✅  Aggée 2
17:38:41 BLOC_C_SERIE_DU_JOUR              3m45s      3m42s      -3s  ✅  Apocalypse 17
17:42:23 BLOC_C_SERIE_DU_JOUR              5m15s      5m13s      -2s  ✅  Apocalypse 18
17:47:36 BLOC_C_SERIE_DU_JOUR              4m03s      4m00s      -3s  ✅  Apocalypse 19
17:51:36 BLOC_C_SERIE_DU_JOUR              0m09s      0m09s      +0s  ✅  JINGLE
17:51:45 BLOC_C_SERIE_DU_JOUR              4m03s      4m01s      -2s  ✅  I Will Not Be Silent - Calabar HF
17:55:46 BLOC_C_SERIE_DU_JOUR              4m08s      4m05s      -3s  ✅  I Choose the Way of the Lord - Abuja HF
17:59:51 015_REMPLISSAGE                   0m33s      0m31s      -2s  ✅  Esther 10
18:00:22 BLOC_D_SERIE_DU_JOUR              0m10s      0m10s      +0s  ✅  jingle avant message 04 bienvenue sur parole prophetique fm
18:00:32 BLOC_D_SERIE_DU_JOUR             11m47s     11m45s      -2s  ✅  amc tian combat spirituel 6
18:12:17 BLOC_D_SERIE_DU_JOUR              0m10s      0m11s      +1s  ✅  jingle avant bible 06 ouvrons les saintes ecritures
18:12:28 BLOC_D_SERIE_DU_JOUR              2m37s      2m34s      -3s  ✅  Osée 10
18:15:02 BLOC_D_SERIE_DU_JOUR              1m53s      1m51s      -2s  ✅  Osée 11
18:16:53 BLOC_D_SERIE_DU_JOUR              2m04s      2m01s      -3s  ✅  Osée 12
18:18:54 BLOC_D_SERIE_DU_JOUR              2m43s      2m41s      -2s  ✅  Osée 13
18:21:35 BLOC_D_SERIE_DU_JOUR              1m37s      1m35s      -2s  ✅  Osée 14
18:23:10 BLOC_D_SERIE_DU_JOUR              2m12s      2m09s      -3s  ✅  2 Thessaloniciens 1
18:25:19 BLOC_D_SERIE_DU_JOUR              2m47s      2m45s      -2s  ✅  2 Thessaloniciens 2
18:28:04 BLOC_D_SERIE_DU_JOUR              2m35s      2m32s      -3s  ✅  2 Thessaloniciens 3
18:30:36 BLOC_D_SERIE_DU_JOUR              5m40s      5m37s      -3s  ✅  Marc 1
18:36:13 BLOC_D_SERIE_DU_JOUR              4m21s      4m19s      -2s  ✅  Marc 2
18:40:32 BLOC_D_SERIE_DU_JOUR              4m15s      4m13s      -2s  ✅  Marc 3
18:44:45 BLOC_D_SERIE_DU_JOUR              5m27s      5m25s      -2s  ✅  Marc 4
18:50:10 BLOC_D_SERIE_DU_JOUR              5m38s      5m35s      -3s  ✅  Marc 5
18:55:45 BLOC_D_SERIE_DU_JOUR              7m58s      7m55s      -3s  ✅  Marc 6
19:03:40 BLOC_D_SERIE_DU_JOUR              4m56s      4m53s      -3s  ✅  Marc 7
19:08:33 BLOC_D_SERIE_DU_JOUR              0m13s      0m14s      +1s  ✅  jingle avant louange 07 voici un temps de louange
19:08:47 BLOC_D_SERIE_DU_JOUR             10m24s     10m22s      -2s  ✅  Shine in Darkness O Lord  - Winnipeg Fellowship
19:19:09 BLOC_D_SERIE_DU_JOUR              6m19s      6m16s      -3s  ✅  Unto Him - CHF
19:25:25 BLOC_D_SERIE_DU_JOUR              6m09s      6m07s      -2s  ✅  Hymne des vainqueurs
19:31:32 BLOC_D_SERIE_DU_JOUR              3m22s      3m19s      -3s  ✅  Ses cheveux étaient blancs..
19:34:51 BLOC_D_SERIE_DU_JOUR             11m53s     11m51s      -2s  ✅  Hashem - PHF
19:46:42 BLOC_D_SERIE_DU_JOUR              8m21s      8m18s      -3s  ✅  My Heart Rejoices - Toronto HF
19:55:00 BLOC_D_SERIE_DU_JOUR              8m25s      8m22s      -3s  ✅  The Mountains, Come and, Oh City - Ketu HF
20:03:22 BLOC_D_SERIE_DU_JOUR              0m09s      0m10s      +1s  ✅  jingle avant bible 08 prenons un moment pour ecouter la parole
20:03:32 BLOC_D_SERIE_DU_JOUR              3m36s      3m33s      -3s  ✅  Lévitique 9
20:07:05 BLOC_D_SERIE_DU_JOUR              4m02s      4m00s      -2s  ✅  Lévitique 10
20:11:05 BLOC_D_SERIE_DU_JOUR              6m31s      6m28s      -3s  ✅  Lévitique 11
20:17:33 BLOC_D_SERIE_DU_JOUR              1m30s      1m28s      -2s  ✅  Lévitique 12
20:19:01 BLOC_D_SERIE_DU_JOUR             10m24s     10m22s      -2s  ✅  Lévitique 13
20:29:23 BLOC_D_SERIE_DU_JOUR              8m31s      8m28s      -3s  ✅  Lévitique 14
20:37:51 BLOC_D_SERIE_DU_JOUR              0m10s      0m11s      +1s  ✅  jingle avant louange 06 que la louange seleve
20:38:02 BLOC_D_SERIE_DU_JOUR             10m35s     10m32s      -3s  ✅  Baruch Ha'ba B'Shem Adonai/Blessed Is He Who Comes in the Name of the Lord - Port Harcourt HF
20:48:34 BLOC_D_SERIE_DU_JOUR              5m50s      5m48s      -2s  ✅  Jesus I'm Waiting for You (Mary Umoh)
20:54:22 BLOC_D_SERIE_DU_JOUR              8m58s      8m55s      -3s  ✅  El Elyon - Toronto & Winnipeg HF
21:03:17 BLOC_D_SERIE_DU_JOUR              3m10s      3m07s      -3s  ✅  la Parole
21:06:24 BLOC_D_SERIE_DU_JOUR              6m34s      6m31s      -3s  ✅  cantique  béni soit le dieu d israël
21:12:55 BLOC_D_SERIE_DU_JOUR              4m11s      4m08s      -3s  ✅  Cantique   Oh Éternel Dieu, Tu es le Dieu Incomparable
21:17:03 BLOC_D_SERIE_DU_JOUR              6m41s      6m39s      -2s  ✅  6 minutes
21:23:42 BLOC_D_SERIE_DU_JOUR              7m51s      7m48s      -3s  ✅  There is no name  - Winnipeg Fellowship
21:31:30 BLOC_D_SERIE_DU_JOUR              0m13s      0m13s      +0s  ✅  jingle avant bible 07 place a la lecture de la bible
21:31:43 BLOC_D_SERIE_DU_JOUR              3m39s      3m37s      -2s  ✅  Ruth 1
21:35:20 BLOC_D_SERIE_DU_JOUR              4m14s      4m10s      -4s  ✅  Ruth 2
21:39:30 BLOC_D_SERIE_DU_JOUR              3m00s      2m58s      -2s  ✅  Ruth 3
21:42:28 BLOC_D_SERIE_DU_JOUR              3m43s      3m41s      -2s  ✅  Ruth 4
21:46:09 BLOC_D_SERIE_DU_JOUR              2m15s      2m12s      -3s  ✅  1 Pierre 5
21:48:21 BLOC_D_SERIE_DU_JOUR              5m21s      5m19s      -2s  ✅  Exode 7
21:53:40 BLOC_D_SERIE_DU_JOUR              6m57s      6m55s      -2s  ✅  Exode 8
22:00:35 BLOC_D_SERIE_DU_JOUR              7m21s      7m19s      -2s  ✅  Exode 9
22:07:54 BLOC_D_SERIE_DU_JOUR              6m39s      6m36s      -3s  ✅  Exode 10
22:14:30 BLOC_D_SERIE_DU_JOUR              0m11s      0m11s      +0s  ✅  jingle avant louange 05 elevons nos coeurs vers dieu
22:14:41 BLOC_D_SERIE_DU_JOUR              9m43s      9m40s      -3s  ✅  Thy Throne Oh Lord - Ketu HF
22:24:21 BLOC_D_SERIE_DU_JOUR              6m12s      6m10s      -2s  ✅  The King is Here (Abasiama Timothy)
22:30:31 BLOC_D_SERIE_DU_JOUR              5m45s      5m42s      -3s  ✅  Ella Samuels - Oh Lord Our Maker
22:36:13 BLOC_D_SERIE_DU_JOUR              5m21s      5m19s      -2s  ✅  By the word of the lord - Ketu HF
22:41:32 BLOC_D_SERIE_DU_JOUR              4m14s      4m11s      -3s  ✅  Mon modèle, c est Jésus
22:45:43 BLOC_D_SERIE_DU_JOUR              4m48s      4m47s      -1s  ✅  Yeshua I'm Waiting for You  - Ketu HF
22:50:30 BLOC_D_SERIE_DU_JOUR              8m12s      8m09s      -3s  ✅  Jesus is Alpha - PHF
22:58:39 BLOC_D_SERIE_DU_JOUR              6m10s      6m07s      -3s  ✅  That I May Know Him - Toronto HF
23:04:46 BLOC_D_SERIE_DU_JOUR              6m57s      6m54s      -3s  ✅  qui est digne d ouvrir le livre
23:11:40 BLOC_D_SERIE_DU_JOUR              0m09s      0m10s      +1s  ✅  JINGLE
23:11:50 BLOC_D_SERIE_DU_JOUR              1m34s      1m32s      -2s  ✅  Ecclésiaste 11
23:13:22 BLOC_D_SERIE_DU_JOUR              2m16s      2m13s      -3s  ✅  Ecclésiaste 12
23:15:35 BLOC_D_SERIE_DU_JOUR              4m15s      4m13s      -2s  ✅  Philippiens 1
23:19:48 BLOC_D_SERIE_DU_JOUR              4m28s      4m25s      -3s  ✅  Philippiens 2
23:24:13 BLOC_D_SERIE_DU_JOUR              3m26s      3m23s      -3s  ✅  Philippiens 3
23:27:36 BLOC_D_SERIE_DU_JOUR              3m39s      3m37s      -2s  ✅  Philippiens 4
23:31:13 BLOC_E_LOUANGE_NUIT               6m34s      6m31s      -3s  ✅  cantique  béni soit le dieu d israël
23:37:44 BLOC_E_LOUANGE_NUIT              11m54s     11m52s      -2s  ✅  Great & Marvelluos - Toronto HF
23:49:36 BLOC_E_LOUANGE_NUIT               4m13s      4m10s      -3s  ✅  4 minutes
23:53:46 BLOC_E_LOUANGE_NUIT               7m25s      8m04s     +39s  ⚠️ TROU APRÈS  Victorious Is the Lamb - Winnipeg Fellowship
----------------------------------------------------------------------------------------------------
Bilan : 318 titres, 1 anomalie(s) (titre coupé de plus de 10s ou trou d'antenne). Gravité : 1 mineure(s) <1min · 0 sérieuse(s) 1-10min · 0 critique(s) >10min.

====================================================================================================
CONTRÔLES APPROFONDIS
====================================================================================================
MESSAGE DU JOUR « Combat spirituel 6 » : 4 diffusion(s) pour 4 prévue(s) ✅
   00:03:23  (étiquette BLOC_A_SERIE_DU_JOUR)
   06:02:49  (étiquette BLOC_B_SERIE_DU_JOUR)
   12:05:44  (étiquette BLOC_C_SERIE_DU_JOUR)
   18:00:32  (étiquette BLOC_D_SERIE_DU_JOUR)
JINGLES : 34 joués / 36 prévus (94%) ⚠️   ·   BLOC_A 9/9 · BLOC_B 9/9 · BLOC_C 8/9 · BLOC_D 8/9
HORS FENÊTRE : aucun débordement de bloc détecté ✅
BOUCHE-TROUS : 1 titre(s) hors plan sans playlist ⚠️
   00:01:43  ?  (1m28s)
COUVERTURE : premier titre à 00:01:43 ✅ · dernier titre finit vers 00:01:11 (estimé) ✅

====================================================================================================
RÉEL vs PRÉVU — ce qui a joué vs ce que le plan prévoyait
====================================================================================================
----------------------------------------------------------------------------------------------------
BLOC_A  (00:00-06:00)  prévus  85 · atteignables  83 · joués  84 · conformité 100% · sautés  0 · en trop  1
   ➕  JOUÉ NON PRÉVU : ?
   ⏸️  FIN DE BLOC NON ATTEINTE (2 titres · ~18m52s) — marge anti-rebouclage au-delà de la fenêtre, normal : A jamais, tu seras l Agneau de Dieu · Holy are You oh Lord (Olaedo Uzoma & Vincent Opara)
----------------------------------------------------------------------------------------------------
BLOC_B  (06:00-12:00)  prévus  79 · atteignables  76 · joués  76 · conformité 100% · sautés  0 · en trop  0
   ⏸️  FIN DE BLOC NON ATTEINTE (3 titres · ~12m33s) — marge anti-rebouclage au-delà de la fenêtre, normal : You Are Worthy - Ketu HF · jai donné ma vie à jésus (1) · Ascribe Greatness - PHF
----------------------------------------------------------------------------------------------------
BLOC_C  (12:00-18:00)  prévus  89 · atteignables  85 · joués  85 · conformité  99% · sautés  1 · en trop  1
   ⏭️  PRÉVU NON JOUÉ : jingle avant bible 08 prenons un moment pour ecouter la parole
   ➕  JOUÉ NON PRÉVU : Esther 10
   ⏸️  FIN DE BLOC NON ATTEINTE (4 titres · ~25m56s) — marge anti-rebouclage au-delà de la fenêtre, normal : Satisfy My Soul - Calabar HF · There's A Mighty River Flowing - SWBN TV · We Shall Not Fear - Nonso Njoku · As We Worship - Toronto & Winnipeg HF
----------------------------------------------------------------------------------------------------
BLOC_D  (18:00-23:30)  prévus  74 · atteignables  69 · joués  69 · conformité 100% · sautés  0 · en trop  0
   ⏸️  FIN DE BLOC NON ATTEINTE (5 titres · ~23m09s) — marge anti-rebouclage au-delà de la fenêtre, normal : jingle id station 01 la bonne nouvelle partout · Yahweh Be Praised - Abuja HF · Now is Come Salvation - Toronto HF · cantique  tes promesses  pub direct dec 2021 import (2) · I Will Call Upon The Lord
----------------------------------------------------------------------------------------------------
CONFORMITÉ GLOBALE : 312/313 titres atteignables joués dans l'ordre = 100%  (2 titre(s) hors plan · 14 non atteint(s) en fin de bloc, marge normale)
