Rapport de diffusion — 2026-06-14 (heures UTC)
249 titres joués | tolérance ±10s
====================================================================================================
HEURE    PLAYLIST                     FICHIER          RÉEL    ÉCART  STATUT  TITRE
----------------------------------------------------------------------------------------------------
00:00:16 BLOC_D_SERIE_DU_JOUR              2m53s      2m49s      -4s  ✅  2 Corinthiens 9
00:03:05 BLOC_A_SERIE_DU_JOUR              6m32s      6m29s      -3s  ✅  Actes 10
00:09:34 BLOC_A_SERIE_DU_JOUR              4m06s      4m03s      -3s  ✅  Actes 11
00:13:37 BLOC_A_SERIE_DU_JOUR              3m53s      3m51s      -2s  ✅  Actes 12
00:17:28 BLOC_A_SERIE_DU_JOUR              7m40s      7m37s      -3s  ✅  Actes 13
00:25:05 BLOC_A_SERIE_DU_JOUR              4m04s      4m01s      -3s  ✅  Actes 14
00:29:06 BLOC_A_SERIE_DU_JOUR              5m37s      5m35s      -2s  ✅  Actes 15
00:34:41 BLOC_A_SERIE_DU_JOUR              5m42s      5m40s      -2s  ✅  Actes 16
00:40:21 BLOC_A_SERIE_DU_JOUR              5m23s      5m21s      -2s  ✅  Actes 17
00:45:42 BLOC_A_SERIE_DU_JOUR              4m15s      4m12s      -3s  ✅  Actes 18
00:49:54 BLOC_A_SERIE_DU_JOUR              6m09s      6m07s      -2s  ✅  Actes 19
00:56:01 BLOC_A_SERIE_DU_JOUR              5m22s      5m19s      -3s  ✅  Actes 20
01:01:20 BLOC_A_SERIE_DU_JOUR              2m16s      2m14s      -2s  ✅  Hébreux 1
01:03:34 BLOC_A_SERIE_DU_JOUR              3m13s      3m10s      -3s  ✅  Hébreux 2
01:06:44 BLOC_A_SERIE_DU_JOUR              2m48s      2m46s      -2s  ✅  Hébreux 3
01:09:30 BLOC_A_SERIE_DU_JOUR              2m45s      2m42s      -3s  ✅  Hébreux 4
01:12:12 BLOC_A_SERIE_DU_JOUR              2m17s      2m14s      -3s  ✅  Hébreux 5
01:14:26 BLOC_A_SERIE_DU_JOUR              3m05s      3m03s      -2s  ✅  Hébreux 6
01:17:29 BLOC_A_SERIE_DU_JOUR              4m52s      4m49s      -3s  ✅  Hébreux 7
01:22:18 BLOC_A_SERIE_DU_JOUR              2m45s      2m42s      -3s  ✅  Hébreux 8
01:25:00 BLOC_A_SERIE_DU_JOUR              5m14s      5m13s      -1s  ✅  Hébreux 9
01:30:13 BLOC_A_SERIE_DU_JOUR              3m20s      3m17s      -3s  ✅  Josué 1
01:33:30 BLOC_A_SERIE_DU_JOUR              4m14s      4m12s      -2s  ✅  Josué 2
01:37:42 BLOC_A_SERIE_DU_JOUR              3m11s      3m08s      -3s  ✅  Josué 3
01:40:50 BLOC_A_SERIE_DU_JOUR              3m45s      3m42s      -3s  ✅  Josué 4
01:44:32 BLOC_A_SERIE_DU_JOUR              2m57s      2m54s      -3s  ✅  Josué 5
01:47:26 BLOC_A_SERIE_DU_JOUR              5m15s      5m13s      -2s  ✅  Josué 6
01:52:39 BLOC_A_SERIE_DU_JOUR              5m22s      5m19s      -3s  ✅  Josué 7
01:57:58 BLOC_A_SERIE_DU_JOUR              6m27s      6m24s      -3s  ✅  Josué 8
02:04:22 BLOC_A_SERIE_DU_JOUR              4m38s      4m35s      -3s  ✅  Josué 9
02:08:57 BLOC_A_SERIE_DU_JOUR              8m04s      8m02s      -2s  ✅  Josué 10
02:16:59 BLOC_A_SERIE_DU_JOUR              3m07s      3m05s      -2s  ✅  Joël 1
02:20:04 BLOC_A_SERIE_DU_JOUR              5m41s      5m39s      -2s  ✅  Joël 2
02:25:43 BLOC_A_SERIE_DU_JOUR              3m36s      3m33s      -3s  ✅  Joël 3
02:29:16 BLOC_A_SERIE_DU_JOUR              5m48s      5m46s      -2s  ✅  Genèse 1
02:35:02 BLOC_A_SERIE_DU_JOUR              3m53s      3m50s      -3s  ✅  Genèse 2
02:38:52 BLOC_A_SERIE_DU_JOUR              2m16s      6m39s    +263s  ⚠️ TROU APRÈS  cantique  nous sommes le sel de la terre
02:45:31 BLOC_A_SERIE_DU_JOUR              7m17s     36m15s   +1738s  ⚠️ TROU APRÈS  cantique  tes promesses  pub direct dec 2021 import (2)
03:21:46 BLOC_A_SERIE_DU_JOUR              5m28s     27m08s   +1300s  ⚠️ TROU APRÈS  même humilié
03:48:54 BLOC_A_SERIE_DU_JOUR              0m06s      0m06s      +0s  ✅  jingle avant bible 01 la foi vient de ce quon entend
03:49:00 BLOC_A_SERIE_DU_JOUR              5m19s     26m24s   +1265s  ⚠️ TROU APRÈS  Gabrielle LIDJI - Mélodie Céleste  by LFXA(Light FX Animation)_2
04:15:24 BLOC_A_SERIE_DU_JOUR              3m22s      9m59s    +397s  ⚠️ TROU APRÈS  Ses cheveux étaient blancs..
04:25:23 BLOC_A_SERIE_DU_JOUR              5m13s     15m32s    +619s  ⚠️ TROU APRÈS  Il s'appelait Emmanuel - Marcel Boungou + Paroles
04:40:55 BLOC_A_SERIE_DU_JOUR              3m41s     10m56s    +435s  ⚠️ TROU APRÈS  Adorons l'Éternel GAEL - JÉSUS EST SEIGNEUR -
04:51:51 BLOC_A_SERIE_DU_JOUR              6m09s      6m07s      -2s  ✅  Hymne des vainqueurs
04:57:58 BLOC_A_SERIE_DU_JOUR              5m10s     10m16s    +306s  ⚠️ TROU APRÈS  Igwe
05:08:14 BLOC_A_SERIE_DU_JOUR              0m10s      0m10s      +0s  ✅  jingle avant message 01 voici le message du jour
05:08:24 BLOC_A_SERIE_DU_JOUR             26m00s     25m58s      -2s  ✅  la moisson 2 adé
05:34:22 BLOC_A_SERIE_DU_JOUR              3m25s      3m23s      -2s  ✅  1 Chroniques 22
05:37:45 BLOC_A_SERIE_DU_JOUR              4m05s      4m02s      -3s  ✅  1 Chroniques 23
05:41:47 BLOC_A_SERIE_DU_JOUR              3m54s      3m51s      -3s  ✅  1 Chroniques 24
05:45:38 BLOC_A_SERIE_DU_JOUR              3m39s      3m37s      -2s  ✅  1 Chroniques 25
05:49:15 BLOC_A_SERIE_DU_JOUR              4m53s      4m50s      -3s  ✅  1 Chroniques 26
05:54:05 BLOC_A_SERIE_DU_JOUR              5m21s      5m19s      -2s  ✅  1 Chroniques 27
05:59:24 BLOC_A_SERIE_DU_JOUR              6m32s      6m29s      -3s  ✅  Actes 10
06:05:53 BLOC_B_SERIE_DU_JOUR             26m00s     25m58s      -2s  ✅  la moisson 2 adé
06:31:51 BLOC_B_SERIE_DU_JOUR              6m19s      6m16s      -3s  ✅  2 Samuel 18
06:38:07 BLOC_B_SERIE_DU_JOUR              8m00s      7m57s      -3s  ✅  2 Samuel 19
06:46:04 BLOC_B_SERIE_DU_JOUR              4m59s      4m57s      -2s  ✅  2 Samuel 20
06:51:01 BLOC_B_SERIE_DU_JOUR              4m28s      4m26s      -2s  ✅  2 Samuel 21
06:55:27 BLOC_B_SERIE_DU_JOUR              5m50s      5m48s      -2s  ✅  2 Samuel 22
07:01:15 BLOC_B_SERIE_DU_JOUR              5m49s      5m46s      -3s  ✅  2 Samuel 23
07:07:01 BLOC_B_SERIE_DU_JOUR              4m58s      4m56s      -2s  ✅  2 Samuel 24
07:11:57 BLOC_B_SERIE_DU_JOUR              2m21s      2m19s      -2s  ✅  Nahum 1
07:14:16 BLOC_B_SERIE_DU_JOUR              2m04s      2m01s      -3s  ✅  Nahum 2
07:16:17 BLOC_B_SERIE_DU_JOUR              3m02s      3m00s      -2s  ✅  Nahum 3
07:19:17 BLOC_B_SERIE_DU_JOUR              3m05s      3m02s      -3s  ✅  Job 19
07:22:19 BLOC_B_SERIE_DU_JOUR              2m59s      2m57s      -2s  ✅  Job 20
07:25:16 BLOC_B_SERIE_DU_JOUR              3m12s      3m10s      -2s  ✅  Job 21
07:28:26 BLOC_B_SERIE_DU_JOUR              2m21s      2m18s      -3s  ✅  Nahum 1
07:30:44 BLOC_B_SERIE_DU_JOUR              2m04s      2m02s      -2s  ✅  Nahum 2
07:32:46 BLOC_B_SERIE_DU_JOUR              3m02s      2m59s      -3s  ✅  Nahum 3
07:35:45 BLOC_B_SERIE_DU_JOUR              3m00s      2m58s      -2s  ✅  Jonas 1
07:38:43 BLOC_B_SERIE_DU_JOUR              1m22s      1m19s      -3s  ✅  Jonas 2
07:40:02 BLOC_B_SERIE_DU_JOUR              1m36s      1m34s      -2s  ✅  Jonas 3
07:41:36 BLOC_B_SERIE_DU_JOUR              1m57s      1m55s      -2s  ✅  Jonas 4
07:43:31 BLOC_B_SERIE_DU_JOUR              2m37s      2m34s      -3s  ✅  Michée 1
07:46:05 BLOC_B_SERIE_DU_JOUR              2m20s      2m18s      -2s  ✅  Michée 2
07:48:23 BLOC_B_SERIE_DU_JOUR              2m05s      2m02s      -3s  ✅  Michée 3
07:50:25 BLOC_B_SERIE_DU_JOUR              2m34s      2m32s      -2s  ✅  Michée 4
07:52:57 BLOC_B_SERIE_DU_JOUR              2m20s      2m18s      -2s  ✅  Michée 5
07:55:15 BLOC_B_SERIE_DU_JOUR              1m49s      1m46s      -3s  ✅  1 Thessaloniciens 1
07:57:01 BLOC_B_SERIE_DU_JOUR              3m29s      3m27s      -2s  ✅  1 Thessaloniciens 2
08:00:28 BLOC_B_SERIE_DU_JOUR              2m13s      2m09s      -4s  ✅  1 Thessaloniciens 3
08:02:37 BLOC_B_SERIE_DU_JOUR              3m03s      3m01s      -2s  ✅  1 Thessaloniciens 4
08:05:38 BLOC_B_SERIE_DU_JOUR              3m04s      3m02s      -2s  ✅  1 Thessaloniciens 5
08:08:40 BLOC_B_SERIE_DU_JOUR              3m13s      3m10s      -3s  ✅  1 Pierre 4
08:11:50 BLOC_B_SERIE_DU_JOUR              2m15s      2m13s      -2s  ✅  1 Pierre 5
08:14:03 BLOC_B_SERIE_DU_JOUR              3m42s      3m39s      -3s  ✅  2 Pierre 1
08:17:42 BLOC_B_SERIE_DU_JOUR              4m04s      4m02s      -2s  ✅  2 Pierre 2
08:21:44 BLOC_B_SERIE_DU_JOUR              3m17s      3m14s      -3s  ✅  2 Pierre 3
08:24:58 BLOC_B_SERIE_DU_JOUR              2m57s      2m54s      -3s  ✅  Ézéchiel 4
08:27:52 BLOC_B_SERIE_DU_JOUR              5m09s      5m07s      -2s  ✅  Lamentations 1
08:32:59 BLOC_B_SERIE_DU_JOUR              5m15s      5m12s      -3s  ✅  Lamentations 2
08:38:11 BLOC_B_SERIE_DU_JOUR              6m02s      6m00s      -2s  ✅  Lamentations 3
08:44:11 BLOC_B_SERIE_DU_JOUR              3m56s      3m53s      -3s  ✅  Lamentations 4
08:48:04 BLOC_B_SERIE_DU_JOUR              6m28s     32m08s   +1540s  ⚠️ TROU APRÈS  Le Bien-Etre Universel
09:20:12 BLOC_B_SERIE_DU_JOUR              2m20s      2m15s      -5s  ✅  cantique  heureux l homme qui ne marche pas selon
09:22:27 BLOC_B_SERIE_DU_JOUR              6m35s      6m33s      -2s  ✅  cantique   ta lumière
09:29:00 BLOC_B_SERIE_DU_JOUR              2m05s      2m02s      -3s  ✅  3 Jean 1
09:31:02 BLOC_B_SERIE_DU_JOUR              5m19s      5m17s      -2s  ✅  Gabrielle LIDJI - Mélodie Céleste  by LFXA(Light FX Animation)_2
09:36:19 BLOC_B_SERIE_DU_JOUR              3m22s     16m38s    +796s  ⚠️ TROU APRÈS  Ses cheveux étaient blancs..
09:52:57 BLOC_B_SERIE_DU_JOUR              5m13s      5m11s      -2s  ✅  Il s'appelait Emmanuel - Marcel Boungou + Paroles
09:58:08 BLOC_B_SERIE_DU_JOUR              6m09s      6m07s      -2s  ✅  Hymne des vainqueurs
10:04:15 BLOC_B_SERIE_DU_JOUR              5m10s      5m07s      -3s  ✅  Igwe
10:09:22 BLOC_B_SERIE_DU_JOUR              6m41s     19m55s    +794s  ⚠️ TROU APRÈS  6 minutes
10:29:17 BLOC_B_SERIE_DU_JOUR              4m13s     20m52s    +999s  ⚠️ TROU APRÈS  4 minutes
10:50:09 BLOC_B_SERIE_DU_JOUR              9m23s     46m47s   +2244s  ⚠️ TROU APRÈS  10 minutes
11:36:56 BLOC_C_SERIE_DU_JOUR             26m00s     25m58s      -2s  ✅  la moisson 2 adé
12:02:54 BLOC_C_SERIE_DU_JOUR              5m51s      5m49s      -2s  ✅  Jean 1
12:08:43 BLOC_C_SERIE_DU_JOUR              2m52s      2m49s      -3s  ✅  Jean 2
12:11:32 BLOC_C_SERIE_DU_JOUR              4m30s      4m28s      -2s  ✅  Jean 3
12:16:00 BLOC_C_SERIE_DU_JOUR              6m42s      6m39s      -3s  ✅  Jean 4
12:22:39 BLOC_C_SERIE_DU_JOUR              5m23s      5m21s      -2s  ✅  Jean 5
12:28:00 BLOC_C_SERIE_DU_JOUR              8m24s      8m21s      -3s  ✅  Jean 6
12:36:21 BLOC_C_SERIE_DU_JOUR              6m07s      6m05s      -2s  ✅  Jean 7
12:42:26 BLOC_C_SERIE_DU_JOUR              7m26s      7m23s      -3s  ✅  Jean 8
12:49:49 BLOC_C_SERIE_DU_JOUR              4m54s      4m52s      -2s  ✅  Jean 9
12:54:41 BLOC_C_SERIE_DU_JOUR              4m36s      4m33s      -3s  ✅  Jean 10
12:59:14 BLOC_C_SERIE_DU_JOUR              2m20s      2m17s      -3s  ✅  cantique  heureux l homme qui ne marche pas selon
13:01:31 BLOC_C_SERIE_DU_JOUR              6m35s      6m33s      -2s  ✅  cantique   ta lumière
13:08:04 BLOC_C_SERIE_DU_JOUR              5m29s      5m26s      -3s  ✅  Hébreux 10
13:13:30 BLOC_C_SERIE_DU_JOUR              6m47s      6m46s      -1s  ✅  Hébreux 11
13:20:16 BLOC_C_SERIE_DU_JOUR              5m04s      5m00s      -4s  ✅  Hébreux 12
13:25:16 BLOC_C_SERIE_DU_JOUR              3m36s      3m33s      -3s  ✅  Hébreux 13
13:28:49 BLOC_C_SERIE_DU_JOUR              2m37s      2m35s      -2s  ✅  Michée 6
13:31:24 BLOC_C_SERIE_DU_JOUR              3m27s      3m24s      -3s  ✅  Michée 7
13:34:48 BLOC_C_SERIE_DU_JOUR              2m43s      2m40s      -3s  ✅  Aggée 1
13:37:28 BLOC_C_SERIE_DU_JOUR              2m20s      2m17s      -3s  ✅  cantique  heureux l homme qui ne marche pas selon
13:39:45 BLOC_C_SERIE_DU_JOUR              2m04s      2m02s      -2s  ✅  Osée 1
13:41:47 BLOC_C_SERIE_DU_JOUR              3m29s      3m27s      -2s  ✅  Osée 2
13:45:14 BLOC_C_SERIE_DU_JOUR              0m57s      0m54s      -3s  ✅  Osée 3
13:46:08 BLOC_C_SERIE_DU_JOUR              2m56s      2m54s      -2s  ✅  Osée 4
13:49:02 BLOC_C_SERIE_DU_JOUR              2m24s      2m21s      -3s  ✅  Osée 5
13:51:23 BLOC_C_SERIE_DU_JOUR              1m32s      1m29s      -3s  ✅  Osée 6
13:52:52 BLOC_C_SERIE_DU_JOUR              2m27s      2m24s      -3s  ✅  Osée 7
13:55:16 BLOC_C_SERIE_DU_JOUR              2m06s      2m03s      -3s  ✅  Osée 8
13:57:19 BLOC_C_SERIE_DU_JOUR              3m04s      3m04s      +0s  ✅  Osée 9
14:00:23 BLOC_C_SERIE_DU_JOUR              2m37s      2m32s      -5s  ✅  Osée 10
14:02:55 BLOC_C_SERIE_DU_JOUR              1m53s      1m51s      -2s  ✅  Osée 11
14:04:46 BLOC_C_SERIE_DU_JOUR              2m04s      2m02s      -2s  ✅  Osée 12
14:06:48 BLOC_C_SERIE_DU_JOUR              2m43s      2m40s      -3s  ✅  Osée 13
14:09:28 BLOC_C_SERIE_DU_JOUR              1m37s      1m35s      -2s  ✅  Osée 14
14:11:03 BLOC_C_SERIE_DU_JOUR              0m45s      0m42s      -3s  ✅  Psaumes 1
14:11:45 BLOC_C_SERIE_DU_JOUR              1m15s      1m13s      -2s  ✅  Psaumes 2
14:12:58 BLOC_C_SERIE_DU_JOUR              0m49s      0m46s      -3s  ✅  Psaumes 3
14:13:44 BLOC_C_SERIE_DU_JOUR              0m59s      0m56s      -3s  ✅  Psaumes 4
14:14:40 BLOC_C_SERIE_DU_JOUR              1m33s      1m31s      -2s  ✅  Psaumes 5
14:16:11 BLOC_C_SERIE_DU_JOUR              1m00s      0m58s      -2s  ✅  Psaumes 6
14:17:09 BLOC_C_SERIE_DU_JOUR              1m52s      1m49s      -3s  ✅  Psaumes 7
14:18:58 BLOC_C_SERIE_DU_JOUR              0m54s      0m52s      -2s  ✅  Psaumes 8
14:19:50 BLOC_C_SERIE_DU_JOUR              1m57s      1m54s      -3s  ✅  Psaumes 9
14:21:44 BLOC_C_SERIE_DU_JOUR              2m20s      2m17s      -3s  ✅  cantique  heureux l homme qui ne marche pas selon
14:24:01 BLOC_C_SERIE_DU_JOUR              6m35s      6m33s      -2s  ✅  cantique   ta lumière
14:30:34 BLOC_C_SERIE_DU_JOUR              6m28s      6m31s      +3s  ✅  Le Bien-Etre Universel
14:37:05 BLOC_C_SERIE_DU_JOUR              2m47s      2m45s      -2s  ✅  Genèse 16
14:39:50 BLOC_C_SERIE_DU_JOUR              4m16s      4m13s      -3s  ✅  Genèse 17
14:44:03 BLOC_C_SERIE_DU_JOUR              5m42s      5m40s      -2s  ✅  Genèse 18
14:49:43 BLOC_C_SERIE_DU_JOUR              6m33s      6m31s      -2s  ✅  Genèse 19
14:56:14 BLOC_C_SERIE_DU_JOUR              2m20s      2m17s      -3s  ✅  cantique  heureux l homme qui ne marche pas selon
14:58:31 BLOC_C_SERIE_DU_JOUR              3m41s      3m39s      -2s  ✅  Adorons l'Éternel GAEL - JÉSUS EST SEIGNEUR -
15:02:10 BLOC_C_SERIE_DU_JOUR              5m19s     15m50s    +631s  ⚠️ TROU APRÈS  Gabrielle LIDJI - Mélodie Céleste  by LFXA(Light FX Animation)_2
15:18:00 BLOC_C_SERIE_DU_JOUR              3m22s     16m38s    +796s  ⚠️ TROU APRÈS  Ses cheveux étaient blancs..
15:34:38 BLOC_C_SERIE_DU_JOUR              5m13s     15m34s    +621s  ⚠️ TROU APRÈS  Il s'appelait Emmanuel - Marcel Boungou + Paroles
15:50:12 BLOC_C_SERIE_DU_JOUR              6m09s      6m05s      -4s  ✅  Hymne des vainqueurs
15:56:17 BLOC_C_SERIE_DU_JOUR              5m10s     15m23s    +613s  ⚠️ TROU APRÈS  Igwe
16:11:40 BLOC_C_SERIE_DU_JOUR              6m41s      6m38s      -3s  ✅  6 minutes
16:18:18 BLOC_C_SERIE_DU_JOUR              4m13s      4m10s      -3s  ✅  4 minutes
16:22:28 BLOC_C_SERIE_DU_JOUR              9m23s     46m46s   +2243s  ⚠️ TROU APRÈS  10 minutes
17:09:14 BLOC_C_SERIE_DU_JOUR              0m05s      0m13s      +8s  ✅  Parole Prophétique FM
17:09:27 BLOC_B_SERIE_DU_JOUR             26m00s     25m57s      -3s  ✅  la moisson 2 adé
17:35:24 BLOC_C_SERIE_DU_JOUR              0m05s      0m10s      +5s  ✅  Parole Prophétique FM
17:35:34 BLOC_C_SERIE_DU_JOUR              6m57s     27m38s   +1241s  ⚠️ TROU APRÈS  qui est digne d ouvrir le livre
18:03:12 BLOC_D_SERIE_DU_JOUR              0m10s      0m11s      +1s  ✅  jingle avant message 01 voici le message du jour
18:03:23 BLOC_D_SERIE_DU_JOUR             26m00s     25m58s      -2s  ✅  la moisson 2 adé
18:29:21 BLOC_D_SERIE_DU_JOUR              0m06s      0m06s      +0s  ✅  jingle avant bible 01 la foi vient de ce quon entend
18:29:27 BLOC_D_SERIE_DU_JOUR              2m12s      2m10s      -2s  ✅  2 Thessaloniciens 1
18:31:37 BLOC_D_SERIE_DU_JOUR              2m47s      2m44s      -3s  ✅  2 Thessaloniciens 2
18:34:21 BLOC_D_SERIE_DU_JOUR              2m35s      2m32s      -3s  ✅  2 Thessaloniciens 3
18:36:53 BLOC_D_SERIE_DU_JOUR              3m27s      3m25s      -2s  ✅  Matthieu 1
18:40:18 BLOC_D_SERIE_DU_JOUR              3m40s      3m38s      -2s  ✅  Matthieu 2
18:43:56 BLOC_D_SERIE_DU_JOUR              2m25s      2m23s      -2s  ✅  Matthieu 3
18:46:19 BLOC_D_SERIE_DU_JOUR              3m18s      3m15s      -3s  ✅  Matthieu 4
18:49:34 BLOC_D_SERIE_DU_JOUR              6m28s      6m26s      -2s  ✅  Matthieu 5
18:56:00 BLOC_D_SERIE_DU_JOUR              4m57s      4m54s      -3s  ✅  Matthieu 6
19:00:54 BLOC_D_SERIE_DU_JOUR              3m45s      3m43s      -2s  ✅  Matthieu 7
19:04:37 BLOC_D_SERIE_DU_JOUR              4m36s      4m34s      -2s  ✅  Matthieu 8
19:09:11 BLOC_D_SERIE_DU_JOUR              5m20s      5m17s      -3s  ✅  Matthieu 9
19:14:28 BLOC_D_SERIE_DU_JOUR              5m45s      5m43s      -2s  ✅  Matthieu 10
19:20:11 BLOC_D_SERIE_DU_JOUR              4m15s      4m12s      -3s  ✅  Matthieu 11
19:24:23 BLOC_D_SERIE_DU_JOUR              6m55s      6m52s      -3s  ✅  Matthieu 12
19:31:15 BLOC_D_SERIE_DU_JOUR              0m06s      0m06s      +0s  ✅  jingle avant louange 01 place a la louange et adoration
19:31:21 BLOC_D_SERIE_DU_JOUR              4m13s      4m11s      -2s  ✅  4 minutes
19:35:32 BLOC_D_SERIE_DU_JOUR              4m52s      4m50s      -2s  ✅  cantique   prends tout le contrôle
19:40:22 BLOC_D_SERIE_DU_JOUR              9m23s      9m21s      -2s  ✅  10 minutes
19:49:43 BLOC_D_SERIE_DU_JOUR              3m12s      3m10s      -2s  ✅  esprit de dieu
19:52:53 BLOC_D_SERIE_DU_JOUR              6m41s      6m38s      -3s  ✅  6 minutes
19:59:31 BLOC_D_SERIE_DU_JOUR              7m17s      7m15s      -2s  ✅  cantique  tes promesses  pub direct dec 2021 import (2)
20:06:46 BLOC_D_SERIE_DU_JOUR              6m06s      6m04s      -2s  ✅  cantique  ta bonte
20:12:50 BLOC_D_SERIE_DU_JOUR              6m34s      6m31s      -3s  ✅  cantique  béni soit le dieu d israël
20:19:21 BLOC_D_SERIE_DU_JOUR              5m28s      5m25s      -3s  ✅  même humilié
20:24:46 BLOC_D_SERIE_DU_JOUR              6m09s      6m09s      +0s  ✅  Hymne des vainqueurs
20:30:55 BLOC_C_SERIE_DU_JOUR             26m00s     25m58s      -2s  ✅  la moisson 2 adé
20:56:53 BLOC_D_SERIE_DU_JOUR              3m00s      2m58s      -2s  ✅  Jonas 1
20:59:51 BLOC_D_SERIE_DU_JOUR              1m22s      1m19s      -3s  ✅  Jonas 2
21:01:10 BLOC_D_SERIE_DU_JOUR              1m36s      1m34s      -2s  ✅  Jonas 3
21:02:44 BLOC_D_SERIE_DU_JOUR              1m57s      1m55s      -2s  ✅  Jonas 4
21:04:39 BLOC_D_SERIE_DU_JOUR              2m21s      2m18s      -3s  ✅  Ecclésiaste 1
21:06:57 BLOC_D_SERIE_DU_JOUR              4m17s      4m15s      -2s  ✅  Ecclésiaste 2
21:11:12 BLOC_D_SERIE_DU_JOUR              2m50s      2m48s      -2s  ✅  Ecclésiaste 3
21:14:00 BLOC_D_SERIE_DU_JOUR              2m23s      2m20s      -3s  ✅  Ecclésiaste 4
21:16:20 BLOC_D_SERIE_DU_JOUR              3m17s      3m15s      -2s  ✅  Ecclésiaste 5
21:19:35 BLOC_D_SERIE_DU_JOUR              1m50s      1m47s      -3s  ✅  Ecclésiaste 6
21:21:22 BLOC_D_SERIE_DU_JOUR              3m44s      3m42s      -2s  ✅  Ecclésiaste 7
21:25:04 BLOC_D_SERIE_DU_JOUR              0m07s      0m08s      +1s  ✅  jingle avant louange 02 voici notre selection de cantiques
21:25:12 BLOC_D_SERIE_DU_JOUR              6m34s      6m31s      -3s  ✅  cantique  béni soit le dieu d israël
21:31:43 BLOC_D_SERIE_DU_JOUR              3m12s      3m10s      -2s  ✅  esprit de dieu
21:34:53 BLOC_D_SERIE_DU_JOUR              5m10s      5m07s      -3s  ✅  Igwe
21:40:00 BLOC_D_SERIE_DU_JOUR              4m11s      4m08s      -3s  ✅  jai donné ma vie à jésus (1)
21:44:08 BLOC_D_SERIE_DU_JOUR              3m41s      3m39s      -2s  ✅  Adorons l'Éternel GAEL - JÉSUS EST SEIGNEUR -
21:47:47 BLOC_D_SERIE_DU_JOUR              5m13s      5m11s      -2s  ✅  Il s'appelait Emmanuel - Marcel Boungou + Paroles
21:52:58 BLOC_D_SERIE_DU_JOUR              4m13s      4m10s      -3s  ✅  4 minutes
21:57:08 BLOC_D_SERIE_DU_JOUR              4m52s      4m50s      -2s  ✅  cantique   prends tout le contrôle
22:01:58 BLOC_D_SERIE_DU_JOUR              6m06s      6m04s      -2s  ✅  cantique  ta bonte
22:08:02 BLOC_D_SERIE_DU_JOUR              5m28s      5m26s      -2s  ✅  même humilié
22:13:28 BLOC_D_SERIE_DU_JOUR              5m19s      5m16s      -3s  ✅  Gabrielle LIDJI - Mélodie Céleste  by LFXA(Light FX Animation)_2
22:18:44 BLOC_D_SERIE_DU_JOUR              6m35s      6m41s      +6s  ✅  cantique   ta lumière
22:25:25 BLOC_D_SERIE_DU_JOUR              2m59s      2m57s      -2s  ✅  Philémon 1
22:28:22 BLOC_D_SERIE_DU_JOUR              1m40s      1m37s      -3s  ✅  1 Jean 1
22:29:59 BLOC_D_SERIE_DU_JOUR              4m39s      4m36s      -3s  ✅  1 Jean 2
22:34:35 BLOC_D_SERIE_DU_JOUR              3m34s      3m32s      -2s  ✅  1 Jean 3
22:38:07 BLOC_D_SERIE_DU_JOUR              3m16s      3m14s      -2s  ✅  1 Jean 4
22:41:21 BLOC_D_SERIE_DU_JOUR              3m11s      3m09s      -2s  ✅  1 Jean 5
22:44:30 BLOC_D_SERIE_DU_JOUR              3m59s      3m56s      -3s  ✅  Néhémie 8
22:48:26 BLOC_D_SERIE_DU_JOUR              7m47s      7m44s      -3s  ✅  Néhémie 9
22:56:10 BLOC_D_SERIE_DU_JOUR              4m36s      4m34s      -2s  ✅  Néhémie 10
23:00:44 BLOC_D_SERIE_DU_JOUR              4m55s      4m52s      -3s  ✅  Néhémie 11
23:05:36 BLOC_D_SERIE_DU_JOUR              6m29s      6m27s      -2s  ✅  Néhémie 12
23:12:03 BLOC_D_SERIE_DU_JOUR              0m04s      0m04s      +0s  ✅  jingle avant louange 03 continuons dans la louange
23:12:07 BLOC_D_SERIE_DU_JOUR              5m19s      5m20s      +1s  ✅  Gabrielle LIDJI - Mélodie Céleste  by LFXA(Light FX Animation)_2
23:17:27 BLOC_D_SERIE_DU_JOUR              5m10s      5m07s      -3s  ✅  Igwe
23:22:34 BLOC_D_SERIE_DU_JOUR              4m13s      4m11s      -2s  ✅  4 minutes
23:26:45 BLOC_D_SERIE_DU_JOUR              2m16s      2m13s      -3s  ✅  cantique  nous sommes le sel de la terre
23:28:58 BLOC_D_SERIE_DU_JOUR              5m13s      5m11s      -2s  ✅  Il s'appelait Emmanuel - Marcel Boungou + Paroles
23:34:09 BLOC_D_SERIE_DU_JOUR              6m57s      6m54s      -3s  ✅  qui est digne d ouvrir le livre
23:41:03 BLOC_D_SERIE_DU_JOUR              6m41s      6m38s      -3s  ✅  6 minutes
23:47:41 BLOC_D_SERIE_DU_JOUR              4m52s      4m50s      -2s  ✅  cantique   prends tout le contrôle
23:52:31 BLOC_D_SERIE_DU_JOUR              6m09s      6m07s      -2s  ✅  Hymne des vainqueurs
23:58:38 BLOC_D_SERIE_DU_JOUR              6m35s          ?           ⏳ dernier titre (durée réelle inconnue)  cantique   ta lumière
----------------------------------------------------------------------------------------------------
Bilan : 249 titres, 19 anomalie(s) (titre coupé de plus de 10s ou trou d'antenne).
