====================================================================================================
MONITEUR RADIO — 2026-08-17 (synthèse des 3 rapports + plan, heures UTC)
====================================================================================================
État : ❌ incident(s) détecté(s)  ·  diffusion : 1 coupure(s)/trou(s), 0 double(s) message  ·  serveur : 92 incident(s)
SERVEUR (liquidsoap_events) :
   00:01:17  🌐 échec réseau AzuraCast/Liquidsoap  (×2)
   00:01:17  💥 crash Liquidsoap (redémarrage automatique)  (×2)
   00:01:22  🔇 bascule sur jingle d'erreur (silence potentiel)  (×3)
   05:59:30  🔇 bascule sur jingle d'erreur (silence potentiel)  (×2)
   23:32:25  🌐 échec réseau AzuraCast/Liquidsoap  (×83)
RESET MINUIT : restart confirmé vers 00:01:59 · 3 contrôle(s) · ⚠️ doublon vu dans la file
GARDE DE FRONTIÈRE : 3 snapshot(s) · ⚠️ doublon(s) vu(s) dans la file
INCIDENTS CORRÉLÉS (anomalie de diffusion ↔ cause serveur probable) :
   23:58:16  COUPÉ 252s « Victorious Is the Lamb - Winnipeg Fellowship »
          ↳ aucune cause serveur à proximité (voir CONTRÔLES APPROFONDIS et RÉEL vs PRÉVU ci-dessous)
(Détail titre par titre, contrôles approfondis et RÉEL vs PRÉVU ci-dessous.)
Rapport de diffusion — 2026-08-17 (heures UTC)
273 titres joués | tolérance ±10s
====================================================================================================
HEURE    PLAYLIST                     FICHIER          RÉEL    ÉCART  STATUT  TITRE
----------------------------------------------------------------------------------------------------
00:01:28 ?                                 4m25s      4m25s      +0s  ✅  ?
00:05:53 BLOC_A_SERIE_DU_JOUR              0m10s      0m07s      -3s  ✅  jingle avant message 04 bienvenue sur parole prophetique fm
00:06:00 BLOC_A_SERIE_DU_JOUR           1h08m39s   1h08m37s      -2s  ✅  nous faire part 3
01:14:37 BLOC_A_SERIE_DU_JOUR              0m13s      0m10s      -3s  ✅  jingle avant bible 07 place a la lecture de la bible
01:14:47 BLOC_A_SERIE_DU_JOUR              2m25s      2m22s      -3s  ✅  2 Corinthiens 13
01:17:09 BLOC_A_SERIE_DU_JOUR              3m17s      3m15s      -2s  ✅  Galates 1
01:20:24 BLOC_A_SERIE_DU_JOUR              4m08s      4m06s      -2s  ✅  Galates 2
01:24:30 BLOC_A_SERIE_DU_JOUR              4m50s      4m47s      -3s  ✅  Galates 3
01:29:17 BLOC_A_SERIE_DU_JOUR              4m30s      4m28s      -2s  ✅  Galates 4
01:33:45 BLOC_A_SERIE_DU_JOUR              4m04s      4m02s      -2s  ✅  Galates 5
01:37:47 BLOC_A_SERIE_DU_JOUR              2m46s      2m43s      -3s  ✅  Galates 6
01:40:30 BLOC_A_SERIE_DU_JOUR              2m40s      2m37s      -3s  ✅  Amos 1
01:43:07 BLOC_A_SERIE_DU_JOUR              2m30s      2m28s      -2s  ✅  Amos 2
01:45:35 BLOC_A_SERIE_DU_JOUR              2m19s      2m17s      -2s  ✅  Amos 3
01:47:52 BLOC_A_SERIE_DU_JOUR              2m44s      2m41s      -3s  ✅  Amos 4
01:50:33 BLOC_A_SERIE_DU_JOUR              4m01s      3m59s      -2s  ✅  Amos 5
01:54:32 BLOC_A_SERIE_DU_JOUR              2m22s      2m19s      -3s  ✅  Amos 6
01:56:51 BLOC_A_SERIE_DU_JOUR              3m05s      3m02s      -3s  ✅  Amos 7
01:59:53 BLOC_A_SERIE_DU_JOUR              2m30s      2m28s      -2s  ✅  Amos 8
02:02:21 BLOC_A_SERIE_DU_JOUR              2m56s      2m54s      -2s  ✅  Amos 9
02:05:15 BLOC_A_SERIE_DU_JOUR              0m13s      0m10s      -3s  ✅  jingle avant louange 07 voici un temps de louange
02:05:25 BLOC_A_SERIE_DU_JOUR              6m57s      6m55s      -2s  ✅  qui est digne d ouvrir le livre
02:12:20 BLOC_A_SERIE_DU_JOUR              4m40s      4m37s      -3s  ✅  All in All - CHF
02:16:57 BLOC_A_SERIE_DU_JOUR              7m17s      7m15s      -2s  ✅  cantique  tes promesses  pub direct dec 2021 import (2)
02:24:12 BLOC_A_SERIE_DU_JOUR              5m10s      5m07s      -3s  ✅  Igwe
02:29:19 BLOC_A_SERIE_DU_JOUR              6m41s      6m38s      -3s  ✅  6 minutes
02:35:57 BLOC_A_SERIE_DU_JOUR              5m07s      5m04s      -3s  ✅  We Shall Come - Asaba Fellowship
02:41:01 BLOC_A_SERIE_DU_JOUR              5m13s      5m11s      -2s  ✅  Il s'appelait Emmanuel - Marcel Boungou + Paroles
02:46:12 BLOC_A_SERIE_DU_JOUR              6m09s      6m07s      -2s  ✅  Hymne des vainqueurs
02:52:19 BLOC_A_SERIE_DU_JOUR             10m13s     10m17s      +4s  ✅  As We Worship - Toronto & Winnipeg HF
03:02:36 BLOC_A_SERIE_DU_JOUR              3m44s      3m41s      -3s  ✅  Ecclésiaste 7
03:06:17 BLOC_A_SERIE_DU_JOUR              2m51s      2m50s      -1s  ✅  Ecclésiaste 8
03:09:07 BLOC_A_SERIE_DU_JOUR              3m14s      3m10s      -4s  ✅  Ecclésiaste 9
03:12:17 BLOC_A_SERIE_DU_JOUR              2m29s      2m27s      -2s  ✅  Ecclésiaste 10
03:14:44 BLOC_A_SERIE_DU_JOUR              1m34s      1m32s      -2s  ✅  Ecclésiaste 11
03:16:16 BLOC_A_SERIE_DU_JOUR              2m16s      2m13s      -3s  ✅  Ecclésiaste 12
03:18:29 BLOC_A_SERIE_DU_JOUR              6m56s      6m54s      -2s  ✅  Nombres 22
03:25:23 BLOC_A_SERIE_DU_JOUR              4m50s      4m49s      -1s  ✅  Nombres 23
03:30:12 BLOC_A_SERIE_DU_JOUR              0m11s      0m07s      -4s  ✅  jingle avant louange 05 elevons nos coeurs vers dieu
03:30:19 BLOC_A_SERIE_DU_JOUR              4m52s      4m51s      -1s  ✅  cantique   prends tout le contrôle
03:35:10 BLOC_A_SERIE_DU_JOUR              6m12s      6m09s      -3s  ✅  The King is Here (Abasiama Timothy)
03:41:19 BLOC_A_SERIE_DU_JOUR              5m58s      5m55s      -3s  ✅  In Jesus - PHF
03:47:14 BLOC_A_SERIE_DU_JOUR              6m59s      6m56s      -3s  ✅  Hosanna - Toronto HF
03:54:10 BLOC_A_SERIE_DU_JOUR             11m01s     10m59s      -2s  ✅  Great is, Ascribe - Ketu HF
04:05:09 BLOC_A_SERIE_DU_JOUR              4m03s      4m00s      -3s  ✅  I Will Not Be Silent - Calabar HF
04:09:09 BLOC_A_SERIE_DU_JOUR              6m06s      6m04s      -2s  ✅  cantique  ta bonte
04:15:13 BLOC_A_SERIE_DU_JOUR              7m37s      7m34s      -3s  ✅  Cantiques  Il a pris mes iniquités
04:22:47 BLOC_A_SERIE_DU_JOUR              0m10s      0m08s      -2s  ✅  jingle avant bible 06 ouvrons les saintes ecritures
04:22:55 BLOC_A_SERIE_DU_JOUR              2m40s      2m37s      -3s  ✅  Habacuc 1
04:25:32 BLOC_A_SERIE_DU_JOUR              3m24s      3m21s      -3s  ✅  Habacuc 2
04:28:53 BLOC_A_SERIE_DU_JOUR              3m11s      3m08s      -3s  ✅  Habacuc 3
04:32:01 BLOC_A_SERIE_DU_JOUR              3m25s      3m24s      -1s  ✅  Deutéronome 13
04:35:25 BLOC_A_SERIE_DU_JOUR              4m06s      4m03s      -3s  ✅  Deutéronome 14
04:39:28 BLOC_A_SERIE_DU_JOUR              3m46s      3m43s      -3s  ✅  Deutéronome 15
04:43:11 BLOC_A_SERIE_DU_JOUR              3m59s      3m57s      -2s  ✅  Deutéronome 16
04:47:08 BLOC_A_SERIE_DU_JOUR              3m44s      3m41s      -3s  ✅  Deutéronome 17
04:50:49 BLOC_A_SERIE_DU_JOUR              3m21s      3m18s      -3s  ✅  Deutéronome 18
04:54:07 BLOC_A_SERIE_DU_JOUR              3m24s      3m22s      -2s  ✅  Deutéronome 19
04:57:29 BLOC_A_SERIE_DU_JOUR              3m24s      3m22s      -2s  ✅  Deutéronome 20
05:00:51 BLOC_A_SERIE_DU_JOUR              0m10s      0m08s      -2s  ✅  jingle avant louange 06 que la louange seleve
05:00:59 BLOC_A_SERIE_DU_JOUR              6m02s      5m59s      -3s  ✅  Rejoice - PHF
05:06:58 BLOC_A_SERIE_DU_JOUR              4m18s      4m16s      -2s  ✅  You Are Worthy - Ketu HF
05:11:14 BLOC_A_SERIE_DU_JOUR              8m10s      8m07s      -3s  ✅  Great and Marvellous - Ketu HF
05:19:21 BLOC_A_SERIE_DU_JOUR              4m48s      4m47s      -1s  ✅  Yeshua I'm Waiting for You  - Ketu HF
05:24:08 BLOC_A_SERIE_DU_JOUR              8m31s      8m28s      -3s  ✅  Holy Holy - Abuja HF
05:32:36 BLOC_A_SERIE_DU_JOUR              7m09s      7m07s      -2s  ✅  My God Is Good - Winnipeg Fellowship
05:39:43 BLOC_A_SERIE_DU_JOUR              6m19s      6m16s      -3s  ✅  Unto Him - CHF
05:45:59 BLOC_A_SERIE_DU_JOUR              9m23s      9m21s      -2s  ✅  Thou art Worthy Lord - PHF
05:55:20 BLOC_A_SERIE_DU_JOUR              0m12s      0m12s      +0s  ✅  jingle id station 03 notre mission annonce levangile
05:55:32 BLOC_A_SERIE_DU_JOUR              1m53s      1m51s      -2s  ✅  Osée 11
05:57:23 BLOC_A_SERIE_DU_JOUR              2m04s      2m02s      -2s  ✅  Osée 12
05:59:25 BLOC_A_SERIE_DU_JOUR              0m10s      0m10s      +0s  ✅  jingle avant message 04 bienvenue sur parole prophetique fm
05:59:35 ?                                 0m30s      0m30s      +0s  ✅  AzuraCast is Live!
06:00:05 BLOC_B_SERIE_DU_JOUR              0m11s      0m09s      -2s  ✅  jingle avant message 05 vous etes a lecoute de levangile du royaume
06:00:14 BLOC_B_SERIE_DU_JOUR           1h08m39s   1h08m36s      -3s  ✅  nous faire part 3
07:08:50 BLOC_B_SERIE_DU_JOUR              0m11s      0m08s      -3s  ✅  jingle avant message 05 vous etes a lecoute de levangile du royaume
07:08:58 BLOC_B_SERIE_DU_JOUR              0m13s      0m11s      -2s  ✅  jingle avant bible 07 place a la lecture de la bible
07:09:09 BLOC_B_SERIE_DU_JOUR              2m02s      2m00s      -2s  ✅  Ézéchiel 19
07:11:09 BLOC_B_SERIE_DU_JOUR              8m25s      8m22s      -3s  ✅  Ézéchiel 20
07:19:31 BLOC_B_SERIE_DU_JOUR              5m35s      5m32s      -3s  ✅  Ézéchiel 21
07:25:03 BLOC_B_SERIE_DU_JOUR              4m42s      4m39s      -3s  ✅  Ézéchiel 22
07:29:42 BLOC_B_SERIE_DU_JOUR              7m24s      7m21s      -3s  ✅  Ézéchiel 23
07:37:03 BLOC_B_SERIE_DU_JOUR              4m09s      4m06s      -3s  ✅  Ézéchiel 24
07:41:09 BLOC_B_SERIE_DU_JOUR              3m00s      2m58s      -2s  ✅  Ézéchiel 25
07:44:07 BLOC_B_SERIE_DU_JOUR              3m45s      3m43s      -2s  ✅  Ézéchiel 26
07:47:50 BLOC_B_SERIE_DU_JOUR              5m10s      5m07s      -3s  ✅  Ézéchiel 27
07:52:57 BLOC_B_SERIE_DU_JOUR              4m23s      4m21s      -2s  ✅  Ézéchiel 28
07:57:18 BLOC_B_SERIE_DU_JOUR              0m10s      0m08s      -2s  ✅  jingle avant louange 06 que la louange seleve
07:57:26 BLOC_B_SERIE_DU_JOUR              9m38s      9m35s      -3s  ✅  Holy are You oh Lord (Olaedo Uzoma & Vincent Opara)
08:07:01 BLOC_B_SERIE_DU_JOUR              9m39s      9m37s      -2s  ✅  Psalm 93 - Port Harcourt HF
08:16:38 BLOC_B_SERIE_DU_JOUR              6m10s      6m07s      -3s  ✅  That I May Know Him - Toronto HF
08:22:45 BLOC_B_SERIE_DU_JOUR              4m44s      4m42s      -2s  ✅  Je veux vivre ton royaume
08:27:27 BLOC_B_SERIE_DU_JOUR              4m08s      4m05s      -3s  ✅  I Choose the Way of the Lord - Abuja HF
08:31:32 BLOC_B_SERIE_DU_JOUR             10m24s     10m21s      -3s  ✅  Shine in Darkness O Lord  - Winnipeg Fellowship
08:41:53 BLOC_B_SERIE_DU_JOUR              3m12s      3m10s      -2s  ✅  esprit de dieu
08:45:03 BLOC_B_SERIE_DU_JOUR              4m13s      4m17s      +4s  ✅  4 minutes
08:49:20 BLOC_B_SERIE_DU_JOUR              3m32s      3m30s      -2s  ✅  Job 34
08:52:50 BLOC_B_SERIE_DU_JOUR              1m32s      1m29s      -3s  ✅  Job 35
08:54:19 BLOC_B_SERIE_DU_JOUR              2m56s      2m53s      -3s  ✅  Job 36
08:57:12 BLOC_B_SERIE_DU_JOUR              2m25s      2m22s      -3s  ✅  Job 37
08:59:34 BLOC_B_SERIE_DU_JOUR              3m53s      3m51s      -2s  ✅  Job 38
09:03:25 BLOC_B_SERIE_DU_JOUR              2m57s      2m55s      -2s  ✅  Job 39
09:06:20 BLOC_B_SERIE_DU_JOUR              2m19s      2m16s      -3s  ✅  Job 40
09:08:36 BLOC_B_SERIE_DU_JOUR              3m14s      3m12s      -2s  ✅  Job 41
09:11:48 BLOC_B_SERIE_DU_JOUR              2m40s      2m46s      +6s  ✅  Job 42
09:14:34 BLOC_B_SERIE_DU_JOUR             11m53s     11m50s      -3s  ✅  Hashem - PHF
09:26:24 BLOC_B_SERIE_DU_JOUR              8m24s      8m21s      -3s  ✅  Bless Ye the Lord - PHF
09:34:45 BLOC_B_SERIE_DU_JOUR              5m28s      5m27s      -1s  ✅  même humilié
09:40:12 BLOC_B_SERIE_DU_JOUR              4m19s      4m15s      -4s  ✅  I Know The Blood - PHF
09:44:27 BLOC_B_SERIE_DU_JOUR              4m04s      4m01s      -3s  ✅  Ascribe Greatness - PHF
09:48:28 BLOC_B_SERIE_DU_JOUR              6m04s      6m02s      -2s  ✅  Sing Unto the Lord a new Song  - Winnipeg Fellowship
09:54:30 BLOC_B_SERIE_DU_JOUR              2m20s      2m17s      -3s  ✅  cantique  heureux l homme qui ne marche pas selon
09:56:47 BLOC_B_SERIE_DU_JOUR              9m23s      9m21s      -2s  ✅  10 minutes
10:06:08 BLOC_B_SERIE_DU_JOUR              0m10s      0m08s      -2s  ✅  jingle avant bible 06 ouvrons les saintes ecritures
10:06:16 BLOC_B_SERIE_DU_JOUR              3m17s      3m14s      -3s  ✅  Malachie 2
10:09:30 BLOC_B_SERIE_DU_JOUR              3m22s      3m19s      -3s  ✅  Malachie 3
10:12:49 BLOC_B_SERIE_DU_JOUR              1m05s      1m02s      -3s  ✅  Malachie 4
10:13:51 BLOC_B_SERIE_DU_JOUR              2m18s      2m16s      -2s  ✅  Néhémie 1
10:16:07 BLOC_B_SERIE_DU_JOUR              4m01s      3m59s      -2s  ✅  Néhémie 2
10:20:06 BLOC_B_SERIE_DU_JOUR              5m28s      5m25s      -3s  ✅  Néhémie 3
10:25:31 BLOC_B_SERIE_DU_JOUR              3m46s      3m43s      -3s  ✅  Néhémie 4
10:29:14 BLOC_B_SERIE_DU_JOUR              3m29s      3m26s      -3s  ✅  Néhémie 5
10:32:40 BLOC_B_SERIE_DU_JOUR              3m23s      3m21s      -2s  ✅  Néhémie 6
10:36:01 BLOC_B_SERIE_DU_JOUR              6m49s      6m47s      -2s  ✅  Néhémie 7
10:42:48 BLOC_B_SERIE_DU_JOUR              0m13s      0m10s      -3s  ✅  jingle avant louange 07 voici un temps de louange
10:42:58 BLOC_B_SERIE_DU_JOUR              7m19s      7m17s      -2s  ✅  You Have sworn By Your Holiness - Chidera Bisong
10:50:15 BLOC_B_SERIE_DU_JOUR              3m22s      3m19s      -3s  ✅  Ses cheveux étaient blancs..
10:53:34 BLOC_B_SERIE_DU_JOUR              9m43s      9m40s      -3s  ✅  Thy Throne Oh Lord - Ketu HF
11:03:14 BLOC_B_SERIE_DU_JOUR              6m54s      6m52s      -2s  ✅  There is no Lie (Imah Adegoke & Mary Umoh)
11:10:06 BLOC_B_SERIE_DU_JOUR              5m18s      5m16s      -2s  ✅  Now is Come Salvation - Toronto HF
11:15:22 BLOC_B_SERIE_DU_JOUR             10m47s     10m44s      -3s  ✅  Abba, Singing a, I Will Sing - Ketu HF
11:26:06 BLOC_B_SERIE_DU_JOUR              8m25s      8m22s      -3s  ✅  The Mountains, Come and, Oh City - Ketu HF
11:34:28 BLOC_B_SERIE_DU_JOUR              0m09s      0m10s      +1s  ✅  jingle id station 02 radio evangile du royaume
11:34:38 BLOC_B_SERIE_DU_JOUR              3m26s      3m23s      -3s  ✅  Philippiens 3
11:38:01 BLOC_B_SERIE_DU_JOUR              3m39s      3m37s      -2s  ✅  Philippiens 4
11:41:38 BLOC_B_SERIE_DU_JOUR              3m34s      3m33s      -1s  ✅  Esdras 9
11:45:11 BLOC_B_SERIE_DU_JOUR              6m21s      6m17s      -4s  ✅  Esdras 10
11:51:28 BLOC_B_SERIE_DU_JOUR              0m12s      0m12s      +0s  ✅  jingle id station 03 notre mission annonce levangile
11:51:40 BLOC_B_SERIE_DU_JOUR              3m10s      3m07s      -3s  ✅  la Parole
11:54:47 BLOC_B_SERIE_DU_JOUR              7m51s      7m56s      +5s  ✅  There is no name  - Winnipeg Fellowship
12:02:43 BLOC_C_SERIE_DU_JOUR           1h08m39s   1h08m37s      -2s  ✅  nous faire part 3
13:11:20 BLOC_C_SERIE_DU_JOUR              0m09s      0m06s      -3s  ✅  jingle avant bible 08 prenons un moment pour ecouter la parole
13:11:26 BLOC_C_SERIE_DU_JOUR              4m57s      4m54s      -3s  ✅  1 Rois 4
13:16:20 BLOC_C_SERIE_DU_JOUR              3m08s      3m06s      -2s  ✅  1 Rois 5
13:19:26 BLOC_C_SERIE_DU_JOUR              5m43s      5m42s      -1s  ✅  1 Rois 6
13:25:08 BLOC_C_SERIE_DU_JOUR              8m47s      8m43s      -4s  ✅  1 Rois 7
13:33:51 BLOC_C_SERIE_DU_JOUR             12m29s     12m27s      -2s  ✅  1 Rois 8
13:46:18 BLOC_C_SERIE_DU_JOUR              4m47s      4m45s      -2s  ✅  1 Rois 9
13:51:03 BLOC_C_SERIE_DU_JOUR              4m43s      4m40s      -3s  ✅  1 Rois 10
13:55:43 BLOC_C_SERIE_DU_JOUR              7m33s      7m30s      -3s  ✅  1 Rois 11
14:03:13 BLOC_C_SERIE_DU_JOUR              0m11s      0m09s      -2s  ✅  jingle avant louange 05 elevons nos coeurs vers dieu
14:03:22 BLOC_C_SERIE_DU_JOUR              2m57s      2m55s      -2s  ✅  You Are the Captain of the Host - Toronto HF
14:06:17 BLOC_C_SERIE_DU_JOUR              6m34s      6m31s      -3s  ✅  cantique  béni soit le dieu d israël
14:12:48 BLOC_C_SERIE_DU_JOUR              6m06s      6m03s      -3s  ✅  Good God - Asaba Fellowship
14:18:51 BLOC_C_SERIE_DU_JOUR              6m13s      6m11s      -2s  ✅  Immortal God - Elohim Adonai - Abuja HF
14:25:02 BLOC_C_SERIE_DU_JOUR             10m38s     10m36s      -2s  ✅  Be Exalted - PHF
14:35:38 BLOC_C_SERIE_DU_JOUR              5m45s      5m42s      -3s  ✅  How Precious Oh Lord
14:41:20 BLOC_C_SERIE_DU_JOUR              5m52s      5m50s      -2s  ✅  Not Naked (Abasiama Timothy)
14:47:10 BLOC_C_SERIE_DU_JOUR              8m18s      8m16s      -2s  ✅  Yahweh Is Mighty - SWBN TV
14:55:26 BLOC_C_SERIE_DU_JOUR              0m13s      0m10s      -3s  ✅  jingle avant bible 07 place a la lecture de la bible
14:55:36 BLOC_C_SERIE_DU_JOUR              3m07s      3m04s      -3s  ✅  Genèse 20
14:58:40 BLOC_C_SERIE_DU_JOUR              4m45s      4m43s      -2s  ✅  Genèse 21
15:03:23 BLOC_C_SERIE_DU_JOUR              4m07s      4m04s      -3s  ✅  Genèse 22
15:07:27 BLOC_C_SERIE_DU_JOUR              3m18s      3m16s      -2s  ✅  Genèse 23
15:10:43 BLOC_C_SERIE_DU_JOUR             11m16s     11m13s      -3s  ✅  Genèse 24
15:21:56 BLOC_C_SERIE_DU_JOUR              0m13s      0m10s      -3s  ✅  jingle avant louange 07 voici un temps de louange
15:22:06 BLOC_C_SERIE_DU_JOUR              7m04s      7m02s      -2s  ✅  We Bless You Wonderful God  - Winnipeg Fellowship
15:29:08 BLOC_C_SERIE_DU_JOUR              3m19s      3m16s      -3s  ✅  Awaken My Heart
15:32:24 BLOC_C_SERIE_DU_JOUR              6m02s      5m59s      -3s  ✅  Crown Him Lord of Lords - Nonso Njoku
15:38:23 BLOC_C_SERIE_DU_JOUR              5m15s      5m13s      -2s  ✅  Yahweh Be Praised - Abuja HF
15:43:36 BLOC_C_SERIE_DU_JOUR              7m36s      7m34s      -2s  ✅  There Is No Lie - SWBN TV
15:51:10 BLOC_C_SERIE_DU_JOUR              5m48s      5m45s      -3s  ✅  Forever You Reign - Abuja HF
15:56:55 BLOC_C_SERIE_DU_JOUR              8m10s      8m08s      -2s  ✅  Agunechemba - SWBN TV
16:05:03 BLOC_C_SERIE_DU_JOUR             10m25s     10m31s      +6s  ✅  Holy Are You - PHF
16:15:34 BLOC_C_SERIE_DU_JOUR              1m40s      1m37s      -3s  ✅  1 Jean 1
16:17:11 BLOC_C_SERIE_DU_JOUR              4m39s      4m37s      -2s  ✅  1 Jean 2
16:21:48 BLOC_C_SERIE_DU_JOUR              3m34s      3m31s      -3s  ✅  1 Jean 3
16:25:19 BLOC_C_SERIE_DU_JOUR              3m16s      3m14s      -2s  ✅  1 Jean 4
16:28:33 BLOC_C_SERIE_DU_JOUR              3m11s      3m09s      -2s  ✅  1 Jean 5
16:31:42 BLOC_C_SERIE_DU_JOUR              5m51s      5m49s      -2s  ✅  Marc 15
16:37:31 BLOC_C_SERIE_DU_JOUR              2m50s      2m47s      -3s  ✅  Marc 16
16:40:18 BLOC_C_SERIE_DU_JOUR              4m33s      4m31s      -2s  ✅  1 Pierre 1
16:44:49 BLOC_C_SERIE_DU_JOUR              4m17s      4m14s      -3s  ✅  1 Pierre 2
16:49:03 BLOC_C_SERIE_DU_JOUR              3m50s      3m47s      -3s  ✅  1 Pierre 3
16:52:50 BLOC_C_SERIE_DU_JOUR              0m10s      0m08s      -2s  ✅  jingle avant louange 06 que la louange seleve
16:52:58 BLOC_C_SERIE_DU_JOUR              8m41s      8m38s      -3s  ✅  Unto Him (Vincent Opara)
17:01:36 BLOC_C_SERIE_DU_JOUR              9m31s      9m28s      -3s  ✅  15 at 01.33.50 (1)(1)
17:11:04 BLOC_C_SERIE_DU_JOUR              7m29s      7m26s      -3s  ✅  Hallelujah - PHF
17:18:30 BLOC_C_SERIE_DU_JOUR             11m54s     11m52s      -2s  ✅  Great & Marvelluos - Toronto HF
17:30:22 BLOC_C_SERIE_DU_JOUR              5m45s      5m42s      -3s  ✅  Ella Samuels - Oh Lord Our Maker
17:36:04 BLOC_C_SERIE_DU_JOUR              5m52s      5m59s      +7s  ✅  Where Two or Three are Gathered - Calabar HF
17:42:03 BLOC_C_SERIE_DU_JOUR              3m57s      3m54s      -3s  ✅  Jacques 1
17:45:57 BLOC_C_SERIE_DU_JOUR              3m51s      3m49s      -2s  ✅  Jacques 2
17:49:46 BLOC_C_SERIE_DU_JOUR              2m56s      2m53s      -3s  ✅  Jacques 3
17:52:39 BLOC_C_SERIE_DU_JOUR              2m47s      2m44s      -3s  ✅  Jacques 4
17:55:23 BLOC_C_SERIE_DU_JOUR              3m28s      3m25s      -3s  ✅  Jacques 5
17:58:48 BLOC_C_SERIE_DU_JOUR              0m09s      0m10s      +1s  ✅  jingle id station 02 radio evangile du royaume
17:58:58 BLOC_C_SERIE_DU_JOUR              7m09s      7m13s      +4s  ✅  There is A Mighty River Flowing - Ketu HF
18:06:11 BLOC_D_SERIE_DU_JOUR           1h08m39s   1h08m36s      -3s  ✅  nous faire part 3
19:14:47 BLOC_D_SERIE_DU_JOUR              0m13s      0m11s      -2s  ✅  jingle avant bible 07 place a la lecture de la bible
19:14:58 BLOC_D_SERIE_DU_JOUR              3m17s      3m14s      -3s  ✅  2 Pierre 3
19:18:12 BLOC_D_SERIE_DU_JOUR              2m10s      2m08s      -2s  ✅  Psaumes 50
19:20:20 BLOC_D_SERIE_DU_JOUR              1m59s      1m56s      -3s  ✅  Psaumes 51
19:22:16 BLOC_D_SERIE_DU_JOUR              1m04s      1m01s      -3s  ✅  Psaumes 52
19:23:17 BLOC_D_SERIE_DU_JOUR              0m56s      0m54s      -2s  ✅  Psaumes 53
19:24:11 BLOC_D_SERIE_DU_JOUR              0m42s      0m39s      -3s  ✅  Psaumes 54
19:24:50 BLOC_D_SERIE_DU_JOUR              2m29s      2m27s      -2s  ✅  Psaumes 55
19:27:17 BLOC_D_SERIE_DU_JOUR              1m19s      1m16s      -3s  ✅  Psaumes 56
19:28:33 BLOC_D_SERIE_DU_JOUR              1m19s      1m17s      -2s  ✅  Psaumes 57
19:29:50 BLOC_D_SERIE_DU_JOUR              1m15s      1m12s      -3s  ✅  Psaumes 58
19:31:02 BLOC_D_SERIE_DU_JOUR              2m03s      2m00s      -3s  ✅  Psaumes 59
19:33:02 BLOC_D_SERIE_DU_JOUR              1m17s      1m15s      -2s  ✅  Psaumes 60
19:34:17 BLOC_D_SERIE_DU_JOUR              0m48s      0m46s      -2s  ✅  Psaumes 61
19:35:03 BLOC_D_SERIE_DU_JOUR              1m30s      1m28s      -2s  ✅  Psaumes 62
19:36:31 BLOC_D_SERIE_DU_JOUR              1m06s      1m04s      -2s  ✅  Psaumes 63
19:37:35 BLOC_D_SERIE_DU_JOUR              1m02s      0m59s      -3s  ✅  Psaumes 64
19:38:34 BLOC_D_SERIE_DU_JOUR              1m29s      1m27s      -2s  ✅  Psaumes 65
19:40:01 BLOC_D_SERIE_DU_JOUR              2m00s      1m58s      -2s  ✅  Psaumes 66
19:41:59 BLOC_D_SERIE_DU_JOUR              0m38s      0m35s      -3s  ✅  Psaumes 67
19:42:34 BLOC_D_SERIE_DU_JOUR              4m04s      4m02s      -2s  ✅  Psaumes 68
19:46:36 BLOC_D_SERIE_DU_JOUR              3m46s      3m44s      -2s  ✅  Psaumes 69
19:50:20 BLOC_D_SERIE_DU_JOUR              0m41s      0m38s      -3s  ✅  Psaumes 70
19:50:58 BLOC_D_SERIE_DU_JOUR              2m42s      2m39s      -3s  ✅  Psaumes 71
19:53:37 BLOC_D_SERIE_DU_JOUR              2m10s      2m07s      -3s  ✅  Psaumes 72
19:55:44 BLOC_D_SERIE_DU_JOUR              2m34s      2m40s      +6s  ✅  Psaumes 73
19:58:24 BLOC_D_SERIE_DU_JOUR              8m12s      8m10s      -2s  ✅  Jesus is Alpha - PHF
20:06:34 BLOC_D_SERIE_DU_JOUR              5m50s      5m47s      -3s  ✅  Jesus I'm Waiting for You (Mary Umoh)
20:12:21 BLOC_D_SERIE_DU_JOUR              3m24s      3m21s      -3s  ✅  Cantique sa miséricorde
20:15:42 BLOC_D_SERIE_DU_JOUR              3m04s      3m01s      -3s  ✅  The Lord is my Light and Salvation - Nonso Njoku
20:18:43 BLOC_D_SERIE_DU_JOUR              5m02s      5m00s      -2s  ✅  A Song Of Love
20:23:43 BLOC_D_SERIE_DU_JOUR              5m43s      5m40s      -3s  ✅  Cantique l Éternel est mon Berger (1)
20:29:23 BLOC_D_SERIE_DU_JOUR              7m25s      7m23s      -2s  ✅  Victorious Is the Lamb - Winnipeg Fellowship
20:36:46 BLOC_D_SERIE_DU_JOUR              8m30s      8m34s      +4s  ✅  We Worship Adonai - PHF
20:45:20 BLOC_D_SERIE_DU_JOUR              9m14s      9m12s      -2s  ✅  1 Samuel 14
20:54:32 BLOC_D_SERIE_DU_JOUR              5m59s      5m57s      -2s  ✅  1 Samuel 15
21:00:29 BLOC_D_SERIE_DU_JOUR              4m08s      4m05s      -3s  ✅  1 Samuel 16
21:04:34 BLOC_D_SERIE_DU_JOUR              9m41s      9m38s      -3s  ✅  1 Samuel 17
21:14:12 BLOC_D_SERIE_DU_JOUR              0m11s      0m09s      -2s  ✅  jingle avant louange 05 elevons nos coeurs vers dieu
21:14:21 BLOC_D_SERIE_DU_JOUR              3m41s      3m39s      -2s  ✅  Adorons l'Éternel GAEL - JÉSUS EST SEIGNEUR -
21:18:00 BLOC_D_SERIE_DU_JOUR              5m08s      5m06s      -2s  ✅  He Has Given Me - PHF
21:23:06 BLOC_D_SERIE_DU_JOUR              7m21s      7m19s      -2s  ✅  For By My God - Toronto & Winnipeg HF
21:30:25 BLOC_D_SERIE_DU_JOUR              6m07s      6m04s      -3s  ✅  There Is Forgiveness In Thee - SWBN TV
21:36:29 BLOC_D_SERIE_DU_JOUR              4m11s      4m08s      -3s  ✅  jai donné ma vie à jésus (1)
21:40:37 BLOC_D_SERIE_DU_JOUR              4m21s      4m18s      -3s  ✅  Sing Hallelujah - Abuja HF
21:44:55 BLOC_D_SERIE_DU_JOUR              5m04s      5m02s      -2s  ✅  I Enter The Holy of Holies - Port Harcourt HF
21:49:57 BLOC_D_SERIE_DU_JOUR              6m56s      6m53s      -3s  ✅  As We Worship In Ypur Presence
21:56:50 BLOC_D_SERIE_DU_JOUR              6m57s      6m55s      -2s  ✅  The Lord on High is Mightier - Toronto HF
22:03:45 BLOC_D_SERIE_DU_JOUR              0m10s      0m08s      -2s  ✅  jingle avant bible 06 ouvrons les saintes ecritures
22:03:53 BLOC_D_SERIE_DU_JOUR              4m27s      4m24s      -3s  ✅  Jude 1
22:08:17 BLOC_D_SERIE_DU_JOUR              2m59s      2m57s      -2s  ✅  Philémon 1
22:11:14 BLOC_D_SERIE_DU_JOUR              3m26s      3m23s      -3s  ✅  Abdias 1
22:14:37 BLOC_D_SERIE_DU_JOUR              6m19s      6m16s      -3s  ✅  2 Samuel 15
22:20:53 BLOC_D_SERIE_DU_JOUR              4m14s      4m12s      -2s  ✅  2 Samuel 16
22:25:05 BLOC_D_SERIE_DU_JOUR              5m34s      5m32s      -2s  ✅  2 Samuel 17
22:30:37 BLOC_D_SERIE_DU_JOUR              6m19s      6m16s      -3s  ✅  2 Samuel 18
22:36:53 BLOC_D_SERIE_DU_JOUR              0m13s      0m10s      -3s  ✅  jingle avant louange 07 voici un temps de louange
22:37:03 BLOC_D_SERIE_DU_JOUR              8m21s      8m19s      -2s  ✅  My Heart Rejoices - Toronto HF
22:45:22 BLOC_D_SERIE_DU_JOUR              8m22s      8m19s      -3s  ✅  Yeshua Hamashiach - Calabar HF
22:53:41 BLOC_D_SERIE_DU_JOUR              2m16s      2m13s      -3s  ✅  cantique  nous sommes le sel de la terre
22:55:54 BLOC_D_SERIE_DU_JOUR              4m11s      4m09s      -2s  ✅  Cantique   Oh Éternel Dieu, Tu es le Dieu Incomparable
23:00:03 BLOC_D_SERIE_DU_JOUR              5m22s      5m19s      -3s  ✅  God's Got An Army - PHF
23:05:22 BLOC_D_SERIE_DU_JOUR              5m33s      5m31s      -2s  ✅  He Shall Feed His Flock - I Want to walk  - Ketu HF
23:10:53 BLOC_D_SERIE_DU_JOUR              6m15s      6m12s      -3s  ✅  Oh Lord I Want to Know Your Glory - Port Harcourt HF
23:17:05 BLOC_D_SERIE_DU_JOUR              8m21s      8m19s      -2s  ✅  In the Day of Your Power  - Winnipeg Fellowship
23:25:24 BLOC_D_SERIE_DU_JOUR              0m09s      0m10s      +1s  ✅  JINGLE
23:25:34 BLOC_D_SERIE_DU_JOUR              2m43s      2m40s      -3s  ✅  Aggée 1
23:28:14 BLOC_D_SERIE_DU_JOUR              3m58s      3m57s      -1s  ✅  Aggée 2
23:32:11 BLOC_E_LOUANGE_NUIT               5m58s      5m54s      -4s  ✅  In Jesus - PHF
23:38:05 BLOC_E_LOUANGE_NUIT               2m16s      2m13s      -3s  ✅  cantique  nous sommes le sel de la terre
23:40:18 BLOC_E_LOUANGE_NUIT               6m34s      6m31s      -3s  ✅  cantique  béni soit le dieu d israël
23:46:49 BLOC_E_LOUANGE_NUIT               7m19s      7m17s      -2s  ✅  You Have sworn By Your Holiness - Chidera Bisong
23:54:06 BLOC_E_LOUANGE_NUIT               4m13s      4m10s      -3s  ✅  4 minutes
23:58:16 BLOC_E_LOUANGE_NUIT               7m25s      3m13s    -252s  ❌ COUPÉ  Victorious Is the Lamb - Winnipeg Fellowship
----------------------------------------------------------------------------------------------------
Bilan : 273 titres, 1 anomalie(s) (titre coupé de plus de 10s ou trou d'antenne). Gravité : 0 mineure(s) <1min · 1 sérieuse(s) 1-10min · 0 critique(s) >10min.

====================================================================================================
CONTRÔLES APPROFONDIS
====================================================================================================
MESSAGE DU JOUR « ACR Angora en ce jour-là part 3 » : 4 diffusion(s) pour 4 prévue(s) ✅
   00:06:00  (étiquette BLOC_A_SERIE_DU_JOUR)
   06:00:14  (étiquette BLOC_B_SERIE_DU_JOUR)
   12:02:43  (étiquette BLOC_C_SERIE_DU_JOUR)
   18:06:11  (étiquette BLOC_D_SERIE_DU_JOUR)
JINGLES : 27 joués / 36 prévus (75%) ⚠️   ·   BLOC_A 8/9 · BLOC_B 8/9 · BLOC_C 6/9 · BLOC_D 5/9
HORS FENÊTRE : aucun débordement de bloc détecté ✅
BOUCHE-TROUS : 2 titre(s) hors plan sans playlist ⚠️
   00:01:28  ?  (4m25s)
   05:59:35  AzuraCast is Live!  (0m30s)
COUVERTURE : premier titre à 00:01:28 ✅ · dernier titre finit vers 00:05:41 (estimé) ✅

====================================================================================================
RÉEL vs PRÉVU — ce qui a joué vs ce que le plan prévoyait
====================================================================================================
----------------------------------------------------------------------------------------------------
BLOC_A  (00:00-06:00)  prévus  80 · atteignables  71 · joués  73 · conformité  99% · sautés  1 · en trop  3
   ⏭️  PRÉVU NON JOUÉ : jingle avant bible 08 prenons un moment pour ecouter la parole
   ➕  JOUÉ NON PRÉVU : ? · jingle avant message 04 bienvenue sur parole prophetique fm · AzuraCast is Live!
   ⏸️  FIN DE BLOC NON ATTEINTE (9 titres · ~43m29s) — marge anti-rebouclage au-delà de la fenêtre, normal : Osée 13 · Osée 14 · Daniel 5 · Daniel 6 · jingle id station 01 la bonne nouvelle partout · There's A Mighty River Flowing - SWBN TV  …(+3)
----------------------------------------------------------------------------------------------------
BLOC_B  (06:00-12:00)  prévus  70 · atteignables  68 · joués  67 · conformité  97% · sautés  2 · en trop  1
   ⏭️  PRÉVU NON JOUÉ : jingle avant bible 08 prenons un moment pour ecouter la parole · jingle avant louange 05 elevons nos coeurs vers dieu
   ➕  JOUÉ NON PRÉVU : jingle avant message 05 vous etes a lecoute de levangile du royaume
   ⏸️  FIN DE BLOC NON ATTEINTE (2 titres · ~12m19s) — marge anti-rebouclage au-delà de la fenêtre, normal : I Will Call Upon The Lord · You're the Lamb (Abasiama Timothy)
----------------------------------------------------------------------------------------------------
BLOC_C  (12:00-18:00)  prévus  63 · atteignables  61 · joués  58 · conformité  95% · sautés  3 · en trop  0
   ⏭️  PRÉVU NON JOUÉ : jingle avant message 04 bienvenue sur parole prophetique fm · jingle avant bible 06 ouvrons les saintes ecritures · JINGLE
   ⏸️  FIN DE BLOC NON ATTEINTE (2 titres · ~15m42s) — marge anti-rebouclage au-delà de la fenêtre, normal : A jamais, tu seras l Agneau de Dieu · Le Bien-Etre Universel
----------------------------------------------------------------------------------------------------
BLOC_D  (18:00-23:30)  prévus  78 · atteignables  72 · joués  69 · conformité  96% · sautés  3 · en trop  0
   ⏭️  PRÉVU NON JOUÉ : jingle avant message 03 vous ecoutez parole prophetique fm · jingle avant louange 06 que la louange seleve · jingle avant bible 08 prenons un moment pour ecouter la parole
   ⏸️  FIN DE BLOC NON ATTEINTE (6 titres · ~32m31s) — marge anti-rebouclage au-delà de la fenêtre, normal : Jean 3 · Jean 4 · jingle id station 02 radio evangile du royaume · Praise the Lord of Host - Toronto HF · Song Of Victory - Emmanuel Igunbor · Baruch Ha'ba B'Shem Adonai/Blessed Is He Who Comes in the Name of the Lord - Port Harcourt HF
----------------------------------------------------------------------------------------------------
CONFORMITÉ GLOBALE : 263/272 titres atteignables joués dans l'ordre = 97%  (4 titre(s) hors plan · 19 non atteint(s) en fin de bloc, marge normale)
