====================================================================================================
MONITEUR RADIO — 2026-08-30 (synthèse des 3 rapports + plan, heures UTC)
====================================================================================================
État : ❌ incident(s) détecté(s)  ·  diffusion : 0 coupure(s)/trou(s), 0 double(s) message  ·  serveur : 5 incident(s)
SERVEUR (liquidsoap_events) :
   00:01:39  🔇 bascule sur jingle d'erreur (silence potentiel)  (×3)
   23:59:12  🔇 bascule sur jingle d'erreur (silence potentiel)  (×2)
RESET MINUIT : restart confirmé vers 00:02:16 · 3 contrôle(s) · ⚠️ doublon vu dans la file
INCIDENTS CORRÉLÉS : aucune anomalie de diffusion à corréler ✅
(Détail titre par titre, contrôles approfondis et RÉEL vs PRÉVU ci-dessous.)
Rapport de diffusion — 2026-08-30 (heures UTC)
318 titres joués | tolérance ±10s
====================================================================================================
HEURE    PLAYLIST                     FICHIER          RÉEL    ÉCART  STATUT  TITRE
----------------------------------------------------------------------------------------------------
00:01:45 ?                                 3m05s      3m05s      +0s  ✅  ?
00:04:50 BLOC_A_SERIE_DU_JOUR              0m09s      0m06s      -3s  ✅  jingle avant message 03 vous ecoutez parole prophetique fm
00:04:56 BLOC_A_SERIE_DU_JOUR             24m03s     24m00s      -3s  ✅  pqe j4
00:28:56 BLOC_A_SERIE_DU_JOUR              0m10s      0m08s      -2s  ✅  jingle avant bible 06 ouvrons les saintes ecritures
00:29:04 BLOC_A_SERIE_DU_JOUR              4m38s      4m36s      -2s  ✅  1 Samuel 18
00:33:40 BLOC_A_SERIE_DU_JOUR              4m10s      4m08s      -2s  ✅  1 Samuel 19
00:37:48 BLOC_A_SERIE_DU_JOUR              6m49s      6m46s      -3s  ✅  1 Samuel 20
00:44:34 BLOC_A_SERIE_DU_JOUR              2m33s      2m31s      -2s  ✅  1 Samuel 21
00:47:05 BLOC_A_SERIE_DU_JOUR              4m12s      4m10s      -2s  ✅  1 Samuel 22
00:51:15 BLOC_A_SERIE_DU_JOUR              4m39s      4m37s      -2s  ✅  1 Samuel 23
00:55:52 BLOC_A_SERIE_DU_JOUR              3m34s      3m31s      -3s  ✅  1 Samuel 24
00:59:23 BLOC_A_SERIE_DU_JOUR              7m22s      7m20s      -2s  ✅  1 Samuel 25
01:06:43 BLOC_A_SERIE_DU_JOUR              4m35s      4m32s      -3s  ✅  1 Samuel 26
01:11:15 BLOC_A_SERIE_DU_JOUR              2m05s      2m03s      -2s  ✅  1 Samuel 27
01:13:18 BLOC_A_SERIE_DU_JOUR              4m23s      4m20s      -3s  ✅  1 Samuel 28
01:17:38 BLOC_A_SERIE_DU_JOUR              2m02s      1m59s      -3s  ✅  1 Samuel 29
01:19:37 BLOC_A_SERIE_DU_JOUR              4m57s      4m54s      -3s  ✅  1 Samuel 30
01:24:31 BLOC_A_SERIE_DU_JOUR              0m10s      0m08s      -2s  ✅  jingle avant louange 06 que la louange seleve
01:24:39 BLOC_A_SERIE_DU_JOUR              3m19s      3m17s      -2s  ✅  Awaken My Heart
01:27:56 BLOC_A_SERIE_DU_JOUR              6m56s      6m53s      -3s  ✅  As We Worship In Ypur Presence
01:34:49 BLOC_A_SERIE_DU_JOUR              5m08s      5m06s      -2s  ✅  He Has Given Me - PHF
01:39:55 BLOC_A_SERIE_DU_JOUR             11m53s     11m50s      -3s  ✅  Hashem - PHF
01:51:45 BLOC_A_SERIE_DU_JOUR              7m21s      7m18s      -3s  ✅  For By My God - Toronto & Winnipeg HF
01:59:03 BLOC_A_SERIE_DU_JOUR              3m04s      3m01s      -3s  ✅  The Lord is my Light and Salvation - Nonso Njoku
02:02:04 BLOC_A_SERIE_DU_JOUR              6m30s      6m28s      -2s  ✅  Praise the Lord of Host - Toronto HF
02:08:32 BLOC_A_SERIE_DU_JOUR              8m58s      8m55s      -3s  ✅  El Elyon - Toronto & Winnipeg HF
02:17:27 BLOC_A_SERIE_DU_JOUR              5m28s      5m32s      +4s  ✅  même humilié
02:22:59 BLOC_A_SERIE_DU_JOUR              1m38s      1m36s      -2s  ✅  Zacharie 5
02:24:35 BLOC_A_SERIE_DU_JOUR              2m22s      2m19s      -3s  ✅  Zacharie 6
02:26:54 BLOC_A_SERIE_DU_JOUR              2m07s      2m05s      -2s  ✅  Zacharie 7
02:28:59 BLOC_A_SERIE_DU_JOUR              3m51s      3m49s      -2s  ✅  Zacharie 8
02:32:48 BLOC_A_SERIE_DU_JOUR              3m12s      3m09s      -3s  ✅  Zacharie 9
02:35:57 BLOC_A_SERIE_DU_JOUR              2m13s      2m10s      -3s  ✅  Zacharie 10
02:38:07 BLOC_A_SERIE_DU_JOUR              2m53s      2m51s      -2s  ✅  Zacharie 11
02:40:58 BLOC_A_SERIE_DU_JOUR              2m38s      2m35s      -3s  ✅  Zacharie 12
02:43:33 BLOC_A_SERIE_DU_JOUR              1m43s      1m42s      -1s  ✅  Zacharie 13
02:45:15 BLOC_A_SERIE_DU_JOUR              4m06s      4m02s      -4s  ✅  Zacharie 14
02:49:17 BLOC_A_SERIE_DU_JOUR              4m51s      4m49s      -2s  ✅  Daniel 8
02:54:06 BLOC_A_SERIE_DU_JOUR              0m13s      0m10s      -3s  ✅  jingle avant louange 07 voici un temps de louange
02:54:16 BLOC_A_SERIE_DU_JOUR              7m51s      7m49s      -2s  ✅  There is no name  - Winnipeg Fellowship
03:02:05 BLOC_A_SERIE_DU_JOUR              4m13s      4m10s      -3s  ✅  4 minutes
03:06:15 BLOC_A_SERIE_DU_JOUR              6m35s      6m33s      -2s  ✅  cantique   ta lumière
03:12:48 BLOC_A_SERIE_DU_JOUR              5m58s      5m55s      -3s  ✅  In Jesus - PHF
03:18:43 BLOC_A_SERIE_DU_JOUR              9m14s      9m12s      -2s  ✅  A jamais, tu seras l Agneau de Dieu
03:27:55 BLOC_A_SERIE_DU_JOUR              5m21s      5m19s      -2s  ✅  By the word of the lord - Ketu HF
03:33:14 BLOC_A_SERIE_DU_JOUR              6m07s      6m04s      -3s  ✅  There Is Forgiveness In Thee - SWBN TV
03:39:18 BLOC_A_SERIE_DU_JOUR              4m14s      4m12s      -2s  ✅  Mon modèle, c est Jésus
03:43:30 BLOC_A_SERIE_DU_JOUR              8m25s      8m22s      -3s  ✅  The Mountains, Come and, Oh City - Ketu HF
03:51:52 BLOC_A_SERIE_DU_JOUR              0m13s      0m11s      -2s  ✅  jingle avant bible 07 place a la lecture de la bible
03:52:03 BLOC_A_SERIE_DU_JOUR              3m24s      3m21s      -3s  ✅  2 Corinthiens 10
03:55:24 BLOC_A_SERIE_DU_JOUR              5m26s      5m24s      -2s  ✅  2 Corinthiens 11
04:00:48 BLOC_A_SERIE_DU_JOUR              4m28s      4m25s      -3s  ✅  2 Corinthiens 12
04:05:13 BLOC_A_SERIE_DU_JOUR              2m25s      2m22s      -3s  ✅  2 Corinthiens 13
04:07:35 BLOC_A_SERIE_DU_JOUR              2m37s      2m35s      -2s  ✅  Michée 1
04:10:10 BLOC_A_SERIE_DU_JOUR              2m20s      2m18s      -2s  ✅  Michée 2
04:12:28 BLOC_A_SERIE_DU_JOUR              2m05s      2m02s      -3s  ✅  Michée 3
04:14:30 BLOC_A_SERIE_DU_JOUR              2m34s      2m31s      -3s  ✅  Michée 4
04:17:01 BLOC_A_SERIE_DU_JOUR              2m20s      2m17s      -3s  ✅  Michée 5
04:19:18 BLOC_A_SERIE_DU_JOUR              2m37s      2m35s      -2s  ✅  Michée 6
04:21:53 BLOC_A_SERIE_DU_JOUR              3m27s      3m24s      -3s  ✅  Michée 7
04:25:17 BLOC_A_SERIE_DU_JOUR              2m40s      2m37s      -3s  ✅  Amos 1
04:27:54 BLOC_A_SERIE_DU_JOUR              2m30s      2m28s      -2s  ✅  Amos 2
04:30:22 BLOC_A_SERIE_DU_JOUR              2m19s      2m17s      -2s  ✅  Amos 3
04:32:39 BLOC_A_SERIE_DU_JOUR              2m44s      2m41s      -3s  ✅  Amos 4
04:35:20 BLOC_A_SERIE_DU_JOUR              0m11s      0m08s      -3s  ✅  jingle avant louange 05 elevons nos coeurs vers dieu
04:35:28 BLOC_A_SERIE_DU_JOUR             10m35s     10m33s      -2s  ✅  Baruch Ha'ba B'Shem Adonai/Blessed Is He Who Comes in the Name of the Lord - Port Harcourt HF
04:46:01 BLOC_A_SERIE_DU_JOUR              4m53s      4m50s      -3s  ✅  Cantique Jahweh, Tu es élevé au dessus de tout (1)
04:50:51 BLOC_A_SERIE_DU_JOUR              5m57s      5m54s      -3s  ✅  You are God - Winnipeg Fellowship
04:56:45 BLOC_A_SERIE_DU_JOUR              6m54s      6m51s      -3s  ✅  There is no Lie (Imah Adegoke & Mary Umoh)
05:03:36 BLOC_A_SERIE_DU_JOUR              7m57s      7m55s      -2s  ✅  Yahweh is Mighty (Imah Adegoke)
05:11:31 BLOC_A_SERIE_DU_JOUR              7m29s      7m26s      -3s  ✅  Hallelujah - PHF
05:18:57 BLOC_A_SERIE_DU_JOUR              7m20s      7m18s      -2s  ✅  The Glory -  PHF
05:26:15 BLOC_A_SERIE_DU_JOUR              5m04s      5m02s      -2s  ✅  Guide Me - El ELyon - Abuja HF
05:31:17 BLOC_A_SERIE_DU_JOUR              0m09s      0m10s      +1s  ✅  JINGLE
05:31:27 BLOC_A_SERIE_DU_JOUR              2m56s      2m54s      -2s  ✅  Sophonie 1
05:34:21 BLOC_A_SERIE_DU_JOUR              2m46s      2m43s      -3s  ✅  Sophonie 2
05:37:04 BLOC_A_SERIE_DU_JOUR              3m46s      3m44s      -2s  ✅  Sophonie 3
05:40:48 BLOC_A_SERIE_DU_JOUR              3m16s      3m13s      -3s  ✅  1 Timothée 1
05:44:01 BLOC_A_SERIE_DU_JOUR              2m10s      2m07s      -3s  ✅  1 Timothée 2
05:46:08 BLOC_A_SERIE_DU_JOUR              2m24s      2m21s      -3s  ✅  1 Timothée 3
05:48:29 BLOC_A_SERIE_DU_JOUR              2m29s      2m27s      -2s  ✅  1 Timothée 4
05:50:56 BLOC_A_SERIE_DU_JOUR              0m09s      0m10s      +1s  ✅  JINGLE
05:51:06 BLOC_A_SERIE_DU_JOUR             10m13s     10m10s      -3s  ✅  As We Worship - Toronto & Winnipeg HF
06:01:16 BLOC_B_SERIE_DU_JOUR              0m11s      0m09s      -2s  ✅  jingle avant message 05 vous etes a lecoute de levangile du royaume
06:01:25 BLOC_B_SERIE_DU_JOUR             24m03s     24m00s      -3s  ✅  pqe j4
06:25:25 BLOC_B_SERIE_DU_JOUR              0m13s      0m10s      -3s  ✅  jingle avant bible 07 place a la lecture de la bible
06:25:35 BLOC_B_SERIE_DU_JOUR              3m12s      3m10s      -2s  ✅  Proverbes 1
06:28:45 BLOC_B_SERIE_DU_JOUR              1m57s      1m54s      -3s  ✅  Proverbes 2
06:30:39 BLOC_B_SERIE_DU_JOUR              3m04s      3m01s      -3s  ✅  Proverbes 3
06:33:40 BLOC_B_SERIE_DU_JOUR              2m27s      2m25s      -2s  ✅  Proverbes 4
06:36:05 BLOC_B_SERIE_DU_JOUR              2m06s      2m04s      -2s  ✅  Proverbes 5
06:38:09 BLOC_B_SERIE_DU_JOUR              3m14s      3m11s      -3s  ✅  Proverbes 6
06:41:20 BLOC_B_SERIE_DU_JOUR              2m24s      2m22s      -2s  ✅  Proverbes 7
06:43:42 BLOC_B_SERIE_DU_JOUR              3m11s      3m08s      -3s  ✅  Proverbes 8
06:46:50 BLOC_B_SERIE_DU_JOUR              1m36s      1m34s      -2s  ✅  Proverbes 9
06:48:24 BLOC_B_SERIE_DU_JOUR              3m14s      3m11s      -3s  ✅  Proverbes 10
06:51:35 BLOC_B_SERIE_DU_JOUR              3m12s      3m10s      -2s  ✅  Proverbes 11
06:54:45 BLOC_B_SERIE_DU_JOUR              2m57s      2m54s      -3s  ✅  Proverbes 12
06:57:39 BLOC_B_SERIE_DU_JOUR              2m40s      2m39s      -1s  ✅  Proverbes 13
07:00:18 BLOC_B_SERIE_DU_JOUR              3m35s      3m32s      -3s  ✅  Proverbes 14
07:03:50 BLOC_B_SERIE_DU_JOUR              3m26s      3m23s      -3s  ✅  Proverbes 15
07:07:13 BLOC_B_SERIE_DU_JOUR              3m18s      3m16s      -2s  ✅  Proverbes 16
07:10:29 BLOC_B_SERIE_DU_JOUR              2m57s      2m54s      -3s  ✅  Proverbes 17
07:13:23 BLOC_B_SERIE_DU_JOUR              2m16s      2m14s      -2s  ✅  Proverbes 18
07:15:37 BLOC_B_SERIE_DU_JOUR              3m01s      2m59s      -2s  ✅  Proverbes 19
07:18:36 BLOC_B_SERIE_DU_JOUR              2m55s      3m03s      +8s  ✅  Proverbes 20
07:21:39 BLOC_B_SERIE_DU_JOUR              5m10s      5m08s      -2s  ✅  I Will Call Upon The Lord
07:26:47 BLOC_B_SERIE_DU_JOUR              6m09s      6m06s      -3s  ✅  Hymne des vainqueurs
07:32:53 BLOC_B_SERIE_DU_JOUR              6m04s      6m02s      -2s  ✅  Sing Unto the Lord a new Song  - Winnipeg Fellowship
07:38:55 BLOC_B_SERIE_DU_JOUR             10m38s     10m36s      -2s  ✅  Be Exalted - PHF
07:49:31 BLOC_B_SERIE_DU_JOUR              5m04s      5m02s      -2s  ✅  I Enter The Holy of Holies - Port Harcourt HF
07:54:33 BLOC_B_SERIE_DU_JOUR              4m21s      4m19s      -2s  ✅  Sing Hallelujah - Abuja HF
07:58:52 BLOC_B_SERIE_DU_JOUR              6m02s      5m59s      -3s  ✅  Satisfy My Soul - Calabar HF
08:04:51 BLOC_B_SERIE_DU_JOUR              3m24s      3m21s      -3s  ✅  Cantique sa miséricorde
08:08:12 BLOC_B_SERIE_DU_JOUR              6m19s      6m17s      -2s  ✅  Unto Him - CHF
08:14:29 BLOC_B_SERIE_DU_JOUR              5m43s      5m47s      +4s  ✅  Cantique l Éternel est mon Berger (1)
08:20:16 BLOC_B_SERIE_DU_JOUR              2m20s      2m17s      -3s  ✅  Lamentations 5
08:22:33 BLOC_B_SERIE_DU_JOUR              3m43s      3m41s      -2s  ✅  Ruth 4
08:26:14 BLOC_B_SERIE_DU_JOUR              1m30s      1m27s      -3s  ✅  Lévitique 12
08:27:41 BLOC_B_SERIE_DU_JOUR             10m24s     10m22s      -2s  ✅  Lévitique 13
08:38:03 BLOC_B_SERIE_DU_JOUR              8m31s      8m28s      -3s  ✅  Lévitique 14
08:46:31 BLOC_B_SERIE_DU_JOUR              4m37s      4m34s      -3s  ✅  Lévitique 15
08:51:05 BLOC_B_SERIE_DU_JOUR              0m10s      0m08s      -2s  ✅  jingle avant louange 06 que la louange seleve
08:51:13 BLOC_B_SERIE_DU_JOUR              5m02s      5m00s      -2s  ✅  A Song Of Love
08:56:13 BLOC_B_SERIE_DU_JOUR              5m07s      5m04s      -3s  ✅  We Shall Come - Asaba Fellowship
09:01:17 BLOC_B_SERIE_DU_JOUR              2m20s      2m17s      -3s  ✅  cantique  heureux l homme qui ne marche pas selon
09:03:34 BLOC_B_SERIE_DU_JOUR              9m38s      9m36s      -2s  ✅  Holy are You oh Lord (Olaedo Uzoma & Vincent Opara)
09:13:10 BLOC_B_SERIE_DU_JOUR              5m13s      5m10s      -3s  ✅  Il s'appelait Emmanuel - Marcel Boungou + Paroles
09:18:20 BLOC_B_SERIE_DU_JOUR              6m12s      6m10s      -2s  ✅  Praise the Lord All Ye Nations - Toronto HF
09:24:30 BLOC_B_SERIE_DU_JOUR              3m41s      3m39s      -2s  ✅  Adorons l'Éternel GAEL - JÉSUS EST SEIGNEUR -
09:28:09 BLOC_B_SERIE_DU_JOUR              5m50s      5m47s      -3s  ✅  Jesus I'm Waiting for You (Mary Umoh)
09:33:56 BLOC_B_SERIE_DU_JOUR              5m48s      5m46s      -2s  ✅  Forever You Reign - Abuja HF
09:39:42 BLOC_B_SERIE_DU_JOUR              9m23s      9m29s      +6s  ✅  10 minutes
09:49:11 BLOC_B_SERIE_DU_JOUR              2m54s      2m51s      -3s  ✅  2 Chroniques 12
09:52:02 BLOC_B_SERIE_DU_JOUR              3m48s      3m46s      -2s  ✅  2 Chroniques 13
09:55:48 BLOC_B_SERIE_DU_JOUR              2m39s      2m36s      -3s  ✅  2 Chroniques 14
09:58:24 BLOC_B_SERIE_DU_JOUR              2m51s      2m49s      -2s  ✅  2 Chroniques 15
10:01:13 BLOC_B_SERIE_DU_JOUR              2m43s      2m40s      -3s  ✅  2 Chroniques 16
10:03:53 BLOC_B_SERIE_DU_JOUR              2m46s      2m44s      -2s  ✅  2 Chroniques 17
10:06:37 BLOC_B_SERIE_DU_JOUR              6m06s      6m04s      -2s  ✅  2 Chroniques 18
10:12:41 BLOC_B_SERIE_DU_JOUR              2m21s      2m18s      -3s  ✅  2 Chroniques 19
10:14:59 BLOC_B_SERIE_DU_JOUR              7m03s      7m01s      -2s  ✅  2 Chroniques 20
10:22:00 BLOC_B_SERIE_DU_JOUR              3m34s      3m31s      -3s  ✅  2 Chroniques 21
10:25:31 BLOC_B_SERIE_DU_JOUR              2m34s      2m32s      -2s  ✅  2 Chroniques 22
10:28:03 BLOC_B_SERIE_DU_JOUR              4m22s      4m19s      -3s  ✅  2 Chroniques 23
10:32:22 BLOC_B_SERIE_DU_JOUR              0m11s      0m09s      -2s  ✅  jingle avant louange 05 elevons nos coeurs vers dieu
10:32:31 BLOC_B_SERIE_DU_JOUR              4m52s      4m50s      -2s  ✅  God is Moving Us On - Ketu HF
10:37:21 BLOC_B_SERIE_DU_JOUR              6m10s      6m07s      -3s  ✅  That I May Know Him - Toronto HF
10:43:28 BLOC_B_SERIE_DU_JOUR              5m52s      5m49s      -3s  ✅  Where Two or Three are Gathered - Calabar HF
10:49:17 BLOC_B_SERIE_DU_JOUR              2m57s      2m55s      -2s  ✅  You Are the Captain of the Host - Toronto HF
10:52:12 BLOC_B_SERIE_DU_JOUR              8m24s      8m21s      -3s  ✅  Bless Ye the Lord - PHF
11:00:33 BLOC_B_SERIE_DU_JOUR              3m22s      3m20s      -2s  ✅  Ses cheveux étaient blancs..
11:03:53 BLOC_B_SERIE_DU_JOUR              8m18s      8m15s      -3s  ✅  Yahweh Is Mighty - SWBN TV
11:12:08 BLOC_B_SERIE_DU_JOUR              9m24s      9m22s      -2s  ✅  I See Your Face - Toronto HF
11:21:30 BLOC_B_SERIE_DU_JOUR              9m23s      9m20s      -3s  ✅  Thou art Worthy Lord - PHF
11:30:50 BLOC_B_SERIE_DU_JOUR              0m09s      0m10s      +1s  ✅  jingle id station 02 radio evangile du royaume
11:31:00 BLOC_B_SERIE_DU_JOUR              2m54s      2m51s      -3s  ✅  Malachie 1
11:33:51 BLOC_B_SERIE_DU_JOUR              3m17s      3m14s      -3s  ✅  Malachie 2
11:37:05 BLOC_B_SERIE_DU_JOUR              3m22s      3m20s      -2s  ✅  Malachie 3
11:40:25 BLOC_B_SERIE_DU_JOUR              1m05s      1m02s      -3s  ✅  Malachie 4
11:41:27 BLOC_B_SERIE_DU_JOUR              4m55s      4m52s      -3s  ✅  Ézéchiel 17
11:46:19 BLOC_B_SERIE_DU_JOUR              5m23s      5m21s      -2s  ✅  Ézéchiel 18
11:51:40 BLOC_B_SERIE_DU_JOUR              0m09s      0m10s      +1s  ✅  jingle id station 01 la bonne nouvelle partout
11:51:50 BLOC_B_SERIE_DU_JOUR              4m11s      4m08s      -3s  ✅  jai donné ma vie à jésus (1)
11:55:58 BLOC_B_SERIE_DU_JOUR              8m12s      8m10s      -2s  ✅  Jesus is Alpha - PHF
12:04:08 BLOC_C_SERIE_DU_JOUR              0m10s      0m10s      +0s  ✅  jingle avant message 01 voici le message du jour
12:04:18 BLOC_C_SERIE_DU_JOUR             24m03s     24m00s      -3s  ✅  pqe j4
12:28:18 BLOC_C_SERIE_DU_JOUR              0m13s      0m11s      -2s  ✅  jingle avant bible 07 place a la lecture de la bible
12:28:29 BLOC_C_SERIE_DU_JOUR              2m40s      2m37s      -3s  ✅  Habacuc 1
12:31:06 BLOC_C_SERIE_DU_JOUR              3m24s      3m21s      -3s  ✅  Habacuc 2
12:34:27 BLOC_C_SERIE_DU_JOUR              3m11s      3m09s      -2s  ✅  Habacuc 3
12:37:36 BLOC_C_SERIE_DU_JOUR              1m53s      1m50s      -3s  ✅  Osée 11
12:39:26 BLOC_C_SERIE_DU_JOUR              2m04s      2m02s      -2s  ✅  Osée 12
12:41:28 BLOC_C_SERIE_DU_JOUR              2m43s      2m41s      -2s  ✅  Osée 13
12:44:09 BLOC_C_SERIE_DU_JOUR              1m37s      1m35s      -2s  ✅  Osée 14
12:45:44 BLOC_C_SERIE_DU_JOUR              4m50s      4m47s      -3s  ✅  Nombres 23
12:50:31 BLOC_C_SERIE_DU_JOUR              4m11s      4m09s      -2s  ✅  Nombres 24
12:54:40 BLOC_C_SERIE_DU_JOUR              2m41s      2m39s      -2s  ✅  Nombres 25
12:57:19 BLOC_C_SERIE_DU_JOUR              9m41s      9m39s      -2s  ✅  Nombres 26
13:06:58 BLOC_C_SERIE_DU_JOUR              3m37s      3m35s      -2s  ✅  Nombres 27
13:10:33 BLOC_C_SERIE_DU_JOUR              4m29s      4m27s      -2s  ✅  Nombres 28
13:15:00 BLOC_C_SERIE_DU_JOUR              5m20s      5m17s      -3s  ✅  Nombres 29
13:20:17 BLOC_C_SERIE_DU_JOUR              2m47s      2m44s      -3s  ✅  Nombres 30
13:23:01 BLOC_C_SERIE_DU_JOUR              6m36s      6m33s      -3s  ✅  Nombres 31
13:29:34 BLOC_C_SERIE_DU_JOUR              0m10s      0m08s      -2s  ✅  jingle avant louange 06 que la louange seleve
13:29:42 BLOC_C_SERIE_DU_JOUR              7m09s      7m07s      -2s  ✅  There is A Mighty River Flowing - Ketu HF
13:36:49 BLOC_C_SERIE_DU_JOUR              6m13s      6m10s      -3s  ✅  Immortal God - Elohim Adonai - Abuja HF
13:42:59 BLOC_C_SERIE_DU_JOUR             11m54s     11m52s      -2s  ✅  Great & Marvelluos - Toronto HF
13:54:51 BLOC_C_SERIE_DU_JOUR              8m31s      8m29s      -2s  ✅  Holy Holy - Abuja HF
14:03:20 BLOC_C_SERIE_DU_JOUR              6m02s      5m59s      -3s  ✅  Rejoice - PHF
14:09:19 BLOC_C_SERIE_DU_JOUR              4m04s      4m02s      -2s  ✅  Ascribe Greatness - PHF
14:13:21 BLOC_C_SERIE_DU_JOUR             11m01s     10m58s      -3s  ✅  Great is, Ascribe - Ketu HF
14:24:19 BLOC_C_SERIE_DU_JOUR              8m10s      8m07s      -3s  ✅  Great and Marvellous - Ketu HF
14:32:26 BLOC_C_SERIE_DU_JOUR              0m09s      0m07s      -2s  ✅  jingle avant bible 08 prenons un moment pour ecouter la parole
14:32:33 BLOC_C_SERIE_DU_JOUR              5m48s      5m46s      -2s  ✅  Genèse 1
14:38:19 BLOC_C_SERIE_DU_JOUR              3m53s      3m50s      -3s  ✅  Genèse 2
14:42:09 BLOC_C_SERIE_DU_JOUR              4m20s      4m17s      -3s  ✅  Genèse 3
14:46:26 BLOC_C_SERIE_DU_JOUR              4m21s      4m19s      -2s  ✅  Genèse 4
14:50:45 BLOC_C_SERIE_DU_JOUR              3m33s      3m31s      -2s  ✅  Genèse 5
14:54:16 BLOC_C_SERIE_DU_JOUR              3m52s      3m50s      -2s  ✅  Genèse 6
14:58:06 BLOC_C_SERIE_DU_JOUR              3m31s      3m37s      +6s  ✅  Genèse 7
15:01:43 BLOC_C_SERIE_DU_JOUR              2m16s      2m13s      -3s  ✅  cantique  nous sommes le sel de la terre
15:03:56 BLOC_C_SERIE_DU_JOUR              6m57s      6m55s      -2s  ✅  qui est digne d ouvrir le livre
15:10:51 BLOC_C_SERIE_DU_JOUR              6m59s      6m56s      -3s  ✅  Hosanna - Toronto HF
15:17:47 BLOC_C_SERIE_DU_JOUR              4m44s      4m42s      -2s  ✅  Je veux vivre ton royaume
15:22:29 BLOC_C_SERIE_DU_JOUR              8m30s      8m28s      -2s  ✅  We Worship Adonai - PHF
15:30:57 BLOC_C_SERIE_DU_JOUR              9m04s      9m01s      -3s  ✅  You're the Lamb - Calabar HF
15:39:58 BLOC_C_SERIE_DU_JOUR              7m17s      7m15s      -2s  ✅  cantique  tes promesses  pub direct dec 2021 import (2)
15:47:13 BLOC_C_SERIE_DU_JOUR              6m41s      6m38s      -3s  ✅  6 minutes
15:53:51 BLOC_C_SERIE_DU_JOUR              7m09s      7m06s      -3s  ✅  My God Is Good - Winnipeg Fellowship
16:00:57 BLOC_C_SERIE_DU_JOUR              0m10s      0m08s      -2s  ✅  jingle avant bible 06 ouvrons les saintes ecritures
16:01:05 BLOC_C_SERIE_DU_JOUR              4m17s      4m14s      -3s  ✅  Exode 13
16:05:19 BLOC_C_SERIE_DU_JOUR              6m00s      5m58s      -2s  ✅  Exode 14
16:11:17 BLOC_C_SERIE_DU_JOUR              5m12s      5m10s      -2s  ✅  Exode 15
16:16:27 BLOC_C_SERIE_DU_JOUR              7m23s      7m20s      -3s  ✅  Exode 16
16:23:47 BLOC_C_SERIE_DU_JOUR              3m21s      3m18s      -3s  ✅  Exode 17
16:27:05 BLOC_C_SERIE_DU_JOUR              5m03s      5m01s      -2s  ✅  Exode 18
16:32:06 BLOC_C_SERIE_DU_JOUR              4m26s      4m24s      -2s  ✅  Exode 19
16:36:30 BLOC_C_SERIE_DU_JOUR              4m11s      4m09s      -2s  ✅  Exode 20
16:40:39 BLOC_C_SERIE_DU_JOUR              5m56s      5m53s      -3s  ✅  Exode 21
16:46:32 BLOC_C_SERIE_DU_JOUR              0m13s      0m10s      -3s  ✅  jingle avant louange 07 voici un temps de louange
16:46:42 BLOC_C_SERIE_DU_JOUR              4m52s      4m50s      -2s  ✅  cantique   prends tout le contrôle
16:51:32 BLOC_C_SERIE_DU_JOUR              8m22s      8m20s      -2s  ✅  Yeshua Hamashiach - Calabar HF
16:59:52 BLOC_C_SERIE_DU_JOUR              7m36s      7m33s      -3s  ✅  There Is No Lie - SWBN TV
17:07:25 BLOC_C_SERIE_DU_JOUR              7m04s      7m01s      -3s  ✅  We Bless You Wonderful God  - Winnipeg Fellowship
17:14:26 BLOC_C_SERIE_DU_JOUR              3m12s      3m10s      -2s  ✅  esprit de dieu
17:17:36 BLOC_C_SERIE_DU_JOUR              8m10s      8m08s      -2s  ✅  Agunechemba - SWBN TV
17:25:44 BLOC_C_SERIE_DU_JOUR              5m10s      5m08s      -2s  ✅  Igwe
17:30:52 BLOC_C_SERIE_DU_JOUR              8m21s      8m19s      -2s  ✅  My Heart Rejoices - Toronto HF
17:39:11 BLOC_C_SERIE_DU_JOUR              6m12s      6m18s      +6s  ✅  The King is Here (Abasiama Timothy)
17:45:29 BLOC_C_SERIE_DU_JOUR              4m15s      4m13s      -2s  ✅  Philippiens 1
17:49:42 BLOC_C_SERIE_DU_JOUR              4m28s      4m26s      -2s  ✅  Philippiens 2
17:54:08 BLOC_C_SERIE_DU_JOUR              3m26s      3m23s      -3s  ✅  Philippiens 3
17:57:31 BLOC_C_SERIE_DU_JOUR              3m39s      3m42s      +3s  ✅  Philippiens 4
18:01:13 BLOC_D_SERIE_DU_JOUR             24m03s     24m01s      -2s  ✅  pqe j4
18:25:14 BLOC_D_SERIE_DU_JOUR              0m10s      0m08s      -2s  ✅  jingle avant bible 06 ouvrons les saintes ecritures
18:25:22 BLOC_D_SERIE_DU_JOUR              5m42s      5m39s      -3s  ✅  2 Rois 6
18:31:01 BLOC_D_SERIE_DU_JOUR              4m28s      4m26s      -2s  ✅  2 Rois 7
18:35:27 BLOC_D_SERIE_DU_JOUR              5m34s      5m32s      -2s  ✅  2 Rois 8
18:40:59 BLOC_D_SERIE_DU_JOUR              7m22s      7m19s      -3s  ✅  2 Rois 9
18:48:18 BLOC_D_SERIE_DU_JOUR              6m58s      6m57s      -1s  ✅  2 Rois 10
18:55:15 BLOC_D_SERIE_DU_JOUR              4m05s      4m01s      -4s  ✅  2 Rois 11
18:59:16 BLOC_D_SERIE_DU_JOUR              4m08s      4m06s      -2s  ✅  2 Rois 12
19:03:22 BLOC_D_SERIE_DU_JOUR              4m37s      4m35s      -2s  ✅  2 Rois 13
19:07:57 BLOC_D_SERIE_DU_JOUR              5m07s      5m05s      -2s  ✅  2 Rois 14
19:13:02 BLOC_D_SERIE_DU_JOUR              6m21s      6m18s      -3s  ✅  2 Rois 15
19:19:20 BLOC_D_SERIE_DU_JOUR              0m13s      0m10s      -3s  ✅  jingle avant louange 07 voici un temps de louange
19:19:30 BLOC_D_SERIE_DU_JOUR              6m02s      5m59s      -3s  ✅  Crown Him Lord of Lords - Nonso Njoku
19:25:29 BLOC_D_SERIE_DU_JOUR              7m19s      7m17s      -2s  ✅  You Have sworn By Your Holiness - Chidera Bisong
19:32:46 BLOC_D_SERIE_DU_JOUR              5m19s      5m17s      -2s  ✅  Gabrielle LIDJI - Mélodie Céleste  by LFXA(Light FX Animation)_2
19:38:03 BLOC_D_SERIE_DU_JOUR              5m21s      5m18s      -3s  ✅  We Shall Not Fear - Nonso Njoku
19:43:21 BLOC_D_SERIE_DU_JOUR             10m25s     10m23s      -2s  ✅  Holy Are You - PHF
19:53:44 BLOC_D_SERIE_DU_JOUR              5m33s      5m30s      -3s  ✅  He Shall Feed His Flock - I Want to walk  - Ketu HF
19:59:14 BLOC_D_SERIE_DU_JOUR              4m11s      4m09s      -2s  ✅  Cantique   Oh Éternel Dieu, Tu es le Dieu Incomparable
20:03:23 BLOC_D_SERIE_DU_JOUR              6m15s      6m13s      -2s  ✅  Oh Lord I Want to Know Your Glory - Port Harcourt HF
20:09:36 BLOC_D_SERIE_DU_JOUR              4m20s      4m17s      -3s  ✅  There's A Mighty River Flowing - SWBN TV
20:13:53 BLOC_D_SERIE_DU_JOUR              0m09s      0m07s      -2s  ✅  jingle avant bible 08 prenons un moment pour ecouter la parole
20:14:00 BLOC_D_SERIE_DU_JOUR              2m25s      2m23s      -2s  ✅  Cantique des Cantiques 1
20:16:23 BLOC_D_SERIE_DU_JOUR              2m32s      2m29s      -3s  ✅  Cantique des Cantiques 2
20:18:52 BLOC_D_SERIE_DU_JOUR              1m53s      1m51s      -2s  ✅  Cantique des Cantiques 3
20:20:43 BLOC_D_SERIE_DU_JOUR              2m50s      2m47s      -3s  ✅  Cantique des Cantiques 4
20:23:30 BLOC_D_SERIE_DU_JOUR              2m54s      2m52s      -2s  ✅  Cantique des Cantiques 5
20:26:22 BLOC_D_SERIE_DU_JOUR              2m06s      2m03s      -3s  ✅  Cantique des Cantiques 6
20:28:25 BLOC_D_SERIE_DU_JOUR              1m57s      1m54s      -3s  ✅  Cantique des Cantiques 7
20:30:19 BLOC_D_SERIE_DU_JOUR              2m29s      2m27s      -2s  ✅  Cantique des Cantiques 8
20:32:46 BLOC_D_SERIE_DU_JOUR              4m02s      3m59s      -3s  ✅  Esther 1
20:36:45 BLOC_D_SERIE_DU_JOUR              4m44s      4m41s      -3s  ✅  Esther 2
20:41:26 BLOC_D_SERIE_DU_JOUR              0m11s      0m08s      -3s  ✅  jingle avant louange 05 elevons nos coeurs vers dieu
20:41:34 BLOC_D_SERIE_DU_JOUR              6m57s      6m55s      -2s  ✅  The Lord on High is Mightier - Toronto HF
20:48:29 BLOC_D_SERIE_DU_JOUR              5m52s      5m50s      -2s  ✅  Not Naked (Abasiama Timothy)
20:54:19 BLOC_D_SERIE_DU_JOUR             10m24s     10m22s      -2s  ✅  Shine in Darkness O Lord  - Winnipeg Fellowship
21:04:41 BLOC_D_SERIE_DU_JOUR              8m41s      8m38s      -3s  ✅  Unto Him (Vincent Opara)
21:13:19 BLOC_D_SERIE_DU_JOUR              6m06s      6m04s      -2s  ✅  cantique  ta bonte
21:19:23 BLOC_D_SERIE_DU_JOUR              4m33s      4m31s      -2s  ✅  God is Building - Will You Be - Ketu HF
21:23:54 BLOC_D_SERIE_DU_JOUR              6m28s      6m25s      -3s  ✅  Le Bien-Etre Universel
21:30:19 BLOC_D_SERIE_DU_JOUR              9m39s      9m36s      -3s  ✅  Psalm 93 - Port Harcourt HF
21:39:55 BLOC_D_SERIE_DU_JOUR              0m13s      0m11s      -2s  ✅  jingle avant bible 07 place a la lecture de la bible
21:40:06 BLOC_D_SERIE_DU_JOUR              2m43s      2m40s      -3s  ✅  Tite 1
21:42:46 BLOC_D_SERIE_DU_JOUR              2m10s      2m08s      -2s  ✅  Tite 2
21:44:54 BLOC_D_SERIE_DU_JOUR              2m22s      2m19s      -3s  ✅  Tite 3
21:47:13 BLOC_D_SERIE_DU_JOUR              4m27s      4m25s      -2s  ✅  Jude 1
21:51:38 BLOC_D_SERIE_DU_JOUR              2m21s      2m18s      -3s  ✅  Ecclésiaste 1
21:53:56 BLOC_D_SERIE_DU_JOUR              4m17s      4m15s      -2s  ✅  Ecclésiaste 2
21:58:11 BLOC_D_SERIE_DU_JOUR              2m50s      2m48s      -2s  ✅  Ecclésiaste 3
22:00:59 BLOC_D_SERIE_DU_JOUR              2m23s      2m20s      -3s  ✅  Ecclésiaste 4
22:03:19 BLOC_D_SERIE_DU_JOUR              3m17s      3m15s      -2s  ✅  Ecclésiaste 5
22:06:34 BLOC_D_SERIE_DU_JOUR              1m50s      1m47s      -3s  ✅  Ecclésiaste 6
22:08:21 BLOC_D_SERIE_DU_JOUR              3m44s      3m42s      -2s  ✅  Ecclésiaste 7
22:12:03 BLOC_D_SERIE_DU_JOUR              2m51s      2m49s      -2s  ✅  Ecclésiaste 8
22:14:52 BLOC_D_SERIE_DU_JOUR              3m14s      3m11s      -3s  ✅  Ecclésiaste 9
22:18:03 BLOC_D_SERIE_DU_JOUR              0m10s      0m08s      -2s  ✅  jingle avant louange 06 que la louange seleve
22:18:11 BLOC_D_SERIE_DU_JOUR              4m08s      4m05s      -3s  ✅  I Choose the Way of the Lord - Abuja HF
22:22:16 BLOC_D_SERIE_DU_JOUR              4m05s      4m03s      -2s  ✅  Song Of Victory - Emmanuel Igunbor
22:26:19 BLOC_D_SERIE_DU_JOUR              7m18s      7m15s      -3s  ✅  Holy is the Lord (Emmanuel Umoh)
22:33:34 BLOC_D_SERIE_DU_JOUR              7m25s      7m22s      -3s  ✅  Victorious Is the Lamb - Winnipeg Fellowship
22:40:56 BLOC_D_SERIE_DU_JOUR              4m48s      4m46s      -2s  ✅  Yeshua I'm Waiting for You  - Ketu HF
22:45:42 BLOC_D_SERIE_DU_JOUR              5m45s      5m42s      -3s  ✅  How Precious Oh Lord
22:51:24 BLOC_D_SERIE_DU_JOUR              7m37s      7m35s      -2s  ✅  Cantiques  Il a pris mes iniquités
22:58:59 BLOC_D_SERIE_DU_JOUR              4m03s      4m00s      -3s  ✅  I Will Not Be Silent - Calabar HF
23:02:59 BLOC_D_SERIE_DU_JOUR              7m46s      7m44s      -2s  ✅  Arise Out of Zion  - Winnipeg Fellowship
23:10:43 BLOC_D_SERIE_DU_JOUR              0m09s      0m09s      +0s  ✅  JINGLE
23:10:52 BLOC_D_SERIE_DU_JOUR              0m43s      0m41s      -2s  ✅  Psaumes 13
23:11:33 BLOC_D_SERIE_DU_JOUR              0m59s      0m57s      -2s  ✅  Psaumes 14
23:12:30 BLOC_D_SERIE_DU_JOUR              0m42s      0m40s      -2s  ✅  Psaumes 15
23:13:10 BLOC_D_SERIE_DU_JOUR              1m06s      1m03s      -3s  ✅  Psaumes 16
23:14:13 BLOC_D_SERIE_DU_JOUR              1m45s      1m43s      -2s  ✅  Psaumes 17
23:15:56 BLOC_D_SERIE_DU_JOUR              5m00s      4m58s      -2s  ✅  Psaumes 18
23:20:54 BLOC_D_SERIE_DU_JOUR              1m37s      1m35s      -2s  ✅  Psaumes 19
23:22:29 BLOC_D_SERIE_DU_JOUR              0m58s      0m56s      -2s  ✅  Psaumes 20
23:23:25 BLOC_D_SERIE_DU_JOUR              1m25s      1m22s      -3s  ✅  Psaumes 21
23:24:47 BLOC_D_SERIE_DU_JOUR              3m21s      3m19s      -2s  ✅  Psaumes 22
23:28:06 BLOC_D_SERIE_DU_JOUR              0m09s      0m09s      +0s  ✅  jingle id station 02 radio evangile du royaume
23:28:15 BLOC_D_SERIE_DU_JOUR              8m21s      8m19s      -2s  ✅  In the Day of Your Power  - Winnipeg Fellowship
23:36:34 BLOC_E_LOUANGE_NUIT               4m13s      4m11s      -2s  ✅  4 minutes
23:40:45 BLOC_E_LOUANGE_NUIT               5m28s      5m25s      -3s  ✅  même humilié
23:46:10 BLOC_E_LOUANGE_NUIT               2m16s      2m13s      -3s  ✅  cantique  nous sommes le sel de la terre
23:48:23 BLOC_E_LOUANGE_NUIT              10m47s     10m54s      +7s  ✅  Abba, Singing a, I Will Sing - Ketu HF
23:59:17 ?                                 0m48s      0m48s      +0s  ✅  AzuraCast is Live!
----------------------------------------------------------------------------------------------------
Bilan : 318 titres, 0 anomalie(s) (titre coupé de plus de 10s ou trou d'antenne).

====================================================================================================
CONTRÔLES APPROFONDIS
====================================================================================================
MESSAGE DU JOUR « PQE J 4 » : 4 diffusion(s) pour 4 prévue(s) ✅
   00:04:56  (étiquette BLOC_A_SERIE_DU_JOUR)
   06:01:25  (étiquette BLOC_B_SERIE_DU_JOUR)
   12:04:18  (étiquette BLOC_C_SERIE_DU_JOUR)
   18:01:13  (étiquette BLOC_D_SERIE_DU_JOUR)
JINGLES : 28 joués / 36 prévus (78%) ⚠️   ·   BLOC_A 8/9 · BLOC_B 6/9 · BLOC_C 6/9 · BLOC_D 8/9
HORS FENÊTRE : aucun débordement de bloc détecté ✅
BOUCHE-TROUS : 2 titre(s) hors plan sans playlist ⚠️
   00:01:45  ?  (3m05s)
   23:59:17  AzuraCast is Live!  (0m48s)
COUVERTURE : premier titre à 00:01:45 ✅ · dernier titre finit vers 00:00:05 (estimé) ✅

====================================================================================================
RÉEL vs PRÉVU — ce qui a joué vs ce que le plan prévoyait
====================================================================================================
----------------------------------------------------------------------------------------------------
BLOC_A  (00:00-06:00)  prévus  86 · atteignables  83 · joués  83 · conformité  99% · sautés  1 · en trop  1
   ⏭️  PRÉVU NON JOUÉ : jingle avant bible 08 prenons un moment pour ecouter la parole
   ➕  JOUÉ NON PRÉVU : ?
   ⏸️  FIN DE BLOC NON ATTEINTE (3 titres · ~19m23s) — marge anti-rebouclage au-delà de la fenêtre, normal : Good God - Asaba Fellowship · All in All - CHF · He Has Given Me & Emmanuel You Joy Over Us (Medley) (Abasiama Timothy & Imah Adegoke)
----------------------------------------------------------------------------------------------------
BLOC_B  (06:00-12:00)  prévus  88 · atteignables  85 · joués  82 · conformité  96% · sautés  3 · en trop  0
   ⏭️  PRÉVU NON JOUÉ : jingle avant louange 07 voici un temps de louange · jingle avant bible 08 prenons un moment pour ecouter la parole · jingle avant bible 06 ouvrons les saintes ecritures
   ⏸️  FIN DE BLOC NON ATTEINTE (3 titres · ~14m38s) — marge anti-rebouclage au-delà de la fenêtre, normal : I Know The Blood - PHF · la Parole · You're the Lamb (Abasiama Timothy)
----------------------------------------------------------------------------------------------------
BLOC_C  (12:00-18:00)  prévus  77 · atteignables  71 · joués  69 · conformité  97% · sautés  2 · en trop  0
   ⏭️  PRÉVU NON JOUÉ : jingle avant louange 05 elevons nos coeurs vers dieu · JINGLE
   ⏸️  FIN DE BLOC NON ATTEINTE (6 titres · ~30m47s) — marge anti-rebouclage au-delà de la fenêtre, normal : Actes 1 · JINGLE · 15 at 01.33.50 (1)(1) · cantique  béni soit le dieu d israël · Now is Come Salvation - Toronto HF · God's Got An Army - PHF
----------------------------------------------------------------------------------------------------
BLOC_D  (18:00-23:30)  prévus  82 · atteignables  80 · joués  79 · conformité  99% · sautés  1 · en trop  0
   ⏭️  PRÉVU NON JOUÉ : jingle avant message 03 vous ecoutez parole prophetique fm
   ⏸️  FIN DE BLOC NON ATTEINTE (2 titres · ~15m30s) — marge anti-rebouclage au-delà de la fenêtre, normal : We Ascribe Greatness - Abuja HF · Thy Throne Oh Lord - Ketu HF
----------------------------------------------------------------------------------------------------
CONFORMITÉ GLOBALE : 312/319 titres atteignables joués dans l'ordre = 98%  (1 titre(s) hors plan · 14 non atteint(s) en fin de bloc, marge normale)
