Rapport de diffusion — 2026-07-14 (heures UTC)
317 titres joués | tolérance ±10s
====================================================================================================
HEURE    PLAYLIST                     FICHIER          RÉEL    ÉCART  STATUT  TITRE
----------------------------------------------------------------------------------------------------
00:01:39 BLOC_A_SERIE_DU_JOUR              0m09s      1m48s     +99s  ⚠️ TROU APRÈS  jingle avant message 03 vous ecoutez parole prophetique fm
00:03:27 BLOC_A_SERIE_DU_JOUR             13m20s     13m17s      -3s  ✅  2020 tian le pardon 4
00:16:44 BLOC_A_SERIE_DU_JOUR              0m13s      0m11s      -2s  ✅  jingle avant bible 07 place a la lecture de la bible
00:16:55 BLOC_A_SERIE_DU_JOUR              2m43s      2m40s      -3s  ✅  Tite 1
00:19:35 BLOC_A_SERIE_DU_JOUR              2m10s      2m08s      -2s  ✅  Tite 2
00:21:43 BLOC_A_SERIE_DU_JOUR              2m22s      2m19s      -3s  ✅  Tite 3
00:24:02 BLOC_A_SERIE_DU_JOUR              2m39s      2m37s      -2s  ✅  Proverbes 29
00:26:39 BLOC_A_SERIE_DU_JOUR              3m27s      3m24s      -3s  ✅  Proverbes 30
00:30:03 BLOC_A_SERIE_DU_JOUR              2m34s      2m32s      -2s  ✅  Proverbes 31
00:32:35 BLOC_A_SERIE_DU_JOUR              2m05s      2m03s      -2s  ✅  3 Jean 1
00:34:38 BLOC_A_SERIE_DU_JOUR              3m34s      3m31s      -3s  ✅  Zacharie 1
00:38:09 BLOC_A_SERIE_DU_JOUR              1m51s      1m49s      -2s  ✅  Zacharie 2
00:39:58 BLOC_A_SERIE_DU_JOUR              1m46s      1m43s      -3s  ✅  Zacharie 3
00:41:41 BLOC_A_SERIE_DU_JOUR              2m06s      2m04s      -2s  ✅  Zacharie 4
00:43:45 BLOC_A_SERIE_DU_JOUR              1m38s      1m36s      -2s  ✅  Zacharie 5
00:45:21 BLOC_A_SERIE_DU_JOUR              2m22s      2m19s      -3s  ✅  Zacharie 6
00:47:40 BLOC_A_SERIE_DU_JOUR              2m07s      2m04s      -3s  ✅  Zacharie 7
00:49:44 BLOC_A_SERIE_DU_JOUR              3m51s      3m49s      -2s  ✅  Zacharie 8
00:53:33 BLOC_A_SERIE_DU_JOUR              3m12s      3m09s      -3s  ✅  Zacharie 9
00:56:42 BLOC_A_SERIE_DU_JOUR              2m13s      2m11s      -2s  ✅  Zacharie 10
00:58:53 BLOC_A_SERIE_DU_JOUR              2m53s      2m51s      -2s  ✅  Zacharie 11
01:01:44 BLOC_A_SERIE_DU_JOUR              2m38s      2m35s      -3s  ✅  Zacharie 12
01:04:19 BLOC_A_SERIE_DU_JOUR              1m43s      1m41s      -2s  ✅  Zacharie 13
01:06:00 BLOC_A_SERIE_DU_JOUR              4m06s      4m03s      -3s  ✅  Zacharie 14
01:10:03 BLOC_A_SERIE_DU_JOUR              3m02s      3m00s      -2s  ✅  Nahum 3
01:13:03 BLOC_A_SERIE_DU_JOUR              4m15s      4m13s      -2s  ✅  Philippiens 1
01:17:16 BLOC_A_SERIE_DU_JOUR              0m13s      0m10s      -3s  ✅  jingle avant louange 07 voici un temps de louange
01:17:26 BLOC_A_SERIE_DU_JOUR              7m19s      7m16s      -3s  ✅  You Have sworn By Your Holiness - Chidera Bisong
01:24:42 BLOC_A_SERIE_DU_JOUR              4m52s      4m50s      -2s  ✅  cantique   prends tout le contrôle
01:29:32 BLOC_A_SERIE_DU_JOUR              4m44s      4m42s      -2s  ✅  Je veux vivre ton royaume
01:34:14 BLOC_A_SERIE_DU_JOUR              5m52s      5m50s      -2s  ✅  Not Naked (Abasiama Timothy)
01:40:04 BLOC_A_SERIE_DU_JOUR              7m46s      7m44s      -2s  ✅  Arise Out of Zion  - Winnipeg Fellowship
01:47:48 BLOC_A_SERIE_DU_JOUR              8m12s      8m09s      -3s  ✅  Jesus is Alpha - PHF
01:55:57 BLOC_A_SERIE_DU_JOUR              5m33s      5m30s      -3s  ✅  He Shall Feed His Flock - I Want to walk  - Ketu HF
02:01:27 BLOC_A_SERIE_DU_JOUR              8m21s      8m19s      -2s  ✅  My Heart Rejoices - Toronto HF
02:09:46 BLOC_A_SERIE_DU_JOUR              8m21s      8m26s      +5s  ✅  In the Day of Your Power  - Winnipeg Fellowship
02:18:12 BLOC_A_SERIE_DU_JOUR              4m26s      4m24s      -2s  ✅  Exode 19
02:22:36 BLOC_A_SERIE_DU_JOUR              4m11s      4m09s      -2s  ✅  Exode 20
02:26:45 BLOC_A_SERIE_DU_JOUR              5m56s      5m53s      -3s  ✅  Exode 21
02:32:38 BLOC_A_SERIE_DU_JOUR              5m07s      5m05s      -2s  ✅  Exode 22
02:37:43 BLOC_A_SERIE_DU_JOUR              5m46s      5m43s      -3s  ✅  Exode 23
02:43:26 BLOC_A_SERIE_DU_JOUR              3m21s      3m18s      -3s  ✅  Exode 24
02:46:44 BLOC_A_SERIE_DU_JOUR              5m57s      5m55s      -2s  ✅  Exode 25
02:52:39 BLOC_A_SERIE_DU_JOUR              0m10s      0m08s      -2s  ✅  jingle avant louange 06 que la louange seleve
02:52:47 BLOC_A_SERIE_DU_JOUR              8m41s      8m38s      -3s  ✅  Unto Him (Vincent Opara)
03:01:25 BLOC_A_SERIE_DU_JOUR              8m24s      8m22s      -2s  ✅  Bless Ye the Lord - PHF
03:09:47 BLOC_A_SERIE_DU_JOUR              6m57s      6m54s      -3s  ✅  The Lord on High is Mightier - Toronto HF
03:16:41 BLOC_A_SERIE_DU_JOUR             10m24s     10m22s      -2s  ✅  Shine in Darkness O Lord  - Winnipeg Fellowship
03:27:03 BLOC_A_SERIE_DU_JOUR             10m47s     10m44s      -3s  ✅  Abba, Singing a, I Will Sing - Ketu HF
03:37:47 BLOC_A_SERIE_DU_JOUR              8m22s      8m20s      -2s  ✅  Yeshua Hamashiach - Calabar HF
03:46:07 BLOC_A_SERIE_DU_JOUR              6m15s      6m13s      -2s  ✅  Oh Lord I Want to Know Your Glory - Port Harcourt HF
03:52:20 BLOC_A_SERIE_DU_JOUR              0m09s      0m06s      -3s  ✅  jingle avant bible 08 prenons un moment pour ecouter la parole
03:52:26 BLOC_A_SERIE_DU_JOUR              6m15s      6m13s      -2s  ✅  Nombres 18
03:58:39 BLOC_A_SERIE_DU_JOUR              4m01s      3m58s      -3s  ✅  Nombres 19
04:02:37 BLOC_A_SERIE_DU_JOUR              4m39s      4m37s      -2s  ✅  Nombres 20
04:07:14 BLOC_A_SERIE_DU_JOUR              5m27s      5m24s      -3s  ✅  Nombres 21
04:12:38 BLOC_A_SERIE_DU_JOUR              6m56s      6m54s      -2s  ✅  Nombres 22
04:19:32 BLOC_A_SERIE_DU_JOUR              4m50s      4m48s      -2s  ✅  Nombres 23
04:24:20 BLOC_A_SERIE_DU_JOUR              4m11s      4m09s      -2s  ✅  Nombres 24
04:28:29 BLOC_A_SERIE_DU_JOUR              2m41s      2m39s      -2s  ✅  Nombres 25
04:31:08 BLOC_A_SERIE_DU_JOUR              9m41s      9m38s      -3s  ✅  Nombres 26
04:40:46 BLOC_A_SERIE_DU_JOUR              0m11s      0m08s      -3s  ✅  jingle avant louange 05 elevons nos coeurs vers dieu
04:40:54 BLOC_A_SERIE_DU_JOUR             10m25s     10m23s      -2s  ✅  Holy Are You - PHF
04:51:17 BLOC_A_SERIE_DU_JOUR              7m04s      7m02s      -2s  ✅  We Bless You Wonderful God  - Winnipeg Fellowship
04:58:19 BLOC_A_SERIE_DU_JOUR              5m21s      5m18s      -3s  ✅  We Shall Not Fear - Nonso Njoku
05:03:37 BLOC_A_SERIE_DU_JOUR              6m54s      6m52s      -2s  ✅  There is no Lie (Imah Adegoke & Mary Umoh)
05:10:29 BLOC_A_SERIE_DU_JOUR              4m20s      4m17s      -3s  ✅  There's A Mighty River Flowing - SWBN TV
05:14:46 BLOC_A_SERIE_DU_JOUR              4m11s      4m09s      -2s  ✅  Cantique   Oh Éternel Dieu, Tu es le Dieu Incomparable
05:18:55 BLOC_A_SERIE_DU_JOUR              4m48s      4m46s      -2s  ✅  Yeshua I'm Waiting for You  - Ketu HF
05:23:41 BLOC_A_SERIE_DU_JOUR              4m05s      4m02s      -3s  ✅  Song Of Victory - Emmanuel Igunbor
05:27:43 BLOC_A_SERIE_DU_JOUR              5m08s      5m07s      -1s  ✅  He Has Given Me - PHF
05:32:50 BLOC_A_SERIE_DU_JOUR              6m06s      6m03s      -3s  ✅  Good God - Asaba Fellowship
05:38:53 BLOC_A_SERIE_DU_JOUR              0m12s      0m12s      +0s  ✅  jingle id station 03 notre mission annonce levangile
05:39:05 BLOC_A_SERIE_DU_JOUR              2m59s      2m56s      -3s  ✅  2 Timothée 1
05:42:01 BLOC_A_SERIE_DU_JOUR              3m52s      3m50s      -2s  ✅  2 Timothée 2
05:45:51 BLOC_A_SERIE_DU_JOUR              2m37s      2m34s      -3s  ✅  2 Timothée 3
05:48:25 BLOC_A_SERIE_DU_JOUR              3m09s      3m07s      -2s  ✅  2 Timothée 4
05:51:32 BLOC_A_SERIE_DU_JOUR              7m15s      7m12s      -3s  ✅  2 Rois 18
05:58:44 BLOC_A_SERIE_DU_JOUR              0m09s      0m10s      +1s  ✅  JINGLE
05:58:54 BLOC_A_SERIE_DU_JOUR              2m16s      2m13s      -3s  ✅  cantique  nous sommes le sel de la terre
06:01:07 BLOC_B_SERIE_DU_JOUR              0m11s      0m08s      -3s  ✅  jingle avant message 05 vous etes a lecoute de levangile du royaume
06:01:15 BLOC_B_SERIE_DU_JOUR             13m20s     13m18s      -2s  ✅  2020 tian le pardon 4
06:14:33 BLOC_B_SERIE_DU_JOUR              0m09s      0m07s      -2s  ✅  jingle avant bible 08 prenons un moment pour ecouter la parole
06:14:40 BLOC_B_SERIE_DU_JOUR              4m06s      4m03s      -3s  ✅  Romains 3
06:18:43 BLOC_B_SERIE_DU_JOUR              3m39s      3m36s      -3s  ✅  Romains 4
06:22:19 BLOC_B_SERIE_DU_JOUR              3m34s      3m32s      -2s  ✅  Romains 5
06:25:51 BLOC_B_SERIE_DU_JOUR              3m15s      3m13s      -2s  ✅  Romains 6
06:29:04 BLOC_B_SERIE_DU_JOUR              3m46s      3m43s      -3s  ✅  Romains 7
06:32:47 BLOC_B_SERIE_DU_JOUR              5m42s      5m39s      -3s  ✅  Romains 8
06:38:26 BLOC_B_SERIE_DU_JOUR              4m40s      4m38s      -2s  ✅  Romains 9
06:43:04 BLOC_B_SERIE_DU_JOUR              3m06s      3m03s      -3s  ✅  Romains 10
06:46:07 BLOC_B_SERIE_DU_JOUR              5m37s      5m34s      -3s  ✅  Romains 11
06:51:41 BLOC_B_SERIE_DU_JOUR              3m06s      3m04s      -2s  ✅  Romains 12
06:54:45 BLOC_B_SERIE_DU_JOUR              2m36s      2m33s      -3s  ✅  Romains 13
06:57:18 BLOC_B_SERIE_DU_JOUR              3m26s      3m24s      -2s  ✅  Romains 14
07:00:42 BLOC_B_SERIE_DU_JOUR              5m12s      5m09s      -3s  ✅  Romains 15
07:05:51 BLOC_B_SERIE_DU_JOUR              3m44s      3m42s      -2s  ✅  Romains 16
07:09:33 BLOC_B_SERIE_DU_JOUR              3m26s      3m23s      -3s  ✅  Abdias 1
07:12:56 BLOC_B_SERIE_DU_JOUR              0m13s      0m11s      -2s  ✅  jingle avant louange 07 voici un temps de louange
07:13:07 BLOC_B_SERIE_DU_JOUR              6m28s      6m25s      -3s  ✅  Le Bien-Etre Universel
07:19:32 BLOC_B_SERIE_DU_JOUR              4m33s      4m31s      -2s  ✅  God is Building - Will You Be - Ketu HF
07:24:03 BLOC_B_SERIE_DU_JOUR              6m06s      6m06s      +0s  ✅  cantique  ta bonte
07:30:09 BLOC_B_SERIE_DU_JOUR              4m03s      3m58s      -5s  ✅  I Will Not Be Silent - Calabar HF
07:34:07 BLOC_B_SERIE_DU_JOUR              4m14s      4m12s      -2s  ✅  Mon modèle, c est Jésus
07:38:19 BLOC_B_SERIE_DU_JOUR              4m04s      4m01s      -3s  ✅  Ascribe Greatness - PHF
07:42:20 BLOC_B_SERIE_DU_JOUR              4m11s      4m08s      -3s  ✅  jai donné ma vie à jésus (1)
07:46:28 BLOC_B_SERIE_DU_JOUR              6m09s      6m07s      -2s  ✅  Hymne des vainqueurs
07:52:35 BLOC_B_SERIE_DU_JOUR              3m10s      3m07s      -3s  ✅  la Parole
07:55:42 BLOC_B_SERIE_DU_JOUR              5m15s      5m13s      -2s  ✅  Yahweh Be Praised - Abuja HF
08:00:55 BLOC_B_SERIE_DU_JOUR              5m50s      5m47s      -3s  ✅  Jesus I'm Waiting for You (Mary Umoh)
08:06:42 BLOC_B_SERIE_DU_JOUR              3m41s      3m39s      -2s  ✅  Adorons l'Éternel GAEL - JÉSUS EST SEIGNEUR -
08:10:21 BLOC_B_SERIE_DU_JOUR              6m59s      6m56s      -3s  ✅  Hosanna - Toronto HF
08:17:17 BLOC_B_SERIE_DU_JOUR              0m13s      0m11s      -2s  ✅  jingle avant bible 07 place a la lecture de la bible
08:17:28 BLOC_B_SERIE_DU_JOUR              2m35s      2m33s      -2s  ✅  Job 12
08:20:01 BLOC_B_SERIE_DU_JOUR              2m37s      2m35s      -2s  ✅  Job 13
08:22:36 BLOC_B_SERIE_DU_JOUR              2m25s      2m22s      -3s  ✅  Job 14
08:24:58 BLOC_B_SERIE_DU_JOUR              3m21s      3m18s      -3s  ✅  Job 15
08:28:16 BLOC_B_SERIE_DU_JOUR              2m15s      2m13s      -2s  ✅  Job 16
08:30:29 BLOC_B_SERIE_DU_JOUR              1m36s      1m33s      -3s  ✅  Job 17
08:32:02 BLOC_B_SERIE_DU_JOUR              2m02s      2m00s      -2s  ✅  Job 18
08:34:02 BLOC_B_SERIE_DU_JOUR              3m05s      3m03s      -2s  ✅  Job 19
08:37:05 BLOC_B_SERIE_DU_JOUR              2m59s      2m56s      -3s  ✅  Job 20
08:40:01 BLOC_B_SERIE_DU_JOUR              3m12s      3m11s      -1s  ✅  Job 21
08:43:12 BLOC_B_SERIE_DU_JOUR              2m37s      2m34s      -3s  ✅  Job 22
08:45:46 BLOC_B_SERIE_DU_JOUR              1m43s      1m40s      -3s  ✅  Job 23
08:47:26 BLOC_B_SERIE_DU_JOUR              0m11s      0m09s      -2s  ✅  jingle avant louange 05 elevons nos coeurs vers dieu
08:47:35 BLOC_B_SERIE_DU_JOUR              8m31s      8m28s      -3s  ✅  Holy Holy - Abuja HF
08:56:03 BLOC_B_SERIE_DU_JOUR              6m02s      6m00s      -2s  ✅  Crown Him Lord of Lords - Nonso Njoku
09:02:03 BLOC_B_SERIE_DU_JOUR              4m52s      4m50s      -2s  ✅  God is Moving Us On - Ketu HF
09:06:53 BLOC_B_SERIE_DU_JOUR              3m04s      3m01s      -3s  ✅  The Lord is my Light and Salvation - Nonso Njoku
09:09:54 BLOC_B_SERIE_DU_JOUR              3m22s      3m20s      -2s  ✅  Ses cheveux étaient blancs..
09:13:14 BLOC_B_SERIE_DU_JOUR              7m20s      7m18s      -2s  ✅  The Glory -  PHF
09:20:32 BLOC_B_SERIE_DU_JOUR              8m58s      8m54s      -4s  ✅  El Elyon - Toronto & Winnipeg HF
09:29:26 BLOC_B_SERIE_DU_JOUR              4m13s      4m10s      -3s  ✅  4 minutes
09:33:36 BLOC_B_SERIE_DU_JOUR              7m25s      7m23s      -2s  ✅  Victorious Is the Lamb - Winnipeg Fellowship
09:40:59 BLOC_B_SERIE_DU_JOUR              5m04s      5m02s      -2s  ✅  I Enter The Holy of Holies - Port Harcourt HF
09:46:01 BLOC_B_SERIE_DU_JOUR              0m10s      0m07s      -3s  ✅  jingle avant bible 06 ouvrons les saintes ecritures
09:46:08 BLOC_B_SERIE_DU_JOUR              5m09s      5m07s      -2s  ✅  Lamentations 1
09:51:15 BLOC_B_SERIE_DU_JOUR              5m15s      5m12s      -3s  ✅  Lamentations 2
09:56:27 BLOC_B_SERIE_DU_JOUR              6m02s      6m00s      -2s  ✅  Lamentations 3
10:02:27 BLOC_B_SERIE_DU_JOUR              3m56s      3m53s      -3s  ✅  Lamentations 4
10:06:20 BLOC_B_SERIE_DU_JOUR              2m20s      2m18s      -2s  ✅  Lamentations 5
10:08:38 BLOC_B_SERIE_DU_JOUR              3m00s      2m57s      -3s  ✅  Jonas 1
10:11:35 BLOC_B_SERIE_DU_JOUR              1m22s      1m19s      -3s  ✅  Jonas 2
10:12:54 BLOC_B_SERIE_DU_JOUR              1m36s      1m34s      -2s  ✅  Jonas 3
10:14:28 BLOC_B_SERIE_DU_JOUR              1m57s      1m55s      -2s  ✅  Jonas 4
10:16:23 BLOC_B_SERIE_DU_JOUR              5m20s      5m17s      -3s  ✅  Matthieu 9
10:21:40 BLOC_B_SERIE_DU_JOUR              5m45s      5m43s      -2s  ✅  Matthieu 10
10:27:23 BLOC_B_SERIE_DU_JOUR              4m15s      4m12s      -3s  ✅  Matthieu 11
10:31:35 BLOC_B_SERIE_DU_JOUR              0m10s      0m08s      -2s  ✅  jingle avant louange 06 que la louange seleve
10:31:43 BLOC_B_SERIE_DU_JOUR              7m57s      7m55s      -2s  ✅  Yahweh is Mighty (Imah Adegoke)
10:39:38 BLOC_B_SERIE_DU_JOUR              8m37s      8m35s      -2s  ✅  He Has Given Me & Emmanuel You Joy Over Us (Medley) (Abasiama Timothy & Imah Adegoke)
10:48:13 BLOC_B_SERIE_DU_JOUR              7m36s      7m33s      -3s  ✅  There Is No Lie - SWBN TV
10:55:46 BLOC_B_SERIE_DU_JOUR             11m53s     11m50s      -3s  ✅  Hashem - PHF
11:07:36 BLOC_B_SERIE_DU_JOUR             10m35s     10m33s      -2s  ✅  Baruch Ha'ba B'Shem Adonai/Blessed Is He Who Comes in the Name of the Lord - Port Harcourt HF
11:18:09 BLOC_B_SERIE_DU_JOUR              7m29s      7m26s      -3s  ✅  Hallelujah - PHF
11:25:35 BLOC_B_SERIE_DU_JOUR              6m57s      6m55s      -2s  ✅  qui est digne d ouvrir le livre
11:32:30 BLOC_B_SERIE_DU_JOUR              0m09s      0m09s      +0s  ✅  jingle id station 02 radio evangile du royaume
11:32:39 BLOC_B_SERIE_DU_JOUR              5m11s      5m09s      -2s  ✅  Josué 13
11:37:48 BLOC_B_SERIE_DU_JOUR              2m53s      2m51s      -2s  ✅  Josué 14
11:40:39 BLOC_B_SERIE_DU_JOUR              7m07s      7m04s      -3s  ✅  Josué 15
11:47:43 BLOC_B_SERIE_DU_JOUR              1m34s      1m31s      -3s  ✅  Josué 16
11:49:14 BLOC_B_SERIE_DU_JOUR              3m51s      3m49s      -2s  ✅  Josué 17
11:53:03 BLOC_B_SERIE_DU_JOUR              0m09s      0m10s      +1s  ✅  JINGLE
11:53:13 BLOC_B_SERIE_DU_JOUR              6m07s      6m07s      +0s  ✅  There Is Forgiveness In Thee - SWBN TV
11:59:20 ?                                 0m45s      0m45s      +0s  ✅  AzuraCast is Live!
12:00:05 BLOC_C_SERIE_DU_JOUR              0m09s      0m13s      +4s  ✅  jingle avant message 03 vous ecoutez parole prophetique fm
12:00:18 BLOC_C_SERIE_DU_JOUR             13m20s     13m17s      -3s  ✅  2020 tian le pardon 4
12:13:35 BLOC_C_SERIE_DU_JOUR              0m13s      0m10s      -3s  ✅  jingle avant bible 07 place a la lecture de la bible
12:13:45 BLOC_C_SERIE_DU_JOUR              8m47s      8m44s      -3s  ✅  1 Rois 7
12:22:29 BLOC_C_SERIE_DU_JOUR             12m29s     12m27s      -2s  ✅  1 Rois 8
12:34:56 BLOC_C_SERIE_DU_JOUR              4m47s      4m45s      -2s  ✅  1 Rois 9
12:39:41 BLOC_C_SERIE_DU_JOUR              4m43s      4m40s      -3s  ✅  1 Rois 10
12:44:21 BLOC_C_SERIE_DU_JOUR              7m33s      7m30s      -3s  ✅  1 Rois 11
12:51:51 BLOC_C_SERIE_DU_JOUR              6m03s      6m01s      -2s  ✅  1 Rois 12
12:57:52 BLOC_C_SERIE_DU_JOUR              6m36s      6m34s      -2s  ✅  1 Rois 13
13:04:26 BLOC_C_SERIE_DU_JOUR              5m55s      5m53s      -2s  ✅  1 Rois 14
13:10:19 BLOC_C_SERIE_DU_JOUR              5m43s      5m39s      -4s  ✅  1 Rois 15
13:15:58 BLOC_C_SERIE_DU_JOUR              0m13s      0m11s      -2s  ✅  jingle avant louange 07 voici un temps de louange
13:16:09 BLOC_C_SERIE_DU_JOUR              5m21s      5m18s      -3s  ✅  By the word of the lord - Ketu HF
13:21:27 BLOC_C_SERIE_DU_JOUR              9m04s      9m02s      -2s  ✅  You're the Lamb - Calabar HF
13:30:29 BLOC_C_SERIE_DU_JOUR              7m51s      7m48s      -3s  ✅  There is no name  - Winnipeg Fellowship
13:38:17 BLOC_C_SERIE_DU_JOUR              6m02s      5m59s      -3s  ✅  Satisfy My Soul - Calabar HF
13:44:16 BLOC_C_SERIE_DU_JOUR              7m09s      7m07s      -2s  ✅  There is A Mighty River Flowing - Ketu HF
13:51:23 BLOC_C_SERIE_DU_JOUR              4m18s      4m16s      -2s  ✅  You Are Worthy - Ketu HF
13:55:39 BLOC_C_SERIE_DU_JOUR              4m21s      4m18s      -3s  ✅  Sing Hallelujah - Abuja HF
13:59:57 BLOC_C_SERIE_DU_JOUR              5m13s      5m12s      -1s  ✅  Il s'appelait Emmanuel - Marcel Boungou + Paroles
14:05:09 BLOC_C_SERIE_DU_JOUR              7m17s      7m14s      -3s  ✅  cantique  tes promesses  pub direct dec 2021 import (2)
14:12:23 BLOC_C_SERIE_DU_JOUR              6m04s      6m01s      -3s  ✅  Sing Unto the Lord a new Song  - Winnipeg Fellowship
14:18:24 BLOC_C_SERIE_DU_JOUR              0m10s      0m08s      -2s  ✅  jingle avant bible 06 ouvrons les saintes ecritures
14:18:32 BLOC_C_SERIE_DU_JOUR              2m25s      2m23s      -2s  ✅  Cantique des Cantiques 1
14:20:55 BLOC_C_SERIE_DU_JOUR              2m32s      2m29s      -3s  ✅  Cantique des Cantiques 2
14:23:24 BLOC_C_SERIE_DU_JOUR              1m53s      1m52s      -1s  ✅  Cantique des Cantiques 3
14:25:16 BLOC_C_SERIE_DU_JOUR              2m50s      2m46s      -4s  ✅  Cantique des Cantiques 4
14:28:02 BLOC_C_SERIE_DU_JOUR              2m54s      2m52s      -2s  ✅  Cantique des Cantiques 5
14:30:54 BLOC_C_SERIE_DU_JOUR              2m06s      2m03s      -3s  ✅  Cantique des Cantiques 6
14:32:57 BLOC_C_SERIE_DU_JOUR              1m57s      1m54s      -3s  ✅  Cantique des Cantiques 7
14:34:51 BLOC_C_SERIE_DU_JOUR              2m29s      2m27s      -2s  ✅  Cantique des Cantiques 8
14:37:18 BLOC_C_SERIE_DU_JOUR              4m20s      4m18s      -2s  ✅  2 Chroniques 36
14:41:36 BLOC_C_SERIE_DU_JOUR              4m37s      4m34s      -3s  ✅  Lévitique 15
14:46:10 BLOC_C_SERIE_DU_JOUR              5m55s      5m53s      -2s  ✅  Lévitique 16
14:52:03 BLOC_C_SERIE_DU_JOUR              0m11s      0m09s      -2s  ✅  jingle avant louange 05 elevons nos coeurs vers dieu
14:52:12 BLOC_C_SERIE_DU_JOUR              4m53s      4m50s      -3s  ✅  Cantique Jahweh, Tu es élevé au dessus de tout (1)
14:57:02 BLOC_C_SERIE_DU_JOUR              3m12s      3m11s      -1s  ✅  esprit de dieu
15:00:13 BLOC_C_SERIE_DU_JOUR              6m13s      6m09s      -4s  ✅  Immortal God - Elohim Adonai - Abuja HF
15:06:22 BLOC_C_SERIE_DU_JOUR              8m18s      8m16s      -2s  ✅  Yahweh Is Mighty - SWBN TV
15:14:38 BLOC_C_SERIE_DU_JOUR              7m37s      7m34s      -3s  ✅  Cantiques  Il a pris mes iniquités
15:22:12 BLOC_C_SERIE_DU_JOUR              5m48s      5m46s      -2s  ✅  Forever You Reign - Abuja HF
15:27:58 BLOC_C_SERIE_DU_JOUR              6m02s      5m59s      -3s  ✅  Rejoice - PHF
15:33:57 BLOC_C_SERIE_DU_JOUR              4m40s      4m37s      -3s  ✅  All in All - CHF
15:38:34 BLOC_C_SERIE_DU_JOUR             10m38s     10m37s      -1s  ✅  Be Exalted - PHF
15:49:11 BLOC_C_SERIE_DU_JOUR              3m24s      3m20s      -4s  ✅  Cantique sa miséricorde
15:52:31 BLOC_C_SERIE_DU_JOUR              0m09s      0m07s      -2s  ✅  jingle avant bible 08 prenons un moment pour ecouter la parole
15:52:38 BLOC_C_SERIE_DU_JOUR              3m58s      3m55s      -3s  ✅  Jérémie 42
15:56:33 BLOC_C_SERIE_DU_JOUR              2m34s      2m32s      -2s  ✅  Jérémie 43
15:59:05 BLOC_C_SERIE_DU_JOUR              6m43s      6m41s      -2s  ✅  Jérémie 44
16:05:46 BLOC_C_SERIE_DU_JOUR              1m02s      0m59s      -3s  ✅  Jérémie 45
16:06:45 BLOC_C_SERIE_DU_JOUR              5m09s      5m07s      -2s  ✅  Jérémie 46
16:11:52 BLOC_C_SERIE_DU_JOUR              1m19s      1m17s      -2s  ✅  Jérémie 47
16:13:09 BLOC_C_SERIE_DU_JOUR              6m57s      6m54s      -3s  ✅  Jérémie 48
16:20:03 BLOC_C_SERIE_DU_JOUR              6m58s      6m56s      -2s  ✅  Jérémie 49
16:26:59 BLOC_C_SERIE_DU_JOUR              8m09s      8m06s      -3s  ✅  Jérémie 50
16:35:05 BLOC_C_SERIE_DU_JOUR             10m31s     10m29s      -2s  ✅  Jérémie 51
16:45:34 BLOC_C_SERIE_DU_JOUR              0m10s      0m08s      -2s  ✅  jingle avant louange 06 que la louange seleve
16:45:42 BLOC_C_SERIE_DU_JOUR              5m52s      5m49s      -3s  ✅  Where Two or Three are Gathered - Calabar HF
16:51:31 BLOC_C_SERIE_DU_JOUR              9m43s      9m41s      -2s  ✅  Thy Throne Oh Lord - Ketu HF
17:01:12 BLOC_C_SERIE_DU_JOUR             11m01s     10m58s      -3s  ✅  Great is, Ascribe - Ketu HF
17:12:10 BLOC_C_SERIE_DU_JOUR              9m23s      9m20s      -3s  ✅  10 minutes
17:21:30 BLOC_C_SERIE_DU_JOUR              8m25s      8m23s      -2s  ✅  The Mountains, Come and, Oh City - Ketu HF
17:29:53 BLOC_C_SERIE_DU_JOUR              9m39s      9m36s      -3s  ✅  Psalm 93 - Port Harcourt HF
17:39:29 BLOC_C_SERIE_DU_JOUR              5m28s      5m26s      -2s  ✅  même humilié
17:44:55 BLOC_C_SERIE_DU_JOUR              0m09s      0m09s      +0s  ✅  JINGLE
17:45:04 BLOC_C_SERIE_DU_JOUR              1m40s      1m38s      -2s  ✅  1 Jean 1
17:46:42 BLOC_C_SERIE_DU_JOUR              4m39s      4m36s      -3s  ✅  1 Jean 2
17:51:18 BLOC_C_SERIE_DU_JOUR              3m34s      3m32s      -2s  ✅  1 Jean 3
17:54:50 BLOC_C_SERIE_DU_JOUR              3m16s      3m13s      -3s  ✅  1 Jean 4
17:58:03 BLOC_C_SERIE_DU_JOUR              3m11s      3m10s      -1s  ✅  1 Jean 5
18:01:13 BLOC_D_SERIE_DU_JOUR              0m10s      0m07s      -3s  ✅  jingle avant message 04 bienvenue sur parole prophetique fm
18:01:20 BLOC_D_SERIE_DU_JOUR             13m20s     13m17s      -3s  ✅  2020 tian le pardon 4
18:14:37 BLOC_D_SERIE_DU_JOUR              0m10s      0m08s      -2s  ✅  jingle avant bible 06 ouvrons les saintes ecritures
18:14:45 BLOC_D_SERIE_DU_JOUR              2m04s      2m02s      -2s  ✅  Osée 1
18:16:47 BLOC_D_SERIE_DU_JOUR              3m29s      3m26s      -3s  ✅  Osée 2
18:20:13 BLOC_D_SERIE_DU_JOUR              0m57s      0m55s      -2s  ✅  Osée 3
18:21:08 BLOC_D_SERIE_DU_JOUR              2m56s      2m53s      -3s  ✅  Osée 4
18:24:01 BLOC_D_SERIE_DU_JOUR              2m24s      2m21s      -3s  ✅  Osée 5
18:26:22 BLOC_D_SERIE_DU_JOUR              1m32s      1m30s      -2s  ✅  Osée 6
18:27:52 BLOC_D_SERIE_DU_JOUR              2m27s      2m24s      -3s  ✅  Osée 7
18:30:16 BLOC_D_SERIE_DU_JOUR              2m06s      2m03s      -3s  ✅  Osée 8
18:32:19 BLOC_D_SERIE_DU_JOUR              3m04s      3m02s      -2s  ✅  Osée 9
18:35:21 BLOC_D_SERIE_DU_JOUR              2m37s      2m34s      -3s  ✅  Osée 10
18:37:55 BLOC_D_SERIE_DU_JOUR              1m53s      1m51s      -2s  ✅  Osée 11
18:39:46 BLOC_D_SERIE_DU_JOUR              2m04s      2m02s      -2s  ✅  Osée 12
18:41:48 BLOC_D_SERIE_DU_JOUR              2m43s      2m40s      -3s  ✅  Osée 13
18:44:28 BLOC_D_SERIE_DU_JOUR              1m37s      1m35s      -2s  ✅  Osée 14
18:46:03 BLOC_D_SERIE_DU_JOUR              2m16s      2m13s      -3s  ✅  Hébreux 1
18:48:16 BLOC_D_SERIE_DU_JOUR              3m13s      3m11s      -2s  ✅  Hébreux 2
18:51:27 BLOC_D_SERIE_DU_JOUR              2m48s      2m45s      -3s  ✅  Hébreux 3
18:54:12 BLOC_D_SERIE_DU_JOUR              2m45s      2m42s      -3s  ✅  Hébreux 4
18:56:54 BLOC_D_SERIE_DU_JOUR              2m17s      2m15s      -2s  ✅  Hébreux 5
18:59:09 BLOC_D_SERIE_DU_JOUR              3m05s      3m02s      -3s  ✅  Hébreux 6
19:02:11 BLOC_D_SERIE_DU_JOUR              4m52s      4m49s      -3s  ✅  Hébreux 7
19:07:00 BLOC_D_SERIE_DU_JOUR              0m10s      0m09s      -1s  ✅  jingle avant louange 06 que la louange seleve
19:07:09 BLOC_D_SERIE_DU_JOUR              5m19s      5m16s      -3s  ✅  Gabrielle LIDJI - Mélodie Céleste  by LFXA(Light FX Animation)_2
19:12:25 BLOC_D_SERIE_DU_JOUR              6m10s      6m07s      -3s  ✅  That I May Know Him - Toronto HF
19:18:32 BLOC_D_SERIE_DU_JOUR              9m31s      9m28s      -3s  ✅  15 at 01.33.50 (1)(1)
19:28:00 BLOC_D_SERIE_DU_JOUR              5m10s      5m08s      -2s  ✅  Igwe
19:33:08 BLOC_D_SERIE_DU_JOUR              5m45s      5m42s      -3s  ✅  Ella Samuels - Oh Lord Our Maker
19:38:50 BLOC_D_SERIE_DU_JOUR              5m02s      5m00s      -2s  ✅  A Song Of Love
19:43:50 BLOC_D_SERIE_DU_JOUR              4m08s      4m05s      -3s  ✅  I Choose the Way of the Lord - Abuja HF
19:47:55 BLOC_D_SERIE_DU_JOUR              9m23s      9m21s      -2s  ✅  Thou art Worthy Lord - PHF
19:57:16 BLOC_D_SERIE_DU_JOUR              5m04s      5m02s      -2s  ✅  Guide Me - El ELyon - Abuja HF
20:02:18 BLOC_D_SERIE_DU_JOUR              0m09s      0m07s      -2s  ✅  jingle avant bible 08 prenons un moment pour ecouter la parole
20:02:25 BLOC_D_SERIE_DU_JOUR              3m07s      3m05s      -2s  ✅  Joël 1
20:05:30 BLOC_D_SERIE_DU_JOUR              5m41s      5m38s      -3s  ✅  Joël 2
20:11:08 BLOC_D_SERIE_DU_JOUR              3m36s      3m33s      -3s  ✅  Joël 3
20:14:41 BLOC_D_SERIE_DU_JOUR              2m59s      2m57s      -2s  ✅  Philémon 1
20:17:38 BLOC_D_SERIE_DU_JOUR              6m09s      6m06s      -3s  ✅  Daniel 5
20:23:44 BLOC_D_SERIE_DU_JOUR              5m34s      5m32s      -2s  ✅  Daniel 6
20:29:16 BLOC_D_SERIE_DU_JOUR              0m11s      0m08s      -3s  ✅  jingle avant louange 05 elevons nos coeurs vers dieu
20:29:24 BLOC_D_SERIE_DU_JOUR              5m57s      5m55s      -2s  ✅  You are God - Winnipeg Fellowship
20:35:19 BLOC_D_SERIE_DU_JOUR              6m56s      6m52s      -4s  ✅  As We Worship In Ypur Presence
20:42:11 BLOC_D_SERIE_DU_JOUR              6m34s      6m32s      -2s  ✅  cantique  béni soit le dieu d israël
20:48:43 BLOC_D_SERIE_DU_JOUR              8m10s      8m07s      -3s  ✅  Great and Marvellous - Ketu HF
20:56:50 BLOC_D_SERIE_DU_JOUR              6m35s      6m33s      -2s  ✅  cantique   ta lumière
21:03:23 BLOC_D_SERIE_DU_JOUR              6m19s      6m16s      -3s  ✅  Unto Him - CHF
21:09:39 BLOC_D_SERIE_DU_JOUR              5m58s      5m55s      -3s  ✅  In Jesus - PHF
21:15:34 BLOC_D_SERIE_DU_JOUR              2m57s      2m55s      -2s  ✅  You Are the Captain of the Host - Toronto HF
21:18:29 BLOC_D_SERIE_DU_JOUR              5m18s      5m16s      -2s  ✅  Now is Come Salvation - Toronto HF
21:23:45 BLOC_D_SERIE_DU_JOUR              0m13s      0m10s      -3s  ✅  jingle avant bible 07 place a la lecture de la bible
21:23:55 BLOC_D_SERIE_DU_JOUR              4m55s      4m53s      -2s  ✅  Ézéchiel 17
21:28:48 BLOC_D_SERIE_DU_JOUR              5m23s      5m21s      -2s  ✅  Ézéchiel 18
21:34:09 BLOC_D_SERIE_DU_JOUR              2m02s      1m59s      -3s  ✅  Ézéchiel 19
21:36:08 BLOC_D_SERIE_DU_JOUR              8m25s      8m23s      -2s  ✅  Ézéchiel 20
21:44:31 BLOC_D_SERIE_DU_JOUR              5m35s      5m32s      -3s  ✅  Ézéchiel 21
21:50:03 BLOC_D_SERIE_DU_JOUR              4m42s      4m39s      -3s  ✅  Ézéchiel 22
21:54:42 BLOC_D_SERIE_DU_JOUR              7m24s      7m21s      -3s  ✅  Ézéchiel 23
22:02:03 BLOC_D_SERIE_DU_JOUR              4m09s      4m06s      -3s  ✅  Ézéchiel 24
22:06:09 BLOC_D_SERIE_DU_JOUR              0m13s      0m10s      -3s  ✅  jingle avant louange 07 voici un temps de louange
22:06:19 BLOC_D_SERIE_DU_JOUR              6m30s      6m28s      -2s  ✅  Praise the Lord of Host - Toronto HF
22:12:47 BLOC_D_SERIE_DU_JOUR              8m10s      8m08s      -2s  ✅  Agunechemba - SWBN TV
22:20:55 BLOC_D_SERIE_DU_JOUR              2m20s      2m17s      -3s  ✅  cantique  heureux l homme qui ne marche pas selon
22:23:12 BLOC_D_SERIE_DU_JOUR              7m09s      7m07s      -2s  ✅  My God Is Good - Winnipeg Fellowship
22:30:19 BLOC_D_SERIE_DU_JOUR             10m13s     10m10s      -3s  ✅  As We Worship - Toronto & Winnipeg HF
22:40:29 BLOC_D_SERIE_DU_JOUR              7m18s      7m15s      -3s  ✅  Holy is the Lord (Emmanuel Umoh)
22:47:44 BLOC_D_SERIE_DU_JOUR             11m54s     11m51s      -3s  ✅  Great & Marvelluos - Toronto HF
22:59:35 BLOC_D_SERIE_DU_JOUR              0m09s      0m10s      +1s  ✅  jingle id station 02 radio evangile du royaume
22:59:45 BLOC_D_SERIE_DU_JOUR              4m38s      4m36s      -2s  ✅  1 Samuel 18
23:04:21 BLOC_D_SERIE_DU_JOUR              4m10s      4m08s      -2s  ✅  1 Samuel 19
23:08:29 BLOC_D_SERIE_DU_JOUR              6m49s      6m47s      -2s  ✅  1 Samuel 20
23:15:16 BLOC_D_SERIE_DU_JOUR              2m33s      2m30s      -3s  ✅  1 Samuel 21
23:17:46 BLOC_D_SERIE_DU_JOUR              0m12s      0m12s      +0s  ✅  jingle id station 03 notre mission annonce levangile
23:17:58 BLOC_D_SERIE_DU_JOUR              7m09s      7m07s      -2s  ✅  You're the Lamb (Abasiama Timothy)
23:25:05 BLOC_D_SERIE_DU_JOUR              9m14s      9m13s      -1s  ✅  A jamais, tu seras l Agneau de Dieu
23:34:18 BLOC_E_LOUANGE_NUIT               9m23s      9m20s      -3s  ✅  10 minutes
23:43:38 BLOC_E_LOUANGE_NUIT               6m54s      6m51s      -3s  ✅  There is no Lie (Imah Adegoke & Mary Umoh)
23:50:29 BLOC_E_LOUANGE_NUIT               9m23s      9m21s      -2s  ✅  10 minutes
23:59:50 BLOC_C_SERIE_DU_JOUR             13m20s      1m53s    -687s  ❌ COUPÉ  2020 tian le pardon 4
----------------------------------------------------------------------------------------------------
Bilan : 317 titres, 2 anomalie(s) (titre coupé de plus de 10s ou trou d'antenne). Gravité : 0 mineure(s) <1min · 1 sérieuse(s) 1-10min · 1 critique(s) >10min.

====================================================================================================
CONTRÔLES APPROFONDIS
====================================================================================================
MESSAGE DU JOUR « Tian Le pardon 4 » : 5 diffusion(s) pour 4 prévue(s) ❌
   00:03:27  (étiquette BLOC_A_SERIE_DU_JOUR)
   06:01:15  (étiquette BLOC_B_SERIE_DU_JOUR)
   12:00:18  (étiquette BLOC_C_SERIE_DU_JOUR)
   18:01:20  (étiquette BLOC_D_SERIE_DU_JOUR)
   23:59:50  (étiquette BLOC_C_SERIE_DU_JOUR)
   → diffusions en trop = reboucle d'un bloc avant la fin de sa fenêtre (l'étiquette playlist des fichiers partagés n'est pas fiable, se fier aux heures).
JINGLES : 34 joués / 36 prévus (94%) ⚠️   ·   BLOC_A 8/9 · BLOC_B 9/9 · BLOC_C 8/9 · BLOC_D 9/9
HORS FENÊTRE : aucun débordement de bloc détecté ✅
BOUCHE-TROUS : 1 titre(s) hors plan sans playlist ⚠️
   11:59:20  AzuraCast is Live!  (0m45s)
COUVERTURE : premier titre à 00:01:39 ✅ · dernier titre finit vers 00:13:10 (estimé) ✅

====================================================================================================
RÉEL vs PRÉVU — ce qui a joué vs ce que le plan prévoyait
====================================================================================================
----------------------------------------------------------------------------------------------------
BLOC_A  (00:00-06:00)  prévus  85 · atteignables  81 · joués  80 · conformité  99% · sautés  1 · en trop  0
   ⏭️  PRÉVU NON JOUÉ : jingle avant bible 06 ouvrons les saintes ecritures
   ⏸️  FIN DE BLOC NON ATTEINTE (4 titres · ~23m25s) — marge anti-rebouclage au-delà de la fenêtre, normal : I Will Call Upon The Lord · We Shall Come - Asaba Fellowship · For By My God - Toronto & Winnipeg HF · We Ascribe Greatness - Abuja HF
----------------------------------------------------------------------------------------------------
BLOC_B  (06:00-12:00)  prévus  89 · atteignables  85 · joués  86 · conformité 100% · sautés  0 · en trop  1
   ➕  JOUÉ NON PRÉVU : AzuraCast is Live!
   ⏸️  FIN DE BLOC NON ATTEINTE (4 titres · ~23m46s) — marge anti-rebouclage au-delà de la fenêtre, normal : How Precious Oh Lord · Awaken My Heart · We Worship Adonai - PHF · The King is Here (Abasiama Timothy)
----------------------------------------------------------------------------------------------------
BLOC_C  (12:00-18:00)  prévus  78 · atteignables  71 · joués  71 · conformité 100% · sautés  0 · en trop  0
   ⏸️  FIN DE BLOC NON ATTEINTE (7 titres · ~37m13s) — marge anti-rebouclage au-delà de la fenêtre, normal : 2 Pierre 1 · JINGLE · 6 minutes · God's Got An Army - PHF · Cantique l Éternel est mon Berger (1) · Praise the Lord All Ye Nations - Toronto HF  …(+1)
----------------------------------------------------------------------------------------------------
BLOC_D  (18:00-23:30)  prévus  77 · atteignables  76 · joués  76 · conformité 100% · sautés  0 · en trop  0
   ⏸️  FIN DE BLOC NON ATTEINTE (1 titres · ~9m38s) — marge anti-rebouclage au-delà de la fenêtre, normal : Holy are You oh Lord (Olaedo Uzoma & Vincent Opara)
----------------------------------------------------------------------------------------------------
CONFORMITÉ GLOBALE : 312/313 titres atteignables joués dans l'ordre = 100%  (1 titre(s) hors plan · 16 non atteint(s) en fin de bloc, marge normale)
