====================================================================================================
MONITEUR RADIO — 2026-09-14 (synthèse des 3 rapports + plan, heures UTC)
====================================================================================================
État : ⚠️ RAS — seules les suites connues du reset/rotation  ·  diffusion : 0 coupure(s)/trou(s), 0 double(s) message  ·  serveur : 0 incident(s)
ATTENDU (sans effet à l'antenne, hors verdict) : 305 événement(s) serveur pendant la rotation (23h30-23h40) et le reset de minuit (00h00-00h03) · 1 titre(s) tronqué(s) par le redémarrage de minuit
SERVEUR : aucun incident hors fenêtres planifiées (ni crash, ni échec réseau, ni silence) ✅
   ↳ attendu, hors verdict : 00:01 🔇 bascule sur jingle d'erreur (silence potentiel) (×3) · 23:32 🌐 échec réseau AzuraCast/Liquidsoap (×302)
RESET MINUIT : restart confirmé vers 00:02:06 · 3 contrôle(s) · file saine ✅
INCIDENTS CORRÉLÉS : aucune anomalie de diffusion à corréler ✅
(Détail titre par titre, contrôles approfondis et RÉEL vs PRÉVU ci-dessous.)
Rapport de diffusion — 2026-09-14 (heures UTC)
302 titres joués | tolérance ±10s
====================================================================================================
HEURE    PLAYLIST                     FICHIER          RÉEL    ÉCART  STATUT  TITRE
----------------------------------------------------------------------------------------------------
00:01:34 ?                                 3m41s      3m41s      +0s  ✅  ?
00:05:15 BLOC_A_SERIE_DU_JOUR              0m11s      0m12s      +1s  ✅  jingle avant message 05 vous etes a lecoute de levangile du royaume
00:05:27 BLOC_A_SERIE_DU_JOUR             12m52s     12m49s      -3s  ✅  wa0002 1
00:18:16 BLOC_A_SERIE_DU_JOUR              0m13s      0m13s      +0s  ✅  jingle avant bible 07 place a la lecture de la bible
00:18:29 BLOC_A_SERIE_DU_JOUR              4m27s      4m25s      -2s  ✅  Jude 1
00:22:54 BLOC_A_SERIE_DU_JOUR              3m57s      3m54s      -3s  ✅  Jacques 1
00:26:48 BLOC_A_SERIE_DU_JOUR              3m51s      3m49s      -2s  ✅  Jacques 2
00:30:37 BLOC_A_SERIE_DU_JOUR              2m56s      2m53s      -3s  ✅  Jacques 3
00:33:30 BLOC_A_SERIE_DU_JOUR              2m47s      2m44s      -3s  ✅  Jacques 4
00:36:14 BLOC_A_SERIE_DU_JOUR              3m28s      3m25s      -3s  ✅  Jacques 5
00:39:39 BLOC_A_SERIE_DU_JOUR              2m21s      2m19s      -2s  ✅  Ecclésiaste 1
00:41:58 BLOC_A_SERIE_DU_JOUR              4m17s      4m15s      -2s  ✅  Ecclésiaste 2
00:46:13 BLOC_A_SERIE_DU_JOUR              2m50s      2m47s      -3s  ✅  Ecclésiaste 3
00:49:00 BLOC_A_SERIE_DU_JOUR              2m23s      2m20s      -3s  ✅  Ecclésiaste 4
00:51:20 BLOC_A_SERIE_DU_JOUR              3m17s      3m15s      -2s  ✅  Ecclésiaste 5
00:54:35 BLOC_A_SERIE_DU_JOUR              1m50s      1m47s      -3s  ✅  Ecclésiaste 6
00:56:22 BLOC_A_SERIE_DU_JOUR              3m44s      3m42s      -2s  ✅  Ecclésiaste 7
01:00:04 BLOC_A_SERIE_DU_JOUR              2m51s      2m49s      -2s  ✅  Ecclésiaste 8
01:02:53 BLOC_A_SERIE_DU_JOUR              3m14s      3m11s      -3s  ✅  Ecclésiaste 9
01:06:04 BLOC_A_SERIE_DU_JOUR              2m29s      2m27s      -2s  ✅  Ecclésiaste 10
01:08:31 BLOC_A_SERIE_DU_JOUR              1m34s      1m32s      -2s  ✅  Ecclésiaste 11
01:10:03 BLOC_A_SERIE_DU_JOUR              2m16s      2m13s      -3s  ✅  Ecclésiaste 12
01:12:16 BLOC_A_SERIE_DU_JOUR              4m04s      4m01s      -3s  ✅  Actes 14
01:16:17 BLOC_A_SERIE_DU_JOUR              0m10s      0m11s      +1s  ✅  jingle avant louange 06 que la louange seleve
01:16:28 BLOC_A_SERIE_DU_JOUR              9m43s      9m40s      -3s  ✅  Thy Throne Oh Lord - Ketu HF
01:26:08 BLOC_A_SERIE_DU_JOUR              3m12s      3m10s      -2s  ✅  esprit de dieu
01:29:18 BLOC_A_SERIE_DU_JOUR              5m45s      5m42s      -3s  ✅  How Precious Oh Lord
01:35:00 BLOC_A_SERIE_DU_JOUR              5m28s      5m26s      -2s  ✅  même humilié
01:40:26 BLOC_A_SERIE_DU_JOUR              9m38s      9m35s      -3s  ✅  Holy are You oh Lord (Olaedo Uzoma & Vincent Opara)
01:50:01 BLOC_A_SERIE_DU_JOUR              8m21s      8m19s      -2s  ✅  My Heart Rejoices - Toronto HF
01:58:20 BLOC_A_SERIE_DU_JOUR              6m41s      6m38s      -3s  ✅  6 minutes
02:04:58 BLOC_A_SERIE_DU_JOUR              6m54s      6m51s      -3s  ✅  There is no Lie (Imah Adegoke & Mary Umoh)
02:11:49 BLOC_A_SERIE_DU_JOUR              9m23s      9m21s      -2s  ✅  Thou art Worthy Lord - PHF
02:21:10 BLOC_A_SERIE_DU_JOUR              0m09s      0m10s      +1s  ✅  jingle avant bible 08 prenons un moment pour ecouter la parole
02:21:20 BLOC_A_SERIE_DU_JOUR              3m26s      3m24s      -2s  ✅  Éphésiens 1
02:24:44 BLOC_A_SERIE_DU_JOUR              3m16s      3m13s      -3s  ✅  Éphésiens 2
02:27:57 BLOC_A_SERIE_DU_JOUR              2m56s      2m54s      -2s  ✅  Éphésiens 3
02:30:51 BLOC_A_SERIE_DU_JOUR              4m53s      4m50s      -3s  ✅  Éphésiens 4
02:35:41 BLOC_A_SERIE_DU_JOUR              4m12s      4m10s      -2s  ✅  Éphésiens 5
02:39:51 BLOC_A_SERIE_DU_JOUR              3m21s      3m18s      -3s  ✅  Éphésiens 6
02:43:09 BLOC_A_SERIE_DU_JOUR              3m07s      3m05s      -2s  ✅  Joël 1
02:46:14 BLOC_A_SERIE_DU_JOUR              5m41s      5m39s      -2s  ✅  Joël 2
02:51:53 BLOC_A_SERIE_DU_JOUR              0m11s      0m11s      +0s  ✅  jingle avant louange 05 elevons nos coeurs vers dieu
02:52:04 BLOC_A_SERIE_DU_JOUR              7m04s      7m01s      -3s  ✅  We Bless You Wonderful God  - Winnipeg Fellowship
02:59:05 BLOC_A_SERIE_DU_JOUR              8m31s      8m29s      -2s  ✅  Holy Holy - Abuja HF
03:07:34 BLOC_A_SERIE_DU_JOUR              4m52s      4m50s      -2s  ✅  cantique   prends tout le contrôle
03:12:24 BLOC_A_SERIE_DU_JOUR              8m30s      8m28s      -2s  ✅  We Worship Adonai - PHF
03:20:52 BLOC_A_SERIE_DU_JOUR              5m10s      5m07s      -3s  ✅  I Will Call Upon The Lord
03:25:59 BLOC_A_SERIE_DU_JOUR             10m24s     10m22s      -2s  ✅  Shine in Darkness O Lord  - Winnipeg Fellowship
03:36:21 BLOC_A_SERIE_DU_JOUR              9m14s      9m12s      -2s  ✅  A jamais, tu seras l Agneau de Dieu
03:45:33 BLOC_A_SERIE_DU_JOUR              6m06s      6m14s      +8s  ✅  Good God - Asaba Fellowship
03:51:47 BLOC_A_SERIE_DU_JOUR              1m40s      1m37s      -3s  ✅  1 Jean 1
03:53:24 BLOC_A_SERIE_DU_JOUR              4m39s      4m37s      -2s  ✅  1 Jean 2
03:58:01 BLOC_A_SERIE_DU_JOUR              3m34s      3m32s      -2s  ✅  1 Jean 3
04:01:33 BLOC_A_SERIE_DU_JOUR              3m16s      3m13s      -3s  ✅  1 Jean 4
04:04:46 BLOC_A_SERIE_DU_JOUR              3m11s      3m09s      -2s  ✅  1 Jean 5
04:07:55 BLOC_A_SERIE_DU_JOUR              4m33s      4m31s      -2s  ✅  1 Pierre 1
04:12:26 BLOC_A_SERIE_DU_JOUR              4m17s      4m14s      -3s  ✅  1 Pierre 2
04:16:40 BLOC_A_SERIE_DU_JOUR              3m50s      3m47s      -3s  ✅  1 Pierre 3
04:20:27 BLOC_A_SERIE_DU_JOUR              3m13s      3m10s      -3s  ✅  1 Pierre 4
04:23:37 BLOC_A_SERIE_DU_JOUR              2m15s      2m13s      -2s  ✅  1 Pierre 5
04:25:50 BLOC_A_SERIE_DU_JOUR              9m12s      9m09s      -3s  ✅  1 Rois 2
04:34:59 BLOC_A_SERIE_DU_JOUR              0m13s      0m14s      +1s  ✅  jingle avant louange 07 voici un temps de louange
04:35:13 BLOC_A_SERIE_DU_JOUR              5m02s      5m00s      -2s  ✅  A Song Of Love
04:40:13 BLOC_A_SERIE_DU_JOUR              8m21s      8m18s      -3s  ✅  In the Day of Your Power  - Winnipeg Fellowship
04:48:31 BLOC_A_SERIE_DU_JOUR              6m56s      6m54s      -2s  ✅  As We Worship In Ypur Presence
04:55:25 BLOC_A_SERIE_DU_JOUR              5m22s      5m19s      -3s  ✅  God's Got An Army - PHF
05:00:44 BLOC_A_SERIE_DU_JOUR              4m03s      4m01s      -2s  ✅  I Will Not Be Silent - Calabar HF
05:04:45 BLOC_A_SERIE_DU_JOUR              8m18s      8m15s      -3s  ✅  Yahweh Is Mighty - SWBN TV
05:13:00 BLOC_A_SERIE_DU_JOUR              6m02s      5m59s      -3s  ✅  Crown Him Lord of Lords - Nonso Njoku
05:18:59 BLOC_A_SERIE_DU_JOUR              4m52s      4m50s      -2s  ✅  God is Moving Us On - Ketu HF
05:23:49 BLOC_A_SERIE_DU_JOUR              6m09s      6m07s      -2s  ✅  Hymne des vainqueurs
05:29:56 BLOC_A_SERIE_DU_JOUR              6m13s      6m11s      -2s  ✅  Immortal God - Elohim Adonai - Abuja HF
05:36:07 BLOC_A_SERIE_DU_JOUR              0m09s      0m09s      +0s  ✅  JINGLE
05:36:16 BLOC_A_SERIE_DU_JOUR              2m43s      2m41s      -2s  ✅  Aggée 1
05:38:57 BLOC_A_SERIE_DU_JOUR              3m58s      3m55s      -3s  ✅  Aggée 2
05:42:52 BLOC_A_SERIE_DU_JOUR              3m42s      3m40s      -2s  ✅  2 Pierre 1
05:46:32 BLOC_A_SERIE_DU_JOUR              4m04s      4m01s      -3s  ✅  2 Pierre 2
05:50:33 BLOC_A_SERIE_DU_JOUR              3m17s      3m14s      -3s  ✅  2 Pierre 3
05:53:47 BLOC_A_SERIE_DU_JOUR              2m04s      2m02s      -2s  ✅  Osée 1
05:55:49 BLOC_A_SERIE_DU_JOUR              0m09s      0m09s      +0s  ✅  jingle id station 01 la bonne nouvelle partout
05:55:58 BLOC_A_SERIE_DU_JOUR              4m11s      4m11s      +0s  ✅  Cantique   Oh Éternel Dieu, Tu es le Dieu Incomparable
06:00:09 015_REMPLISSAGE                   1m01s      0m56s      -5s  ✅  Ésaïe 12
06:01:05 BLOC_B_SERIE_DU_JOUR              0m11s      0m12s      +1s  ✅  jingle avant message 05 vous etes a lecoute de levangile du royaume
06:01:17 BLOC_B_SERIE_DU_JOUR             12m52s     12m49s      -3s  ✅  wa0002 1
06:14:06 BLOC_B_SERIE_DU_JOUR              0m09s      0m10s      +1s  ✅  jingle avant bible 08 prenons un moment pour ecouter la parole
06:14:16 BLOC_B_SERIE_DU_JOUR              2m54s      2m51s      -3s  ✅  Malachie 1
06:17:07 BLOC_B_SERIE_DU_JOUR              3m17s      3m14s      -3s  ✅  Malachie 2
06:20:21 BLOC_B_SERIE_DU_JOUR              3m22s      3m19s      -3s  ✅  Malachie 3
06:23:40 BLOC_B_SERIE_DU_JOUR              1m05s      1m02s      -3s  ✅  Malachie 4
06:24:42 BLOC_B_SERIE_DU_JOUR              5m40s      5m38s      -2s  ✅  Marc 1
06:30:20 BLOC_B_SERIE_DU_JOUR              4m21s      4m19s      -2s  ✅  Marc 2
06:34:39 BLOC_B_SERIE_DU_JOUR              4m15s      4m12s      -3s  ✅  Marc 3
06:38:51 BLOC_B_SERIE_DU_JOUR              5m27s      5m24s      -3s  ✅  Marc 4
06:44:15 BLOC_B_SERIE_DU_JOUR              5m38s      5m36s      -2s  ✅  Marc 5
06:49:51 BLOC_B_SERIE_DU_JOUR              7m58s      7m56s      -2s  ✅  Marc 6
06:57:47 BLOC_B_SERIE_DU_JOUR              4m56s      4m53s      -3s  ✅  Marc 7
07:02:40 BLOC_B_SERIE_DU_JOUR              5m26s      5m24s      -2s  ✅  Marc 8
07:08:04 BLOC_B_SERIE_DU_JOUR              6m45s      6m42s      -3s  ✅  Marc 9
07:14:46 BLOC_B_SERIE_DU_JOUR              0m11s      0m12s      +1s  ✅  jingle avant louange 05 elevons nos coeurs vers dieu
07:14:58 BLOC_B_SERIE_DU_JOUR              9m39s      9m36s      -3s  ✅  Psalm 93 - Port Harcourt HF
07:24:34 BLOC_B_SERIE_DU_JOUR              8m58s      8m55s      -3s  ✅  El Elyon - Toronto & Winnipeg HF
07:33:29 BLOC_B_SERIE_DU_JOUR              8m12s      8m10s      -2s  ✅  Jesus is Alpha - PHF
07:41:39 BLOC_B_SERIE_DU_JOUR              7m20s      7m18s      -2s  ✅  The Glory -  PHF
07:48:57 BLOC_B_SERIE_DU_JOUR              7m25s      7m22s      -3s  ✅  Victorious Is the Lamb - Winnipeg Fellowship
07:56:19 BLOC_B_SERIE_DU_JOUR              5m19s      5m17s      -2s  ✅  Gabrielle LIDJI - Mélodie Céleste  by LFXA(Light FX Animation)_2
08:01:36 BLOC_B_SERIE_DU_JOUR              6m59s      6m56s      -3s  ✅  Hosanna - Toronto HF
08:08:32 BLOC_B_SERIE_DU_JOUR              9m04s      9m01s      -3s  ✅  You're the Lamb - Calabar HF
08:17:33 BLOC_B_SERIE_DU_JOUR              0m13s      0m13s      +0s  ✅  jingle avant bible 07 place a la lecture de la bible
08:17:46 BLOC_B_SERIE_DU_JOUR              3m57s      3m54s      -3s  ✅  Apocalypse 1
08:21:40 BLOC_B_SERIE_DU_JOUR              5m23s      5m21s      -2s  ✅  Apocalypse 2
08:27:01 BLOC_B_SERIE_DU_JOUR              4m16s      4m13s      -3s  ✅  Apocalypse 3
08:31:14 BLOC_B_SERIE_DU_JOUR              2m32s      2m29s      -3s  ✅  Apocalypse 4
08:33:43 BLOC_B_SERIE_DU_JOUR              2m51s      2m49s      -2s  ✅  Apocalypse 5
08:36:32 BLOC_B_SERIE_DU_JOUR              3m33s      3m31s      -2s  ✅  Apocalypse 6
08:40:03 BLOC_B_SERIE_DU_JOUR              3m14s      3m11s      -3s  ✅  Apocalypse 7
08:43:14 BLOC_B_SERIE_DU_JOUR              2m36s      2m34s      -2s  ✅  Apocalypse 8
08:45:48 BLOC_B_SERIE_DU_JOUR              3m50s      3m47s      -3s  ✅  Apocalypse 9
08:49:35 BLOC_B_SERIE_DU_JOUR              0m13s      0m13s      +0s  ✅  jingle avant louange 07 voici un temps de louange
08:49:48 BLOC_B_SERIE_DU_JOUR              6m04s      6m02s      -2s  ✅  Sing Unto the Lord a new Song  - Winnipeg Fellowship
08:55:50 BLOC_B_SERIE_DU_JOUR              6m57s      6m55s      -2s  ✅  The Lord on High is Mightier - Toronto HF
09:02:45 BLOC_B_SERIE_DU_JOUR              9m24s      9m22s      -2s  ✅  I See Your Face - Toronto HF
09:12:07 BLOC_B_SERIE_DU_JOUR              7m09s      7m06s      -3s  ✅  There is A Mighty River Flowing - Ketu HF
09:19:13 BLOC_B_SERIE_DU_JOUR              4m21s      4m18s      -3s  ✅  Sing Hallelujah - Abuja HF
09:23:31 BLOC_B_SERIE_DU_JOUR             10m35s     10m32s      -3s  ✅  Baruch Ha'ba B'Shem Adonai/Blessed Is He Who Comes in the Name of the Lord - Port Harcourt HF
09:34:03 BLOC_B_SERIE_DU_JOUR              6m19s      6m17s      -2s  ✅  Unto Him - CHF
09:40:20 BLOC_B_SERIE_DU_JOUR             11m01s     10m58s      -3s  ✅  Great is, Ascribe - Ketu HF
09:51:18 BLOC_B_SERIE_DU_JOUR              0m10s      0m11s      +1s  ✅  jingle avant bible 06 ouvrons les saintes ecritures
09:51:29 BLOC_B_SERIE_DU_JOUR              3m36s      3m33s      -3s  ✅  Daniel 1
09:55:02 BLOC_B_SERIE_DU_JOUR              9m09s      9m06s      -3s  ✅  Daniel 2
10:04:08 BLOC_B_SERIE_DU_JOUR              6m24s      6m22s      -2s  ✅  Daniel 3
10:10:30 BLOC_B_SERIE_DU_JOUR              7m32s      7m29s      -3s  ✅  Daniel 4
10:17:59 BLOC_B_SERIE_DU_JOUR              6m09s      6m07s      -2s  ✅  Daniel 5
10:24:06 BLOC_B_SERIE_DU_JOUR              5m34s      5m31s      -3s  ✅  Daniel 6
10:29:37 BLOC_B_SERIE_DU_JOUR              5m29s      5m27s      -2s  ✅  Daniel 7
10:35:04 BLOC_B_SERIE_DU_JOUR              0m10s      0m11s      +1s  ✅  jingle avant louange 06 que la louange seleve
10:35:15 BLOC_B_SERIE_DU_JOUR              4m44s      4m42s      -2s  ✅  Je veux vivre ton royaume
10:39:57 BLOC_B_SERIE_DU_JOUR              4m40s      4m37s      -3s  ✅  All in All - CHF
10:44:34 BLOC_B_SERIE_DU_JOUR              8m37s      8m35s      -2s  ✅  He Has Given Me & Emmanuel You Joy Over Us (Medley) (Abasiama Timothy & Imah Adegoke)
10:53:09 BLOC_B_SERIE_DU_JOUR              7m09s      7m07s      -2s  ✅  My God Is Good - Winnipeg Fellowship
11:00:16 BLOC_B_SERIE_DU_JOUR              2m20s      2m16s      -4s  ✅  cantique  heureux l homme qui ne marche pas selon
11:02:32 BLOC_B_SERIE_DU_JOUR              5m18s      5m16s      -2s  ✅  Now is Come Salvation - Toronto HF
11:07:48 BLOC_B_SERIE_DU_JOUR              5m13s      5m11s      -2s  ✅  Il s'appelait Emmanuel - Marcel Boungou + Paroles
11:12:59 BLOC_B_SERIE_DU_JOUR              7m18s      7m15s      -3s  ✅  Holy is the Lord (Emmanuel Umoh)
11:20:14 BLOC_B_SERIE_DU_JOUR              5m50s      5m47s      -3s  ✅  Jesus I'm Waiting for You (Mary Umoh)
11:26:01 BLOC_B_SERIE_DU_JOUR              5m07s      5m05s      -2s  ✅  We Shall Come - Asaba Fellowship
11:31:06 BLOC_B_SERIE_DU_JOUR              5m04s      5m02s      -2s  ✅  I Enter The Holy of Holies - Port Harcourt HF
11:36:08 BLOC_B_SERIE_DU_JOUR              0m09s      0m09s      +0s  ✅  jingle id station 02 radio evangile du royaume
11:36:17 BLOC_B_SERIE_DU_JOUR              5m24s      5m22s      -2s  ✅  Jérémie 4
11:41:39 BLOC_B_SERIE_DU_JOUR              5m11s      5m08s      -3s  ✅  Jérémie 5
11:46:47 BLOC_B_SERIE_DU_JOUR              5m03s      5m01s      -2s  ✅  Jérémie 6
11:51:48 BLOC_B_SERIE_DU_JOUR              5m42s      5m39s      -3s  ✅  Jérémie 7
11:57:27 BLOC_B_SERIE_DU_JOUR              0m09s      0m10s      +1s  ✅  jingle id station 01 la bonne nouvelle partout
11:57:37 BLOC_B_SERIE_DU_JOUR              6m28s      6m25s      -3s  ✅  Le Bien-Etre Universel
12:04:02 BLOC_C_SERIE_DU_JOUR              0m11s      0m11s      +0s  ✅  jingle avant message 05 vous etes a lecoute de levangile du royaume
12:04:13 BLOC_C_SERIE_DU_JOUR             12m52s     12m50s      -2s  ✅  wa0002 1
12:17:03 BLOC_C_SERIE_DU_JOUR              0m10s      0m11s      +1s  ✅  jingle avant bible 06 ouvrons les saintes ecritures
12:17:14 BLOC_C_SERIE_DU_JOUR              4m15s      4m12s      -3s  ✅  Philippiens 1
12:21:26 BLOC_C_SERIE_DU_JOUR              4m28s      4m26s      -2s  ✅  Philippiens 2
12:25:52 BLOC_C_SERIE_DU_JOUR              3m26s      3m23s      -3s  ✅  Philippiens 3
12:29:15 BLOC_C_SERIE_DU_JOUR              3m39s      3m37s      -2s  ✅  Philippiens 4
12:32:52 BLOC_C_SERIE_DU_JOUR              5m57s      5m54s      -3s  ✅  Exode 25
12:38:46 BLOC_C_SERIE_DU_JOUR              5m26s      5m24s      -2s  ✅  Exode 26
12:44:10 BLOC_C_SERIE_DU_JOUR              3m27s      3m24s      -3s  ✅  Exode 27
12:47:34 BLOC_C_SERIE_DU_JOUR              7m35s      7m34s      -1s  ✅  Exode 28
12:55:08 BLOC_C_SERIE_DU_JOUR              8m19s      8m16s      -3s  ✅  Exode 29
13:03:24 BLOC_C_SERIE_DU_JOUR              6m18s      6m15s      -3s  ✅  Exode 30
13:09:39 BLOC_C_SERIE_DU_JOUR              3m17s      3m14s      -3s  ✅  Exode 31
13:12:53 BLOC_C_SERIE_DU_JOUR              7m04s      7m01s      -3s  ✅  Exode 32
13:19:54 BLOC_C_SERIE_DU_JOUR              0m13s      0m15s      +2s  ✅  jingle avant louange 07 voici un temps de louange
13:20:09 BLOC_C_SERIE_DU_JOUR              7m29s      7m25s      -4s  ✅  Hallelujah - PHF
13:27:34 BLOC_C_SERIE_DU_JOUR              4m13s      4m11s      -2s  ✅  4 minutes
13:31:45 BLOC_C_SERIE_DU_JOUR              5m15s      5m12s      -3s  ✅  Yahweh Be Praised - Abuja HF
13:36:57 BLOC_C_SERIE_DU_JOUR              8m10s      8m08s      -2s  ✅  Great and Marvellous - Ketu HF
13:45:05 BLOC_C_SERIE_DU_JOUR              4m53s      4m50s      -3s  ✅  Cantique Jahweh, Tu es élevé au dessus de tout (1)
13:49:55 BLOC_C_SERIE_DU_JOUR              4m48s      4m46s      -2s  ✅  Yeshua I'm Waiting for You  - Ketu HF
13:54:41 BLOC_C_SERIE_DU_JOUR              4m11s      4m08s      -3s  ✅  jai donné ma vie à jésus (1)
13:58:49 BLOC_C_SERIE_DU_JOUR              6m06s      6m04s      -2s  ✅  cantique  ta bonte
14:04:53 BLOC_C_SERIE_DU_JOUR              7m09s      7m06s      -3s  ✅  You're the Lamb (Abasiama Timothy)
14:11:59 BLOC_C_SERIE_DU_JOUR              8m41s      8m39s      -2s  ✅  Unto Him (Vincent Opara)
14:20:38 BLOC_C_SERIE_DU_JOUR              0m13s      0m13s      +0s  ✅  jingle avant bible 07 place a la lecture de la bible
14:20:51 BLOC_C_SERIE_DU_JOUR              3m37s      3m34s      -3s  ✅  Ésaïe 9
14:24:25 BLOC_C_SERIE_DU_JOUR              5m32s      5m30s      -2s  ✅  Ésaïe 10
14:29:55 BLOC_C_SERIE_DU_JOUR              2m58s      2m56s      -2s  ✅  Ésaïe 11
14:32:51 BLOC_C_SERIE_DU_JOUR              1m01s      0m58s      -3s  ✅  Ésaïe 12
14:33:49 BLOC_C_SERIE_DU_JOUR              3m21s      3m18s      -3s  ✅  Ésaïe 13
14:37:07 BLOC_C_SERIE_DU_JOUR              4m58s      4m56s      -2s  ✅  Ésaïe 14
14:42:03 BLOC_C_SERIE_DU_JOUR              1m37s      1m35s      -2s  ✅  Ésaïe 15
14:43:38 BLOC_C_SERIE_DU_JOUR              2m26s      2m23s      -3s  ✅  Ésaïe 16
14:46:01 BLOC_C_SERIE_DU_JOUR              2m30s      2m27s      -3s  ✅  Ésaïe 17
14:48:28 BLOC_C_SERIE_DU_JOUR              1m36s      1m33s      -3s  ✅  Ésaïe 18
14:50:01 BLOC_C_SERIE_DU_JOUR              0m10s      0m11s      +1s  ✅  jingle avant louange 06 que la louange seleve
14:50:12 BLOC_C_SERIE_DU_JOUR              7m17s      7m15s      -2s  ✅  cantique  tes promesses  pub direct dec 2021 import (2)
14:57:27 BLOC_C_SERIE_DU_JOUR              4m33s      4m31s      -2s  ✅  God is Building - Will You Be - Ketu HF
15:01:58 BLOC_C_SERIE_DU_JOUR              6m10s      6m07s      -3s  ✅  That I May Know Him - Toronto HF
15:08:05 BLOC_C_SERIE_DU_JOUR              6m02s      6m00s      -2s  ✅  Rejoice - PHF
15:14:05 BLOC_C_SERIE_DU_JOUR              4m04s      4m01s      -3s  ✅  Ascribe Greatness - PHF
15:18:06 BLOC_C_SERIE_DU_JOUR              8m22s      8m20s      -2s  ✅  Yeshua Hamashiach - Calabar HF
15:26:26 BLOC_C_SERIE_DU_JOUR              6m35s      6m32s      -3s  ✅  cantique   ta lumière
15:32:58 BLOC_C_SERIE_DU_JOUR              8m25s      8m22s      -3s  ✅  The Mountains, Come and, Oh City - Ketu HF
15:41:20 BLOC_C_SERIE_DU_JOUR              5m21s      5m20s      -1s  ✅  By the word of the lord - Ketu HF
15:46:40 BLOC_C_SERIE_DU_JOUR              7m21s      7m18s      -3s  ✅  For By My God - Toronto & Winnipeg HF
15:53:58 BLOC_C_SERIE_DU_JOUR              0m09s      0m09s      +0s  ✅  jingle avant bible 08 prenons un moment pour ecouter la parole
15:54:07 BLOC_C_SERIE_DU_JOUR              2m36s      2m34s      -2s  ✅  Romains 13
15:56:41 BLOC_C_SERIE_DU_JOUR              3m26s      3m23s      -3s  ✅  Romains 14
16:00:04 BLOC_C_SERIE_DU_JOUR              5m12s      5m10s      -2s  ✅  Romains 15
16:05:14 BLOC_C_SERIE_DU_JOUR              3m44s      3m42s      -2s  ✅  Romains 16
16:08:56 BLOC_C_SERIE_DU_JOUR              2m05s      2m02s      -3s  ✅  3 Jean 1
16:10:58 BLOC_C_SERIE_DU_JOUR              1m55s      1m52s      -3s  ✅  Esdras 1
16:12:50 BLOC_C_SERIE_DU_JOUR              6m11s      6m09s      -2s  ✅  Esdras 2
16:18:59 BLOC_C_SERIE_DU_JOUR              2m56s      2m53s      -3s  ✅  Esdras 3
16:21:52 BLOC_C_SERIE_DU_JOUR              4m24s      4m22s      -2s  ✅  Esdras 4
16:26:14 BLOC_C_SERIE_DU_JOUR              3m08s      3m05s      -3s  ✅  Esdras 5
16:29:19 BLOC_C_SERIE_DU_JOUR              4m12s      4m10s      -2s  ✅  Esdras 6
16:33:29 BLOC_C_SERIE_DU_JOUR              4m34s      4m31s      -3s  ✅  Esdras 7
16:38:00 BLOC_C_SERIE_DU_JOUR              0m11s      0m12s      +1s  ✅  jingle avant louange 05 elevons nos coeurs vers dieu
16:38:12 BLOC_C_SERIE_DU_JOUR              7m46s      7m43s      -3s  ✅  Arise Out of Zion  - Winnipeg Fellowship
16:45:55 BLOC_C_SERIE_DU_JOUR              4m18s      4m17s      -1s  ✅  You Are Worthy - Ketu HF
16:50:12 BLOC_C_SERIE_DU_JOUR              5m08s      5m05s      -3s  ✅  He Has Given Me - PHF
16:55:17 BLOC_C_SERIE_DU_JOUR             10m25s     10m23s      -2s  ✅  Holy Are You - PHF
17:05:40 BLOC_C_SERIE_DU_JOUR              2m16s      2m13s      -3s  ✅  cantique  nous sommes le sel de la terre
17:07:53 BLOC_C_SERIE_DU_JOUR              8m10s      8m08s      -2s  ✅  Agunechemba - SWBN TV
17:16:01 BLOC_C_SERIE_DU_JOUR              3m19s      3m16s      -3s  ✅  Awaken My Heart
17:19:17 BLOC_C_SERIE_DU_JOUR              4m05s      4m03s      -2s  ✅  Song Of Victory - Emmanuel Igunbor
17:23:20 BLOC_C_SERIE_DU_JOUR              5m58s      5m55s      -3s  ✅  In Jesus - PHF
17:29:15 BLOC_C_SERIE_DU_JOUR              6m07s      6m05s      -2s  ✅  There Is Forgiveness In Thee - SWBN TV
17:35:20 BLOC_C_SERIE_DU_JOUR             11m54s     11m51s      -3s  ✅  Great & Marvelluos - Toronto HF
17:47:11 BLOC_C_SERIE_DU_JOUR              0m09s      0m10s      +1s  ✅  JINGLE
17:47:21 BLOC_C_SERIE_DU_JOUR              2m35s      2m33s      -2s  ✅  2 Chroniques 3
17:49:54 BLOC_C_SERIE_DU_JOUR              3m07s      3m04s      -3s  ✅  2 Chroniques 4
17:52:58 BLOC_C_SERIE_DU_JOUR              2m35s      2m32s      -3s  ✅  2 Chroniques 5
17:55:30 BLOC_C_SERIE_DU_JOUR              7m55s      8m03s      +8s  ✅  2 Chroniques 6
18:03:33 BLOC_D_SERIE_DU_JOUR             12m52s     12m59s      +7s  ✅  wa0002 1
18:16:32 BLOC_D_SERIE_DU_JOUR              2m59s      2m57s      -2s  ✅  Philémon 1
18:19:29 BLOC_D_SERIE_DU_JOUR              2m07s      2m05s      -2s  ✅  2 Jean 1
18:21:34 BLOC_D_SERIE_DU_JOUR              1m49s      1m46s      -3s  ✅  1 Thessaloniciens 1
18:23:20 BLOC_D_SERIE_DU_JOUR              3m29s      3m27s      -2s  ✅  1 Thessaloniciens 2
18:26:47 BLOC_D_SERIE_DU_JOUR              2m13s      2m10s      -3s  ✅  1 Thessaloniciens 3
18:28:57 BLOC_D_SERIE_DU_JOUR              3m03s      3m01s      -2s  ✅  1 Thessaloniciens 4
18:31:58 BLOC_D_SERIE_DU_JOUR              3m04s      3m01s      -3s  ✅  1 Thessaloniciens 5
18:34:59 BLOC_D_SERIE_DU_JOUR              3m36s      3m33s      -3s  ✅  Lévitique 9
18:38:32 BLOC_D_SERIE_DU_JOUR              4m02s      4m00s      -2s  ✅  Lévitique 10
18:42:32 BLOC_D_SERIE_DU_JOUR              6m31s      6m29s      -2s  ✅  Lévitique 11
18:49:01 BLOC_D_SERIE_DU_JOUR              1m30s      1m27s      -3s  ✅  Lévitique 12
18:50:28 BLOC_D_SERIE_DU_JOUR             10m24s     10m22s      -2s  ✅  Lévitique 13
19:00:50 BLOC_D_SERIE_DU_JOUR              8m31s      8m28s      -3s  ✅  Lévitique 14
19:09:18 BLOC_D_SERIE_DU_JOUR              0m10s      0m11s      +1s  ✅  jingle avant louange 06 que la louange seleve
19:09:29 BLOC_D_SERIE_DU_JOUR              8m24s      8m21s      -3s  ✅  Bless Ye the Lord - PHF
19:17:50 BLOC_D_SERIE_DU_JOUR             11m53s     11m50s      -3s  ✅  Hashem - PHF
19:29:40 BLOC_D_SERIE_DU_JOUR              9m23s      9m21s      -2s  ✅  10 minutes
19:39:01 BLOC_D_SERIE_DU_JOUR              6m34s      6m32s      -2s  ✅  cantique  béni soit le dieu d israël
19:45:33 BLOC_D_SERIE_DU_JOUR              7m37s      7m34s      -3s  ✅  Cantiques  Il a pris mes iniquités
19:53:07 BLOC_D_SERIE_DU_JOUR              6m02s      6m00s      -2s  ✅  Satisfy My Soul - Calabar HF
19:59:07 BLOC_D_SERIE_DU_JOUR             10m47s     10m44s      -3s  ✅  Abba, Singing a, I Will Sing - Ketu HF
20:09:51 BLOC_D_SERIE_DU_JOUR              0m13s      0m13s      +0s  ✅  jingle avant bible 07 place a la lecture de la bible
20:10:04 BLOC_D_SERIE_DU_JOUR              4m51s      4m48s      -3s  ✅  Nombres 10
20:14:52 BLOC_D_SERIE_DU_JOUR              6m10s      6m07s      -3s  ✅  Nombres 11
20:20:59 BLOC_D_SERIE_DU_JOUR              2m32s      2m30s      -2s  ✅  Nombres 12
20:23:29 BLOC_D_SERIE_DU_JOUR              4m23s      4m21s      -2s  ✅  Nombres 13
20:27:50 BLOC_D_SERIE_DU_JOUR              6m43s      6m40s      -3s  ✅  Nombres 14
20:34:30 BLOC_D_SERIE_DU_JOUR              5m47s      5m45s      -2s  ✅  Nombres 15
20:40:15 BLOC_D_SERIE_DU_JOUR              0m11s      0m11s      +0s  ✅  jingle avant louange 05 elevons nos coeurs vers dieu
20:40:26 BLOC_D_SERIE_DU_JOUR              5m21s      5m18s      -3s  ✅  We Shall Not Fear - Nonso Njoku
20:45:44 BLOC_D_SERIE_DU_JOUR              3m22s      3m20s      -2s  ✅  Ses cheveux étaient blancs..
20:49:04 BLOC_D_SERIE_DU_JOUR              9m31s      9m28s      -3s  ✅  15 at 01.33.50 (1)(1)
20:58:32 BLOC_D_SERIE_DU_JOUR              3m10s      3m07s      -3s  ✅  la Parole
21:01:39 BLOC_D_SERIE_DU_JOUR              4m20s      4m18s      -2s  ✅  There's A Mighty River Flowing - SWBN TV
21:05:57 BLOC_D_SERIE_DU_JOUR              6m12s      6m10s      -2s  ✅  The King is Here (Abasiama Timothy)
21:12:07 BLOC_D_SERIE_DU_JOUR             10m38s     10m35s      -3s  ✅  Be Exalted - PHF
21:22:42 BLOC_D_SERIE_DU_JOUR              7m36s      7m34s      -2s  ✅  There Is No Lie - SWBN TV
21:30:16 BLOC_D_SERIE_DU_JOUR              4m08s      4m05s      -3s  ✅  I Choose the Way of the Lord - Abuja HF
21:34:21 BLOC_D_SERIE_DU_JOUR              0m10s      0m10s      +0s  ✅  jingle avant bible 06 ouvrons les saintes ecritures
21:34:31 BLOC_D_SERIE_DU_JOUR              3m16s      3m13s      -3s  ✅  1 Timothée 1
21:37:44 BLOC_D_SERIE_DU_JOUR              2m10s      2m08s      -2s  ✅  1 Timothée 2
21:39:52 BLOC_D_SERIE_DU_JOUR              2m24s      2m21s      -3s  ✅  1 Timothée 3
21:42:13 BLOC_D_SERIE_DU_JOUR              2m29s      2m27s      -2s  ✅  1 Timothée 4
21:44:40 BLOC_D_SERIE_DU_JOUR              3m45s      3m42s      -3s  ✅  1 Timothée 5
21:48:22 BLOC_D_SERIE_DU_JOUR              3m53s      3m50s      -3s  ✅  1 Timothée 6
21:52:12 BLOC_D_SERIE_DU_JOUR              5m45s      5m42s      -3s  ✅  2 Samuel 12
21:57:54 BLOC_D_SERIE_DU_JOUR              7m03s      7m01s      -2s  ✅  2 Samuel 13
22:04:55 BLOC_D_SERIE_DU_JOUR              6m10s      6m08s      -2s  ✅  2 Samuel 14
22:11:03 BLOC_D_SERIE_DU_JOUR              6m19s      6m16s      -3s  ✅  2 Samuel 15
22:17:19 BLOC_D_SERIE_DU_JOUR              0m13s      0m13s      +0s  ✅  jingle avant louange 07 voici un temps de louange
22:17:32 BLOC_D_SERIE_DU_JOUR              7m57s      7m56s      -1s  ✅  Yahweh is Mighty (Imah Adegoke)
22:25:28 BLOC_D_SERIE_DU_JOUR              5m47s      5m44s      -3s  ✅  We Ascribe Greatness - Abuja HF
22:31:12 BLOC_D_SERIE_DU_JOUR              4m19s      4m17s      -2s  ✅  I Know The Blood - PHF
22:35:29 BLOC_D_SERIE_DU_JOUR              5m10s      5m07s      -3s  ✅  Igwe
22:40:36 BLOC_D_SERIE_DU_JOUR              7m51s      7m48s      -3s  ✅  There is no name  - Winnipeg Fellowship
22:48:24 BLOC_D_SERIE_DU_JOUR              6m57s      6m55s      -2s  ✅  qui est digne d ouvrir le livre
22:55:19 BLOC_D_SERIE_DU_JOUR              7m19s      7m16s      -3s  ✅  You Have sworn By Your Holiness - Chidera Bisong
23:02:35 BLOC_D_SERIE_DU_JOUR             10m13s     10m10s      -3s  ✅  As We Worship - Toronto & Winnipeg HF
23:12:45 BLOC_D_SERIE_DU_JOUR              0m09s      0m10s      +1s  ✅  JINGLE
23:12:55 BLOC_D_SERIE_DU_JOUR              2m28s      2m26s      -2s  ✅  Ézéchiel 9
23:15:21 BLOC_D_SERIE_DU_JOUR              3m35s      3m32s      -3s  ✅  Ézéchiel 10
23:18:53 BLOC_D_SERIE_DU_JOUR              4m08s      4m05s      -3s  ✅  Ézéchiel 11
23:22:58 BLOC_D_SERIE_DU_JOUR              4m57s      4m54s      -3s  ✅  Ézéchiel 12
23:27:52 BLOC_D_SERIE_DU_JOUR              4m35s      4m33s      -2s  ✅  Ézéchiel 13
23:32:25 BLOC_E_LOUANGE_NUIT               5m58s      5m55s      -3s  ✅  In Jesus - PHF
23:38:20 BLOC_E_LOUANGE_NUIT               5m13s      5m11s      -2s  ✅  Il s'appelait Emmanuel - Marcel Boungou + Paroles
23:43:31 BLOC_E_LOUANGE_NUIT               4m52s      4m50s      -2s  ✅  cantique   prends tout le contrôle
23:48:21 BLOC_E_LOUANGE_NUIT               5m04s      5m01s      -3s  ✅  Guide Me - El ELyon - Abuja HF
23:53:22 BLOC_E_LOUANGE_NUIT               9m31s      8m16s     -75s  ❌ COUPÉ  15 at 01.33.50 (1)(1)
----------------------------------------------------------------------------------------------------
Bilan : 302 titres, 1 anomalie(s) (titre coupé de plus de 10s ou trou d'antenne). Gravité : 0 mineure(s) <1min · 1 sérieuse(s) 1-10min · 0 critique(s) >10min.

====================================================================================================
CONTRÔLES APPROFONDIS
====================================================================================================
MESSAGE DU JOUR « wa0002 1 » : 4 diffusion(s) pour 4 prévue(s) ✅
   00:05:27  (étiquette BLOC_A_SERIE_DU_JOUR)
   06:01:17  (étiquette BLOC_B_SERIE_DU_JOUR)
   12:04:13  (étiquette BLOC_C_SERIE_DU_JOUR)
   18:03:33  (étiquette BLOC_D_SERIE_DU_JOUR)
JINGLES : 31 joués / 36 prévus (86%) ⚠️   ·   BLOC_A 8/9 · BLOC_B 9/9 · BLOC_C 8/9 · BLOC_D 6/9
HORS FENÊTRE : 1 titre(s) d'un bloc joués hors de sa plage ⚠️
   06:00:09  Ésaïe 12 — prévu dans BLOC_C (12:00-18:00)
BOUCHE-TROUS : 1 titre(s) hors plan sans playlist ⚠️
   00:01:34  ?  (3m41s)
COUVERTURE : premier titre à 00:01:34 ✅ · dernier titre finit vers 00:02:53 (estimé) ✅

====================================================================================================
RÉEL vs PRÉVU — ce qui a joué vs ce que le plan prévoyait
====================================================================================================
----------------------------------------------------------------------------------------------------
BLOC_A  (00:00-06:00)  prévus  87 · atteignables  82 · joués  82 · conformité  99% · sautés  1 · en trop  1
   ⏭️  PRÉVU NON JOUÉ : jingle avant bible 06 ouvrons les saintes ecritures
   ➕  JOUÉ NON PRÉVU : ?
   ⏸️  FIN DE BLOC NON ATTEINTE (5 titres · ~23m19s) — marge anti-rebouclage au-delà de la fenêtre, normal : You Are the Captain of the Host - Toronto HF · Not Naked (Abasiama Timothy) · Ella Samuels - Oh Lord Our Maker · Guide Me - El ELyon - Abuja HF · Adorons l'Éternel GAEL - JÉSUS EST SEIGNEUR -
----------------------------------------------------------------------------------------------------
BLOC_B  (06:00-12:00)  prévus  75 · atteignables  71 · joués  72 · conformité 100% · sautés  0 · en trop  1
   ➕  JOUÉ NON PRÉVU : Ésaïe 12
   ⏸️  FIN DE BLOC NON ATTEINTE (4 titres · ~21m19s) — marge anti-rebouclage au-delà de la fenêtre, normal : Oh Lord I Want to Know Your Glory - Port Harcourt HF · Praise the Lord All Ye Nations - Toronto HF · The Lord is my Light and Salvation - Nonso Njoku · Forever You Reign - Abuja HF
----------------------------------------------------------------------------------------------------
BLOC_C  (12:00-18:00)  prévus  85 · atteignables  78 · joués  78 · conformité 100% · sautés  0 · en trop  0
   ⏸️  FIN DE BLOC NON ATTEINTE (7 titres · ~29m20s) — marge anti-rebouclage au-delà de la fenêtre, normal : 2 Chroniques 7 · JINGLE · Where Two or Three are Gathered - Calabar HF · He Shall Feed His Flock - I Want to walk  - Ketu HF · Mon modèle, c est Jésus · You are God - Winnipeg Fellowship  …(+1)
----------------------------------------------------------------------------------------------------
BLOC_D  (18:00-23:30)  prévus  72 · atteignables  67 · joués  65 · conformité  97% · sautés  2 · en trop  0
   ⏭️  PRÉVU NON JOUÉ : jingle avant message 01 voici le message du jour · jingle avant bible 08 prenons un moment pour ecouter la parole
   ⏸️  FIN DE BLOC NON ATTEINTE (5 titres · ~24m26s) — marge anti-rebouclage au-delà de la fenêtre, normal : jingle id station 03 notre mission annonce levangile · Cantique l Éternel est mon Berger (1) · Praise the Lord of Host - Toronto HF · qui est digne d ouvrir le livre · I Enter The Holy of Holies - Port Harcourt HF
----------------------------------------------------------------------------------------------------
CONFORMITÉ GLOBALE : 295/298 titres atteignables joués dans l'ordre = 99%  (2 titre(s) hors plan · 21 non atteint(s) en fin de bloc, marge normale)
