Rapport de diffusion — 2026-06-03 (heures UTC)
304 titres joués | tolérance ±10s
====================================================================================================
HEURE    PLAYLIST                     FICHIER          RÉEL    ÉCART  STATUT  TITRE
----------------------------------------------------------------------------------------------------
00:03:02 BLOC_A_SERIE_DU_JOUR           1h13m31s   1h13m28s      -3s  ✅  la résurrection des morts et la délivrance de lesclavage de la corruption part1
01:16:30 BLOC_A_SERIE_DU_JOUR              0m04s      0m03s      -1s  ✅  c est aussi pour les enfants 2
01:16:33 BLOC_D_SERIE_DU_JOUR           1h13m31s      0m37s   -4374s  ❌ COUPÉ  la résurrection des morts et la délivrance de lesclavage de la corruption part1
01:17:10 BLOC_A_SERIE_DU_JOUR              0m58s      1m00s      +2s  ✅  La Bible
01:18:10 BLOC_A_SERIE_DU_JOUR              4m12s      4m10s      -2s  ✅  Esaie
01:22:20 BLOC_A_SERIE_DU_JOUR              3m40s      3m38s      -2s  ✅  Matthieu
01:25:58 BLOC_A_SERIE_DU_JOUR              2m33s      2m30s      -3s  ✅  1 Samuel
01:28:28 BLOC_A_SERIE_DU_JOUR              3m48s      3m46s      -2s  ✅  2 Chronicles
01:32:14 BLOC_A_SERIE_DU_JOUR              6m32s      6m29s      -3s  ✅  Actes
01:38:43 BLOC_A_SERIE_DU_JOUR              1m29s      1m28s      -1s  ✅  La Bible
01:40:11 BLOC_A_SERIE_DU_JOUR              7m36s      7m32s      -4s  ✅  Nombres 4
01:47:43 BLOC_A_SERIE_DU_JOUR              4m00s      3m57s      -3s  ✅  Ezechiel
01:51:40 BLOC_A_SERIE_DU_JOUR              3m51s      3m49s      -2s  ✅  Bible_fr_05_deuter_006
01:55:29 BLOC_A_SERIE_DU_JOUR              1m43s      1m40s      -3s  ✅  Job
01:57:09 BLOC_A_SERIE_DU_JOUR              3m34s      3m32s      -2s  ✅  Apocalypse
02:00:41 BLOC_A_SERIE_DU_JOUR              2m34s      2m31s      -3s  ✅  2 Chronicles
02:03:12 BLOC_A_SERIE_DU_JOUR              1m57s      1m56s      -1s  ✅  Job
02:05:08 BLOC_A_SERIE_DU_JOUR              6m58s      6m54s      -4s  ✅  Lévitique 23
02:12:02 BLOC_A_SERIE_DU_JOUR              2m44s      2m42s      -2s  ✅  Esther 6
02:14:44 BLOC_A_SERIE_DU_JOUR              5m03s      5m00s      -3s  ✅  Ezechiel
02:19:44 BLOC_A_SERIE_DU_JOUR              0m07s      0m05s      -2s  ✅  Parole Prophétique FM
02:19:49 BLOC_A_SERIE_DU_JOUR           1h13m31s      0m29s   -4382s  ❌ COUPÉ  la résurrection des morts et la délivrance de lesclavage de la corruption part1
02:20:18 BLOC_A_SERIE_DU_JOUR              5m13s      5m11s      -2s  ✅  Il s'appelait Emmanuel - Marcel Boungou + Paroles
02:25:29 BLOC_A_SERIE_DU_JOUR              6m41s      6m38s      -3s  ✅  6 minutes
02:32:07 BLOC_A_SERIE_DU_JOUR              5m28s      5m25s      -3s  ✅  même humilié
02:37:32 BLOC_A_SERIE_DU_JOUR              4m13s      4m11s      -2s  ✅  4 minutes
02:41:43 BLOC_A_SERIE_DU_JOUR              5m10s      5m07s      -3s  ✅  Igwe
02:46:50 BLOC_A_SERIE_DU_JOUR              2m20s      2m18s      -2s  ✅  cantique  heureux l homme qui ne marche pas selon
02:49:08 BLOC_A_SERIE_DU_JOUR              3m22s      3m19s      -3s  ✅  Ses cheveux étaient blancs..
02:52:27 BLOC_A_SERIE_DU_JOUR              7m17s      7m15s      -2s  ✅  cantique  tes promesses  pub direct dec 2021 import (2)
02:59:42 BLOC_A_SERIE_DU_JOUR              6m35s      6m32s      -3s  ✅  cantique   ta lumière
03:06:14 BLOC_A_SERIE_DU_JOUR              6m57s      6m55s      -2s  ✅  qui est digne d ouvrir le livre
03:13:09 BLOC_A_SERIE_DU_JOUR              6m06s      6m04s      -2s  ✅  cantique  ta bonte
03:19:13 BLOC_A_SERIE_DU_JOUR              2m16s      2m13s      -3s  ✅  cantique  nous sommes le sel de la terre
03:21:26 BLOC_A_SERIE_DU_JOUR              0m04s      0m03s      -1s  ✅  moi 1
03:21:29 BLOC_A_SERIE_DU_JOUR           1h13m31s      0m40s   -4371s  ❌ COUPÉ  la résurrection des morts et la délivrance de lesclavage de la corruption part1
03:22:09 BLOC_A_SERIE_DU_JOUR              4m56s      4m54s      -2s  ✅  Marc
03:27:03 BLOC_A_SERIE_DU_JOUR              3m14s      3m12s      -2s  ✅  Job
03:30:15 BLOC_A_SERIE_DU_JOUR              3m44s      3m41s      -3s  ✅  Ecclesiaste
03:33:56 BLOC_A_SERIE_DU_JOUR              2m27s      4m16s    +109s  ⚠️ TROU APRÈS  La Bible
03:38:12 BLOC_A_SERIE_DU_JOUR              3m15s      3m12s      -3s  ✅  Romains
03:41:24 BLOC_A_SERIE_DU_JOUR              1m36s      1m34s      -2s  ✅  Job
03:42:58 BLOC_A_SERIE_DU_JOUR              3m51s      3m48s      -3s  ✅  Bible_fr_06_joshua_017
03:46:46 BLOC_A_SERIE_DU_JOUR              6m09s      6m12s      +3s  ✅  Jean 19
03:52:58 BLOC_A_SERIE_DU_JOUR           1h13m31s      0m12s   -4399s  ❌ COUPÉ  la résurrection des morts et la délivrance de lesclavage de la corruption part1
03:53:10 BLOC_A_SERIE_DU_JOUR              6m28s      6m30s      +2s  ✅  Le Bien-Etre Universel
03:59:40 BLOC_A_SERIE_DU_JOUR           1h13m31s      0m45s   -4366s  ❌ COUPÉ  la résurrection des morts et la délivrance de lesclavage de la corruption part1
04:00:25 BLOC_A_SERIE_DU_JOUR              4m52s      4m49s      -3s  ✅  cantique   prends tout le contrôle
04:05:14 BLOC_A_SERIE_DU_JOUR              4m11s      4m08s      -3s  ✅  jai donné ma vie à jésus (1)
04:09:22 BLOC_A_SERIE_DU_JOUR              5m19s      5m17s      -2s  ✅  Gabrielle LIDJI - Mélodie Céleste  by LFXA(Light FX Animation)_2
04:14:39 BLOC_A_SERIE_DU_JOUR              9m23s      9m21s      -2s  ✅  10 minutes
04:24:00 BLOC_A_SERIE_DU_JOUR              3m12s      3m10s      -2s  ✅  esprit de dieu
04:27:10 BLOC_A_SERIE_DU_JOUR              6m09s      6m06s      -3s  ✅  Hymne des vainqueurs
04:33:16 BLOC_A_SERIE_DU_JOUR              6m34s      6m35s      +1s  ✅  cantique  béni soit le dieu d israël
04:39:51 BLOC_A_SERIE_DU_JOUR           1h13m31s      0m24s   -4387s  ❌ COUPÉ  la résurrection des morts et la délivrance de lesclavage de la corruption part1
04:40:15 BLOC_A_SERIE_DU_JOUR              3m41s      3m39s      -2s  ✅  Adorons l'Éternel GAEL - JÉSUS EST SEIGNEUR -
04:43:54 BLOC_A_SERIE_DU_JOUR              6m06s      6m04s      -2s  ✅  cantique  ta bonte
04:49:58 BLOC_A_SERIE_DU_JOUR              6m41s      6m38s      -3s  ✅  6 minutes
04:56:36 BLOC_A_SERIE_DU_JOUR              0m07s      0m05s      -2s  ✅  JINGLE
04:56:41 BLOC_A_SERIE_DU_JOUR           1h13m31s      0m29s   -4382s  ❌ COUPÉ  la résurrection des morts et la délivrance de lesclavage de la corruption part1
04:57:10 BLOC_A_SERIE_DU_JOUR              4m05s      4m03s      -2s  ✅  2 Roi
05:01:13 BLOC_A_SERIE_DU_JOUR              2m30s      2m28s      -2s  ✅  Amos
05:03:41 BLOC_A_SERIE_DU_JOUR              3m58s      3m55s      -3s  ✅  Esaie
05:07:36 BLOC_A_SERIE_DU_JOUR              1m34s      1m33s      -1s  ✅  Ecclesiaste
05:09:09 BLOC_A_SERIE_DU_JOUR              1m13s      1m11s      -2s  ✅  Job
05:10:20 BLOC_A_SERIE_DU_JOUR              4m04s      4m01s      -3s  ✅  2 Pierre
05:14:21 BLOC_A_SERIE_DU_JOUR              7m03s      7m00s      -3s  ✅  2 Chronicles
05:21:21 BLOC_A_SERIE_DU_JOUR              6m10s      6m08s      -2s  ✅  Nombres 11
05:27:29 BLOC_A_SERIE_DU_JOUR              3m17s      3m15s      -2s  ✅  Ecclésiaste 5
05:30:44 BLOC_A_SERIE_DU_JOUR              1m59s      3m51s    +112s  ⚠️ TROU APRÈS  La Bible
05:34:35 BLOC_A_SERIE_DU_JOUR              5m08s      5m06s      -2s  ✅  1 Corinthiens
05:39:41 BLOC_A_SERIE_DU_JOUR              9m41s      9m41s      +0s  ✅  1 Samuel
05:49:22 BLOC_A_SERIE_DU_JOUR           1h13m31s      0m56s   -4355s  ❌ COUPÉ  la résurrection des morts et la délivrance de lesclavage de la corruption part1
05:50:18 BLOC_A_SERIE_DU_JOUR              5m13s      5m11s      -2s  ✅  Il s'appelait Emmanuel - Marcel Boungou + Paroles
05:55:29 BLOC_A_SERIE_DU_JOUR              3m12s      3m10s      -2s  ✅  esprit de dieu
05:58:39 BLOC_A_SERIE_DU_JOUR              7m17s      7m18s      +1s  ✅  cantique  tes promesses  pub direct dec 2021 import (2)
06:05:57 BLOC_A_SERIE_DU_JOUR           1h13m31s   1h13m41s     +10s  ✅  la résurrection des morts et la délivrance de lesclavage de la corruption part1
07:19:38 BLOC_B_SERIE_DU_JOUR              0m04s      0m03s      -1s  ✅  Jingle - Le Royaume
07:19:41 BLOC_B_SERIE_DU_JOUR           1h13m31s      0m35s   -4376s  ❌ COUPÉ  la résurrection des morts et la délivrance de lesclavage de la corruption part1
07:20:16 BLOC_B_SERIE_DU_JOUR              3m35s      4m21s     +46s  ⚠️ TROU APRÈS  La Bible
07:24:37 BLOC_B_SERIE_DU_JOUR              5m55s      5m53s      -2s  ✅  Esaie
07:30:30 BLOC_B_SERIE_DU_JOUR              4m21s      4m18s      -3s  ✅  Bible_fr_01_gen_004
07:34:48 BLOC_B_SERIE_DU_JOUR              4m14s      4m12s      -2s  ✅  Bible_fr_01_gen_011
07:39:00 BLOC_B_SERIE_DU_JOUR              6m21s      6m19s      -2s  ✅  Luc
07:45:19 BLOC_B_SERIE_DU_JOUR              1m30s      1m28s      -2s  ✅  La Bible
07:46:47 BLOC_B_SERIE_DU_JOUR              2m17s      2m14s      -3s  ✅  Hebreux
07:49:01 BLOC_B_SERIE_DU_JOUR              2m31s      2m29s      -2s  ✅  Esaie
07:51:30 BLOC_B_SERIE_DU_JOUR              5m42s      5m39s      -3s  ✅  Jeremie
07:57:09 BLOC_B_SERIE_DU_JOUR              5m00s      4m58s      -2s  ✅  La Bible
08:02:07 BLOC_B_SERIE_DU_JOUR              5m09s      5m06s      -3s  ✅  Marc
08:07:13 BLOC_B_SERIE_DU_JOUR              5m42s      5m40s      -2s  ✅  Bible_fr_07_judges_008
08:12:53 BLOC_B_SERIE_DU_JOUR              2m47s      2m44s      -3s  ✅  2 Thessaloniciens
08:15:37 BLOC_B_SERIE_DU_JOUR              4m54s      4m55s      +1s  ✅  Esaie
08:20:32 BLOC_B_SERIE_DU_JOUR           1h13m31s      0m40s   -4371s  ❌ COUPÉ  la résurrection des morts et la délivrance de lesclavage de la corruption part1
08:21:12 BLOC_B_SERIE_DU_JOUR              5m13s      5m10s      -3s  ✅  Il s'appelait Emmanuel - Marcel Boungou + Paroles
08:26:22 BLOC_B_SERIE_DU_JOUR              2m20s      2m17s      -3s  ✅  cantique  heureux l homme qui ne marche pas selon
08:28:39 BLOC_B_SERIE_DU_JOUR              2m16s      2m16s      +0s  ✅  cantique  nous sommes le sel de la terre
08:30:55 BLOC_B_SERIE_DU_JOUR           1h13m31s      0m17s   -4394s  ❌ COUPÉ  la résurrection des morts et la délivrance de lesclavage de la corruption part1
08:31:12 BLOC_B_SERIE_DU_JOUR              5m19s      5m17s      -2s  ✅  Gabrielle LIDJI - Mélodie Céleste  by LFXA(Light FX Animation)_2
08:36:29 BLOC_B_SERIE_DU_JOUR              4m52s      4m49s      -3s  ✅  cantique   prends tout le contrôle
08:41:18 BLOC_B_SERIE_DU_JOUR              6m34s      6m32s      -2s  ✅  cantique  béni soit le dieu d israël
08:47:50 BLOC_B_SERIE_DU_JOUR              6m57s      6m54s      -3s  ✅  qui est digne d ouvrir le livre
08:54:44 BLOC_B_SERIE_DU_JOUR              4m11s      4m08s      -3s  ✅  jai donné ma vie à jésus (1)
08:58:52 BLOC_B_SERIE_DU_JOUR              6m41s      6m38s      -3s  ✅  6 minutes
09:05:30 BLOC_B_SERIE_DU_JOUR              9m23s      9m21s      -2s  ✅  10 minutes
09:14:51 BLOC_B_SERIE_DU_JOUR              5m28s      5m26s      -2s  ✅  même humilié
09:20:17 BLOC_B_SERIE_DU_JOUR              7m17s      7m15s      -2s  ✅  cantique  tes promesses  pub direct dec 2021 import (2)
09:27:32 BLOC_B_SERIE_DU_JOUR              0m09s      0m06s      -3s  ✅  JINGLE
09:27:38 BLOC_B_SERIE_DU_JOUR           1h13m31s      0m32s   -4379s  ❌ COUPÉ  la résurrection des morts et la délivrance de lesclavage de la corruption part1
09:28:10 BLOC_B_SERIE_DU_JOUR              0m54s      0m52s      -2s  ✅  La Bible
09:29:02 BLOC_B_SERIE_DU_JOUR           1h13m31s      0m08s   -4403s  ❌ COUPÉ  la résurrection des morts et la délivrance de lesclavage de la corruption part1
09:29:10 BLOC_B_SERIE_DU_JOUR              4m09s      4m05s      -4s  ✅  1 Corinthiens
09:33:15 BLOC_B_SERIE_DU_JOUR              4m04s      5m04s     +60s  ⚠️ TROU APRÈS  La Bible
09:38:19 BLOC_B_SERIE_DU_JOUR              6m33s      6m31s      -2s  ✅  Bible_fr_01_gen_019
09:44:50 BLOC_B_SERIE_DU_JOUR              0m41s      0m38s      -3s  ✅  La Bible
09:45:28 BLOC_B_SERIE_DU_JOUR              2m40s      2m37s      -3s  ✅  Habacuc
09:48:05 BLOC_B_SERIE_DU_JOUR              6m21s      6m19s      -2s  ✅  Actes
09:54:24 BLOC_B_SERIE_DU_JOUR              5m57s      5m59s      +2s  ✅  La Bible
10:00:23 BLOC_B_SERIE_DU_JOUR           1h13m31s      0m06s   -4405s  ❌ COUPÉ  la résurrection des morts et la délivrance de lesclavage de la corruption part1
10:00:29 BLOC_B_SERIE_DU_JOUR           1h13m31s      0m43s   -4368s  ❌ COUPÉ  la résurrection des morts et la délivrance de lesclavage de la corruption part1
10:01:12 BLOC_B_SERIE_DU_JOUR              5m13s      5m10s      -3s  ✅  Il s'appelait Emmanuel - Marcel Boungou + Paroles
10:06:22 BLOC_B_SERIE_DU_JOUR              6m35s      6m33s      -2s  ✅  cantique   ta lumière
10:12:55 BLOC_B_SERIE_DU_JOUR              6m28s      6m25s      -3s  ✅  Le Bien-Etre Universel
10:19:20 BLOC_B_SERIE_DU_JOUR              6m57s      6m54s      -3s  ✅  qui est digne d ouvrir le livre
10:26:14 BLOC_B_SERIE_DU_JOUR              4m52s      4m50s      -2s  ✅  cantique   prends tout le contrôle
10:31:04 BLOC_B_SERIE_DU_JOUR              5m10s      5m08s      -2s  ✅  Igwe
10:36:12 BLOC_B_SERIE_DU_JOUR              3m12s      3m10s      -2s  ✅  esprit de dieu
10:39:22 BLOC_B_SERIE_DU_JOUR              6m06s      6m04s      -2s  ✅  cantique  ta bonte
10:45:26 BLOC_B_SERIE_DU_JOUR              5m28s      5m25s      -3s  ✅  même humilié
10:50:51 BLOC_B_SERIE_DU_JOUR              6m34s      6m31s      -3s  ✅  cantique  béni soit le dieu d israël
10:57:22 BLOC_B_SERIE_DU_JOUR              3m22s      3m20s      -2s  ✅  Ses cheveux étaient blancs..
11:00:42 BLOC_B_SERIE_DU_JOUR              0m07s      0m04s      -3s  ✅  JINGLE
11:00:46 BLOC_B_SERIE_DU_JOUR           1h13m31s      0m24s   -4387s  ❌ COUPÉ  la résurrection des morts et la délivrance de lesclavage de la corruption part1
11:01:10 BLOC_B_SERIE_DU_JOUR              2m48s      2m45s      -3s  ✅  Hebreux
11:03:55 BLOC_B_SERIE_DU_JOUR              3m49s      3m46s      -3s  ✅  La Bible
11:07:41 BLOC_B_SERIE_DU_JOUR              3m25s      3m23s      -2s  ✅  Lévitique 21
11:11:04 BLOC_B_SERIE_DU_JOUR              4m58s      4m55s      -3s  ✅  Jeremie
11:15:59 BLOC_B_SERIE_DU_JOUR              0m37s      0m35s      -2s  ✅  La Bible
11:16:34 BLOC_B_SERIE_DU_JOUR              3m46s      3m44s      -2s  ✅  Jeremie
11:20:18 BLOC_B_SERIE_DU_JOUR              7m51s      7m48s      -3s  ✅  2 Roi
11:28:06 BLOC_B_SERIE_DU_JOUR              3m21s      3m18s      -3s  ✅  2 Chronicles
11:31:24 BLOC_B_SERIE_DU_JOUR              0m59s      0m57s      -2s  ✅  La Bible
11:32:21 BLOC_B_SERIE_DU_JOUR              4m41s      4m38s      -3s  ✅  Bible_fr_01_gen_045
11:36:59 BLOC_B_SERIE_DU_JOUR              4m05s      4m03s      -2s  ✅  1 Chronicles
11:41:02 BLOC_B_SERIE_DU_JOUR              4m51s      4m51s      +0s  ✅  1 Samuel
11:45:53 BLOC_B_SERIE_DU_JOUR           1h13m31s      0m17s   -4394s  ❌ COUPÉ  la résurrection des morts et la délivrance de lesclavage de la corruption part1
11:46:10 BLOC_B_SERIE_DU_JOUR              4m11s      4m11s      +0s  ✅  jai donné ma vie à jésus (1)
11:50:21 BLOC_B_SERIE_DU_JOUR           1h13m31s      0m50s   -4361s  ❌ COUPÉ  la résurrection des morts et la délivrance de lesclavage de la corruption part1
11:51:11 BLOC_B_SERIE_DU_JOUR              2m20s      2m17s      -3s  ✅  cantique  heureux l homme qui ne marche pas selon
11:53:28 BLOC_B_SERIE_DU_JOUR              6m57s      6m55s      -2s  ✅  qui est digne d ouvrir le livre
12:00:23 BLOC_B_SERIE_DU_JOUR              5m10s      5m07s      -3s  ✅  Igwe
12:05:30 BLOC_C_SERIE_DU_JOUR              5m19s      5m22s      +3s  ✅  Gabrielle LIDJI - Mélodie Céleste  by LFXA(Light FX Animation)_2
12:10:52 BLOC_B_SERIE_DU_JOUR           1h13m31s      0m18s   -4393s  ❌ COUPÉ  la résurrection des morts et la délivrance de lesclavage de la corruption part1
12:11:10 BLOC_C_SERIE_DU_JOUR              6m09s      6m06s      -3s  ✅  Hymne des vainqueurs
12:17:16 BLOC_C_SERIE_DU_JOUR              3m12s      3m11s      -1s  ✅  esprit de dieu
12:20:27 BLOC_C_SERIE_DU_JOUR              2m20s      2m16s      -4s  ✅  cantique  heureux l homme qui ne marche pas selon
12:22:43 BLOC_C_SERIE_DU_JOUR              4m13s      4m11s      -2s  ✅  4 minutes
12:26:54 BLOC_C_SERIE_DU_JOUR              9m23s      9m21s      -2s  ✅  10 minutes
12:36:15 BLOC_C_SERIE_DU_JOUR              0m03s      0m03s      +0s  ✅  JINGLE
12:36:18 BLOC_C_SERIE_DU_JOUR           1h13m31s   1h14m20s     +49s  ⚠️ TROU APRÈS  la résurrection des morts et la délivrance de lesclavage de la corruption part1
13:50:38 BLOC_C_SERIE_DU_JOUR              0m09s      0m07s      -2s  ✅  JINGLE
13:50:45 BLOC_C_SERIE_DU_JOUR           1h13m31s      0m26s   -4385s  ❌ COUPÉ  la résurrection des morts et la délivrance de lesclavage de la corruption part1
13:51:11 BLOC_C_SERIE_DU_JOUR              2m46s      2m42s      -4s  ✅  Sophonie
13:53:53 BLOC_C_SERIE_DU_JOUR              3m06s      3m04s      -2s  ✅  Romains
13:56:57 BLOC_C_SERIE_DU_JOUR              1m40s      1m37s      -3s  ✅  La Bible
13:58:34 BLOC_C_SERIE_DU_JOUR              4m28s      4m25s      -3s  ✅  1 Chronicles
14:02:59 BLOC_C_SERIE_DU_JOUR              7m35s      7m33s      -2s  ✅  La Bible
14:10:32 BLOC_C_SERIE_DU_JOUR              5m29s      5m26s      -3s  ✅  Hebreux
14:15:58 BLOC_C_SERIE_DU_JOUR              0m56s      0m54s      -2s  ✅  La Bible
14:16:52 BLOC_C_SERIE_DU_JOUR              4m14s      4m12s      -2s  ✅  Nombres 6
14:21:04 BLOC_C_SERIE_DU_JOUR              5m34s      5m31s      -3s  ✅  Daniel
14:26:35 BLOC_C_SERIE_DU_JOUR              2m24s      2m21s      -3s  ✅  Esaie
14:28:56 BLOC_C_SERIE_DU_JOUR              3m17s      3m15s      -2s  ✅  Galates
14:32:11 BLOC_C_SERIE_DU_JOUR              7m41s      7m38s      -3s  ✅  Bible_fr_07_judges_006
14:39:49 BLOC_C_SERIE_DU_JOUR              3m46s      3m44s      -2s  ✅  Romains
14:43:33 BLOC_C_SERIE_DU_JOUR              3m16s      3m13s      -3s  ✅  2 Chronicles
14:46:46 BLOC_C_SERIE_DU_JOUR              2m26s      2m24s      -2s  ✅  Job
14:49:10 BLOC_C_SERIE_DU_JOUR              2m23s      2m20s      -3s  ✅  La Bible
14:51:30 BLOC_C_SERIE_DU_JOUR              0m07s      0m04s      -3s  ✅  la parole qui brille dans un lieu obscure 2
14:51:34 BLOC_C_SERIE_DU_JOUR           1h13m31s      0m36s   -4375s  ❌ COUPÉ  la résurrection des morts et la délivrance de lesclavage de la corruption part1
14:52:10 BLOC_C_SERIE_DU_JOUR              5m28s      5m25s      -3s  ✅  même humilié
14:57:35 BLOC_C_SERIE_DU_JOUR              6m57s      6m55s      -2s  ✅  qui est digne d ouvrir le livre
15:04:30 BLOC_C_SERIE_DU_JOUR              3m22s      3m20s      -2s  ✅  Ses cheveux étaient blancs..
15:07:50 BLOC_C_SERIE_DU_JOUR              3m12s      3m09s      -3s  ✅  esprit de dieu
15:10:59 BLOC_C_SERIE_DU_JOUR              6m35s      6m33s      -2s  ✅  cantique   ta lumière
15:17:32 BLOC_C_SERIE_DU_JOUR              9m23s      9m21s      -2s  ✅  10 minutes
15:26:53 BLOC_C_SERIE_DU_JOUR              4m52s      4m50s      -2s  ✅  cantique   prends tout le contrôle
15:31:43 BLOC_C_SERIE_DU_JOUR              6m41s      6m38s      -3s  ✅  6 minutes
15:38:21 BLOC_C_SERIE_DU_JOUR              6m06s      6m09s      +3s  ✅  cantique  ta bonte
15:44:30 BLOC_C_SERIE_DU_JOUR           1h13m31s      0m45s   -4366s  ❌ COUPÉ  la résurrection des morts et la délivrance de lesclavage de la corruption part1
15:45:15 BLOC_C_SERIE_DU_JOUR              3m41s      3m39s      -2s  ✅  Adorons l'Éternel GAEL - JÉSUS EST SEIGNEUR -
15:48:54 BLOC_C_SERIE_DU_JOUR              7m17s      7m20s      +3s  ✅  cantique  tes promesses  pub direct dec 2021 import (2)
15:56:14 BLOC_C_SERIE_DU_JOUR              7m24s      7m21s      -3s  ✅  Ezechiel
16:03:35 BLOC_C_SERIE_DU_JOUR              4m41s      4m39s      -2s  ✅  1 Corinthiens 12
16:08:14 BLOC_C_SERIE_DU_JOUR              2m54s      9m18s    +384s  ⚠️ TROU APRÈS  Jeremie
16:17:32 BLOC_C_SERIE_DU_JOUR              3m36s      3m33s      -3s  ✅  Joel
16:21:05 BLOC_C_SERIE_DU_JOUR              4m35s      4m33s      -2s  ✅  Ezechiel
16:25:38 BLOC_C_SERIE_DU_JOUR              5m30s      5m34s      +4s  ✅  Lévitique 7
16:31:12 BLOC_C_SERIE_DU_JOUR              6m34s      6m31s      -3s  ✅  cantique  béni soit le dieu d israël
16:37:43 BLOC_C_SERIE_DU_JOUR              4m11s      4m08s      -3s  ✅  jai donné ma vie à jésus (1)
16:41:51 BLOC_C_SERIE_DU_JOUR              5m10s      5m11s      +1s  ✅  Igwe
16:47:02 BLOC_C_SERIE_DU_JOUR           1h13m31s      0m08s   -4403s  ❌ COUPÉ  la résurrection des morts et la délivrance de lesclavage de la corruption part1
16:47:10 BLOC_C_SERIE_DU_JOUR              6m35s      6m32s      -3s  ✅  cantique   ta lumière
16:53:42 BLOC_C_SERIE_DU_JOUR              2m16s      2m13s      -3s  ✅  cantique  nous sommes le sel de la terre
16:55:55 BLOC_C_SERIE_DU_JOUR              3m41s      3m39s      -2s  ✅  Adorons l'Éternel GAEL - JÉSUS EST SEIGNEUR -
16:59:34 BLOC_C_SERIE_DU_JOUR              6m41s      6m38s      -3s  ✅  6 minutes
17:06:12 BLOC_C_SERIE_DU_JOUR              6m06s      6m04s      -2s  ✅  cantique  ta bonte
17:12:16 BLOC_C_SERIE_DU_JOUR              4m52s      4m50s      -2s  ✅  cantique   prends tout le contrôle
17:17:06 BLOC_C_SERIE_DU_JOUR              3m12s      3m11s      -1s  ✅  esprit de dieu
17:20:17 BLOC_C_SERIE_DU_JOUR              3m22s      3m23s      +1s  ✅  Ses cheveux étaient blancs..
17:23:40 BLOC_C_SERIE_DU_JOUR           1h13m31s      0m30s   -4381s  ❌ COUPÉ  la résurrection des morts et la délivrance de lesclavage de la corruption part1
17:24:10 BLOC_C_SERIE_DU_JOUR              7m17s      7m19s      +2s  ✅  cantique  tes promesses  pub direct dec 2021 import (2)
17:31:29 BLOC_C_SERIE_DU_JOUR           1h13m31s      0m41s   -4370s  ❌ COUPÉ  la résurrection des morts et la délivrance de lesclavage de la corruption part1
17:32:10 BLOC_C_SERIE_DU_JOUR              4m26s      4m23s      -3s  ✅  La Bible
17:36:33 BLOC_C_SERIE_DU_JOUR              2m43s      2m41s      -2s  ✅  Osee
17:39:14 BLOC_C_SERIE_DU_JOUR              2m37s      2m34s      -3s  ✅  2 Timothee
17:41:48 BLOC_C_SERIE_DU_JOUR              3m11s      3m08s      -3s  ✅  La Bible
17:44:56 BLOC_C_SERIE_DU_JOUR              5m25s      5m23s      -2s  ✅  Lévitique 8
17:50:19 BLOC_C_SERIE_DU_JOUR              4m08s      4m04s      -4s  ✅  Ezechiel
17:54:23 BLOC_C_SERIE_DU_JOUR              0m52s      0m50s      -2s  ✅  La Bible
17:55:13 BLOC_C_SERIE_DU_JOUR              2m27s      2m25s      -2s  ✅  Job
17:57:38 BLOC_C_SERIE_DU_JOUR              6m43s      6m40s      -3s  ✅  Nombres 14
18:04:18 BLOC_C_SERIE_DU_JOUR              2m57s      2m55s      -2s  ✅  La Bible
18:07:13 BLOC_D_SERIE_DU_JOUR              4m25s      4m22s      -3s  ✅  1 Chronicles
18:11:35 BLOC_D_SERIE_DU_JOUR              3m54s      3m51s      -3s  ✅  Lévitique 18
18:15:26 BLOC_D_SERIE_DU_JOUR              2m49s      2m47s      -2s  ✅  La Bible
18:18:13 BLOC_D_SERIE_DU_JOUR              6m19s      6m17s      -2s  ✅  2 Chroniques 32
18:24:30 BLOC_D_SERIE_DU_JOUR              3m44s      3m41s      -3s  ✅  Colossiens
18:28:11 BLOC_D_SERIE_DU_JOUR              6m45s      6m43s      -2s  ✅  Marc
18:34:54 BLOC_D_SERIE_DU_JOUR              1m15s      1m13s      -2s  ✅  La Bible
18:36:07 BLOC_D_SERIE_DU_JOUR              5m24s      5m21s      -3s  ✅  Actes
18:41:28 BLOC_D_SERIE_DU_JOUR              4m22s      4m20s      -2s  ✅  Jeremie
18:45:48 BLOC_D_SERIE_DU_JOUR              2m22s      2m20s      -2s  ✅  Esaie
18:48:08 BLOC_D_SERIE_DU_JOUR              4m28s      4m26s      -2s  ✅  2 Roi
18:52:34 BLOC_D_SERIE_DU_JOUR              5m41s      5m42s      +1s  ✅  La Bible
18:58:16 BLOC_C_SERIE_DU_JOUR           1h13m31s      0m53s   -4358s  ❌ COUPÉ  la résurrection des morts et la délivrance de lesclavage de la corruption part1
18:59:09 BLOC_D_SERIE_DU_JOUR              3m12s      3m10s      -2s  ✅  esprit de dieu
19:02:19 BLOC_D_SERIE_DU_JOUR              6m35s      6m32s      -3s  ✅  cantique   ta lumière
19:08:51 BLOC_D_SERIE_DU_JOUR              6m57s      6m55s      -2s  ✅  qui est digne d ouvrir le livre
19:15:46 BLOC_D_SERIE_DU_JOUR              4m11s      4m08s      -3s  ✅  jai donné ma vie à jésus (1)
19:19:54 BLOC_D_SERIE_DU_JOUR              2m20s      2m17s      -3s  ✅  cantique  heureux l homme qui ne marche pas selon
19:22:11 BLOC_D_SERIE_DU_JOUR              6m41s      6m38s      -3s  ✅  6 minutes
19:28:49 BLOC_D_SERIE_DU_JOUR              4m13s      4m11s      -2s  ✅  4 minutes
19:33:00 BLOC_D_SERIE_DU_JOUR              9m23s      9m20s      -3s  ✅  10 minutes
19:42:20 BLOC_D_SERIE_DU_JOUR              5m28s      5m26s      -2s  ✅  même humilié
19:47:46 BLOC_D_SERIE_DU_JOUR              5m13s      5m11s      -2s  ✅  Il s'appelait Emmanuel - Marcel Boungou + Paroles
19:52:57 BLOC_D_SERIE_DU_JOUR              7m17s      7m20s      +3s  ✅  cantique  tes promesses  pub direct dec 2021 import (2)
20:00:17 BLOC_D_SERIE_DU_JOUR           1h13m31s      0m10s   -4401s  ❌ COUPÉ  la résurrection des morts et la délivrance de lesclavage de la corruption part1
20:00:27 BLOC_D_SERIE_DU_JOUR              3m12s      3m09s      -3s  ✅  Esaie
20:03:36 BLOC_D_SERIE_DU_JOUR              4m28s      4m25s      -3s  ✅  Philippiens 2
20:08:01 BLOC_D_SERIE_DU_JOUR              1m55s      1m53s      -2s  ✅  Esdras
20:09:54 BLOC_D_SERIE_DU_JOUR              2m35s      2m32s      -3s  ✅  2 Chronicles
20:12:26 BLOC_D_SERIE_DU_JOUR              4m04s      4m02s      -2s  ✅  2 Chroniques 26
20:16:28 BLOC_D_SERIE_DU_JOUR             14m57s     14m55s      -2s  ✅  La Bible
20:31:23 BLOC_D_SERIE_DU_JOUR              0m09s      0m06s      -3s  ✅  JINGLE
20:31:29 BLOC_D_SERIE_DU_JOUR           1h13m31s      0m45s   -4366s  ❌ COUPÉ  la résurrection des morts et la délivrance de lesclavage de la corruption part1
20:32:14 BLOC_D_SERIE_DU_JOUR              3m41s      3m38s      -3s  ✅  Adorons l'Éternel GAEL - JÉSUS EST SEIGNEUR -
20:35:52 BLOC_D_SERIE_DU_JOUR              2m20s      2m18s      -2s  ✅  cantique  heureux l homme qui ne marche pas selon
20:38:10 BLOC_D_SERIE_DU_JOUR              5m28s      5m25s      -3s  ✅  même humilié
20:43:35 BLOC_D_SERIE_DU_JOUR              3m22s      3m20s      -2s  ✅  Ses cheveux étaient blancs..
20:46:55 BLOC_D_SERIE_DU_JOUR              7m17s      7m15s      -2s  ✅  cantique  tes promesses  pub direct dec 2021 import (2)
20:54:10 BLOC_D_SERIE_DU_JOUR              4m11s      4m07s      -4s  ✅  jai donné ma vie à jésus (1)
20:58:17 BLOC_D_SERIE_DU_JOUR              4m52s      4m56s      +4s  ✅  cantique   prends tout le contrôle
21:03:13 BLOC_D_SERIE_DU_JOUR              6m57s      6m56s      -1s  ✅  qui est digne d ouvrir le livre
21:10:09 BLOC_D_SERIE_DU_JOUR              5m13s      5m09s      -4s  ✅  Il s'appelait Emmanuel - Marcel Boungou + Paroles
21:15:18 BLOC_D_SERIE_DU_JOUR              9m23s      9m20s      -3s  ✅  10 minutes
21:24:38 BLOC_D_SERIE_DU_JOUR              2m16s      2m13s      -3s  ✅  cantique  nous sommes le sel de la terre
21:26:51 BLOC_D_SERIE_DU_JOUR              5m19s      5m22s      +3s  ✅  Gabrielle LIDJI - Mélodie Céleste  by LFXA(Light FX Animation)_2
21:32:13 BLOC_D_SERIE_DU_JOUR              8m38s      8m36s      -2s  ✅  Luc
21:40:49 BLOC_D_SERIE_DU_JOUR              2m05s      2m02s      -3s  ✅  3 John
21:42:51 BLOC_D_SERIE_DU_JOUR              8m38s      8m35s      -3s  ✅  La Bible
21:51:26 BLOC_D_SERIE_DU_JOUR              5m13s      5m10s      -3s  ✅  Esaie
21:56:36 BLOC_D_SERIE_DU_JOUR              3m04s      3m02s      -2s  ✅  1 Thessaloniciens
21:59:38 BLOC_D_SERIE_DU_JOUR              3m45s      3m43s      -2s  ✅  2 Samuel
22:03:21 BLOC_D_SERIE_DU_JOUR              6m47s      6m44s      -3s  ✅  Hebreux
22:10:05 BLOC_D_SERIE_DU_JOUR              8m43s      8m40s      -3s  ✅  Matthieu
22:18:45 BLOC_D_SERIE_DU_JOUR              0m07s      0m05s      -2s  ✅  JINGLE
22:18:50 BLOC_D_SERIE_DU_JOUR           1h13m31s      0m22s   -4389s  ❌ COUPÉ  la résurrection des morts et la délivrance de lesclavage de la corruption part1
22:19:12 BLOC_D_SERIE_DU_JOUR              6m34s      6m32s      -2s  ✅  cantique  béni soit le dieu d israël
22:25:44 BLOC_D_SERIE_DU_JOUR              7m17s      7m14s      -3s  ✅  cantique  tes promesses  pub direct dec 2021 import (2)
22:32:58 BLOC_D_SERIE_DU_JOUR              5m13s      5m11s      -2s  ✅  Il s'appelait Emmanuel - Marcel Boungou + Paroles
22:38:09 BLOC_D_SERIE_DU_JOUR              3m41s      3m39s      -2s  ✅  Adorons l'Éternel GAEL - JÉSUS EST SEIGNEUR -
22:41:48 BLOC_D_SERIE_DU_JOUR              5m19s      5m20s      +1s  ✅  Gabrielle LIDJI - Mélodie Céleste  by LFXA(Light FX Animation)_2
22:47:08 BLOC_D_SERIE_DU_JOUR           1h13m31s      0m02s   -4409s  ❌ COUPÉ  la résurrection des morts et la délivrance de lesclavage de la corruption part1
22:47:10 BLOC_D_SERIE_DU_JOUR              4m52s      4m50s      -2s  ✅  cantique   prends tout le contrôle
22:52:00 BLOC_D_SERIE_DU_JOUR              3m12s      3m11s      -1s  ✅  esprit de dieu
22:55:11 BLOC_D_SERIE_DU_JOUR              2m20s      2m16s      -4s  ✅  cantique  heureux l homme qui ne marche pas selon
22:57:27 BLOC_D_SERIE_DU_JOUR              0m07s      0m05s      -2s  ✅  Parole Prophétique FM
22:57:32 BLOC_D_SERIE_DU_JOUR           1h13m31s      0m37s   -4374s  ❌ COUPÉ  la résurrection des morts et la délivrance de lesclavage de la corruption part1
22:58:09 BLOC_D_SERIE_DU_JOUR              6m35s      6m33s      -2s  ✅  cantique   ta lumière
23:04:42 BLOC_D_SERIE_DU_JOUR              9m23s      9m21s      -2s  ✅  10 minutes
23:14:03 BLOC_D_SERIE_DU_JOUR              6m57s      6m57s      +0s  ✅  qui est digne d ouvrir le livre
23:21:00 BLOC_D_SERIE_DU_JOUR           1h13m31s      0m10s   -4401s  ❌ COUPÉ  la résurrection des morts et la délivrance de lesclavage de la corruption part1
23:21:10 BLOC_D_SERIE_DU_JOUR              4m54s      4m52s      -2s  ✅  Jean 9
23:26:02 BLOC_D_SERIE_DU_JOUR              2m13s      2m10s      -3s  ✅  1 Thessaloniciens
23:28:12 BLOC_D_SERIE_DU_JOUR              3m13s      3m10s      -3s  ✅  Bible_fr_01_gen_033
23:31:22 BLOC_D_SERIE_DU_JOUR              4m55s      4m53s      -2s  ✅  Ezechiel
23:36:15 BLOC_D_SERIE_DU_JOUR              2m51s      2m49s      -2s  ✅  Ecclesiaste
23:39:04 BLOC_D_SERIE_DU_JOUR              2m52s      2m52s      +0s  ✅  La Bible
23:41:56 BLOC_D_SERIE_DU_JOUR           1h13m31s      0m14s   -4397s  ❌ COUPÉ  la résurrection des morts et la délivrance de lesclavage de la corruption part1
23:42:10 BLOC_D_SERIE_DU_JOUR              3m22s      3m20s      -2s  ✅  Ses cheveux étaient blancs..
23:45:30 BLOC_D_SERIE_DU_JOUR              5m10s      5m07s      -3s  ✅  Igwe
23:50:37 BLOC_D_SERIE_DU_JOUR              3m12s      3m10s      -2s  ✅  esprit de dieu
23:53:47 BLOC_D_SERIE_DU_JOUR              6m35s          ?           ⏳ dernier titre (durée réelle inconnue)  cantique   ta lumière
----------------------------------------------------------------------------------------------------
Bilan : 304 titres, 39 anomalie(s) (titre coupé de plus de 10s ou trou d'antenne).
