Rapport de diffusion — 2026-06-29 (heures UTC)
173 titres joués | tolérance ±10s
====================================================================================================
HEURE    PLAYLIST                     FICHIER          RÉEL    ÉCART  STATUT  TITRE
----------------------------------------------------------------------------------------------------
00:01:19 BLOC_A_SERIE_DU_JOUR           1h26m45s   2h53m24s   +5199s  ⚠️ TROU APRÈS  aps la moisson 20220226 6
02:54:43 BLOC_A_SERIE_DU_JOUR              2m37s      2m35s      -2s  ✅  Michée 1
02:57:18 BLOC_A_SERIE_DU_JOUR              2m20s      2m18s      -2s  ✅  Michée 2
02:59:36 BLOC_A_SERIE_DU_JOUR              2m05s      2m02s      -3s  ✅  Michée 3
03:01:38 BLOC_A_SERIE_DU_JOUR              2m34s      2m32s      -2s  ✅  Michée 4
03:04:10 BLOC_A_SERIE_DU_JOUR              2m20s      2m17s      -3s  ✅  Michée 5
03:06:27 BLOC_A_SERIE_DU_JOUR              2m37s      2m34s      -3s  ✅  Michée 6
03:09:01 BLOC_A_SERIE_DU_JOUR              3m27s      3m24s      -3s  ✅  Michée 7
03:12:25 BLOC_A_SERIE_DU_JOUR              4m27s      4m25s      -2s  ✅  Jude 1
03:16:50 BLOC_A_SERIE_DU_JOUR              8m24s      8m21s      -3s  ✅  Jean 6
03:25:11 BLOC_A_SERIE_DU_JOUR              6m07s      6m05s      -2s  ✅  Jean 7
03:31:16 BLOC_A_SERIE_DU_JOUR              7m26s      7m23s      -3s  ✅  Jean 8
03:38:39 BLOC_A_SERIE_DU_JOUR              4m54s      4m52s      -2s  ✅  Jean 9
03:43:31 BLOC_A_SERIE_DU_JOUR              5m15s      5m12s      -3s  ✅  Yahweh Be Praised - Abuja HF
03:48:43 BLOC_A_SERIE_DU_JOUR              5m40s      5m38s      -2s  ✅  Marc 1
03:54:21 BLOC_A_SERIE_DU_JOUR              4m21s      4m19s      -2s  ✅  Marc 2
03:58:40 BLOC_A_SERIE_DU_JOUR              4m15s      4m12s      -3s  ✅  Marc 3
04:02:52 BLOC_A_SERIE_DU_JOUR              5m27s      5m24s      -3s  ✅  Marc 4
04:08:16 BLOC_A_SERIE_DU_JOUR              5m38s      5m36s      -2s  ✅  Marc 5
04:13:52 BLOC_A_SERIE_DU_JOUR              5m04s      5m02s      -2s  ✅  I Enter The Holy of Holies - Port Harcourt HF
04:18:54 BLOC_A_SERIE_DU_JOUR              3m24s      3m21s      -3s  ✅  Cantique sa miséricorde
04:22:15 BLOC_A_SERIE_DU_JOUR              3m22s      3m20s      -2s  ✅  Ses cheveux étaient blancs..
04:25:35 BLOC_A_SERIE_DU_JOUR              2m21s      2m18s      -3s  ✅  Nahum 1
04:27:53 BLOC_A_SERIE_DU_JOUR              2m04s      2m01s      -3s  ✅  Nahum 2
04:29:54 BLOC_A_SERIE_DU_JOUR              3m02s      3m00s      -2s  ✅  Nahum 3
04:32:54 BLOC_A_SERIE_DU_JOUR              5m26s      5m24s      -2s  ✅  2 Chroniques 35
04:38:18 BLOC_A_SERIE_DU_JOUR              4m20s      4m18s      -2s  ✅  2 Chroniques 36
04:42:36 BLOC_A_SERIE_DU_JOUR              3m17s      3m15s      -2s  ✅  Galates 1
04:45:51 BLOC_A_SERIE_DU_JOUR              4m08s      4m06s      -2s  ✅  Galates 2
04:49:57 BLOC_A_SERIE_DU_JOUR              4m50s      4m47s      -3s  ✅  Galates 3
04:54:44 BLOC_A_SERIE_DU_JOUR              4m30s      4m27s      -3s  ✅  Galates 4
04:59:11 BLOC_A_SERIE_DU_JOUR              4m04s      4m02s      -2s  ✅  Galates 5
05:03:13 BLOC_A_SERIE_DU_JOUR              6m06s      6m04s      -2s  ✅  Good God - Asaba Fellowship
05:09:17 BLOC_A_SERIE_DU_JOUR              0m07s      0m05s      -2s  ✅  Parole Prophétique FM
05:09:22 BLOC_A_SERIE_DU_JOUR              4m51s      4m48s      -3s  ✅  Nombres 10
05:14:10 BLOC_A_SERIE_DU_JOUR              6m10s      6m07s      -3s  ✅  Nombres 11
05:20:17 BLOC_A_SERIE_DU_JOUR              2m32s      2m29s      -3s  ✅  Nombres 12
05:22:46 BLOC_A_SERIE_DU_JOUR              4m23s      4m21s      -2s  ✅  Nombres 13
05:27:07 BLOC_A_SERIE_DU_JOUR              6m12s      6m10s      -2s  ✅  Praise the Lord All Ye Nations - Toronto HF
05:33:17 BLOC_A_SERIE_DU_JOUR              5m43s      5m40s      -3s  ✅  Cantique l Éternel est mon Berger (1)
05:38:57 BLOC_A_SERIE_DU_JOUR              4m11s      4m08s      -3s  ✅  jai donné ma vie à jésus (1)
05:43:05 BLOC_A_SERIE_DU_JOUR              5m21s      5m19s      -2s  ✅  By the word of the lord - Ketu HF
05:48:24 BLOC_A_SERIE_DU_JOUR              8m25s      8m22s      -3s  ✅  The Mountains, Come and, Oh City - Ketu HF
05:56:46 BLOC_A_SERIE_DU_JOUR              4m04s      4m02s      -2s  ✅  Ascribe Greatness - PHF
06:00:48 BLOC_B_SERIE_DU_JOUR           1h26m45s   1h26m42s      -3s  ✅  aps la moisson 20220226 6
07:27:30 BLOC_B_SERIE_DU_JOUR              2m59s      2m57s      -2s  ✅  2 Timothée 1
07:30:27 BLOC_B_SERIE_DU_JOUR              3m52s      3m49s      -3s  ✅  2 Timothée 2
07:34:16 BLOC_B_SERIE_DU_JOUR              2m37s      2m35s      -2s  ✅  2 Timothée 3
07:36:51 BLOC_B_SERIE_DU_JOUR              3m09s      3m06s      -3s  ✅  2 Timothée 4
07:39:57 BLOC_B_SERIE_DU_JOUR              1m19s      1m16s      -3s  ✅  Jérémie 47
07:41:13 BLOC_B_SERIE_DU_JOUR              6m57s      6m55s      -2s  ✅  Jérémie 48
07:48:08 BLOC_B_SERIE_DU_JOUR              6m58s      6m56s      -2s  ✅  Jérémie 49
07:55:04 BLOC_B_SERIE_DU_JOUR              8m09s      8m06s      -3s  ✅  Jérémie 50
08:03:10 BLOC_B_SERIE_DU_JOUR             10m31s     10m29s      -2s  ✅  Jérémie 51
08:13:39 BLOC_B_SERIE_DU_JOUR              3m19s      3m16s      -3s  ✅  Awaken My Heart
08:16:55 BLOC_B_SERIE_DU_JOUR              9m39s      9m37s      -2s  ✅  Psalm 93 - Port Harcourt HF
08:26:32 BLOC_B_SERIE_DU_JOUR              4m21s      4m19s      -2s  ✅  Sing Hallelujah - Abuja HF
08:30:51 BLOC_B_SERIE_DU_JOUR              6m56s      6m53s      -3s  ✅  As We Worship In Ypur Presence
08:37:44 BLOC_B_SERIE_DU_JOUR              2m22s      2m19s      -3s  ✅  Zacharie 6
08:40:03 BLOC_B_SERIE_DU_JOUR              2m07s      2m04s      -3s  ✅  Zacharie 7
08:42:07 BLOC_B_SERIE_DU_JOUR              3m51s      3m49s      -2s  ✅  Zacharie 8
08:45:56 BLOC_B_SERIE_DU_JOUR              3m12s      3m09s      -3s  ✅  Zacharie 9
08:49:05 BLOC_B_SERIE_DU_JOUR              2m13s      2m11s      -2s  ✅  Zacharie 10
08:51:16 BLOC_B_SERIE_DU_JOUR              2m53s      2m51s      -2s  ✅  Zacharie 11
08:54:07 BLOC_B_SERIE_DU_JOUR              2m38s      2m35s      -3s  ✅  Zacharie 12
08:56:42 BLOC_B_SERIE_DU_JOUR              1m43s      1m41s      -2s  ✅  Zacharie 13
08:58:23 BLOC_B_SERIE_DU_JOUR              4m06s      4m03s      -3s  ✅  Zacharie 14
09:02:26 BLOC_B_SERIE_DU_JOUR              9m04s      9m01s      -3s  ✅  You're the Lamb - Calabar HF
09:11:27 BLOC_B_SERIE_DU_JOUR              5m22s      5m19s      -3s  ✅  God's Got An Army - PHF
09:16:46 BLOC_B_SERIE_DU_JOUR              5m21s      5m19s      -2s  ✅  We Shall Not Fear - Nonso Njoku
09:22:05 BLOC_B_SERIE_DU_JOUR              5m28s      5m25s      -3s  ✅  même humilié
09:27:30 BLOC_B_SERIE_DU_JOUR              4m15s      4m13s      -2s  ✅  Philippiens 1
09:31:43 BLOC_B_SERIE_DU_JOUR              4m28s      4m25s      -3s  ✅  Philippiens 2
09:36:08 BLOC_B_SERIE_DU_JOUR              3m26s      3m24s      -2s  ✅  Philippiens 3
09:39:32 BLOC_B_SERIE_DU_JOUR              3m39s      3m36s      -3s  ✅  Philippiens 4
09:43:08 BLOC_B_SERIE_DU_JOUR              2m07s      2m06s      -1s  ✅  2 Jean 1
09:45:14 BLOC_B_SERIE_DU_JOUR             10m35s     10m31s      -4s  ✅  Baruch Ha'ba B'Shem Adonai/Blessed Is He Who Comes in the Name of the Lord - Port Harcourt HF
09:55:45 BLOC_B_SERIE_DU_JOUR              5m07s      5m04s      -3s  ✅  We Shall Come - Asaba Fellowship
10:00:49 BLOC_B_SERIE_DU_JOUR              5m47s      5m45s      -2s  ✅  We Ascribe Greatness - Abuja HF
10:06:34 BLOC_B_SERIE_DU_JOUR              6m02s      6m00s      -2s  ✅  Satisfy My Soul - Calabar HF
10:12:34 BLOC_B_SERIE_DU_JOUR              2m57s      2m55s      -2s  ✅  You Are the Captain of the Host - Toronto HF
10:15:29 BLOC_B_SERIE_DU_JOUR              4m06s      4m03s      -3s  ✅  2 Samuel 1
10:19:32 BLOC_B_SERIE_DU_JOUR              5m12s      5m10s      -2s  ✅  2 Samuel 2
10:24:42 BLOC_B_SERIE_DU_JOUR              6m36s      6m33s      -3s  ✅  2 Samuel 3
10:31:15 BLOC_B_SERIE_DU_JOUR              4m18s      4m16s      -2s  ✅  You Are Worthy - Ketu HF
10:35:31 BLOC_B_SERIE_DU_JOUR              8m30s      8m28s      -2s  ✅  We Worship Adonai - PHF
10:43:59 BLOC_B_SERIE_DU_JOUR              5m10s      5m08s      -2s  ✅  Igwe
10:49:07 BLOC_B_SERIE_DU_JOUR              6m06s      6m05s      -1s  ✅  cantique  ta bonte
10:55:12 BLOC_B_SERIE_DU_JOUR           1h26m45s   1h26m43s      -2s  ✅  aps la moisson 20220226 6
12:21:55 BLOC_B_SERIE_DU_JOUR              8m18s      8m26s      +8s  ✅  Yahweh Is Mighty - SWBN TV
12:30:21 BLOC_C_SERIE_DU_JOUR           1h26m45s   1h26m42s      -3s  ✅  aps la moisson 20220226 6
13:57:03 BLOC_C_SERIE_DU_JOUR              0m01s      0m02s      +1s  ✅  jingle avant bible 04 restons a lecoute des ecritures
13:57:05 BLOC_C_SERIE_DU_JOUR              0m10s      0m11s      +1s  ✅  jingle avant message 01 voici le message du jour
13:57:16 BLOC_C_SERIE_DU_JOUR              6m04s      6m01s      -3s  ✅  Luc 3
14:03:17 BLOC_C_SERIE_DU_JOUR              6m21s      6m19s      -2s  ✅  Luc 4
14:09:36 BLOC_C_SERIE_DU_JOUR              5m39s      5m36s      -3s  ✅  Luc 5
14:15:12 BLOC_C_SERIE_DU_JOUR              7m07s      7m04s      -3s  ✅  Luc 6
14:22:16 BLOC_C_SERIE_DU_JOUR              7m35s      7m32s      -3s  ✅  Luc 7
14:29:48 BLOC_C_SERIE_DU_JOUR              8m38s      8m35s      -3s  ✅  Luc 8
14:38:23 BLOC_C_SERIE_DU_JOUR              9m59s      9m57s      -2s  ✅  Luc 9
14:48:20 BLOC_C_SERIE_DU_JOUR              6m09s      6m07s      -2s  ✅  Hymne des vainqueurs
14:54:27 BLOC_C_SERIE_DU_JOUR              5m48s      5m47s      -1s  ✅  Forever You Reign - Abuja HF
15:00:14 BLOC_C_SERIE_DU_JOUR              6m15s      6m11s      -4s  ✅  Oh Lord I Want to Know Your Glory - Port Harcourt HF
15:06:25 BLOC_C_SERIE_DU_JOUR              7m04s      7m02s      -2s  ✅  We Bless You Wonderful God  - Winnipeg Fellowship
15:13:27 BLOC_C_SERIE_DU_JOUR              4m05s      4m03s      -2s  ✅  Song Of Victory - Emmanuel Igunbor
15:17:30 BLOC_C_SERIE_DU_JOUR              5m33s      5m30s      -3s  ✅  He Shall Feed His Flock - I Want to walk  - Ketu HF
15:23:00 BLOC_C_SERIE_DU_JOUR              7m36s      7m33s      -3s  ✅  There Is No Lie - SWBN TV
15:30:33 BLOC_C_SERIE_DU_JOUR              2m25s      2m22s      -3s  ✅  2 Corinthiens 13
15:32:55 BLOC_C_SERIE_DU_JOUR              4m53s      4m51s      -2s  ✅  Éphésiens 4
15:37:46 BLOC_C_SERIE_DU_JOUR              4m12s      4m10s      -2s  ✅  Éphésiens 5
15:41:56 BLOC_C_SERIE_DU_JOUR              3m21s      3m18s      -3s  ✅  Éphésiens 6
15:45:14 BLOC_C_SERIE_DU_JOUR              9m03s      9m01s      -2s  ✅  Deutéronome 4
15:54:15 BLOC_C_SERIE_DU_JOUR              8m22s      8m19s      -3s  ✅  Yeshua Hamashiach - Calabar HF
16:02:34 BLOC_C_SERIE_DU_JOUR              4m40s      4m37s      -3s  ✅  All in All - CHF
16:07:11 BLOC_C_SERIE_DU_JOUR              4m52s      4m50s      -2s  ✅  cantique   prends tout le contrôle
16:12:01 BLOC_C_SERIE_DU_JOUR             10m25s     10m23s      -2s  ✅  Holy Are You - PHF
16:22:24 BLOC_C_SERIE_DU_JOUR              2m47s      2m46s      -1s  ✅  Lévitique 1
16:25:10 BLOC_C_SERIE_DU_JOUR              2m33s      2m29s      -4s  ✅  Lévitique 2
16:27:39 BLOC_C_SERIE_DU_JOUR              2m41s      2m39s      -2s  ✅  Lévitique 3
16:30:18 BLOC_C_SERIE_DU_JOUR              6m13s      6m09s      -4s  ✅  Lévitique 4
16:36:27 BLOC_C_SERIE_DU_JOUR              3m52s      3m50s      -2s  ✅  Lévitique 5
16:40:17 BLOC_C_SERIE_DU_JOUR              4m38s      4m36s      -2s  ✅  Lévitique 6
16:44:53 BLOC_C_SERIE_DU_JOUR              5m30s      5m27s      -3s  ✅  Lévitique 7
16:50:20 BLOC_C_SERIE_DU_JOUR              5m25s      5m22s      -3s  ✅  Lévitique 8
16:55:42 BLOC_C_SERIE_DU_JOUR              3m36s      3m33s      -3s  ✅  Lévitique 9
16:59:15 BLOC_C_SERIE_DU_JOUR              5m19s      5m17s      -2s  ✅  Gabrielle LIDJI - Mélodie Céleste  by LFXA(Light FX Animation)_2
17:04:32 BLOC_C_SERIE_DU_JOUR             11m53s     11m50s      -3s  ✅  Hashem - PHF
17:16:22 BLOC_C_SERIE_DU_JOUR              7m18s      7m15s      -3s  ✅  Holy is the Lord (Emmanuel Umoh)
17:23:37 BLOC_C_SERIE_DU_JOUR              6m10s      6m07s      -3s  ✅  That I May Know Him - Toronto HF
17:29:44 BLOC_C_SERIE_DU_JOUR              7m21s      7m18s      -3s  ✅  For By My God - Toronto & Winnipeg HF
17:37:02 BLOC_C_SERIE_DU_JOUR              3m36s      3m34s      -2s  ✅  Daniel 1
17:40:36 BLOC_C_SERIE_DU_JOUR              9m09s      9m06s      -3s  ✅  Daniel 2
17:49:42 BLOC_C_SERIE_DU_JOUR              6m24s      6m21s      -3s  ✅  Daniel 3
17:56:03 BLOC_C_SERIE_DU_JOUR              6m02s      6m08s      +6s  ✅  Rejoice - PHF
18:02:11 BLOC_D_SERIE_DU_JOUR           1h26m45s   1h26m43s      -2s  ✅  aps la moisson 20220226 6
19:28:54 BLOC_D_SERIE_DU_JOUR              0m01s      0m02s      +1s  ✅  jingle avant bible 04 restons a lecoute des ecritures
19:28:56 BLOC_C_SERIE_DU_JOUR           1h26m45s   1h26m42s      -3s  ✅  aps la moisson 20220226 6
20:55:38 BLOC_D_SERIE_DU_JOUR              2m54s      2m52s      -2s  ✅  Cantique des Cantiques 5
20:58:30 BLOC_D_SERIE_DU_JOUR              2m06s      2m03s      -3s  ✅  Cantique des Cantiques 6
21:00:33 BLOC_D_SERIE_DU_JOUR              1m57s      1m54s      -3s  ✅  Cantique des Cantiques 7
21:02:27 BLOC_D_SERIE_DU_JOUR              2m29s      2m27s      -2s  ✅  Cantique des Cantiques 8
21:04:54 BLOC_D_SERIE_DU_JOUR              2m33s      2m30s      -3s  ✅  1 Samuel 21
21:07:24 BLOC_D_SERIE_DU_JOUR              4m12s      4m10s      -2s  ✅  1 Samuel 22
21:11:34 BLOC_D_SERIE_DU_JOUR              4m39s      4m37s      -2s  ✅  1 Samuel 23
21:16:11 BLOC_D_SERIE_DU_JOUR              3m34s      3m31s      -3s  ✅  1 Samuel 24
21:19:42 BLOC_D_SERIE_DU_JOUR              7m22s      7m20s      -2s  ✅  1 Samuel 25
21:27:02 BLOC_D_SERIE_DU_JOUR              4m35s      4m33s      -2s  ✅  1 Samuel 26
21:31:35 BLOC_D_SERIE_DU_JOUR              2m05s      2m02s      -3s  ✅  1 Samuel 27
21:33:37 BLOC_D_SERIE_DU_JOUR              4m23s      4m20s      -3s  ✅  1 Samuel 28
21:37:57 BLOC_D_SERIE_DU_JOUR              2m02s      1m59s      -3s  ✅  1 Samuel 29
21:39:56 BLOC_D_SERIE_DU_JOUR              4m57s      4m54s      -3s  ✅  1 Samuel 30
21:44:50 BLOC_D_SERIE_DU_JOUR              0m05s      0m06s      +1s  ✅  jingle avant louange 04 suite de la selection musicale
21:44:56 BLOC_D_SERIE_DU_JOUR              6m13s      6m11s      -2s  ✅  Immortal God - Elohim Adonai - Abuja HF
21:51:07 BLOC_D_SERIE_DU_JOUR              8m21s      8m18s      -3s  ✅  In the Day of Your Power  - Winnipeg Fellowship
21:59:25 BLOC_D_SERIE_DU_JOUR              6m59s      6m57s      -2s  ✅  Hosanna - Toronto HF
22:06:22 BLOC_D_SERIE_DU_JOUR             11m54s     11m51s      -3s  ✅  Great & Marvelluos - Toronto HF
22:18:13 BLOC_D_SERIE_DU_JOUR              7m29s      7m26s      -3s  ✅  Hallelujah - PHF
22:25:39 BLOC_D_SERIE_DU_JOUR             10m38s     10m36s      -2s  ✅  Be Exalted - PHF
22:36:15 BLOC_D_SERIE_DU_JOUR              0m05s      0m05s      +0s  ✅  jingle avant bible 05 poursuivons notre lecture
22:36:20 BLOC_D_SERIE_DU_JOUR             10m10s     10m08s      -2s  ✅  Matthieu 26
22:46:28 BLOC_D_SERIE_DU_JOUR              8m43s      8m41s      -2s  ✅  Matthieu 27
22:55:09 BLOC_D_SERIE_DU_JOUR              2m44s      2m40s      -4s  ✅  Matthieu 28
22:57:49 BLOC_D_SERIE_DU_JOUR              3m38s      3m36s      -2s  ✅  Juges 15
23:01:25 BLOC_D_SERIE_DU_JOUR              0m04s      0m04s      +0s  ✅  jingle avant louange 03 continuons dans la louange
23:01:29 BLOC_D_SERIE_DU_JOUR              6m35s      6m33s      -2s  ✅  cantique   ta lumière
23:08:02 BLOC_D_SERIE_DU_JOUR              6m41s      6m38s      -3s  ✅  6 minutes
23:14:40 BLOC_D_SERIE_DU_JOUR              8m10s      8m07s      -3s  ✅  Great and Marvellous - Ketu HF
23:22:47 BLOC_D_SERIE_DU_JOUR              3m12s      3m10s      -2s  ✅  esprit de dieu
23:25:57 BLOC_D_SERIE_DU_JOUR              9m38s      9m36s      -2s  ✅  Holy are You oh Lord (Olaedo Uzoma & Vincent Opara)
23:35:33 BLOC_D_SERIE_DU_JOUR              9m31s      9m28s      -3s  ✅  15 at 01.33.50 (1)(1)
23:45:01 BLOC_D_SERIE_DU_JOUR              4m20s      4m18s      -2s  ✅  There's A Mighty River Flowing - SWBN TV
23:49:19 BLOC_D_SERIE_DU_JOUR              0m10s      0m10s      +0s  ✅  jingle avant message 01 voici le message du jour
23:49:29 BLOC_D_SERIE_DU_JOUR           1h48m10s          ?           ⏳ dernier titre (durée réelle inconnue)  7-aps la moisson 20220226 7
----------------------------------------------------------------------------------------------------
Bilan : 173 titres, 1 anomalie(s) (titre coupé de plus de 10s ou trou d'antenne).

====================================================================================================
RÉEL vs PRÉVU — ce qui a joué vs ce que le plan prévoyait
====================================================================================================
----------------------------------------------------------------------------------------------------
BLOC_A  (00:00-06:00)  prévus  68 · joués  44 · conformité  57% · sautés 29 · en trop  5
   ⏭️  PRÉVU NON JOUÉ : jingle avant message 02 enseignement parole de dieu · APS La moisson 6 · jingle avant bible 04 restons a lecoute des ecritures · jingle avant louange 01 place a la louange et adoration · El Elyon - Toronto & Winnipeg HF · Jesus I'm Waiting for You (Mary Umoh)  …(+23)
   ➕  JOUÉ NON PRÉVU : aps la moisson 20220226 6 · Cantique l Éternel est mon Berger (1) · jai donné ma vie à jésus (1) · By the word of the lord - Ketu HF · Ascribe Greatness - PHF
----------------------------------------------------------------------------------------------------
BLOC_B  (06:00-12:00)  prévus  70 · joués  45 · conformité  59% · sautés 29 · en trop  4
   ⏭️  PRÉVU NON JOUÉ : jingle avant message 02 enseignement parole de dieu · APS La moisson 6 · jingle avant bible 04 restons a lecoute des ecritures · jingle avant louange 03 continuons dans la louange · Where Two or Three are Gathered - Calabar HF · In Jesus - PHF  …(+23)
   ➕  JOUÉ NON PRÉVU : aps la moisson 20220226 6 · Igwe · cantique  ta bonte · aps la moisson 20220226 6
----------------------------------------------------------------------------------------------------
BLOC_C  (12:00-18:00)  prévus  58 · joués  45 · conformité  72% · sautés 16 · en trop  3
   ⏭️  PRÉVU NON JOUÉ : APS La moisson 6 · jingle avant bible 04 restons a lecoute des ecritures · jingle avant louange 04 suite de la selection musicale · Not Naked (Abasiama Timothy) · jingle avant bible 02 voici la lecture de la bible · jingle avant louange 03 continuons dans la louange  …(+10)
   ➕  JOUÉ NON PRÉVU : Yahweh Is Mighty - SWBN TV · aps la moisson 20220226 6 · jingle avant bible 04 restons a lecoute des ecritures
----------------------------------------------------------------------------------------------------
BLOC_D  (18:00-24:00)  prévus  65 · joués  39 · conformité  54% · sautés 30 · en trop  4
   ⏭️  PRÉVU NON JOUÉ : jingle avant message 02 enseignement parole de dieu · APS La moisson 6 · jingle avant bible 01 la foi vient de ce quon entend · 2 Rois 19 · 2 Rois 20 · 2 Rois 21  …(+24)
   ➕  JOUÉ NON PRÉVU : aps la moisson 20220226 6 · aps la moisson 20220226 6 · jingle avant message 01 voici le message du jour · 7-aps la moisson 20220226 7
----------------------------------------------------------------------------------------------------
CONFORMITÉ GLOBALE : 157/261 titres prévus joués dans l'ordre = 60%  (16 titre(s) hors plan)
