Rapport de diffusion — 2026-06-25 (heures UTC)
247 titres joués | tolérance ±10s
====================================================================================================
HEURE    PLAYLIST                     FICHIER          RÉEL    ÉCART  STATUT  TITRE
----------------------------------------------------------------------------------------------------
00:01:23 BLOC_A_SERIE_DU_JOUR              2m30s      2m28s      -2s  ✅  Amos 2
00:03:51 BLOC_A_SERIE_DU_JOUR              2m19s      2m17s      -2s  ✅  Amos 3
00:06:08 BLOC_A_SERIE_DU_JOUR              2m44s      2m41s      -3s  ✅  Amos 4
00:08:49 BLOC_A_SERIE_DU_JOUR              4m01s      3m58s      -3s  ✅  Amos 5
00:12:47 BLOC_A_SERIE_DU_JOUR              2m22s      2m20s      -2s  ✅  Amos 6
00:15:07 BLOC_A_SERIE_DU_JOUR              3m05s      3m02s      -3s  ✅  Amos 7
00:18:09 BLOC_A_SERIE_DU_JOUR              2m30s      2m28s      -2s  ✅  Amos 8
00:20:37 BLOC_A_SERIE_DU_JOUR              2m56s      2m54s      -2s  ✅  Amos 9
00:23:31 BLOC_A_SERIE_DU_JOUR              2m50s      2m47s      -3s  ✅  Marc 16
00:26:18 BLOC_A_SERIE_DU_JOUR              3m23s      3m21s      -2s  ✅  Néhémie 6
00:29:39 BLOC_A_SERIE_DU_JOUR              6m49s      6m47s      -2s  ✅  Néhémie 7
00:36:26 BLOC_A_SERIE_DU_JOUR              3m59s      3m56s      -3s  ✅  Néhémie 8
00:40:22 BLOC_A_SERIE_DU_JOUR              7m47s      7m45s      -2s  ✅  Néhémie 9
00:48:07 BLOC_A_SERIE_DU_JOUR              6m34s      6m31s      -3s  ✅  cantique  béni soit le dieu d israël
00:54:38 BLOC_A_SERIE_DU_JOUR              8m18s      8m15s      -3s  ✅  Yahweh Is Mighty - SWBN TV
01:02:53 BLOC_A_SERIE_DU_JOUR              2m16s      2m15s      -1s  ✅  cantique  nous sommes le sel de la terre
01:05:08 BLOC_A_SERIE_DU_JOUR              7m29s      7m25s      -4s  ✅  Hallelujah - PHF
01:12:33 BLOC_A_SERIE_DU_JOUR              8m21s      8m18s      -3s  ✅  My Heart Rejoices - Toronto HF
01:20:51 BLOC_A_SERIE_DU_JOUR              4m57s      4m54s      -3s  ✅  Ézéchiel 39
01:25:45 BLOC_A_SERIE_DU_JOUR              7m58s      7m56s      -2s  ✅  Ézéchiel 40
01:33:41 BLOC_A_SERIE_DU_JOUR              3m58s      3m56s      -2s  ✅  Ézéchiel 41
01:37:37 BLOC_A_SERIE_DU_JOUR              3m09s      3m06s      -3s  ✅  Ézéchiel 42
01:40:43 BLOC_A_SERIE_DU_JOUR              4m37s      4m34s      -3s  ✅  Ézéchiel 43
01:45:17 BLOC_A_SERIE_DU_JOUR              4m11s      4m09s      -2s  ✅  Cantique   Oh Éternel Dieu, Tu es le Dieu Incomparable
01:49:26 BLOC_A_SERIE_DU_JOUR              2m57s      2m55s      -2s  ✅  You Are the Captain of the Host - Toronto HF
01:52:21 BLOC_A_SERIE_DU_JOUR              9m23s      9m21s      -2s  ✅  Thou art Worthy Lord - PHF
02:01:42 BLOC_A_SERIE_DU_JOUR              8m41s      8m38s      -3s  ✅  Unto Him (Vincent Opara)
02:10:20 BLOC_A_SERIE_DU_JOUR              4m05s      4m03s      -2s  ✅  Song Of Victory - Emmanuel Igunbor
02:14:23 BLOC_A_SERIE_DU_JOUR              7m57s      7m55s      -2s  ✅  Yahweh is Mighty (Imah Adegoke)
02:22:18 BLOC_A_SERIE_DU_JOUR              2m43s      2m40s      -3s  ✅  Tite 1
02:24:58 BLOC_A_SERIE_DU_JOUR              2m10s      2m08s      -2s  ✅  Tite 2
02:27:06 BLOC_A_SERIE_DU_JOUR              2m22s      2m19s      -3s  ✅  Tite 3
02:29:25 BLOC_A_SERIE_DU_JOUR              4m45s      4m43s      -2s  ✅  Romains 1
02:34:08 BLOC_A_SERIE_DU_JOUR              3m58s      3m55s      -3s  ✅  Romains 2
02:38:03 BLOC_A_SERIE_DU_JOUR              4m06s      4m04s      -2s  ✅  Romains 3
02:42:07 BLOC_A_SERIE_DU_JOUR              7m09s      7m06s      -3s  ✅  There is A Mighty River Flowing - Ketu HF
02:49:13 BLOC_A_SERIE_DU_JOUR              4m04s      4m01s      -3s  ✅  Ascribe Greatness - PHF
02:53:14 BLOC_A_SERIE_DU_JOUR              6m32s      6m30s      -2s  ✅  Actes 10
02:59:44 BLOC_A_SERIE_DU_JOUR              4m06s      4m03s      -3s  ✅  Actes 11
03:03:47 BLOC_A_SERIE_DU_JOUR              3m53s      3m50s      -3s  ✅  Actes 12
03:07:37 BLOC_A_SERIE_DU_JOUR              7m40s      7m38s      -2s  ✅  Actes 13
03:15:15 BLOC_A_SERIE_DU_JOUR             10m13s     10m10s      -3s  ✅  As We Worship - Toronto & Winnipeg HF
03:25:25 BLOC_A_SERIE_DU_JOUR              8m30s      8m28s      -2s  ✅  We Worship Adonai - PHF
03:33:53 BLOC_A_SERIE_DU_JOUR              0m10s      0m10s      +0s  ✅  jingle avant message 01 voici le message du jour
03:34:03 BLOC_A_SERIE_DU_JOUR              5m48s      5m46s      -2s  ✅  Forever You Reign - Abuja HF
03:39:49 BLOC_A_SERIE_DU_JOUR              4m18s      4m16s      -2s  ✅  You Are Worthy - Ketu HF
03:44:05 BLOC_A_SERIE_DU_JOUR             10m24s     10m21s      -3s  ✅  Shine in Darkness O Lord  - Winnipeg Fellowship
03:54:26 BLOC_A_SERIE_DU_JOUR              3m19s      3m16s      -3s  ✅  Awaken My Heart
03:57:42 BLOC_A_SERIE_DU_JOUR              5m28s      5m26s      -2s  ✅  même humilié
04:03:08 BLOC_A_SERIE_DU_JOUR              9m31s      9m28s      -3s  ✅  15 at 01.33.50 (1)(1)
04:12:36 BLOC_A_SERIE_DU_JOUR              5m52s      5m49s      -3s  ✅  Where Two or Three are Gathered - Calabar HF
04:18:25 BLOC_A_SERIE_DU_JOUR              5m21s      5m19s      -2s  ✅  By the word of the lord - Ketu HF
04:23:44 BLOC_A_SERIE_DU_JOUR              6m12s      6m10s      -2s  ✅  Praise the Lord All Ye Nations - Toronto HF
04:29:54 BLOC_A_SERIE_DU_JOUR              5m10s      5m07s      -3s  ✅  I Will Call Upon The Lord
04:35:01 BLOC_A_SERIE_DU_JOUR              4m19s      4m16s      -3s  ✅  I Know The Blood - PHF
04:39:17 BLOC_A_SERIE_DU_JOUR              4m11s      4m08s      -3s  ✅  jai donné ma vie à jésus (1)
04:43:25 BLOC_A_SERIE_DU_JOUR              2m21s      2m19s      -2s  ✅  Nahum 1
04:45:44 BLOC_A_SERIE_DU_JOUR              2m04s      2m01s      -3s  ✅  Nahum 2
04:47:45 BLOC_A_SERIE_DU_JOUR              3m02s      3m00s      -2s  ✅  Nahum 3
04:50:45 BLOC_A_SERIE_DU_JOUR              3m42s      3m39s      -3s  ✅  2 Pierre 1
04:54:24 BLOC_A_SERIE_DU_JOUR              3m17s      3m14s      -3s  ✅  2 Pierre 3
04:57:38 BLOC_A_SERIE_DU_JOUR              4m04s      4m02s      -2s  ✅  2 Pierre 2
05:01:40 BLOC_A_SERIE_DU_JOUR              0m05s      0m10s      +5s  ✅  jingle avant louange 04 suite de la selection musicale
05:01:50 BLOC_A_SERIE_DU_JOUR              0m07s      0m07s      +0s  ✅  jingle avant louange 02 voici notre selection de cantiques
05:01:57 BLOC_A_SERIE_DU_JOUR              0m06s      0m15s      +9s  ✅  jingle avant louange 01 place a la louange et adoration
05:02:12 BLOC_A_SERIE_DU_JOUR           1h13m12s   1h13m09s      -3s  ✅  19 2
06:15:21 BLOC_B_SERIE_DU_JOUR              0m10s      0m10s      +0s  ✅  jingle avant message 01 voici le message du jour
06:15:31 BLOC_B_SERIE_DU_JOUR           1h13m12s   1h13m10s      -2s  ✅  19 2
07:28:41 BLOC_B_SERIE_DU_JOUR              8m04s      8m02s      -2s  ✅  Josué 10
07:36:43 BLOC_B_SERIE_DU_JOUR              4m09s      4m06s      -3s  ✅  Josué 11
07:40:49 BLOC_B_SERIE_DU_JOUR              3m18s      3m15s      -3s  ✅  Josué 12
07:44:04 BLOC_B_SERIE_DU_JOUR              5m11s      5m09s      -2s  ✅  Josué 13
07:49:13 BLOC_B_SERIE_DU_JOUR              2m53s      2m50s      -3s  ✅  Josué 14
07:52:03 BLOC_B_SERIE_DU_JOUR              7m07s      7m05s      -2s  ✅  Josué 15
07:59:08 BLOC_B_SERIE_DU_JOUR              1m34s      1m31s      -3s  ✅  Josué 16
08:00:39 BLOC_B_SERIE_DU_JOUR              3m51s      3m49s      -2s  ✅  Josué 17
08:04:28 BLOC_B_SERIE_DU_JOUR              4m41s      4m39s      -2s  ✅  Josué 18
08:09:07 BLOC_B_SERIE_DU_JOUR              6m21s      6m17s      -4s  ✅  Josué 19
08:15:24 BLOC_B_SERIE_DU_JOUR              1m52s      1m50s      -2s  ✅  Josué 20
08:17:14 BLOC_B_SERIE_DU_JOUR              6m02s      6m00s      -2s  ✅  Satisfy My Soul - Calabar HF
08:23:14 BLOC_B_SERIE_DU_JOUR              5m19s      5m17s      -2s  ✅  Gabrielle LIDJI - Mélodie Céleste  by LFXA(Light FX Animation)_2
08:28:31 BLOC_B_SERIE_DU_JOUR              5m42s      5m40s      -2s  ✅  Esdras 8
08:34:11 BLOC_B_SERIE_DU_JOUR              3m34s      3m31s      -3s  ✅  Esdras 9
08:37:42 BLOC_B_SERIE_DU_JOUR              6m21s      6m19s      -2s  ✅  Esdras 10
08:44:01 BLOC_B_SERIE_DU_JOUR              0m41s      0m38s      -3s  ✅  Psaumes 70
08:44:39 BLOC_B_SERIE_DU_JOUR              2m42s      2m39s      -3s  ✅  Psaumes 71
08:47:18 BLOC_B_SERIE_DU_JOUR              2m10s      2m08s      -2s  ✅  Psaumes 72
08:49:26 BLOC_B_SERIE_DU_JOUR              2m34s      2m31s      -3s  ✅  Psaumes 73
08:51:57 BLOC_B_SERIE_DU_JOUR              2m25s      2m23s      -2s  ✅  Psaumes 74
08:54:20 BLOC_B_SERIE_DU_JOUR              9m24s      9m21s      -3s  ✅  I See Your Face - Toronto HF
09:03:41 BLOC_B_SERIE_DU_JOUR              5m43s      5m41s      -2s  ✅  Cantique l Éternel est mon Berger (1)
09:09:22 BLOC_B_SERIE_DU_JOUR             11m53s     11m50s      -3s  ✅  Hashem - PHF
09:21:12 BLOC_B_SERIE_DU_JOUR              4m14s      4m11s      -3s  ✅  Mon modèle, c est Jésus
09:25:23 BLOC_B_SERIE_DU_JOUR              4m12s      4m10s      -2s  ✅  Éphésiens 5
09:29:33 BLOC_B_SERIE_DU_JOUR              3m21s      3m18s      -3s  ✅  Éphésiens 6
09:32:51 BLOC_B_SERIE_DU_JOUR              4m33s      4m31s      -2s  ✅  1 Pierre 1
09:37:22 BLOC_B_SERIE_DU_JOUR              4m17s      4m13s      -4s  ✅  1 Pierre 2
09:41:35 BLOC_B_SERIE_DU_JOUR              3m50s      3m47s      -3s  ✅  1 Pierre 3
09:45:22 BLOC_B_SERIE_DU_JOUR              3m13s      3m11s      -2s  ✅  1 Pierre 4
09:48:33 BLOC_B_SERIE_DU_JOUR              2m15s      2m13s      -2s  ✅  1 Pierre 5
09:50:46 BLOC_B_SERIE_DU_JOUR              6m29s      6m26s      -3s  ✅  Jérémie 2
09:57:12 BLOC_B_SERIE_DU_JOUR              4m58s      4m55s      -3s  ✅  Jérémie 3
10:02:07 BLOC_B_SERIE_DU_JOUR              7m37s      7m34s      -3s  ✅  Cantiques  Il a pris mes iniquités
10:09:41 BLOC_B_SERIE_DU_JOUR              7m36s      7m34s      -2s  ✅  There Is No Lie - SWBN TV
10:17:15 BLOC_B_SERIE_DU_JOUR             10m35s     10m32s      -3s  ✅  Baruch Ha'ba B'Shem Adonai/Blessed Is He Who Comes in the Name of the Lord - Port Harcourt HF
10:27:47 BLOC_B_SERIE_DU_JOUR              8m21s      8m19s      -2s  ✅  In the Day of Your Power  - Winnipeg Fellowship
10:36:06 BLOC_B_SERIE_DU_JOUR              6m35s      6m32s      -3s  ✅  cantique   ta lumière
10:42:38 BLOC_B_SERIE_DU_JOUR              4m08s      4m06s      -2s  ✅  1 Samuel 16
10:46:44 BLOC_B_SERIE_DU_JOUR              9m41s      9m38s      -3s  ✅  1 Samuel 17
10:56:22 BLOC_B_SERIE_DU_JOUR              4m38s      4m36s      -2s  ✅  1 Samuel 18
11:00:58 BLOC_B_SERIE_DU_JOUR              6m41s      6m38s      -3s  ✅  6 minutes
11:07:36 BLOC_B_SERIE_DU_JOUR              3m10s      3m07s      -3s  ✅  la Parole
11:10:43 BLOC_B_SERIE_DU_JOUR              5m13s      5m11s      -2s  ✅  Il s'appelait Emmanuel - Marcel Boungou + Paroles
11:15:54 BLOC_B_SERIE_DU_JOUR              6m06s      6m09s      +3s  ✅  cantique  ta bonte
11:22:03 BLOC_B_SERIE_DU_JOUR              4m53s      4m50s      -3s  ✅  Cantique Jahweh, Tu es élevé au dessus de tout (1)
11:26:53 BLOC_B_SERIE_DU_JOUR              9m14s      9m12s      -2s  ✅  A jamais, tu seras l Agneau de Dieu
11:36:05 BLOC_B_SERIE_DU_JOUR              8m10s      8m07s      -3s  ✅  Great and Marvellous - Ketu HF
11:44:12 BLOC_B_SERIE_DU_JOUR              5m08s      5m06s      -2s  ✅  He Has Given Me - PHF
11:49:18 BLOC_B_SERIE_DU_JOUR             10m25s     10m23s      -2s  ✅  Holy Are You - PHF
11:59:41 BLOC_B_SERIE_DU_JOUR              0m10s      0m10s      +0s  ✅  jingle avant message 01 voici le message du jour
11:59:51 ?                                 0m14s      0m14s      +0s  ✅  AzuraCast is Live!
12:00:05 BLOC_C_SERIE_DU_JOUR              0m10s      0m10s      +0s  ✅  jingle avant message 01 voici le message du jour
12:00:15 BLOC_C_SERIE_DU_JOUR           1h13m12s   1h13m10s      -2s  ✅  19 2
13:13:25 BLOC_C_SERIE_DU_JOUR              0m10s      0m10s      +0s  ✅  jingle avant message 01 voici le message du jour
13:13:35 BLOC_C_SERIE_DU_JOUR           1h13m12s   1h13m10s      -2s  ✅  19 2
14:26:45 BLOC_C_SERIE_DU_JOUR              2m59s      2m56s      -3s  ✅  2 Timothée 1
14:29:41 BLOC_C_SERIE_DU_JOUR              3m52s      3m50s      -2s  ✅  2 Timothée 2
14:33:31 BLOC_C_SERIE_DU_JOUR              2m37s      2m34s      -3s  ✅  2 Timothée 3
14:36:05 BLOC_C_SERIE_DU_JOUR              3m09s      3m07s      -2s  ✅  2 Timothée 4
14:39:12 BLOC_C_SERIE_DU_JOUR              3m57s      3m54s      -3s  ✅  Jacques 1
14:43:06 BLOC_C_SERIE_DU_JOUR              3m51s      3m48s      -3s  ✅  Jacques 2
14:46:54 BLOC_C_SERIE_DU_JOUR              2m56s      2m53s      -3s  ✅  Jacques 3
14:49:47 BLOC_C_SERIE_DU_JOUR              2m47s      2m44s      -3s  ✅  Jacques 4
14:52:31 BLOC_C_SERIE_DU_JOUR              3m28s      3m26s      -2s  ✅  Jacques 5
14:55:57 BLOC_C_SERIE_DU_JOUR              2m54s      2m51s      -3s  ✅  Malachie 1
14:58:48 BLOC_C_SERIE_DU_JOUR              3m17s      3m14s      -3s  ✅  Malachie 2
15:02:02 BLOC_C_SERIE_DU_JOUR              3m22s      3m19s      -3s  ✅  Malachie 3
15:05:21 BLOC_C_SERIE_DU_JOUR              1m05s      1m02s      -3s  ✅  Malachie 4
15:06:23 BLOC_C_SERIE_DU_JOUR              2m56s      2m54s      -2s  ✅  Sophonie 1
15:09:17 BLOC_C_SERIE_DU_JOUR              2m46s      2m43s      -3s  ✅  Sophonie 2
15:12:00 BLOC_C_SERIE_DU_JOUR              3m46s      3m44s      -2s  ✅  Sophonie 3
15:15:44 BLOC_C_SERIE_DU_JOUR              7m21s      7m18s      -3s  ✅  For By My God - Toronto & Winnipeg HF
15:23:02 BLOC_C_SERIE_DU_JOUR              3m12s      3m10s      -2s  ✅  esprit de dieu
15:26:12 BLOC_C_SERIE_DU_JOUR              3m22s      3m20s      -2s  ✅  Ses cheveux étaient blancs..
15:29:32 BLOC_C_SERIE_DU_JOUR              4m08s      4m05s      -3s  ✅  I Choose the Way of the Lord - Abuja HF
15:33:37 BLOC_C_SERIE_DU_JOUR              6m59s      6m57s      -2s  ✅  Hosanna - Toronto HF
15:40:34 BLOC_C_SERIE_DU_JOUR              4m03s      4m00s      -3s  ✅  I Will Not Be Silent - Calabar HF
15:44:34 BLOC_C_SERIE_DU_JOUR              2m04s      2m01s      -3s  ✅  Osée 1
15:46:35 BLOC_C_SERIE_DU_JOUR              3m29s      3m27s      -2s  ✅  Osée 2
15:50:02 BLOC_C_SERIE_DU_JOUR              0m57s      0m54s      -3s  ✅  Osée 3
15:50:56 BLOC_C_SERIE_DU_JOUR              2m56s      2m54s      -2s  ✅  Osée 4
15:53:50 BLOC_C_SERIE_DU_JOUR              5m22s      5m20s      -2s  ✅  God's Got An Army - PHF
15:59:10 BLOC_C_SERIE_DU_JOUR              8m10s      8m07s      -3s  ✅  Agunechemba - SWBN TV
16:07:17 BLOC_C_SERIE_DU_JOUR              5m21s      5m19s      -2s  ✅  We Shall Not Fear - Nonso Njoku
16:12:36 BLOC_C_SERIE_DU_JOUR              8m12s      8m09s      -3s  ✅  Jesus is Alpha - PHF
16:20:45 BLOC_C_SERIE_DU_JOUR              8m58s      8m55s      -3s  ✅  El Elyon - Toronto & Winnipeg HF
16:29:40 BLOC_C_SERIE_DU_JOUR              4m54s      4m52s      -2s  ✅  Ésaïe 1
16:34:32 BLOC_C_SERIE_DU_JOUR              3m07s      3m04s      -3s  ✅  Ésaïe 2
16:37:36 BLOC_C_SERIE_DU_JOUR              3m23s      3m21s      -2s  ✅  Ésaïe 3
16:40:57 BLOC_C_SERIE_DU_JOUR              1m08s      1m05s      -3s  ✅  Ésaïe 4
16:42:02 BLOC_C_SERIE_DU_JOUR              5m19s      5m16s      -3s  ✅  Ésaïe 5
16:47:18 BLOC_C_SERIE_DU_JOUR              2m27s      2m25s      -2s  ✅  Ésaïe 6
16:49:43 BLOC_C_SERIE_DU_JOUR              3m57s      3m54s      -3s  ✅  Ésaïe 7
16:53:37 BLOC_C_SERIE_DU_JOUR              3m32s      3m29s      -3s  ✅  Ésaïe 8
16:57:06 BLOC_C_SERIE_DU_JOUR              3m37s      3m34s      -3s  ✅  Ésaïe 9
17:00:40 BLOC_C_SERIE_DU_JOUR              5m32s      5m30s      -2s  ✅  Ésaïe 10
17:06:10 BLOC_C_SERIE_DU_JOUR              6m04s      6m01s      -3s  ✅  Sing Unto the Lord a new Song  - Winnipeg Fellowship
17:12:11 BLOC_C_SERIE_DU_JOUR              3m04s      3m04s      +0s  ✅  The Lord is my Light and Salvation - Nonso Njoku
17:15:15 BLOC_C_SERIE_DU_JOUR              5m47s      5m42s      -5s  ✅  We Ascribe Greatness - Abuja HF
17:20:57 BLOC_C_SERIE_DU_JOUR             10m47s     10m45s      -2s  ✅  Abba, Singing a, I Will Sing - Ketu HF
17:31:42 BLOC_C_SERIE_DU_JOUR              5m10s      5m07s      -3s  ✅  Igwe
17:36:49 BLOC_C_SERIE_DU_JOUR              3m39s      3m37s      -2s  ✅  Ruth 1
17:40:26 BLOC_C_SERIE_DU_JOUR              4m14s      4m10s      -4s  ✅  Ruth 2
17:44:36 BLOC_C_SERIE_DU_JOUR              3m00s      2m58s      -2s  ✅  Ruth 3
17:47:34 BLOC_C_SERIE_DU_JOUR              3m43s      3m41s      -2s  ✅  Ruth 4
17:51:15 BLOC_C_SERIE_DU_JOUR              5m00s      4m58s      -2s  ✅  Exode 33
17:56:13 BLOC_C_SERIE_DU_JOUR              6m13s      6m10s      -3s  ✅  Immortal God - Elohim Adonai - Abuja HF
18:02:23 BLOC_D_SERIE_DU_JOUR              0m07s      0m08s      +1s  ✅  jingle avant bible 02 voici la lecture de la bible
18:02:31 BLOC_D_SERIE_DU_JOUR              3m07s      3m05s      -2s  ✅  1 Corinthiens 16
18:05:36 BLOC_D_SERIE_DU_JOUR              2m21s      2m19s      -2s  ✅  Ecclésiaste 1
18:07:55 BLOC_D_SERIE_DU_JOUR              4m17s      4m15s      -2s  ✅  Ecclésiaste 2
18:12:10 BLOC_D_SERIE_DU_JOUR              2m50s      2m47s      -3s  ✅  Ecclésiaste 3
18:14:57 BLOC_D_SERIE_DU_JOUR              2m23s      2m20s      -3s  ✅  Ecclésiaste 4
18:17:17 BLOC_D_SERIE_DU_JOUR              3m17s      3m15s      -2s  ✅  Ecclésiaste 5
18:20:32 BLOC_D_SERIE_DU_JOUR              1m50s      1m47s      -3s  ✅  Ecclésiaste 6
18:22:19 BLOC_D_SERIE_DU_JOUR              3m44s      3m42s      -2s  ✅  Ecclésiaste 7
18:26:01 BLOC_D_SERIE_DU_JOUR              2m51s      2m49s      -2s  ✅  Ecclésiaste 8
18:28:50 BLOC_D_SERIE_DU_JOUR              3m14s      3m11s      -3s  ✅  Ecclésiaste 9
18:32:01 BLOC_D_SERIE_DU_JOUR              2m29s      2m27s      -2s  ✅  Ecclésiaste 10
18:34:28 BLOC_D_SERIE_DU_JOUR              1m34s      1m32s      -2s  ✅  Ecclésiaste 11
18:36:00 BLOC_D_SERIE_DU_JOUR              2m16s      2m13s      -3s  ✅  Ecclésiaste 12
18:38:13 BLOC_D_SERIE_DU_JOUR              3m17s      3m15s      -2s  ✅  Galates 1
18:41:28 BLOC_D_SERIE_DU_JOUR              4m08s      4m05s      -3s  ✅  Galates 2
18:45:33 BLOC_D_SERIE_DU_JOUR              4m50s      4m49s      -1s  ✅  Galates 3
18:50:22 BLOC_D_SERIE_DU_JOUR              0m05s      0m04s      -1s  ✅  jingle avant louange 04 suite de la selection musicale
18:50:26 BLOC_D_SERIE_DU_JOUR              4m48s      4m47s      -1s  ✅  Yeshua I'm Waiting for You  - Ketu HF
18:55:13 BLOC_D_SERIE_DU_JOUR              4m52s      4m49s      -3s  ✅  God is Moving Us On - Ketu HF
19:00:02 BLOC_D_SERIE_DU_JOUR             11m54s     11m52s      -2s  ✅  Great & Marvelluos - Toronto HF
19:11:54 BLOC_D_SERIE_DU_JOUR              0m07s      0m04s      -3s  ✅  Parole Prophétique FM
19:11:58 BLOC_D_SERIE_DU_JOUR              6m02s      6m00s      -2s  ✅  Crown Him Lord of Lords - Nonso Njoku
19:17:58 BLOC_D_SERIE_DU_JOUR              5m07s      5m04s      -3s  ✅  We Shall Come - Asaba Fellowship
19:23:02 BLOC_D_SERIE_DU_JOUR             11m01s     10m58s      -3s  ✅  Great is, Ascribe - Ketu HF
19:34:00 BLOC_D_SERIE_DU_JOUR              6m09s      6m10s      +1s  ✅  Hymne des vainqueurs
19:40:10 BLOC_C_SERIE_DU_JOUR              2m59s      2m55s      -4s  ✅  2 Timothée 1
19:43:05 BLOC_D_SERIE_DU_JOUR              2m25s      2m23s      -2s  ✅  Cantique des Cantiques 1
19:45:28 BLOC_D_SERIE_DU_JOUR              2m32s      2m30s      -2s  ✅  Cantique des Cantiques 2
19:47:58 BLOC_D_SERIE_DU_JOUR              1m53s      1m51s      -2s  ✅  Cantique des Cantiques 3
19:49:49 BLOC_D_SERIE_DU_JOUR              2m50s      2m47s      -3s  ✅  Cantique des Cantiques 4
19:52:36 BLOC_D_SERIE_DU_JOUR              2m54s      2m52s      -2s  ✅  Cantique des Cantiques 5
19:55:28 BLOC_D_SERIE_DU_JOUR              2m06s      2m03s      -3s  ✅  Cantique des Cantiques 6
19:57:31 BLOC_D_SERIE_DU_JOUR              1m57s      1m54s      -3s  ✅  Cantique des Cantiques 7
19:59:25 BLOC_D_SERIE_DU_JOUR              2m29s      2m26s      -3s  ✅  Cantique des Cantiques 8
20:01:51 BLOC_D_SERIE_DU_JOUR              7m02s      7m00s      -2s  ✅  Nombres 1
20:08:51 BLOC_D_SERIE_DU_JOUR              0m06s      0m06s      +0s  ✅  jingle avant louange 01 place a la louange et adoration
20:08:57 BLOC_D_SERIE_DU_JOUR              6m02s      6m00s      -2s  ✅  Rejoice - PHF
20:14:57 BLOC_D_SERIE_DU_JOUR              8m25s      8m22s      -3s  ✅  The Mountains, Come and, Oh City - Ketu HF
20:23:19 BLOC_D_SERIE_DU_JOUR              5m04s      5m02s      -2s  ✅  I Enter The Holy of Holies - Port Harcourt HF
20:28:21 BLOC_D_SERIE_DU_JOUR             10m38s     10m36s      -2s  ✅  Be Exalted - PHF
20:38:57 BLOC_D_SERIE_DU_JOUR              4m20s      4m18s      -2s  ✅  There's A Mighty River Flowing - SWBN TV
20:43:15 BLOC_D_SERIE_DU_JOUR              6m57s      6m56s      -1s  ✅  The Lord on High is Mightier - Toronto HF
20:50:11 BLOC_D_SERIE_DU_JOUR              5m33s      5m32s      -1s  ✅  He Shall Feed His Flock - I Want to walk  - Ketu HF
20:55:43 BLOC_D_SERIE_DU_JOUR              6m56s      6m59s      +3s  ✅  As We Worship In Ypur Presence
21:02:42 BLOC_D_SERIE_DU_JOUR              5m41s      5m38s      -3s  ✅  1 Chroniques 1
21:08:20 BLOC_D_SERIE_DU_JOUR              6m19s      6m17s      -2s  ✅  1 Chroniques 2
21:14:37 BLOC_D_SERIE_DU_JOUR              3m15s      3m13s      -2s  ✅  1 Chroniques 3
21:17:50 BLOC_D_SERIE_DU_JOUR              6m13s      6m10s      -3s  ✅  1 Chroniques 4
21:24:00 BLOC_D_SERIE_DU_JOUR              4m25s      4m22s      -3s  ✅  1 Chroniques 5
21:28:22 BLOC_D_SERIE_DU_JOUR              8m29s      8m27s      -2s  ✅  1 Chroniques 6
21:36:49 BLOC_D_SERIE_DU_JOUR              5m47s      5m49s      +2s  ✅  1 Chroniques 7
21:42:38 BLOC_D_SERIE_DU_JOUR              6m07s      6m05s      -2s  ✅  There Is Forgiveness In Thee - SWBN TV
21:48:43 BLOC_D_SERIE_DU_JOUR              9m04s      9m01s      -3s  ✅  You're the Lamb - Calabar HF
21:57:44 BLOC_D_SERIE_DU_JOUR              4m21s      4m18s      -3s  ✅  Sing Hallelujah - Abuja HF
22:02:02 BLOC_D_SERIE_DU_JOUR              5m18s      5m16s      -2s  ✅  Now is Come Salvation - Toronto HF
22:07:18 BLOC_D_SERIE_DU_JOUR              7m09s      7m07s      -2s  ✅  You're the Lamb (Abasiama Timothy)
22:14:25 BLOC_D_SERIE_DU_JOUR              6m57s      6m54s      -3s  ✅  qui est digne d ouvrir le livre
22:21:19 BLOC_D_SERIE_DU_JOUR              3m41s      3m39s      -2s  ✅  Adorons l'Éternel GAEL - JÉSUS EST SEIGNEUR -
22:24:58 BLOC_D_SERIE_DU_JOUR              6m12s      6m15s      +3s  ✅  The King is Here (Abasiama Timothy)
22:31:13 BLOC_D_SERIE_DU_JOUR              3m00s      2m57s      -3s  ✅  Jonas 1
22:34:10 BLOC_D_SERIE_DU_JOUR              1m22s      1m19s      -3s  ✅  Jonas 2
22:35:29 BLOC_D_SERIE_DU_JOUR              1m36s      1m34s      -2s  ✅  Jonas 3
22:37:03 BLOC_D_SERIE_DU_JOUR              1m57s      1m55s      -2s  ✅  Jonas 4
22:38:58 BLOC_D_SERIE_DU_JOUR              8m21s      8m27s      +6s  ✅  1 Rois 20
22:47:25 BLOC_D_SERIE_DU_JOUR              4m33s      4m31s      -2s  ✅  God is Building - Will You Be - Ketu HF
22:51:56 BLOC_D_SERIE_DU_JOUR              9m23s      9m20s      -3s  ✅  10 minutes
23:01:16 BLOC_D_SERIE_DU_JOUR              7m51s      7m49s      -2s  ✅  There is no name  - Winnipeg Fellowship
23:09:05 BLOC_D_SERIE_DU_JOUR              0m08s      0m08s      +0s  ✅  jingle avant message 02 enseignement parole de dieu
23:09:13 BLOC_D_SERIE_DU_JOUR           1h13m12s          ?           ⏳ dernier titre (durée réelle inconnue)  19 2
----------------------------------------------------------------------------------------------------
Bilan : 247 titres, 0 anomalie(s) (titre coupé de plus de 10s ou trou d'antenne).

====================================================================================================
RÉEL vs PRÉVU — ce qui a joué vs ce que le plan prévoyait
====================================================================================================
----------------------------------------------------------------------------------------------------
BLOC_A  (00:00-06:00)  prévus  73 · joués  66 · conformité  89% · sautés  8 · en trop  1
   ⏭️  PRÉVU NON JOUÉ : 19 2 · Amos 1 · jingle avant louange 03 continuons dans la louange · jingle avant bible 04 restons a lecoute des ecritures · jingle avant bible 03 ecoutez la voix de dieu · jingle avant bible 02 voici la lecture de la bible  …(+2)
   ➕  JOUÉ NON PRÉVU : 19 2
----------------------------------------------------------------------------------------------------
BLOC_B  (06:00-12:00)  prévus  66 · joués  55 · conformité  80% · sautés 13 · en trop  2
   ⏭️  PRÉVU NON JOUÉ : jingle avant bible 05 poursuivons notre lecture · All in All - CHF · jingle avant louange 04 suite de la selection musicale · jingle avant louange 03 continuons dans la louange · jingle avant louange 02 voici notre selection de cantiques · jingle avant louange 01 place a la louange et adoration  …(+7)
   ➕  JOUÉ NON PRÉVU : jingle avant message 01 voici le message du jour · AzuraCast is Live!
----------------------------------------------------------------------------------------------------
BLOC_C  (12:00-18:00)  prévus  77 · joués  56 · conformité  70% · sautés 23 · en trop  2
   ⏭️  PRÉVU NON JOUÉ : cantique  heureux l homme qui ne marche pas selon · cantique  tes promesses  pub direct dec 2021 import (2) · Philippiens 1 · Philippiens 2 · Philippiens 3 · Philippiens 4  …(+17)
   ➕  JOUÉ NON PRÉVU : jingle avant message 01 voici le message du jour · 19 2
----------------------------------------------------------------------------------------------------
BLOC_D  (18:00-24:00)  prévus  75 · joués  70 · conformité  89% · sautés  8 · en trop  3
   ⏭️  PRÉVU NON JOUÉ : jingle avant message 02 enseignement parole de dieu · 19 2 · jingle avant bible 04 restons a lecoute des ecritures · Parole Prophétique FM · jingle avant bible 03 ecoutez la voix de dieu · jingle avant louange 03 continuons dans la louange  …(+2)
   ➕  JOUÉ NON PRÉVU : 2 Timothée 1 · jingle avant message 02 enseignement parole de dieu · 19 2
----------------------------------------------------------------------------------------------------
CONFORMITÉ GLOBALE : 239/291 titres prévus joués dans l'ordre = 82%  (8 titre(s) hors plan)
