Rapport de diffusion — 2026-06-11 (heures UTC)
198 titres joués | tolérance ±10s
====================================================================================================
HEURE    PLAYLIST                     FICHIER          RÉEL    ÉCART  STATUT  TITRE
----------------------------------------------------------------------------------------------------
02:58:59 BLOC_A_SERIE_DU_JOUR              0m10s      0m07s      -3s  ✅  jingle avant message 01 voici le message du jour
02:59:06 BLOC_B_SERIE_DU_JOUR              9m48s      9m51s      +3s  ✅  Juges 9
03:08:57 BLOC_B_SERIE_DU_JOUR              2m48s      2m46s      -2s  ✅  Juges 10
03:11:43 BLOC_B_SERIE_DU_JOUR              7m02s      6m59s      -3s  ✅  Juges 11
03:18:42 BLOC_B_SERIE_DU_JOUR              2m37s      2m34s      -3s  ✅  Juges 12
03:21:16 BLOC_B_SERIE_DU_JOUR              4m10s      4m08s      -2s  ✅  Juges 13
03:25:24 BLOC_B_SERIE_DU_JOUR              3m58s      3m56s      -2s  ✅  Juges 14
03:29:20 BLOC_C_SERIE_DU_JOUR              3m17s      3m14s      -3s  ✅  Galates 1
03:32:34 BLOC_B_SERIE_DU_JOUR              3m38s      3m37s      -1s  ✅  Juges 15
03:36:11 BLOC_A_SERIE_DU_JOUR           1h29m59s   1h18m51s    -668s  ❌ COUPÉ  bosson 1 la marche avec dieu(1)
04:55:02 BLOC_C_SERIE_DU_JOUR              4m08s      4m19s     +11s  ⚠️ TROU APRÈS  Galates 2
04:59:21 BLOC_B_SERIE_DU_JOUR           1h06m21s   2h12m37s   +3976s  ⚠️ TROU APRÈS  bosson 1 la marche avec dieu(2)
07:11:58 BLOC_A_SERIE_DU_JOUR              4m35s      4m33s      -2s  ✅  Colossiens 1
07:16:31 BLOC_B_SERIE_DU_JOUR              2m20s      2m18s      -2s  ✅  Job 10
07:18:49 BLOC_D_SERIE_DU_JOUR              0m10s      0m07s      -3s  ✅  jingle avant message 01 voici le message du jour
07:18:56 BLOC_D_SERIE_DU_JOUR           1h06m21s   1h06m24s      +3s  ✅  bosson 1 la marche avec dieu(2)
08:25:20 BLOC_B_SERIE_DU_JOUR              1m57s      7m02s    +305s  ⚠️ TROU APRÈS  Job 11
08:32:22 BLOC_A_SERIE_DU_JOUR              3m44s      7m25s    +221s  ⚠️ TROU APRÈS  Colossiens 3
08:39:47 BLOC_B_SERIE_DU_JOUR              2m25s      2m23s      -2s  ✅  Job 14
08:42:10 BLOC_A_SERIE_DU_JOUR              2m56s      2m53s      -3s  ✅  Colossiens 4
08:45:03 BLOC_A_SERIE_DU_JOUR              5m21s      5m19s      -2s  ✅  Exode 7
08:50:22 BLOC_D_SERIE_DU_JOUR              2m59s      2m56s      -3s  ✅  2 Timothée 1
08:53:18 BLOC_C_SERIE_DU_JOUR              0m10s      0m08s      -2s  ✅  jingle avant message 01 voici le message du jour
08:53:26 BLOC_A_SERIE_DU_JOUR              2m18s      2m15s      -3s  ✅  Néhémie 1
08:55:41 BLOC_B_SERIE_DU_JOUR              3m21s      3m19s      -2s  ✅  Job 15
08:59:00 BLOC_D_SERIE_DU_JOUR              2m37s      2m34s      -3s  ✅  2 Timothée 3
09:01:34 BLOC_C_SERIE_DU_JOUR           1h06m21s   1h06m19s      -2s  ✅  bosson 1 la marche avec dieu(2)
10:07:53 BLOC_D_SERIE_DU_JOUR              3m52s      6m56s    +184s  ⚠️ TROU APRÈS  2 Timothée 2
10:14:49 BLOC_A_SERIE_DU_JOUR              4m01s      3m59s      -2s  ✅  Néhémie 2
10:18:48 BLOC_B_SERIE_DU_JOUR              2m15s      3m46s     +91s  ⚠️ TROU APRÈS  Job 16
10:22:34 BLOC_A_SERIE_DU_JOUR              5m28s      5m25s      -3s  ✅  Néhémie 3
10:27:59 BLOC_D_SERIE_DU_JOUR              4m27s      4m25s      -2s  ✅  Jude 1
10:32:24 BLOC_C_SERIE_DU_JOUR              5m15s      5m12s      -3s  ✅  Josué 6
10:37:36 BLOC_B_SERIE_DU_JOUR              2m02s      2m00s      -2s  ✅  Job 18
10:39:36 BLOC_A_SERIE_DU_JOUR              3m46s      3m43s      -3s  ✅  Néhémie 4
10:43:19 BLOC_B_SERIE_DU_JOUR              3m05s      3m03s      -2s  ✅  Job 19
10:46:22 BLOC_C_SERIE_DU_JOUR              5m22s      5m19s      -3s  ✅  Josué 7
10:51:41 BLOC_D_SERIE_DU_JOUR              5m46s      5m43s      -3s  ✅  Juges 1
10:57:24 BLOC_A_SERIE_DU_JOUR              3m29s      3m26s      -3s  ✅  Néhémie 5
11:00:50 BLOC_C_SERIE_DU_JOUR              6m27s      6m24s      -3s  ✅  Josué 8
11:07:14 BLOC_D_SERIE_DU_JOUR              4m00s      3m58s      -2s  ✅  Juges 2
11:11:12 BLOC_A_SERIE_DU_JOUR              3m23s      3m21s      -2s  ✅  Néhémie 6
11:14:33 BLOC_A_SERIE_DU_JOUR              7m22s      7m20s      -2s  ✅  2 Rois 9
11:21:53 BLOC_B_SERIE_DU_JOUR              2m59s      2m57s      -2s  ✅  Job 20
11:24:50 BLOC_D_SERIE_DU_JOUR              5m18s      5m15s      -3s  ✅  Juges 3
11:30:05 BLOC_D_SERIE_DU_JOUR              4m32s      4m30s      -2s  ✅  Juges 4
11:34:35 BLOC_D_SERIE_DU_JOUR              5m14s      5m12s      -2s  ✅  Juges 5
11:39:47 BLOC_A_SERIE_DU_JOUR              6m58s      6m55s      -3s  ✅  2 Rois 10
11:46:42 BLOC_C_SERIE_DU_JOUR              4m38s      4m36s      -2s  ✅  Josué 9
11:51:18 BLOC_C_SERIE_DU_JOUR              8m04s      8m02s      -2s  ✅  Josué 10
11:59:20 BLOC_A_SERIE_DU_JOUR              4m05s      4m02s      -3s  ✅  2 Rois 11
12:03:22 BLOC_D_SERIE_DU_JOUR              7m41s      7m38s      -3s  ✅  Juges 6
12:11:00 BLOC_B_SERIE_DU_JOUR              3m12s      3m10s      -2s  ✅  Job 21
12:14:10 BLOC_D_SERIE_DU_JOUR              0m06s      0m03s      -3s  ✅  jingle avant louange 01 place a la louange et adoration
12:14:13 BLOC_C_SERIE_DU_JOUR              4m09s      4m07s      -2s  ✅  Josué 11
12:18:20 BLOC_A_SERIE_DU_JOUR              4m08s      4m05s      -3s  ✅  2 Rois 12
12:22:25 BLOC_B_SERIE_DU_JOUR              2m37s      2m35s      -2s  ✅  Job 22
12:25:00 BLOC_C_SERIE_DU_JOUR              3m18s      3m15s      -3s  ✅  Josué 12
12:28:15 BLOC_B_SERIE_DU_JOUR              1m43s      1m40s      -3s  ✅  Job 23
12:29:55 BLOC_A_SERIE_DU_JOUR              4m37s      4m35s      -2s  ✅  2 Rois 13
12:34:30 BLOC_C_SERIE_DU_JOUR              5m11s      5m09s      -2s  ✅  Josué 13
12:39:39 BLOC_A_SERIE_DU_JOUR              2m54s      2m51s      -3s  ✅  Malachie 1
12:42:30 BLOC_B_SERIE_DU_JOUR              2m52s      2m49s      -3s  ✅  Job 24
12:45:19 BLOC_D_SERIE_DU_JOUR              7m17s      7m15s      -2s  ✅  cantique  tes promesses  pub direct dec 2021 import (2)
12:52:34 BLOC_C_SERIE_DU_JOUR              2m53s      2m51s      -2s  ✅  Josué 14
12:55:25 BLOC_B_SERIE_DU_JOUR              0m36s      1m44s     +68s  ⚠️ TROU APRÈS  Job 25
12:57:09 BLOC_C_SERIE_DU_JOUR              7m07s      7m04s      -3s  ✅  Josué 15
13:04:13 BLOC_C_SERIE_DU_JOUR              6m34s      6m32s      -2s  ✅  cantique  béni soit le dieu d israël
13:10:45 BLOC_B_SERIE_DU_JOUR              2m12s      2m09s      -3s  ✅  Job 27
13:12:54 BLOC_A_SERIE_DU_JOUR              3m17s      3m14s      -3s  ✅  Malachie 2
13:16:08 BLOC_C_SERIE_DU_JOUR              3m06s      3m04s      -2s  ✅  Romains 10
13:19:12 BLOC_D_SERIE_DU_JOUR              6m06s      6m04s      -2s  ✅  cantique  ta bonte
13:25:16 BLOC_C_SERIE_DU_JOUR              5m37s      5m34s      -3s  ✅  Romains 11
13:30:50 BLOC_A_SERIE_DU_JOUR              3m22s      3m19s      -3s  ✅  Malachie 3
13:34:09 BLOC_C_SERIE_DU_JOUR              3m06s      3m03s      -3s  ✅  Romains 12
13:37:12 BLOC_D_SERIE_DU_JOUR              9m23s      9m21s      -2s  ✅  10 minutes
13:46:33 BLOC_D_SERIE_DU_JOUR              3m22s      3m19s      -3s  ✅  Ses cheveux étaient blancs..
13:49:52 BLOC_A_SERIE_DU_JOUR              1m05s      1m03s      -2s  ✅  Malachie 4
13:50:55 BLOC_A_SERIE_DU_JOUR              3m26s      3m23s      -3s  ✅  Abdias 1
13:54:18 BLOC_D_SERIE_DU_JOUR              6m57s      6m55s      -2s  ✅  qui est digne d ouvrir le livre
14:01:13 BLOC_C_SERIE_DU_JOUR              2m36s      2m36s      +0s  ✅  Romains 13
14:03:49 BLOC_A_SERIE_DU_JOUR              2m07s      2m05s      -2s  ✅  Job 2
14:05:54 BLOC_A_SERIE_DU_JOUR              3m41s      3m38s      -3s  ✅  Job 1
14:09:32 BLOC_B_SERIE_DU_JOUR              2m20s      2m18s      -2s  ✅  Job 29
14:11:50 BLOC_B_SERIE_DU_JOUR              2m47s      2m45s      -2s  ✅  Job 28
14:14:35 BLOC_D_SERIE_DU_JOUR              6m41s      6m38s      -3s  ✅  6 minutes
14:21:13 BLOC_A_SERIE_DU_JOUR              2m26s      2m23s      -3s  ✅  Job 3
14:23:36 BLOC_C_SERIE_DU_JOUR              3m26s      3m24s      -2s  ✅  Romains 14
14:27:00 BLOC_B_SERIE_DU_JOUR              3m11s      3m09s      -2s  ✅  Job 30
14:30:09 BLOC_D_SERIE_DU_JOUR              5m28s      5m24s      -4s  ✅  même humilié
14:35:33 BLOC_B_SERIE_DU_JOUR              2m43s      2m41s      -2s  ✅  Aggée 1
14:38:14 BLOC_B_SERIE_DU_JOUR              3m58s      3m55s      -3s  ✅  Aggée 2
14:42:09 BLOC_D_SERIE_DU_JOUR              2m16s      2m14s      -2s  ✅  cantique  nous sommes le sel de la terre
14:44:23 BLOC_C_SERIE_DU_JOUR              5m12s      5m09s      -3s  ✅  Romains 15
14:49:32 BLOC_C_SERIE_DU_JOUR              3m44s      3m42s      -2s  ✅  Romains 16
14:53:14 BLOC_D_SERIE_DU_JOUR              5m13s      5m11s      -2s  ✅  Il s'appelait Emmanuel - Marcel Boungou + Paroles
14:58:25 BLOC_A_SERIE_DU_JOUR              2m27s      2m25s      -2s  ✅  Job 5
15:00:50 BLOC_A_SERIE_DU_JOUR              2m05s      2m02s      -3s  ✅  Job 4
15:02:52 BLOC_A_SERIE_DU_JOUR              2m57s      2m54s      -3s  ✅  Job 6
15:05:46 BLOC_B_SERIE_DU_JOUR              3m42s      3m40s      -2s  ✅  2 Pierre 1
15:09:26 BLOC_A_SERIE_DU_JOUR              2m21s      2m20s      -1s  ✅  Job 7
15:11:46 BLOC_D_SERIE_DU_JOUR              0m10s      0m08s      -2s  ✅  jingle avant message 01 voici le message du jour
15:11:54 BLOC_B_SERIE_DU_JOUR              3m17s      3m15s      -2s  ✅  2 Pierre 3
15:15:09 BLOC_A_SERIE_DU_JOUR              2m06s      2m03s      -3s  ✅  Job 8
15:17:12 BLOC_D_SERIE_DU_JOUR              7m40s      7m42s      +2s  ✅  Deutéronome 1
15:24:54 BLOC_C_SERIE_DU_JOUR              4m15s      4m13s      -2s  ✅  Philippiens 1
15:29:07 BLOC_C_SERIE_DU_JOUR              3m26s      3m23s      -3s  ✅  Philippiens 3
15:32:30 BLOC_D_SERIE_DU_JOUR              5m55s      5m52s      -3s  ✅  Deutéronome 2
15:38:22 BLOC_C_SERIE_DU_JOUR              3m39s      3m37s      -2s  ✅  Philippiens 4
15:41:59 BLOC_B_SERIE_DU_JOUR              4m04s      4m01s      -3s  ✅  2 Pierre 2
15:46:00 BLOC_C_SERIE_DU_JOUR              4m28s      4m26s      -2s  ✅  Philippiens 2
15:50:26 BLOC_A_SERIE_DU_JOUR              3m12s      3m09s      -3s  ✅  Job 9
15:53:35 BLOC_C_SERIE_DU_JOUR              3m42s      3m40s      -2s  ✅  2 Pierre 1
15:57:15 BLOC_B_SERIE_DU_JOUR              5m09s      5m07s      -2s  ✅  Genèse 25
16:02:22 BLOC_C_SERIE_DU_JOUR              3m17s      3m14s      -3s  ✅  2 Pierre 3
16:05:36 BLOC_C_SERIE_DU_JOUR              4m04s      4m01s      -3s  ✅  2 Pierre 2
16:09:37 BLOC_B_SERIE_DU_JOUR              5m48s      5m46s      -2s  ✅  Genèse 26
16:15:23 BLOC_C_SERIE_DU_JOUR              3m26s      3m24s      -2s  ✅  Éphésiens 1
16:18:47 BLOC_A_SERIE_DU_JOUR              9m23s      9m21s      -2s  ✅  10 minutes
16:28:08 BLOC_D_SERIE_DU_JOUR              5m07s      5m04s      -3s  ✅  Deutéronome 3
16:33:12 BLOC_A_SERIE_DU_JOUR              6m34s      6m31s      -3s  ✅  cantique  béni soit le dieu d israël
16:39:43 BLOC_D_SERIE_DU_JOUR              9m03s      9m01s      -2s  ✅  Deutéronome 4
16:48:44 BLOC_B_SERIE_DU_JOUR              8m00s      7m57s      -3s  ✅  Genèse 27
16:56:41 BLOC_C_SERIE_DU_JOUR              2m56s      2m54s      -2s  ✅  Éphésiens 3
16:59:35 BLOC_A_SERIE_DU_JOUR              6m34s      6m31s      -3s  ✅  cantique  béni soit le dieu d israël
17:06:06 BLOC_B_SERIE_DU_JOUR              3m49s      3m46s      -3s  ✅  Genèse 28
17:09:52 BLOC_A_SERIE_DU_JOUR              2m30s      2m28s      -2s  ✅  Amos 2
17:12:20 BLOC_D_SERIE_DU_JOUR              0m05s      0m03s      -2s  ✅  jingle avant louange 04 suite de la selection musicale
17:12:23 BLOC_B_SERIE_DU_JOUR              5m14s      5m11s      -3s  ✅  Genèse 29
17:17:34 BLOC_A_SERIE_DU_JOUR              2m19s      2m17s      -2s  ✅  Amos 3
17:19:51 BLOC_D_SERIE_DU_JOUR              6m34s      6m31s      -3s  ✅  cantique  béni soit le dieu d israël
17:26:22 BLOC_B_SERIE_DU_JOUR              6m56s      6m54s      -2s  ✅  Genèse 30
17:33:16 BLOC_C_SERIE_DU_JOUR              3m16s      3m13s      -3s  ✅  Éphésiens 2
17:36:29 BLOC_C_SERIE_DU_JOUR              4m53s      4m51s      -2s  ✅  Éphésiens 4
17:41:20 BLOC_B_SERIE_DU_JOUR              6m00s      5m58s      -2s  ✅  Exode 14
17:47:18 BLOC_A_SERIE_DU_JOUR              2m40s      2m37s      -3s  ✅  Amos 1
17:49:55 BLOC_C_SERIE_DU_JOUR              6m34s      6m31s      -3s  ✅  cantique  béni soit le dieu d israël
17:56:26 BLOC_B_SERIE_DU_JOUR              5m12s      5m10s      -2s  ✅  Exode 15
18:01:36 BLOC_A_SERIE_DU_JOUR              2m44s      2m41s      -3s  ✅  Amos 4
18:04:17 BLOC_D_SERIE_DU_JOUR              4m13s      4m11s      -2s  ✅  4 minutes
18:08:28 BLOC_B_SERIE_DU_JOUR              7m23s      7m21s      -2s  ✅  Exode 16
18:15:49 BLOC_C_SERIE_DU_JOUR              5m07s      5m04s      -3s  ✅  2 Rois 14
18:20:53 BLOC_A_SERIE_DU_JOUR              2m22s      2m19s      -3s  ✅  Amos 6
18:23:12 BLOC_C_SERIE_DU_JOUR              6m21s      6m19s      -2s  ✅  2 Rois 15
18:29:31 BLOC_B_SERIE_DU_JOUR              9m23s      9m20s      -3s  ✅  10 minutes
18:38:51 BLOC_D_SERIE_DU_JOUR              6m09s      6m07s      -2s  ✅  Hymne des vainqueurs
18:44:58 BLOC_A_SERIE_DU_JOUR              4m01s      3m59s      -2s  ✅  Amos 5
18:48:57 BLOC_D_SERIE_DU_JOUR              6m06s      6m04s      -2s  ✅  cantique  ta bonte
18:55:01 BLOC_C_SERIE_DU_JOUR              3m41s      3m39s      -2s  ✅  2 Rois 16
18:58:40 BLOC_B_SERIE_DU_JOUR              6m34s      6m33s      -1s  ✅  cantique  béni soit le dieu d israël
19:05:13 BLOC_C_SERIE_DU_JOUR              7m17s      7m13s      -4s  ✅  2 Rois 17
19:12:26 BLOC_B_SERIE_DU_JOUR              6m34s      6m31s      -3s  ✅  cantique  béni soit le dieu d israël
19:18:57 BLOC_C_SERIE_DU_JOUR              9m23s      9m21s      -2s  ✅  10 minutes
19:28:18 BLOC_B_SERIE_DU_JOUR              6m34s      6m31s      -3s  ✅  cantique  béni soit le dieu d israël
19:34:49 BLOC_D_SERIE_DU_JOUR              2m16s      2m13s      -3s  ✅  cantique  nous sommes le sel de la terre
19:37:02 BLOC_C_SERIE_DU_JOUR              5m19s      5m17s      -2s  ✅  Gabrielle LIDJI - Mélodie Céleste  by LFXA(Light FX Animation)_2
19:42:19 BLOC_B_SERIE_DU_JOUR              3m05s      3m03s      -2s  ✅  Amos 7
19:45:22 BLOC_D_SERIE_DU_JOUR              5m10s      5m12s      +2s  ✅  Igwe
19:50:34 BLOC_C_SERIE_DU_JOUR              3m22s      3m20s      -2s  ✅  Ses cheveux étaient blancs..
19:53:54 BLOC_D_SERIE_DU_JOUR              7m17s      7m15s      -2s  ✅  cantique  tes promesses  pub direct dec 2021 import (2)
20:01:09 BLOC_D_SERIE_DU_JOUR              9m23s      9m21s      -2s  ✅  10 minutes
20:10:30 BLOC_A_SERIE_DU_JOUR              5m19s      5m16s      -3s  ✅  Gabrielle LIDJI - Mélodie Céleste  by LFXA(Light FX Animation)_2
20:15:46 BLOC_B_SERIE_DU_JOUR              2m30s      2m28s      -2s  ✅  Amos 8
20:18:14 BLOC_B_SERIE_DU_JOUR              2m56s      2m54s      -2s  ✅  Amos 9
20:21:08 BLOC_C_SERIE_DU_JOUR              5m13s      5m11s      -2s  ✅  Il s'appelait Emmanuel - Marcel Boungou + Paroles
20:26:19 BLOC_D_SERIE_DU_JOUR              4m52s      4m50s      -2s  ✅  cantique   prends tout le contrôle
20:31:09 BLOC_D_SERIE_DU_JOUR              0m05s      0m03s      -2s  ✅  jingle avant bible 05 poursuivons notre lecture
20:31:12 BLOC_D_SERIE_DU_JOUR              7m16s      7m13s      -3s  ✅  Marc 10
20:38:25 BLOC_C_SERIE_DU_JOUR              5m13s      5m11s      -2s  ✅  Il s'appelait Emmanuel - Marcel Boungou + Paroles
20:43:36 BLOC_A_SERIE_DU_JOUR              5m19s      5m16s      -3s  ✅  Gabrielle LIDJI - Mélodie Céleste  by LFXA(Light FX Animation)_2
20:48:52 BLOC_C_SERIE_DU_JOUR              5m13s      5m16s      +3s  ✅  Il s'appelait Emmanuel - Marcel Boungou + Paroles
20:54:08 BLOC_A_SERIE_DU_JOUR              3m22s      3m20s      -2s  ✅  Ses cheveux étaient blancs..
20:57:28 BLOC_D_SERIE_DU_JOUR              7m12s      7m09s      -3s  ✅  Marc 12
21:04:37 BLOC_C_SERIE_DU_JOUR              3m41s      3m39s      -2s  ✅  Adorons l'Éternel GAEL - JÉSUS EST SEIGNEUR -
21:08:16 BLOC_D_SERIE_DU_JOUR              5m09s      5m07s      -2s  ✅  Marc 13
21:13:23 BLOC_D_SERIE_DU_JOUR             10m25s     10m22s      -3s  ✅  Marc 14
21:23:45 BLOC_A_SERIE_DU_JOUR              3m22s      3m20s      -2s  ✅  Ses cheveux étaient blancs..
21:27:05 BLOC_C_SERIE_DU_JOUR              3m41s      3m39s      -2s  ✅  Adorons l'Éternel GAEL - JÉSUS EST SEIGNEUR -
21:30:44 BLOC_B_SERIE_DU_JOUR              5m19s      5m16s      -3s  ✅  Gabrielle LIDJI - Mélodie Céleste  by LFXA(Light FX Animation)_2
21:36:00 BLOC_B_SERIE_DU_JOUR              5m13s     10m22s    +309s  ⚠️ TROU APRÈS  Il s'appelait Emmanuel - Marcel Boungou + Paroles
21:46:22 BLOC_D_SERIE_DU_JOUR              2m50s      2m48s      -2s  ✅  Marc 16
21:49:10 BLOC_A_SERIE_DU_JOUR              5m13s      5m10s      -3s  ✅  Il s'appelait Emmanuel - Marcel Boungou + Paroles
21:54:20 BLOC_D_SERIE_DU_JOUR              5m51s      5m51s      +0s  ✅  Marc 15
22:00:11 BLOC_A_SERIE_DU_JOUR              5m13s      5m09s      -4s  ✅  Il s'appelait Emmanuel - Marcel Boungou + Paroles
22:05:20 BLOC_B_SERIE_DU_JOUR              3m41s     10m59s    +438s  ⚠️ TROU APRÈS  Adorons l'Éternel GAEL - JÉSUS EST SEIGNEUR -
22:16:19 BLOC_A_SERIE_DU_JOUR              6m09s      6m07s      -2s  ✅  Hymne des vainqueurs
22:22:26 BLOC_D_SERIE_DU_JOUR              3m12s      3m10s      -2s  ✅  esprit de dieu
22:25:36 BLOC_B_SERIE_DU_JOUR              5m10s     10m16s    +306s  ⚠️ TROU APRÈS  Igwe
22:35:52 BLOC_C_SERIE_DU_JOUR              6m09s     12m13s    +364s  ⚠️ TROU APRÈS  Hymne des vainqueurs
22:48:05 BLOC_B_SERIE_DU_JOUR              5m10s      5m08s      -2s  ✅  Igwe
22:53:13 BLOC_A_SERIE_DU_JOUR              6m09s      6m07s      -2s  ✅  Hymne des vainqueurs
22:59:20 BLOC_D_SERIE_DU_JOUR              5m28s      5m29s      +1s  ✅  même humilié
23:04:49 BLOC_B_SERIE_DU_JOUR              6m28s      6m25s      -3s  ✅  Le Bien-Etre Universel
23:11:14 BLOC_A_SERIE_DU_JOUR              5m10s      5m07s      -3s  ✅  Igwe
23:16:21 BLOC_A_SERIE_DU_JOUR              6m28s     19m16s    +768s  ⚠️ TROU APRÈS  Le Bien-Etre Universel
23:35:37 BLOC_C_SERIE_DU_JOUR              6m09s      6m07s      -2s  ✅  Hymne des vainqueurs
23:41:44 BLOC_B_SERIE_DU_JOUR              6m41s     13m16s    +395s  ⚠️ TROU APRÈS  6 minutes
23:55:00 BLOC_B_SERIE_DU_JOUR              4m13s          ?           ⏳ dernier titre (durée réelle inconnue)  4 minutes
----------------------------------------------------------------------------------------------------
Bilan : 198 titres, 14 anomalie(s) (titre coupé de plus de 10s ou trou d'antenne).
