Rapport de diffusion — 2026-06-18 (heures UTC)
218 titres joués | tolérance ±10s
====================================================================================================
HEURE    PLAYLIST                     FICHIER          RÉEL    ÉCART  STATUT  TITRE
----------------------------------------------------------------------------------------------------
00:01:13 BLOC_A_SERIE_DU_JOUR              6m09s      6m07s      -2s  ✅  Daniel 5
00:07:20 BLOC_A_SERIE_DU_JOUR              6m04s      6m01s      -3s  ✅  Sing Unto the Lord a new Song  - Winnipeg Fellowship
00:13:21 BLOC_A_SERIE_DU_JOUR              8m58s      8m55s      -3s  ✅  El Elyon - Toronto & Winnipeg HF
00:22:16 BLOC_A_SERIE_DU_JOUR              8m24s      8m22s      -2s  ✅  Bless Ye the Lord - PHF
00:30:38 BLOC_A_SERIE_DU_JOUR              5m48s      5m45s      -3s  ✅  Forever You Reign - Abuja HF
00:36:23 BLOC_A_SERIE_DU_JOUR              9m38s      9m36s      -2s  ✅  Holy are You oh Lord (Olaedo Uzoma & Vincent Opara)
00:45:59 BLOC_A_SERIE_DU_JOUR              5m33s      5m30s      -3s  ✅  He Shall Feed His Flock - I Want to walk  - Ketu HF
00:51:29 BLOC_A_SERIE_DU_JOUR              4m15s      4m13s      -2s  ✅  Philippiens 1
00:55:42 BLOC_A_SERIE_DU_JOUR              4m28s      4m27s      -1s  ✅  Philippiens 2
01:00:09 BLOC_A_SERIE_DU_JOUR              3m26s      3m21s      -5s  ✅  Philippiens 3
01:03:30 BLOC_A_SERIE_DU_JOUR              3m39s      3m37s      -2s  ✅  Philippiens 4
01:07:07 BLOC_A_SERIE_DU_JOUR              4m24s      4m21s      -3s  ✅  Matthieu 20
01:11:28 BLOC_A_SERIE_DU_JOUR              4m20s      4m18s      -2s  ✅  There's A Mighty River Flowing - SWBN TV
01:15:46 BLOC_A_SERIE_DU_JOUR              5m52s      5m49s      -3s  ✅  Where Two or Three are Gathered - Calabar HF
01:21:35 BLOC_A_SERIE_DU_JOUR              5m21s      5m18s      -3s  ✅  We Shall Not Fear - Nonso Njoku
01:26:53 BLOC_A_SERIE_DU_JOUR              8m10s      8m08s      -2s  ✅  Agunechemba - SWBN TV
01:35:01 BLOC_A_SERIE_DU_JOUR              2m54s      2m51s      -3s  ✅  Malachie 1
01:37:52 BLOC_A_SERIE_DU_JOUR              3m17s      3m14s      -3s  ✅  Malachie 2
01:41:06 BLOC_A_SERIE_DU_JOUR              3m22s      3m19s      -3s  ✅  Malachie 3
01:44:25 BLOC_A_SERIE_DU_JOUR              1m05s      1m02s      -3s  ✅  Malachie 4
01:45:27 BLOC_A_SERIE_DU_JOUR              3m41s      3m44s      +3s  ✅  Adorons l'Éternel GAEL - JÉSUS EST SEIGNEUR -
01:49:11 BLOC_C_SERIE_DU_JOUR             24m49s     24m47s      -2s  ✅  la moisson 5 adé
02:13:58 BLOC_A_SERIE_DU_JOUR              6m28s      6m25s      -3s  ✅  Le Bien-Etre Universel
02:20:23 BLOC_A_SERIE_DU_JOUR           1h12m03s   1h12m01s      -2s  ✅  nous faire part 1
03:32:24 BLOC_A_SERIE_DU_JOUR              3m17s      3m15s      -2s  ✅  Galates 1
03:35:39 BLOC_A_SERIE_DU_JOUR              4m08s      4m06s      -2s  ✅  Galates 2
03:39:45 BLOC_A_SERIE_DU_JOUR              4m50s      4m47s      -3s  ✅  Galates 3
03:44:32 BLOC_A_SERIE_DU_JOUR              4m30s      4m28s      -2s  ✅  Galates 4
03:49:00 BLOC_A_SERIE_DU_JOUR              4m04s      4m01s      -3s  ✅  Galates 5
03:53:01 BLOC_A_SERIE_DU_JOUR              2m46s      2m44s      -2s  ✅  Galates 6
03:55:45 BLOC_A_SERIE_DU_JOUR              2m04s      2m01s      -3s  ✅  Osée 1
03:57:46 BLOC_A_SERIE_DU_JOUR              3m29s      3m27s      -2s  ✅  Osée 2
04:01:13 BLOC_A_SERIE_DU_JOUR              0m57s      0m55s      -2s  ✅  Osée 3
04:02:08 BLOC_A_SERIE_DU_JOUR              2m56s      2m53s      -3s  ✅  Osée 4
04:05:01 BLOC_A_SERIE_DU_JOUR              2m24s      2m21s      -3s  ✅  Osée 5
04:07:22 BLOC_A_SERIE_DU_JOUR              4m03s      4m01s      -2s  ✅  I Will Not Be Silent - Calabar HF
04:11:23 BLOC_A_SERIE_DU_JOUR              6m02s      6m00s      -2s  ✅  Satisfy My Soul - Calabar HF
04:17:23 BLOC_A_SERIE_DU_JOUR              3m50s      3m47s      -3s  ✅  Apocalypse 9
04:21:10 BLOC_A_SERIE_DU_JOUR              2m14s      2m11s      -3s  ✅  Apocalypse 10
04:23:21 BLOC_A_SERIE_DU_JOUR              3m52s      3m50s      -2s  ✅  Apocalypse 11
04:27:11 BLOC_A_SERIE_DU_JOUR              3m22s      3m19s      -3s  ✅  Apocalypse 12
04:30:30 BLOC_A_SERIE_DU_JOUR              3m32s      3m30s      -2s  ✅  Apocalypse 13
04:34:00 BLOC_A_SERIE_DU_JOUR              4m26s      4m23s      -3s  ✅  Apocalypse 14
04:38:23 BLOC_A_SERIE_DU_JOUR              1m38s      1m35s      -3s  ✅  Apocalypse 15
04:39:58 BLOC_A_SERIE_DU_JOUR              3m30s      3m28s      -2s  ✅  Apocalypse 16
04:43:26 BLOC_A_SERIE_DU_JOUR              4m13s      4m10s      -3s  ✅  4 minutes
04:47:36 BLOC_A_SERIE_DU_JOUR              4m11s      4m08s      -3s  ✅  jai donné ma vie à jésus (1)
04:51:44 BLOC_A_SERIE_DU_JOUR              4m06s      4m04s      -2s  ✅  2 Samuel 1
04:55:48 BLOC_A_SERIE_DU_JOUR              5m12s      5m09s      -3s  ✅  2 Samuel 2
05:00:57 BLOC_A_SERIE_DU_JOUR              6m36s      6m34s      -2s  ✅  2 Samuel 3
05:07:31 BLOC_A_SERIE_DU_JOUR              2m27s      2m25s      -2s  ✅  2 Samuel 4
05:09:56 BLOC_A_SERIE_DU_JOUR              3m45s      3m42s      -3s  ✅  2 Samuel 5
05:13:38 BLOC_A_SERIE_DU_JOUR              3m55s      3m52s      -3s  ✅  2 Samuel 6
05:17:30 BLOC_A_SERIE_DU_JOUR              4m44s      4m42s      -2s  ✅  2 Samuel 7
05:22:12 BLOC_A_SERIE_DU_JOUR              2m52s      2m50s      -2s  ✅  2 Samuel 8
05:25:02 BLOC_A_SERIE_DU_JOUR              2m23s      2m20s      -3s  ✅  2 Samuel 9
05:27:22 BLOC_A_SERIE_DU_JOUR              9m38s      9m35s      -3s  ✅  Holy are You oh Lord (Olaedo Uzoma & Vincent Opara)
05:36:57 BLOC_A_SERIE_DU_JOUR              6m12s      6m10s      -2s  ✅  The King is Here (Abasiama Timothy)
05:43:07 BLOC_A_SERIE_DU_JOUR              2m12s      2m10s      -2s  ✅  2 Thessaloniciens 1
05:45:17 BLOC_A_SERIE_DU_JOUR              2m47s      2m43s      -4s  ✅  2 Thessaloniciens 2
05:48:00 BLOC_A_SERIE_DU_JOUR              2m35s      2m33s      -2s  ✅  2 Thessaloniciens 3
05:50:33 BLOC_A_SERIE_DU_JOUR              4m45s      4m42s      -3s  ✅  Romains 1
05:55:15 BLOC_A_SERIE_DU_JOUR              3m58s      3m56s      -2s  ✅  Romains 2
05:59:11 BLOC_A_SERIE_DU_JOUR           1h12m03s   2h24m01s   +4318s  ⚠️ TROU APRÈS  nous faire part 1
08:23:12 BLOC_B_SERIE_DU_JOUR              1m55s      1m52s      -3s  ✅  Esdras 1
08:25:04 BLOC_B_SERIE_DU_JOUR              6m11s      6m09s      -2s  ✅  Esdras 2
08:31:13 BLOC_B_SERIE_DU_JOUR              2m56s      2m53s      -3s  ✅  Esdras 3
08:34:06 BLOC_B_SERIE_DU_JOUR              4m24s      4m22s      -2s  ✅  Esdras 4
08:38:28 BLOC_B_SERIE_DU_JOUR              3m08s      3m05s      -3s  ✅  Esdras 5
08:41:33 BLOC_B_SERIE_DU_JOUR              4m12s      4m10s      -2s  ✅  Esdras 6
08:45:43 BLOC_B_SERIE_DU_JOUR              4m34s      4m32s      -2s  ✅  Esdras 7
08:50:15 BLOC_B_SERIE_DU_JOUR              5m42s      5m39s      -3s  ✅  Esdras 8
08:55:54 BLOC_B_SERIE_DU_JOUR              4m12s      4m10s      -2s  ✅  Éphésiens 5
09:00:04 BLOC_B_SERIE_DU_JOUR              3m21s      3m18s      -3s  ✅  Éphésiens 6
09:03:22 BLOC_B_SERIE_DU_JOUR             10m47s     10m45s      -2s  ✅  Abba, Singing a, I Will Sing - Ketu HF
09:14:07 BLOC_B_SERIE_DU_JOUR              8m12s      8m09s      -3s  ✅  Jesus is Alpha - PHF
09:22:16 BLOC_B_SERIE_DU_JOUR              5m10s      5m08s      -2s  ✅  I Will Call Upon The Lord
09:27:24 BLOC_B_SERIE_DU_JOUR              3m11s      3m09s      -2s  ✅  Proverbes 8
09:30:33 BLOC_B_SERIE_DU_JOUR              1m36s      1m32s      -4s  ✅  Proverbes 9
09:32:05 BLOC_B_SERIE_DU_JOUR              3m14s      3m12s      -2s  ✅  Proverbes 10
09:35:17 BLOC_B_SERIE_DU_JOUR              3m12s      3m10s      -2s  ✅  Proverbes 11
09:38:27 BLOC_B_SERIE_DU_JOUR              2m57s      2m55s      -2s  ✅  Proverbes 12
09:41:22 BLOC_B_SERIE_DU_JOUR              2m40s      2m37s      -3s  ✅  Proverbes 13
09:43:59 BLOC_B_SERIE_DU_JOUR              3m35s      3m33s      -2s  ✅  Proverbes 14
09:47:32 BLOC_B_SERIE_DU_JOUR              3m26s      3m23s      -3s  ✅  Proverbes 15
09:50:55 BLOC_B_SERIE_DU_JOUR              3m18s      3m16s      -2s  ✅  Proverbes 16
09:54:11 BLOC_B_SERIE_DU_JOUR              6m28s      6m26s      -2s  ✅  Le Bien-Etre Universel
10:00:37 BLOC_B_SERIE_DU_JOUR              2m20s      2m16s      -4s  ✅  cantique  heureux l homme qui ne marche pas selon
10:02:53 BLOC_B_SERIE_DU_JOUR              8m21s      8m19s      -2s  ✅  My Heart Rejoices - Toronto HF
10:11:12 BLOC_B_SERIE_DU_JOUR              5m21s      5m18s      -3s  ✅  We Shall Not Fear - Nonso Njoku
10:16:30 BLOC_B_SERIE_DU_JOUR              3m42s      3m40s      -2s  ✅  2 Pierre 1
10:20:10 BLOC_B_SERIE_DU_JOUR              4m04s      4m01s      -3s  ✅  2 Pierre 2
10:24:11 BLOC_B_SERIE_DU_JOUR              3m17s      3m14s      -3s  ✅  2 Pierre 3
10:27:25 BLOC_B_SERIE_DU_JOUR              3m57s      3m54s      -3s  ✅  Jacques 1
10:31:19 BLOC_B_SERIE_DU_JOUR              3m51s      3m51s      +0s  ✅  Jacques 2
10:35:10 BLOC_B_SERIE_DU_JOUR              2m56s      2m51s      -5s  ✅  Jacques 3
10:38:01 BLOC_B_SERIE_DU_JOUR              2m47s      2m44s      -3s  ✅  Jacques 4
10:40:45 BLOC_B_SERIE_DU_JOUR              3m28s      3m25s      -3s  ✅  Jacques 5
10:44:10 BLOC_B_SERIE_DU_JOUR              2m43s      2m40s      -3s  ✅  Aggée 1
10:46:50 BLOC_B_SERIE_DU_JOUR              3m58s      3m56s      -2s  ✅  Aggée 2
10:50:46 BLOC_B_SERIE_DU_JOUR              3m20s      3m18s      -2s  ✅  Josué 1
10:54:04 BLOC_B_SERIE_DU_JOUR              8m31s      8m28s      -3s  ✅  Holy Holy - Abuja HF
11:02:32 BLOC_B_SERIE_DU_JOUR              5m50s      5m48s      -2s  ✅  Jesus I'm Waiting for You (Mary Umoh)
11:08:20 BLOC_B_SERIE_DU_JOUR              5m21s      5m19s      -2s  ✅  By the word of the lord - Ketu HF
11:13:39 BLOC_B_SERIE_DU_JOUR              6m02s      6m00s      -2s  ✅  Rejoice - PHF
11:19:39 BLOC_B_SERIE_DU_JOUR              4m08s      4m05s      -3s  ✅  I Choose the Way of the Lord - Abuja HF
11:23:44 BLOC_B_SERIE_DU_JOUR              3m45s      3m42s      -3s  ✅  Apocalypse 17
11:27:26 BLOC_B_SERIE_DU_JOUR              5m15s      5m13s      -2s  ✅  Apocalypse 18
11:32:39 BLOC_B_SERIE_DU_JOUR              4m03s      4m00s      -3s  ✅  Apocalypse 19
11:36:39 BLOC_B_SERIE_DU_JOUR              3m06s      3m04s      -2s  ✅  Apocalypse 20
11:39:43 BLOC_B_SERIE_DU_JOUR              5m43s      5m40s      -3s  ✅  Cantique l Éternel est mon Berger (1)
11:45:23 BLOC_B_SERIE_DU_JOUR              5m52s      5m50s      -2s  ✅  Not Naked (Abasiama Timothy)
11:51:13 BLOC_B_SERIE_DU_JOUR              7m19s      7m16s      -3s  ✅  You Have sworn By Your Holiness - Chidera Bisong
11:58:29 BLOC_B_SERIE_DU_JOUR              3m22s      3m20s      -2s  ✅  Ses cheveux étaient blancs..
12:01:49 BLOC_C_SERIE_DU_JOUR           1h12m03s   1h12m01s      -2s  ✅  nous faire part 1
13:13:50 BLOC_C_SERIE_DU_JOUR              2m40s      2m37s      -3s  ✅  Amos 1
13:16:27 BLOC_C_SERIE_DU_JOUR              2m30s      2m28s      -2s  ✅  Amos 2
13:18:55 BLOC_C_SERIE_DU_JOUR              2m19s      2m17s      -2s  ✅  Amos 3
13:21:12 BLOC_C_SERIE_DU_JOUR              2m44s      2m41s      -3s  ✅  Amos 4
13:23:53 BLOC_C_SERIE_DU_JOUR              4m01s      3m58s      -3s  ✅  Amos 5
13:27:51 BLOC_C_SERIE_DU_JOUR              2m22s      2m21s      -1s  ✅  Amos 6
13:30:12 BLOC_C_SERIE_DU_JOUR              3m05s      3m01s      -4s  ✅  Amos 7
13:33:13 BLOC_C_SERIE_DU_JOUR              3m26s      3m23s      -3s  ✅  Abdias 1
13:36:36 BLOC_C_SERIE_DU_JOUR              3m46s      3m45s      -1s  ✅  Colossiens 2
13:40:21 BLOC_C_SERIE_DU_JOUR              3m44s      3m40s      -4s  ✅  Colossiens 3
13:44:01 BLOC_C_SERIE_DU_JOUR              2m56s      2m54s      -2s  ✅  Colossiens 4
13:46:55 BLOC_C_SERIE_DU_JOUR              0m33s      0m31s      -2s  ✅  Esther 10
13:47:26 BLOC_C_SERIE_DU_JOUR              1m49s      1m47s      -2s  ✅  1 Thessaloniciens 1
13:49:13 BLOC_C_SERIE_DU_JOUR              3m29s      3m26s      -3s  ✅  1 Thessaloniciens 2
13:52:39 BLOC_C_SERIE_DU_JOUR              2m13s      2m10s      -3s  ✅  1 Thessaloniciens 3
13:54:49 BLOC_C_SERIE_DU_JOUR              3m03s      3m01s      -2s  ✅  1 Thessaloniciens 4
13:57:50 BLOC_C_SERIE_DU_JOUR              5m28s      5m25s      -3s  ✅  même humilié
14:03:15 BLOC_C_SERIE_DU_JOUR             10m35s     10m33s      -2s  ✅  Baruch Ha'ba B'Shem Adonai/Blessed Is He Who Comes in the Name of the Lord - Port Harcourt HF
14:13:48 BLOC_C_SERIE_DU_JOUR              8m58s      8m55s      -3s  ✅  El Elyon - Toronto & Winnipeg HF
14:22:43 BLOC_C_SERIE_DU_JOUR              4m33s      4m31s      -2s  ✅  God is Building - Will You Be - Ketu HF
14:27:14 BLOC_C_SERIE_DU_JOUR              5m19s      5m16s      -3s  ✅  Gabrielle LIDJI - Mélodie Céleste  by LFXA(Light FX Animation)_2
14:32:30 BLOC_C_SERIE_DU_JOUR              4m52s      4m50s      -2s  ✅  cantique   prends tout le contrôle
14:37:20 BLOC_C_SERIE_DU_JOUR              6m02s      5m59s      -3s  ✅  Crown Him Lord of Lords - Nonso Njoku
14:43:19 BLOC_C_SERIE_DU_JOUR              3m42s      3m40s      -2s  ✅  2 Pierre 1
14:46:59 BLOC_C_SERIE_DU_JOUR              4m04s      4m01s      -3s  ✅  2 Pierre 2
14:51:00 BLOC_C_SERIE_DU_JOUR              3m17s      3m15s      -2s  ✅  2 Pierre 3
14:54:15 BLOC_C_SERIE_DU_JOUR              2m35s      2m32s      -3s  ✅  2 Chroniques 3
14:56:47 BLOC_C_SERIE_DU_JOUR              3m07s      3m04s      -3s  ✅  2 Chroniques 4
14:59:51 BLOC_C_SERIE_DU_JOUR              2m35s      2m33s      -2s  ✅  2 Chroniques 5
15:02:24 BLOC_C_SERIE_DU_JOUR              7m55s      7m54s      -1s  ✅  2 Chroniques 6
15:10:18 BLOC_C_SERIE_DU_JOUR              9m43s      9m39s      -4s  ✅  Thy Throne Oh Lord - Ketu HF
15:19:57 BLOC_C_SERIE_DU_JOUR              6m19s      6m16s      -3s  ✅  Unto Him - CHF
15:26:13 BLOC_C_SERIE_DU_JOUR              5m10s      5m08s      -2s  ✅  Igwe
15:31:21 BLOC_C_SERIE_DU_JOUR              8m30s      8m29s      -1s  ✅  We Worship Adonai - PHF
15:39:50 BLOC_B_SERIE_DU_JOUR           1h12m03s   1h12m01s      -2s  ✅  nous faire part 1
16:51:51 BLOC_C_SERIE_DU_JOUR              2m05s      2m03s      -2s  ✅  3 Jean 1
16:53:54 BLOC_C_SERIE_DU_JOUR              2m59s      2m56s      -3s  ✅  Philémon 1
16:56:50 BLOC_C_SERIE_DU_JOUR              4m37s      4m35s      -2s  ✅  1 Corinthiens 1
17:01:25 BLOC_C_SERIE_DU_JOUR              2m43s      2m40s      -3s  ✅  1 Corinthiens 2
17:04:05 BLOC_C_SERIE_DU_JOUR              3m26s      3m24s      -2s  ✅  1 Corinthiens 3
17:07:29 BLOC_C_SERIE_DU_JOUR              3m40s      3m38s      -2s  ✅  1 Corinthiens 4
17:11:07 BLOC_C_SERIE_DU_JOUR              2m17s      2m14s      -3s  ✅  1 Corinthiens 5
17:13:21 BLOC_C_SERIE_DU_JOUR              3m19s      3m16s      -3s  ✅  1 Corinthiens 6
17:16:37 BLOC_C_SERIE_DU_JOUR              6m29s      6m27s      -2s  ✅  1 Corinthiens 7
17:23:04 BLOC_C_SERIE_DU_JOUR              2m04s      2m01s      -3s  ✅  1 Corinthiens 8
17:25:05 BLOC_C_SERIE_DU_JOUR              4m09s      4m08s      -1s  ✅  1 Corinthiens 9
17:29:13 BLOC_C_SERIE_DU_JOUR              6m59s      6m55s      -4s  ✅  Hosanna - Toronto HF
17:36:08 BLOC_C_SERIE_DU_JOUR              3m10s      3m10s      +0s  ✅  la Parole
17:39:18 BLOC_C_SERIE_DU_JOUR              6m06s      6m04s      -2s  ✅  cantique  ta bonte
17:45:22 BLOC_C_SERIE_DU_JOUR              6m09s      6m07s      -2s  ✅  Hymne des vainqueurs
17:51:29 BLOC_C_SERIE_DU_JOUR              5m02s      5m00s      -2s  ✅  A Song Of Love
17:56:29 BLOC_C_SERIE_DU_JOUR              4m48s      4m46s      -2s  ✅  Yeshua I'm Waiting for You  - Ketu HF
18:01:15 BLOC_D_SERIE_DU_JOUR              0m08s      0m08s      +0s  ✅  jingle avant message 02 enseignement parole de dieu
18:01:23 BLOC_D_SERIE_DU_JOUR           1h12m03s   1h12m03s      +0s  ✅  nous faire part 1
19:13:26 BLOC_C_SERIE_DU_JOUR           1h12m03s   1h12m01s      -2s  ✅  nous faire part 1
20:25:27 BLOC_D_SERIE_DU_JOUR              2m59s      2m56s      -3s  ✅  Philémon 1
20:28:23 BLOC_D_SERIE_DU_JOUR              4m20s      4m17s      -3s  ✅  2 Corinthiens 1
20:32:40 BLOC_D_SERIE_DU_JOUR              2m49s      2m47s      -2s  ✅  2 Corinthiens 2
20:35:27 BLOC_D_SERIE_DU_JOUR              3m02s      3m00s      -2s  ✅  2 Corinthiens 3
20:38:27 BLOC_D_SERIE_DU_JOUR              3m24s      3m21s      -3s  ✅  2 Corinthiens 4
20:41:48 BLOC_D_SERIE_DU_JOUR              3m29s      3m27s      -2s  ✅  2 Corinthiens 5
20:45:15 BLOC_D_SERIE_DU_JOUR              3m03s      3m01s      -2s  ✅  2 Corinthiens 6
20:48:16 BLOC_D_SERIE_DU_JOUR              3m38s      3m35s      -3s  ✅  2 Corinthiens 7
20:51:51 BLOC_D_SERIE_DU_JOUR              4m06s      4m04s      -2s  ✅  2 Corinthiens 8
20:55:55 BLOC_D_SERIE_DU_JOUR              2m53s      2m51s      -2s  ✅  2 Corinthiens 9
20:58:46 BLOC_D_SERIE_DU_JOUR              3m24s      3m21s      -3s  ✅  2 Corinthiens 10
21:02:07 BLOC_D_SERIE_DU_JOUR              5m26s      5m24s      -2s  ✅  2 Corinthiens 11
21:07:31 BLOC_D_SERIE_DU_JOUR              4m28s      4m25s      -3s  ✅  2 Corinthiens 12
21:11:56 BLOC_D_SERIE_DU_JOUR              2m25s      2m22s      -3s  ✅  2 Corinthiens 13
21:14:18 BLOC_D_SERIE_DU_JOUR              0m06s      0m06s      +0s  ✅  jingle avant louange 01 place a la louange et adoration
21:14:24 BLOC_D_SERIE_DU_JOUR              6m34s      6m32s      -2s  ✅  cantique  béni soit le dieu d israël
21:20:56 BLOC_D_SERIE_DU_JOUR              3m12s      3m10s      -2s  ✅  esprit de dieu
21:24:06 BLOC_D_SERIE_DU_JOUR              4m21s      4m18s      -3s  ✅  Sing Hallelujah - Abuja HF
21:28:24 BLOC_D_SERIE_DU_JOUR              2m57s      2m55s      -2s  ✅  You Are the Captain of the Host - Toronto HF
21:31:19 BLOC_D_SERIE_DU_JOUR              0m07s      0m05s      -2s  ✅  Parole Prophétique FM
21:31:24 BLOC_D_SERIE_DU_JOUR              8m10s      8m08s      -2s  ✅  Agunechemba - SWBN TV
21:39:32 BLOC_D_SERIE_DU_JOUR              5m52s      5m49s      -3s  ✅  Where Two or Three are Gathered - Calabar HF
21:45:21 BLOC_D_SERIE_DU_JOUR              5m04s      5m02s      -2s  ✅  Guide Me - El ELyon - Abuja HF
21:50:23 BLOC_D_SERIE_DU_JOUR              6m56s      6m54s      -2s  ✅  As We Worship In Ypur Presence
21:57:17 BLOC_D_SERIE_DU_JOUR              8m18s      8m15s      -3s  ✅  Yahweh Is Mighty - SWBN TV
22:05:32 BLOC_D_SERIE_DU_JOUR              0m07s      0m07s      +0s  ✅  jingle avant bible 02 voici la lecture de la bible
22:05:39 BLOC_D_SERIE_DU_JOUR              3m20s      3m18s      -2s  ✅  2 Samuel 10
22:08:57 BLOC_D_SERIE_DU_JOUR              4m43s      4m41s      -2s  ✅  2 Samuel 11
22:13:38 BLOC_D_SERIE_DU_JOUR              5m45s      5m42s      -3s  ✅  2 Samuel 12
22:19:20 BLOC_D_SERIE_DU_JOUR              7m03s      7m00s      -3s  ✅  2 Samuel 13
22:26:20 BLOC_D_SERIE_DU_JOUR              6m10s      6m08s      -2s  ✅  2 Samuel 14
22:32:28 BLOC_D_SERIE_DU_JOUR              0m04s      0m05s      +1s  ✅  jingle avant louange 03 continuons dans la louange
22:32:33 BLOC_D_SERIE_DU_JOUR              5m08s      5m06s      -2s  ✅  He Has Given Me - PHF
22:37:39 BLOC_D_SERIE_DU_JOUR             10m38s     10m35s      -3s  ✅  Be Exalted - PHF
22:48:14 BLOC_D_SERIE_DU_JOUR              7m17s      7m15s      -2s  ✅  cantique  tes promesses  pub direct dec 2021 import (2)
22:55:29 BLOC_D_SERIE_DU_JOUR              7m29s      7m27s      -2s  ✅  Hallelujah - PHF
23:02:56 BLOC_D_SERIE_DU_JOUR              7m09s      7m06s      -3s  ✅  There is A Mighty River Flowing - Ketu HF
23:10:02 BLOC_D_SERIE_DU_JOUR              9m24s      9m21s      -3s  ✅  I See Your Face - Toronto HF
23:19:23 BLOC_D_SERIE_DU_JOUR             11m53s     11m51s      -2s  ✅  Hashem - PHF
23:31:14 BLOC_D_SERIE_DU_JOUR              0m06s      0m06s      +0s  ✅  jingle avant bible 03 ecoutez la voix de dieu
23:31:20 BLOC_D_SERIE_DU_JOUR              2m43s      2m41s      -2s  ✅  Tite 1
23:34:01 BLOC_D_SERIE_DU_JOUR              2m10s      2m07s      -3s  ✅  Tite 2
23:36:08 BLOC_D_SERIE_DU_JOUR              2m22s      2m19s      -3s  ✅  Tite 3
23:38:27 BLOC_D_SERIE_DU_JOUR              6m49s      6m48s      -1s  ✅  1 Samuel 20
23:45:15 BLOC_D_SERIE_DU_JOUR              2m33s      2m30s      -3s  ✅  1 Samuel 21
23:47:45 BLOC_D_SERIE_DU_JOUR              4m12s      4m09s      -3s  ✅  1 Samuel 22
23:51:54 BLOC_D_SERIE_DU_JOUR              4m39s      4m37s      -2s  ✅  1 Samuel 23
23:56:31 BLOC_D_SERIE_DU_JOUR              3m34s          ?           ⏳ dernier titre (durée réelle inconnue)  1 Samuel 24
----------------------------------------------------------------------------------------------------
Bilan : 218 titres, 1 anomalie(s) (titre coupé de plus de 10s ou trou d'antenne).
