====================================================================================================
MONITEUR RADIO — 2026-09-10 (synthèse des 3 rapports + plan, heures UTC)
====================================================================================================
État : ❌ incident(s) détecté(s)  ·  diffusion : 1 coupure(s)/trou(s), 0 double(s) message  ·  serveur : 0 incident(s)
ATTENDU (sans effet à l'antenne, hors verdict) : 199 événement(s) serveur pendant la rotation (23h30-23h40) et le reset de minuit (00h00-00h03) · 1 titre(s) tronqué(s) par le redémarrage de minuit
SERVEUR : aucun incident hors fenêtres planifiées (ni crash, ni échec réseau, ni silence) ✅
   ↳ attendu, hors verdict : 00:01 🌐 échec réseau AzuraCast/Liquidsoap (×2) · 00:01 🔇 bascule sur jingle d'erreur (silence potentiel) (×2) · 23:32 🌐 échec réseau AzuraCast/Liquidsoap (×195)
RESET MINUIT : restart confirmé vers 00:02:09 · 3 contrôle(s) · file saine ✅
INCIDENTS CORRÉLÉS (anomalie de diffusion ↔ cause serveur probable) :
   00:01:38  TROU 95s « jingle avant message 05 vous etes a lecoute de levangile du royaume »
          ↳ cause probable 00:01:33 : 🔇 bascule sur jingle d'erreur (silence potentiel)
(Détail titre par titre, contrôles approfondis et RÉEL vs PRÉVU ci-dessous.)
Rapport de diffusion — 2026-09-10 (heures UTC)
312 titres joués | tolérance ±10s
====================================================================================================
HEURE    PLAYLIST                     FICHIER          RÉEL    ÉCART  STATUT  TITRE
----------------------------------------------------------------------------------------------------
00:01:38 BLOC_A_SERIE_DU_JOUR              0m11s      1m46s     +95s  ⚠️ TROU APRÈS  jingle avant message 05 vous etes a lecoute de levangile du royaume
00:03:24 BLOC_A_SERIE_DU_JOUR              9m42s      9m47s      +5s  ✅  2020 tian le pardon 5
00:13:11 BLOC_A_SERIE_DU_JOUR              2m12s      2m09s      -3s  ✅  2 Thessaloniciens 1
00:15:20 BLOC_A_SERIE_DU_JOUR              2m47s      2m45s      -2s  ✅  2 Thessaloniciens 2
00:18:05 BLOC_A_SERIE_DU_JOUR              2m35s      2m32s      -3s  ✅  2 Thessaloniciens 3
00:20:37 BLOC_A_SERIE_DU_JOUR              3m41s      3m39s      -2s  ✅  2 Rois 16
00:24:16 BLOC_A_SERIE_DU_JOUR              7m17s      7m15s      -2s  ✅  2 Rois 17
00:31:31 BLOC_A_SERIE_DU_JOUR              7m15s      7m12s      -3s  ✅  2 Rois 18
00:38:43 BLOC_A_SERIE_DU_JOUR              7m03s      7m01s      -2s  ✅  2 Rois 19
00:45:44 BLOC_A_SERIE_DU_JOUR              4m05s      4m03s      -2s  ✅  2 Rois 20
00:49:47 BLOC_A_SERIE_DU_JOUR              4m11s      4m08s      -3s  ✅  2 Rois 21
00:53:55 BLOC_A_SERIE_DU_JOUR              4m02s      3m59s      -3s  ✅  2 Rois 22
00:57:54 BLOC_A_SERIE_DU_JOUR              7m51s      7m49s      -2s  ✅  2 Rois 23
01:05:43 BLOC_A_SERIE_DU_JOUR              3m25s      3m22s      -3s  ✅  2 Rois 24
01:09:05 BLOC_A_SERIE_DU_JOUR              5m32s      5m30s      -2s  ✅  2 Rois 25
01:14:35 BLOC_A_SERIE_DU_JOUR              0m11s      0m08s      -3s  ✅  jingle avant louange 05 elevons nos coeurs vers dieu
01:14:43 BLOC_A_SERIE_DU_JOUR              8m10s      8m08s      -2s  ✅  Agunechemba - SWBN TV
01:22:51 BLOC_A_SERIE_DU_JOUR              3m19s      3m16s      -3s  ✅  Awaken My Heart
01:26:07 BLOC_A_SERIE_DU_JOUR              5m57s      5m54s      -3s  ✅  You are God - Winnipeg Fellowship
01:32:01 BLOC_A_SERIE_DU_JOUR              5m10s      5m08s      -2s  ✅  I Will Call Upon The Lord
01:37:09 BLOC_A_SERIE_DU_JOUR             10m24s     10m21s      -3s  ✅  Shine in Darkness O Lord  - Winnipeg Fellowship
01:47:30 BLOC_A_SERIE_DU_JOUR             11m53s     11m50s      -3s  ✅  Hashem - PHF
01:59:20 BLOC_A_SERIE_DU_JOUR              7m09s      7m07s      -2s  ✅  There is A Mighty River Flowing - Ketu HF
02:06:27 BLOC_A_SERIE_DU_JOUR              5m19s      5m16s      -3s  ✅  Gabrielle LIDJI - Mélodie Céleste  by LFXA(Light FX Animation)_2
02:11:43 BLOC_A_SERIE_DU_JOUR              8m10s      8m08s      -2s  ✅  Great and Marvellous - Ketu HF
02:19:51 BLOC_A_SERIE_DU_JOUR              0m09s      0m06s      -3s  ✅  jingle avant bible 08 prenons un moment pour ecouter la parole
02:19:57 BLOC_A_SERIE_DU_JOUR              2m40s      2m38s      -2s  ✅  Amos 1
02:22:35 BLOC_A_SERIE_DU_JOUR              2m30s      2m28s      -2s  ✅  Amos 2
02:25:03 BLOC_A_SERIE_DU_JOUR              2m19s      2m16s      -3s  ✅  Amos 3
02:27:19 BLOC_A_SERIE_DU_JOUR              2m44s      2m41s      -3s  ✅  Amos 4
02:30:00 BLOC_A_SERIE_DU_JOUR              4m01s      3m59s      -2s  ✅  Amos 5
02:33:59 BLOC_A_SERIE_DU_JOUR              2m22s      2m19s      -3s  ✅  Amos 6
02:36:18 BLOC_A_SERIE_DU_JOUR              3m05s      3m03s      -2s  ✅  Amos 7
02:39:21 BLOC_A_SERIE_DU_JOUR              2m30s      2m27s      -3s  ✅  Amos 8
02:41:48 BLOC_A_SERIE_DU_JOUR              2m56s      2m54s      -2s  ✅  Amos 9
02:44:42 BLOC_A_SERIE_DU_JOUR              3m07s      3m05s      -2s  ✅  2 Chroniques 1
02:47:47 BLOC_A_SERIE_DU_JOUR              3m38s      3m35s      -3s  ✅  2 Chroniques 2
02:51:22 BLOC_A_SERIE_DU_JOUR              0m13s      0m11s      -2s  ✅  jingle avant louange 07 voici un temps de louange
02:51:33 BLOC_A_SERIE_DU_JOUR              6m41s      6m38s      -3s  ✅  6 minutes
02:58:11 BLOC_A_SERIE_DU_JOUR              3m10s      3m07s      -3s  ✅  la Parole
03:01:18 BLOC_A_SERIE_DU_JOUR              5m08s      5m06s      -2s  ✅  He Has Given Me - PHF
03:06:24 BLOC_A_SERIE_DU_JOUR              4m14s      4m12s      -2s  ✅  Mon modèle, c est Jésus
03:10:36 BLOC_A_SERIE_DU_JOUR              6m35s      6m33s      -2s  ✅  cantique   ta lumière
03:17:09 BLOC_A_SERIE_DU_JOUR             10m35s     10m31s      -4s  ✅  Baruch Ha'ba B'Shem Adonai/Blessed Is He Who Comes in the Name of the Lord - Port Harcourt HF
03:27:40 BLOC_A_SERIE_DU_JOUR              7m21s      7m19s      -2s  ✅  For By My God - Toronto & Winnipeg HF
03:34:59 BLOC_A_SERIE_DU_JOUR              5m10s      5m08s      -2s  ✅  Igwe
03:40:07 BLOC_A_SERIE_DU_JOUR              7m20s      7m17s      -3s  ✅  The Glory -  PHF
03:47:24 BLOC_A_SERIE_DU_JOUR              5m58s      5m55s      -3s  ✅  In Jesus - PHF
03:53:19 BLOC_A_SERIE_DU_JOUR              0m13s      0m10s      -3s  ✅  jingle avant bible 07 place a la lecture de la bible
03:53:29 BLOC_A_SERIE_DU_JOUR              5m49s      5m47s      -2s  ✅  Luc 19
03:59:16 BLOC_A_SERIE_DU_JOUR              5m57s      5m56s      -1s  ✅  Luc 20
04:05:12 BLOC_A_SERIE_DU_JOUR              5m02s      4m59s      -3s  ✅  Luc 21
04:10:11 BLOC_A_SERIE_DU_JOUR              9m03s      9m00s      -3s  ✅  Luc 22
04:19:11 BLOC_A_SERIE_DU_JOUR              6m58s      6m55s      -3s  ✅  Luc 23
04:26:06 BLOC_A_SERIE_DU_JOUR              6m18s      6m16s      -2s  ✅  Luc 24
04:32:22 BLOC_A_SERIE_DU_JOUR              1m41s      1m38s      -3s  ✅  1 Chroniques 20
04:34:00 BLOC_A_SERIE_DU_JOUR              5m21s      5m19s      -2s  ✅  1 Chroniques 21
04:39:19 BLOC_A_SERIE_DU_JOUR              0m10s      0m07s      -3s  ✅  jingle avant louange 06 que la louange seleve
04:39:26 BLOC_A_SERIE_DU_JOUR              4m52s      4m51s      -1s  ✅  cantique   prends tout le contrôle
04:44:17 BLOC_A_SERIE_DU_JOUR             11m54s     11m52s      -2s  ✅  Great & Marvelluos - Toronto HF
04:56:09 BLOC_A_SERIE_DU_JOUR              5m45s      5m41s      -4s  ✅  Ella Samuels - Oh Lord Our Maker
05:01:50 BLOC_A_SERIE_DU_JOUR              4m21s      4m19s      -2s  ✅  Sing Hallelujah - Abuja HF
05:06:09 BLOC_A_SERIE_DU_JOUR              5m52s      5m49s      -3s  ✅  Where Two or Three are Gathered - Calabar HF
05:11:58 BLOC_A_SERIE_DU_JOUR              5m50s      5m47s      -3s  ✅  Jesus I'm Waiting for You (Mary Umoh)
05:17:45 BLOC_A_SERIE_DU_JOUR              6m04s      6m02s      -2s  ✅  Sing Unto the Lord a new Song  - Winnipeg Fellowship
05:23:47 BLOC_A_SERIE_DU_JOUR              6m06s      6m04s      -2s  ✅  cantique  ta bonte
05:29:51 BLOC_A_SERIE_DU_JOUR              7m04s      7m01s      -3s  ✅  We Bless You Wonderful God  - Winnipeg Fellowship
05:36:52 BLOC_A_SERIE_DU_JOUR              9m04s      9m01s      -3s  ✅  You're the Lamb - Calabar HF
05:45:53 BLOC_A_SERIE_DU_JOUR              0m09s      0m10s      +1s  ✅  JINGLE
05:46:03 BLOC_A_SERIE_DU_JOUR              4m32s      4m29s      -3s  ✅  Juges 4
05:50:32 BLOC_A_SERIE_DU_JOUR              5m14s      5m12s      -2s  ✅  Juges 5
05:55:44 BLOC_A_SERIE_DU_JOUR              7m41s      7m38s      -3s  ✅  Juges 6
06:03:22 BLOC_B_SERIE_DU_JOUR              0m10s      0m11s      +1s  ✅  jingle avant message 01 voici le message du jour
06:03:33 BLOC_B_SERIE_DU_JOUR              9m42s      9m46s      +4s  ✅  2020 tian le pardon 5
06:13:19 BLOC_B_SERIE_DU_JOUR              4m27s      4m24s      -3s  ✅  Jude 1
06:17:43 BLOC_B_SERIE_DU_JOUR              5m09s      5m07s      -2s  ✅  Lamentations 1
06:22:50 BLOC_B_SERIE_DU_JOUR              5m15s      5m12s      -3s  ✅  Lamentations 2
06:28:02 BLOC_B_SERIE_DU_JOUR              6m02s      6m00s      -2s  ✅  Lamentations 3
06:34:02 BLOC_B_SERIE_DU_JOUR              3m56s      3m53s      -3s  ✅  Lamentations 4
06:37:55 BLOC_B_SERIE_DU_JOUR              2m20s      2m18s      -2s  ✅  Lamentations 5
06:40:13 BLOC_B_SERIE_DU_JOUR              2m56s      2m54s      -2s  ✅  Sophonie 1
06:43:07 BLOC_B_SERIE_DU_JOUR              2m46s      2m43s      -3s  ✅  Sophonie 2
06:45:50 BLOC_B_SERIE_DU_JOUR              3m46s      3m44s      -2s  ✅  Sophonie 3
06:49:34 BLOC_B_SERIE_DU_JOUR              4m02s      3m59s      -3s  ✅  Esther 1
06:53:33 BLOC_B_SERIE_DU_JOUR              4m44s      4m41s      -3s  ✅  Esther 2
06:58:14 BLOC_B_SERIE_DU_JOUR              3m17s      3m14s      -3s  ✅  Esther 3
07:01:28 BLOC_B_SERIE_DU_JOUR              2m55s      2m53s      -2s  ✅  Esther 4
07:04:21 BLOC_B_SERIE_DU_JOUR              2m46s      2m43s      -3s  ✅  Esther 5
07:07:04 BLOC_B_SERIE_DU_JOUR              2m44s      2m41s      -3s  ✅  Esther 6
07:09:45 BLOC_B_SERIE_DU_JOUR              2m17s      2m15s      -2s  ✅  Esther 7
07:12:00 BLOC_B_SERIE_DU_JOUR              0m10s      0m08s      -2s  ✅  jingle avant louange 06 que la louange seleve
07:12:08 BLOC_B_SERIE_DU_JOUR              6m13s      6m10s      -3s  ✅  Immortal God - Elohim Adonai - Abuja HF
07:18:18 BLOC_B_SERIE_DU_JOUR              5m15s      5m13s      -2s  ✅  Yahweh Be Praised - Abuja HF
07:23:31 BLOC_B_SERIE_DU_JOUR              8m24s      8m21s      -3s  ✅  Bless Ye the Lord - PHF
07:31:52 BLOC_B_SERIE_DU_JOUR              4m33s      4m31s      -2s  ✅  God is Building - Will You Be - Ketu HF
07:36:23 BLOC_B_SERIE_DU_JOUR              9m39s      9m37s      -2s  ✅  Psalm 93 - Port Harcourt HF
07:46:00 BLOC_B_SERIE_DU_JOUR              9m24s      9m21s      -3s  ✅  I See Your Face - Toronto HF
07:55:21 BLOC_B_SERIE_DU_JOUR              6m57s      6m54s      -3s  ✅  qui est digne d ouvrir le livre
08:02:15 BLOC_B_SERIE_DU_JOUR              6m12s      6m10s      -2s  ✅  The King is Here (Abasiama Timothy)
08:08:25 BLOC_B_SERIE_DU_JOUR              8m21s      8m18s      -3s  ✅  In the Day of Your Power  - Winnipeg Fellowship
08:16:43 BLOC_B_SERIE_DU_JOUR              0m10s      0m08s      -2s  ✅  jingle avant bible 06 ouvrons les saintes ecritures
08:16:51 BLOC_B_SERIE_DU_JOUR              4m37s      4m35s      -2s  ✅  1 Corinthiens 1
08:21:26 BLOC_B_SERIE_DU_JOUR              2m43s      2m41s      -2s  ✅  1 Corinthiens 2
08:24:07 BLOC_B_SERIE_DU_JOUR              3m26s      3m22s      -4s  ✅  1 Corinthiens 3
08:27:29 BLOC_B_SERIE_DU_JOUR              3m40s      3m39s      -1s  ✅  1 Corinthiens 4
08:31:08 BLOC_B_SERIE_DU_JOUR              2m17s      2m14s      -3s  ✅  1 Corinthiens 5
08:33:22 BLOC_B_SERIE_DU_JOUR              3m19s      3m16s      -3s  ✅  1 Corinthiens 6
08:36:38 BLOC_B_SERIE_DU_JOUR              6m29s      6m26s      -3s  ✅  1 Corinthiens 7
08:43:04 BLOC_B_SERIE_DU_JOUR              2m04s      2m03s      -1s  ✅  1 Corinthiens 8
08:45:07 BLOC_B_SERIE_DU_JOUR              4m09s      4m05s      -4s  ✅  1 Corinthiens 9
08:49:12 BLOC_B_SERIE_DU_JOUR              0m11s      0m09s      -2s  ✅  jingle avant louange 05 elevons nos coeurs vers dieu
08:49:21 BLOC_B_SERIE_DU_JOUR              6m06s      6m03s      -3s  ✅  Good God - Asaba Fellowship
08:55:24 BLOC_B_SERIE_DU_JOUR              5m48s      5m46s      -2s  ✅  Forever You Reign - Abuja HF
09:01:10 BLOC_B_SERIE_DU_JOUR              7m17s      7m15s      -2s  ✅  cantique  tes promesses  pub direct dec 2021 import (2)
09:08:25 BLOC_B_SERIE_DU_JOUR              6m02s      5m59s      -3s  ✅  Rejoice - PHF
09:14:24 BLOC_B_SERIE_DU_JOUR              6m12s      6m10s      -2s  ✅  Praise the Lord All Ye Nations - Toronto HF
09:20:34 BLOC_B_SERIE_DU_JOUR              2m16s      2m13s      -3s  ✅  cantique  nous sommes le sel de la terre
09:22:47 BLOC_B_SERIE_DU_JOUR              4m13s      4m10s      -3s  ✅  4 minutes
09:26:57 BLOC_B_SERIE_DU_JOUR              5m21s      5m19s      -2s  ✅  By the word of the lord - Ketu HF
09:32:16 BLOC_B_SERIE_DU_JOUR              9m43s      9m41s      -2s  ✅  Thy Throne Oh Lord - Ketu HF
09:41:57 BLOC_B_SERIE_DU_JOUR              8m58s      9m05s      +7s  ✅  El Elyon - Toronto & Winnipeg HF
09:51:02 BLOC_B_SERIE_DU_JOUR              2m59s      2m57s      -2s  ✅  Philémon 1
09:53:59 BLOC_B_SERIE_DU_JOUR              3m51s      3m48s      -3s  ✅  Jacques 2
09:57:47 BLOC_B_SERIE_DU_JOUR              2m56s      2m53s      -3s  ✅  Jacques 3
10:00:40 BLOC_B_SERIE_DU_JOUR              2m47s      2m44s      -3s  ✅  Jacques 4
10:03:24 BLOC_B_SERIE_DU_JOUR              3m28s      3m25s      -3s  ✅  Jacques 5
10:06:49 BLOC_B_SERIE_DU_JOUR              4m15s      4m13s      -2s  ✅  Philippiens 1
10:11:02 BLOC_B_SERIE_DU_JOUR              4m28s      4m25s      -3s  ✅  Philippiens 2
10:15:27 BLOC_B_SERIE_DU_JOUR              3m26s      3m24s      -2s  ✅  Philippiens 3
10:18:51 BLOC_B_SERIE_DU_JOUR              3m39s      3m36s      -3s  ✅  Philippiens 4
10:22:27 BLOC_B_SERIE_DU_JOUR              2m59s      2m57s      -2s  ✅  2 Timothée 1
10:25:24 BLOC_B_SERIE_DU_JOUR              3m52s      3m50s      -2s  ✅  2 Timothée 2
10:29:14 BLOC_B_SERIE_DU_JOUR              2m37s      2m33s      -4s  ✅  2 Timothée 3
10:31:47 BLOC_B_SERIE_DU_JOUR              3m09s      3m07s      -2s  ✅  2 Timothée 4
10:34:54 BLOC_B_SERIE_DU_JOUR              0m13s      0m10s      -3s  ✅  jingle avant louange 07 voici un temps de louange
10:35:04 BLOC_B_SERIE_DU_JOUR              7m09s      7m07s      -2s  ✅  My God Is Good - Winnipeg Fellowship
10:42:11 BLOC_B_SERIE_DU_JOUR              3m41s      3m39s      -2s  ✅  Adorons l'Éternel GAEL - JÉSUS EST SEIGNEUR -
10:45:50 BLOC_B_SERIE_DU_JOUR              4m18s      4m16s      -2s  ✅  You Are Worthy - Ketu HF
10:50:06 BLOC_B_SERIE_DU_JOUR              6m10s      6m07s      -3s  ✅  That I May Know Him - Toronto HF
10:56:13 BLOC_B_SERIE_DU_JOUR              4m19s      4m16s      -3s  ✅  I Know The Blood - PHF
11:00:29 BLOC_B_SERIE_DU_JOUR              7m57s      7m55s      -2s  ✅  Yahweh is Mighty (Imah Adegoke)
11:08:24 BLOC_B_SERIE_DU_JOUR              5m22s      5m19s      -3s  ✅  God's Got An Army - PHF
11:13:43 BLOC_B_SERIE_DU_JOUR              6m59s      6m57s      -2s  ✅  Hosanna - Toronto HF
11:20:40 BLOC_B_SERIE_DU_JOUR              6m15s      6m12s      -3s  ✅  Oh Lord I Want to Know Your Glory - Port Harcourt HF
11:26:52 BLOC_B_SERIE_DU_JOUR              9m31s      9m29s      -2s  ✅  15 at 01.33.50 (1)(1)
11:36:21 BLOC_B_SERIE_DU_JOUR              0m09s      0m09s      +0s  ✅  JINGLE
11:36:30 BLOC_B_SERIE_DU_JOUR              3m07s      3m05s      -2s  ✅  Joël 1
11:39:35 BLOC_B_SERIE_DU_JOUR              5m41s      5m39s      -2s  ✅  Joël 2
11:45:14 BLOC_B_SERIE_DU_JOUR              3m36s      3m33s      -3s  ✅  Joël 3
11:48:47 BLOC_B_SERIE_DU_JOUR              4m36s      4m33s      -3s  ✅  Matthieu 8
11:53:20 BLOC_B_SERIE_DU_JOUR              5m20s      5m17s      -3s  ✅  Matthieu 9
11:58:37 BLOC_B_SERIE_DU_JOUR              0m12s      0m12s      +0s  ✅  jingle id station 03 notre mission annonce levangile
11:58:49 BLOC_B_SERIE_DU_JOUR              9m38s      9m36s      -2s  ✅  Holy are You oh Lord (Olaedo Uzoma & Vincent Opara)
12:08:25 BLOC_C_SERIE_DU_JOUR              0m11s      0m08s      -3s  ✅  jingle avant message 05 vous etes a lecoute de levangile du royaume
12:08:33 BLOC_C_SERIE_DU_JOUR              9m42s      9m40s      -2s  ✅  2020 tian le pardon 5
12:18:13 BLOC_C_SERIE_DU_JOUR              0m10s      0m07s      -3s  ✅  jingle avant bible 06 ouvrons les saintes ecritures
12:18:20 BLOC_C_SERIE_DU_JOUR              5m42s      5m40s      -2s  ✅  Esdras 8
12:24:00 BLOC_C_SERIE_DU_JOUR              3m34s      3m32s      -2s  ✅  Esdras 9
12:27:32 BLOC_C_SERIE_DU_JOUR              6m21s      6m18s      -3s  ✅  Esdras 10
12:33:50 BLOC_C_SERIE_DU_JOUR              2m25s      2m23s      -2s  ✅  Cantique des Cantiques 1
12:36:13 BLOC_C_SERIE_DU_JOUR              2m32s      2m30s      -2s  ✅  Cantique des Cantiques 2
12:38:43 BLOC_C_SERIE_DU_JOUR              1m53s      1m51s      -2s  ✅  Cantique des Cantiques 3
12:40:34 BLOC_C_SERIE_DU_JOUR              2m50s      2m47s      -3s  ✅  Cantique des Cantiques 4
12:43:21 BLOC_C_SERIE_DU_JOUR              2m54s      2m51s      -3s  ✅  Cantique des Cantiques 5
12:46:12 BLOC_C_SERIE_DU_JOUR              2m06s      2m04s      -2s  ✅  Cantique des Cantiques 6
12:48:16 BLOC_C_SERIE_DU_JOUR              1m57s      1m55s      -2s  ✅  Cantique des Cantiques 7
12:50:11 BLOC_C_SERIE_DU_JOUR              2m29s      2m25s      -4s  ✅  Cantique des Cantiques 8
12:52:36 BLOC_C_SERIE_DU_JOUR              5m23s      5m21s      -2s  ✅  Ézéchiel 48
12:57:57 BLOC_C_SERIE_DU_JOUR              0m57s      0m54s      -3s  ✅  Osée 3
12:58:51 BLOC_C_SERIE_DU_JOUR              2m56s      2m54s      -2s  ✅  Osée 4
13:01:45 BLOC_C_SERIE_DU_JOUR              2m24s      2m21s      -3s  ✅  Osée 5
13:04:06 BLOC_C_SERIE_DU_JOUR              1m32s      1m30s      -2s  ✅  Osée 6
13:05:36 BLOC_C_SERIE_DU_JOUR              2m27s      2m24s      -3s  ✅  Osée 7
13:08:00 BLOC_C_SERIE_DU_JOUR              2m06s      2m03s      -3s  ✅  Osée 8
13:10:03 BLOC_C_SERIE_DU_JOUR              3m04s      3m02s      -2s  ✅  Osée 9
13:13:05 BLOC_C_SERIE_DU_JOUR              2m37s      2m34s      -3s  ✅  Osée 10
13:15:39 BLOC_C_SERIE_DU_JOUR              1m53s      1m51s      -2s  ✅  Osée 11
13:17:30 BLOC_C_SERIE_DU_JOUR              0m11s      0m08s      -3s  ✅  jingle avant louange 05 elevons nos coeurs vers dieu
13:17:38 BLOC_C_SERIE_DU_JOUR             11m01s     10m58s      -3s  ✅  Great is, Ascribe - Ketu HF
13:28:36 BLOC_C_SERIE_DU_JOUR              5m33s      5m30s      -3s  ✅  He Shall Feed His Flock - I Want to walk  - Ketu HF
13:34:06 BLOC_C_SERIE_DU_JOUR              6m02s      6m00s      -2s  ✅  Crown Him Lord of Lords - Nonso Njoku
13:40:06 BLOC_C_SERIE_DU_JOUR              5m07s      5m05s      -2s  ✅  We Shall Come - Asaba Fellowship
13:45:11 BLOC_C_SERIE_DU_JOUR             10m38s     10m35s      -3s  ✅  Be Exalted - PHF
13:55:46 BLOC_C_SERIE_DU_JOUR              5m18s      5m15s      -3s  ✅  Now is Come Salvation - Toronto HF
14:01:01 BLOC_C_SERIE_DU_JOUR              7m19s      7m17s      -2s  ✅  You Have sworn By Your Holiness - Chidera Bisong
14:08:18 BLOC_C_SERIE_DU_JOUR              6m19s      6m16s      -3s  ✅  Unto Him - CHF
14:14:34 BLOC_C_SERIE_DU_JOUR              6m57s      7m02s      +5s  ✅  The Lord on High is Mightier - Toronto HF
14:21:36 BLOC_C_SERIE_DU_JOUR              3m36s      3m34s      -2s  ✅  Daniel 1
14:25:10 BLOC_C_SERIE_DU_JOUR              9m09s      9m05s      -4s  ✅  Daniel 2
14:34:15 BLOC_C_SERIE_DU_JOUR              6m24s      6m22s      -2s  ✅  Daniel 3
14:40:37 BLOC_C_SERIE_DU_JOUR              7m32s      7m29s      -3s  ✅  Daniel 4
14:48:06 BLOC_C_SERIE_DU_JOUR              6m09s      6m07s      -2s  ✅  Daniel 5
14:54:13 BLOC_C_SERIE_DU_JOUR              0m13s      0m13s      +0s  ✅  jingle avant louange 07 voici un temps de louange
14:54:26 BLOC_C_SERIE_DU_JOUR              6m02s      6m02s      +0s  ✅  Satisfy My Soul - Calabar HF
15:00:28 BLOC_C_SERIE_DU_JOUR              4m05s      4m01s      -4s  ✅  Song Of Victory - Emmanuel Igunbor
15:04:29 BLOC_C_SERIE_DU_JOUR              7m09s      7m06s      -3s  ✅  You're the Lamb (Abasiama Timothy)
15:11:35 BLOC_C_SERIE_DU_JOUR              6m34s      6m32s      -2s  ✅  cantique  béni soit le dieu d israël
15:18:07 BLOC_C_SERIE_DU_JOUR              4m08s      4m05s      -3s  ✅  I Choose the Way of the Lord - Abuja HF
15:22:12 BLOC_C_SERIE_DU_JOUR              7m18s      7m15s      -3s  ✅  Holy is the Lord (Emmanuel Umoh)
15:29:27 BLOC_C_SERIE_DU_JOUR              3m22s      3m20s      -2s  ✅  Ses cheveux étaient blancs..
15:32:47 BLOC_C_SERIE_DU_JOUR              9m23s      9m21s      -2s  ✅  10 minutes
15:42:08 BLOC_C_SERIE_DU_JOUR              5m13s      5m10s      -3s  ✅  Il s'appelait Emmanuel - Marcel Boungou + Paroles
15:47:18 BLOC_C_SERIE_DU_JOUR              4m52s      4m51s      -1s  ✅  God is Moving Us On - Ketu HF
15:52:09 BLOC_C_SERIE_DU_JOUR              5m47s      5m44s      -3s  ✅  We Ascribe Greatness - Abuja HF
15:57:53 BLOC_C_SERIE_DU_JOUR              0m13s      0m13s      +0s  ✅  jingle avant bible 07 place a la lecture de la bible
15:58:06 BLOC_C_SERIE_DU_JOUR              4m12s      4m10s      -2s  ✅  1 Rois 17
16:02:16 BLOC_C_SERIE_DU_JOUR              8m27s      8m25s      -2s  ✅  1 Rois 18
16:10:41 BLOC_C_SERIE_DU_JOUR              4m43s      4m40s      -3s  ✅  1 Rois 19
16:15:21 BLOC_C_SERIE_DU_JOUR              8m21s      8m19s      -2s  ✅  1 Rois 20
16:23:40 BLOC_C_SERIE_DU_JOUR              5m25s      5m22s      -3s  ✅  1 Rois 21
16:29:02 BLOC_C_SERIE_DU_JOUR              8m58s      8m55s      -3s  ✅  1 Rois 22
16:37:57 BLOC_C_SERIE_DU_JOUR              3m14s      3m12s      -2s  ✅  Proverbes 10
16:41:09 BLOC_C_SERIE_DU_JOUR              3m12s      3m10s      -2s  ✅  Proverbes 11
16:44:19 BLOC_C_SERIE_DU_JOUR              0m10s      0m11s      +1s  ✅  jingle avant louange 06 que la louange seleve
16:44:30 BLOC_C_SERIE_DU_JOUR              7m51s      7m48s      -3s  ✅  There is no name  - Winnipeg Fellowship
16:52:18 BLOC_C_SERIE_DU_JOUR              4m40s      4m37s      -3s  ✅  All in All - CHF
16:56:55 BLOC_C_SERIE_DU_JOUR              8m21s      8m19s      -2s  ✅  My Heart Rejoices - Toronto HF
17:05:14 BLOC_C_SERIE_DU_JOUR              3m24s      3m21s      -3s  ✅  Cantique sa miséricorde
17:08:35 BLOC_C_SERIE_DU_JOUR             10m25s     10m23s      -2s  ✅  Holy Are You - PHF
17:18:58 BLOC_C_SERIE_DU_JOUR              4m03s      4m00s      -3s  ✅  I Will Not Be Silent - Calabar HF
17:22:58 BLOC_C_SERIE_DU_JOUR              5m52s      5m50s      -2s  ✅  Not Naked (Abasiama Timothy)
17:28:48 BLOC_C_SERIE_DU_JOUR              3m04s      3m01s      -3s  ✅  The Lord is my Light and Salvation - Nonso Njoku
17:31:49 BLOC_C_SERIE_DU_JOUR              2m20s      2m17s      -3s  ✅  cantique  heureux l homme qui ne marche pas selon
17:34:06 BLOC_C_SERIE_DU_JOUR              8m12s      8m10s      -2s  ✅  Jesus is Alpha - PHF
17:42:16 BLOC_C_SERIE_DU_JOUR              6m07s      6m04s      -3s  ✅  There Is Forgiveness In Thee - SWBN TV
17:48:20 BLOC_C_SERIE_DU_JOUR              0m12s      0m12s      +0s  ✅  jingle id station 03 notre mission annonce levangile
17:48:32 BLOC_C_SERIE_DU_JOUR              4m17s      4m14s      -3s  ✅  1 Pierre 2
17:52:46 BLOC_C_SERIE_DU_JOUR              3m50s      3m47s      -3s  ✅  1 Pierre 3
17:56:33 BLOC_C_SERIE_DU_JOUR              3m13s      3m11s      -2s  ✅  1 Pierre 4
17:59:44 015_REMPLISSAGE                   0m09s      0m10s      +1s  ✅  jingle avant bible 08 prenons un moment pour ecouter la parole
17:59:54 015_REMPLISSAGE                   0m09s      0m09s      +0s  ✅  jingle avant message 03 vous ecoutez parole prophetique fm
18:00:03 015_REMPLISSAGE                   0m09s      0m19s     +10s  ✅  jingle id station 02 radio evangile du royaume
18:00:22 BLOC_D_SERIE_DU_JOUR              9m42s      9m40s      -2s  ✅  2020 tian le pardon 5
18:10:02 BLOC_D_SERIE_DU_JOUR              0m13s      0m13s      +0s  ✅  jingle avant bible 07 place a la lecture de la bible
18:10:15 BLOC_D_SERIE_DU_JOUR              5m59s      5m57s      -2s  ✅  1 Samuel 15
18:16:12 BLOC_D_SERIE_DU_JOUR              4m08s      4m06s      -2s  ✅  1 Samuel 16
18:20:18 BLOC_D_SERIE_DU_JOUR              9m41s      9m38s      -3s  ✅  1 Samuel 17
18:29:56 BLOC_D_SERIE_DU_JOUR              4m38s      4m35s      -3s  ✅  1 Samuel 18
18:34:31 BLOC_D_SERIE_DU_JOUR              4m10s      4m08s      -2s  ✅  1 Samuel 19
18:38:39 BLOC_D_SERIE_DU_JOUR              6m49s      6m47s      -2s  ✅  1 Samuel 20
18:45:26 BLOC_D_SERIE_DU_JOUR              2m33s      2m30s      -3s  ✅  1 Samuel 21
18:47:56 BLOC_D_SERIE_DU_JOUR              4m12s      4m10s      -2s  ✅  1 Samuel 22
18:52:06 BLOC_D_SERIE_DU_JOUR              4m39s      4m37s      -2s  ✅  1 Samuel 23
18:56:43 BLOC_D_SERIE_DU_JOUR              3m34s      3m32s      -2s  ✅  1 Samuel 24
19:00:15 BLOC_D_SERIE_DU_JOUR              7m22s      7m19s      -3s  ✅  1 Samuel 25
19:07:34 BLOC_D_SERIE_DU_JOUR              0m13s      0m13s      +0s  ✅  jingle avant louange 07 voici un temps de louange
19:07:47 BLOC_D_SERIE_DU_JOUR              6m30s      6m28s      -2s  ✅  Praise the Lord of Host - Toronto HF
19:14:15 BLOC_D_SERIE_DU_JOUR              2m57s      2m54s      -3s  ✅  You Are the Captain of the Host - Toronto HF
19:17:09 BLOC_D_SERIE_DU_JOUR              4m53s      4m51s      -2s  ✅  Cantique Jahweh, Tu es élevé au dessus de tout (1)
19:22:00 BLOC_D_SERIE_DU_JOUR              7m25s      7m22s      -3s  ✅  Victorious Is the Lamb - Winnipeg Fellowship
19:29:22 BLOC_D_SERIE_DU_JOUR             10m13s     10m10s      -3s  ✅  As We Worship - Toronto & Winnipeg HF
19:39:32 BLOC_D_SERIE_DU_JOUR              4m20s      4m18s      -2s  ✅  There's A Mighty River Flowing - SWBN TV
19:43:50 BLOC_D_SERIE_DU_JOUR              8m30s      8m28s      -2s  ✅  We Worship Adonai - PHF
19:52:18 BLOC_D_SERIE_DU_JOUR              8m18s      8m15s      -3s  ✅  Yahweh Is Mighty - SWBN TV
20:00:33 BLOC_D_SERIE_DU_JOUR              7m46s      7m44s      -2s  ✅  Arise Out of Zion  - Winnipeg Fellowship
20:08:17 BLOC_D_SERIE_DU_JOUR              0m10s      0m11s      +1s  ✅  jingle avant bible 06 ouvrons les saintes ecritures
20:08:28 BLOC_D_SERIE_DU_JOUR              4m54s      4m51s      -3s  ✅  Ésaïe 1
20:13:19 BLOC_D_SERIE_DU_JOUR              3m07s      3m04s      -3s  ✅  Ésaïe 2
20:16:23 BLOC_D_SERIE_DU_JOUR              3m23s      3m21s      -2s  ✅  Ésaïe 3
20:19:44 BLOC_D_SERIE_DU_JOUR              1m08s      1m05s      -3s  ✅  Ésaïe 4
20:20:49 BLOC_D_SERIE_DU_JOUR              5m19s      5m17s      -2s  ✅  Ésaïe 5
20:26:06 BLOC_D_SERIE_DU_JOUR              2m27s      2m24s      -3s  ✅  Ésaïe 6
20:28:30 BLOC_D_SERIE_DU_JOUR              3m57s      3m54s      -3s  ✅  Ésaïe 7
20:32:24 BLOC_D_SERIE_DU_JOUR              3m32s      3m29s      -3s  ✅  Ésaïe 8
20:35:53 BLOC_D_SERIE_DU_JOUR              0m10s      0m11s      +1s  ✅  jingle avant louange 06 que la louange seleve
20:36:04 BLOC_D_SERIE_DU_JOUR              5m04s      5m02s      -2s  ✅  Guide Me - El ELyon - Abuja HF
20:41:06 BLOC_D_SERIE_DU_JOUR              6m28s      6m25s      -3s  ✅  Le Bien-Etre Universel
20:47:31 BLOC_D_SERIE_DU_JOUR              8m41s      8m38s      -3s  ✅  Unto Him (Vincent Opara)
20:56:09 BLOC_D_SERIE_DU_JOUR              4m11s      4m09s      -2s  ✅  jai donné ma vie à jésus (1)
21:00:18 BLOC_D_SERIE_DU_JOUR              5m21s      5m18s      -3s  ✅  We Shall Not Fear - Nonso Njoku
21:05:36 BLOC_D_SERIE_DU_JOUR              7m37s      7m34s      -3s  ✅  Cantiques  Il a pris mes iniquités
21:13:10 BLOC_D_SERIE_DU_JOUR              5m43s      5m40s      -3s  ✅  Cantique l Éternel est mon Berger (1)
21:18:50 BLOC_D_SERIE_DU_JOUR              6m09s      6m07s      -2s  ✅  Hymne des vainqueurs
21:24:57 BLOC_D_SERIE_DU_JOUR              6m54s      6m52s      -2s  ✅  There is no Lie (Imah Adegoke & Mary Umoh)
21:31:49 BLOC_D_SERIE_DU_JOUR              0m09s      0m09s      +0s  ✅  jingle avant bible 08 prenons un moment pour ecouter la parole
21:31:58 BLOC_D_SERIE_DU_JOUR              3m16s      3m14s      -2s  ✅  1 Timothée 1
21:35:12 BLOC_D_SERIE_DU_JOUR              2m10s      2m06s      -4s  ✅  1 Timothée 2
21:37:18 BLOC_D_SERIE_DU_JOUR              2m24s      2m22s      -2s  ✅  1 Timothée 3
21:39:40 BLOC_D_SERIE_DU_JOUR              2m29s      2m27s      -2s  ✅  1 Timothée 4
21:42:07 BLOC_D_SERIE_DU_JOUR              3m45s      3m42s      -3s  ✅  1 Timothée 5
21:45:49 BLOC_D_SERIE_DU_JOUR              3m53s      3m50s      -3s  ✅  1 Timothée 6
21:49:39 BLOC_D_SERIE_DU_JOUR              3m41s      3m38s      -3s  ✅  Job 1
21:53:17 BLOC_D_SERIE_DU_JOUR              2m07s      2m05s      -2s  ✅  Job 2
21:55:22 BLOC_D_SERIE_DU_JOUR              2m26s      2m23s      -3s  ✅  Job 3
21:57:45 BLOC_D_SERIE_DU_JOUR              2m05s      2m03s      -2s  ✅  Job 4
21:59:48 BLOC_D_SERIE_DU_JOUR              2m27s      2m24s      -3s  ✅  Job 5
22:02:12 BLOC_D_SERIE_DU_JOUR              2m57s      2m57s      +0s  ✅  Job 6
22:05:09 BLOC_D_SERIE_DU_JOUR              2m21s      2m17s      -4s  ✅  Job 7
22:07:26 BLOC_D_SERIE_DU_JOUR              2m06s      2m04s      -2s  ✅  Job 8
22:09:30 BLOC_D_SERIE_DU_JOUR              3m12s      3m09s      -3s  ✅  Job 9
22:12:39 BLOC_D_SERIE_DU_JOUR              0m11s      0m11s      +0s  ✅  jingle avant louange 05 elevons nos coeurs vers dieu
22:12:50 BLOC_D_SERIE_DU_JOUR              9m23s      9m21s      -2s  ✅  Thou art Worthy Lord - PHF
22:22:11 BLOC_D_SERIE_DU_JOUR              4m04s      4m02s      -2s  ✅  Ascribe Greatness - PHF
22:26:13 BLOC_D_SERIE_DU_JOUR              6m56s      6m53s      -3s  ✅  As We Worship In Ypur Presence
22:33:06 BLOC_D_SERIE_DU_JOUR              4m48s      4m46s      -2s  ✅  Yeshua I'm Waiting for You  - Ketu HF
22:37:52 BLOC_D_SERIE_DU_JOUR              8m31s      8m29s      -2s  ✅  Holy Holy - Abuja HF
22:46:21 BLOC_D_SERIE_DU_JOUR              4m44s      4m42s      -2s  ✅  Je veux vivre ton royaume
22:51:03 BLOC_D_SERIE_DU_JOUR              3m12s      3m10s      -2s  ✅  esprit de dieu
22:54:13 BLOC_D_SERIE_DU_JOUR              5m04s      5m02s      -2s  ✅  I Enter The Holy of Holies - Port Harcourt HF
22:59:15 BLOC_D_SERIE_DU_JOUR              8m22s      8m19s      -3s  ✅  Yeshua Hamashiach - Calabar HF
23:07:34 BLOC_D_SERIE_DU_JOUR              0m09s      0m10s      +1s  ✅  JINGLE
23:07:44 BLOC_D_SERIE_DU_JOUR              2m25s      2m22s      -3s  ✅  2 Corinthiens 13
23:10:06 BLOC_D_SERIE_DU_JOUR              7m40s      7m37s      -3s  ✅  Deutéronome 1
23:17:43 BLOC_D_SERIE_DU_JOUR              5m55s      5m53s      -2s  ✅  Deutéronome 2
23:23:36 BLOC_D_SERIE_DU_JOUR              5m07s      5m04s      -3s  ✅  Deutéronome 3
23:28:40 BLOC_D_SERIE_DU_JOUR              0m09s      0m09s      +0s  ✅  JINGLE
23:28:49 BLOC_D_SERIE_DU_JOUR              2m20s      2m18s      -2s  ✅  cantique  heureux l homme qui ne marche pas selon
23:31:07 BLOC_E_LOUANGE_NUIT               4m53s      4m50s      -3s  ✅  Cantique Jahweh, Tu es élevé au dessus de tout (1)
23:35:57 BLOC_E_LOUANGE_NUIT              10m24s     10m21s      -3s  ✅  Shine in Darkness O Lord  - Winnipeg Fellowship
23:46:18 BLOC_E_LOUANGE_NUIT               5m19s      5m17s      -2s  ✅  Gabrielle LIDJI - Mélodie Céleste  by LFXA(Light FX Animation)_2
23:51:35 BLOC_E_LOUANGE_NUIT               5m57s      5m54s      -3s  ✅  You are God - Winnipeg Fellowship
23:57:29 BLOC_E_LOUANGE_NUIT               6m35s      4m08s    -147s  ❌ COUPÉ  cantique   ta lumière
----------------------------------------------------------------------------------------------------
Bilan : 312 titres, 2 anomalie(s) (titre coupé de plus de 10s ou trou d'antenne). Gravité : 0 mineure(s) <1min · 2 sérieuse(s) 1-10min · 0 critique(s) >10min.

====================================================================================================
CONTRÔLES APPROFONDIS
====================================================================================================
MESSAGE DU JOUR « Tian Le pardon 5 » : 4 diffusion(s) pour 4 prévue(s) ✅
   00:03:24  (étiquette BLOC_A_SERIE_DU_JOUR)
   06:03:33  (étiquette BLOC_B_SERIE_DU_JOUR)
   12:08:33  (étiquette BLOC_C_SERIE_DU_JOUR)
   18:00:22  (étiquette BLOC_D_SERIE_DU_JOUR)
JINGLES : 32 joués / 36 prévus (89%) ⚠️   ·   BLOC_A 7/9 · BLOC_B 7/9 · BLOC_C 9/9 · BLOC_D 9/9
HORS FENÊTRE : 1 titre(s) d'un bloc joués hors de sa plage ⚠️
   17:59:54  jingle avant message 03 vous ecoutez parole prophetique fm — prévu dans BLOC_D (18:00-23:30)
BOUCHE-TROUS : aucun ✅
COUVERTURE : premier titre à 00:01:38 ✅ · dernier titre finit vers 00:04:04 (estimé) ✅

====================================================================================================
RÉEL vs PRÉVU — ce qui a joué vs ce que le plan prévoyait
====================================================================================================
----------------------------------------------------------------------------------------------------
BLOC_A  (00:00-06:00)  prévus  78 · atteignables  73 · joués  72 · conformité  99% · sautés  1 · en trop  0
   ⏭️  PRÉVU NON JOUÉ : jingle avant bible 06 ouvrons les saintes ecritures
   ⏸️  FIN DE BLOC NON ATTEINTE (5 titres · ~30m37s) — marge anti-rebouclage au-delà de la fenêtre, normal : Juges 7 · jingle id station 03 notre mission annonce levangile · He Has Given Me & Emmanuel You Joy Over Us (Medley) (Abasiama Timothy & Imah Adegoke) · même humilié · Abba, Singing a, I Will Sing - Ketu HF
----------------------------------------------------------------------------------------------------
BLOC_B  (06:00-12:00)  prévus  86 · atteignables  83 · joués  81 · conformité  98% · sautés  2 · en trop  0
   ⏭️  PRÉVU NON JOUÉ : jingle avant bible 08 prenons un moment pour ecouter la parole · jingle avant bible 07 place a la lecture de la bible
   ⏸️  FIN DE BLOC NON ATTEINTE (3 titres · ~20m12s) — marge anti-rebouclage au-delà de la fenêtre, normal : Cantique   Oh Éternel Dieu, Tu es le Dieu Incomparable · The Mountains, Come and, Oh City - Ketu HF · There Is No Lie - SWBN TV
----------------------------------------------------------------------------------------------------
BLOC_C  (12:00-18:00)  prévus  85 · atteignables  77 · joués  78 · conformité  99% · sautés  1 · en trop  2
   ⏭️  PRÉVU NON JOUÉ : jingle avant bible 08 prenons un moment pour ecouter la parole
   ➕  JOUÉ NON PRÉVU : jingle avant bible 08 prenons un moment pour ecouter la parole · jingle avant message 03 vous ecoutez parole prophetique fm
   ⏸️  FIN DE BLOC NON ATTEINTE (8 titres · ~36m35s) — marge anti-rebouclage au-delà de la fenêtre, normal : 1 Pierre 5 · Aggée 1 · Aggée 2 · jingle id station 01 la bonne nouvelle partout · A Song Of Love · Hallelujah - PHF  …(+2)
----------------------------------------------------------------------------------------------------
BLOC_D  (18:00-23:30)  prévus  79 · atteignables  76 · joués  76 · conformité  99% · sautés  1 · en trop  1
   ⏭️  PRÉVU NON JOUÉ : jingle avant message 03 vous ecoutez parole prophetique fm
   ➕  JOUÉ NON PRÉVU : jingle id station 02 radio evangile du royaume
   ⏸️  FIN DE BLOC NON ATTEINTE (3 titres · ~22m13s) — marge anti-rebouclage au-delà de la fenêtre, normal : Oh Lord I Want to Know Your Glory - Port Harcourt HF · cantique  béni soit le dieu d israël · I See Your Face - Toronto HF
----------------------------------------------------------------------------------------------------
CONFORMITÉ GLOBALE : 304/309 titres atteignables joués dans l'ordre = 98%  (3 titre(s) hors plan · 19 non atteint(s) en fin de bloc, marge normale)
