Rapport de diffusion — 2026-07-17 (heures UTC)
325 titres joués | tolérance ±10s
====================================================================================================
HEURE    PLAYLIST                     FICHIER          RÉEL    ÉCART  STATUT  TITRE
----------------------------------------------------------------------------------------------------
00:01:34 BLOC_A_SERIE_DU_JOUR              0m09s      2m25s    +136s  ⚠️ TROU APRÈS  jingle avant message 03 vous ecoutez parole prophetique fm
00:03:59 BLOC_A_SERIE_DU_JOUR             13m24s     13m29s      +5s  ✅  2020 tian le pardon 7
00:17:28 BLOC_A_SERIE_DU_JOUR              2m56s      2m53s      -3s  ✅  Jacques 3
00:20:21 BLOC_A_SERIE_DU_JOUR              2m47s      2m44s      -3s  ✅  Jacques 4
00:23:05 BLOC_A_SERIE_DU_JOUR              3m28s      3m25s      -3s  ✅  Jacques 5
00:26:30 BLOC_A_SERIE_DU_JOUR              2m05s      2m03s      -2s  ✅  3 Jean 1
00:28:33 BLOC_A_SERIE_DU_JOUR              2m25s      2m22s      -3s  ✅  Cantique des Cantiques 1
00:30:55 BLOC_A_SERIE_DU_JOUR              2m32s      2m30s      -2s  ✅  Cantique des Cantiques 2
00:33:25 BLOC_A_SERIE_DU_JOUR              1m53s      1m51s      -2s  ✅  Cantique des Cantiques 3
00:35:16 BLOC_A_SERIE_DU_JOUR              2m50s      2m47s      -3s  ✅  Cantique des Cantiques 4
00:38:03 BLOC_A_SERIE_DU_JOUR              2m54s      2m52s      -2s  ✅  Cantique des Cantiques 5
00:40:55 BLOC_A_SERIE_DU_JOUR              2m06s      2m03s      -3s  ✅  Cantique des Cantiques 6
00:42:58 BLOC_A_SERIE_DU_JOUR              1m57s      1m54s      -3s  ✅  Cantique des Cantiques 7
00:44:52 BLOC_A_SERIE_DU_JOUR              2m29s      2m26s      -3s  ✅  Cantique des Cantiques 8
00:47:18 BLOC_A_SERIE_DU_JOUR              4m02s      4m00s      -2s  ✅  Esther 1
00:51:18 BLOC_A_SERIE_DU_JOUR              4m44s      4m41s      -3s  ✅  Esther 2
00:55:59 BLOC_A_SERIE_DU_JOUR              3m17s      3m14s      -3s  ✅  Esther 3
00:59:13 BLOC_A_SERIE_DU_JOUR              2m55s      2m52s      -3s  ✅  Esther 4
01:02:05 BLOC_A_SERIE_DU_JOUR              2m46s      2m43s      -3s  ✅  Esther 5
01:04:48 BLOC_A_SERIE_DU_JOUR              2m44s      2m42s      -2s  ✅  Esther 6
01:07:30 BLOC_A_SERIE_DU_JOUR              2m17s      2m14s      -3s  ✅  Esther 7
01:09:44 BLOC_A_SERIE_DU_JOUR              3m44s      3m42s      -2s  ✅  Esther 8
01:13:26 BLOC_A_SERIE_DU_JOUR              5m31s      5m36s      +5s  ✅  Esther 9
01:19:02 BLOC_A_SERIE_DU_JOUR              6m02s      6m00s      -2s  ✅  Satisfy My Soul - Calabar HF
01:25:02 BLOC_A_SERIE_DU_JOUR              5m22s      5m20s      -2s  ✅  God's Got An Army - PHF
01:30:22 BLOC_A_SERIE_DU_JOUR              5m28s      5m25s      -3s  ✅  même humilié
01:35:47 BLOC_A_SERIE_DU_JOUR              8m58s      8m55s      -3s  ✅  El Elyon - Toronto & Winnipeg HF
01:44:42 BLOC_A_SERIE_DU_JOUR              5m21s      5m19s      -2s  ✅  We Shall Not Fear - Nonso Njoku
01:50:01 BLOC_A_SERIE_DU_JOUR              3m22s      3m19s      -3s  ✅  Ses cheveux étaient blancs..
01:53:20 BLOC_A_SERIE_DU_JOUR             10m47s     10m45s      -2s  ✅  Abba, Singing a, I Will Sing - Ketu HF
02:04:05 BLOC_A_SERIE_DU_JOUR              7m09s      7m07s      -2s  ✅  You're the Lamb (Abasiama Timothy)
02:11:12 BLOC_A_SERIE_DU_JOUR              9m23s      9m20s      -3s  ✅  10 minutes
02:20:32 BLOC_A_SERIE_DU_JOUR              0m13s      0m11s      -2s  ✅  jingle avant bible 07 place a la lecture de la bible
02:20:43 BLOC_A_SERIE_DU_JOUR              1m38s      1m35s      -3s  ✅  Psaumes 79
02:22:18 BLOC_A_SERIE_DU_JOUR              1m45s      1m43s      -2s  ✅  Psaumes 80
02:24:01 BLOC_A_SERIE_DU_JOUR              1m41s      1m39s      -2s  ✅  Psaumes 81
02:25:40 BLOC_A_SERIE_DU_JOUR              0m44s      0m41s      -3s  ✅  Psaumes 82
02:26:21 BLOC_A_SERIE_DU_JOUR              1m36s      1m34s      -2s  ✅  Psaumes 83
02:27:55 BLOC_A_SERIE_DU_JOUR              1m22s      1m19s      -3s  ✅  Psaumes 84
02:29:14 BLOC_A_SERIE_DU_JOUR              1m13s      1m11s      -2s  ✅  Psaumes 85
02:30:25 BLOC_A_SERIE_DU_JOUR              1m51s      1m49s      -2s  ✅  Psaumes 86
02:32:14 BLOC_A_SERIE_DU_JOUR              0m43s      0m40s      -3s  ✅  Psaumes 87
02:32:54 BLOC_A_SERIE_DU_JOUR              1m40s      1m37s      -3s  ✅  Psaumes 88
02:34:31 BLOC_A_SERIE_DU_JOUR              4m40s      4m39s      -1s  ✅  Psaumes 89
02:39:10 BLOC_A_SERIE_DU_JOUR              1m46s      1m42s      -4s  ✅  Psaumes 90
02:40:52 BLOC_A_SERIE_DU_JOUR              1m31s      1m29s      -2s  ✅  Psaumes 91
02:42:21 BLOC_A_SERIE_DU_JOUR              1m22s      1m19s      -3s  ✅  Psaumes 92
02:43:40 BLOC_A_SERIE_DU_JOUR              0m42s      0m39s      -3s  ✅  Psaumes 93
02:44:19 BLOC_A_SERIE_DU_JOUR              2m07s      2m05s      -2s  ✅  Psaumes 94
02:46:24 BLOC_A_SERIE_DU_JOUR              1m13s      1m11s      -2s  ✅  Psaumes 95
02:47:35 BLOC_A_SERIE_DU_JOUR              1m30s      1m27s      -3s  ✅  Psaumes 96
02:49:02 BLOC_A_SERIE_DU_JOUR              0m13s      0m11s      -2s  ✅  jingle avant louange 07 voici un temps de louange
02:49:13 BLOC_A_SERIE_DU_JOUR              4m03s      4m00s      -3s  ✅  I Will Not Be Silent - Calabar HF
02:53:13 BLOC_A_SERIE_DU_JOUR              5m21s      5m19s      -2s  ✅  By the word of the lord - Ketu HF
02:58:32 BLOC_A_SERIE_DU_JOUR              5m33s      5m30s      -3s  ✅  He Shall Feed His Flock - I Want to walk  - Ketu HF
03:04:02 BLOC_A_SERIE_DU_JOUR              6m34s      6m32s      -2s  ✅  cantique  béni soit le dieu d israël
03:10:34 BLOC_A_SERIE_DU_JOUR              9m31s      9m28s      -3s  ✅  15 at 01.33.50 (1)(1)
03:20:02 BLOC_A_SERIE_DU_JOUR              7m04s      7m01s      -3s  ✅  We Bless You Wonderful God  - Winnipeg Fellowship
03:27:03 BLOC_A_SERIE_DU_JOUR              4m05s      4m03s      -2s  ✅  Song Of Victory - Emmanuel Igunbor
03:31:06 BLOC_A_SERIE_DU_JOUR             10m38s     10m36s      -2s  ✅  Be Exalted - PHF
03:41:42 BLOC_A_SERIE_DU_JOUR              5m02s      5m06s      +4s  ✅  A Song Of Love
03:46:48 BLOC_A_SERIE_DU_JOUR              2m07s      2m05s      -2s  ✅  2 Jean 1
03:48:53 BLOC_A_SERIE_DU_JOUR              4m26s      4m23s      -3s  ✅  Apocalypse 14
03:53:16 BLOC_A_SERIE_DU_JOUR              1m38s      1m35s      -3s  ✅  Apocalypse 15
03:54:51 BLOC_A_SERIE_DU_JOUR              3m30s      3m28s      -2s  ✅  Apocalypse 16
03:58:19 BLOC_A_SERIE_DU_JOUR              3m45s      3m42s      -3s  ✅  Apocalypse 17
04:02:01 BLOC_A_SERIE_DU_JOUR              5m15s      5m13s      -2s  ✅  Apocalypse 18
04:07:14 BLOC_A_SERIE_DU_JOUR              4m03s      4m00s      -3s  ✅  Apocalypse 19
04:11:14 BLOC_A_SERIE_DU_JOUR              3m06s      3m04s      -2s  ✅  Apocalypse 20
04:14:18 BLOC_A_SERIE_DU_JOUR              4m56s      4m54s      -2s  ✅  Apocalypse 21
04:19:12 BLOC_A_SERIE_DU_JOUR              3m34s      3m31s      -3s  ✅  Apocalypse 22
04:22:43 BLOC_A_SERIE_DU_JOUR              4m35s      4m33s      -2s  ✅  1 Samuel 26
04:27:16 BLOC_A_SERIE_DU_JOUR              2m05s      2m02s      -3s  ✅  1 Samuel 27
04:29:18 BLOC_A_SERIE_DU_JOUR              4m23s      4m21s      -2s  ✅  1 Samuel 28
04:33:39 BLOC_A_SERIE_DU_JOUR              0m11s      0m08s      -3s  ✅  jingle avant louange 05 elevons nos coeurs vers dieu
04:33:47 BLOC_A_SERIE_DU_JOUR              9m14s      9m12s      -2s  ✅  A jamais, tu seras l Agneau de Dieu
04:42:59 BLOC_A_SERIE_DU_JOUR              8m21s      8m18s      -3s  ✅  My Heart Rejoices - Toronto HF
04:51:17 BLOC_A_SERIE_DU_JOUR              9m23s      9m21s      -2s  ✅  Thou art Worthy Lord - PHF
05:00:38 BLOC_A_SERIE_DU_JOUR             10m13s     10m10s      -3s  ✅  As We Worship - Toronto & Winnipeg HF
05:10:48 BLOC_A_SERIE_DU_JOUR              4m53s      4m50s      -3s  ✅  Cantique Jahweh, Tu es élevé au dessus de tout (1)
05:15:38 BLOC_A_SERIE_DU_JOUR              4m40s      4m38s      -2s  ✅  All in All - CHF
05:20:16 BLOC_A_SERIE_DU_JOUR              5m19s      5m16s      -3s  ✅  Gabrielle LIDJI - Mélodie Céleste  by LFXA(Light FX Animation)_2
05:25:32 BLOC_A_SERIE_DU_JOUR              4m21s      4m19s      -2s  ✅  Sing Hallelujah - Abuja HF
05:29:51 BLOC_A_SERIE_DU_JOUR              3m12s      3m10s      -2s  ✅  esprit de dieu
05:33:01 BLOC_A_SERIE_DU_JOUR              0m09s      0m09s      +0s  ✅  jingle id station 02 radio evangile du royaume
05:33:10 BLOC_A_SERIE_DU_JOUR              3m42s      3m40s      -2s  ✅  2 Pierre 1
05:36:50 BLOC_A_SERIE_DU_JOUR              4m04s      4m01s      -3s  ✅  2 Pierre 2
05:40:51 BLOC_A_SERIE_DU_JOUR              3m17s      3m14s      -3s  ✅  2 Pierre 3
05:44:05 BLOC_A_SERIE_DU_JOUR              4m58s      4m56s      -2s  ✅  2 Samuel 24
05:49:01 BLOC_A_SERIE_DU_JOUR              5m09s      5m07s      -2s  ✅  Lamentations 1
05:54:08 BLOC_A_SERIE_DU_JOUR              0m09s      0m09s      +0s  ✅  jingle id station 01 la bonne nouvelle partout
05:54:17 BLOC_A_SERIE_DU_JOUR              4m52s      4m51s      -1s  ✅  cantique   prends tout le contrôle
05:59:08 BLOC_A_SERIE_DU_JOUR              5m45s      5m42s      -3s  ✅  How Precious Oh Lord
06:04:50 BLOC_B_SERIE_DU_JOUR              0m09s      0m06s      -3s  ✅  jingle avant message 03 vous ecoutez parole prophetique fm
06:04:56 BLOC_B_SERIE_DU_JOUR             13m24s     13m21s      -3s  ✅  2020 tian le pardon 7
06:18:17 BLOC_B_SERIE_DU_JOUR              0m13s      0m11s      -2s  ✅  jingle avant bible 07 place a la lecture de la bible
06:18:28 BLOC_B_SERIE_DU_JOUR              4m11s      4m08s      -3s  ✅  2 Chroniques 7
06:22:36 BLOC_B_SERIE_DU_JOUR              3m06s      3m04s      -2s  ✅  2 Chroniques 8
06:25:40 BLOC_B_SERIE_DU_JOUR              4m59s      4m57s      -2s  ✅  2 Chroniques 9
06:30:37 BLOC_B_SERIE_DU_JOUR              3m16s      3m13s      -3s  ✅  2 Chroniques 10
06:33:50 BLOC_B_SERIE_DU_JOUR              3m21s      3m19s      -2s  ✅  2 Chroniques 11
06:37:09 BLOC_B_SERIE_DU_JOUR              2m54s      2m52s      -2s  ✅  2 Chroniques 12
06:40:01 BLOC_B_SERIE_DU_JOUR              3m48s      3m45s      -3s  ✅  2 Chroniques 13
06:43:46 BLOC_B_SERIE_DU_JOUR              2m39s      2m36s      -3s  ✅  2 Chroniques 14
06:46:22 BLOC_B_SERIE_DU_JOUR              2m51s      2m49s      -2s  ✅  2 Chroniques 15
06:49:11 BLOC_B_SERIE_DU_JOUR              2m43s      2m40s      -3s  ✅  2 Chroniques 16
06:51:51 BLOC_B_SERIE_DU_JOUR              2m46s      2m44s      -2s  ✅  2 Chroniques 17
06:54:35 BLOC_B_SERIE_DU_JOUR              6m06s      6m04s      -2s  ✅  2 Chroniques 18
07:00:39 BLOC_B_SERIE_DU_JOUR              2m21s      2m18s      -3s  ✅  2 Chroniques 19
07:02:57 BLOC_B_SERIE_DU_JOUR              7m03s      7m01s      -2s  ✅  2 Chroniques 20
07:09:58 BLOC_B_SERIE_DU_JOUR              3m34s      3m32s      -2s  ✅  2 Chroniques 21
07:13:30 BLOC_B_SERIE_DU_JOUR              2m34s      2m31s      -3s  ✅  2 Chroniques 22
07:16:01 BLOC_B_SERIE_DU_JOUR              0m13s      0m11s      -2s  ✅  jingle avant louange 07 voici un temps de louange
07:16:12 BLOC_B_SERIE_DU_JOUR              8m41s      8m38s      -3s  ✅  Unto Him (Vincent Opara)
07:24:50 BLOC_B_SERIE_DU_JOUR              6m07s      6m05s      -2s  ✅  There Is Forgiveness In Thee - SWBN TV
07:30:55 BLOC_B_SERIE_DU_JOUR              6m15s      6m13s      -2s  ✅  Oh Lord I Want to Know Your Glory - Port Harcourt HF
07:37:08 BLOC_B_SERIE_DU_JOUR              6m02s      6m00s      -2s  ✅  Rejoice - PHF
07:43:08 BLOC_B_SERIE_DU_JOUR              7m19s      7m16s      -3s  ✅  You Have sworn By Your Holiness - Chidera Bisong
07:50:24 BLOC_B_SERIE_DU_JOUR              5m47s      5m45s      -2s  ✅  We Ascribe Greatness - Abuja HF
07:56:09 BLOC_B_SERIE_DU_JOUR              6m06s      6m03s      -3s  ✅  Good God - Asaba Fellowship
08:02:12 BLOC_B_SERIE_DU_JOUR              7m37s      7m34s      -3s  ✅  Cantiques  Il a pris mes iniquités
08:09:46 BLOC_B_SERIE_DU_JOUR              6m12s      6m16s      +4s  ✅  Praise the Lord All Ye Nations - Toronto HF
08:16:02 BLOC_B_SERIE_DU_JOUR              6m55s      6m53s      -2s  ✅  Matthieu 12
08:22:55 BLOC_B_SERIE_DU_JOUR              8m12s      8m09s      -3s  ✅  Matthieu 13
08:31:04 BLOC_B_SERIE_DU_JOUR              4m14s      4m12s      -2s  ✅  Matthieu 14
08:35:16 BLOC_B_SERIE_DU_JOUR              4m55s      4m54s      -1s  ✅  Matthieu 15
08:40:10 BLOC_B_SERIE_DU_JOUR              4m04s      4m00s      -4s  ✅  Matthieu 16
08:44:10 BLOC_B_SERIE_DU_JOUR              4m03s      4m01s      -2s  ✅  Matthieu 17
08:48:11 BLOC_B_SERIE_DU_JOUR              0m10s      0m08s      -2s  ✅  jingle avant louange 06 que la louange seleve
08:48:19 BLOC_B_SERIE_DU_JOUR              7m20s      7m17s      -3s  ✅  The Glory -  PHF
08:55:36 BLOC_B_SERIE_DU_JOUR              5m57s      5m54s      -3s  ✅  You are God - Winnipeg Fellowship
09:01:30 BLOC_B_SERIE_DU_JOUR              5m13s      5m11s      -2s  ✅  Il s'appelait Emmanuel - Marcel Boungou + Paroles
09:06:41 BLOC_B_SERIE_DU_JOUR              5m04s      5m02s      -2s  ✅  I Enter The Holy of Holies - Port Harcourt HF
09:11:43 BLOC_B_SERIE_DU_JOUR              5m07s      5m04s      -3s  ✅  We Shall Come - Asaba Fellowship
09:16:47 BLOC_B_SERIE_DU_JOUR              5m50s      5m47s      -3s  ✅  Jesus I'm Waiting for You (Mary Umoh)
09:22:34 BLOC_B_SERIE_DU_JOUR              5m10s      5m08s      -2s  ✅  Igwe
09:27:42 BLOC_B_SERIE_DU_JOUR              6m28s      6m25s      -3s  ✅  Le Bien-Etre Universel
09:34:07 BLOC_B_SERIE_DU_JOUR              6m30s      6m28s      -2s  ✅  Praise the Lord of Host - Toronto HF
09:40:35 BLOC_B_SERIE_DU_JOUR              8m31s      8m28s      -3s  ✅  Holy Holy - Abuja HF
09:49:03 BLOC_B_SERIE_DU_JOUR              0m10s      0m08s      -2s  ✅  jingle avant bible 06 ouvrons les saintes ecritures
09:49:11 BLOC_B_SERIE_DU_JOUR              3m39s      3m36s      -3s  ✅  Ruth 1
09:52:47 BLOC_B_SERIE_DU_JOUR              4m14s      4m11s      -3s  ✅  Ruth 2
09:56:58 BLOC_B_SERIE_DU_JOUR              3m00s      2m58s      -2s  ✅  Ruth 3
09:59:56 BLOC_B_SERIE_DU_JOUR              3m43s      3m41s      -2s  ✅  Ruth 4
10:03:37 BLOC_B_SERIE_DU_JOUR              1m55s      1m52s      -3s  ✅  Esdras 1
10:05:29 BLOC_B_SERIE_DU_JOUR              6m11s      6m08s      -3s  ✅  Esdras 2
10:11:37 BLOC_B_SERIE_DU_JOUR              2m56s      2m54s      -2s  ✅  Esdras 3
10:14:31 BLOC_B_SERIE_DU_JOUR              4m24s      4m21s      -3s  ✅  Esdras 4
10:18:52 BLOC_B_SERIE_DU_JOUR              3m08s      3m06s      -2s  ✅  Esdras 5
10:21:58 BLOC_B_SERIE_DU_JOUR              4m12s      4m10s      -2s  ✅  Esdras 6
10:26:08 BLOC_B_SERIE_DU_JOUR              4m34s      4m31s      -3s  ✅  Esdras 7
10:30:39 BLOC_B_SERIE_DU_JOUR              5m42s      5m40s      -2s  ✅  Esdras 8
10:36:19 BLOC_B_SERIE_DU_JOUR              0m11s      0m08s      -3s  ✅  jingle avant louange 05 elevons nos coeurs vers dieu
10:36:27 BLOC_B_SERIE_DU_JOUR              9m24s      9m21s      -3s  ✅  I See Your Face - Toronto HF
10:45:48 BLOC_B_SERIE_DU_JOUR              6m41s      6m38s      -3s  ✅  6 minutes
10:52:26 BLOC_B_SERIE_DU_JOUR              6m12s      6m10s      -2s  ✅  The King is Here (Abasiama Timothy)
10:58:36 BLOC_B_SERIE_DU_JOUR              6m19s      6m17s      -2s  ✅  Unto Him - CHF
11:04:53 BLOC_B_SERIE_DU_JOUR              7m46s      7m43s      -3s  ✅  Arise Out of Zion  - Winnipeg Fellowship
11:12:36 BLOC_B_SERIE_DU_JOUR              4m08s      4m05s      -3s  ✅  I Choose the Way of the Lord - Abuja HF
11:16:41 BLOC_B_SERIE_DU_JOUR              7m57s      7m55s      -2s  ✅  Yahweh is Mighty (Imah Adegoke)
11:24:36 BLOC_B_SERIE_DU_JOUR              2m16s      2m13s      -3s  ✅  cantique  nous sommes le sel de la terre
11:26:49 BLOC_B_SERIE_DU_JOUR              8m25s      8m23s      -2s  ✅  The Mountains, Come and, Oh City - Ketu HF
11:35:12 BLOC_B_SERIE_DU_JOUR              0m09s      0m09s      +0s  ✅  jingle id station 01 la bonne nouvelle partout
11:35:21 BLOC_B_SERIE_DU_JOUR              2m56s      2m54s      -2s  ✅  Sophonie 1
11:38:15 BLOC_B_SERIE_DU_JOUR              2m46s      2m43s      -3s  ✅  Sophonie 2
11:40:58 BLOC_B_SERIE_DU_JOUR              3m46s      3m44s      -2s  ✅  Sophonie 3
11:44:42 BLOC_B_SERIE_DU_JOUR              2m43s      2m40s      -3s  ✅  Tite 1
11:47:22 BLOC_B_SERIE_DU_JOUR              2m10s      2m08s      -2s  ✅  Tite 2
11:49:30 BLOC_B_SERIE_DU_JOUR              2m22s      2m19s      -3s  ✅  Tite 3
11:51:49 BLOC_B_SERIE_DU_JOUR              2m40s      2m38s      -2s  ✅  Job 42
11:54:27 BLOC_B_SERIE_DU_JOUR              0m09s      0m10s      +1s  ✅  jingle id station 02 radio evangile du royaume
11:54:37 BLOC_B_SERIE_DU_JOUR              5m43s      5m41s      -2s  ✅  Cantique l Éternel est mon Berger (1)
12:00:18 BLOC_C_SERIE_DU_JOUR              0m10s      0m10s      +0s  ✅  jingle avant message 01 voici le message du jour
12:00:28 BLOC_C_SERIE_DU_JOUR             13m24s     13m21s      -3s  ✅  2020 tian le pardon 7
12:13:49 BLOC_C_SERIE_DU_JOUR              0m13s      0m11s      -2s  ✅  jingle avant bible 07 place a la lecture de la bible
12:14:00 BLOC_C_SERIE_DU_JOUR              3m36s      3m33s      -3s  ✅  Daniel 1
12:17:33 BLOC_C_SERIE_DU_JOUR              9m09s      9m06s      -3s  ✅  Daniel 2
12:26:39 BLOC_C_SERIE_DU_JOUR              6m24s      6m22s      -2s  ✅  Daniel 3
12:33:01 BLOC_C_SERIE_DU_JOUR              7m32s      7m29s      -3s  ✅  Daniel 4
12:40:30 BLOC_C_SERIE_DU_JOUR              6m09s      6m07s      -2s  ✅  Daniel 5
12:46:37 BLOC_C_SERIE_DU_JOUR              5m34s      5m31s      -3s  ✅  Daniel 6
12:52:08 BLOC_C_SERIE_DU_JOUR              5m29s      5m27s      -2s  ✅  Daniel 7
12:57:35 BLOC_C_SERIE_DU_JOUR              4m51s      4m48s      -3s  ✅  Daniel 8
13:02:23 BLOC_C_SERIE_DU_JOUR              5m57s      5m55s      -2s  ✅  Daniel 9
13:08:18 BLOC_C_SERIE_DU_JOUR              3m45s      3m43s      -2s  ✅  Daniel 10
13:12:01 BLOC_C_SERIE_DU_JOUR              0m13s      0m10s      -3s  ✅  jingle avant louange 07 voici un temps de louange
13:12:11 BLOC_C_SERIE_DU_JOUR              5m45s      5m43s      -2s  ✅  Ella Samuels - Oh Lord Our Maker
13:17:54 BLOC_C_SERIE_DU_JOUR              3m41s      3m39s      -2s  ✅  Adorons l'Éternel GAEL - JÉSUS EST SEIGNEUR -
13:21:33 BLOC_C_SERIE_DU_JOUR              8m18s      8m15s      -3s  ✅  Yahweh Is Mighty - SWBN TV
13:29:48 BLOC_C_SERIE_DU_JOUR              2m20s      2m17s      -3s  ✅  cantique  heureux l homme qui ne marche pas selon
13:32:05 BLOC_C_SERIE_DU_JOUR              8m22s      8m20s      -2s  ✅  Yeshua Hamashiach - Calabar HF
13:40:25 BLOC_C_SERIE_DU_JOUR              9m43s      9m40s      -3s  ✅  Thy Throne Oh Lord - Ketu HF
13:50:05 BLOC_C_SERIE_DU_JOUR              7m18s      7m15s      -3s  ✅  Holy is the Lord (Emmanuel Umoh)
13:57:20 BLOC_C_SERIE_DU_JOUR              7m36s      7m34s      -2s  ✅  There Is No Lie - SWBN TV
14:04:54 BLOC_C_SERIE_DU_JOUR              5m48s      5m46s      -2s  ✅  Forever You Reign - Abuja HF
14:10:40 BLOC_C_SERIE_DU_JOUR              0m10s      0m07s      -3s  ✅  jingle avant bible 06 ouvrons les saintes ecritures
14:10:47 BLOC_C_SERIE_DU_JOUR              4m15s      4m13s      -2s  ✅  Philippiens 1
14:15:00 BLOC_C_SERIE_DU_JOUR              4m28s      4m25s      -3s  ✅  Philippiens 2
14:19:25 BLOC_C_SERIE_DU_JOUR              3m26s      3m23s      -3s  ✅  Philippiens 3
14:22:48 BLOC_C_SERIE_DU_JOUR              3m39s      3m37s      -2s  ✅  Philippiens 4
14:26:25 BLOC_C_SERIE_DU_JOUR              4m33s      4m30s      -3s  ✅  1 Pierre 1
14:30:55 BLOC_C_SERIE_DU_JOUR              4m17s      4m16s      -1s  ✅  1 Pierre 2
14:35:11 BLOC_C_SERIE_DU_JOUR              3m50s      3m45s      -5s  ✅  1 Pierre 3
14:38:56 BLOC_C_SERIE_DU_JOUR              3m13s      3m11s      -2s  ✅  1 Pierre 4
14:42:07 BLOC_C_SERIE_DU_JOUR              0m10s      0m08s      -2s  ✅  jingle avant louange 06 que la louange seleve
14:42:15 BLOC_C_SERIE_DU_JOUR             10m35s     10m33s      -2s  ✅  Baruch Ha'ba B'Shem Adonai/Blessed Is He Who Comes in the Name of the Lord - Port Harcourt HF
14:52:48 BLOC_C_SERIE_DU_JOUR              9m04s      9m00s      -4s  ✅  You're the Lamb - Calabar HF
15:01:48 BLOC_C_SERIE_DU_JOUR              6m35s      6m33s      -2s  ✅  cantique   ta lumière
15:08:21 BLOC_C_SERIE_DU_JOUR              5m08s      5m06s      -2s  ✅  He Has Given Me - PHF
15:13:27 BLOC_C_SERIE_DU_JOUR              7m29s      7m26s      -3s  ✅  Hallelujah - PHF
15:20:53 BLOC_C_SERIE_DU_JOUR              4m18s      4m17s      -1s  ✅  You Are Worthy - Ketu HF
15:25:10 BLOC_C_SERIE_DU_JOUR             11m53s     11m49s      -4s  ✅  Hashem - PHF
15:36:59 BLOC_C_SERIE_DU_JOUR              6m09s      6m08s      -1s  ✅  Hymne des vainqueurs
15:43:07 BLOC_C_SERIE_DU_JOUR              0m09s      0m06s      -3s  ✅  jingle avant bible 08 prenons un moment pour ecouter la parole
15:43:13 BLOC_C_SERIE_DU_JOUR              1m43s      1m41s      -2s  ✅  Zacharie 13
15:44:54 BLOC_C_SERIE_DU_JOUR              4m06s      4m03s      -3s  ✅  Zacharie 14
15:48:57 BLOC_C_SERIE_DU_JOUR              4m36s      4m33s      -3s  ✅  Luc 16
15:53:30 BLOC_C_SERIE_DU_JOUR              4m42s      4m40s      -2s  ✅  Luc 17
15:58:10 BLOC_C_SERIE_DU_JOUR              5m39s      5m35s      -4s  ✅  Luc 18
16:03:45 BLOC_C_SERIE_DU_JOUR              5m49s      5m47s      -2s  ✅  Luc 19
16:09:32 BLOC_C_SERIE_DU_JOUR              5m57s      5m55s      -2s  ✅  Luc 20
16:15:27 BLOC_C_SERIE_DU_JOUR              5m02s      4m59s      -3s  ✅  Luc 21
16:20:26 BLOC_C_SERIE_DU_JOUR              9m03s      9m01s      -2s  ✅  Luc 22
16:29:27 BLOC_C_SERIE_DU_JOUR              0m11s      0m08s      -3s  ✅  jingle avant louange 05 elevons nos coeurs vers dieu
16:29:35 BLOC_C_SERIE_DU_JOUR              3m24s      3m21s      -3s  ✅  Cantique sa miséricorde
16:32:56 BLOC_C_SERIE_DU_JOUR              3m10s      3m07s      -3s  ✅  la Parole
16:36:03 BLOC_C_SERIE_DU_JOUR              8m30s      8m28s      -2s  ✅  We Worship Adonai - PHF
16:44:31 BLOC_C_SERIE_DU_JOUR              5m52s      5m50s      -2s  ✅  Not Naked (Abasiama Timothy)
16:50:21 BLOC_C_SERIE_DU_JOUR              7m09s      7m07s      -2s  ✅  My God Is Good - Winnipeg Fellowship
16:57:28 BLOC_C_SERIE_DU_JOUR              5m58s      5m55s      -3s  ✅  In Jesus - PHF
17:03:23 BLOC_C_SERIE_DU_JOUR              4m11s      4m09s      -2s  ✅  Cantique   Oh Éternel Dieu, Tu es le Dieu Incomparable
17:07:32 BLOC_C_SERIE_DU_JOUR              4m11s      4m07s      -4s  ✅  jai donné ma vie à jésus (1)
17:11:39 BLOC_C_SERIE_DU_JOUR              3m04s      3m02s      -2s  ✅  The Lord is my Light and Salvation - Nonso Njoku
17:14:41 BLOC_C_SERIE_DU_JOUR              6m57s      6m54s      -3s  ✅  The Lord on High is Mightier - Toronto HF
17:21:35 BLOC_C_SERIE_DU_JOUR              4m19s      4m16s      -3s  ✅  I Know The Blood - PHF
17:25:51 BLOC_C_SERIE_DU_JOUR              8m12s      8m10s      -2s  ✅  Jesus is Alpha - PHF
17:34:01 BLOC_C_SERIE_DU_JOUR              0m09s      0m10s      +1s  ✅  jingle id station 01 la bonne nouvelle partout
17:34:11 BLOC_C_SERIE_DU_JOUR              2m59s      2m56s      -3s  ✅  2 Timothée 1
17:37:07 BLOC_C_SERIE_DU_JOUR              3m52s      3m50s      -2s  ✅  2 Timothée 2
17:40:57 BLOC_C_SERIE_DU_JOUR              2m37s      2m34s      -3s  ✅  2 Timothée 3
17:43:31 BLOC_C_SERIE_DU_JOUR              3m09s      3m06s      -3s  ✅  2 Timothée 4
17:46:37 BLOC_C_SERIE_DU_JOUR              2m30s      2m28s      -2s  ✅  Amos 8
17:49:05 BLOC_C_SERIE_DU_JOUR              2m56s      2m54s      -2s  ✅  Amos 9
17:51:59 BLOC_C_SERIE_DU_JOUR              5m00s      4m57s      -3s  ✅  Deutéronome 29
17:56:56 BLOC_C_SERIE_DU_JOUR              0m09s      0m11s      +2s  ✅  jingle id station 02 radio evangile du royaume
17:57:07 BLOC_C_SERIE_DU_JOUR              4m20s      4m17s      -3s  ✅  There's A Mighty River Flowing - SWBN TV
18:01:24 BLOC_D_SERIE_DU_JOUR              0m11s      0m09s      -2s  ✅  jingle avant message 05 vous etes a lecoute de levangile du royaume
18:01:33 BLOC_D_SERIE_DU_JOUR             13m24s     13m21s      -3s  ✅  2020 tian le pardon 7
18:14:54 BLOC_D_SERIE_DU_JOUR              0m09s      0m06s      -3s  ✅  jingle avant bible 08 prenons un moment pour ecouter la parole
18:15:00 BLOC_D_SERIE_DU_JOUR              2m21s      2m19s      -2s  ✅  Ecclésiaste 1
18:17:19 BLOC_D_SERIE_DU_JOUR              4m17s      4m15s      -2s  ✅  Ecclésiaste 2
18:21:34 BLOC_D_SERIE_DU_JOUR              2m50s      2m47s      -3s  ✅  Ecclésiaste 3
18:24:21 BLOC_D_SERIE_DU_JOUR              2m23s      2m21s      -2s  ✅  Ecclésiaste 4
18:26:42 BLOC_D_SERIE_DU_JOUR              3m17s      3m14s      -3s  ✅  Ecclésiaste 5
18:29:56 BLOC_D_SERIE_DU_JOUR              1m50s      1m48s      -2s  ✅  Ecclésiaste 6
18:31:44 BLOC_D_SERIE_DU_JOUR              3m44s      3m41s      -3s  ✅  Ecclésiaste 7
18:35:25 BLOC_D_SERIE_DU_JOUR              2m51s      2m49s      -2s  ✅  Ecclésiaste 8
18:38:14 BLOC_D_SERIE_DU_JOUR              3m14s      3m11s      -3s  ✅  Ecclésiaste 9
18:41:25 BLOC_D_SERIE_DU_JOUR              2m29s      2m27s      -2s  ✅  Ecclésiaste 10
18:43:52 BLOC_D_SERIE_DU_JOUR              1m34s      1m32s      -2s  ✅  Ecclésiaste 11
18:45:24 BLOC_D_SERIE_DU_JOUR              2m16s      2m13s      -3s  ✅  Ecclésiaste 12
18:47:37 BLOC_D_SERIE_DU_JOUR              3m20s      3m18s      -2s  ✅  Josué 1
18:50:55 BLOC_D_SERIE_DU_JOUR              4m14s      4m14s      +0s  ✅  Josué 2
18:55:09 BLOC_D_SERIE_DU_JOUR              3m11s      3m06s      -5s  ✅  Josué 3
18:58:15 BLOC_D_SERIE_DU_JOUR              3m45s      3m42s      -3s  ✅  Josué 4
19:01:57 BLOC_D_SERIE_DU_JOUR              2m57s      2m54s      -3s  ✅  Josué 5
19:04:51 BLOC_D_SERIE_DU_JOUR              5m15s      5m21s      +6s  ✅  Josué 6
19:10:12 BLOC_D_SERIE_DU_JOUR              6m57s      6m54s      -3s  ✅  qui est digne d ouvrir le livre
19:17:06 BLOC_D_SERIE_DU_JOUR              4m33s      4m31s      -2s  ✅  God is Building - Will You Be - Ketu HF
19:21:37 BLOC_D_SERIE_DU_JOUR              6m02s      6m00s      -2s  ✅  Crown Him Lord of Lords - Nonso Njoku
19:27:37 BLOC_D_SERIE_DU_JOUR              6m13s      6m10s      -3s  ✅  Immortal God - Elohim Adonai - Abuja HF
19:33:47 BLOC_D_SERIE_DU_JOUR              7m25s      7m22s      -3s  ✅  Victorious Is the Lamb - Winnipeg Fellowship
19:41:09 BLOC_D_SERIE_DU_JOUR              5m10s      5m08s      -2s  ✅  I Will Call Upon The Lord
19:46:17 BLOC_D_SERIE_DU_JOUR              5m04s      5m02s      -2s  ✅  Guide Me - El ELyon - Abuja HF
19:51:19 BLOC_D_SERIE_DU_JOUR             11m01s     10m58s      -3s  ✅  Great is, Ascribe - Ketu HF
20:02:17 BLOC_D_SERIE_DU_JOUR              7m21s      7m18s      -3s  ✅  For By My God - Toronto & Winnipeg HF
20:09:35 BLOC_D_SERIE_DU_JOUR              0m13s      0m11s      -2s  ✅  jingle avant bible 07 place a la lecture de la bible
20:09:46 BLOC_D_SERIE_DU_JOUR              2m27s      2m24s      -3s  ✅  Ésaïe 6
20:12:10 BLOC_D_SERIE_DU_JOUR              3m57s      3m54s      -3s  ✅  Ésaïe 7
20:16:04 BLOC_D_SERIE_DU_JOUR              3m32s      3m29s      -3s  ✅  Ésaïe 8
20:19:33 BLOC_D_SERIE_DU_JOUR              3m37s      3m35s      -2s  ✅  Ésaïe 9
20:23:08 BLOC_D_SERIE_DU_JOUR              5m32s      5m29s      -3s  ✅  Ésaïe 10
20:28:37 BLOC_D_SERIE_DU_JOUR              2m58s      2m56s      -2s  ✅  Ésaïe 11
20:31:33 BLOC_D_SERIE_DU_JOUR              1m01s      0m58s      -3s  ✅  Ésaïe 12
20:32:31 BLOC_D_SERIE_DU_JOUR              3m21s      3m18s      -3s  ✅  Ésaïe 13
20:35:49 BLOC_D_SERIE_DU_JOUR              0m11s      0m09s      -2s  ✅  jingle avant louange 05 elevons nos coeurs vers dieu
20:35:58 BLOC_D_SERIE_DU_JOUR              4m04s      4m01s      -3s  ✅  Ascribe Greatness - PHF
20:39:59 BLOC_D_SERIE_DU_JOUR              8m37s      8m35s      -2s  ✅  He Has Given Me & Emmanuel You Joy Over Us (Medley) (Abasiama Timothy & Imah Adegoke)
20:48:34 BLOC_D_SERIE_DU_JOUR              4m48s      4m46s      -2s  ✅  Yeshua I'm Waiting for You  - Ketu HF
20:53:20 BLOC_D_SERIE_DU_JOUR              6m06s      6m04s      -2s  ✅  cantique  ta bonte
20:59:24 BLOC_D_SERIE_DU_JOUR              6m59s      6m56s      -3s  ✅  Hosanna - Toronto HF
21:06:20 BLOC_D_SERIE_DU_JOUR              5m52s      5m50s      -2s  ✅  Where Two or Three are Gathered - Calabar HF
21:12:10 BLOC_D_SERIE_DU_JOUR              8m21s      8m18s      -3s  ✅  In the Day of Your Power  - Winnipeg Fellowship
21:20:28 BLOC_D_SERIE_DU_JOUR              4m13s      4m10s      -3s  ✅  4 minutes
21:24:38 BLOC_D_SERIE_DU_JOUR             10m25s     10m32s      +7s  ✅  Holy Are You - PHF
21:35:10 BLOC_D_SERIE_DU_JOUR              2m37s      2m33s      -4s  ✅  Michée 6
21:37:43 BLOC_D_SERIE_DU_JOUR              3m27s      3m24s      -3s  ✅  Michée 7
21:41:07 BLOC_D_SERIE_DU_JOUR              6m14s      6m12s      -2s  ✅  Jean 12
21:47:19 BLOC_D_SERIE_DU_JOUR              4m51s      4m49s      -2s  ✅  Jean 13
21:52:08 BLOC_D_SERIE_DU_JOUR              3m52s      3m48s      -4s  ✅  Jean 14
21:55:56 BLOC_D_SERIE_DU_JOUR              3m22s      3m20s      -2s  ✅  Jean 15
21:59:16 BLOC_D_SERIE_DU_JOUR              4m20s      4m18s      -2s  ✅  Jean 16
22:03:34 BLOC_D_SERIE_DU_JOUR              3m14s      3m11s      -3s  ✅  Jean 17
22:06:45 BLOC_D_SERIE_DU_JOUR              5m40s      5m38s      -2s  ✅  Jean 18
22:12:23 BLOC_D_SERIE_DU_JOUR              6m09s      6m06s      -3s  ✅  Jean 19
22:18:29 BLOC_D_SERIE_DU_JOUR              0m13s      0m11s      -2s  ✅  jingle avant louange 07 voici un temps de louange
22:18:40 BLOC_D_SERIE_DU_JOUR              3m19s      3m16s      -3s  ✅  Awaken My Heart
22:21:56 BLOC_D_SERIE_DU_JOUR              8m10s      8m08s      -2s  ✅  Agunechemba - SWBN TV
22:30:04 BLOC_D_SERIE_DU_JOUR              4m14s      4m11s      -3s  ✅  Mon modèle, c est Jésus
22:34:15 BLOC_D_SERIE_DU_JOUR              2m57s      2m56s      -1s  ✅  You Are the Captain of the Host - Toronto HF
22:37:11 BLOC_D_SERIE_DU_JOUR              5m15s      5m12s      -3s  ✅  Yahweh Be Praised - Abuja HF
22:42:23 BLOC_D_SERIE_DU_JOUR              9m38s      9m35s      -3s  ✅  Holy are You oh Lord (Olaedo Uzoma & Vincent Opara)
22:51:58 BLOC_D_SERIE_DU_JOUR              8m10s      8m07s      -3s  ✅  Great and Marvellous - Ketu HF
23:00:05 BLOC_D_SERIE_DU_JOUR              4m44s      4m43s      -1s  ✅  Je veux vivre ton royaume
23:04:48 BLOC_D_SERIE_DU_JOUR              7m09s      7m06s      -3s  ✅  There is A Mighty River Flowing - Ketu HF
23:11:54 BLOC_D_SERIE_DU_JOUR              0m09s      0m09s      +0s  ✅  jingle id station 01 la bonne nouvelle partout
23:12:03 BLOC_D_SERIE_DU_JOUR              3m26s      3m24s      -2s  ✅  Abdias 1
23:15:27 BLOC_D_SERIE_DU_JOUR              5m51s      5m49s      -2s  ✅  Marc 15
23:21:16 BLOC_D_SERIE_DU_JOUR              2m50s      2m47s      -3s  ✅  Marc 16
23:24:03 BLOC_D_SERIE_DU_JOUR              6m58s      6m56s      -2s  ✅  Lévitique 23
23:30:59 BLOC_E_LOUANGE_NUIT               9m38s      9m35s      -3s  ✅  Holy are You oh Lord (Olaedo Uzoma & Vincent Opara)
23:40:34 BLOC_E_LOUANGE_NUIT               6m57s      6m54s      -3s  ✅  qui est digne d ouvrir le livre
23:47:28 BLOC_E_LOUANGE_NUIT               6m06s      6m04s      -2s  ✅  cantique  ta bonte
23:53:32 BLOC_E_LOUANGE_NUIT               5m04s      5m02s      -2s  ✅  I Enter The Holy of Holies - Port Harcourt HF
23:58:34 BLOC_E_LOUANGE_NUIT               2m20s      2m56s     +36s  ⚠️ TROU APRÈS  cantique  heureux l homme qui ne marche pas selon
----------------------------------------------------------------------------------------------------
Bilan : 325 titres, 2 anomalie(s) (titre coupé de plus de 10s ou trou d'antenne). Gravité : 1 mineure(s) <1min · 1 sérieuse(s) 1-10min · 0 critique(s) >10min.

====================================================================================================
CONTRÔLES APPROFONDIS
====================================================================================================
MESSAGE DU JOUR « Tian Le pardon 7 » : 4 diffusion(s) pour 4 prévue(s) ✅
   00:03:59  (étiquette BLOC_A_SERIE_DU_JOUR)
   06:04:56  (étiquette BLOC_B_SERIE_DU_JOUR)
   12:00:28  (étiquette BLOC_C_SERIE_DU_JOUR)
   18:01:33  (étiquette BLOC_D_SERIE_DU_JOUR)
JINGLES : 29 joués / 36 prévus (81%) ⚠️   ·   BLOC_A 6/9 · BLOC_B 8/9 · BLOC_C 9/9 · BLOC_D 6/9
HORS FENÊTRE : aucun débordement de bloc détecté ✅
BOUCHE-TROUS : aucun ✅
COUVERTURE : premier titre à 00:01:34 ✅ · dernier titre finit vers 00:00:54 (estimé) ✅

====================================================================================================
RÉEL vs PRÉVU — ce qui a joué vs ce que le plan prévoyait
====================================================================================================
----------------------------------------------------------------------------------------------------
BLOC_A  (00:00-06:00)  prévus  99 · atteignables  96 · joués  93 · conformité  97% · sautés  3 · en trop  0
   ⏭️  PRÉVU NON JOUÉ : jingle avant bible 06 ouvrons les saintes ecritures · jingle avant louange 06 que la louange seleve · jingle avant bible 08 prenons un moment pour ecouter la parole
   ⏸️  FIN DE BLOC NON ATTEINTE (3 titres · ~19m08s) — marge anti-rebouclage au-delà de la fenêtre, normal : There is no Lie (Imah Adegoke & Mary Umoh) · Sing Unto the Lord a new Song  - Winnipeg Fellowship · That I May Know Him - Toronto HF
----------------------------------------------------------------------------------------------------
BLOC_B  (06:00-12:00)  prévus  82 · atteignables  80 · joués  79 · conformité  99% · sautés  1 · en trop  0
   ⏭️  PRÉVU NON JOUÉ : jingle avant bible 08 prenons un moment pour ecouter la parole
   ⏸️  FIN DE BLOC NON ATTEINTE (2 titres · ~19m45s) — marge anti-rebouclage au-delà de la fenêtre, normal : There is no name  - Winnipeg Fellowship · Great & Marvelluos - Toronto HF
----------------------------------------------------------------------------------------------------
BLOC_C  (12:00-18:00)  prévus  77 · atteignables  74 · joués  74 · conformité 100% · sautés  0 · en trop  0
   ⏸️  FIN DE BLOC NON ATTEINTE (3 titres · ~24m37s) — marge anti-rebouclage au-delà de la fenêtre, normal : Shine in Darkness O Lord  - Winnipeg Fellowship · cantique  tes promesses  pub direct dec 2021 import (2) · As We Worship In Ypur Presence
----------------------------------------------------------------------------------------------------
BLOC_D  (18:00-23:30)  prévus  81 · atteignables  76 · joués  74 · conformité  97% · sautés  2 · en trop  0
   ⏭️  PRÉVU NON JOUÉ : jingle avant louange 06 que la louange seleve · jingle avant bible 06 ouvrons les saintes ecritures
   ⏸️  FIN DE BLOC NON ATTEINTE (5 titres · ~28m22s) — marge anti-rebouclage au-delà de la fenêtre, normal : JINGLE · God is Moving Us On - Ketu HF · Now is Come Salvation - Toronto HF · Psalm 93 - Port Harcourt HF · Bless Ye the Lord - PHF
----------------------------------------------------------------------------------------------------
CONFORMITÉ GLOBALE : 320/326 titres atteignables joués dans l'ordre = 98%  (0 titre(s) hors plan · 13 non atteint(s) en fin de bloc, marge normale)
