Rapport de diffusion — 2026-05-30 (heures UTC)
306 titres joués | tolérance ±10s
====================================================================================================
HEURE    PLAYLIST                     FICHIER          RÉEL    ÉCART  STATUT  TITRE
----------------------------------------------------------------------------------------------------
00:04:44 BLOC_A_SERIE_DU_JOUR              0m09s      0m06s      -3s  ✅  JINGLE
00:04:50 BLOC_A_SERIE_DU_JOUR           1h13m31s      0m27s   -4384s  ❌ COUPÉ  la résurrection des morts et la délivrance de lesclavage de la corruption part1
00:05:17 BLOC_A_SERIE_DU_JOUR              2m20s      2m17s      -3s  ✅  cantique  heureux l homme qui ne marche pas selon
00:07:34 BLOC_A_SERIE_DU_JOUR              6m34s      6m32s      -2s  ✅  cantique  béni soit le dieu d israël
00:14:06 BLOC_A_SERIE_DU_JOUR              5m19s      5m16s      -3s  ✅  Gabrielle LIDJI - Mélodie Céleste  by LFXA(Light FX Animation)_2
00:19:22 BLOC_A_SERIE_DU_JOUR              9m23s      9m21s      -2s  ✅  10 minutes
00:28:43 BLOC_A_SERIE_DU_JOUR              6m41s      6m43s      +2s  ✅  6 minutes
00:35:26 BLOC_A_SERIE_DU_JOUR           1h13m31s      0m44s   -4367s  ❌ COUPÉ  la résurrection des morts et la délivrance de lesclavage de la corruption part1
00:36:10 BLOC_A_SERIE_DU_JOUR              3m41s      3m39s      -2s  ✅  Adorons l'Éternel GAEL - JÉSUS EST SEIGNEUR -
00:39:49 BLOC_A_SERIE_DU_JOUR              0m04s      0m03s      -1s  ✅  Jingle - Le Royaume
00:39:52 BLOC_A_SERIE_DU_JOUR           1h13m31s      0m31s   -4380s  ❌ COUPÉ  la résurrection des morts et la délivrance de lesclavage de la corruption part1
00:40:23 BLOC_A_SERIE_DU_JOUR              5m21s      5m18s      -3s  ✅  1 Chronicles
00:45:41 BLOC_A_SERIE_DU_JOUR              3m53s      3m50s      -3s  ✅  1 Timothee
00:49:31 BLOC_A_SERIE_DU_JOUR              5m40s      5m39s      -1s  ✅  Marc
00:55:10 BLOC_A_SERIE_DU_JOUR              4m29s      4m26s      -3s  ✅  Nombres 28
00:59:36 BLOC_A_SERIE_DU_JOUR              3m53s      3m50s      -3s  ✅  Esaie
01:03:26 BLOC_A_SERIE_DU_JOUR              0m03s      0m03s      +0s  ✅  JINGLE
01:03:29 BLOC_A_SERIE_DU_JOUR           1h13m31s      0m40s   -4371s  ❌ COUPÉ  la résurrection des morts et la délivrance de lesclavage de la corruption part1
01:04:09 BLOC_A_SERIE_DU_JOUR              3m12s      3m09s      -3s  ✅  esprit de dieu
01:07:18 BLOC_A_SERIE_DU_JOUR              4m52s      4m50s      -2s  ✅  cantique   prends tout le contrôle
01:12:08 BLOC_A_SERIE_DU_JOUR              0m07s      0m05s      -2s  ✅  Parole Prophétique FM
01:12:13 BLOC_A_SERIE_DU_JOUR              6m06s      6m04s      -2s  ✅  cantique  ta bonte
01:18:17 BLOC_A_SERIE_DU_JOUR              4m11s      4m08s      -3s  ✅  jai donné ma vie à jésus (1)
01:22:25 BLOC_A_SERIE_DU_JOUR              5m28s      5m26s      -2s  ✅  même humilié
01:27:51 BLOC_A_SERIE_DU_JOUR              7m17s      7m22s      +5s  ✅  cantique  tes promesses  pub direct dec 2021 import (2)
01:35:13 BLOC_A_SERIE_DU_JOUR           1h13m31s     18m42s   -3289s  ❌ COUPÉ  la résurrection des morts et la délivrance de lesclavage de la corruption part1
01:53:55 BLOC_A_SERIE_DU_JOUR              0m09s      0m06s      -3s  ✅  JINGLE
01:54:01 BLOC_A_SERIE_DU_JOUR           1h13m31s      0m10s   -4401s  ❌ COUPÉ  la résurrection des morts et la délivrance de lesclavage de la corruption part1
01:54:11 BLOC_A_SERIE_DU_JOUR              0m58s      0m55s      -3s  ✅  La Bible
01:55:06 BLOC_A_SERIE_DU_JOUR           1h13m31s      0m11s   -4400s  ❌ COUPÉ  la résurrection des morts et la délivrance de lesclavage de la corruption part1
01:55:17 BLOC_A_SERIE_DU_JOUR              4m12s      4m10s      -2s  ✅  Esaie
01:59:27 BLOC_A_SERIE_DU_JOUR              3m40s      3m38s      -2s  ✅  Matthieu
02:03:05 BLOC_A_SERIE_DU_JOUR              2m33s      2m31s      -2s  ✅  1 Samuel
02:05:36 BLOC_A_SERIE_DU_JOUR              3m48s      3m45s      -3s  ✅  2 Chronicles
02:09:21 BLOC_A_SERIE_DU_JOUR              6m32s      6m29s      -3s  ✅  Actes
02:15:50 BLOC_A_SERIE_DU_JOUR              1m29s      1m27s      -2s  ✅  La Bible
02:17:17 BLOC_A_SERIE_DU_JOUR              7m36s      7m33s      -3s  ✅  Nombres 4
02:24:50 BLOC_A_SERIE_DU_JOUR              4m00s      3m57s      -3s  ✅  Ezechiel
02:28:47 BLOC_A_SERIE_DU_JOUR              3m51s      3m49s      -2s  ✅  Bible_fr_05_deuter_006
02:32:36 BLOC_A_SERIE_DU_JOUR              1m43s      1m40s      -3s  ✅  Job
02:34:16 BLOC_A_SERIE_DU_JOUR              3m34s      3m32s      -2s  ✅  Apocalypse
02:37:48 BLOC_A_SERIE_DU_JOUR              2m34s      2m32s      -2s  ✅  2 Chronicles
02:40:20 BLOC_A_SERIE_DU_JOUR              1m57s      1m54s      -3s  ✅  Job
02:42:14 BLOC_A_SERIE_DU_JOUR              6m58s      6m56s      -2s  ✅  Lévitique 23
02:49:10 BLOC_A_SERIE_DU_JOUR              2m44s      2m41s      -3s  ✅  Esther 6
02:51:51 BLOC_A_SERIE_DU_JOUR              5m03s      5m05s      +2s  ✅  Ezechiel
02:56:56 BLOC_A_SERIE_DU_JOUR           1h13m31s      0m14s   -4397s  ❌ COUPÉ  la résurrection des morts et la délivrance de lesclavage de la corruption part1
02:57:10 BLOC_A_SERIE_DU_JOUR              5m13s      5m11s      -2s  ✅  Il s'appelait Emmanuel - Marcel Boungou + Paroles
03:02:21 BLOC_A_SERIE_DU_JOUR              6m41s      6m38s      -3s  ✅  6 minutes
03:08:59 BLOC_A_SERIE_DU_JOUR              5m28s      5m25s      -3s  ✅  même humilié
03:14:24 BLOC_A_SERIE_DU_JOUR              4m13s      4m11s      -2s  ✅  4 minutes
03:18:35 BLOC_A_SERIE_DU_JOUR              5m10s      5m08s      -2s  ✅  Igwe
03:23:43 BLOC_A_SERIE_DU_JOUR              2m20s      2m17s      -3s  ✅  cantique  heureux l homme qui ne marche pas selon
03:26:00 BLOC_A_SERIE_DU_JOUR              3m22s      3m19s      -3s  ✅  Ses cheveux étaient blancs..
03:29:19 BLOC_A_SERIE_DU_JOUR              7m17s      7m15s      -2s  ✅  cantique  tes promesses  pub direct dec 2021 import (2)
03:36:34 BLOC_A_SERIE_DU_JOUR              6m35s      6m33s      -2s  ✅  cantique   ta lumière
03:43:07 BLOC_A_SERIE_DU_JOUR              6m57s      6m54s      -3s  ✅  qui est digne d ouvrir le livre
03:50:01 BLOC_A_SERIE_DU_JOUR              6m06s      6m04s      -2s  ✅  cantique  ta bonte
03:56:05 BLOC_A_SERIE_DU_JOUR              2m16s      2m16s      +0s  ✅  cantique  nous sommes le sel de la terre
03:58:21 BLOC_A_SERIE_DU_JOUR           1h13m31s      0m48s   -4363s  ❌ COUPÉ  la résurrection des morts et la délivrance de lesclavage de la corruption part1
03:59:09 BLOC_A_SERIE_DU_JOUR              4m56s      4m54s      -2s  ✅  Marc
04:04:03 BLOC_A_SERIE_DU_JOUR              3m14s      3m11s      -3s  ✅  Job
04:07:14 BLOC_A_SERIE_DU_JOUR              3m44s      3m42s      -2s  ✅  Ecclesiaste
04:10:56 BLOC_A_SERIE_DU_JOUR              2m27s      4m17s    +110s  ⚠️ TROU APRÈS  La Bible
04:15:13 BLOC_A_SERIE_DU_JOUR              3m15s      3m12s      -3s  ✅  Romains
04:18:25 BLOC_A_SERIE_DU_JOUR              1m36s      1m33s      -3s  ✅  Job
04:19:58 BLOC_A_SERIE_DU_JOUR              3m51s      3m49s      -2s  ✅  Bible_fr_06_joshua_017
04:23:47 BLOC_A_SERIE_DU_JOUR              6m09s      6m06s      -3s  ✅  Jean 19
04:29:53 BLOC_A_SERIE_DU_JOUR              0m07s      0m05s      -2s  ✅  JINGLE
04:29:58 BLOC_A_SERIE_DU_JOUR           1h13m31s      0m23s   -4388s  ❌ COUPÉ  la résurrection des morts et la délivrance de lesclavage de la corruption part1
04:30:21 BLOC_A_SERIE_DU_JOUR              6m28s      6m30s      +2s  ✅  Le Bien-Etre Universel
04:36:51 BLOC_A_SERIE_DU_JOUR           1h13m31s      0m19s   -4392s  ❌ COUPÉ  la résurrection des morts et la délivrance de lesclavage de la corruption part1
04:37:10 BLOC_A_SERIE_DU_JOUR              4m52s      4m50s      -2s  ✅  cantique   prends tout le contrôle
04:42:00 BLOC_A_SERIE_DU_JOUR              4m11s      4m08s      -3s  ✅  jai donné ma vie à jésus (1)
04:46:08 BLOC_A_SERIE_DU_JOUR              5m19s      5m17s      -2s  ✅  Gabrielle LIDJI - Mélodie Céleste  by LFXA(Light FX Animation)_2
04:51:25 BLOC_A_SERIE_DU_JOUR              9m23s      9m21s      -2s  ✅  10 minutes
05:00:46 BLOC_A_SERIE_DU_JOUR              3m12s      3m10s      -2s  ✅  esprit de dieu
05:03:56 BLOC_A_SERIE_DU_JOUR              6m09s      6m07s      -2s  ✅  Hymne des vainqueurs
05:10:03 BLOC_A_SERIE_DU_JOUR              6m34s      6m34s      +0s  ✅  cantique  béni soit le dieu d israël
05:16:37 BLOC_A_SERIE_DU_JOUR           1h13m31s      0m33s   -4378s  ❌ COUPÉ  la résurrection des morts et la délivrance de lesclavage de la corruption part1
05:17:10 BLOC_A_SERIE_DU_JOUR              3m41s      3m39s      -2s  ✅  Adorons l'Éternel GAEL - JÉSUS EST SEIGNEUR -
05:20:49 BLOC_A_SERIE_DU_JOUR              6m06s      6m04s      -2s  ✅  cantique  ta bonte
05:26:53 BLOC_A_SERIE_DU_JOUR              6m41s      6m38s      -3s  ✅  6 minutes
05:33:31 BLOC_A_SERIE_DU_JOUR              0m07s      0m05s      -2s  ✅  JINGLE
05:33:36 BLOC_A_SERIE_DU_JOUR           1h13m31s      0m34s   -4377s  ❌ COUPÉ  la résurrection des morts et la délivrance de lesclavage de la corruption part1
05:34:10 BLOC_A_SERIE_DU_JOUR              4m05s      4m03s      -2s  ✅  2 Roi
05:38:13 BLOC_A_SERIE_DU_JOUR              2m30s      2m28s      -2s  ✅  Amos
05:40:41 BLOC_A_SERIE_DU_JOUR              3m58s      3m55s      -3s  ✅  Esaie
05:44:36 BLOC_A_SERIE_DU_JOUR              1m34s      1m32s      -2s  ✅  Ecclesiaste
05:46:08 BLOC_A_SERIE_DU_JOUR              1m13s      1m11s      -2s  ✅  Job
05:47:19 BLOC_A_SERIE_DU_JOUR              4m04s      4m01s      -3s  ✅  2 Pierre
05:51:20 BLOC_A_SERIE_DU_JOUR              7m03s      7m01s      -2s  ✅  2 Chronicles
05:58:21 BLOC_A_SERIE_DU_JOUR              6m10s      6m07s      -3s  ✅  Nombres 11
06:04:28 BLOC_B_SERIE_DU_JOUR              0m06s      0m06s      +0s  ✅  JINGLE
06:04:34 BLOC_B_SERIE_DU_JOUR           1h13m31s   1h14m16s     +45s  ⚠️ TROU APRÈS  la résurrection des morts et la délivrance de lesclavage de la corruption part1
07:18:50 BLOC_B_SERIE_DU_JOUR           1h13m31s      0m24s   -4387s  ❌ COUPÉ  la résurrection des morts et la délivrance de lesclavage de la corruption part1
07:19:14 BLOC_B_SERIE_DU_JOUR              3m35s      4m21s     +46s  ⚠️ TROU APRÈS  La Bible
07:23:35 BLOC_B_SERIE_DU_JOUR              5m55s      5m53s      -2s  ✅  Esaie
07:29:28 BLOC_B_SERIE_DU_JOUR              4m21s      4m19s      -2s  ✅  Bible_fr_01_gen_004
07:33:47 BLOC_B_SERIE_DU_JOUR              4m14s      4m11s      -3s  ✅  Bible_fr_01_gen_011
07:37:58 BLOC_B_SERIE_DU_JOUR              6m21s      6m19s      -2s  ✅  Luc
07:44:17 BLOC_B_SERIE_DU_JOUR              1m30s      1m28s      -2s  ✅  La Bible
07:45:45 BLOC_B_SERIE_DU_JOUR              2m17s      2m14s      -3s  ✅  Hebreux
07:47:59 BLOC_B_SERIE_DU_JOUR              2m31s      2m29s      -2s  ✅  Esaie
07:50:28 BLOC_B_SERIE_DU_JOUR              5m42s      5m39s      -3s  ✅  Jeremie
07:56:07 BLOC_B_SERIE_DU_JOUR              5m00s      4m58s      -2s  ✅  La Bible
08:01:05 BLOC_B_SERIE_DU_JOUR              5m09s      5m06s      -3s  ✅  Marc
08:06:11 BLOC_B_SERIE_DU_JOUR              5m42s      5m40s      -2s  ✅  Bible_fr_07_judges_008
08:11:51 BLOC_B_SERIE_DU_JOUR              2m47s      2m44s      -3s  ✅  2 Thessaloniciens
08:14:35 BLOC_B_SERIE_DU_JOUR              4m54s      4m55s      +1s  ✅  Esaie
08:19:30 BLOC_B_SERIE_DU_JOUR           1h13m31s      0m54s   -4357s  ❌ COUPÉ  la résurrection des morts et la délivrance de lesclavage de la corruption part1
08:20:24 BLOC_B_SERIE_DU_JOUR              5m13s      5m10s      -3s  ✅  Il s'appelait Emmanuel - Marcel Boungou + Paroles
08:25:34 BLOC_B_SERIE_DU_JOUR              2m20s      2m18s      -2s  ✅  cantique  heureux l homme qui ne marche pas selon
08:27:52 BLOC_B_SERIE_DU_JOUR              2m16s      2m16s      +0s  ✅  cantique  nous sommes le sel de la terre
08:30:08 BLOC_B_SERIE_DU_JOUR           1h13m31s      0m16s   -4395s  ❌ COUPÉ  la résurrection des morts et la délivrance de lesclavage de la corruption part1
08:30:24 BLOC_B_SERIE_DU_JOUR              5m19s      5m16s      -3s  ✅  Gabrielle LIDJI - Mélodie Céleste  by LFXA(Light FX Animation)_2
08:35:40 BLOC_B_SERIE_DU_JOUR              4m52s      4m50s      -2s  ✅  cantique   prends tout le contrôle
08:40:30 BLOC_B_SERIE_DU_JOUR              6m34s      6m31s      -3s  ✅  cantique  béni soit le dieu d israël
08:47:01 BLOC_B_SERIE_DU_JOUR              6m57s      6m55s      -2s  ✅  qui est digne d ouvrir le livre
08:53:56 BLOC_B_SERIE_DU_JOUR              4m11s      4m08s      -3s  ✅  jai donné ma vie à jésus (1)
08:58:04 BLOC_B_SERIE_DU_JOUR              6m41s      6m38s      -3s  ✅  6 minutes
09:04:42 BLOC_B_SERIE_DU_JOUR              9m23s      9m21s      -2s  ✅  10 minutes
09:14:03 BLOC_B_SERIE_DU_JOUR              5m28s      5m25s      -3s  ✅  même humilié
09:19:28 BLOC_B_SERIE_DU_JOUR              7m17s      7m15s      -2s  ✅  cantique  tes promesses  pub direct dec 2021 import (2)
09:26:43 BLOC_B_SERIE_DU_JOUR              0m09s      0m07s      -2s  ✅  JINGLE
09:26:50 BLOC_B_SERIE_DU_JOUR           1h13m31s      0m20s   -4391s  ❌ COUPÉ  la résurrection des morts et la délivrance de lesclavage de la corruption part1
09:27:10 BLOC_B_SERIE_DU_JOUR              0m54s      0m52s      -2s  ✅  La Bible
09:28:02 BLOC_B_SERIE_DU_JOUR           1h13m31s      0m08s   -4403s  ❌ COUPÉ  la résurrection des morts et la délivrance de lesclavage de la corruption part1
09:28:10 BLOC_B_SERIE_DU_JOUR              4m09s      4m06s      -3s  ✅  1 Corinthiens
09:32:16 BLOC_B_SERIE_DU_JOUR              4m04s      5m03s     +59s  ⚠️ TROU APRÈS  La Bible
09:37:19 BLOC_B_SERIE_DU_JOUR              6m33s      6m31s      -2s  ✅  Bible_fr_01_gen_019
09:43:50 BLOC_B_SERIE_DU_JOUR              0m41s      0m38s      -3s  ✅  La Bible
09:44:28 BLOC_B_SERIE_DU_JOUR              2m40s      2m37s      -3s  ✅  Habacuc
09:47:05 BLOC_B_SERIE_DU_JOUR              6m21s      6m19s      -2s  ✅  Actes
09:53:24 BLOC_B_SERIE_DU_JOUR              5m57s      5m59s      +2s  ✅  La Bible
09:59:23 BLOC_B_SERIE_DU_JOUR           1h13m31s      1m09s   -4342s  ❌ COUPÉ  la résurrection des morts et la délivrance de lesclavage de la corruption part1
10:00:32 BLOC_B_SERIE_DU_JOUR           1h13m31s      0m39s   -4372s  ❌ COUPÉ  la résurrection des morts et la délivrance de lesclavage de la corruption part1
10:01:11 BLOC_B_SERIE_DU_JOUR              5m13s      5m10s      -3s  ✅  Il s'appelait Emmanuel - Marcel Boungou + Paroles
10:06:21 BLOC_B_SERIE_DU_JOUR              6m35s      6m33s      -2s  ✅  cantique   ta lumière
10:12:54 BLOC_B_SERIE_DU_JOUR              6m28s      6m25s      -3s  ✅  Le Bien-Etre Universel
10:19:19 BLOC_B_SERIE_DU_JOUR              6m57s      6m55s      -2s  ✅  qui est digne d ouvrir le livre
10:26:14 BLOC_B_SERIE_DU_JOUR              4m52s      4m50s      -2s  ✅  cantique   prends tout le contrôle
10:31:04 BLOC_B_SERIE_DU_JOUR              5m10s      5m07s      -3s  ✅  Igwe
10:36:11 BLOC_B_SERIE_DU_JOUR              3m12s      3m10s      -2s  ✅  esprit de dieu
10:39:21 BLOC_B_SERIE_DU_JOUR              6m06s      6m04s      -2s  ✅  cantique  ta bonte
10:45:25 BLOC_B_SERIE_DU_JOUR              5m28s      5m26s      -2s  ✅  même humilié
10:50:51 BLOC_B_SERIE_DU_JOUR              6m34s      6m31s      -3s  ✅  cantique  béni soit le dieu d israël
10:57:22 BLOC_B_SERIE_DU_JOUR              3m22s      3m24s      +2s  ✅  Ses cheveux étaient blancs..
11:00:46 BLOC_B_SERIE_DU_JOUR           1h13m31s      0m24s   -4387s  ❌ COUPÉ  la résurrection des morts et la délivrance de lesclavage de la corruption part1
11:01:10 BLOC_B_SERIE_DU_JOUR              2m48s      2m46s      -2s  ✅  Hebreux
11:03:56 BLOC_B_SERIE_DU_JOUR              3m49s      3m46s      -3s  ✅  La Bible
11:07:42 BLOC_B_SERIE_DU_JOUR              3m25s      3m22s      -3s  ✅  Lévitique 21
11:11:04 BLOC_B_SERIE_DU_JOUR              4m58s      4m56s      -2s  ✅  Jeremie
11:16:00 BLOC_B_SERIE_DU_JOUR              0m37s      0m35s      -2s  ✅  La Bible
11:16:35 BLOC_B_SERIE_DU_JOUR              3m46s      3m44s      -2s  ✅  Jeremie
11:20:19 BLOC_B_SERIE_DU_JOUR              7m51s      7m48s      -3s  ✅  2 Roi
11:28:07 BLOC_B_SERIE_DU_JOUR              3m21s      3m18s      -3s  ✅  2 Chronicles
11:31:25 BLOC_B_SERIE_DU_JOUR              0m59s      0m57s      -2s  ✅  La Bible
11:32:22 BLOC_B_SERIE_DU_JOUR              4m41s      4m38s      -3s  ✅  Bible_fr_01_gen_045
11:37:00 BLOC_B_SERIE_DU_JOUR              4m05s      4m03s      -2s  ✅  1 Chronicles
11:41:03 BLOC_B_SERIE_DU_JOUR              4m51s      4m51s      +0s  ✅  1 Samuel
11:45:54 BLOC_B_SERIE_DU_JOUR           1h13m31s      0m16s   -4395s  ❌ COUPÉ  la résurrection des morts et la délivrance de lesclavage de la corruption part1
11:46:10 BLOC_B_SERIE_DU_JOUR              4m11s      4m09s      -2s  ✅  jai donné ma vie à jésus (1)
11:50:19 BLOC_B_SERIE_DU_JOUR              0m05s      0m02s      -3s  ✅  Parole Prophétique FM
11:50:21 BLOC_B_SERIE_DU_JOUR           1h13m31s      0m50s   -4361s  ❌ COUPÉ  la résurrection des morts et la délivrance de lesclavage de la corruption part1
11:51:11 BLOC_B_SERIE_DU_JOUR              2m20s      2m17s      -3s  ✅  cantique  heureux l homme qui ne marche pas selon
11:53:28 BLOC_B_SERIE_DU_JOUR              6m57s      6m56s      -1s  ✅  qui est digne d ouvrir le livre
12:00:24 BLOC_B_SERIE_DU_JOUR              5m10s      5m07s      -3s  ✅  Igwe
12:05:31 BLOC_C_SERIE_DU_JOUR              4m11s      4m08s      -3s  ✅  jai donné ma vie à jésus (1)
12:09:39 BLOC_C_SERIE_DU_JOUR              6m28s      6m25s      -3s  ✅  Le Bien-Etre Universel
12:16:04 BLOC_C_SERIE_DU_JOUR              3m12s      3m17s      +5s  ✅  esprit de dieu
12:19:21 BLOC_C_SERIE_DU_JOUR           1h13m31s      1m02s   -4349s  ❌ COUPÉ  la résurrection des morts et la délivrance de lesclavage de la corruption part1
12:20:23 BLOC_C_SERIE_DU_JOUR              5m19s      5m17s      -2s  ✅  Gabrielle LIDJI - Mélodie Céleste  by LFXA(Light FX Animation)_2
12:25:40 BLOC_C_SERIE_DU_JOUR              9m23s      9m21s      -2s  ✅  10 minutes
12:35:01 BLOC_C_SERIE_DU_JOUR              3m41s      3m39s      -2s  ✅  Adorons l'Éternel GAEL - JÉSUS EST SEIGNEUR -
12:38:40 BLOC_C_SERIE_DU_JOUR              6m09s      6m07s      -2s  ✅  Hymne des vainqueurs
12:44:47 BLOC_C_SERIE_DU_JOUR              5m10s      5m07s      -3s  ✅  Igwe
12:49:54 BLOC_C_SERIE_DU_JOUR              6m34s      6m34s      +0s  ✅  cantique  béni soit le dieu d israël
12:56:28 BLOC_C_SERIE_DU_JOUR           1h13m31s      0m42s   -4369s  ❌ COUPÉ  la résurrection des morts et la délivrance de lesclavage de la corruption part1
12:57:10 BLOC_C_SERIE_DU_JOUR              2m45s      2m42s      -3s  ✅  Hebreux
12:59:52 BLOC_C_SERIE_DU_JOUR              4m24s      4m22s      -2s  ✅  Esdras
13:04:14 BLOC_C_SERIE_DU_JOUR              0m50s      0m47s      -3s  ✅  La Bible
13:05:01 BLOC_C_SERIE_DU_JOUR           1h13m31s      0m17s   -4394s  ❌ COUPÉ  la résurrection des morts et la délivrance de lesclavage de la corruption part1
13:05:18 BLOC_C_SERIE_DU_JOUR              6m03s      6m00s      -3s  ✅  Bible_fr_01_gen_043
13:11:18 BLOC_C_SERIE_DU_JOUR              5m31s      5m29s      -2s  ✅  Esther 9
13:16:47 BLOC_C_SERIE_DU_JOUR              2m03s      2m00s      -3s  ✅  La Bible
13:18:47 BLOC_C_SERIE_DU_JOUR              0m04s      0m03s      -1s  ✅  c est aussi pour les enfants 2
13:18:50 BLOC_C_SERIE_DU_JOUR           1h13m31s      0m24s   -4387s  ❌ COUPÉ  la résurrection des morts et la délivrance de lesclavage de la corruption part1
13:19:14 BLOC_C_SERIE_DU_JOUR              5m19s      5m21s      +2s  ✅  Gabrielle LIDJI - Mélodie Céleste  by LFXA(Light FX Animation)_2
13:24:35 BLOC_C_SERIE_DU_JOUR           1h13m31s      0m43s   -4368s  ❌ COUPÉ  la résurrection des morts et la délivrance de lesclavage de la corruption part1
13:25:18 BLOC_C_SERIE_DU_JOUR              6m09s      6m07s      -2s  ✅  Hymne des vainqueurs
13:31:25 BLOC_C_SERIE_DU_JOUR              3m12s      3m10s      -2s  ✅  esprit de dieu
13:34:35 BLOC_C_SERIE_DU_JOUR              2m20s      2m17s      -3s  ✅  cantique  heureux l homme qui ne marche pas selon
13:36:52 BLOC_C_SERIE_DU_JOUR              4m13s      4m10s      -3s  ✅  4 minutes
13:41:02 BLOC_C_SERIE_DU_JOUR              9m23s      9m24s      +1s  ✅  10 minutes
13:50:26 BLOC_C_SERIE_DU_JOUR           1h13m31s   1h13m35s      +4s  ✅  la résurrection des morts et la délivrance de lesclavage de la corruption part1
15:04:01 BLOC_C_SERIE_DU_JOUR           1h13m31s      0m09s   -4402s  ❌ COUPÉ  la résurrection des morts et la délivrance de lesclavage de la corruption part1
15:04:10 BLOC_C_SERIE_DU_JOUR              2m46s      2m43s      -3s  ✅  Sophonie
15:06:53 BLOC_C_SERIE_DU_JOUR              3m06s      3m03s      -3s  ✅  Romains
15:09:56 BLOC_C_SERIE_DU_JOUR              1m40s      1m37s      -3s  ✅  La Bible
15:11:33 BLOC_C_SERIE_DU_JOUR              4m28s      4m25s      -3s  ✅  1 Chronicles
15:15:58 BLOC_C_SERIE_DU_JOUR              7m35s      7m33s      -2s  ✅  La Bible
15:23:31 BLOC_C_SERIE_DU_JOUR              5m29s      5m26s      -3s  ✅  Hebreux
15:28:57 BLOC_C_SERIE_DU_JOUR              0m56s      0m54s      -2s  ✅  La Bible
15:29:51 BLOC_C_SERIE_DU_JOUR              4m14s      4m12s      -2s  ✅  Nombres 6
15:34:03 BLOC_C_SERIE_DU_JOUR              5m34s      5m31s      -3s  ✅  Daniel
15:39:34 BLOC_C_SERIE_DU_JOUR              2m24s      2m21s      -3s  ✅  Esaie
15:41:55 BLOC_C_SERIE_DU_JOUR              3m17s      3m16s      -1s  ✅  Galates
15:45:11 BLOC_C_SERIE_DU_JOUR              7m41s      7m38s      -3s  ✅  Bible_fr_07_judges_006
15:52:49 BLOC_C_SERIE_DU_JOUR              3m46s      3m43s      -3s  ✅  Romains
15:56:32 BLOC_C_SERIE_DU_JOUR              3m16s      3m13s      -3s  ✅  2 Chronicles
15:59:45 BLOC_C_SERIE_DU_JOUR              2m26s      2m24s      -2s  ✅  Job
16:02:09 BLOC_C_SERIE_DU_JOUR              2m23s      2m20s      -3s  ✅  La Bible
16:04:29 BLOC_C_SERIE_DU_JOUR              0m07s      0m05s      -2s  ✅  la parole qui brille dans un lieu obscure 2
16:04:34 BLOC_C_SERIE_DU_JOUR           1h13m31s      0m44s   -4367s  ❌ COUPÉ  la résurrection des morts et la délivrance de lesclavage de la corruption part1
16:05:18 BLOC_C_SERIE_DU_JOUR              5m28s      5m25s      -3s  ✅  même humilié
16:10:43 BLOC_C_SERIE_DU_JOUR              6m57s      6m55s      -2s  ✅  qui est digne d ouvrir le livre
16:17:38 BLOC_C_SERIE_DU_JOUR              3m22s      3m19s      -3s  ✅  Ses cheveux étaient blancs..
16:20:57 BLOC_C_SERIE_DU_JOUR              3m12s      3m10s      -2s  ✅  esprit de dieu
16:24:07 BLOC_C_SERIE_DU_JOUR              6m35s      6m33s      -2s  ✅  cantique   ta lumière
16:30:40 BLOC_C_SERIE_DU_JOUR              9m23s      9m21s      -2s  ✅  10 minutes
16:40:01 BLOC_C_SERIE_DU_JOUR              4m52s      4m50s      -2s  ✅  cantique   prends tout le contrôle
16:44:51 BLOC_C_SERIE_DU_JOUR              6m41s      6m38s      -3s  ✅  6 minutes
16:51:29 BLOC_C_SERIE_DU_JOUR              6m06s      6m09s      +3s  ✅  cantique  ta bonte
16:57:38 BLOC_C_SERIE_DU_JOUR           1h13m31s      0m32s   -4379s  ❌ COUPÉ  la résurrection des morts et la délivrance de lesclavage de la corruption part1
16:58:10 BLOC_C_SERIE_DU_JOUR              3m41s      3m39s      -2s  ✅  Adorons l'Éternel GAEL - JÉSUS EST SEIGNEUR -
17:01:49 BLOC_C_SERIE_DU_JOUR              7m17s      7m20s      +3s  ✅  cantique  tes promesses  pub direct dec 2021 import (2)
17:09:09 BLOC_C_SERIE_DU_JOUR           1h13m31s      0m11s   -4400s  ❌ COUPÉ  la résurrection des morts et la délivrance de lesclavage de la corruption part1
17:09:20 BLOC_C_SERIE_DU_JOUR              7m24s      7m21s      -3s  ✅  Ezechiel
17:16:41 BLOC_C_SERIE_DU_JOUR              4m41s      4m39s      -2s  ✅  1 Corinthiens 12
17:21:20 BLOC_C_SERIE_DU_JOUR              2m54s      9m18s    +384s  ⚠️ TROU APRÈS  Jeremie
17:30:38 BLOC_C_SERIE_DU_JOUR              3m36s      3m33s      -3s  ✅  Joel
17:34:11 BLOC_C_SERIE_DU_JOUR              4m35s      4m33s      -2s  ✅  Ezechiel
17:38:44 BLOC_C_SERIE_DU_JOUR              5m30s      5m27s      -3s  ✅  Lévitique 7
17:44:11 BLOC_C_SERIE_DU_JOUR              0m07s      0m04s      -3s  ✅  JINGLE
17:44:15 BLOC_C_SERIE_DU_JOUR           1h13m31s      1m04s   -4347s  ❌ COUPÉ  la résurrection des morts et la délivrance de lesclavage de la corruption part1
17:45:19 BLOC_C_SERIE_DU_JOUR              6m34s      6m31s      -3s  ✅  cantique  béni soit le dieu d israël
17:51:50 BLOC_C_SERIE_DU_JOUR              4m11s      4m08s      -3s  ✅  jai donné ma vie à jésus (1)
17:55:58 BLOC_C_SERIE_DU_JOUR              5m10s      5m07s      -3s  ✅  Igwe
18:01:05 BLOC_C_SERIE_DU_JOUR              0m05s      0m06s      +1s  ✅  Parole Prophétique FM
18:01:11 BLOC_D_SERIE_DU_JOUR           1h13m31s   1h13m34s      +3s  ✅  la résurrection des morts et la délivrance de lesclavage de la corruption part1
19:14:45 BLOC_D_SERIE_DU_JOUR           1h13m31s      0m32s   -4379s  ❌ COUPÉ  la résurrection des morts et la délivrance de lesclavage de la corruption part1
19:15:17 BLOC_D_SERIE_DU_JOUR              1m49s      1m46s      -3s  ✅  La Bible
19:17:03 BLOC_D_SERIE_DU_JOUR              2m24s      2m21s      -3s  ✅  Osee
19:19:24 BLOC_D_SERIE_DU_JOUR              3m14s      3m12s      -2s  ✅  La Bible
19:22:36 BLOC_D_SERIE_DU_JOUR              3m36s      3m34s      -2s  ✅  Hebreux
19:26:10 BLOC_D_SERIE_DU_JOUR              4m25s      4m22s      -3s  ✅  1 Chronicles
19:30:32 BLOC_D_SERIE_DU_JOUR              3m54s      3m51s      -3s  ✅  Lévitique 18
19:34:23 BLOC_D_SERIE_DU_JOUR              2m49s      2m47s      -2s  ✅  La Bible
19:37:10 BLOC_D_SERIE_DU_JOUR              6m19s      6m16s      -3s  ✅  2 Chroniques 32
19:43:26 BLOC_D_SERIE_DU_JOUR              3m44s      3m42s      -2s  ✅  Colossiens
19:47:08 BLOC_D_SERIE_DU_JOUR              6m45s      6m42s      -3s  ✅  Marc
19:53:50 BLOC_D_SERIE_DU_JOUR              1m15s      1m13s      -2s  ✅  La Bible
19:55:03 BLOC_D_SERIE_DU_JOUR              5m24s      5m23s      -1s  ✅  Actes
20:00:26 BLOC_D_SERIE_DU_JOUR              4m22s      4m19s      -3s  ✅  Jeremie
20:04:45 BLOC_D_SERIE_DU_JOUR              2m22s      2m20s      -2s  ✅  Esaie
20:07:05 BLOC_D_SERIE_DU_JOUR              4m28s      4m26s      -2s  ✅  2 Roi
20:11:31 BLOC_D_SERIE_DU_JOUR              5m41s      5m38s      -3s  ✅  La Bible
20:17:09 BLOC_D_SERIE_DU_JOUR              0m07s      0m04s      -3s  ✅  la parole qui brille dans un lieu obscure 2
20:17:13 BLOC_D_SERIE_DU_JOUR              3m12s      3m10s      -2s  ✅  esprit de dieu
20:20:23 BLOC_D_SERIE_DU_JOUR              6m35s      6m33s      -2s  ✅  cantique   ta lumière
20:26:56 BLOC_D_SERIE_DU_JOUR              6m57s      6m54s      -3s  ✅  qui est digne d ouvrir le livre
20:33:50 BLOC_D_SERIE_DU_JOUR              4m11s      4m08s      -3s  ✅  jai donné ma vie à jésus (1)
20:37:58 BLOC_D_SERIE_DU_JOUR              2m20s      2m18s      -2s  ✅  cantique  heureux l homme qui ne marche pas selon
20:40:16 BLOC_D_SERIE_DU_JOUR              6m41s      6m37s      -4s  ✅  6 minutes
20:46:53 BLOC_D_SERIE_DU_JOUR              4m13s      4m11s      -2s  ✅  4 minutes
20:51:04 BLOC_D_SERIE_DU_JOUR              9m23s      9m22s      -1s  ✅  10 minutes
21:00:26 BLOC_D_SERIE_DU_JOUR              5m28s      5m24s      -4s  ✅  même humilié
21:05:50 BLOC_D_SERIE_DU_JOUR              5m13s      5m11s      -2s  ✅  Il s'appelait Emmanuel - Marcel Boungou + Paroles
21:11:01 BLOC_D_SERIE_DU_JOUR              7m17s      7m15s      -2s  ✅  cantique  tes promesses  pub direct dec 2021 import (2)
21:18:16 BLOC_D_SERIE_DU_JOUR              0m05s      0m03s      -2s  ✅  JINGLE 
21:18:19 BLOC_D_SERIE_DU_JOUR           1h13m31s      0m54s   -4357s  ❌ COUPÉ  la résurrection des morts et la délivrance de lesclavage de la corruption part1
21:19:13 BLOC_D_SERIE_DU_JOUR              3m12s      3m09s      -3s  ✅  Esaie
21:22:22 BLOC_D_SERIE_DU_JOUR              4m28s      4m25s      -3s  ✅  Philippiens 2
21:26:47 BLOC_D_SERIE_DU_JOUR              1m55s      1m53s      -2s  ✅  Esdras
21:28:40 BLOC_D_SERIE_DU_JOUR              2m35s      2m33s      -2s  ✅  2 Chronicles
21:31:13 BLOC_D_SERIE_DU_JOUR              4m04s      4m02s      -2s  ✅  2 Chroniques 26
21:35:15 BLOC_D_SERIE_DU_JOUR             14m57s     15m01s      +4s  ✅  La Bible
21:50:16 BLOC_D_SERIE_DU_JOUR           1h13m31s      0m05s   -4406s  ❌ COUPÉ  la résurrection des morts et la délivrance de lesclavage de la corruption part1
21:50:21 BLOC_D_SERIE_DU_JOUR              3m41s      3m38s      -3s  ✅  Adorons l'Éternel GAEL - JÉSUS EST SEIGNEUR -
21:53:59 BLOC_D_SERIE_DU_JOUR              2m20s      2m17s      -3s  ✅  cantique  heureux l homme qui ne marche pas selon
21:56:16 BLOC_D_SERIE_DU_JOUR              5m28s      5m26s      -2s  ✅  même humilié
22:01:42 BLOC_D_SERIE_DU_JOUR              3m22s      3m20s      -2s  ✅  Ses cheveux étaient blancs..
22:05:02 BLOC_D_SERIE_DU_JOUR              7m17s      7m14s      -3s  ✅  cantique  tes promesses  pub direct dec 2021 import (2)
22:12:16 BLOC_D_SERIE_DU_JOUR              4m11s      4m08s      -3s  ✅  jai donné ma vie à jésus (1)
22:16:24 BLOC_D_SERIE_DU_JOUR              4m52s      4m50s      -2s  ✅  cantique   prends tout le contrôle
22:21:14 BLOC_D_SERIE_DU_JOUR              0m07s      0m05s      -2s  ✅  Parole Prophétique FM
22:21:19 BLOC_D_SERIE_DU_JOUR           1h13m31s      0m50s   -4361s  ❌ COUPÉ  la résurrection des morts et la délivrance de lesclavage de la corruption part1
22:22:09 BLOC_D_SERIE_DU_JOUR              6m57s      6m55s      -2s  ✅  qui est digne d ouvrir le livre
22:29:04 BLOC_D_SERIE_DU_JOUR              5m13s      5m11s      -2s  ✅  Il s'appelait Emmanuel - Marcel Boungou + Paroles
22:34:15 BLOC_D_SERIE_DU_JOUR              9m23s      9m20s      -3s  ✅  10 minutes
22:43:35 BLOC_D_SERIE_DU_JOUR              2m16s      2m14s      -2s  ✅  cantique  nous sommes le sel de la terre
22:45:49 BLOC_D_SERIE_DU_JOUR              5m19s      5m24s      +5s  ✅  Gabrielle LIDJI - Mélodie Céleste  by LFXA(Light FX Animation)_2
22:51:13 BLOC_D_SERIE_DU_JOUR              8m38s      8m36s      -2s  ✅  Luc
22:59:49 BLOC_D_SERIE_DU_JOUR              2m05s      2m02s      -3s  ✅  3 John
23:01:51 BLOC_D_SERIE_DU_JOUR              8m38s      8m36s      -2s  ✅  La Bible
23:10:27 BLOC_D_SERIE_DU_JOUR              5m13s      5m09s      -4s  ✅  Esaie
23:15:36 BLOC_D_SERIE_DU_JOUR              3m04s      3m02s      -2s  ✅  1 Thessaloniciens
23:18:38 BLOC_D_SERIE_DU_JOUR              3m45s      3m43s      -2s  ✅  2 Samuel
23:22:21 BLOC_D_SERIE_DU_JOUR              6m47s      6m44s      -3s  ✅  Hebreux
23:29:05 BLOC_D_SERIE_DU_JOUR              8m43s      8m45s      +2s  ✅  Matthieu
23:37:50 BLOC_D_SERIE_DU_JOUR           1h13m31s      0m20s   -4391s  ❌ COUPÉ  la résurrection des morts et la délivrance de lesclavage de la corruption part1
23:38:10 BLOC_D_SERIE_DU_JOUR              6m34s      6m31s      -3s  ✅  cantique  béni soit le dieu d israël
23:44:41 BLOC_D_SERIE_DU_JOUR              7m17s      7m15s      -2s  ✅  cantique  tes promesses  pub direct dec 2021 import (2)
23:51:56 BLOC_D_SERIE_DU_JOUR              5m13s      5m11s      -2s  ✅  Il s'appelait Emmanuel - Marcel Boungou + Paroles
23:57:07 BLOC_D_SERIE_DU_JOUR              3m41s          ?           ⏳ dernier titre (durée réelle inconnue)  Adorons l'Éternel GAEL - JÉSUS EST SEIGNEUR -
----------------------------------------------------------------------------------------------------
Bilan : 306 titres, 43 anomalie(s) (titre coupé de plus de 10s ou trou d'antenne).
