====================================================================================================
MONITEUR RADIO — 2026-10-08 (synthèse des 3 rapports + plan, heures UTC)
====================================================================================================
État : ⚠️ RAS — seules les suites connues du reset/rotation  ·  diffusion : 0 coupure(s)/trou(s), 0 double(s) message  ·  serveur : 0 incident(s)
ATTENDU (sans effet à l'antenne, hors verdict) : 270 événement(s) serveur pendant la rotation (23h30-23h40) et le reset de minuit (00h00-00h03) · 1 titre(s) tronqué(s) par le redémarrage de minuit
SERVEUR : aucun incident hors fenêtres planifiées (ni crash, ni échec réseau, ni silence) ✅
   ↳ attendu, hors verdict : 00:01 💥 crash Liquidsoap (redémarrage automatique) (×2) · 00:01 🔇 bascule sur jingle d'erreur (silence potentiel) (×3) · 23:32 🌐 échec réseau AzuraCast/Liquidsoap (×265)
RESET MINUIT : restart confirmé vers 00:02:14 · 3 contrôle(s) · file saine ✅
INCIDENTS CORRÉLÉS : aucune anomalie de diffusion à corréler ✅
(Détail titre par titre, contrôles approfondis et RÉEL vs PRÉVU ci-dessous.)
Rapport de diffusion — 2026-10-08 (heures UTC)
290 titres joués | tolérance ±10s
====================================================================================================
HEURE    PLAYLIST                     FICHIER          RÉEL    ÉCART  STATUT  TITRE
----------------------------------------------------------------------------------------------------
00:01:44 ?                                 1m28s      1m28s      +0s  ✅  ?
00:03:12 015_REMPLISSAGE                   0m09s      0m10s      +1s  ✅  JINGLE
00:03:22 BLOC_A_SERIE_DU_JOUR              0m10s      0m20s     +10s  ✅  jingle avant message 04 bienvenue sur parole prophetique fm
00:03:42 BLOC_A_SERIE_DU_JOUR           1h12m03s   1h12m01s      -2s  ✅  nous faire part 1
01:15:43 BLOC_A_SERIE_DU_JOUR              0m10s      0m11s      +1s  ✅  jingle avant bible 06 ouvrons les saintes ecritures
01:15:54 BLOC_A_SERIE_DU_JOUR              1m55s      1m52s      -3s  ✅  Esdras 1
01:17:46 BLOC_A_SERIE_DU_JOUR              6m11s      6m09s      -2s  ✅  Esdras 2
01:23:55 BLOC_A_SERIE_DU_JOUR              2m56s      2m53s      -3s  ✅  Esdras 3
01:26:48 BLOC_A_SERIE_DU_JOUR              4m24s      4m22s      -2s  ✅  Esdras 4
01:31:10 BLOC_A_SERIE_DU_JOUR              3m08s      3m05s      -3s  ✅  Esdras 5
01:34:15 BLOC_A_SERIE_DU_JOUR              4m12s      4m10s      -2s  ✅  Esdras 6
01:38:25 BLOC_A_SERIE_DU_JOUR              4m34s      4m31s      -3s  ✅  Esdras 7
01:42:56 BLOC_A_SERIE_DU_JOUR              5m42s      5m40s      -2s  ✅  Esdras 8
01:48:36 BLOC_A_SERIE_DU_JOUR              3m34s      3m32s      -2s  ✅  Esdras 9
01:52:08 BLOC_A_SERIE_DU_JOUR              6m21s      6m18s      -3s  ✅  Esdras 10
01:58:26 BLOC_A_SERIE_DU_JOUR              2m59s      2m57s      -2s  ✅  2 Timothée 1
02:01:23 BLOC_A_SERIE_DU_JOUR              3m52s      3m50s      -2s  ✅  2 Timothée 2
02:05:13 BLOC_A_SERIE_DU_JOUR              0m11s      0m11s      +0s  ✅  jingle avant louange 05 elevons nos coeurs vers dieu
02:05:24 BLOC_A_SERIE_DU_JOUR              4m13s      4m10s      -3s  ✅  4 minutes
02:09:34 BLOC_A_SERIE_DU_JOUR              6m56s      6m54s      -2s  ✅  As We Worship In Ypur Presence
02:16:28 BLOC_A_SERIE_DU_JOUR              7m09s      7m06s      -3s  ✅  My God Is Good - Winnipeg Fellowship
02:23:34 BLOC_A_SERIE_DU_JOUR              4m11s      4m09s      -2s  ✅  jai donné ma vie à jésus (1)
02:27:43 BLOC_A_SERIE_DU_JOUR              3m10s      3m07s      -3s  ✅  la Parole
02:30:50 BLOC_A_SERIE_DU_JOUR              7m25s      7m22s      -3s  ✅  Victorious Is the Lamb - Winnipeg Fellowship
02:38:12 BLOC_A_SERIE_DU_JOUR              5m21s      5m18s      -3s  ✅  We Shall Not Fear - Nonso Njoku
02:43:30 BLOC_A_SERIE_DU_JOUR              9m31s      9m28s      -3s  ✅  15 at 01.33.50 (1)(1)
02:52:58 BLOC_A_SERIE_DU_JOUR              8m25s      8m22s      -3s  ✅  The Mountains, Come and, Oh City - Ketu HF
03:01:20 BLOC_A_SERIE_DU_JOUR              0m09s      0m10s      +1s  ✅  jingle avant bible 08 prenons un moment pour ecouter la parole
03:01:30 BLOC_A_SERIE_DU_JOUR              3m21s      3m18s      -3s  ✅  Exode 17
03:04:48 BLOC_A_SERIE_DU_JOUR              5m03s      5m01s      -2s  ✅  Exode 18
03:09:49 BLOC_A_SERIE_DU_JOUR              4m26s      4m23s      -3s  ✅  Exode 19
03:14:12 BLOC_A_SERIE_DU_JOUR              4m11s      4m09s      -2s  ✅  Exode 20
03:18:21 BLOC_A_SERIE_DU_JOUR              5m56s      5m53s      -3s  ✅  Exode 21
03:24:14 BLOC_A_SERIE_DU_JOUR              5m07s      5m05s      -2s  ✅  Exode 22
03:29:19 BLOC_A_SERIE_DU_JOUR              0m13s      0m14s      +1s  ✅  jingle avant louange 07 voici un temps de louange
03:29:33 BLOC_A_SERIE_DU_JOUR              5m45s      5m42s      -3s  ✅  How Precious Oh Lord
03:35:15 BLOC_A_SERIE_DU_JOUR              6m57s      6m55s      -2s  ✅  The Lord on High is Mightier - Toronto HF
03:42:10 BLOC_A_SERIE_DU_JOUR              7m09s      7m06s      -3s  ✅  You're the Lamb (Abasiama Timothy)
03:49:16 BLOC_A_SERIE_DU_JOUR              6m09s      6m07s      -2s  ✅  Hymne des vainqueurs
03:55:23 BLOC_A_SERIE_DU_JOUR             11m54s     11m52s      -2s  ✅  Great & Marvelluos - Toronto HF
04:07:15 BLOC_A_SERIE_DU_JOUR              7m18s      7m15s      -3s  ✅  Holy is the Lord (Emmanuel Umoh)
04:14:30 BLOC_A_SERIE_DU_JOUR              5m07s      5m04s      -3s  ✅  We Shall Come - Asaba Fellowship
04:19:34 BLOC_A_SERIE_DU_JOUR              0m13s      0m13s      +0s  ✅  jingle avant bible 07 place a la lecture de la bible
04:19:47 BLOC_A_SERIE_DU_JOUR              3m27s      3m25s      -2s  ✅  Matthieu 1
04:23:12 BLOC_A_SERIE_DU_JOUR              3m40s      3m38s      -2s  ✅  Matthieu 2
04:26:50 BLOC_A_SERIE_DU_JOUR              2m25s      2m23s      -2s  ✅  Matthieu 3
04:29:13 BLOC_A_SERIE_DU_JOUR              3m18s      3m15s      -3s  ✅  Matthieu 4
04:32:28 BLOC_A_SERIE_DU_JOUR              6m28s      6m26s      -2s  ✅  Matthieu 5
04:38:54 BLOC_A_SERIE_DU_JOUR              4m57s      4m55s      -2s  ✅  Matthieu 6
04:43:49 BLOC_A_SERIE_DU_JOUR              3m45s      3m42s      -3s  ✅  Matthieu 7
04:47:31 BLOC_A_SERIE_DU_JOUR              4m36s      4m34s      -2s  ✅  Matthieu 8
04:52:05 BLOC_A_SERIE_DU_JOUR              5m20s      5m17s      -3s  ✅  Matthieu 9
04:57:22 BLOC_A_SERIE_DU_JOUR              0m10s      0m11s      +1s  ✅  jingle avant louange 06 que la louange seleve
04:57:33 BLOC_A_SERIE_DU_JOUR              5m47s      5m45s      -2s  ✅  We Ascribe Greatness - Abuja HF
05:03:18 BLOC_A_SERIE_DU_JOUR              4m52s      4m50s      -2s  ✅  God is Moving Us On - Ketu HF
05:08:08 BLOC_A_SERIE_DU_JOUR              7m19s      7m16s      -3s  ✅  You Have sworn By Your Holiness - Chidera Bisong
05:15:24 BLOC_A_SERIE_DU_JOUR              8m21s      8m18s      -3s  ✅  In the Day of Your Power  - Winnipeg Fellowship
05:23:42 BLOC_A_SERIE_DU_JOUR              8m12s      8m10s      -2s  ✅  Jesus is Alpha - PHF
05:31:52 BLOC_A_SERIE_DU_JOUR              4m53s      4m50s      -3s  ✅  Cantique Jahweh, Tu es élevé au dessus de tout (1)
05:36:42 BLOC_A_SERIE_DU_JOUR              8m10s      8m07s      -3s  ✅  Great and Marvellous - Ketu HF
05:44:49 BLOC_A_SERIE_DU_JOUR              7m29s      7m27s      -2s  ✅  Hallelujah - PHF
05:52:16 BLOC_A_SERIE_DU_JOUR              0m09s      0m09s      +0s  ✅  JINGLE
05:52:25 BLOC_A_SERIE_DU_JOUR              2m12s      2m10s      -2s  ✅  2 Thessaloniciens 1
05:54:35 BLOC_A_SERIE_DU_JOUR              2m47s      2m44s      -3s  ✅  2 Thessaloniciens 2
05:57:19 BLOC_A_SERIE_DU_JOUR              2m35s      2m32s      -3s  ✅  2 Thessaloniciens 3
05:59:51 015_REMPLISSAGE                   0m13s      0m14s      +1s  ✅  jingle avant louange 07 voici un temps de louange
06:00:05 015_REMPLISSAGE                   0m09s      0m10s      +1s  ✅  jingle id station 02 radio evangile du royaume
06:00:15 BLOC_B_SERIE_DU_JOUR              0m11s      0m11s      +0s  ✅  jingle avant message 05 vous etes a lecoute de levangile du royaume
06:00:26 BLOC_B_SERIE_DU_JOUR           1h12m03s   1h12m01s      -2s  ✅  nous faire part 1
07:12:27 BLOC_B_SERIE_DU_JOUR              0m09s      0m09s      +0s  ✅  jingle avant bible 08 prenons un moment pour ecouter la parole
07:12:36 BLOC_B_SERIE_DU_JOUR              2m21s      2m19s      -2s  ✅  Nahum 1
07:14:55 BLOC_B_SERIE_DU_JOUR              2m04s      2m01s      -3s  ✅  Nahum 2
07:16:56 BLOC_B_SERIE_DU_JOUR              3m02s      3m00s      -2s  ✅  Nahum 3
07:19:56 BLOC_B_SERIE_DU_JOUR              3m26s      3m23s      -3s  ✅  Abdias 1
07:23:19 BLOC_B_SERIE_DU_JOUR              2m43s      2m41s      -2s  ✅  Aggée 1
07:26:00 BLOC_B_SERIE_DU_JOUR              3m58s      3m55s      -3s  ✅  Aggée 2
07:29:55 BLOC_B_SERIE_DU_JOUR              8m13s      8m11s      -2s  ✅  Lévitique 25
07:38:06 BLOC_B_SERIE_DU_JOUR              6m53s      6m50s      -3s  ✅  Lévitique 26
07:44:56 BLOC_B_SERIE_DU_JOUR              4m59s      4m57s      -2s  ✅  Lévitique 27
07:49:53 BLOC_B_SERIE_DU_JOUR              1m40s      1m37s      -3s  ✅  1 Jean 1
07:51:30 BLOC_B_SERIE_DU_JOUR              4m39s      4m37s      -2s  ✅  1 Jean 2
07:56:07 BLOC_B_SERIE_DU_JOUR              3m34s      3m31s      -3s  ✅  1 Jean 3
07:59:38 BLOC_B_SERIE_DU_JOUR              3m16s      3m14s      -2s  ✅  1 Jean 4
08:02:52 BLOC_B_SERIE_DU_JOUR              0m11s      0m11s      +0s  ✅  jingle avant louange 05 elevons nos coeurs vers dieu
08:03:03 BLOC_B_SERIE_DU_JOUR              8m21s      8m19s      -2s  ✅  My Heart Rejoices - Toronto HF
08:11:22 BLOC_B_SERIE_DU_JOUR              5m58s      5m55s      -3s  ✅  In Jesus - PHF
08:17:17 BLOC_B_SERIE_DU_JOUR              6m30s      6m27s      -3s  ✅  Praise the Lord of Host - Toronto HF
08:23:44 BLOC_B_SERIE_DU_JOUR              8m30s      8m28s      -2s  ✅  We Worship Adonai - PHF
08:32:12 BLOC_B_SERIE_DU_JOUR              8m10s      8m08s      -2s  ✅  Agunechemba - SWBN TV
08:40:20 BLOC_B_SERIE_DU_JOUR              5m19s      5m17s      -2s  ✅  Gabrielle LIDJI - Mélodie Céleste  by LFXA(Light FX Animation)_2
08:45:37 BLOC_B_SERIE_DU_JOUR              8m41s      8m38s      -3s  ✅  Unto Him (Vincent Opara)
08:54:15 BLOC_B_SERIE_DU_JOUR              0m13s      0m14s      +1s  ✅  jingle avant bible 07 place a la lecture de la bible
08:54:29 BLOC_B_SERIE_DU_JOUR              6m37s      6m34s      -3s  ✅  Genèse 36
09:01:03 BLOC_B_SERIE_DU_JOUR              5m55s      5m52s      -3s  ✅  Genèse 37
09:06:55 BLOC_B_SERIE_DU_JOUR              5m09s      5m07s      -2s  ✅  Genèse 38
09:12:02 BLOC_B_SERIE_DU_JOUR              3m56s      3m53s      -3s  ✅  Genèse 39
09:15:55 BLOC_B_SERIE_DU_JOUR              3m50s      3m48s      -2s  ✅  Genèse 40
09:19:43 BLOC_B_SERIE_DU_JOUR              0m13s      0m13s      +0s  ✅  jingle avant louange 07 voici un temps de louange
09:19:56 BLOC_B_SERIE_DU_JOUR              6m57s      6m55s      -2s  ✅  qui est digne d ouvrir le livre
09:26:51 BLOC_B_SERIE_DU_JOUR              7m37s      7m34s      -3s  ✅  Cantiques  Il a pris mes iniquités
09:34:25 BLOC_B_SERIE_DU_JOUR              9m43s      9m40s      -3s  ✅  Thy Throne Oh Lord - Ketu HF
09:44:05 BLOC_B_SERIE_DU_JOUR              6m07s      6m05s      -2s  ✅  There Is Forgiveness In Thee - SWBN TV
09:50:10 BLOC_B_SERIE_DU_JOUR              4m04s      4m01s      -3s  ✅  Ascribe Greatness - PHF
09:54:11 BLOC_B_SERIE_DU_JOUR              7m21s      7m18s      -3s  ✅  For By My God - Toronto & Winnipeg HF
10:01:29 BLOC_B_SERIE_DU_JOUR              5m43s      5m41s      -2s  ✅  Cantique l Éternel est mon Berger (1)
10:07:10 BLOC_B_SERIE_DU_JOUR              6m54s      6m51s      -3s  ✅  There is no Lie (Imah Adegoke & Mary Umoh)
10:14:01 BLOC_B_SERIE_DU_JOUR              0m10s      0m11s      +1s  ✅  jingle avant bible 06 ouvrons les saintes ecritures
10:14:12 BLOC_B_SERIE_DU_JOUR              0m46s      0m43s      -3s  ✅  Psaumes 43
10:14:55 BLOC_B_SERIE_DU_JOUR              2m30s      2m28s      -2s  ✅  Psaumes 44
10:17:23 BLOC_B_SERIE_DU_JOUR              2m02s      2m00s      -2s  ✅  Psaumes 45
10:19:23 BLOC_B_SERIE_DU_JOUR              1m13s      1m10s      -3s  ✅  Psaumes 46
10:20:33 BLOC_B_SERIE_DU_JOUR              0m49s      0m46s      -3s  ✅  Psaumes 47
10:21:19 BLOC_B_SERIE_DU_JOUR              1m26s      1m23s      -3s  ✅  Psaumes 48
10:22:42 BLOC_B_SERIE_DU_JOUR              1m52s      1m50s      -2s  ✅  Psaumes 49
10:24:32 BLOC_B_SERIE_DU_JOUR              2m10s      2m07s      -3s  ✅  Psaumes 50
10:26:39 BLOC_B_SERIE_DU_JOUR              1m59s      1m56s      -3s  ✅  Psaumes 51
10:28:35 BLOC_B_SERIE_DU_JOUR              1m04s      1m02s      -2s  ✅  Psaumes 52
10:29:37 BLOC_B_SERIE_DU_JOUR              0m56s      0m54s      -2s  ✅  Psaumes 53
10:30:31 BLOC_B_SERIE_DU_JOUR              0m42s      0m39s      -3s  ✅  Psaumes 54
10:31:10 BLOC_B_SERIE_DU_JOUR              2m29s      2m27s      -2s  ✅  Psaumes 55
10:33:37 BLOC_B_SERIE_DU_JOUR              1m19s      1m16s      -3s  ✅  Psaumes 56
10:34:53 BLOC_B_SERIE_DU_JOUR              1m19s      1m17s      -2s  ✅  Psaumes 57
10:36:10 BLOC_B_SERIE_DU_JOUR              1m15s      1m12s      -3s  ✅  Psaumes 58
10:37:22 BLOC_B_SERIE_DU_JOUR              2m03s      2m00s      -3s  ✅  Psaumes 59
10:39:22 BLOC_B_SERIE_DU_JOUR              1m17s      1m15s      -2s  ✅  Psaumes 60
10:40:37 BLOC_B_SERIE_DU_JOUR              0m48s      0m46s      -2s  ✅  Psaumes 61
10:41:23 BLOC_B_SERIE_DU_JOUR              1m30s      1m27s      -3s  ✅  Psaumes 62
10:42:50 BLOC_B_SERIE_DU_JOUR              1m06s      1m04s      -2s  ✅  Psaumes 63
10:43:54 BLOC_B_SERIE_DU_JOUR              1m02s      1m00s      -2s  ✅  Psaumes 64
10:44:54 BLOC_B_SERIE_DU_JOUR              1m29s      1m27s      -2s  ✅  Psaumes 65
10:46:21 BLOC_B_SERIE_DU_JOUR              2m00s      1m58s      -2s  ✅  Psaumes 66
10:48:19 BLOC_B_SERIE_DU_JOUR              0m38s      0m35s      -3s  ✅  Psaumes 67
10:48:54 BLOC_B_SERIE_DU_JOUR              4m04s      4m02s      -2s  ✅  Psaumes 68
10:52:56 BLOC_B_SERIE_DU_JOUR              0m10s      0m10s      +0s  ✅  jingle avant louange 06 que la louange seleve
10:53:06 BLOC_B_SERIE_DU_JOUR              5m28s      5m26s      -2s  ✅  même humilié
10:58:32 BLOC_B_SERIE_DU_JOUR              5m45s      5m42s      -3s  ✅  Ella Samuels - Oh Lord Our Maker
11:04:14 BLOC_B_SERIE_DU_JOUR              2m57s      2m56s      -1s  ✅  You Are the Captain of the Host - Toronto HF
11:07:10 BLOC_B_SERIE_DU_JOUR              3m04s      3m01s      -3s  ✅  The Lord is my Light and Salvation - Nonso Njoku
11:10:11 BLOC_B_SERIE_DU_JOUR              6m28s      6m25s      -3s  ✅  Le Bien-Etre Universel
11:16:36 BLOC_B_SERIE_DU_JOUR              7m04s      7m01s      -3s  ✅  We Bless You Wonderful God  - Winnipeg Fellowship
11:23:37 BLOC_B_SERIE_DU_JOUR              9m23s      9m21s      -2s  ✅  10 minutes
11:32:58 BLOC_B_SERIE_DU_JOUR              7m57s      7m55s      -2s  ✅  Yahweh is Mighty (Imah Adegoke)
11:40:53 BLOC_B_SERIE_DU_JOUR              0m09s      0m10s      +1s  ✅  jingle id station 02 radio evangile du royaume
11:41:03 BLOC_B_SERIE_DU_JOUR              4m30s      4m27s      -3s  ✅  Deutéronome 22
11:45:30 BLOC_B_SERIE_DU_JOUR              3m43s      3m41s      -2s  ✅  Deutéronome 23
11:49:11 BLOC_B_SERIE_DU_JOUR              3m42s      3m40s      -2s  ✅  Deutéronome 24
11:52:51 BLOC_B_SERIE_DU_JOUR              3m01s      2m59s      -2s  ✅  Deutéronome 25
11:55:50 BLOC_B_SERIE_DU_JOUR              3m42s      3m39s      -3s  ✅  Deutéronome 26
11:59:29 015_REMPLISSAGE                   0m12s      0m12s      +0s  ✅  jingle id station 03 notre mission annonce levangile
11:59:41 015_REMPLISSAGE                   0m09s      0m10s      +1s  ✅  jingle id station 01 la bonne nouvelle partout
11:59:51 015_REMPLISSAGE                   0m13s      0m13s      +0s  ✅  jingle avant bible 07 place a la lecture de la bible
12:00:04 015_REMPLISSAGE                   0m10s      0m11s      +1s  ✅  jingle avant message 04 bienvenue sur parole prophetique fm
12:00:15 BLOC_C_SERIE_DU_JOUR              0m09s      0m09s      +0s  ✅  jingle avant message 03 vous ecoutez parole prophetique fm
12:00:24 BLOC_C_SERIE_DU_JOUR           1h12m03s   1h12m01s      -2s  ✅  nous faire part 1
13:12:25 BLOC_C_SERIE_DU_JOUR              0m10s      0m10s      +0s  ✅  jingle avant bible 06 ouvrons les saintes ecritures
13:12:35 BLOC_C_SERIE_DU_JOUR              5m29s      5m27s      -2s  ✅  Actes 23
13:18:02 BLOC_C_SERIE_DU_JOUR              4m04s      4m02s      -2s  ✅  Actes 24
13:22:04 BLOC_C_SERIE_DU_JOUR              4m32s      4m29s      -3s  ✅  Actes 25
13:26:33 BLOC_C_SERIE_DU_JOUR              4m51s      4m49s      -2s  ✅  Actes 26
13:31:22 BLOC_C_SERIE_DU_JOUR              6m31s      6m28s      -3s  ✅  Actes 27
13:37:50 BLOC_C_SERIE_DU_JOUR              5m05s      5m03s      -2s  ✅  Actes 28
13:42:53 BLOC_C_SERIE_DU_JOUR              5m09s      5m07s      -2s  ✅  Lamentations 1
13:48:00 BLOC_C_SERIE_DU_JOUR              5m15s      5m12s      -3s  ✅  Lamentations 2
13:53:12 BLOC_C_SERIE_DU_JOUR              6m02s      5m59s      -3s  ✅  Lamentations 3
13:59:11 BLOC_C_SERIE_DU_JOUR              3m56s      3m54s      -2s  ✅  Lamentations 4
14:03:05 BLOC_C_SERIE_DU_JOUR              0m13s      0m13s      +0s  ✅  jingle avant louange 07 voici un temps de louange
14:03:18 BLOC_C_SERIE_DU_JOUR              4m52s      4m50s      -2s  ✅  cantique   prends tout le contrôle
14:08:08 BLOC_C_SERIE_DU_JOUR              3m22s      3m20s      -2s  ✅  Ses cheveux étaient blancs..
14:11:28 BLOC_C_SERIE_DU_JOUR              6m02s      6m00s      -2s  ✅  Satisfy My Soul - Calabar HF
14:17:28 BLOC_C_SERIE_DU_JOUR              9m39s      9m36s      -3s  ✅  Psalm 93 - Port Harcourt HF
14:27:04 BLOC_C_SERIE_DU_JOUR              5m04s      5m02s      -2s  ✅  Guide Me - El ELyon - Abuja HF
14:32:06 BLOC_C_SERIE_DU_JOUR              5m50s      5m47s      -3s  ✅  Jesus I'm Waiting for You (Mary Umoh)
14:37:53 BLOC_C_SERIE_DU_JOUR              5m18s      5m16s      -2s  ✅  Now is Come Salvation - Toronto HF
14:43:09 BLOC_C_SERIE_DU_JOUR              2m16s      2m13s      -3s  ✅  cantique  nous sommes le sel de la terre
14:45:22 BLOC_C_SERIE_DU_JOUR              6m19s      6m16s      -3s  ✅  Unto Him - CHF
14:51:38 BLOC_C_SERIE_DU_JOUR              0m09s      0m10s      +1s  ✅  jingle avant bible 08 prenons un moment pour ecouter la parole
14:51:48 BLOC_C_SERIE_DU_JOUR              3m34s      3m32s      -2s  ✅  Zacharie 1
14:55:20 BLOC_C_SERIE_DU_JOUR              1m51s      1m48s      -3s  ✅  Zacharie 2
14:57:08 BLOC_C_SERIE_DU_JOUR              1m46s      1m44s      -2s  ✅  Zacharie 3
14:58:52 BLOC_C_SERIE_DU_JOUR              2m06s      2m03s      -3s  ✅  Zacharie 4
15:00:55 BLOC_C_SERIE_DU_JOUR              1m38s      1m36s      -2s  ✅  Zacharie 5
15:02:31 BLOC_C_SERIE_DU_JOUR              2m22s      2m19s      -3s  ✅  Zacharie 6
15:04:50 BLOC_C_SERIE_DU_JOUR              2m07s      2m05s      -2s  ✅  Zacharie 7
15:06:55 BLOC_C_SERIE_DU_JOUR              3m51s      3m49s      -2s  ✅  Zacharie 8
15:10:44 BLOC_C_SERIE_DU_JOUR              3m12s      3m09s      -3s  ✅  Zacharie 9
15:13:53 BLOC_C_SERIE_DU_JOUR              2m13s      2m21s      +8s  ✅  Zacharie 10
15:16:14 BLOC_C_SERIE_DU_JOUR              4m40s      4m37s      -3s  ✅  All in All - CHF
15:20:51 BLOC_C_SERIE_DU_JOUR              9m23s      9m22s      -1s  ✅  Thou art Worthy Lord - PHF
15:30:13 BLOC_C_SERIE_DU_JOUR              6m02s      5m58s      -4s  ✅  Crown Him Lord of Lords - Nonso Njoku
15:36:11 BLOC_C_SERIE_DU_JOUR              6m06s      6m04s      -2s  ✅  Good God - Asaba Fellowship
15:42:15 BLOC_C_SERIE_DU_JOUR              5m22s      5m19s      -3s  ✅  God's Got An Army - PHF
15:47:34 BLOC_C_SERIE_DU_JOUR              5m10s      5m08s      -2s  ✅  Igwe
15:52:42 BLOC_C_SERIE_DU_JOUR              4m19s      4m16s      -3s  ✅  I Know The Blood - PHF
15:56:58 BLOC_C_SERIE_DU_JOUR              7m36s      7m34s      -2s  ✅  There Is No Lie - SWBN TV
16:04:32 BLOC_C_SERIE_DU_JOUR              0m13s      0m13s      +0s  ✅  jingle avant bible 07 place a la lecture de la bible
16:04:45 BLOC_C_SERIE_DU_JOUR              7m22s      7m20s      -2s  ✅  2 Rois 9
16:12:05 BLOC_C_SERIE_DU_JOUR              6m58s      6m56s      -2s  ✅  2 Rois 10
16:19:01 BLOC_C_SERIE_DU_JOUR              4m05s      4m02s      -3s  ✅  2 Rois 11
16:23:03 BLOC_C_SERIE_DU_JOUR              4m08s      4m06s      -2s  ✅  2 Rois 12
16:27:09 BLOC_C_SERIE_DU_JOUR              4m37s      4m34s      -3s  ✅  2 Rois 13
16:31:43 BLOC_C_SERIE_DU_JOUR              5m07s      5m05s      -2s  ✅  2 Rois 14
16:36:48 BLOC_C_SERIE_DU_JOUR              6m21s      6m18s      -3s  ✅  2 Rois 15
16:43:06 BLOC_C_SERIE_DU_JOUR              0m11s      0m11s      +0s  ✅  jingle avant louange 05 elevons nos coeurs vers dieu
16:43:17 BLOC_C_SERIE_DU_JOUR              6m41s      6m39s      -2s  ✅  6 minutes
16:49:56 BLOC_C_SERIE_DU_JOUR              5m04s      5m02s      -2s  ✅  I Enter The Holy of Holies - Port Harcourt HF
16:54:58 BLOC_C_SERIE_DU_JOUR             11m01s     10m58s      -3s  ✅  Great is, Ascribe - Ketu HF
17:05:56 BLOC_C_SERIE_DU_JOUR              6m12s      6m09s      -3s  ✅  The King is Here (Abasiama Timothy)
17:12:05 BLOC_C_SERIE_DU_JOUR              4m11s      4m09s      -2s  ✅  Cantique   Oh Éternel Dieu, Tu es le Dieu Incomparable
17:16:14 BLOC_C_SERIE_DU_JOUR              5m48s      5m45s      -3s  ✅  Forever You Reign - Abuja HF
17:21:59 BLOC_C_SERIE_DU_JOUR              6m04s      6m02s      -2s  ✅  Sing Unto the Lord a new Song  - Winnipeg Fellowship
17:28:01 BLOC_C_SERIE_DU_JOUR             10m47s     10m45s      -2s  ✅  Abba, Singing a, I Will Sing - Ketu HF
17:38:46 BLOC_C_SERIE_DU_JOUR              0m09s      0m09s      +0s  ✅  jingle id station 01 la bonne nouvelle partout
17:38:55 BLOC_C_SERIE_DU_JOUR              4m37s      4m35s      -2s  ✅  1 Corinthiens 1
17:43:30 BLOC_C_SERIE_DU_JOUR              2m43s      2m40s      -3s  ✅  1 Corinthiens 2
17:46:10 BLOC_C_SERIE_DU_JOUR              3m26s      3m23s      -3s  ✅  1 Corinthiens 3
17:49:33 BLOC_C_SERIE_DU_JOUR              3m40s      3m38s      -2s  ✅  1 Corinthiens 4
17:53:11 BLOC_C_SERIE_DU_JOUR              2m17s      2m15s      -2s  ✅  1 Corinthiens 5
17:55:26 BLOC_C_SERIE_DU_JOUR              0m09s      0m09s      +0s  ✅  JINGLE
17:55:35 BLOC_C_SERIE_DU_JOUR              4m33s      4m33s      +0s  ✅  God is Building - Will You Be - Ketu HF
18:00:08 015_REMPLISSAGE                   1m11s      1m06s      -5s  ✅  Psaumes 28
18:01:14 BLOC_D_SERIE_DU_JOUR              0m09s      0m10s      +1s  ✅  jingle avant message 03 vous ecoutez parole prophetique fm
18:01:24 BLOC_D_SERIE_DU_JOUR           1h12m03s   1h12m00s      -3s  ✅  nous faire part 1
19:13:24 BLOC_D_SERIE_DU_JOUR              0m13s      0m14s      +1s  ✅  jingle avant bible 07 place a la lecture de la bible
19:13:38 BLOC_D_SERIE_DU_JOUR              5m27s      5m24s      -3s  ✅  Nombres 21
19:19:02 BLOC_D_SERIE_DU_JOUR              6m56s      6m54s      -2s  ✅  Nombres 22
19:25:56 BLOC_D_SERIE_DU_JOUR              4m50s      4m48s      -2s  ✅  Nombres 23
19:30:44 BLOC_D_SERIE_DU_JOUR              4m11s      4m09s      -2s  ✅  Nombres 24
19:34:53 BLOC_D_SERIE_DU_JOUR              2m41s      2m39s      -2s  ✅  Nombres 25
19:37:32 BLOC_D_SERIE_DU_JOUR              9m41s      9m38s      -3s  ✅  Nombres 26
19:47:10 BLOC_D_SERIE_DU_JOUR              3m37s      3m35s      -2s  ✅  Nombres 27
19:50:45 BLOC_D_SERIE_DU_JOUR              4m29s      4m27s      -2s  ✅  Nombres 28
19:55:12 BLOC_D_SERIE_DU_JOUR              5m20s      5m18s      -2s  ✅  Nombres 29
20:00:30 BLOC_D_SERIE_DU_JOUR              0m11s      0m11s      +0s  ✅  jingle avant louange 05 elevons nos coeurs vers dieu
20:00:41 BLOC_D_SERIE_DU_JOUR              7m17s      7m15s      -2s  ✅  cantique  tes promesses  pub direct dec 2021 import (2)
20:07:56 BLOC_D_SERIE_DU_JOUR              5m33s      5m30s      -3s  ✅  He Shall Feed His Flock - I Want to walk  - Ketu HF
20:13:26 BLOC_D_SERIE_DU_JOUR              6m10s      6m07s      -3s  ✅  That I May Know Him - Toronto HF
20:19:33 BLOC_D_SERIE_DU_JOUR              3m19s      3m16s      -3s  ✅  Awaken My Heart
20:22:49 BLOC_D_SERIE_DU_JOUR              4m48s      4m46s      -2s  ✅  Yeshua I'm Waiting for You  - Ketu HF
20:27:35 BLOC_D_SERIE_DU_JOUR              2m20s      2m17s      -3s  ✅  cantique  heureux l homme qui ne marche pas selon
20:29:52 BLOC_D_SERIE_DU_JOUR              3m41s      3m39s      -2s  ✅  Adorons l'Éternel GAEL - JÉSUS EST SEIGNEUR -
20:33:31 BLOC_D_SERIE_DU_JOUR              4m18s      4m16s      -2s  ✅  You Are Worthy - Ketu HF
20:37:47 BLOC_D_SERIE_DU_JOUR              8m22s      8m20s      -2s  ✅  Yeshua Hamashiach - Calabar HF
20:46:07 BLOC_D_SERIE_DU_JOUR              0m09s      0m09s      +0s  ✅  jingle avant bible 08 prenons un moment pour ecouter la parole
20:46:16 BLOC_D_SERIE_DU_JOUR              2m20s      2m18s      -2s  ✅  Job 29
20:48:34 BLOC_D_SERIE_DU_JOUR              3m11s      3m09s      -2s  ✅  Job 30
20:51:43 BLOC_D_SERIE_DU_JOUR              3m56s      3m53s      -3s  ✅  Job 31
20:55:36 BLOC_D_SERIE_DU_JOUR              2m21s      2m19s      -2s  ✅  Job 32
20:57:55 BLOC_D_SERIE_DU_JOUR              3m04s      3m01s      -3s  ✅  Job 33
21:00:56 BLOC_D_SERIE_DU_JOUR              3m32s      3m30s      -2s  ✅  Job 34
21:04:26 BLOC_D_SERIE_DU_JOUR              1m32s      1m29s      -3s  ✅  Job 35
21:05:55 BLOC_D_SERIE_DU_JOUR              2m56s      2m53s      -3s  ✅  Job 36
21:08:48 BLOC_D_SERIE_DU_JOUR              0m10s      0m11s      +1s  ✅  jingle avant louange 06 que la louange seleve
21:08:59 BLOC_D_SERIE_DU_JOUR              5m08s      5m06s      -2s  ✅  He Has Given Me - PHF
21:14:05 BLOC_D_SERIE_DU_JOUR              9m04s      9m01s      -3s  ✅  You're the Lamb - Calabar HF
21:23:06 BLOC_D_SERIE_DU_JOUR              9m24s      9m21s      -3s  ✅  I See Your Face - Toronto HF
21:32:27 BLOC_D_SERIE_DU_JOUR              5m02s      5m00s      -2s  ✅  A Song Of Love
21:37:27 BLOC_D_SERIE_DU_JOUR             10m38s     10m36s      -2s  ✅  Be Exalted - PHF
21:48:03 BLOC_D_SERIE_DU_JOUR              6m02s      6m00s      -2s  ✅  Rejoice - PHF
21:54:03 BLOC_D_SERIE_DU_JOUR              0m10s      0m10s      +0s  ✅  jingle avant bible 06 ouvrons les saintes ecritures
21:54:13 BLOC_D_SERIE_DU_JOUR              2m05s      2m03s      -2s  ✅  3 Jean 1
21:56:16 BLOC_D_SERIE_DU_JOUR              2m21s      2m19s      -2s  ✅  Ecclésiaste 1
21:58:35 BLOC_D_SERIE_DU_JOUR              4m17s      4m15s      -2s  ✅  Ecclésiaste 2
22:02:50 BLOC_D_SERIE_DU_JOUR              2m50s      2m47s      -3s  ✅  Ecclésiaste 3
22:05:37 BLOC_D_SERIE_DU_JOUR              2m23s      2m20s      -3s  ✅  Ecclésiaste 4
22:07:57 BLOC_D_SERIE_DU_JOUR              3m17s      3m15s      -2s  ✅  Ecclésiaste 5
22:11:12 BLOC_D_SERIE_DU_JOUR              1m50s      1m47s      -3s  ✅  Ecclésiaste 6
22:12:59 BLOC_D_SERIE_DU_JOUR              3m44s      3m42s      -2s  ✅  Ecclésiaste 7
22:16:41 BLOC_D_SERIE_DU_JOUR              2m51s      2m49s      -2s  ✅  Ecclésiaste 8
22:19:30 BLOC_D_SERIE_DU_JOUR              3m14s      3m11s      -3s  ✅  Ecclésiaste 9
22:22:41 BLOC_D_SERIE_DU_JOUR              2m29s      2m27s      -2s  ✅  Ecclésiaste 10
22:25:08 BLOC_D_SERIE_DU_JOUR              1m34s      1m32s      -2s  ✅  Ecclésiaste 11
22:26:40 BLOC_D_SERIE_DU_JOUR              0m13s      0m13s      +0s  ✅  jingle avant louange 07 voici un temps de louange
22:26:53 BLOC_D_SERIE_DU_JOUR              5m15s      5m13s      -2s  ✅  Yahweh Be Praised - Abuja HF
22:32:06 BLOC_D_SERIE_DU_JOUR              6m34s      6m31s      -3s  ✅  cantique  béni soit le dieu d israël
22:38:37 BLOC_D_SERIE_DU_JOUR              7m51s      7m49s      -2s  ✅  There is no name  - Winnipeg Fellowship
22:46:26 BLOC_D_SERIE_DU_JOUR              7m46s      7m43s      -3s  ✅  Arise Out of Zion  - Winnipeg Fellowship
22:54:09 BLOC_D_SERIE_DU_JOUR              3m12s      3m10s      -2s  ✅  esprit de dieu
22:57:19 BLOC_D_SERIE_DU_JOUR             10m13s     10m10s      -3s  ✅  As We Worship - Toronto & Winnipeg HF
23:07:29 BLOC_D_SERIE_DU_JOUR              6m35s      6m33s      -2s  ✅  cantique   ta lumière
23:14:02 BLOC_D_SERIE_DU_JOUR              0m09s      0m09s      +0s  ✅  JINGLE
23:14:11 BLOC_D_SERIE_DU_JOUR              3m16s      3m13s      -3s  ✅  1 Timothée 1
23:17:24 BLOC_D_SERIE_DU_JOUR              2m10s      2m08s      -2s  ✅  1 Timothée 2
23:19:32 BLOC_D_SERIE_DU_JOUR              2m24s      2m21s      -3s  ✅  1 Timothée 3
23:21:53 BLOC_D_SERIE_DU_JOUR              2m29s      2m27s      -2s  ✅  1 Timothée 4
23:24:20 BLOC_D_SERIE_DU_JOUR              3m45s      3m42s      -3s  ✅  1 Timothée 5
23:28:02 BLOC_D_SERIE_DU_JOUR              3m53s      3m51s      -2s  ✅  1 Timothée 6
23:31:53 BLOC_E_LOUANGE_NUIT               6m41s      6m38s      -3s  ✅  6 minutes
23:38:31 BLOC_E_LOUANGE_NUIT               8m21s      8m18s      -3s  ✅  My Heart Rejoices - Toronto HF
23:46:49 BLOC_E_LOUANGE_NUIT               5m13s      5m11s      -2s  ✅  Il s'appelait Emmanuel - Marcel Boungou + Paroles
23:52:00 BLOC_E_LOUANGE_NUIT               9m43s      9m31s     -12s  ❌ COUPÉ  Thy Throne Oh Lord - Ketu HF
----------------------------------------------------------------------------------------------------
Bilan : 290 titres, 1 anomalie(s) (titre coupé de plus de 10s ou trou d'antenne). Gravité : 1 mineure(s) <1min · 0 sérieuse(s) 1-10min · 0 critique(s) >10min.

====================================================================================================
CONTRÔLES APPROFONDIS
====================================================================================================
MESSAGE DU JOUR « ACR Angora en ce jour-là part 1 » : 4 diffusion(s) pour 4 prévue(s) ✅
   00:03:42  (étiquette BLOC_A_SERIE_DU_JOUR)
   06:00:26  (étiquette BLOC_B_SERIE_DU_JOUR)
   12:00:24  (étiquette BLOC_C_SERIE_DU_JOUR)
   18:01:24  (étiquette BLOC_D_SERIE_DU_JOUR)
JINGLES : 39 joués / 36 prévus (108%) ✅   ·   BLOC_A 10/9 · BLOC_B 12/9 · BLOC_C 9/9 · BLOC_D 8/9
HORS FENÊTRE : 1 titre(s) d'un bloc joués hors de sa plage ⚠️
   12:00:04  jingle avant message 04 bienvenue sur parole prophetique fm — prévu dans BLOC_A (00:00-06:00)
BOUCHE-TROUS : 1 titre(s) hors plan sans playlist ⚠️
   00:01:44  ?  (1m28s)
COUVERTURE : premier titre à 00:01:44 ✅ · dernier titre finit vers 00:01:43 (estimé) ✅

====================================================================================================
RÉEL vs PRÉVU — ce qui a joué vs ce que le plan prévoyait
====================================================================================================
----------------------------------------------------------------------------------------------------
BLOC_A  (00:00-06:00)  prévus  70 · atteignables  63 · joués  66 · conformité 100% · sautés  0 · en trop  3
   ➕  JOUÉ NON PRÉVU : ? · JINGLE · jingle avant louange 07 voici un temps de louange
   ⏸️  FIN DE BLOC NON ATTEINTE (7 titres · ~32m54s) — marge anti-rebouclage au-delà de la fenêtre, normal : Galates 1 · Galates 2 · Galates 3 · jingle id station 01 la bonne nouvelle partout · Not Naked (Abasiama Timothy) · I Will Not Be Silent - Calabar HF  …(+1)
----------------------------------------------------------------------------------------------------
BLOC_B  (06:00-12:00)  prévus  86 · atteignables  81 · joués  85 · conformité 100% · sautés  0 · en trop  4
   ➕  JOUÉ NON PRÉVU : jingle id station 02 radio evangile du royaume · jingle id station 03 notre mission annonce levangile · jingle id station 01 la bonne nouvelle partout · jingle avant bible 07 place a la lecture de la bible
   ⏸️  FIN DE BLOC NON ATTEINTE (5 titres · ~20m35s) — marge anti-rebouclage au-delà de la fenêtre, normal : JINGLE · cantique  ta bonte · I Choose the Way of the Lord - Abuja HF · Where Two or Three are Gathered - Calabar HF · There's A Mighty River Flowing - SWBN TV
----------------------------------------------------------------------------------------------------
BLOC_C  (12:00-18:00)  prévus  72 · atteignables  68 · joués  68 · conformité  99% · sautés  1 · en trop  1
   ⏭️  PRÉVU NON JOUÉ : jingle avant louange 06 que la louange seleve
   ➕  JOUÉ NON PRÉVU : jingle avant message 04 bienvenue sur parole prophetique fm
   ⏸️  FIN DE BLOC NON ATTEINTE (4 titres · ~22m54s) — marge anti-rebouclage au-delà de la fenêtre, normal : Sing Hallelujah - Abuja HF · Song Of Victory - Emmanuel Igunbor · You are God - Winnipeg Fellowship · Holy Holy - Abuja HF
----------------------------------------------------------------------------------------------------
BLOC_D  (18:00-23:30)  prévus  69 · atteignables  66 · joués  67 · conformité 100% · sautés  0 · en trop  1
   ➕  JOUÉ NON PRÉVU : Psaumes 28
   ⏸️  FIN DE BLOC NON ATTEINTE (3 titres · ~18m45s) — marge anti-rebouclage au-delà de la fenêtre, normal : jingle id station 02 radio evangile du royaume · Holy are You oh Lord (Olaedo Uzoma & Vincent Opara) · El Elyon - Toronto & Winnipeg HF
----------------------------------------------------------------------------------------------------
CONFORMITÉ GLOBALE : 277/278 titres atteignables joués dans l'ordre = 100%  (9 titre(s) hors plan · 19 non atteint(s) en fin de bloc, marge normale)
