Rapport de diffusion — 2026-07-18 (heures UTC)
296 titres joués | tolérance ±10s
====================================================================================================
HEURE    PLAYLIST                     FICHIER          RÉEL    ÉCART  STATUT  TITRE
----------------------------------------------------------------------------------------------------
00:01:30 ?                                 0m06s      0m06s      +0s  ✅  AzuraCast is Live!
00:01:36 BLOC_A_SERIE_DU_JOUR              0m09s      2m19s    +130s  ⚠️ TROU APRÈS  jingle avant message 03 vous ecoutez parole prophetique fm
00:03:55 BLOC_A_SERIE_DU_JOUR             13m48s     13m52s      +4s  ✅  2020 tian le pardon 8
00:17:47 BLOC_A_SERIE_DU_JOUR              3m17s      3m15s      -2s  ✅  Galates 1
00:21:02 BLOC_A_SERIE_DU_JOUR              4m08s      4m07s      -1s  ✅  Galates 2
00:25:09 BLOC_A_SERIE_DU_JOUR              4m50s      4m46s      -4s  ✅  Galates 3
00:29:55 BLOC_A_SERIE_DU_JOUR              4m30s      4m28s      -2s  ✅  Galates 4
00:34:23 BLOC_A_SERIE_DU_JOUR              4m04s      4m02s      -2s  ✅  Galates 5
00:38:25 BLOC_A_SERIE_DU_JOUR              2m46s      2m43s      -3s  ✅  Galates 6
00:41:08 BLOC_A_SERIE_DU_JOUR              1m40s      1m37s      -3s  ✅  1 Jean 1
00:42:45 BLOC_A_SERIE_DU_JOUR              4m39s      4m37s      -2s  ✅  1 Jean 2
00:47:22 BLOC_A_SERIE_DU_JOUR              3m34s      3m31s      -3s  ✅  1 Jean 3
00:50:53 BLOC_A_SERIE_DU_JOUR              3m16s      3m14s      -2s  ✅  1 Jean 4
00:54:07 BLOC_A_SERIE_DU_JOUR              3m11s      3m09s      -2s  ✅  1 Jean 5
00:57:16 BLOC_A_SERIE_DU_JOUR              2m54s      2m52s      -2s  ✅  Malachie 1
01:00:08 BLOC_A_SERIE_DU_JOUR              3m17s      3m13s      -4s  ✅  Malachie 2
01:03:21 BLOC_A_SERIE_DU_JOUR              3m22s      3m19s      -3s  ✅  Malachie 3
01:06:40 BLOC_A_SERIE_DU_JOUR              1m05s      1m03s      -2s  ✅  Malachie 4
01:07:43 BLOC_A_SERIE_DU_JOUR              4m15s      4m13s      -2s  ✅  Philippiens 1
01:11:56 BLOC_A_SERIE_DU_JOUR              4m28s      4m25s      -3s  ✅  Philippiens 2
01:16:21 BLOC_A_SERIE_DU_JOUR              0m13s      0m10s      -3s  ✅  jingle avant louange 07 voici un temps de louange
01:16:31 BLOC_A_SERIE_DU_JOUR              6m56s      6m54s      -2s  ✅  As We Worship In Ypur Presence
01:23:25 BLOC_A_SERIE_DU_JOUR              8m30s      8m27s      -3s  ✅  We Worship Adonai - PHF
01:31:52 BLOC_A_SERIE_DU_JOUR              4m52s      4m50s      -2s  ✅  God is Moving Us On - Ketu HF
01:36:42 BLOC_A_SERIE_DU_JOUR              5m02s      5m00s      -2s  ✅  A Song Of Love
01:41:42 BLOC_A_SERIE_DU_JOUR              6m57s      6m55s      -2s  ✅  The Lord on High is Mightier - Toronto HF
01:48:37 BLOC_A_SERIE_DU_JOUR              4m19s      4m16s      -3s  ✅  I Know The Blood - PHF
01:52:53 BLOC_A_SERIE_DU_JOUR              4m04s      4m02s      -2s  ✅  Ascribe Greatness - PHF
01:56:55 BLOC_A_SERIE_DU_JOUR              6m13s      6m10s      -3s  ✅  Immortal God - Elohim Adonai - Abuja HF
02:03:05 BLOC_A_SERIE_DU_JOUR              9m39s      9m37s      -2s  ✅  Psalm 93 - Port Harcourt HF
02:12:42 BLOC_A_SERIE_DU_JOUR              3m04s      3m01s      -3s  ✅  The Lord is my Light and Salvation - Nonso Njoku
02:15:43 BLOC_A_SERIE_DU_JOUR              0m13s      0m10s      -3s  ✅  jingle avant bible 07 place a la lecture de la bible
02:15:53 BLOC_A_SERIE_DU_JOUR              6m58s      6m56s      -2s  ✅  Luc 23
02:22:49 BLOC_A_SERIE_DU_JOUR              6m18s      6m15s      -3s  ✅  Luc 24
02:29:04 BLOC_A_SERIE_DU_JOUR              2m05s      2m03s      -2s  ✅  3 Jean 1
02:31:07 BLOC_A_SERIE_DU_JOUR              1m18s      1m15s      -3s  ✅  Psaumes 97
02:32:22 BLOC_A_SERIE_DU_JOUR              1m05s      1m03s      -2s  ✅  Psaumes 98
02:33:25 BLOC_A_SERIE_DU_JOUR              1m06s      1m04s      -2s  ✅  Psaumes 99
02:34:29 BLOC_A_SERIE_DU_JOUR              0m37s      0m35s      -2s  ✅  Psaumes 100
02:35:04 BLOC_A_SERIE_DU_JOUR              1m07s      1m04s      -3s  ✅  Psaumes 101
02:36:08 BLOC_A_SERIE_DU_JOUR              2m38s      2m35s      -3s  ✅  Psaumes 102
02:38:43 BLOC_A_SERIE_DU_JOUR              2m09s      2m07s      -2s  ✅  Psaumes 103
02:40:50 BLOC_A_SERIE_DU_JOUR              3m33s      3m31s      -2s  ✅  Psaumes 104
02:44:21 BLOC_A_SERIE_DU_JOUR              0m10s      0m08s      -2s  ✅  jingle avant louange 06 que la louange seleve
02:44:29 BLOC_A_SERIE_DU_JOUR              5m15s      5m13s      -2s  ✅  Yahweh Be Praised - Abuja HF
02:49:42 BLOC_A_SERIE_DU_JOUR              4m53s      4m50s      -3s  ✅  Cantique Jahweh, Tu es élevé au dessus de tout (1)
02:54:32 BLOC_A_SERIE_DU_JOUR              6m09s      6m07s      -2s  ✅  Hymne des vainqueurs
03:00:39 BLOC_A_SERIE_DU_JOUR              8m37s      8m35s      -2s  ✅  He Has Given Me & Emmanuel You Joy Over Us (Medley) (Abasiama Timothy & Imah Adegoke)
03:09:14 BLOC_A_SERIE_DU_JOUR              7m04s      7m01s      -3s  ✅  We Bless You Wonderful God  - Winnipeg Fellowship
03:16:15 BLOC_A_SERIE_DU_JOUR              5m13s      5m11s      -2s  ✅  Il s'appelait Emmanuel - Marcel Boungou + Paroles
03:21:26 BLOC_A_SERIE_DU_JOUR              8m24s      8m21s      -3s  ✅  Bless Ye the Lord - PHF
03:29:47 BLOC_A_SERIE_DU_JOUR              9m04s      9m01s      -3s  ✅  You're the Lamb - Calabar HF
03:38:48 BLOC_A_SERIE_DU_JOUR              7m29s      7m35s      +6s  ✅  Hallelujah - PHF
03:46:23 BLOC_A_SERIE_DU_JOUR              2m15s      2m12s      -3s  ✅  1 Pierre 5
03:48:35 BLOC_A_SERIE_DU_JOUR              5m15s      5m12s      -3s  ✅  Lamentations 2
03:53:47 BLOC_A_SERIE_DU_JOUR              6m02s      5m59s      -3s  ✅  Lamentations 3
03:59:46 BLOC_A_SERIE_DU_JOUR              3m56s      3m54s      -2s  ✅  Lamentations 4
04:03:40 BLOC_A_SERIE_DU_JOUR              2m20s      2m17s      -3s  ✅  Lamentations 5
04:05:57 BLOC_A_SERIE_DU_JOUR              4m27s      4m25s      -2s  ✅  Jude 1
04:10:22 BLOC_A_SERIE_DU_JOUR              0m33s      0m31s      -2s  ✅  Esther 10
04:10:53 BLOC_A_SERIE_DU_JOUR              3m26s      3m23s      -3s  ✅  Abdias 1
04:14:16 BLOC_A_SERIE_DU_JOUR              8m26s      8m24s      -2s  ✅  Daniel 11
04:22:40 BLOC_A_SERIE_DU_JOUR              2m26s      2m24s      -2s  ✅  Daniel 12
04:25:04 BLOC_A_SERIE_DU_JOUR              3m34s      3m31s      -3s  ✅  Zacharie 1
04:28:35 BLOC_A_SERIE_DU_JOUR              1m51s      1m49s      -2s  ✅  Zacharie 2
04:30:24 BLOC_A_SERIE_DU_JOUR              0m11s      0m08s      -3s  ✅  jingle avant louange 05 elevons nos coeurs vers dieu
04:30:32 BLOC_A_SERIE_DU_JOUR              6m15s      6m13s      -2s  ✅  Oh Lord I Want to Know Your Glory - Port Harcourt HF
04:36:45 BLOC_A_SERIE_DU_JOUR              3m12s      3m10s      -2s  ✅  esprit de dieu
04:39:55 BLOC_A_SERIE_DU_JOUR              7m21s      7m18s      -3s  ✅  For By My God - Toronto & Winnipeg HF
04:47:13 BLOC_A_SERIE_DU_JOUR              6m04s      6m02s      -2s  ✅  Sing Unto the Lord a new Song  - Winnipeg Fellowship
04:53:15 BLOC_A_SERIE_DU_JOUR              5m04s      5m02s      -2s  ✅  Guide Me - El ELyon - Abuja HF
04:58:17 BLOC_A_SERIE_DU_JOUR              7m09s      7m06s      -3s  ✅  There is A Mighty River Flowing - Ketu HF
05:05:23 BLOC_A_SERIE_DU_JOUR             10m25s     10m23s      -2s  ✅  Holy Are You - PHF
05:15:46 BLOC_A_SERIE_DU_JOUR              5m21s      5m19s      -2s  ✅  By the word of the lord - Ketu HF
05:21:05 BLOC_A_SERIE_DU_JOUR              6m10s      6m07s      -3s  ✅  That I May Know Him - Toronto HF
05:27:12 BLOC_A_SERIE_DU_JOUR              4m33s      4m31s      -2s  ✅  God is Building - Will You Be - Ketu HF
05:31:43 BLOC_A_SERIE_DU_JOUR              0m09s      0m10s      +1s  ✅  jingle id station 02 radio evangile du royaume
05:31:53 BLOC_A_SERIE_DU_JOUR              3m41s      3m38s      -3s  ✅  Job 1
05:35:31 BLOC_A_SERIE_DU_JOUR              2m07s      2m05s      -2s  ✅  Job 2
05:37:36 BLOC_A_SERIE_DU_JOUR              2m26s      2m23s      -3s  ✅  Job 3
05:39:59 BLOC_A_SERIE_DU_JOUR              2m05s      2m02s      -3s  ✅  Job 4
05:42:01 BLOC_A_SERIE_DU_JOUR              2m27s      2m25s      -2s  ✅  Job 5
05:44:26 BLOC_A_SERIE_DU_JOUR              2m57s      2m55s      -2s  ✅  Job 6
05:47:21 BLOC_A_SERIE_DU_JOUR              2m21s      2m19s      -2s  ✅  Job 7
05:49:40 BLOC_A_SERIE_DU_JOUR              2m06s      2m03s      -3s  ✅  Job 8
05:51:43 BLOC_A_SERIE_DU_JOUR              0m09s      0m10s      +1s  ✅  JINGLE
05:51:53 BLOC_A_SERIE_DU_JOUR              4m11s      4m08s      -3s  ✅  jai donné ma vie à jésus (1)
05:56:01 BLOC_A_SERIE_DU_JOUR              7m09s      7m14s      +5s  ✅  You're the Lamb (Abasiama Timothy)
06:03:15 BLOC_B_SERIE_DU_JOUR             13m48s     13m45s      -3s  ✅  2020 tian le pardon 8
06:17:00 BLOC_B_SERIE_DU_JOUR              0m10s      0m08s      -2s  ✅  jingle avant bible 06 ouvrons les saintes ecritures
06:17:08 BLOC_B_SERIE_DU_JOUR              3m57s      3m54s      -3s  ✅  Jacques 1
06:21:02 BLOC_B_SERIE_DU_JOUR              3m51s      3m49s      -2s  ✅  Jacques 2
06:24:51 BLOC_B_SERIE_DU_JOUR              2m56s      2m53s      -3s  ✅  Jacques 3
06:27:44 BLOC_B_SERIE_DU_JOUR              2m47s      2m44s      -3s  ✅  Jacques 4
06:30:28 BLOC_B_SERIE_DU_JOUR              3m28s      3m25s      -3s  ✅  Jacques 5
06:33:53 BLOC_B_SERIE_DU_JOUR              3m11s      3m09s      -2s  ✅  Lévitique 24
06:37:02 BLOC_B_SERIE_DU_JOUR              8m13s      8m11s      -2s  ✅  Lévitique 25
06:45:13 BLOC_B_SERIE_DU_JOUR              6m53s      6m50s      -3s  ✅  Lévitique 26
06:52:03 BLOC_B_SERIE_DU_JOUR              4m59s      4m56s      -3s  ✅  Lévitique 27
06:56:59 BLOC_B_SERIE_DU_JOUR              5m22s      5m19s      -3s  ✅  Josué 7
07:02:18 BLOC_B_SERIE_DU_JOUR              6m27s      6m25s      -2s  ✅  Josué 8
07:08:43 BLOC_B_SERIE_DU_JOUR              4m38s      4m35s      -3s  ✅  Josué 9
07:13:18 BLOC_B_SERIE_DU_JOUR              8m04s      8m02s      -2s  ✅  Josué 10
07:21:20 BLOC_B_SERIE_DU_JOUR              0m10s      0m08s      -2s  ✅  jingle avant louange 06 que la louange seleve
07:21:28 BLOC_B_SERIE_DU_JOUR              5m43s      5m40s      -3s  ✅  Cantique l Éternel est mon Berger (1)
07:27:08 BLOC_B_SERIE_DU_JOUR              6m07s      6m05s      -2s  ✅  There Is Forgiveness In Thee - SWBN TV
07:33:13 BLOC_B_SERIE_DU_JOUR              5m28s      5m25s      -3s  ✅  même humilié
07:38:38 BLOC_B_SERIE_DU_JOUR              7m09s      7m07s      -2s  ✅  My God Is Good - Winnipeg Fellowship
07:45:45 BLOC_B_SERIE_DU_JOUR              4m11s      4m08s      -3s  ✅  Cantique   Oh Éternel Dieu, Tu es le Dieu Incomparable
07:49:53 BLOC_B_SERIE_DU_JOUR              3m24s      3m22s      -2s  ✅  Cantique sa miséricorde
07:53:15 BLOC_B_SERIE_DU_JOUR              5m45s      5m42s      -3s  ✅  How Precious Oh Lord
07:58:57 BLOC_B_SERIE_DU_JOUR             11m54s     11m51s      -3s  ✅  Great & Marvelluos - Toronto HF
08:10:48 BLOC_B_SERIE_DU_JOUR              4m48s      4m46s      -2s  ✅  Yeshua I'm Waiting for You  - Ketu HF
08:15:34 BLOC_B_SERIE_DU_JOUR             10m38s     10m36s      -2s  ✅  Be Exalted - PHF
08:26:10 BLOC_B_SERIE_DU_JOUR              0m13s      0m11s      -2s  ✅  jingle avant bible 07 place a la lecture de la bible
08:26:21 BLOC_B_SERIE_DU_JOUR              3m40s      3m38s      -2s  ✅  1 Corinthiens 4
08:29:59 BLOC_B_SERIE_DU_JOUR              2m17s      2m14s      -3s  ✅  1 Corinthiens 5
08:32:13 BLOC_B_SERIE_DU_JOUR              3m19s      3m17s      -2s  ✅  1 Corinthiens 6
08:35:30 BLOC_B_SERIE_DU_JOUR              6m29s      6m26s      -3s  ✅  1 Corinthiens 7
08:41:56 BLOC_B_SERIE_DU_JOUR              2m04s      2m02s      -2s  ✅  1 Corinthiens 8
08:43:58 BLOC_B_SERIE_DU_JOUR              4m09s      4m06s      -3s  ✅  1 Corinthiens 9
08:48:04 BLOC_B_SERIE_DU_JOUR              4m48s      4m46s      -2s  ✅  1 Corinthiens 10
08:52:50 BLOC_B_SERIE_DU_JOUR              5m08s      5m05s      -3s  ✅  1 Corinthiens 11
08:57:55 BLOC_B_SERIE_DU_JOUR              0m11s      0m09s      -2s  ✅  jingle avant louange 05 elevons nos coeurs vers dieu
08:58:04 BLOC_B_SERIE_DU_JOUR              7m46s      7m44s      -2s  ✅  Arise Out of Zion  - Winnipeg Fellowship
09:05:48 BLOC_B_SERIE_DU_JOUR              4m08s      4m04s      -4s  ✅  I Choose the Way of the Lord - Abuja HF
09:09:52 BLOC_B_SERIE_DU_JOUR              8m21s      8m19s      -2s  ✅  My Heart Rejoices - Toronto HF
09:18:11 BLOC_B_SERIE_DU_JOUR              5m10s      5m08s      -2s  ✅  I Will Call Upon The Lord
09:23:19 BLOC_B_SERIE_DU_JOUR              5m21s      5m18s      -3s  ✅  We Shall Not Fear - Nonso Njoku
09:28:37 BLOC_B_SERIE_DU_JOUR              3m41s      3m39s      -2s  ✅  Adorons l'Éternel GAEL - JÉSUS EST SEIGNEUR -
09:32:16 BLOC_B_SERIE_DU_JOUR              7m36s      7m33s      -3s  ✅  There Is No Lie - SWBN TV
09:39:49 BLOC_B_SERIE_DU_JOUR             11m01s     10m59s      -2s  ✅  Great is, Ascribe - Ketu HF
09:50:48 BLOC_B_SERIE_DU_JOUR              4m18s      4m15s      -3s  ✅  You Are Worthy - Ketu HF
09:55:03 BLOC_B_SERIE_DU_JOUR              6m02s      6m00s      -2s  ✅  Satisfy My Soul - Calabar HF
10:01:03 BLOC_B_SERIE_DU_JOUR              0m09s      0m07s      -2s  ✅  jingle avant bible 08 prenons un moment pour ecouter la parole
10:01:10 BLOC_B_SERIE_DU_JOUR              4m07s      4m04s      -3s  ✅  Genèse 22
10:05:14 BLOC_B_SERIE_DU_JOUR              3m18s      3m16s      -2s  ✅  Genèse 23
10:08:30 BLOC_B_SERIE_DU_JOUR             11m16s     11m13s      -3s  ✅  Genèse 24
10:19:43 BLOC_B_SERIE_DU_JOUR              5m09s      5m07s      -2s  ✅  Genèse 25
10:24:50 BLOC_B_SERIE_DU_JOUR              5m48s      5m46s      -2s  ✅  Genèse 26
10:30:36 BLOC_B_SERIE_DU_JOUR              8m00s      7m57s      -3s  ✅  Genèse 27
10:38:33 BLOC_B_SERIE_DU_JOUR              3m49s      3m46s      -3s  ✅  Genèse 28
10:42:19 BLOC_B_SERIE_DU_JOUR              5m14s      5m12s      -2s  ✅  Genèse 29
10:47:31 BLOC_B_SERIE_DU_JOUR              0m13s      0m10s      -3s  ✅  jingle avant louange 07 voici un temps de louange
10:47:41 BLOC_B_SERIE_DU_JOUR              7m17s      7m15s      -2s  ✅  cantique  tes promesses  pub direct dec 2021 import (2)
10:54:56 BLOC_B_SERIE_DU_JOUR              7m57s      7m55s      -2s  ✅  Yahweh is Mighty (Imah Adegoke)
11:02:51 BLOC_B_SERIE_DU_JOUR              6m06s      6m03s      -3s  ✅  Good God - Asaba Fellowship
11:08:54 BLOC_B_SERIE_DU_JOUR              2m20s      2m17s      -3s  ✅  cantique  heureux l homme qui ne marche pas selon
11:11:11 BLOC_B_SERIE_DU_JOUR              8m21s      8m19s      -2s  ✅  In the Day of Your Power  - Winnipeg Fellowship
11:19:30 BLOC_B_SERIE_DU_JOUR              6m30s      6m27s      -3s  ✅  Praise the Lord of Host - Toronto HF
11:25:57 BLOC_B_SERIE_DU_JOUR              8m25s      8m23s      -2s  ✅  The Mountains, Come and, Oh City - Ketu HF
11:34:20 BLOC_B_SERIE_DU_JOUR              4m05s      4m03s      -2s  ✅  Song Of Victory - Emmanuel Igunbor
11:38:23 BLOC_B_SERIE_DU_JOUR              6m35s      6m32s      -3s  ✅  cantique   ta lumière
11:44:55 BLOC_B_SERIE_DU_JOUR              5m08s      5m06s      -2s  ✅  He Has Given Me - PHF
11:50:01 BLOC_B_SERIE_DU_JOUR              0m09s      0m10s      +1s  ✅  jingle id station 01 la bonne nouvelle partout
11:50:11 BLOC_B_SERIE_DU_JOUR              3m36s      3m33s      -3s  ✅  Hébreux 13
11:53:44 BLOC_B_SERIE_DU_JOUR              4m47s      4m45s      -2s  ✅  1 Rois 9
11:58:29 BLOC_B_SERIE_DU_JOUR              4m43s      4m47s      +4s  ✅  1 Rois 10
12:03:16 BLOC_C_SERIE_DU_JOUR             13m48s     13m46s      -2s  ✅  2020 tian le pardon 8
12:17:02 BLOC_C_SERIE_DU_JOUR              0m13s      0m10s      -3s  ✅  jingle avant bible 07 place a la lecture de la bible
12:17:12 BLOC_C_SERIE_DU_JOUR              3m39s      3m36s      -3s  ✅  Ruth 1
12:20:48 BLOC_C_SERIE_DU_JOUR              4m14s      4m11s      -3s  ✅  Ruth 2
12:24:59 BLOC_C_SERIE_DU_JOUR              3m00s      2m58s      -2s  ✅  Ruth 3
12:27:57 BLOC_C_SERIE_DU_JOUR              3m43s      3m41s      -2s  ✅  Ruth 4
12:31:38 BLOC_C_SERIE_DU_JOUR              3m55s      3m52s      -3s  ✅  2 Rois 1
12:35:30 BLOC_C_SERIE_DU_JOUR              4m52s      4m50s      -2s  ✅  2 Rois 2
12:40:20 BLOC_C_SERIE_DU_JOUR              4m43s      4m40s      -3s  ✅  2 Rois 3
12:45:00 BLOC_C_SERIE_DU_JOUR              7m47s      7m44s      -3s  ✅  2 Rois 4
12:52:44 BLOC_C_SERIE_DU_JOUR              6m03s      6m01s      -2s  ✅  2 Rois 5
12:58:45 BLOC_C_SERIE_DU_JOUR              5m42s      5m39s      -3s  ✅  2 Rois 6
13:04:24 BLOC_C_SERIE_DU_JOUR              4m28s      4m26s      -2s  ✅  2 Rois 7
13:08:50 BLOC_C_SERIE_DU_JOUR              5m34s      5m32s      -2s  ✅  2 Rois 8
13:14:22 BLOC_C_SERIE_DU_JOUR              7m22s      7m19s      -3s  ✅  2 Rois 9
13:21:41 BLOC_C_SERIE_DU_JOUR              0m11s      0m09s      -2s  ✅  jingle avant louange 05 elevons nos coeurs vers dieu
13:21:50 BLOC_C_SERIE_DU_JOUR              8m58s      8m55s      -3s  ✅  El Elyon - Toronto & Winnipeg HF
13:30:45 BLOC_C_SERIE_DU_JOUR              4m44s      4m42s      -2s  ✅  Je veux vivre ton royaume
13:35:27 BLOC_C_SERIE_DU_JOUR              6m19s      6m16s      -3s  ✅  Unto Him - CHF
13:41:43 BLOC_C_SERIE_DU_JOUR              6m28s      6m26s      -2s  ✅  Le Bien-Etre Universel
13:48:09 BLOC_C_SERIE_DU_JOUR              8m41s      8m38s      -3s  ✅  Unto Him (Vincent Opara)
13:56:47 BLOC_C_SERIE_DU_JOUR              4m03s      4m00s      -3s  ✅  I Will Not Be Silent - Calabar HF
14:00:47 BLOC_C_SERIE_DU_JOUR              5m50s      5m48s      -2s  ✅  Jesus I'm Waiting for You (Mary Umoh)
14:06:35 BLOC_C_SERIE_DU_JOUR              6m59s      6m56s      -3s  ✅  Hosanna - Toronto HF
14:13:31 BLOC_C_SERIE_DU_JOUR              5m45s      5m43s      -2s  ✅  Ella Samuels - Oh Lord Our Maker
14:19:14 BLOC_C_SERIE_DU_JOUR              0m09s      0m06s      -3s  ✅  jingle avant bible 08 prenons un moment pour ecouter la parole
14:19:20 BLOC_C_SERIE_DU_JOUR              3m37s      3m35s      -2s  ✅  Nombres 27
14:22:55 BLOC_C_SERIE_DU_JOUR              4m29s      4m27s      -2s  ✅  Nombres 28
14:27:22 BLOC_C_SERIE_DU_JOUR              5m20s      5m18s      -2s  ✅  Nombres 29
14:32:40 BLOC_C_SERIE_DU_JOUR              2m47s      2m44s      -3s  ✅  Nombres 30
14:35:24 BLOC_C_SERIE_DU_JOUR              6m36s      6m33s      -3s  ✅  Nombres 31
14:41:57 BLOC_C_SERIE_DU_JOUR              6m02s      5m59s      -3s  ✅  Nombres 32
14:47:56 BLOC_C_SERIE_DU_JOUR              0m10s      0m08s      -2s  ✅  jingle avant louange 06 que la louange seleve
14:48:04 BLOC_C_SERIE_DU_JOUR              2m16s      2m13s      -3s  ✅  cantique  nous sommes le sel de la terre
14:50:17 BLOC_C_SERIE_DU_JOUR              9m14s      9m12s      -2s  ✅  A jamais, tu seras l Agneau de Dieu
14:59:29 BLOC_C_SERIE_DU_JOUR              9m38s      9m35s      -3s  ✅  Holy are You oh Lord (Olaedo Uzoma & Vincent Opara)
15:09:04 BLOC_C_SERIE_DU_JOUR              3m22s      3m20s      -2s  ✅  Ses cheveux étaient blancs..
15:12:24 BLOC_C_SERIE_DU_JOUR              5m58s      5m55s      -3s  ✅  In Jesus - PHF
15:18:19 BLOC_C_SERIE_DU_JOUR              7m19s      7m16s      -3s  ✅  You Have sworn By Your Holiness - Chidera Bisong
15:25:35 BLOC_C_SERIE_DU_JOUR              4m40s      4m38s      -2s  ✅  All in All - CHF
15:30:13 BLOC_C_SERIE_DU_JOUR              5m10s      5m07s      -3s  ✅  Igwe
15:35:20 BLOC_C_SERIE_DU_JOUR              9m31s      9m28s      -3s  ✅  15 at 01.33.50 (1)(1)
15:44:48 BLOC_C_SERIE_DU_JOUR              6m06s      6m04s      -2s  ✅  cantique  ta bonte
15:50:52 BLOC_C_SERIE_DU_JOUR              0m10s      0m08s      -2s  ✅  jingle avant bible 06 ouvrons les saintes ecritures
15:51:00 BLOC_C_SERIE_DU_JOUR              4m22s      4m20s      -2s  ✅  2 Chroniques 23
15:55:20 BLOC_C_SERIE_DU_JOUR              5m08s      5m05s      -3s  ✅  2 Chroniques 24
16:00:25 BLOC_C_SERIE_DU_JOUR              5m13s      5m11s      -2s  ✅  2 Chroniques 25
16:05:36 BLOC_C_SERIE_DU_JOUR              4m04s      4m01s      -3s  ✅  2 Chroniques 26
16:09:37 BLOC_C_SERIE_DU_JOUR              1m21s      1m19s      -2s  ✅  2 Chroniques 27
16:10:56 BLOC_C_SERIE_DU_JOUR              4m55s      4m52s      -3s  ✅  2 Chroniques 28
16:15:48 BLOC_C_SERIE_DU_JOUR              6m27s      6m25s      -2s  ✅  2 Chroniques 29
16:22:13 BLOC_C_SERIE_DU_JOUR              5m02s      5m00s      -2s  ✅  2 Chroniques 30
16:27:13 BLOC_C_SERIE_DU_JOUR              4m11s      4m08s      -3s  ✅  2 Chroniques 31
16:31:21 BLOC_C_SERIE_DU_JOUR              6m19s      6m17s      -2s  ✅  2 Chroniques 32
16:37:38 BLOC_C_SERIE_DU_JOUR              0m13s      0m11s      -2s  ✅  jingle avant louange 07 voici un temps de louange
16:37:49 BLOC_C_SERIE_DU_JOUR              7m37s      7m34s      -3s  ✅  Cantiques  Il a pris mes iniquités
16:45:23 BLOC_C_SERIE_DU_JOUR              7m18s      7m15s      -3s  ✅  Holy is the Lord (Emmanuel Umoh)
16:52:38 BLOC_C_SERIE_DU_JOUR              8m22s      8m20s      -2s  ✅  Yeshua Hamashiach - Calabar HF
17:00:58 BLOC_C_SERIE_DU_JOUR              3m10s      3m07s      -3s  ✅  la Parole
17:04:05 BLOC_C_SERIE_DU_JOUR              6m54s      6m51s      -3s  ✅  There is no Lie (Imah Adegoke & Mary Umoh)
17:10:56 BLOC_C_SERIE_DU_JOUR              5m52s      5m50s      -2s  ✅  Not Naked (Abasiama Timothy)
17:16:46 BLOC_C_SERIE_DU_JOUR              8m12s      8m10s      -2s  ✅  Jesus is Alpha - PHF
17:24:56 BLOC_C_SERIE_DU_JOUR              7m25s      7m22s      -3s  ✅  Victorious Is the Lamb - Winnipeg Fellowship
17:32:18 BLOC_C_SERIE_DU_JOUR              9m23s      9m21s      -2s  ✅  10 minutes
17:41:39 BLOC_C_SERIE_DU_JOUR              0m09s      0m09s      +0s  ✅  JINGLE
17:41:48 BLOC_C_SERIE_DU_JOUR              3m00s      2m58s      -2s  ✅  Jonas 1
17:44:46 BLOC_C_SERIE_DU_JOUR              1m22s      1m19s      -3s  ✅  Jonas 2
17:46:05 BLOC_C_SERIE_DU_JOUR              1m36s      1m34s      -2s  ✅  Jonas 3
17:47:39 BLOC_C_SERIE_DU_JOUR              1m57s      1m55s      -2s  ✅  Jonas 4
17:49:34 BLOC_C_SERIE_DU_JOUR              3m57s      3m54s      -3s  ✅  Apocalypse 1
17:53:28 BLOC_C_SERIE_DU_JOUR              5m23s      5m20s      -3s  ✅  Apocalypse 2
17:58:48 BLOC_C_SERIE_DU_JOUR              4m16s      4m14s      -2s  ✅  Apocalypse 3
18:03:02 BLOC_D_SERIE_DU_JOUR              0m10s      0m10s      +0s  ✅  jingle avant message 01 voici le message du jour
18:03:12 BLOC_D_SERIE_DU_JOUR             13m48s     13m53s      +5s  ✅  2020 tian le pardon 8
18:17:05 BLOC_D_SERIE_DU_JOUR              3m34s      3m33s      -1s  ✅  Esdras 9
18:20:38 BLOC_D_SERIE_DU_JOUR              6m21s      6m18s      -3s  ✅  Esdras 10
18:26:56 BLOC_D_SERIE_DU_JOUR              2m21s      2m18s      -3s  ✅  Nahum 1
18:29:14 BLOC_D_SERIE_DU_JOUR              2m04s      2m01s      -3s  ✅  Nahum 2
18:31:15 BLOC_D_SERIE_DU_JOUR              3m02s      3m00s      -2s  ✅  Nahum 3
18:34:15 BLOC_D_SERIE_DU_JOUR              3m52s      3m50s      -2s  ✅  Deutéronome 30
18:38:05 BLOC_D_SERIE_DU_JOUR              5m56s      5m54s      -2s  ✅  Deutéronome 31
18:43:59 BLOC_D_SERIE_DU_JOUR              7m45s      7m42s      -3s  ✅  Deutéronome 32
18:51:41 BLOC_D_SERIE_DU_JOUR              4m49s      4m47s      -2s  ✅  Deutéronome 33
18:56:28 BLOC_D_SERIE_DU_JOUR              1m57s      1m54s      -3s  ✅  Deutéronome 34
18:58:22 BLOC_D_SERIE_DU_JOUR              5m26s      5m23s      -3s  ✅  Exode 26
19:03:45 BLOC_D_SERIE_DU_JOUR              3m27s      3m25s      -2s  ✅  Exode 27
19:07:10 BLOC_D_SERIE_DU_JOUR              7m35s      7m33s      -2s  ✅  Exode 28
19:14:43 BLOC_D_SERIE_DU_JOUR              0m10s      0m08s      -2s  ✅  jingle avant louange 06 que la louange seleve
19:14:51 BLOC_D_SERIE_DU_JOUR              6m02s      5m59s      -3s  ✅  Crown Him Lord of Lords - Nonso Njoku
19:20:50 BLOC_D_SERIE_DU_JOUR              5m48s      5m46s      -2s  ✅  Forever You Reign - Abuja HF
19:26:36 BLOC_D_SERIE_DU_JOUR              5m52s      5m49s      -3s  ✅  Where Two or Three are Gathered - Calabar HF
19:32:25 BLOC_D_SERIE_DU_JOUR              6m12s      6m10s      -2s  ✅  Praise the Lord All Ye Nations - Toronto HF
19:38:35 BLOC_D_SERIE_DU_JOUR              8m31s      8m28s      -3s  ✅  Holy Holy - Abuja HF
19:47:03 BLOC_D_SERIE_DU_JOUR              7m51s      7m48s      -3s  ✅  There is no name  - Winnipeg Fellowship
19:54:51 BLOC_D_SERIE_DU_JOUR              9m24s      9m22s      -2s  ✅  I See Your Face - Toronto HF
20:04:13 BLOC_D_SERIE_DU_JOUR              9m23s      9m21s      -2s  ✅  Thou art Worthy Lord - PHF
20:13:34 BLOC_D_SERIE_DU_JOUR              0m09s      0m06s      -3s  ✅  jingle avant bible 08 prenons un moment pour ecouter la parole
20:13:40 BLOC_D_SERIE_DU_JOUR              5m40s      5m38s      -2s  ✅  Marc 1
20:19:18 BLOC_D_SERIE_DU_JOUR              4m21s      4m18s      -3s  ✅  Marc 2
20:23:36 BLOC_D_SERIE_DU_JOUR              4m15s      4m13s      -2s  ✅  Marc 3
20:27:49 BLOC_D_SERIE_DU_JOUR              5m27s      5m24s      -3s  ✅  Marc 4
20:33:13 BLOC_D_SERIE_DU_JOUR              5m38s      5m36s      -2s  ✅  Marc 5
20:38:49 BLOC_D_SERIE_DU_JOUR              7m58s      7m56s      -2s  ✅  Marc 6
20:46:45 BLOC_D_SERIE_DU_JOUR              0m11s      0m08s      -3s  ✅  jingle avant louange 05 elevons nos coeurs vers dieu
20:46:53 BLOC_D_SERIE_DU_JOUR              4m14s      4m11s      -3s  ✅  Mon modèle, c est Jésus
20:51:04 BLOC_D_SERIE_DU_JOUR             10m47s     10m45s      -2s  ✅  Abba, Singing a, I Will Sing - Ketu HF
21:01:49 BLOC_D_SERIE_DU_JOUR             10m13s     10m10s      -3s  ✅  As We Worship - Toronto & Winnipeg HF
21:11:59 BLOC_D_SERIE_DU_JOUR              8m18s      8m16s      -2s  ✅  Yahweh Is Mighty - SWBN TV
21:20:15 BLOC_D_SERIE_DU_JOUR              8m10s      8m07s      -3s  ✅  Great and Marvellous - Ketu HF
21:28:22 BLOC_D_SERIE_DU_JOUR              6m34s      6m31s      -3s  ✅  cantique  béni soit le dieu d israël
21:34:53 BLOC_D_SERIE_DU_JOUR              6m57s      6m54s      -3s  ✅  qui est digne d ouvrir le livre
21:41:47 BLOC_D_SERIE_DU_JOUR              0m13s      0m11s      -2s  ✅  jingle avant bible 07 place a la lecture de la bible
21:41:58 BLOC_D_SERIE_DU_JOUR              5m42s      5m40s      -2s  ✅  Actes 16
21:47:38 BLOC_D_SERIE_DU_JOUR              5m23s      5m21s      -2s  ✅  Actes 17
21:52:59 BLOC_D_SERIE_DU_JOUR              4m15s      4m12s      -3s  ✅  Actes 18
21:57:11 BLOC_D_SERIE_DU_JOUR              6m09s      6m07s      -2s  ✅  Actes 19
22:03:18 BLOC_D_SERIE_DU_JOUR              5m22s      5m19s      -3s  ✅  Actes 20
22:08:37 BLOC_D_SERIE_DU_JOUR              6m34s      6m33s      -1s  ✅  Actes 21
22:15:10 BLOC_D_SERIE_DU_JOUR              4m32s      4m28s      -4s  ✅  Actes 22
22:19:38 BLOC_D_SERIE_DU_JOUR              5m29s      5m27s      -2s  ✅  Actes 23
22:25:05 BLOC_D_SERIE_DU_JOUR              0m13s      0m10s      -3s  ✅  jingle avant louange 07 voici un temps de louange
22:25:15 BLOC_D_SERIE_DU_JOUR              4m13s      4m10s      -3s  ✅  4 minutes
22:29:25 BLOC_D_SERIE_DU_JOUR              5m57s      5m55s      -2s  ✅  You are God - Winnipeg Fellowship
22:35:20 BLOC_D_SERIE_DU_JOUR              6m41s      6m38s      -3s  ✅  6 minutes
22:41:58 BLOC_D_SERIE_DU_JOUR             10m24s     10m21s      -3s  ✅  Shine in Darkness O Lord  - Winnipeg Fellowship
22:52:19 BLOC_D_SERIE_DU_JOUR             11m53s     11m50s      -3s  ✅  Hashem - PHF
23:04:09 BLOC_D_SERIE_DU_JOUR              7m20s      7m18s      -2s  ✅  The Glory -  PHF
23:11:27 BLOC_D_SERIE_DU_JOUR              6m12s      6m09s      -3s  ✅  The King is Here (Abasiama Timothy)
23:17:36 BLOC_D_SERIE_DU_JOUR              5m07s      5m04s      -3s  ✅  We Shall Come - Asaba Fellowship
23:22:40 BLOC_D_SERIE_DU_JOUR              0m09s      0m10s      +1s  ✅  jingle id station 02 radio evangile du royaume
23:22:50 BLOC_D_SERIE_DU_JOUR              2m18s      2m16s      -2s  ✅  Néhémie 1
23:25:06 BLOC_D_SERIE_DU_JOUR              4m01s      3m59s      -2s  ✅  Néhémie 2
23:29:05 BLOC_D_SERIE_DU_JOUR              5m28s      5m25s      -3s  ✅  Néhémie 3
23:34:30 BLOC_E_LOUANGE_NUIT               6m04s      6m02s      -2s  ✅  Sing Unto the Lord a new Song  - Winnipeg Fellowship
23:40:32 BLOC_E_LOUANGE_NUIT               6m09s      6m06s      -3s  ✅  Hymne des vainqueurs
23:46:38 BLOC_E_LOUANGE_NUIT               5m52s      5m50s      -2s  ✅  Where Two or Three are Gathered - Calabar HF
23:52:28 BLOC_E_LOUANGE_NUIT               4m11s      4m08s      -3s  ✅  Cantique   Oh Éternel Dieu, Tu es le Dieu Incomparable
23:56:36 BLOC_E_LOUANGE_NUIT               6m02s      6m00s      -2s  ✅  Rejoice - PHF
----------------------------------------------------------------------------------------------------
Bilan : 296 titres, 1 anomalie(s) (titre coupé de plus de 10s ou trou d'antenne). Gravité : 0 mineure(s) <1min · 1 sérieuse(s) 1-10min · 0 critique(s) >10min.

====================================================================================================
CONTRÔLES APPROFONDIS
====================================================================================================
MESSAGE DU JOUR « Tian Le pardon 8 » : 4 diffusion(s) pour 4 prévue(s) ✅
   00:03:55  (étiquette BLOC_A_SERIE_DU_JOUR)
   06:03:15  (étiquette BLOC_B_SERIE_DU_JOUR)
   12:03:16  (étiquette BLOC_C_SERIE_DU_JOUR)
   18:03:12  (étiquette BLOC_D_SERIE_DU_JOUR)
JINGLES : 28 joués / 36 prévus (78%) ⚠️   ·   BLOC_A 7/9 · BLOC_B 7/9 · BLOC_C 7/9 · BLOC_D 7/9
HORS FENÊTRE : aucun débordement de bloc détecté ✅
BOUCHE-TROUS : 1 titre(s) hors plan sans playlist ⚠️
   00:01:30  AzuraCast is Live!  (0m06s)
COUVERTURE : premier titre à 00:01:30 ✅ · dernier titre finit vers 00:02:38 (estimé) ✅

====================================================================================================
RÉEL vs PRÉVU — ce qui a joué vs ce que le plan prévoyait
====================================================================================================
----------------------------------------------------------------------------------------------------
BLOC_A  (00:00-06:00)  prévus  91 · atteignables  89 · joués  88 · conformité  98% · sautés  2 · en trop  1
   ⏭️  PRÉVU NON JOUÉ : jingle avant bible 08 prenons un moment pour ecouter la parole · jingle avant bible 06 ouvrons les saintes ecritures
   ➕  JOUÉ NON PRÉVU : AzuraCast is Live!
   ⏸️  FIN DE BLOC NON ATTEINTE (2 titres · ~13m32s) — marge anti-rebouclage au-delà de la fenêtre, normal : Baruch Ha'ba B'Shem Adonai/Blessed Is He Who Comes in the Name of the Lord - Port Harcourt HF · You Are the Captain of the Host - Toronto HF
----------------------------------------------------------------------------------------------------
BLOC_B  (06:00-12:00)  prévus  78 · atteignables  71 · joués  70 · conformité  99% · sautés  1 · en trop  0
   ⏭️  PRÉVU NON JOUÉ : jingle avant message 04 bienvenue sur parole prophetique fm
   ⏸️  FIN DE BLOC NON ATTEINTE (7 titres · ~35m21s) — marge anti-rebouclage au-delà de la fenêtre, normal : 1 Rois 11 · JINGLE · We Ascribe Greatness - Abuja HF · Sing Hallelujah - Abuja HF · Agunechemba - SWBN TV · Awaken My Heart  …(+1)
----------------------------------------------------------------------------------------------------
BLOC_C  (12:00-18:00)  prévus  78 · atteignables  73 · joués  72 · conformité  99% · sautés  1 · en trop  0
   ⏭️  PRÉVU NON JOUÉ : jingle avant message 04 bienvenue sur parole prophetique fm
   ⏸️  FIN DE BLOC NON ATTEINTE (5 titres · ~25m03s) — marge anti-rebouclage au-delà de la fenêtre, normal : jingle id station 01 la bonne nouvelle partout · He Shall Feed His Flock - I Want to walk  - Ketu HF · Thy Throne Oh Lord - Ketu HF · There's A Mighty River Flowing - SWBN TV · Now is Come Salvation - Toronto HF
----------------------------------------------------------------------------------------------------
BLOC_D  (18:00-23:30)  prévus  70 · atteignables  62 · joués  61 · conformité  98% · sautés  1 · en trop  0
   ⏭️  PRÉVU NON JOUÉ : jingle avant bible 06 ouvrons les saintes ecritures
   ⏸️  FIN DE BLOC NON ATTEINTE (8 titres · ~37m24s) — marge anti-rebouclage au-delà de la fenêtre, normal : Néhémie 4 · Néhémie 5 · JINGLE · cantique   prends tout le contrôle · God's Got An Army - PHF · Gabrielle LIDJI - Mélodie Céleste  by LFXA(Light FX Animation)_2  …(+2)
----------------------------------------------------------------------------------------------------
CONFORMITÉ GLOBALE : 290/295 titres atteignables joués dans l'ordre = 98%  (1 titre(s) hors plan · 22 non atteint(s) en fin de bloc, marge normale)
