Rapport de diffusion — 2026-06-19 (heures UTC)
259 titres joués | tolérance ±10s
====================================================================================================
HEURE    PLAYLIST                     FICHIER          RÉEL    ÉCART  STATUT  TITRE
----------------------------------------------------------------------------------------------------
00:00:13 BLOC_A_SERIE_DU_JOUR              3m17s      3m13s      -4s  ✅  Galates 1
00:03:26 BLOC_A_SERIE_DU_JOUR              7m51s      7m48s      -3s  ✅  There is no name  - Winnipeg Fellowship
00:11:14 BLOC_A_SERIE_DU_JOUR              6m41s      6m39s      -2s  ✅  6 minutes
00:17:53 BLOC_A_SERIE_DU_JOUR              3m39s      3m36s      -3s  ✅  Ruth 1
00:21:29 BLOC_A_SERIE_DU_JOUR              3m00s      2m57s      -3s  ✅  Ruth 3
00:24:26 BLOC_A_SERIE_DU_JOUR              4m14s      4m11s      -3s  ✅  Ruth 2
00:28:37 BLOC_A_SERIE_DU_JOUR              3m43s      3m41s      -2s  ✅  Ruth 4
00:32:18 BLOC_A_SERIE_DU_JOUR              4m11s      4m09s      -2s  ✅  Cantique   Oh Éternel Dieu, Tu es le Dieu Incomparable
00:36:27 BLOC_A_SERIE_DU_JOUR              5m15s      5m12s      -3s  ✅  Yahweh Be Praised - Abuja HF
00:41:39 BLOC_A_SERIE_DU_JOUR              6m12s      6m10s      -2s  ✅  Praise the Lord All Ye Nations - Toronto HF
00:47:49 BLOC_A_SERIE_DU_JOUR              5m57s      5m54s      -3s  ✅  You are God - Winnipeg Fellowship
00:53:43 BLOC_A_SERIE_DU_JOUR              0m01s      0m02s      +1s  ✅  jingle avant bible 04 restons a lecoute des ecritures
00:53:45 BLOC_A_SERIE_DU_JOUR              4m08s      4m05s      -3s  ✅  Galates 2
00:57:50 BLOC_A_SERIE_DU_JOUR              3m24s      3m22s      -2s  ✅  Cantique sa miséricorde
01:01:12 BLOC_A_SERIE_DU_JOUR              9m14s      9m12s      -2s  ✅  A jamais, tu seras l Agneau de Dieu
01:10:24 BLOC_A_SERIE_DU_JOUR              7m36s      7m33s      -3s  ✅  There Is No Lie - SWBN TV
01:17:57 BLOC_A_SERIE_DU_JOUR              6m57s      6m55s      -2s  ✅  The Lord on High is Mightier - Toronto HF
01:24:52 BLOC_A_SERIE_DU_JOUR              9m23s      9m20s      -3s  ✅  Thou art Worthy Lord - PHF
01:34:12 BLOC_A_SERIE_DU_JOUR              4m40s      4m37s      -3s  ✅  All in All - CHF
01:38:49 BLOC_A_SERIE_DU_JOUR              5m45s      5m48s      +3s  ✅  How Precious Oh Lord
01:44:37 BLOC_A_SERIE_DU_JOUR              0m04s      0m12s      +8s  ✅  jingle avant louange 03 continuons dans la louange
01:44:49 BLOC_A_SERIE_DU_JOUR              0m06s      0m12s      +6s  ✅  jingle avant louange 01 place a la louange et adoration
01:45:01 BLOC_A_SERIE_DU_JOUR              0m07s      0m09s      +2s  ✅  jingle avant bible 02 voici la lecture de la bible
01:45:10 BLOC_A_SERIE_DU_JOUR              0m06s      0m05s      -1s  ✅  jingle avant bible 01 la foi vient de ce quon entend
01:45:15 BLOC_A_SERIE_DU_JOUR              0m10s      0m10s      +0s  ✅  jingle avant message 01 voici le message du jour
01:45:25 BLOC_A_SERIE_DU_JOUR             11m01s     10m59s      -2s  ✅  Great is, Ascribe - Ketu HF
01:56:24 BLOC_A_SERIE_DU_JOUR             10m13s     10m10s      -3s  ✅  As We Worship - Toronto & Winnipeg HF
02:06:34 BLOC_A_SERIE_DU_JOUR              6m13s      6m10s      -3s  ✅  Immortal God - Elohim Adonai - Abuja HF
02:12:44 BLOC_A_SERIE_DU_JOUR             10m25s     10m24s      -1s  ✅  Holy Are You - PHF
02:23:08 BLOC_A_SERIE_DU_JOUR              7m46s      7m43s      -3s  ✅  Arise Out of Zion  - Winnipeg Fellowship
02:30:51 BLOC_A_SERIE_DU_JOUR              5m45s      5m42s      -3s  ✅  Ella Samuels - Oh Lord Our Maker
02:36:33 BLOC_A_SERIE_DU_JOUR              7m57s      7m55s      -2s  ✅  Yahweh is Mighty (Imah Adegoke)
02:44:28 BLOC_A_SERIE_DU_JOUR              7m09s      7m07s      -2s  ✅  You're the Lamb (Abasiama Timothy)
02:51:35 BLOC_A_SERIE_DU_JOUR           1h12m03s   1h12m01s      -2s  ✅  nous faire part 1
04:03:36 BLOC_A_SERIE_DU_JOUR              3m17s      3m15s      -2s  ✅  Galates 1
04:06:51 BLOC_A_SERIE_DU_JOUR              4m08s      4m05s      -3s  ✅  Galates 2
04:10:56 BLOC_A_SERIE_DU_JOUR              4m50s      4m48s      -2s  ✅  Galates 3
04:15:44 BLOC_A_SERIE_DU_JOUR              4m30s      4m28s      -2s  ✅  Galates 4
04:20:12 BLOC_A_SERIE_DU_JOUR              4m04s      4m01s      -3s  ✅  Galates 5
04:24:13 BLOC_A_SERIE_DU_JOUR              2m46s      2m43s      -3s  ✅  Galates 6
04:26:56 BLOC_A_SERIE_DU_JOUR              2m04s      2m02s      -2s  ✅  Osée 1
04:28:58 BLOC_A_SERIE_DU_JOUR              3m29s      3m26s      -3s  ✅  Osée 2
04:32:24 BLOC_A_SERIE_DU_JOUR              0m57s      0m55s      -2s  ✅  Osée 3
04:33:19 BLOC_A_SERIE_DU_JOUR              2m56s      2m54s      -2s  ✅  Osée 4
04:36:13 BLOC_A_SERIE_DU_JOUR              2m24s      2m21s      -3s  ✅  Osée 5
04:38:34 BLOC_A_SERIE_DU_JOUR              4m03s      4m00s      -3s  ✅  I Will Not Be Silent - Calabar HF
04:42:34 BLOC_A_SERIE_DU_JOUR              6m02s      6m00s      -2s  ✅  Satisfy My Soul - Calabar HF
04:48:34 BLOC_A_SERIE_DU_JOUR              3m50s      3m48s      -2s  ✅  Apocalypse 9
04:52:22 BLOC_A_SERIE_DU_JOUR              2m14s      2m11s      -3s  ✅  Apocalypse 10
04:54:33 BLOC_A_SERIE_DU_JOUR              3m52s      3m49s      -3s  ✅  Apocalypse 11
04:58:22 BLOC_A_SERIE_DU_JOUR              3m22s      3m20s      -2s  ✅  Apocalypse 12
05:01:42 BLOC_A_SERIE_DU_JOUR              3m32s      3m30s      -2s  ✅  Apocalypse 13
05:05:12 BLOC_A_SERIE_DU_JOUR              4m26s      4m22s      -4s  ✅  Apocalypse 14
05:09:34 BLOC_A_SERIE_DU_JOUR              1m38s      1m36s      -2s  ✅  Apocalypse 15
05:11:10 BLOC_A_SERIE_DU_JOUR              3m30s      3m27s      -3s  ✅  Apocalypse 16
05:14:37 BLOC_A_SERIE_DU_JOUR              4m13s      4m11s      -2s  ✅  4 minutes
05:18:48 BLOC_A_SERIE_DU_JOUR              4m11s      4m08s      -3s  ✅  jai donné ma vie à jésus (1)
05:22:56 BLOC_A_SERIE_DU_JOUR              4m06s      4m03s      -3s  ✅  2 Samuel 1
05:26:59 BLOC_A_SERIE_DU_JOUR              5m12s      5m10s      -2s  ✅  2 Samuel 2
05:32:09 BLOC_A_SERIE_DU_JOUR              6m36s      6m33s      -3s  ✅  2 Samuel 3
05:38:42 BLOC_A_SERIE_DU_JOUR              2m27s      2m25s      -2s  ✅  2 Samuel 4
05:41:07 BLOC_A_SERIE_DU_JOUR              3m45s      3m43s      -2s  ✅  2 Samuel 5
05:44:50 BLOC_A_SERIE_DU_JOUR              3m55s      3m52s      -3s  ✅  2 Samuel 6
05:48:42 BLOC_A_SERIE_DU_JOUR              4m44s      4m41s      -3s  ✅  2 Samuel 7
05:53:23 BLOC_A_SERIE_DU_JOUR              2m52s      2m50s      -2s  ✅  2 Samuel 8
05:56:13 BLOC_A_SERIE_DU_JOUR              2m23s      2m20s      -3s  ✅  2 Samuel 9
05:58:33 BLOC_A_SERIE_DU_JOUR              9m38s      9m37s      -1s  ✅  Holy are You oh Lord (Olaedo Uzoma & Vincent Opara)
06:08:10 BLOC_A_SERIE_DU_JOUR              4m50s      4m48s      -2s  ✅  Galates 3
06:12:58 BLOC_B_SERIE_DU_JOUR              0m08s      0m09s      +1s  ✅  jingle avant message 02 enseignement parole de dieu
06:13:07 BLOC_B_SERIE_DU_JOUR              4m53s      4m50s      -3s  ✅  Cantique Jahweh, Tu es élevé au dessus de tout (1)
06:17:57 BLOC_B_SERIE_DU_JOUR              5m58s      5m55s      -3s  ✅  In Jesus - PHF
06:23:52 BLOC_B_SERIE_DU_JOUR              4m04s      4m01s      -3s  ✅  Ascribe Greatness - PHF
06:27:53 BLOC_B_SERIE_DU_JOUR              7m04s      7m01s      -3s  ✅  We Bless You Wonderful God  - Winnipeg Fellowship
06:34:54 BLOC_B_SERIE_DU_JOUR              3m34s      3m32s      -2s  ✅  Esdras 9
06:38:26 BLOC_B_SERIE_DU_JOUR              6m21s      6m19s      -2s  ✅  Esdras 10
06:44:45 BLOC_B_SERIE_DU_JOUR              0m05s      0m09s      +4s  ✅  jingle avant louange 04 suite de la selection musicale
06:44:54 BLOC_B_SERIE_DU_JOUR              0m07s      0m08s      +1s  ✅  jingle avant louange 02 voici notre selection de cantiques
06:45:02 BLOC_B_SERIE_DU_JOUR              0m06s      0m13s      +7s  ✅  jingle avant louange 01 place a la louange et adoration
06:45:15 BLOC_B_SERIE_DU_JOUR              0m07s      0m13s      +6s  ✅  jingle avant bible 02 voici la lecture de la bible
06:45:28 BLOC_B_SERIE_DU_JOUR              7m37s      7m35s      -2s  ✅  Cantiques  Il a pris mes iniquités
06:53:03 BLOC_B_SERIE_DU_JOUR              9m39s      9m36s      -3s  ✅  Psalm 93 - Port Harcourt HF
07:02:39 BLOC_B_SERIE_DU_JOUR              8m22s      8m20s      -2s  ✅  Yeshua Hamashiach - Calabar HF
07:10:59 BLOC_B_SERIE_DU_JOUR             11m54s     11m51s      -3s  ✅  Great & Marvelluos - Toronto HF
07:22:50 BLOC_B_SERIE_DU_JOUR              6m30s      6m28s      -2s  ✅  Praise the Lord of Host - Toronto HF
07:29:18 BLOC_B_SERIE_DU_JOUR              6m10s      6m07s      -3s  ✅  That I May Know Him - Toronto HF
07:35:25 BLOC_B_SERIE_DU_JOUR              5m07s      5m04s      -3s  ✅  We Shall Come - Asaba Fellowship
07:40:29 BLOC_B_SERIE_DU_JOUR           1h12m03s   1h12m01s      -2s  ✅  nous faire part 1
08:52:30 BLOC_B_SERIE_DU_JOUR              1m55s      1m52s      -3s  ✅  Esdras 1
08:54:22 BLOC_B_SERIE_DU_JOUR              6m11s      6m09s      -2s  ✅  Esdras 2
09:00:31 BLOC_B_SERIE_DU_JOUR              2m56s      2m53s      -3s  ✅  Esdras 3
09:03:24 BLOC_B_SERIE_DU_JOUR              4m24s      4m22s      -2s  ✅  Esdras 4
09:07:46 BLOC_B_SERIE_DU_JOUR              3m08s      3m05s      -3s  ✅  Esdras 5
09:10:51 BLOC_B_SERIE_DU_JOUR              4m12s      4m10s      -2s  ✅  Esdras 6
09:15:01 BLOC_B_SERIE_DU_JOUR              4m34s      4m31s      -3s  ✅  Esdras 7
09:19:32 BLOC_B_SERIE_DU_JOUR              5m42s      5m40s      -2s  ✅  Esdras 8
09:25:12 BLOC_B_SERIE_DU_JOUR              4m12s      4m09s      -3s  ✅  Éphésiens 5
09:29:21 BLOC_B_SERIE_DU_JOUR              3m21s      3m19s      -2s  ✅  Éphésiens 6
09:32:40 BLOC_B_SERIE_DU_JOUR             10m47s     10m44s      -3s  ✅  Abba, Singing a, I Will Sing - Ketu HF
09:43:24 BLOC_B_SERIE_DU_JOUR              8m12s      8m10s      -2s  ✅  Jesus is Alpha - PHF
09:51:34 BLOC_B_SERIE_DU_JOUR              5m10s      5m07s      -3s  ✅  I Will Call Upon The Lord
09:56:41 BLOC_B_SERIE_DU_JOUR              3m11s      3m09s      -2s  ✅  Proverbes 8
09:59:50 BLOC_B_SERIE_DU_JOUR              1m36s      1m33s      -3s  ✅  Proverbes 9
10:01:23 BLOC_B_SERIE_DU_JOUR              3m14s      3m12s      -2s  ✅  Proverbes 10
10:04:35 BLOC_B_SERIE_DU_JOUR              3m12s      3m10s      -2s  ✅  Proverbes 11
10:07:45 BLOC_B_SERIE_DU_JOUR              2m57s      2m54s      -3s  ✅  Proverbes 12
10:10:39 BLOC_B_SERIE_DU_JOUR              2m40s      2m38s      -2s  ✅  Proverbes 13
10:13:17 BLOC_B_SERIE_DU_JOUR              3m35s      3m33s      -2s  ✅  Proverbes 14
10:16:50 BLOC_B_SERIE_DU_JOUR              3m26s      3m25s      -1s  ✅  Proverbes 15
10:20:15 BLOC_B_SERIE_DU_JOUR              3m18s      3m14s      -4s  ✅  Proverbes 16
10:23:29 BLOC_B_SERIE_DU_JOUR              6m28s      6m25s      -3s  ✅  Le Bien-Etre Universel
10:29:54 BLOC_B_SERIE_DU_JOUR              2m20s      2m17s      -3s  ✅  cantique  heureux l homme qui ne marche pas selon
10:32:11 BLOC_B_SERIE_DU_JOUR              8m21s      8m19s      -2s  ✅  My Heart Rejoices - Toronto HF
10:40:30 BLOC_B_SERIE_DU_JOUR              5m21s      5m18s      -3s  ✅  We Shall Not Fear - Nonso Njoku
10:45:48 BLOC_B_SERIE_DU_JOUR              3m42s      3m39s      -3s  ✅  2 Pierre 1
10:49:27 BLOC_B_SERIE_DU_JOUR              4m04s      4m01s      -3s  ✅  2 Pierre 2
10:53:28 BLOC_B_SERIE_DU_JOUR              3m17s      3m15s      -2s  ✅  2 Pierre 3
10:56:43 BLOC_B_SERIE_DU_JOUR              3m57s      3m54s      -3s  ✅  Jacques 1
11:00:37 BLOC_B_SERIE_DU_JOUR              3m51s      3m48s      -3s  ✅  Jacques 2
11:04:25 BLOC_B_SERIE_DU_JOUR              2m56s      2m53s      -3s  ✅  Jacques 3
11:07:18 BLOC_B_SERIE_DU_JOUR              2m47s      2m44s      -3s  ✅  Jacques 4
11:10:02 BLOC_B_SERIE_DU_JOUR              3m28s      3m26s      -2s  ✅  Jacques 5
11:13:28 BLOC_B_SERIE_DU_JOUR              2m43s      2m40s      -3s  ✅  Aggée 1
11:16:08 BLOC_B_SERIE_DU_JOUR              3m58s      3m56s      -2s  ✅  Aggée 2
11:20:04 BLOC_B_SERIE_DU_JOUR              3m20s      3m17s      -3s  ✅  Josué 1
11:23:21 BLOC_B_SERIE_DU_JOUR              8m31s      8m29s      -2s  ✅  Holy Holy - Abuja HF
11:31:50 BLOC_B_SERIE_DU_JOUR              5m50s      5m47s      -3s  ✅  Jesus I'm Waiting for You (Mary Umoh)
11:37:37 BLOC_B_SERIE_DU_JOUR              5m21s      5m19s      -2s  ✅  By the word of the lord - Ketu HF
11:42:56 BLOC_B_SERIE_DU_JOUR              6m02s      6m00s      -2s  ✅  Rejoice - PHF
11:48:56 BLOC_B_SERIE_DU_JOUR              4m08s      4m05s      -3s  ✅  I Choose the Way of the Lord - Abuja HF
11:53:01 BLOC_B_SERIE_DU_JOUR              3m45s      3m42s      -3s  ✅  Apocalypse 17
11:56:43 BLOC_B_SERIE_DU_JOUR              5m15s      5m13s      -2s  ✅  Apocalypse 18
12:01:56 BLOC_C_SERIE_DU_JOUR              6m15s      6m13s      -2s  ✅  Oh Lord I Want to Know Your Glory - Port Harcourt HF
12:08:09 BLOC_C_SERIE_DU_JOUR              5m33s      5m30s      -3s  ✅  He Shall Feed His Flock - I Want to walk  - Ketu HF
12:13:39 BLOC_C_SERIE_DU_JOUR              7m09s      7m07s      -2s  ✅  My God Is Good - Winnipeg Fellowship
12:20:46 BLOC_C_SERIE_DU_JOUR              5m33s      5m31s      -2s  ✅  Juges 7
12:26:17 BLOC_C_SERIE_DU_JOUR              5m42s      5m39s      -3s  ✅  Juges 8
12:31:56 BLOC_C_SERIE_DU_JOUR              9m48s      9m46s      -2s  ✅  Juges 9
12:41:42 BLOC_C_SERIE_DU_JOUR              7m25s      7m22s      -3s  ✅  Victorious Is the Lamb - Winnipeg Fellowship
12:49:04 BLOC_C_SERIE_DU_JOUR              9m23s      9m21s      -2s  ✅  10 minutes
12:58:25 BLOC_C_SERIE_DU_JOUR              6m57s      6m55s      -2s  ✅  qui est digne d ouvrir le livre
13:05:20 BLOC_C_SERIE_DU_JOUR              6m35s      6m32s      -3s  ✅  cantique   ta lumière
13:11:52 BLOC_C_SERIE_DU_JOUR              2m30s      2m28s      -2s  ✅  Amos 8
13:14:20 BLOC_C_SERIE_DU_JOUR              2m56s      2m54s      -2s  ✅  Amos 9
13:17:14 BLOC_C_SERIE_DU_JOUR              0m05s      0m10s      +5s  ✅  jingle avant louange 04 suite de la selection musicale
13:17:24 BLOC_C_SERIE_DU_JOUR              0m07s      0m14s      +7s  ✅  jingle avant louange 02 voici notre selection de cantiques
13:17:38 BLOC_C_SERIE_DU_JOUR              0m05s      0m13s      +8s  ✅  jingle avant bible 05 poursuivons notre lecture
13:17:51 BLOC_C_SERIE_DU_JOUR              0m06s      0m06s      +0s  ✅  jingle avant bible 01 la foi vient de ce quon entend
13:17:57 BLOC_C_SERIE_DU_JOUR              0m10s      0m11s      +1s  ✅  jingle avant message 01 voici le message du jour
13:18:08 BLOC_C_SERIE_DU_JOUR              5m47s      5m44s      -3s  ✅  We Ascribe Greatness - Abuja HF
13:23:52 BLOC_C_SERIE_DU_JOUR              8m25s      8m23s      -2s  ✅  The Mountains, Come and, Oh City - Ketu HF
13:32:15 BLOC_C_SERIE_DU_JOUR              3m19s      3m16s      -3s  ✅  Awaken My Heart
13:35:31 BLOC_C_SERIE_DU_JOUR              4m19s      4m16s      -3s  ✅  I Know The Blood - PHF
13:39:47 BLOC_C_SERIE_DU_JOUR           1h12m03s   1h12m01s      -2s  ✅  nous faire part 1
14:51:48 BLOC_C_SERIE_DU_JOUR              2m40s      2m37s      -3s  ✅  Amos 1
14:54:25 BLOC_C_SERIE_DU_JOUR              2m30s      2m28s      -2s  ✅  Amos 2
14:56:53 BLOC_C_SERIE_DU_JOUR              2m19s      2m17s      -2s  ✅  Amos 3
14:59:10 BLOC_C_SERIE_DU_JOUR              2m44s      2m41s      -3s  ✅  Amos 4
15:01:51 BLOC_C_SERIE_DU_JOUR              4m01s      3m58s      -3s  ✅  Amos 5
15:05:49 BLOC_C_SERIE_DU_JOUR              2m22s      2m20s      -2s  ✅  Amos 6
15:08:09 BLOC_C_SERIE_DU_JOUR              3m05s      3m02s      -3s  ✅  Amos 7
15:11:11 BLOC_C_SERIE_DU_JOUR              3m26s      3m23s      -3s  ✅  Abdias 1
15:14:34 BLOC_C_SERIE_DU_JOUR              3m46s      3m44s      -2s  ✅  Colossiens 2
15:18:18 BLOC_C_SERIE_DU_JOUR              3m44s      3m41s      -3s  ✅  Colossiens 3
15:21:59 BLOC_C_SERIE_DU_JOUR              2m56s      2m54s      -2s  ✅  Colossiens 4
15:24:53 BLOC_C_SERIE_DU_JOUR              0m33s      0m31s      -2s  ✅  Esther 10
15:25:24 BLOC_C_SERIE_DU_JOUR              1m49s      1m47s      -2s  ✅  1 Thessaloniciens 1
15:27:11 BLOC_C_SERIE_DU_JOUR              3m29s      3m27s      -2s  ✅  1 Thessaloniciens 2
15:30:38 BLOC_C_SERIE_DU_JOUR              2m13s      2m09s      -4s  ✅  1 Thessaloniciens 3
15:32:47 BLOC_C_SERIE_DU_JOUR              3m03s      3m01s      -2s  ✅  1 Thessaloniciens 4
15:35:48 BLOC_C_SERIE_DU_JOUR              5m28s      5m25s      -3s  ✅  même humilié
15:41:13 BLOC_C_SERIE_DU_JOUR             10m35s     10m33s      -2s  ✅  Baruch Ha'ba B'Shem Adonai/Blessed Is He Who Comes in the Name of the Lord - Port Harcourt HF
15:51:46 BLOC_C_SERIE_DU_JOUR              8m58s      8m55s      -3s  ✅  El Elyon - Toronto & Winnipeg HF
16:00:41 BLOC_C_SERIE_DU_JOUR              4m33s      4m32s      -1s  ✅  God is Building - Will You Be - Ketu HF
16:05:13 BLOC_C_SERIE_DU_JOUR              5m19s      5m16s      -3s  ✅  Gabrielle LIDJI - Mélodie Céleste  by LFXA(Light FX Animation)_2
16:10:29 BLOC_C_SERIE_DU_JOUR              4m52s      4m49s      -3s  ✅  cantique   prends tout le contrôle
16:15:18 BLOC_C_SERIE_DU_JOUR              6m02s      5m59s      -3s  ✅  Crown Him Lord of Lords - Nonso Njoku
16:21:17 BLOC_C_SERIE_DU_JOUR              3m42s      3m40s      -2s  ✅  2 Pierre 1
16:24:57 BLOC_C_SERIE_DU_JOUR              4m04s      4m01s      -3s  ✅  2 Pierre 2
16:28:58 BLOC_C_SERIE_DU_JOUR              3m17s      3m14s      -3s  ✅  2 Pierre 3
16:32:12 BLOC_C_SERIE_DU_JOUR              2m35s      2m33s      -2s  ✅  2 Chroniques 3
16:34:45 BLOC_C_SERIE_DU_JOUR              3m07s      3m04s      -3s  ✅  2 Chroniques 4
16:37:49 BLOC_C_SERIE_DU_JOUR              2m35s      2m34s      -1s  ✅  2 Chroniques 5
16:40:23 BLOC_C_SERIE_DU_JOUR              7m55s      7m52s      -3s  ✅  2 Chroniques 6
16:48:15 BLOC_C_SERIE_DU_JOUR              9m43s      9m40s      -3s  ✅  Thy Throne Oh Lord - Ketu HF
16:57:55 BLOC_C_SERIE_DU_JOUR              6m19s      6m17s      -2s  ✅  Unto Him - CHF
17:04:12 BLOC_C_SERIE_DU_JOUR              5m10s      5m07s      -3s  ✅  Igwe
17:09:19 BLOC_C_SERIE_DU_JOUR              8m30s      8m29s      -1s  ✅  We Worship Adonai - PHF
17:17:48 BLOC_B_SERIE_DU_JOUR              1m55s      1m53s      -2s  ✅  Esdras 1
17:19:41 BLOC_C_SERIE_DU_JOUR              2m05s      2m02s      -3s  ✅  3 Jean 1
17:21:43 BLOC_C_SERIE_DU_JOUR              2m59s      2m57s      -2s  ✅  Philémon 1
17:24:40 BLOC_C_SERIE_DU_JOUR              4m37s      4m34s      -3s  ✅  1 Corinthiens 1
17:29:14 BLOC_C_SERIE_DU_JOUR              2m43s      2m41s      -2s  ✅  1 Corinthiens 2
17:31:55 BLOC_C_SERIE_DU_JOUR              3m26s      3m23s      -3s  ✅  1 Corinthiens 3
17:35:18 BLOC_C_SERIE_DU_JOUR              3m40s      3m38s      -2s  ✅  1 Corinthiens 4
17:38:56 BLOC_C_SERIE_DU_JOUR              2m17s      2m15s      -2s  ✅  1 Corinthiens 5
17:41:11 BLOC_C_SERIE_DU_JOUR              3m19s      3m16s      -3s  ✅  1 Corinthiens 6
17:44:27 BLOC_C_SERIE_DU_JOUR              6m29s      6m26s      -3s  ✅  1 Corinthiens 7
17:50:53 BLOC_C_SERIE_DU_JOUR              2m04s      2m02s      -2s  ✅  1 Corinthiens 8
17:52:55 BLOC_C_SERIE_DU_JOUR              4m09s      4m06s      -3s  ✅  1 Corinthiens 9
17:57:01 BLOC_C_SERIE_DU_JOUR              6m59s      6m56s      -3s  ✅  Hosanna - Toronto HF
18:03:57 BLOC_D_SERIE_DU_JOUR              7m22s      7m20s      -2s  ✅  1 Samuel 25
18:11:17 BLOC_D_SERIE_DU_JOUR              0m05s      0m05s      +0s  ✅  jingle avant louange 04 suite de la selection musicale
18:11:22 BLOC_D_SERIE_DU_JOUR              5m13s      5m11s      -2s  ✅  Il s'appelait Emmanuel - Marcel Boungou + Paroles
18:16:33 BLOC_D_SERIE_DU_JOUR              9m31s      9m28s      -3s  ✅  15 at 01.33.50 (1)(1)
18:26:01 BLOC_D_SERIE_DU_JOUR              3m41s      3m39s      -2s  ✅  Adorons l'Éternel GAEL - JÉSUS EST SEIGNEUR -
18:29:40 BLOC_D_SERIE_DU_JOUR              4m52s      4m50s      -2s  ✅  God is Moving Us On - Ketu HF
18:34:30 BLOC_D_SERIE_DU_JOUR              8m21s      8m18s      -3s  ✅  In the Day of Your Power  - Winnipeg Fellowship
18:42:48 BLOC_D_SERIE_DU_JOUR              5m18s      5m16s      -2s  ✅  Now is Come Salvation - Toronto HF
18:48:04 BLOC_D_SERIE_DU_JOUR              7m18s      7m15s      -3s  ✅  Holy is the Lord (Emmanuel Umoh)
18:55:19 BLOC_D_SERIE_DU_JOUR              4m05s      4m03s      -2s  ✅  Song Of Victory - Emmanuel Igunbor
18:59:22 BLOC_D_SERIE_DU_JOUR              0m06s      0m06s      +0s  ✅  jingle avant bible 01 la foi vient de ce quon entend
18:59:28 BLOC_D_SERIE_DU_JOUR              3m04s      3m02s      -2s  ✅  1 Thessaloniciens 5
19:02:30 BLOC_D_SERIE_DU_JOUR              4m01s      3m58s      -3s  ✅  Nombres 19
19:06:28 BLOC_D_SERIE_DU_JOUR              4m39s      4m37s      -2s  ✅  Nombres 20
19:11:05 BLOC_D_SERIE_DU_JOUR              5m27s      5m24s      -3s  ✅  Nombres 21
19:16:29 BLOC_D_SERIE_DU_JOUR              0m07s      0m08s      +1s  ✅  jingle avant louange 02 voici notre selection de cantiques
19:16:37 BLOC_D_SERIE_DU_JOUR             10m24s     10m22s      -2s  ✅  Shine in Darkness O Lord  - Winnipeg Fellowship
19:26:59 BLOC_D_SERIE_DU_JOUR              8m24s      8m21s      -3s  ✅  Bless Ye the Lord - PHF
19:35:20 BLOC_D_SERIE_DU_JOUR              7m20s      7m26s      +6s  ✅  The Glory -  PHF
19:42:46 BLOC_D_SERIE_DU_JOUR           1h12m03s   1h12m03s      +0s  ✅  nous faire part 1
20:54:49 BLOC_C_SERIE_DU_JOUR              2m40s      2m37s      -3s  ✅  Amos 1
20:57:26 BLOC_D_SERIE_DU_JOUR              2m59s      2m58s      -1s  ✅  Philémon 1
21:00:24 BLOC_D_SERIE_DU_JOUR              4m20s      4m16s      -4s  ✅  2 Corinthiens 1
21:04:40 BLOC_D_SERIE_DU_JOUR              2m49s      2m46s      -3s  ✅  2 Corinthiens 2
21:07:26 BLOC_D_SERIE_DU_JOUR              3m02s      3m00s      -2s  ✅  2 Corinthiens 3
21:10:26 BLOC_D_SERIE_DU_JOUR              3m24s      3m22s      -2s  ✅  2 Corinthiens 4
21:13:48 BLOC_D_SERIE_DU_JOUR              3m29s      3m26s      -3s  ✅  2 Corinthiens 5
21:17:14 BLOC_D_SERIE_DU_JOUR              3m03s      3m02s      -1s  ✅  2 Corinthiens 6
21:20:16 BLOC_D_SERIE_DU_JOUR              3m38s      3m35s      -3s  ✅  2 Corinthiens 7
21:23:51 BLOC_D_SERIE_DU_JOUR              4m06s      4m03s      -3s  ✅  2 Corinthiens 8
21:27:54 BLOC_D_SERIE_DU_JOUR              2m53s      2m51s      -2s  ✅  2 Corinthiens 9
21:30:45 BLOC_D_SERIE_DU_JOUR              3m24s      3m22s      -2s  ✅  2 Corinthiens 10
21:34:07 BLOC_D_SERIE_DU_JOUR              5m26s      5m23s      -3s  ✅  2 Corinthiens 11
21:39:30 BLOC_D_SERIE_DU_JOUR              4m28s      4m26s      -2s  ✅  2 Corinthiens 12
21:43:56 BLOC_D_SERIE_DU_JOUR              2m25s      2m28s      +3s  ✅  2 Corinthiens 13
21:46:24 BLOC_D_SERIE_DU_JOUR              6m34s      6m31s      -3s  ✅  cantique  béni soit le dieu d israël
21:52:55 BLOC_D_SERIE_DU_JOUR              3m12s      3m10s      -2s  ✅  esprit de dieu
21:56:05 BLOC_D_SERIE_DU_JOUR              4m21s      4m21s      +0s  ✅  Sing Hallelujah - Abuja HF
22:00:26 BLOC_D_SERIE_DU_JOUR              2m57s      2m52s      -5s  ✅  You Are the Captain of the Host - Toronto HF
22:03:18 BLOC_D_SERIE_DU_JOUR              0m07s      0m05s      -2s  ✅  Parole Prophétique FM
22:03:23 BLOC_D_SERIE_DU_JOUR              8m10s      8m08s      -2s  ✅  Agunechemba - SWBN TV
22:11:31 BLOC_D_SERIE_DU_JOUR              5m52s      5m49s      -3s  ✅  Where Two or Three are Gathered - Calabar HF
22:17:20 BLOC_D_SERIE_DU_JOUR              5m04s      5m02s      -2s  ✅  Guide Me - El ELyon - Abuja HF
22:22:22 BLOC_D_SERIE_DU_JOUR              6m56s      6m54s      -2s  ✅  As We Worship In Ypur Presence
22:29:16 BLOC_D_SERIE_DU_JOUR              8m18s      8m15s      -3s  ✅  Yahweh Is Mighty - SWBN TV
22:37:31 BLOC_D_SERIE_DU_JOUR              0m07s      0m08s      +1s  ✅  jingle avant bible 02 voici la lecture de la bible
22:37:39 BLOC_D_SERIE_DU_JOUR              3m20s      3m18s      -2s  ✅  2 Samuel 10
22:40:57 BLOC_D_SERIE_DU_JOUR              4m43s      4m40s      -3s  ✅  2 Samuel 11
22:45:37 BLOC_D_SERIE_DU_JOUR              5m45s      5m42s      -3s  ✅  2 Samuel 12
22:51:19 BLOC_D_SERIE_DU_JOUR              7m03s      7m01s      -2s  ✅  2 Samuel 13
22:58:20 BLOC_D_SERIE_DU_JOUR              6m10s      6m12s      +2s  ✅  2 Samuel 14
23:04:32 BLOC_D_SERIE_DU_JOUR              5m08s      5m06s      -2s  ✅  He Has Given Me - PHF
23:09:38 BLOC_D_SERIE_DU_JOUR             10m38s     10m37s      -1s  ✅  Be Exalted - PHF
23:20:15 BLOC_D_SERIE_DU_JOUR              7m17s      7m14s      -3s  ✅  cantique  tes promesses  pub direct dec 2021 import (2)
23:27:29 BLOC_D_SERIE_DU_JOUR              7m29s      7m27s      -2s  ✅  Hallelujah - PHF
23:34:56 BLOC_D_SERIE_DU_JOUR              7m09s      7m06s      -3s  ✅  There is A Mighty River Flowing - Ketu HF
23:42:02 BLOC_D_SERIE_DU_JOUR              9m24s      9m21s      -3s  ✅  I See Your Face - Toronto HF
23:51:23 BLOC_D_SERIE_DU_JOUR              0m10s      0m10s      +0s  ✅  jingle avant message 01 voici le message du jour
23:51:33 BLOC_D_SERIE_DU_JOUR           1h13m31s          ?           ⏳ dernier titre (durée réelle inconnue)  nous faire part 2
----------------------------------------------------------------------------------------------------
Bilan : 259 titres, 0 anomalie(s) (titre coupé de plus de 10s ou trou d'antenne).
