Rapport de diffusion — 2026-07-21 (heures UTC)
296 titres joués | tolérance ±10s
====================================================================================================
HEURE    PLAYLIST                     FICHIER          RÉEL    ÉCART  STATUT  TITRE
----------------------------------------------------------------------------------------------------
00:00:05 BLOC_C_SERIE_DU_JOUR              0m13s      5m17s    +304s  ⚠️ TROU APRÈS  jingle avant bible 07 place a la lecture de la bible
00:05:22 BLOC_A_SERIE_DU_JOUR              0m09s      0m10s      +1s  ✅  jingle id station 02 radio evangile du royaume
00:05:32 BLOC_A_SERIE_DU_JOUR              3m41s      3m39s      -2s  ✅  Job 1
00:09:11 BLOC_A_SERIE_DU_JOUR              2m07s      2m04s      -3s  ✅  Job 2
00:11:15 BLOC_A_SERIE_DU_JOUR              2m26s      2m23s      -3s  ✅  Job 3
00:13:38 BLOC_A_SERIE_DU_JOUR              2m05s      2m03s      -2s  ✅  Job 4
00:15:41 BLOC_A_SERIE_DU_JOUR              2m27s      2m24s      -3s  ✅  Job 5
00:18:05 BLOC_A_SERIE_DU_JOUR              2m57s      2m55s      -2s  ✅  Job 6
00:21:00 BLOC_A_SERIE_DU_JOUR              2m21s      2m19s      -2s  ✅  Job 7
00:23:19 BLOC_A_SERIE_DU_JOUR              2m06s      2m03s      -3s  ✅  Job 8
00:25:22 BLOC_A_SERIE_DU_JOUR              0m09s      0m10s      +1s  ✅  JINGLE
00:25:32 BLOC_A_SERIE_DU_JOUR              4m11s      4m08s      -3s  ✅  jai donné ma vie à jésus (1)
00:29:40 BLOC_A_SERIE_DU_JOUR              7m09s      7m07s      -2s  ✅  You're the Lamb (Abasiama Timothy)
00:36:47 BLOC_A_SERIE_DU_JOUR             10m35s     10m32s      -3s  ✅  Baruch Ha'ba B'Shem Adonai/Blessed Is He Who Comes in the Name of the Lord - Port Harcourt HF
00:47:19 BLOC_A_SERIE_DU_JOUR              2m57s      2m55s      -2s  ✅  You Are the Captain of the Host - Toronto HF
00:50:14 BLOC_A_SERIE_DU_JOUR              0m09s      0m07s      -2s  ✅  jingle avant message 03 vous ecoutez parole prophetique fm
00:50:21 BLOC_A_SERIE_DU_JOUR             13m48s     13m52s      +4s  ✅  2020 tian le pardon 8
01:04:13 BLOC_A_SERIE_DU_JOUR              3m17s      3m15s      -2s  ✅  Galates 1
01:07:28 BLOC_A_SERIE_DU_JOUR              4m08s      4m05s      -3s  ✅  Galates 2
01:11:33 BLOC_A_SERIE_DU_JOUR              4m50s      4m48s      -2s  ✅  Galates 3
01:16:21 BLOC_A_SERIE_DU_JOUR              4m30s      4m27s      -3s  ✅  Galates 4
01:20:48 BLOC_A_SERIE_DU_JOUR              4m04s      4m02s      -2s  ✅  Galates 5
01:24:50 BLOC_A_SERIE_DU_JOUR              2m46s      2m43s      -3s  ✅  Galates 6
01:27:33 BLOC_A_SERIE_DU_JOUR              1m40s      1m38s      -2s  ✅  1 Jean 1
01:29:11 BLOC_A_SERIE_DU_JOUR              4m39s      4m36s      -3s  ✅  1 Jean 2
01:33:47 BLOC_A_SERIE_DU_JOUR              3m34s      3m31s      -3s  ✅  1 Jean 3
01:37:18 BLOC_A_SERIE_DU_JOUR              3m16s      3m14s      -2s  ✅  1 Jean 4
01:40:32 BLOC_A_SERIE_DU_JOUR              3m11s      3m09s      -2s  ✅  1 Jean 5
01:43:41 BLOC_A_SERIE_DU_JOUR              2m54s      2m51s      -3s  ✅  Malachie 1
01:46:32 BLOC_A_SERIE_DU_JOUR              3m17s      3m14s      -3s  ✅  Malachie 2
01:49:46 BLOC_A_SERIE_DU_JOUR              3m22s      3m19s      -3s  ✅  Malachie 3
01:53:05 BLOC_A_SERIE_DU_JOUR              1m05s      1m03s      -2s  ✅  Malachie 4
01:54:08 BLOC_A_SERIE_DU_JOUR              4m15s      4m13s      -2s  ✅  Philippiens 1
01:58:21 BLOC_A_SERIE_DU_JOUR              4m28s      4m25s      -3s  ✅  Philippiens 2
02:02:46 BLOC_A_SERIE_DU_JOUR              0m13s      0m10s      -3s  ✅  jingle avant louange 07 voici un temps de louange
02:02:56 BLOC_A_SERIE_DU_JOUR              6m56s      6m54s      -2s  ✅  As We Worship In Ypur Presence
02:09:50 BLOC_A_SERIE_DU_JOUR              8m30s      8m28s      -2s  ✅  We Worship Adonai - PHF
02:18:18 BLOC_A_SERIE_DU_JOUR              4m52s      4m50s      -2s  ✅  God is Moving Us On - Ketu HF
02:23:08 BLOC_A_SERIE_DU_JOUR              5m02s      5m00s      -2s  ✅  A Song Of Love
02:28:08 BLOC_A_SERIE_DU_JOUR              6m57s      6m54s      -3s  ✅  The Lord on High is Mightier - Toronto HF
02:35:02 BLOC_A_SERIE_DU_JOUR              4m19s      4m16s      -3s  ✅  I Know The Blood - PHF
02:39:18 BLOC_A_SERIE_DU_JOUR              4m04s      4m02s      -2s  ✅  Ascribe Greatness - PHF
02:43:20 BLOC_A_SERIE_DU_JOUR              6m13s      6m10s      -3s  ✅  Immortal God - Elohim Adonai - Abuja HF
02:49:30 BLOC_A_SERIE_DU_JOUR              9m39s      9m37s      -2s  ✅  Psalm 93 - Port Harcourt HF
02:59:07 BLOC_A_SERIE_DU_JOUR              3m04s      3m01s      -3s  ✅  The Lord is my Light and Salvation - Nonso Njoku
03:02:08 BLOC_A_SERIE_DU_JOUR              0m13s      0m10s      -3s  ✅  jingle avant bible 07 place a la lecture de la bible
03:02:18 BLOC_A_SERIE_DU_JOUR              6m58s      6m56s      -2s  ✅  Luc 23
03:09:14 BLOC_A_SERIE_DU_JOUR              6m18s      6m16s      -2s  ✅  Luc 24
03:15:30 BLOC_A_SERIE_DU_JOUR              2m05s      2m02s      -3s  ✅  3 Jean 1
03:17:32 BLOC_A_SERIE_DU_JOUR              1m18s      1m15s      -3s  ✅  Psaumes 97
03:18:47 BLOC_A_SERIE_DU_JOUR              1m05s      1m03s      -2s  ✅  Psaumes 98
03:19:50 BLOC_A_SERIE_DU_JOUR              1m06s      1m04s      -2s  ✅  Psaumes 99
03:20:54 BLOC_A_SERIE_DU_JOUR              0m37s      0m35s      -2s  ✅  Psaumes 100
03:21:29 BLOC_A_SERIE_DU_JOUR              1m07s      1m04s      -3s  ✅  Psaumes 101
03:22:33 BLOC_A_SERIE_DU_JOUR              2m38s      2m37s      -1s  ✅  Psaumes 102
03:25:10 BLOC_A_SERIE_DU_JOUR              2m09s      2m06s      -3s  ✅  Psaumes 103
03:27:16 BLOC_A_SERIE_DU_JOUR              3m33s      3m30s      -3s  ✅  Psaumes 104
03:30:46 BLOC_A_SERIE_DU_JOUR              0m10s      0m08s      -2s  ✅  jingle avant louange 06 que la louange seleve
03:30:54 BLOC_A_SERIE_DU_JOUR              5m15s      5m13s      -2s  ✅  Yahweh Be Praised - Abuja HF
03:36:07 BLOC_A_SERIE_DU_JOUR              4m53s      4m50s      -3s  ✅  Cantique Jahweh, Tu es élevé au dessus de tout (1)
03:40:57 BLOC_A_SERIE_DU_JOUR              6m09s      6m07s      -2s  ✅  Hymne des vainqueurs
03:47:04 BLOC_A_SERIE_DU_JOUR              8m37s      8m35s      -2s  ✅  He Has Given Me & Emmanuel You Joy Over Us (Medley) (Abasiama Timothy & Imah Adegoke)
03:55:39 BLOC_A_SERIE_DU_JOUR              7m04s      7m01s      -3s  ✅  We Bless You Wonderful God  - Winnipeg Fellowship
04:02:40 BLOC_A_SERIE_DU_JOUR              5m13s      5m11s      -2s  ✅  Il s'appelait Emmanuel - Marcel Boungou + Paroles
04:07:51 BLOC_A_SERIE_DU_JOUR              8m24s      8m22s      -2s  ✅  Bless Ye the Lord - PHF
04:16:13 BLOC_A_SERIE_DU_JOUR              9m04s      9m02s      -2s  ✅  You're the Lamb - Calabar HF
04:25:15 BLOC_A_SERIE_DU_JOUR              7m29s      7m25s      -4s  ✅  Hallelujah - PHF
04:32:40 BLOC_A_SERIE_DU_JOUR              0m10s      0m08s      -2s  ✅  jingle avant bible 06 ouvrons les saintes ecritures
04:32:48 BLOC_A_SERIE_DU_JOUR              2m15s      2m12s      -3s  ✅  1 Pierre 5
04:35:00 BLOC_A_SERIE_DU_JOUR              5m15s      5m13s      -2s  ✅  Lamentations 2
04:40:13 BLOC_A_SERIE_DU_JOUR              6m02s      5m59s      -3s  ✅  Lamentations 3
04:46:12 BLOC_A_SERIE_DU_JOUR              3m56s      3m53s      -3s  ✅  Lamentations 4
04:50:05 BLOC_A_SERIE_DU_JOUR              2m20s      2m18s      -2s  ✅  Lamentations 5
04:52:23 BLOC_A_SERIE_DU_JOUR              4m27s      4m24s      -3s  ✅  Jude 1
04:56:47 BLOC_A_SERIE_DU_JOUR              0m33s      0m31s      -2s  ✅  Esther 10
04:57:18 BLOC_A_SERIE_DU_JOUR              3m26s      3m23s      -3s  ✅  Abdias 1
05:00:41 BLOC_A_SERIE_DU_JOUR              8m26s      8m24s      -2s  ✅  Daniel 11
05:09:05 BLOC_A_SERIE_DU_JOUR              2m26s      2m24s      -2s  ✅  Daniel 12
05:11:29 BLOC_A_SERIE_DU_JOUR              3m34s      3m31s      -3s  ✅  Zacharie 1
05:15:00 BLOC_A_SERIE_DU_JOUR              1m51s      1m49s      -2s  ✅  Zacharie 2
05:16:49 BLOC_A_SERIE_DU_JOUR              0m11s      0m08s      -3s  ✅  jingle avant louange 05 elevons nos coeurs vers dieu
05:16:57 BLOC_A_SERIE_DU_JOUR              6m15s      6m13s      -2s  ✅  Oh Lord I Want to Know Your Glory - Port Harcourt HF
05:23:10 BLOC_A_SERIE_DU_JOUR              3m12s      3m10s      -2s  ✅  esprit de dieu
05:26:20 BLOC_A_SERIE_DU_JOUR              7m21s      7m18s      -3s  ✅  For By My God - Toronto & Winnipeg HF
05:33:38 BLOC_A_SERIE_DU_JOUR              6m04s      6m02s      -2s  ✅  Sing Unto the Lord a new Song  - Winnipeg Fellowship
05:39:40 BLOC_A_SERIE_DU_JOUR              5m04s      5m02s      -2s  ✅  Guide Me - El ELyon - Abuja HF
05:44:42 BLOC_A_SERIE_DU_JOUR              7m09s      7m06s      -3s  ✅  There is A Mighty River Flowing - Ketu HF
05:51:48 BLOC_A_SERIE_DU_JOUR             10m25s     10m23s      -2s  ✅  Holy Are You - PHF
06:02:11 BLOC_B_SERIE_DU_JOUR              5m14s      5m11s      -3s  ✅  Genèse 29
06:07:22 BLOC_B_SERIE_DU_JOUR              0m13s      0m10s      -3s  ✅  jingle avant louange 07 voici un temps de louange
06:07:32 BLOC_B_SERIE_DU_JOUR              7m17s      7m15s      -2s  ✅  cantique  tes promesses  pub direct dec 2021 import (2)
06:14:47 BLOC_B_SERIE_DU_JOUR              7m57s      7m55s      -2s  ✅  Yahweh is Mighty (Imah Adegoke)
06:22:42 BLOC_B_SERIE_DU_JOUR              6m06s      6m04s      -2s  ✅  Good God - Asaba Fellowship
06:28:46 BLOC_B_SERIE_DU_JOUR              2m20s      2m17s      -3s  ✅  cantique  heureux l homme qui ne marche pas selon
06:31:03 BLOC_B_SERIE_DU_JOUR              8m21s      8m18s      -3s  ✅  In the Day of Your Power  - Winnipeg Fellowship
06:39:21 BLOC_B_SERIE_DU_JOUR              6m30s      6m28s      -2s  ✅  Praise the Lord of Host - Toronto HF
06:45:49 BLOC_B_SERIE_DU_JOUR              8m25s      8m22s      -3s  ✅  The Mountains, Come and, Oh City - Ketu HF
06:54:11 BLOC_B_SERIE_DU_JOUR              4m05s      4m03s      -2s  ✅  Song Of Victory - Emmanuel Igunbor
06:58:14 BLOC_B_SERIE_DU_JOUR              6m35s      6m33s      -2s  ✅  cantique   ta lumière
07:04:47 BLOC_B_SERIE_DU_JOUR              5m08s      5m15s      +7s  ✅  He Has Given Me - PHF
07:10:02 BLOC_B_SERIE_DU_JOUR              3m36s      3m33s      -3s  ✅  Hébreux 13
07:13:35 BLOC_B_SERIE_DU_JOUR              4m47s      4m45s      -2s  ✅  1 Rois 9
07:18:20 BLOC_B_SERIE_DU_JOUR              4m43s      4m41s      -2s  ✅  1 Rois 10
07:23:01 BLOC_B_SERIE_DU_JOUR              7m33s      7m30s      -3s  ✅  1 Rois 11
07:30:31 BLOC_B_SERIE_DU_JOUR              0m09s      0m10s      +1s  ✅  JINGLE
07:30:41 BLOC_B_SERIE_DU_JOUR              5m47s      5m45s      -2s  ✅  We Ascribe Greatness - Abuja HF
07:36:26 BLOC_B_SERIE_DU_JOUR              4m21s      4m18s      -3s  ✅  Sing Hallelujah - Abuja HF
07:40:44 BLOC_B_SERIE_DU_JOUR              8m10s      8m08s      -2s  ✅  Agunechemba - SWBN TV
07:48:52 BLOC_B_SERIE_DU_JOUR              3m19s      3m16s      -3s  ✅  Awaken My Heart
07:52:08 BLOC_B_SERIE_DU_JOUR              6m02s      6m00s      -2s  ✅  Rejoice - PHF
07:58:08 BLOC_B_SERIE_DU_JOUR              0m10s      0m07s      -3s  ✅  jingle avant message 04 bienvenue sur parole prophetique fm
07:58:15 BLOC_B_SERIE_DU_JOUR             13m48s     13m54s      +6s  ✅  2020 tian le pardon 8
08:12:09 BLOC_B_SERIE_DU_JOUR              3m57s      3m53s      -4s  ✅  Jacques 1
08:16:02 BLOC_B_SERIE_DU_JOUR              3m51s      3m49s      -2s  ✅  Jacques 2
08:19:51 BLOC_B_SERIE_DU_JOUR              2m56s      2m53s      -3s  ✅  Jacques 3
08:22:44 BLOC_B_SERIE_DU_JOUR              2m47s      2m44s      -3s  ✅  Jacques 4
08:25:28 BLOC_B_SERIE_DU_JOUR              3m28s      3m25s      -3s  ✅  Jacques 5
08:28:53 BLOC_B_SERIE_DU_JOUR              3m11s      3m09s      -2s  ✅  Lévitique 24
08:32:02 BLOC_B_SERIE_DU_JOUR              8m13s      8m11s      -2s  ✅  Lévitique 25
08:40:13 BLOC_B_SERIE_DU_JOUR              6m53s      6m50s      -3s  ✅  Lévitique 26
08:47:03 BLOC_B_SERIE_DU_JOUR              4m59s      4m56s      -3s  ✅  Lévitique 27
08:51:59 BLOC_B_SERIE_DU_JOUR              5m22s      5m19s      -3s  ✅  Josué 7
08:57:18 BLOC_B_SERIE_DU_JOUR              6m27s      6m24s      -3s  ✅  Josué 8
09:03:42 BLOC_B_SERIE_DU_JOUR              4m38s      4m36s      -2s  ✅  Josué 9
09:08:18 BLOC_B_SERIE_DU_JOUR              8m04s      8m10s      +6s  ✅  Josué 10
09:16:28 BLOC_B_SERIE_DU_JOUR              5m43s      5m40s      -3s  ✅  Cantique l Éternel est mon Berger (1)
09:22:08 BLOC_B_SERIE_DU_JOUR              6m07s      6m05s      -2s  ✅  There Is Forgiveness In Thee - SWBN TV
09:28:13 BLOC_B_SERIE_DU_JOUR              5m28s      5m25s      -3s  ✅  même humilié
09:33:38 BLOC_B_SERIE_DU_JOUR              7m09s      7m07s      -2s  ✅  My God Is Good - Winnipeg Fellowship
09:40:45 BLOC_B_SERIE_DU_JOUR              4m11s      4m09s      -2s  ✅  Cantique   Oh Éternel Dieu, Tu es le Dieu Incomparable
09:44:54 BLOC_B_SERIE_DU_JOUR              3m24s      3m21s      -3s  ✅  Cantique sa miséricorde
09:48:15 BLOC_B_SERIE_DU_JOUR              5m45s      5m42s      -3s  ✅  How Precious Oh Lord
09:53:57 BLOC_B_SERIE_DU_JOUR             11m54s     11m51s      -3s  ✅  Great & Marvelluos - Toronto HF
10:05:48 BLOC_B_SERIE_DU_JOUR              4m48s      4m47s      -1s  ✅  Yeshua I'm Waiting for You  - Ketu HF
10:10:35 BLOC_B_SERIE_DU_JOUR             10m38s     10m35s      -3s  ✅  Be Exalted - PHF
10:21:10 BLOC_B_SERIE_DU_JOUR              0m13s      0m11s      -2s  ✅  jingle avant bible 07 place a la lecture de la bible
10:21:21 BLOC_B_SERIE_DU_JOUR              3m40s      3m38s      -2s  ✅  1 Corinthiens 4
10:24:59 BLOC_B_SERIE_DU_JOUR              2m17s      2m14s      -3s  ✅  1 Corinthiens 5
10:27:13 BLOC_B_SERIE_DU_JOUR              3m19s      3m17s      -2s  ✅  1 Corinthiens 6
10:30:30 BLOC_B_SERIE_DU_JOUR              6m29s      6m26s      -3s  ✅  1 Corinthiens 7
10:36:56 BLOC_B_SERIE_DU_JOUR              2m04s      2m02s      -2s  ✅  1 Corinthiens 8
10:38:58 BLOC_B_SERIE_DU_JOUR              4m09s      4m06s      -3s  ✅  1 Corinthiens 9
10:43:04 BLOC_B_SERIE_DU_JOUR              4m48s      4m45s      -3s  ✅  1 Corinthiens 10
10:47:49 BLOC_B_SERIE_DU_JOUR              5m08s      5m06s      -2s  ✅  1 Corinthiens 11
10:52:55 BLOC_B_SERIE_DU_JOUR              0m11s      0m09s      -2s  ✅  jingle avant louange 05 elevons nos coeurs vers dieu
10:53:04 BLOC_B_SERIE_DU_JOUR              7m46s      7m44s      -2s  ✅  Arise Out of Zion  - Winnipeg Fellowship
11:00:48 BLOC_B_SERIE_DU_JOUR              4m08s      4m04s      -4s  ✅  I Choose the Way of the Lord - Abuja HF
11:04:52 BLOC_B_SERIE_DU_JOUR              8m21s      8m20s      -1s  ✅  My Heart Rejoices - Toronto HF
11:13:12 BLOC_B_SERIE_DU_JOUR              5m10s      5m07s      -3s  ✅  I Will Call Upon The Lord
11:18:19 BLOC_B_SERIE_DU_JOUR              5m21s      5m18s      -3s  ✅  We Shall Not Fear - Nonso Njoku
11:23:37 BLOC_B_SERIE_DU_JOUR              3m41s      3m39s      -2s  ✅  Adorons l'Éternel GAEL - JÉSUS EST SEIGNEUR -
11:27:16 BLOC_B_SERIE_DU_JOUR              7m36s      7m33s      -3s  ✅  There Is No Lie - SWBN TV
11:34:49 BLOC_B_SERIE_DU_JOUR             11m01s     10m59s      -2s  ✅  Great is, Ascribe - Ketu HF
11:45:48 BLOC_B_SERIE_DU_JOUR              4m18s      4m15s      -3s  ✅  You Are Worthy - Ketu HF
11:50:03 BLOC_B_SERIE_DU_JOUR              6m02s      6m00s      -2s  ✅  Satisfy My Soul - Calabar HF
11:56:03 BLOC_B_SERIE_DU_JOUR              0m09s      0m07s      -2s  ✅  jingle avant bible 08 prenons un moment pour ecouter la parole
11:56:10 BLOC_B_SERIE_DU_JOUR              4m07s      4m05s      -2s  ✅  Genèse 22
12:00:15 BLOC_C_SERIE_DU_JOUR              3m10s      3m06s      -4s  ✅  la Parole
12:03:21 BLOC_C_SERIE_DU_JOUR              6m54s      6m54s      +0s  ✅  There is no Lie (Imah Adegoke & Mary Umoh)
12:10:15 BLOC_C_SERIE_DU_JOUR              5m52s      5m47s      -5s  ✅  Not Naked (Abasiama Timothy)
12:16:02 BLOC_C_SERIE_DU_JOUR              8m12s      8m10s      -2s  ✅  Jesus is Alpha - PHF
12:24:12 BLOC_C_SERIE_DU_JOUR              7m25s      7m22s      -3s  ✅  Victorious Is the Lamb - Winnipeg Fellowship
12:31:34 BLOC_C_SERIE_DU_JOUR              9m23s      9m31s      +8s  ✅  10 minutes
12:41:05 BLOC_C_SERIE_DU_JOUR              3m00s      2m57s      -3s  ✅  Jonas 1
12:44:02 BLOC_C_SERIE_DU_JOUR              1m22s      1m20s      -2s  ✅  Jonas 2
12:45:22 BLOC_C_SERIE_DU_JOUR              1m36s      1m33s      -3s  ✅  Jonas 3
12:46:55 BLOC_C_SERIE_DU_JOUR              1m57s      1m55s      -2s  ✅  Jonas 4
12:48:50 BLOC_C_SERIE_DU_JOUR              3m57s      3m54s      -3s  ✅  Apocalypse 1
12:52:44 BLOC_C_SERIE_DU_JOUR              5m23s      5m21s      -2s  ✅  Apocalypse 2
12:58:05 BLOC_C_SERIE_DU_JOUR              4m16s      4m13s      -3s  ✅  Apocalypse 3
13:02:18 BLOC_C_SERIE_DU_JOUR              0m09s      0m09s      +0s  ✅  jingle id station 01 la bonne nouvelle partout
13:02:27 BLOC_C_SERIE_DU_JOUR              5m33s      5m31s      -2s  ✅  He Shall Feed His Flock - I Want to walk  - Ketu HF
13:07:58 BLOC_C_SERIE_DU_JOUR              9m43s      9m40s      -3s  ✅  Thy Throne Oh Lord - Ketu HF
13:17:38 BLOC_C_SERIE_DU_JOUR              4m20s      4m18s      -2s  ✅  There's A Mighty River Flowing - SWBN TV
13:21:56 BLOC_C_SERIE_DU_JOUR              5m18s      5m23s      +5s  ✅  Now is Come Salvation - Toronto HF
13:27:19 BLOC_C_SERIE_DU_JOUR             13m48s     13m45s      -3s  ✅  2020 tian le pardon 8
13:41:04 BLOC_C_SERIE_DU_JOUR              0m13s      0m11s      -2s  ✅  jingle avant bible 07 place a la lecture de la bible
13:41:15 BLOC_C_SERIE_DU_JOUR              3m39s      3m36s      -3s  ✅  Ruth 1
13:44:51 BLOC_C_SERIE_DU_JOUR              4m14s      4m11s      -3s  ✅  Ruth 2
13:49:02 BLOC_C_SERIE_DU_JOUR              3m00s      2m58s      -2s  ✅  Ruth 3
13:52:00 BLOC_C_SERIE_DU_JOUR              3m43s      3m40s      -3s  ✅  Ruth 4
13:55:40 BLOC_C_SERIE_DU_JOUR              3m55s      3m53s      -2s  ✅  2 Rois 1
13:59:33 BLOC_C_SERIE_DU_JOUR              4m52s      4m49s      -3s  ✅  2 Rois 2
14:04:22 BLOC_C_SERIE_DU_JOUR              4m43s      4m41s      -2s  ✅  2 Rois 3
14:09:03 BLOC_C_SERIE_DU_JOUR              7m47s      7m44s      -3s  ✅  2 Rois 4
14:16:47 BLOC_C_SERIE_DU_JOUR              6m03s      6m00s      -3s  ✅  2 Rois 5
14:22:47 BLOC_C_SERIE_DU_JOUR              5m42s      5m40s      -2s  ✅  2 Rois 6
14:28:27 BLOC_C_SERIE_DU_JOUR              4m28s      4m25s      -3s  ✅  2 Rois 7
14:32:52 BLOC_C_SERIE_DU_JOUR              5m34s      5m32s      -2s  ✅  2 Rois 8
14:38:24 BLOC_C_SERIE_DU_JOUR              7m22s      7m20s      -2s  ✅  2 Rois 9
14:45:44 BLOC_C_SERIE_DU_JOUR              0m11s      0m08s      -3s  ✅  jingle avant louange 05 elevons nos coeurs vers dieu
14:45:52 BLOC_C_SERIE_DU_JOUR              8m58s      8m56s      -2s  ✅  El Elyon - Toronto & Winnipeg HF
14:54:48 BLOC_C_SERIE_DU_JOUR              4m44s      4m41s      -3s  ✅  Je veux vivre ton royaume
14:59:29 BLOC_C_SERIE_DU_JOUR              6m19s      6m17s      -2s  ✅  Unto Him - CHF
15:05:46 BLOC_C_SERIE_DU_JOUR              6m28s      6m25s      -3s  ✅  Le Bien-Etre Universel
15:12:11 BLOC_C_SERIE_DU_JOUR              8m41s      8m39s      -2s  ✅  Unto Him (Vincent Opara)
15:20:50 BLOC_C_SERIE_DU_JOUR              4m03s      4m00s      -3s  ✅  I Will Not Be Silent - Calabar HF
15:24:50 BLOC_C_SERIE_DU_JOUR              5m50s      5m48s      -2s  ✅  Jesus I'm Waiting for You (Mary Umoh)
15:30:38 BLOC_C_SERIE_DU_JOUR              6m59s      6m56s      -3s  ✅  Hosanna - Toronto HF
15:37:34 BLOC_C_SERIE_DU_JOUR              5m45s      5m42s      -3s  ✅  Ella Samuels - Oh Lord Our Maker
15:43:16 BLOC_C_SERIE_DU_JOUR              0m09s      0m07s      -2s  ✅  jingle avant bible 08 prenons un moment pour ecouter la parole
15:43:23 BLOC_C_SERIE_DU_JOUR              3m37s      3m35s      -2s  ✅  Nombres 27
15:46:58 BLOC_C_SERIE_DU_JOUR              4m29s      4m26s      -3s  ✅  Nombres 28
15:51:24 BLOC_C_SERIE_DU_JOUR              5m20s      5m18s      -2s  ✅  Nombres 29
15:56:42 BLOC_C_SERIE_DU_JOUR              2m47s      2m44s      -3s  ✅  Nombres 30
15:59:26 BLOC_C_SERIE_DU_JOUR              6m36s      6m34s      -2s  ✅  Nombres 31
16:06:00 BLOC_C_SERIE_DU_JOUR              6m02s      5m59s      -3s  ✅  Nombres 32
16:11:59 BLOC_C_SERIE_DU_JOUR              0m10s      0m08s      -2s  ✅  jingle avant louange 06 que la louange seleve
16:12:07 BLOC_C_SERIE_DU_JOUR              2m16s      2m13s      -3s  ✅  cantique  nous sommes le sel de la terre
16:14:20 BLOC_C_SERIE_DU_JOUR              9m14s      9m12s      -2s  ✅  A jamais, tu seras l Agneau de Dieu
16:23:32 BLOC_C_SERIE_DU_JOUR              9m38s      9m36s      -2s  ✅  Holy are You oh Lord (Olaedo Uzoma & Vincent Opara)
16:33:08 BLOC_C_SERIE_DU_JOUR              3m22s      3m19s      -3s  ✅  Ses cheveux étaient blancs..
16:36:27 BLOC_C_SERIE_DU_JOUR              5m58s      5m55s      -3s  ✅  In Jesus - PHF
16:42:22 BLOC_C_SERIE_DU_JOUR              7m19s      7m16s      -3s  ✅  You Have sworn By Your Holiness - Chidera Bisong
16:49:38 BLOC_C_SERIE_DU_JOUR              4m40s      4m37s      -3s  ✅  All in All - CHF
16:54:15 BLOC_C_SERIE_DU_JOUR              5m10s      5m08s      -2s  ✅  Igwe
16:59:23 BLOC_C_SERIE_DU_JOUR              9m31s      9m28s      -3s  ✅  15 at 01.33.50 (1)(1)
17:08:51 BLOC_C_SERIE_DU_JOUR              6m06s      6m12s      +6s  ✅  cantique  ta bonte
17:15:03 BLOC_C_SERIE_DU_JOUR              4m22s      4m19s      -3s  ✅  2 Chroniques 23
17:19:22 BLOC_C_SERIE_DU_JOUR              5m08s      5m05s      -3s  ✅  2 Chroniques 24
17:24:27 BLOC_C_SERIE_DU_JOUR              5m13s      5m11s      -2s  ✅  2 Chroniques 25
17:29:38 BLOC_C_SERIE_DU_JOUR              4m04s      4m02s      -2s  ✅  2 Chroniques 26
17:33:40 BLOC_C_SERIE_DU_JOUR              1m21s      1m18s      -3s  ✅  2 Chroniques 27
17:34:58 BLOC_C_SERIE_DU_JOUR              4m55s      4m53s      -2s  ✅  2 Chroniques 28
17:39:51 BLOC_C_SERIE_DU_JOUR              6m27s      6m25s      -2s  ✅  2 Chroniques 29
17:46:16 BLOC_C_SERIE_DU_JOUR              5m02s      4m59s      -3s  ✅  2 Chroniques 30
17:51:15 BLOC_C_SERIE_DU_JOUR              4m11s      4m09s      -2s  ✅  2 Chroniques 31
17:55:24 BLOC_C_SERIE_DU_JOUR              6m19s      6m17s      -2s  ✅  2 Chroniques 32
18:01:41 BLOC_D_SERIE_DU_JOUR              6m09s      6m07s      -2s  ✅  Actes 19
18:07:48 BLOC_D_SERIE_DU_JOUR              5m22s      5m21s      -1s  ✅  Actes 20
18:13:09 BLOC_D_SERIE_DU_JOUR              6m34s      6m31s      -3s  ✅  Actes 21
18:19:40 BLOC_D_SERIE_DU_JOUR              4m32s      4m29s      -3s  ✅  Actes 22
18:24:09 BLOC_D_SERIE_DU_JOUR              5m29s      5m26s      -3s  ✅  Actes 23
18:29:35 BLOC_D_SERIE_DU_JOUR              0m13s      0m11s      -2s  ✅  jingle avant louange 07 voici un temps de louange
18:29:46 BLOC_D_SERIE_DU_JOUR              4m13s      4m10s      -3s  ✅  4 minutes
18:33:56 BLOC_D_SERIE_DU_JOUR              5m57s      5m54s      -3s  ✅  You are God - Winnipeg Fellowship
18:39:50 BLOC_D_SERIE_DU_JOUR              6m41s      6m38s      -3s  ✅  6 minutes
18:46:28 BLOC_D_SERIE_DU_JOUR             10m24s     10m22s      -2s  ✅  Shine in Darkness O Lord  - Winnipeg Fellowship
18:56:50 BLOC_D_SERIE_DU_JOUR             11m53s     11m50s      -3s  ✅  Hashem - PHF
19:08:40 BLOC_D_SERIE_DU_JOUR              7m20s      7m18s      -2s  ✅  The Glory -  PHF
19:15:58 BLOC_D_SERIE_DU_JOUR              6m12s      6m10s      -2s  ✅  The King is Here (Abasiama Timothy)
19:22:08 BLOC_D_SERIE_DU_JOUR              5m07s      5m03s      -4s  ✅  We Shall Come - Asaba Fellowship
19:27:11 BLOC_D_SERIE_DU_JOUR              0m09s      0m10s      +1s  ✅  jingle id station 02 radio evangile du royaume
19:27:21 BLOC_D_SERIE_DU_JOUR              2m18s      2m15s      -3s  ✅  Néhémie 1
19:29:36 BLOC_D_SERIE_DU_JOUR              4m01s      3m59s      -2s  ✅  Néhémie 2
19:33:35 BLOC_D_SERIE_DU_JOUR              5m28s      5m25s      -3s  ✅  Néhémie 3
19:39:00 BLOC_D_SERIE_DU_JOUR              3m46s      3m44s      -2s  ✅  Néhémie 4
19:42:44 BLOC_D_SERIE_DU_JOUR              3m29s      3m26s      -3s  ✅  Néhémie 5
19:46:10 BLOC_D_SERIE_DU_JOUR              0m09s      0m09s      +0s  ✅  JINGLE
19:46:19 BLOC_D_SERIE_DU_JOUR              4m52s      4m51s      -1s  ✅  cantique   prends tout le contrôle
19:51:10 BLOC_D_SERIE_DU_JOUR              5m22s      5m19s      -3s  ✅  God's Got An Army - PHF
19:56:29 BLOC_D_SERIE_DU_JOUR              5m19s      5m17s      -2s  ✅  Gabrielle LIDJI - Mélodie Céleste  by LFXA(Light FX Animation)_2
20:01:46 BLOC_D_SERIE_DU_JOUR              5m04s      5m01s      -3s  ✅  I Enter The Holy of Holies - Port Harcourt HF
20:06:47 BLOC_D_SERIE_DU_JOUR              9m23s      9m22s      -1s  ✅  10 minutes
20:16:09 BLOC_D_SERIE_DU_JOUR              0m10s      0m10s      +0s  ✅  jingle avant message 01 voici le message du jour
20:16:19 BLOC_D_SERIE_DU_JOUR             13m48s     13m45s      -3s  ✅  2020 tian le pardon 8
20:30:04 BLOC_D_SERIE_DU_JOUR              0m10s      0m10s      +0s  ✅  jingle avant bible 06 ouvrons les saintes ecritures
20:30:14 BLOC_D_SERIE_DU_JOUR              3m34s      3m30s      -4s  ✅  Esdras 9
20:33:44 BLOC_D_SERIE_DU_JOUR              6m21s      6m18s      -3s  ✅  Esdras 10
20:40:02 BLOC_D_SERIE_DU_JOUR              2m21s      2m19s      -2s  ✅  Nahum 1
20:42:21 BLOC_D_SERIE_DU_JOUR              2m04s      2m01s      -3s  ✅  Nahum 2
20:44:22 BLOC_D_SERIE_DU_JOUR              3m02s      3m00s      -2s  ✅  Nahum 3
20:47:22 BLOC_D_SERIE_DU_JOUR              3m52s      3m50s      -2s  ✅  Deutéronome 30
20:51:12 BLOC_D_SERIE_DU_JOUR              5m56s      5m53s      -3s  ✅  Deutéronome 31
20:57:05 BLOC_D_SERIE_DU_JOUR              7m45s      7m43s      -2s  ✅  Deutéronome 32
21:04:48 BLOC_D_SERIE_DU_JOUR              4m49s      4m47s      -2s  ✅  Deutéronome 33
21:09:35 BLOC_D_SERIE_DU_JOUR              1m57s      1m54s      -3s  ✅  Deutéronome 34
21:11:29 BLOC_D_SERIE_DU_JOUR              5m26s      5m23s      -3s  ✅  Exode 26
21:16:52 BLOC_D_SERIE_DU_JOUR              3m27s      3m26s      -1s  ✅  Exode 27
21:20:18 BLOC_D_SERIE_DU_JOUR              7m35s      7m32s      -3s  ✅  Exode 28
21:27:50 BLOC_D_SERIE_DU_JOUR              0m10s      0m08s      -2s  ✅  jingle avant louange 06 que la louange seleve
21:27:58 BLOC_D_SERIE_DU_JOUR              6m02s      5m59s      -3s  ✅  Crown Him Lord of Lords - Nonso Njoku
21:33:57 BLOC_D_SERIE_DU_JOUR              5m48s      5m46s      -2s  ✅  Forever You Reign - Abuja HF
21:39:43 BLOC_D_SERIE_DU_JOUR              5m52s      5m49s      -3s  ✅  Where Two or Three are Gathered - Calabar HF
21:45:32 BLOC_D_SERIE_DU_JOUR              6m12s      6m09s      -3s  ✅  Praise the Lord All Ye Nations - Toronto HF
21:51:41 BLOC_D_SERIE_DU_JOUR              8m31s      8m30s      -1s  ✅  Holy Holy - Abuja HF
22:00:11 BLOC_D_SERIE_DU_JOUR              7m51s      7m47s      -4s  ✅  There is no name  - Winnipeg Fellowship
22:07:58 BLOC_D_SERIE_DU_JOUR              9m24s      9m21s      -3s  ✅  I See Your Face - Toronto HF
22:17:19 BLOC_D_SERIE_DU_JOUR              9m23s      9m21s      -2s  ✅  Thou art Worthy Lord - PHF
22:26:40 BLOC_D_SERIE_DU_JOUR              0m09s      0m07s      -2s  ✅  jingle avant bible 08 prenons un moment pour ecouter la parole
22:26:47 BLOC_D_SERIE_DU_JOUR              5m40s      5m37s      -3s  ✅  Marc 1
22:32:24 BLOC_D_SERIE_DU_JOUR              4m21s      4m19s      -2s  ✅  Marc 2
22:36:43 BLOC_D_SERIE_DU_JOUR              4m15s      4m13s      -2s  ✅  Marc 3
22:40:56 BLOC_D_SERIE_DU_JOUR              5m27s      5m24s      -3s  ✅  Marc 4
22:46:20 BLOC_D_SERIE_DU_JOUR              5m38s      5m35s      -3s  ✅  Marc 5
22:51:55 BLOC_D_SERIE_DU_JOUR              7m58s      7m56s      -2s  ✅  Marc 6
22:59:51 BLOC_D_SERIE_DU_JOUR              0m11s      0m08s      -3s  ✅  jingle avant louange 05 elevons nos coeurs vers dieu
22:59:59 BLOC_D_SERIE_DU_JOUR              4m14s      4m12s      -2s  ✅  Mon modèle, c est Jésus
23:04:11 BLOC_D_SERIE_DU_JOUR             10m47s     10m44s      -3s  ✅  Abba, Singing a, I Will Sing - Ketu HF
23:14:55 BLOC_D_SERIE_DU_JOUR             10m13s     10m11s      -2s  ✅  As We Worship - Toronto & Winnipeg HF
23:25:06 BLOC_D_SERIE_DU_JOUR              8m18s      8m16s      -2s  ✅  Yahweh Is Mighty - SWBN TV
23:33:22 BLOC_E_LOUANGE_NUIT               7m37s      7m33s      -4s  ✅  Cantiques  Il a pris mes iniquités
23:40:55 BLOC_E_LOUANGE_NUIT               5m21s      5m19s      -2s  ✅  By the word of the lord - Ketu HF
23:46:14 BLOC_E_LOUANGE_NUIT               2m20s      2m17s      -3s  ✅  cantique  heureux l homme qui ne marche pas selon
23:48:31 BLOC_E_LOUANGE_NUIT               9m23s      9m21s      -2s  ✅  Thou art Worthy Lord - PHF
23:57:52 BLOC_E_LOUANGE_NUIT               9m31s      3m40s    -351s  ❌ COUPÉ  15 at 01.33.50 (1)(1)
----------------------------------------------------------------------------------------------------
Bilan : 296 titres, 2 anomalie(s) (titre coupé de plus de 10s ou trou d'antenne). Gravité : 0 mineure(s) <1min · 2 sérieuse(s) 1-10min · 0 critique(s) >10min.

====================================================================================================
CONTRÔLES APPROFONDIS
====================================================================================================
Plan non disponible : contrôles approfondis impossibles pour ce jour.

====================================================================================================
RÉEL vs PRÉVU — ce qui a joué vs ce que le plan prévoyait
====================================================================================================
Plan non disponible pour le 2026-07-21 (aucun Radio/plans/plan_2026-07-21.json). Les instantanés sont générés à chaque rotation à partir de leur mise en place.
