Rapport de diffusion — 2026-06-13 (heures UTC)
211 titres joués | tolérance ±10s
====================================================================================================
HEURE    PLAYLIST                     FICHIER          RÉEL    ÉCART  STATUT  TITRE
----------------------------------------------------------------------------------------------------
00:55:43 BLOC_A_SERIE_DU_JOUR              5m28s      5m25s      -3s  ✅  Néhémie 3
01:01:08 BLOC_A_SERIE_DU_JOUR              3m46s      3m43s      -3s  ✅  Néhémie 4
01:04:51 BLOC_A_SERIE_DU_JOUR              3m29s      3m27s      -2s  ✅  Néhémie 5
01:08:18 BLOC_A_SERIE_DU_JOUR              3m23s      3m20s      -3s  ✅  Néhémie 6
01:11:38 BLOC_A_SERIE_DU_JOUR              6m49s      6m47s      -2s  ✅  Néhémie 7
01:18:25 BLOC_A_SERIE_DU_JOUR              3m59s      3m56s      -3s  ✅  Néhémie 8
01:22:21 BLOC_A_SERIE_DU_JOUR              7m47s      7m45s      -2s  ✅  Néhémie 9
01:30:06 BLOC_A_SERIE_DU_JOUR              4m42s      4m39s      -3s  ✅  Marc 11
01:34:45 BLOC_A_SERIE_DU_JOUR              2m40s      2m37s      -3s  ✅  Habacuc 1
01:37:22 BLOC_A_SERIE_DU_JOUR              3m24s      3m22s      -2s  ✅  Habacuc 2
01:40:44 BLOC_A_SERIE_DU_JOUR              3m11s      3m08s      -3s  ✅  Habacuc 3
01:43:52 BLOC_A_SERIE_DU_JOUR              7m02s      7m00s      -2s  ✅  Nombres 1
01:50:52 BLOC_A_SERIE_DU_JOUR              4m28s      4m25s      -3s  ✅  Nombres 2
01:55:17 BLOC_A_SERIE_DU_JOUR              7m05s      7m02s      -3s  ✅  Nombres 3
02:02:19 BLOC_A_SERIE_DU_JOUR              7m36s      7m33s      -3s  ✅  Nombres 4
02:09:52 BLOC_A_SERIE_DU_JOUR              4m33s      4m30s      -3s  ✅  1 Pierre 1
02:14:22 BLOC_A_SERIE_DU_JOUR              4m17s      4m14s      -3s  ✅  1 Pierre 2
02:18:36 BLOC_A_SERIE_DU_JOUR              3m50s      3m47s      -3s  ✅  1 Pierre 3
02:22:23 BLOC_A_SERIE_DU_JOUR              3m41s      3m39s      -2s  ✅  Adorons l'Éternel GAEL - JÉSUS EST SEIGNEUR -
02:26:02 BLOC_A_SERIE_DU_JOUR              6m28s     19m16s    +768s  ⚠️ TROU APRÈS  Le Bien-Etre Universel
02:45:18 BLOC_A_SERIE_DU_JOUR              2m20s      2m17s      -3s  ✅  cantique  heureux l homme qui ne marche pas selon
02:47:35 BLOC_A_SERIE_DU_JOUR              4m11s     12m24s    +493s  ⚠️ TROU APRÈS  jai donné ma vie à jésus (1)
02:59:59 BLOC_A_SERIE_DU_JOUR              0m06s      0m06s      +0s  ✅  jingle avant bible 01 la foi vient de ce quon entend
03:00:05 BLOC_A_SERIE_DU_JOUR              5m19s      5m17s      -2s  ✅  Gabrielle LIDJI - Mélodie Céleste  by LFXA(Light FX Animation)_2
03:05:22 BLOC_A_SERIE_DU_JOUR              3m22s      3m20s      -2s  ✅  Ses cheveux étaient blancs..
03:08:42 BLOC_A_SERIE_DU_JOUR              5m13s      5m10s      -3s  ✅  Il s'appelait Emmanuel - Marcel Boungou + Paroles
03:13:52 BLOC_A_SERIE_DU_JOUR              6m09s      6m07s      -2s  ✅  Hymne des vainqueurs
03:19:59 BLOC_A_SERIE_DU_JOUR              5m10s      5m09s      -1s  ✅  Igwe
03:25:08 BLOC_A_SERIE_DU_JOUR              6m41s      6m37s      -4s  ✅  6 minutes
03:31:45 BLOC_A_SERIE_DU_JOUR              4m13s      4m10s      -3s  ✅  4 minutes
03:35:55 BLOC_A_SERIE_DU_JOUR              9m23s      9m22s      -1s  ✅  10 minutes
03:45:17 BLOC_A_SERIE_DU_JOUR              0m05s      0m22s     +17s  ⚠️ TROU APRÈS  Parole Prophétique FM
03:45:39 BLOC_D_SERIE_DU_JOUR           2h12m50s   2h12m48s      -2s  ✅  le retour du seigneur
05:58:27 BLOC_A_SERIE_DU_JOUR              6m57s      6m54s      -3s  ✅  qui est digne d ouvrir le livre
06:05:21 BLOC_A_SERIE_DU_JOUR             26m50s   1h20m24s   +3214s  ⚠️ TROU APRÈS  la moisson 1 adé
07:25:45 BLOC_B_SERIE_DU_JOUR              4m15s      4m13s      -2s  ✅  Philippiens 1
07:29:58 BLOC_B_SERIE_DU_JOUR              4m28s      4m25s      -3s  ✅  Philippiens 2
07:34:23 BLOC_B_SERIE_DU_JOUR              3m26s      3m23s      -3s  ✅  Philippiens 3
07:37:46 BLOC_B_SERIE_DU_JOUR              3m39s      3m37s      -2s  ✅  Philippiens 4
07:41:23 BLOC_B_SERIE_DU_JOUR              4m20s      4m17s      -3s  ✅  Genèse 3
07:45:40 BLOC_B_SERIE_DU_JOUR              4m21s      4m19s      -2s  ✅  Genèse 4
07:49:59 BLOC_B_SERIE_DU_JOUR              3m33s      3m31s      -2s  ✅  Genèse 5
07:53:30 BLOC_B_SERIE_DU_JOUR              3m52s      3m49s      -3s  ✅  Genèse 6
07:57:19 BLOC_B_SERIE_DU_JOUR              3m31s      3m29s      -2s  ✅  Genèse 7
08:00:48 BLOC_B_SERIE_DU_JOUR              3m28s      3m26s      -2s  ✅  Genèse 8
08:04:14 BLOC_B_SERIE_DU_JOUR              4m09s      4m06s      -3s  ✅  Genèse 9
08:08:20 BLOC_B_SERIE_DU_JOUR              3m50s      3m48s      -2s  ✅  Genèse 10
08:12:08 BLOC_B_SERIE_DU_JOUR              4m14s      4m11s      -3s  ✅  Genèse 11
08:16:19 BLOC_B_SERIE_DU_JOUR              3m12s      3m09s      -3s  ✅  Genèse 12
08:19:28 BLOC_B_SERIE_DU_JOUR              2m50s      2m48s      -2s  ✅  Genèse 13
08:22:16 BLOC_B_SERIE_DU_JOUR              2m18s      2m15s      -3s  ✅  Néhémie 1
08:24:31 BLOC_B_SERIE_DU_JOUR              4m01s      3m59s      -2s  ✅  Néhémie 2
08:28:30 BLOC_B_SERIE_DU_JOUR              5m28s      5m25s      -3s  ✅  Néhémie 3
08:33:55 BLOC_B_SERIE_DU_JOUR              3m46s      3m44s      -2s  ✅  Néhémie 4
08:37:39 BLOC_B_SERIE_DU_JOUR              3m29s      3m26s      -3s  ✅  Néhémie 5
08:41:05 BLOC_B_SERIE_DU_JOUR              3m23s      3m21s      -2s  ✅  Néhémie 6
08:44:26 BLOC_B_SERIE_DU_JOUR              6m49s      6m46s      -3s  ✅  Néhémie 7
08:51:12 BLOC_B_SERIE_DU_JOUR              2m21s      2m19s      -2s  ✅  Ecclésiaste 1
08:53:31 BLOC_B_SERIE_DU_JOUR              4m17s      4m15s      -2s  ✅  Ecclésiaste 2
08:57:46 BLOC_B_SERIE_DU_JOUR              2m50s      2m48s      -2s  ✅  Ecclésiaste 3
09:00:34 BLOC_B_SERIE_DU_JOUR              2m23s      2m20s      -3s  ✅  Ecclésiaste 4
09:02:54 BLOC_B_SERIE_DU_JOUR              3m17s      3m15s      -2s  ✅  Ecclésiaste 5
09:06:09 BLOC_B_SERIE_DU_JOUR              1m50s      1m47s      -3s  ✅  Ecclésiaste 6
09:07:56 BLOC_B_SERIE_DU_JOUR              3m44s      3m41s      -3s  ✅  Ecclésiaste 7
09:11:37 BLOC_B_SERIE_DU_JOUR              2m51s      2m49s      -2s  ✅  Ecclésiaste 8
09:14:26 BLOC_B_SERIE_DU_JOUR              3m14s      3m11s      -3s  ✅  Ecclésiaste 9
09:17:37 BLOC_B_SERIE_DU_JOUR              2m29s      2m27s      -2s  ✅  Ecclésiaste 10
09:20:04 BLOC_B_SERIE_DU_JOUR              1m34s      1m32s      -2s  ✅  Ecclésiaste 11
09:21:36 BLOC_B_SERIE_DU_JOUR              2m16s      2m13s      -3s  ✅  Ecclésiaste 12
09:23:49 BLOC_B_SERIE_DU_JOUR              3m42s      3m40s      -2s  ✅  2 Pierre 1
09:27:29 BLOC_B_SERIE_DU_JOUR              4m04s      4m01s      -3s  ✅  2 Pierre 2
09:31:30 BLOC_B_SERIE_DU_JOUR              3m17s      3m14s      -3s  ✅  2 Pierre 3
09:34:44 BLOC_B_SERIE_DU_JOUR              3m34s      3m32s      -2s  ✅  Esdras 9
09:38:16 BLOC_B_SERIE_DU_JOUR              6m21s      6m18s      -3s  ✅  Esdras 10
09:44:34 BLOC_B_SERIE_DU_JOUR              3m26s      3m24s      -2s  ✅  Abdias 1
09:47:58 BLOC_B_SERIE_DU_JOUR              5m46s      5m43s      -3s  ✅  Juges 1
09:53:41 BLOC_B_SERIE_DU_JOUR              2m16s     11m06s    +530s  ⚠️ TROU APRÈS  cantique  nous sommes le sel de la terre
10:04:47 BLOC_B_SERIE_DU_JOUR              7m17s      7m15s      -2s  ✅  cantique  tes promesses  pub direct dec 2021 import (2)
10:12:02 BLOC_B_SERIE_DU_JOUR              5m28s     16m16s    +648s  ⚠️ TROU APRÈS  même humilié
10:28:18 BLOC_B_SERIE_DU_JOUR              0m06s      0m06s      +0s  ✅  jingle avant bible 01 la foi vient de ce quon entend
10:28:24 BLOC_B_SERIE_DU_JOUR              5m19s     26m24s   +1265s  ⚠️ TROU APRÈS  Gabrielle LIDJI - Mélodie Céleste  by LFXA(Light FX Animation)_2
10:54:48 BLOC_B_SERIE_DU_JOUR              5m13s     36m15s   +1862s  ⚠️ TROU APRÈS  Il s'appelait Emmanuel - Marcel Boungou + Paroles
11:31:03 BLOC_B_SERIE_DU_JOUR              3m41s      3m49s      +8s  ✅  Adorons l'Éternel GAEL - JÉSUS EST SEIGNEUR -
11:34:52 BLOC_B_SERIE_DU_JOUR              3m41s      3m40s      -1s  ✅  Adorons l'Éternel GAEL - JÉSUS EST SEIGNEUR -
11:38:32 BLOC_B_SERIE_DU_JOUR              5m10s      5m07s      -3s  ✅  Igwe
11:43:39 BLOC_B_SERIE_DU_JOUR              6m28s     19m16s    +768s  ⚠️ TROU APRÈS  Le Bien-Etre Universel
12:02:55 BLOC_C_SERIE_DU_JOUR             26m50s     26m48s      -2s  ✅  la moisson 1 adé
12:29:43 BLOC_C_SERIE_DU_JOUR              5m57s      5m54s      -3s  ✅  Daniel 9
12:35:37 BLOC_C_SERIE_DU_JOUR              3m45s      3m43s      -2s  ✅  Daniel 10
12:39:20 BLOC_C_SERIE_DU_JOUR              8m26s      8m24s      -2s  ✅  Daniel 11
12:47:44 BLOC_C_SERIE_DU_JOUR              2m26s      2m25s      -1s  ✅  Daniel 12
12:50:09 BLOC_C_SERIE_DU_JOUR              2m05s      2m01s      -4s  ✅  3 Jean 1
12:52:10 BLOC_C_SERIE_DU_JOUR              4m00s      3m58s      -2s  ✅  Juges 2
12:56:08 BLOC_C_SERIE_DU_JOUR              5m18s      5m15s      -3s  ✅  Juges 3
13:01:23 BLOC_C_SERIE_DU_JOUR              4m32s      4m30s      -2s  ✅  Juges 4
13:05:53 BLOC_C_SERIE_DU_JOUR              5m14s      5m12s      -2s  ✅  Juges 5
13:11:05 BLOC_C_SERIE_DU_JOUR              7m41s      7m38s      -3s  ✅  Juges 6
13:18:43 BLOC_C_SERIE_DU_JOUR              5m33s      5m31s      -2s  ✅  Juges 7
13:24:14 BLOC_C_SERIE_DU_JOUR              5m42s      5m39s      -3s  ✅  Juges 8
13:29:53 BLOC_C_SERIE_DU_JOUR              7m17s      7m22s      +5s  ✅  cantique  tes promesses  pub direct dec 2021 import (2)
13:37:15 BLOC_C_SERIE_DU_JOUR              2m47s      2m44s      -3s  ✅  Lévitique 1
13:39:59 BLOC_C_SERIE_DU_JOUR              2m33s      2m30s      -3s  ✅  Lévitique 2
13:42:29 BLOC_C_SERIE_DU_JOUR              2m41s      2m40s      -1s  ✅  Lévitique 3
13:45:09 BLOC_C_SERIE_DU_JOUR              6m13s      6m09s      -4s  ✅  Lévitique 4
13:51:18 BLOC_C_SERIE_DU_JOUR              3m52s      3m51s      -1s  ✅  Lévitique 5
13:55:09 BLOC_C_SERIE_DU_JOUR              4m38s      4m34s      -4s  ✅  Lévitique 6
13:59:43 BLOC_C_SERIE_DU_JOUR              5m30s      5m29s      -1s  ✅  Lévitique 7
14:05:12 BLOC_C_SERIE_DU_JOUR              5m28s      5m24s      -4s  ✅  même humilié
14:10:36 BLOC_C_SERIE_DU_JOUR              7m17s      7m15s      -2s  ✅  cantique  tes promesses  pub direct dec 2021 import (2)
14:17:51 BLOC_C_SERIE_DU_JOUR              2m07s      2m04s      -3s  ✅  2 Jean 1
14:19:55 BLOC_C_SERIE_DU_JOUR              3m59s      3m56s      -3s  ✅  Néhémie 8
14:23:51 BLOC_C_SERIE_DU_JOUR              7m47s      7m45s      -2s  ✅  Néhémie 9
14:31:36 BLOC_C_SERIE_DU_JOUR              4m36s      4m33s      -3s  ✅  Néhémie 10
14:36:09 BLOC_C_SERIE_DU_JOUR              4m55s      4m52s      -3s  ✅  Néhémie 11
14:41:01 BLOC_C_SERIE_DU_JOUR              6m29s      6m27s      -2s  ✅  Néhémie 12
14:47:28 BLOC_C_SERIE_DU_JOUR              5m20s      5m17s      -3s  ✅  Néhémie 13
14:52:45 BLOC_C_SERIE_DU_JOUR              4m09s      4m07s      -2s  ✅  Genèse 14
14:56:52 BLOC_C_SERIE_DU_JOUR              3m26s      3m24s      -2s  ✅  Genèse 15
15:00:16 BLOC_C_SERIE_DU_JOUR              2m16s      2m13s      -3s  ✅  cantique  nous sommes le sel de la terre
15:02:29 BLOC_C_SERIE_DU_JOUR              4m04s      4m01s      -3s  ✅  Jean 21
15:06:30 BLOC_C_SERIE_DU_JOUR              9m48s      9m46s      -2s  ✅  Juges 9
15:16:16 BLOC_C_SERIE_DU_JOUR              2m48s      2m46s      -2s  ✅  Juges 10
15:19:02 BLOC_C_SERIE_DU_JOUR              7m02s      6m59s      -3s  ✅  Juges 11
15:26:01 BLOC_C_SERIE_DU_JOUR              7m17s      7m15s      -2s  ✅  cantique  tes promesses  pub direct dec 2021 import (2)
15:33:16 BLOC_C_SERIE_DU_JOUR              5m19s      5m16s      -3s  ✅  Gabrielle LIDJI - Mélodie Céleste  by LFXA(Light FX Animation)_2
15:38:32 BLOC_C_SERIE_DU_JOUR              3m22s     16m39s    +797s  ⚠️ TROU APRÈS  Ses cheveux étaient blancs..
15:55:11 BLOC_C_SERIE_DU_JOUR              5m13s     25m53s   +1240s  ⚠️ TROU APRÈS  Il s'appelait Emmanuel - Marcel Boungou + Paroles
16:21:04 BLOC_C_SERIE_DU_JOUR              6m09s      6m07s      -2s  ✅  Hymne des vainqueurs
16:27:11 BLOC_C_SERIE_DU_JOUR              5m10s     15m23s    +613s  ⚠️ TROU APRÈS  Igwe
16:42:34 BLOC_C_SERIE_DU_JOUR              6m28s      6m25s      -3s  ✅  Le Bien-Etre Universel
16:48:59 BLOC_C_SERIE_DU_JOUR              6m41s      6m38s      -3s  ✅  6 minutes
16:55:37 BLOC_C_SERIE_DU_JOUR              4m13s      4m10s      -3s  ✅  4 minutes
16:59:47 BLOC_C_SERIE_DU_JOUR              9m23s     28m03s   +1120s  ⚠️ TROU APRÈS  10 minutes
17:27:50 BLOC_C_SERIE_DU_JOUR              0m05s      0m18s     +13s  ⚠️ TROU APRÈS  Parole Prophétique FM
17:28:08 BLOC_C_SERIE_DU_JOUR              6m57s     27m38s   +1241s  ⚠️ TROU APRÈS  qui est digne d ouvrir le livre
17:55:46 BLOC_D_SERIE_DU_JOUR              0m08s      0m09s      +1s  ✅  jingle avant message 02 enseignement parole de dieu
17:55:55 BLOC_D_SERIE_DU_JOUR             26m50s     26m48s      -2s  ✅  la moisson 1 adé
18:22:43 BLOC_C_SERIE_DU_JOUR              6m34s      6m31s      -3s  ✅  cantique  béni soit le dieu d israël
18:29:14 BLOC_D_SERIE_DU_JOUR              0m06s      0m06s      +0s  ✅  jingle avant bible 03 ecoutez la voix de dieu
18:29:20 BLOC_D_SERIE_DU_JOUR              2m59s      2m57s      -2s  ✅  2 Timothée 1
18:32:17 BLOC_D_SERIE_DU_JOUR              3m52s      3m50s      -2s  ✅  2 Timothée 2
18:36:07 BLOC_D_SERIE_DU_JOUR              2m37s      2m33s      -4s  ✅  2 Timothée 3
18:38:40 BLOC_D_SERIE_DU_JOUR              3m09s      3m07s      -2s  ✅  2 Timothée 4
18:41:47 BLOC_D_SERIE_DU_JOUR              2m40s      2m37s      -3s  ✅  Habacuc 1
18:44:24 BLOC_D_SERIE_DU_JOUR              3m24s      3m21s      -3s  ✅  Habacuc 2
18:47:45 BLOC_D_SERIE_DU_JOUR              3m11s      3m09s      -2s  ✅  Habacuc 3
18:50:54 BLOC_D_SERIE_DU_JOUR              2m37s      2m34s      -3s  ✅  Juges 12
18:53:28 BLOC_D_SERIE_DU_JOUR              4m10s      4m07s      -3s  ✅  Juges 13
18:57:35 BLOC_D_SERIE_DU_JOUR              3m58s      3m56s      -2s  ✅  Juges 14
19:01:31 BLOC_D_SERIE_DU_JOUR              3m38s      3m37s      -1s  ✅  Juges 15
19:05:08 BLOC_D_SERIE_DU_JOUR              6m30s      6m27s      -3s  ✅  Juges 16
19:11:35 BLOC_D_SERIE_DU_JOUR              2m15s      2m12s      -3s  ✅  Juges 17
19:13:47 BLOC_D_SERIE_DU_JOUR              5m44s      5m41s      -3s  ✅  Juges 18
19:19:28 BLOC_D_SERIE_DU_JOUR              6m04s      6m09s      +5s  ✅  Juges 19
19:25:37 BLOC_D_SERIE_DU_JOUR              3m22s      3m20s      -2s  ✅  Ses cheveux étaient blancs..
19:28:57 BLOC_D_SERIE_DU_JOUR              5m28s      5m25s      -3s  ✅  même humilié
19:34:22 BLOC_D_SERIE_DU_JOUR              4m13s      4m15s      +2s  ✅  4 minutes
19:38:37 BLOC_D_SERIE_DU_JOUR              5m13s      5m11s      -2s  ✅  Il s'appelait Emmanuel - Marcel Boungou + Paroles
19:43:48 BLOC_D_SERIE_DU_JOUR              4m52s      4m50s      -2s  ✅  cantique   prends tout le contrôle
19:48:38 BLOC_D_SERIE_DU_JOUR              5m10s      5m08s      -2s  ✅  Igwe
19:53:46 BLOC_D_SERIE_DU_JOUR              6m41s      6m38s      -3s  ✅  6 minutes
20:00:24 BLOC_D_SERIE_DU_JOUR              6m34s      6m34s      +0s  ✅  cantique  béni soit le dieu d israël
20:06:58 BLOC_D_SERIE_DU_JOUR              9m23s      9m21s      -2s  ✅  10 minutes
20:16:19 BLOC_D_SERIE_DU_JOUR              6m09s      6m15s      +6s  ✅  Hymne des vainqueurs
20:22:34 BLOC_D_SERIE_DU_JOUR              2m18s      2m15s      -3s  ✅  Néhémie 1
20:24:49 BLOC_D_SERIE_DU_JOUR              4m01s      3m59s      -2s  ✅  Néhémie 2
20:28:48 BLOC_D_SERIE_DU_JOUR              5m28s      5m25s      -3s  ✅  Néhémie 3
20:34:13 BLOC_D_SERIE_DU_JOUR              3m46s      3m44s      -2s  ✅  Néhémie 4
20:37:57 BLOC_D_SERIE_DU_JOUR              3m29s      3m26s      -3s  ✅  Néhémie 5
20:41:23 BLOC_D_SERIE_DU_JOUR              3m23s      3m20s      -3s  ✅  Néhémie 6
20:44:43 BLOC_D_SERIE_DU_JOUR              6m49s      6m47s      -2s  ✅  Néhémie 7
20:51:30 BLOC_D_SERIE_DU_JOUR              0m04s      0m07s      +3s  ✅  jingle avant louange 03 continuons dans la louange
20:51:37 BLOC_D_SERIE_DU_JOUR              4m52s      4m50s      -2s  ✅  cantique   prends tout le contrôle
20:56:27 BLOC_D_SERIE_DU_JOUR              5m28s      5m25s      -3s  ✅  même humilié
21:01:52 BLOC_D_SERIE_DU_JOUR              9m23s      9m21s      -2s  ✅  10 minutes
21:11:13 BLOC_D_SERIE_DU_JOUR              7m17s      7m15s      -2s  ✅  cantique  tes promesses  pub direct dec 2021 import (2)
21:18:28 BLOC_D_SERIE_DU_JOUR              6m57s      6m55s      -2s  ✅  qui est digne d ouvrir le livre
21:25:23 BLOC_D_SERIE_DU_JOUR              5m10s      5m08s      -2s  ✅  Igwe
21:30:31 BLOC_D_SERIE_DU_JOUR              6m06s      6m03s      -3s  ✅  cantique  ta bonte
21:36:34 BLOC_D_SERIE_DU_JOUR              6m34s      6m32s      -2s  ✅  cantique  béni soit le dieu d israël
21:43:06 BLOC_D_SERIE_DU_JOUR              3m12s      3m10s      -2s  ✅  esprit de dieu
21:46:16 BLOC_D_SERIE_DU_JOUR              6m41s      6m38s      -3s  ✅  6 minutes
21:52:54 BLOC_D_SERIE_DU_JOUR              0m05s      0m05s      +0s  ✅  jingle avant bible 05 poursuivons notre lecture
21:52:59 BLOC_D_SERIE_DU_JOUR              2m21s      2m19s      -2s  ✅  Ecclésiaste 1
21:55:18 BLOC_D_SERIE_DU_JOUR              4m17s      4m14s      -3s  ✅  Ecclésiaste 2
21:59:32 BLOC_D_SERIE_DU_JOUR              2m50s      2m48s      -2s  ✅  Ecclésiaste 3
22:02:20 BLOC_D_SERIE_DU_JOUR              2m23s      2m20s      -3s  ✅  Ecclésiaste 4
22:04:40 BLOC_D_SERIE_DU_JOUR              3m17s      3m15s      -2s  ✅  Ecclésiaste 5
22:07:55 BLOC_D_SERIE_DU_JOUR              1m50s      1m47s      -3s  ✅  Ecclésiaste 6
22:09:42 BLOC_D_SERIE_DU_JOUR              3m44s      3m42s      -2s  ✅  Ecclésiaste 7
22:13:24 BLOC_D_SERIE_DU_JOUR              2m51s      2m49s      -2s  ✅  Ecclésiaste 8
22:16:13 BLOC_D_SERIE_DU_JOUR              3m14s      3m11s      -3s  ✅  Ecclésiaste 9
22:19:24 BLOC_D_SERIE_DU_JOUR              2m29s      2m27s      -2s  ✅  Ecclésiaste 10
22:21:51 BLOC_D_SERIE_DU_JOUR              1m34s      1m32s      -2s  ✅  Ecclésiaste 11
22:23:23 BLOC_D_SERIE_DU_JOUR              2m16s      2m13s      -3s  ✅  Ecclésiaste 12
22:25:36 BLOC_D_SERIE_DU_JOUR              2m40s      2m37s      -3s  ✅  Habacuc 1
22:28:13 BLOC_D_SERIE_DU_JOUR              3m24s      3m21s      -3s  ✅  Habacuc 2
22:31:34 BLOC_D_SERIE_DU_JOUR              3m11s      3m09s      -2s  ✅  Habacuc 3
22:34:43 BLOC_D_SERIE_DU_JOUR              0m05s      0m05s      +0s  ✅  jingle avant louange 04 suite de la selection musicale
22:34:48 BLOC_D_SERIE_DU_JOUR              5m10s      5m08s      -2s  ✅  Igwe
22:39:56 BLOC_D_SERIE_DU_JOUR              6m09s      6m07s      -2s  ✅  Hymne des vainqueurs
22:46:03 BLOC_D_SERIE_DU_JOUR              4m11s      4m09s      -2s  ✅  jai donné ma vie à jésus (1)
22:50:12 BLOC_D_SERIE_DU_JOUR              4m13s      4m09s      -4s  ✅  4 minutes
22:54:21 BLOC_D_SERIE_DU_JOUR              9m23s      9m21s      -2s  ✅  10 minutes
23:03:42 BLOC_D_SERIE_DU_JOUR              6m57s      6m55s      -2s  ✅  qui est digne d ouvrir le livre
23:10:37 BLOC_D_SERIE_DU_JOUR              4m52s      4m49s      -3s  ✅  cantique   prends tout le contrôle
23:15:26 BLOC_D_SERIE_DU_JOUR              2m16s      2m13s      -3s  ✅  cantique  nous sommes le sel de la terre
23:17:39 BLOC_D_SERIE_DU_JOUR              5m19s      5m17s      -2s  ✅  Gabrielle LIDJI - Mélodie Céleste  by LFXA(Light FX Animation)_2
23:22:56 BLOC_D_SERIE_DU_JOUR              3m12s      3m14s      +2s  ✅  esprit de dieu
23:26:10 BLOC_D_SERIE_DU_JOUR              7m17s      7m16s      -1s  ✅  cantique  tes promesses  pub direct dec 2021 import (2)
23:33:26 BLOC_A_SERIE_DU_JOUR             26m50s          ?           ⏳ dernier titre (durée réelle inconnue)  la moisson 1 adé
----------------------------------------------------------------------------------------------------
Bilan : 211 titres, 15 anomalie(s) (titre coupé de plus de 10s ou trou d'antenne).
