====================================================================================================
MONITEUR RADIO — 2026-07-22 (synthèse des 3 rapports + plan, heures UTC)
====================================================================================================
État : ❌ incident(s) détecté(s)  ·  diffusion : 1 coupure(s)/trou(s), 0 double(s) message  ·  serveur : 63 incident(s)
SERVEUR (liquidsoap_events) :
   00:01:22  🌐 échec réseau AzuraCast/Liquidsoap  (×2)
   00:01:22  💥 crash Liquidsoap (redémarrage automatique)  (×2)
   00:01:26  🔇 bascule sur jingle d'erreur (silence potentiel)  (×3)
   23:32:33  🌐 échec réseau AzuraCast/Liquidsoap  (×56)
RESET MINUIT : restart confirmé vers 00:02:04 · 3 contrôle(s) · ⚠️ doublon vu dans la file
INCIDENTS CORRÉLÉS (anomalie de diffusion ↔ cause serveur probable) :
   23:57:28  COUPÉ 69s « Il s'appelait Emmanuel - Marcel Boungou + Paroles »
          ↳ aucune cause serveur à proximité (voir CONTRÔLES APPROFONDIS et RÉEL vs PRÉVU ci-dessous)
(Détail titre par titre, contrôles approfondis et RÉEL vs PRÉVU ci-dessous.)
Rapport de diffusion — 2026-07-22 (heures UTC)
318 titres joués | tolérance ±10s
====================================================================================================
HEURE    PLAYLIST                     FICHIER          RÉEL    ÉCART  STATUT  TITRE
----------------------------------------------------------------------------------------------------
00:01:32 ?                                 3m42s      3m42s      +0s  ✅  ?
00:05:14 BLOC_A_SERIE_DU_JOUR              0m10s      0m06s      -4s  ✅  jingle avant message 04 bienvenue sur parole prophetique fm
00:05:20 BLOC_A_SERIE_DU_JOUR             12m52s     12m50s      -2s  ✅  wa0002 1
00:18:10 BLOC_A_SERIE_DU_JOUR              0m10s      0m08s      -2s  ✅  jingle avant bible 06 ouvrons les saintes ecritures
00:18:18 BLOC_A_SERIE_DU_JOUR              2m59s      2m56s      -3s  ✅  Philémon 1
00:21:14 BLOC_A_SERIE_DU_JOUR              1m49s      1m47s      -2s  ✅  1 Thessaloniciens 1
00:23:01 BLOC_A_SERIE_DU_JOUR              3m29s      3m27s      -2s  ✅  1 Thessaloniciens 2
00:26:28 BLOC_A_SERIE_DU_JOUR              2m13s      2m09s      -4s  ✅  1 Thessaloniciens 3
00:28:37 BLOC_A_SERIE_DU_JOUR              3m03s      3m01s      -2s  ✅  1 Thessaloniciens 4
00:31:38 BLOC_A_SERIE_DU_JOUR              3m04s      3m02s      -2s  ✅  1 Thessaloniciens 5
00:34:40 BLOC_A_SERIE_DU_JOUR              5m09s      5m07s      -2s  ✅  Lamentations 1
00:39:47 BLOC_A_SERIE_DU_JOUR              5m15s      5m12s      -3s  ✅  Lamentations 2
00:44:59 BLOC_A_SERIE_DU_JOUR              6m02s      5m59s      -3s  ✅  Lamentations 3
00:50:58 BLOC_A_SERIE_DU_JOUR              3m56s      3m54s      -2s  ✅  Lamentations 4
00:54:52 BLOC_A_SERIE_DU_JOUR              2m20s      2m17s      -3s  ✅  Lamentations 5
00:57:09 BLOC_A_SERIE_DU_JOUR              5m01s      4m58s      -3s  ✅  Matthieu 18
01:02:07 BLOC_A_SERIE_DU_JOUR              4m34s      4m31s      -3s  ✅  Matthieu 19
01:06:38 BLOC_A_SERIE_DU_JOUR              4m24s      4m21s      -3s  ✅  Matthieu 20
01:10:59 BLOC_A_SERIE_DU_JOUR              6m50s      6m48s      -2s  ✅  Matthieu 21
01:17:47 BLOC_A_SERIE_DU_JOUR              0m13s      0m10s      -3s  ✅  jingle avant louange 07 voici un temps de louange
01:17:57 BLOC_A_SERIE_DU_JOUR              7m36s      7m34s      -2s  ✅  There Is No Lie - SWBN TV
01:25:31 BLOC_A_SERIE_DU_JOUR              6m30s      6m27s      -3s  ✅  Praise the Lord of Host - Toronto HF
01:31:58 BLOC_A_SERIE_DU_JOUR              2m57s      2m55s      -2s  ✅  You Are the Captain of the Host - Toronto HF
01:34:53 BLOC_A_SERIE_DU_JOUR              4m21s      4m19s      -2s  ✅  Sing Hallelujah - Abuja HF
01:39:12 BLOC_A_SERIE_DU_JOUR              5m13s      5m10s      -3s  ✅  Il s'appelait Emmanuel - Marcel Boungou + Paroles
01:44:22 BLOC_A_SERIE_DU_JOUR             11m53s     11m50s      -3s  ✅  Hashem - PHF
01:56:12 BLOC_A_SERIE_DU_JOUR              6m10s      6m08s      -2s  ✅  That I May Know Him - Toronto HF
02:02:20 BLOC_A_SERIE_DU_JOUR              7m19s      7m16s      -3s  ✅  You Have sworn By Your Holiness - Chidera Bisong
02:09:36 BLOC_A_SERIE_DU_JOUR              9m39s      9m36s      -3s  ✅  Psalm 93 - Port Harcourt HF
02:19:12 BLOC_A_SERIE_DU_JOUR              0m09s      0m07s      -2s  ✅  jingle avant bible 08 prenons un moment pour ecouter la parole
02:19:19 BLOC_A_SERIE_DU_JOUR              2m02s      1m59s      -3s  ✅  1 Samuel 29
02:21:18 BLOC_A_SERIE_DU_JOUR              4m57s      4m54s      -3s  ✅  1 Samuel 30
02:26:12 BLOC_A_SERIE_DU_JOUR              2m02s      2m00s      -2s  ✅  1 Samuel 31
02:28:12 BLOC_A_SERIE_DU_JOUR              2m32s      2m29s      -3s  ✅  Apocalypse 4
02:30:41 BLOC_A_SERIE_DU_JOUR              2m51s      2m49s      -2s  ✅  Apocalypse 5
02:33:30 BLOC_A_SERIE_DU_JOUR              3m33s      3m30s      -3s  ✅  Apocalypse 6
02:37:00 BLOC_A_SERIE_DU_JOUR              3m14s      3m12s      -2s  ✅  Apocalypse 7
02:40:12 BLOC_A_SERIE_DU_JOUR              2m36s      2m33s      -3s  ✅  Apocalypse 8
02:42:45 BLOC_A_SERIE_DU_JOUR              3m50s      3m48s      -2s  ✅  Apocalypse 9
02:46:33 BLOC_A_SERIE_DU_JOUR              2m14s      2m19s      +5s  ✅  Apocalypse 10
02:48:52 BLOC_A_SERIE_DU_JOUR              5m21s      5m19s      -2s  ✅  By the word of the lord - Ketu HF
02:54:11 BLOC_A_SERIE_DU_JOUR              5m04s      5m02s      -2s  ✅  Guide Me - El ELyon - Abuja HF
02:59:13 BLOC_A_SERIE_DU_JOUR              7m04s      7m01s      -3s  ✅  We Bless You Wonderful God  - Winnipeg Fellowship
03:06:14 BLOC_A_SERIE_DU_JOUR              9m43s      9m40s      -3s  ✅  Thy Throne Oh Lord - Ketu HF
03:15:54 BLOC_A_SERIE_DU_JOUR              5m19s      5m17s      -2s  ✅  Gabrielle LIDJI - Mélodie Céleste  by LFXA(Light FX Animation)_2
03:21:11 BLOC_A_SERIE_DU_JOUR              7m51s      7m48s      -3s  ✅  There is no name  - Winnipeg Fellowship
03:28:59 BLOC_A_SERIE_DU_JOUR              4m44s      4m42s      -2s  ✅  Je veux vivre ton royaume
03:33:41 BLOC_A_SERIE_DU_JOUR              3m10s      3m07s      -3s  ✅  la Parole
03:36:48 BLOC_A_SERIE_DU_JOUR              5m02s      5m00s      -2s  ✅  A Song Of Love
03:41:48 BLOC_A_SERIE_DU_JOUR              4m13s      4m11s      -2s  ✅  4 minutes
03:45:59 BLOC_A_SERIE_DU_JOUR              5m18s      5m16s      -2s  ✅  Now is Come Salvation - Toronto HF
03:51:15 BLOC_A_SERIE_DU_JOUR              0m13s      0m10s      -3s  ✅  jingle avant bible 07 place a la lecture de la bible
03:51:25 BLOC_A_SERIE_DU_JOUR              2m59s      2m57s      -2s  ✅  2 Timothée 1
03:54:22 BLOC_A_SERIE_DU_JOUR              3m52s      3m49s      -3s  ✅  2 Timothée 2
03:58:11 BLOC_A_SERIE_DU_JOUR              2m37s      2m34s      -3s  ✅  2 Timothée 3
04:00:45 BLOC_A_SERIE_DU_JOUR              3m09s      3m07s      -2s  ✅  2 Timothée 4
04:03:52 BLOC_A_SERIE_DU_JOUR              7m40s      7m37s      -3s  ✅  Deutéronome 1
04:11:29 BLOC_A_SERIE_DU_JOUR              5m55s      5m53s      -2s  ✅  Deutéronome 2
04:17:22 BLOC_A_SERIE_DU_JOUR              5m07s      5m04s      -3s  ✅  Deutéronome 3
04:22:26 BLOC_A_SERIE_DU_JOUR              9m03s      9m00s      -3s  ✅  Deutéronome 4
04:31:26 BLOC_A_SERIE_DU_JOUR              5m33s      5m31s      -2s  ✅  Deutéronome 5
04:36:57 BLOC_A_SERIE_DU_JOUR              0m10s      0m07s      -3s  ✅  jingle avant louange 06 que la louange seleve
04:37:04 BLOC_A_SERIE_DU_JOUR              4m04s      4m02s      -2s  ✅  Ascribe Greatness - PHF
04:41:06 BLOC_A_SERIE_DU_JOUR              7m37s      7m34s      -3s  ✅  Cantiques  Il a pris mes iniquités
04:48:40 BLOC_A_SERIE_DU_JOUR              9m24s      9m21s      -3s  ✅  I See Your Face - Toronto HF
04:58:01 BLOC_A_SERIE_DU_JOUR              6m06s      6m04s      -2s  ✅  Good God - Asaba Fellowship
05:04:05 BLOC_A_SERIE_DU_JOUR              4m03s      4m00s      -3s  ✅  I Will Not Be Silent - Calabar HF
05:08:05 BLOC_A_SERIE_DU_JOUR              4m18s      4m16s      -2s  ✅  You Are Worthy - Ketu HF
05:12:21 BLOC_A_SERIE_DU_JOUR              6m06s      6m04s      -2s  ✅  cantique  ta bonte
05:18:25 BLOC_A_SERIE_DU_JOUR              5m45s      5m43s      -2s  ✅  How Precious Oh Lord
05:24:08 BLOC_A_SERIE_DU_JOUR              7m09s      7m06s      -3s  ✅  My God Is Good - Winnipeg Fellowship
05:31:14 BLOC_A_SERIE_DU_JOUR              8m21s      8m19s      -2s  ✅  My Heart Rejoices - Toronto HF
05:39:33 BLOC_A_SERIE_DU_JOUR              0m09s      0m09s      +0s  ✅  jingle id station 01 la bonne nouvelle partout
05:39:42 BLOC_A_SERIE_DU_JOUR              2m16s      2m14s      -2s  ✅  Hébreux 1
05:41:56 BLOC_A_SERIE_DU_JOUR              3m13s      3m10s      -3s  ✅  Hébreux 2
05:45:06 BLOC_A_SERIE_DU_JOUR              2m48s      2m46s      -2s  ✅  Hébreux 3
05:47:52 BLOC_A_SERIE_DU_JOUR              2m45s      2m42s      -3s  ✅  Hébreux 4
05:50:34 BLOC_A_SERIE_DU_JOUR              2m17s      2m14s      -3s  ✅  Hébreux 5
05:52:48 BLOC_A_SERIE_DU_JOUR              3m05s      3m03s      -2s  ✅  Hébreux 6
05:55:51 BLOC_A_SERIE_DU_JOUR              4m52s      4m49s      -3s  ✅  Hébreux 7
06:00:40 BLOC_B_SERIE_DU_JOUR              0m10s      0m10s      +0s  ✅  jingle avant message 01 voici le message du jour
06:00:50 BLOC_B_SERIE_DU_JOUR             12m52s     12m50s      -2s  ✅  wa0002 1
06:13:40 BLOC_B_SERIE_DU_JOUR              0m13s      0m10s      -3s  ✅  jingle avant bible 07 place a la lecture de la bible
06:13:50 BLOC_B_SERIE_DU_JOUR              6m13s      6m11s      -2s  ✅  1 Chroniques 4
06:20:01 BLOC_B_SERIE_DU_JOUR              4m25s      4m22s      -3s  ✅  1 Chroniques 5
06:24:23 BLOC_B_SERIE_DU_JOUR              8m29s      8m27s      -2s  ✅  1 Chroniques 6
06:32:50 BLOC_B_SERIE_DU_JOUR              5m47s      5m44s      -3s  ✅  1 Chroniques 7
06:38:34 BLOC_B_SERIE_DU_JOUR              3m52s      3m49s      -3s  ✅  1 Chroniques 8
06:42:23 BLOC_B_SERIE_DU_JOUR              5m51s      5m49s      -2s  ✅  1 Chroniques 9
06:48:12 BLOC_B_SERIE_DU_JOUR              2m08s      2m05s      -3s  ✅  1 Chroniques 10
06:50:17 BLOC_B_SERIE_DU_JOUR              6m16s      6m13s      -3s  ✅  1 Chroniques 11
06:56:30 BLOC_B_SERIE_DU_JOUR              6m11s      6m08s      -3s  ✅  1 Chroniques 12
07:02:38 BLOC_B_SERIE_DU_JOUR              2m13s      2m11s      -2s  ✅  1 Chroniques 13
07:04:49 BLOC_B_SERIE_DU_JOUR              2m15s      2m12s      -3s  ✅  1 Chroniques 14
07:07:01 BLOC_B_SERIE_DU_JOUR              4m28s      4m34s      +6s  ✅  1 Chroniques 15
07:11:35 BLOC_B_SERIE_DU_JOUR              5m15s      5m12s      -3s  ✅  Yahweh Be Praised - Abuja HF
07:16:47 BLOC_B_SERIE_DU_JOUR              6m02s      6m00s      -2s  ✅  Crown Him Lord of Lords - Nonso Njoku
07:22:47 BLOC_B_SERIE_DU_JOUR              6m34s      6m31s      -3s  ✅  cantique  béni soit le dieu d israël
07:29:18 BLOC_B_SERIE_DU_JOUR             10m25s     10m23s      -2s  ✅  Holy Are You - PHF
07:39:41 BLOC_B_SERIE_DU_JOUR              6m35s      6m33s      -2s  ✅  cantique   ta lumière
07:46:14 BLOC_B_SERIE_DU_JOUR              7m21s      7m18s      -3s  ✅  For By My God - Toronto & Winnipeg HF
07:53:32 BLOC_B_SERIE_DU_JOUR              5m10s      5m07s      -3s  ✅  Igwe
07:58:39 BLOC_B_SERIE_DU_JOUR              8m30s      8m29s      -1s  ✅  We Worship Adonai - PHF
08:07:08 BLOC_B_SERIE_DU_JOUR              6m12s      6m09s      -3s  ✅  The King is Here (Abasiama Timothy)
08:13:17 BLOC_B_SERIE_DU_JOUR              0m10s      0m08s      -2s  ✅  jingle avant bible 06 ouvrons les saintes ecritures
08:13:25 BLOC_B_SERIE_DU_JOUR              4m02s      3m59s      -3s  ✅  Esther 1
08:17:24 BLOC_B_SERIE_DU_JOUR              4m44s      4m41s      -3s  ✅  Esther 2
08:22:05 BLOC_B_SERIE_DU_JOUR              3m17s      3m14s      -3s  ✅  Esther 3
08:25:19 BLOC_B_SERIE_DU_JOUR              2m55s      2m53s      -2s  ✅  Esther 4
08:28:12 BLOC_B_SERIE_DU_JOUR              2m46s      2m43s      -3s  ✅  Esther 5
08:30:55 BLOC_B_SERIE_DU_JOUR              2m44s      2m41s      -3s  ✅  Esther 6
08:33:36 BLOC_B_SERIE_DU_JOUR              2m17s      2m15s      -2s  ✅  Esther 7
08:35:51 BLOC_B_SERIE_DU_JOUR              3m44s      3m41s      -3s  ✅  Esther 8
08:39:32 BLOC_B_SERIE_DU_JOUR              5m31s      5m29s      -2s  ✅  Esther 9
08:45:01 BLOC_B_SERIE_DU_JOUR              0m13s      0m10s      -3s  ✅  jingle avant louange 07 voici un temps de louange
08:45:11 BLOC_B_SERIE_DU_JOUR              6m54s      6m51s      -3s  ✅  There is no Lie (Imah Adegoke & Mary Umoh)
08:52:02 BLOC_B_SERIE_DU_JOUR              5m22s      5m20s      -2s  ✅  God's Got An Army - PHF
08:57:22 BLOC_B_SERIE_DU_JOUR              5m52s      5m49s      -3s  ✅  Where Two or Three are Gathered - Calabar HF
09:03:11 BLOC_B_SERIE_DU_JOUR              3m41s      3m39s      -2s  ✅  Adorons l'Éternel GAEL - JÉSUS EST SEIGNEUR -
09:06:50 BLOC_B_SERIE_DU_JOUR             10m38s     10m36s      -2s  ✅  Be Exalted - PHF
09:17:26 BLOC_B_SERIE_DU_JOUR              6m57s      6m54s      -3s  ✅  The Lord on High is Mightier - Toronto HF
09:24:20 BLOC_B_SERIE_DU_JOUR              8m18s      8m16s      -2s  ✅  Yahweh Is Mighty - SWBN TV
09:32:36 BLOC_B_SERIE_DU_JOUR              7m18s      7m15s      -3s  ✅  Holy is the Lord (Emmanuel Umoh)
09:39:51 BLOC_B_SERIE_DU_JOUR              8m21s      8m19s      -2s  ✅  In the Day of Your Power  - Winnipeg Fellowship
09:48:10 BLOC_B_SERIE_DU_JOUR              0m09s      0m06s      -3s  ✅  jingle avant bible 08 prenons un moment pour ecouter la parole
09:48:16 BLOC_B_SERIE_DU_JOUR              2m12s      2m10s      -2s  ✅  2 Thessaloniciens 1
09:50:26 BLOC_B_SERIE_DU_JOUR              2m47s      2m44s      -3s  ✅  2 Thessaloniciens 2
09:53:10 BLOC_B_SERIE_DU_JOUR              2m35s      2m33s      -2s  ✅  2 Thessaloniciens 3
09:55:43 BLOC_B_SERIE_DU_JOUR              4m27s      4m25s      -2s  ✅  Jude 1
10:00:08 BLOC_B_SERIE_DU_JOUR              3m36s      3m32s      -4s  ✅  Daniel 1
10:03:40 BLOC_B_SERIE_DU_JOUR              9m09s      9m06s      -3s  ✅  Daniel 2
10:12:46 BLOC_B_SERIE_DU_JOUR              6m24s      6m22s      -2s  ✅  Daniel 3
10:19:08 BLOC_B_SERIE_DU_JOUR              7m32s      7m30s      -2s  ✅  Daniel 4
10:26:38 BLOC_B_SERIE_DU_JOUR              6m09s      6m06s      -3s  ✅  Daniel 5
10:32:44 BLOC_B_SERIE_DU_JOUR              0m11s      0m08s      -3s  ✅  jingle avant louange 05 elevons nos coeurs vers dieu
10:32:52 BLOC_B_SERIE_DU_JOUR              7m25s      7m23s      -2s  ✅  Victorious Is the Lamb - Winnipeg Fellowship
10:40:15 BLOC_B_SERIE_DU_JOUR              7m57s      7m55s      -2s  ✅  Yahweh is Mighty (Imah Adegoke)
10:48:10 BLOC_B_SERIE_DU_JOUR              6m41s      6m38s      -3s  ✅  6 minutes
10:54:48 BLOC_B_SERIE_DU_JOUR             10m24s     10m22s      -2s  ✅  Shine in Darkness O Lord  - Winnipeg Fellowship
11:05:10 BLOC_B_SERIE_DU_JOUR              5m21s      5m18s      -3s  ✅  We Shall Not Fear - Nonso Njoku
11:10:28 BLOC_B_SERIE_DU_JOUR              5m04s      5m02s      -2s  ✅  I Enter The Holy of Holies - Port Harcourt HF
11:15:30 BLOC_B_SERIE_DU_JOUR              4m52s      4m50s      -2s  ✅  God is Moving Us On - Ketu HF
11:20:20 BLOC_B_SERIE_DU_JOUR              5m28s      5m25s      -3s  ✅  même humilié
11:25:45 BLOC_B_SERIE_DU_JOUR              6m19s      6m17s      -2s  ✅  Unto Him - CHF
11:32:02 BLOC_B_SERIE_DU_JOUR              0m09s      0m09s      +0s  ✅  jingle id station 01 la bonne nouvelle partout
11:32:11 BLOC_B_SERIE_DU_JOUR              3m00s      2m58s      -2s  ✅  Jonas 1
11:35:09 BLOC_B_SERIE_DU_JOUR              1m22s      1m19s      -3s  ✅  Jonas 2
11:36:28 BLOC_B_SERIE_DU_JOUR              1m36s      1m34s      -2s  ✅  Jonas 3
11:38:02 BLOC_B_SERIE_DU_JOUR              1m57s      1m54s      -3s  ✅  Jonas 4
11:39:56 BLOC_B_SERIE_DU_JOUR              2m56s      2m54s      -2s  ✅  Sophonie 1
11:42:50 BLOC_B_SERIE_DU_JOUR              2m46s      2m44s      -2s  ✅  Sophonie 2
11:45:34 BLOC_B_SERIE_DU_JOUR              3m46s      3m43s      -3s  ✅  Sophonie 3
11:49:17 BLOC_B_SERIE_DU_JOUR              2m21s      2m19s      -2s  ✅  Nahum 1
11:51:36 BLOC_B_SERIE_DU_JOUR              0m09s      0m09s      +0s  ✅  JINGLE
11:51:45 BLOC_B_SERIE_DU_JOUR              9m23s      9m28s      +5s  ✅  10 minutes
12:01:13 BLOC_C_SERIE_DU_JOUR             12m52s     12m49s      -3s  ✅  wa0002 1
12:14:02 BLOC_C_SERIE_DU_JOUR              0m10s      0m08s      -2s  ✅  jingle avant bible 06 ouvrons les saintes ecritures
12:14:10 BLOC_C_SERIE_DU_JOUR              2m25s      2m22s      -3s  ✅  2 Corinthiens 13
12:16:32 BLOC_C_SERIE_DU_JOUR              5m11s      5m08s      -3s  ✅  Jérémie 5
12:21:40 BLOC_C_SERIE_DU_JOUR              5m03s      5m01s      -2s  ✅  Jérémie 6
12:26:41 BLOC_C_SERIE_DU_JOUR              5m42s      5m39s      -3s  ✅  Jérémie 7
12:32:20 BLOC_C_SERIE_DU_JOUR              3m58s      3m56s      -2s  ✅  Jérémie 8
12:36:16 BLOC_C_SERIE_DU_JOUR              4m37s      4m34s      -3s  ✅  Jérémie 9
12:40:50 BLOC_C_SERIE_DU_JOUR              3m54s      3m52s      -2s  ✅  Jérémie 10
12:44:42 BLOC_C_SERIE_DU_JOUR              4m11s      4m09s      -2s  ✅  Jérémie 11
12:48:51 BLOC_C_SERIE_DU_JOUR              3m15s      3m13s      -2s  ✅  Jérémie 12
12:52:04 BLOC_C_SERIE_DU_JOUR              4m35s      4m33s      -2s  ✅  Jérémie 13
12:56:37 BLOC_C_SERIE_DU_JOUR              4m22s      4m20s      -2s  ✅  Jérémie 14
13:00:57 BLOC_C_SERIE_DU_JOUR              4m05s      4m02s      -3s  ✅  Jérémie 15
13:04:59 BLOC_C_SERIE_DU_JOUR              4m07s      4m05s      -2s  ✅  Jérémie 16
13:09:04 BLOC_C_SERIE_DU_JOUR              4m58s      4m55s      -3s  ✅  Jérémie 17
13:13:59 BLOC_C_SERIE_DU_JOUR              0m10s      0m08s      -2s  ✅  jingle avant louange 06 que la louange seleve
13:14:07 BLOC_C_SERIE_DU_JOUR              7m09s      7m06s      -3s  ✅  There is A Mighty River Flowing - Ketu HF
13:21:13 BLOC_C_SERIE_DU_JOUR              5m57s      5m54s      -3s  ✅  You are God - Winnipeg Fellowship
13:27:07 BLOC_C_SERIE_DU_JOUR              3m04s      3m03s      -1s  ✅  The Lord is my Light and Salvation - Nonso Njoku
13:30:10 BLOC_C_SERIE_DU_JOUR              4m11s      4m06s      -5s  ✅  jai donné ma vie à jésus (1)
13:34:16 BLOC_C_SERIE_DU_JOUR              8m24s      8m22s      -2s  ✅  Bless Ye the Lord - PHF
13:42:38 BLOC_C_SERIE_DU_JOUR              3m24s      3m21s      -3s  ✅  Cantique sa miséricorde
13:45:59 BLOC_C_SERIE_DU_JOUR              4m33s      4m31s      -2s  ✅  God is Building - Will You Be - Ketu HF
13:50:30 BLOC_C_SERIE_DU_JOUR              4m40s      4m38s      -2s  ✅  All in All - CHF
13:55:08 BLOC_C_SERIE_DU_JOUR             10m13s     10m09s      -4s  ✅  As We Worship - Toronto & Winnipeg HF
14:05:17 BLOC_C_SERIE_DU_JOUR              6m15s      6m12s      -3s  ✅  Oh Lord I Want to Know Your Glory - Port Harcourt HF
14:11:29 BLOC_C_SERIE_DU_JOUR             10m47s     10m45s      -2s  ✅  Abba, Singing a, I Will Sing - Ketu HF
14:22:14 BLOC_C_SERIE_DU_JOUR              0m13s      0m10s      -3s  ✅  jingle avant bible 07 place a la lecture de la bible
14:22:24 BLOC_C_SERIE_DU_JOUR              3m11s      3m09s      -2s  ✅  Habacuc 3
14:25:33 BLOC_C_SERIE_DU_JOUR              3m16s      3m13s      -3s  ✅  1 Timothée 1
14:28:46 BLOC_C_SERIE_DU_JOUR              2m10s      2m07s      -3s  ✅  1 Timothée 2
14:30:53 BLOC_C_SERIE_DU_JOUR              2m24s      2m22s      -2s  ✅  1 Timothée 3
14:33:15 BLOC_C_SERIE_DU_JOUR              2m29s      2m27s      -2s  ✅  1 Timothée 4
14:35:42 BLOC_C_SERIE_DU_JOUR              3m45s      3m42s      -3s  ✅  1 Timothée 5
14:39:24 BLOC_C_SERIE_DU_JOUR              3m53s      3m50s      -3s  ✅  1 Timothée 6
14:43:14 BLOC_C_SERIE_DU_JOUR              4m27s      4m24s      -3s  ✅  Jean 20
14:47:38 BLOC_C_SERIE_DU_JOUR              4m04s      4m02s      -2s  ✅  Jean 21
14:51:40 BLOC_C_SERIE_DU_JOUR              0m11s      0m08s      -3s  ✅  jingle avant louange 05 elevons nos coeurs vers dieu
14:51:48 BLOC_C_SERIE_DU_JOUR              9m23s      9m21s      -2s  ✅  Thou art Worthy Lord - PHF
15:01:09 BLOC_C_SERIE_DU_JOUR              8m31s      8m28s      -3s  ✅  Holy Holy - Abuja HF
15:09:37 BLOC_C_SERIE_DU_JOUR              4m05s      4m03s      -2s  ✅  Song Of Victory - Emmanuel Igunbor
15:13:40 BLOC_C_SERIE_DU_JOUR             11m54s     11m52s      -2s  ✅  Great & Marvelluos - Toronto HF
15:25:32 BLOC_C_SERIE_DU_JOUR              5m47s      5m45s      -2s  ✅  We Ascribe Greatness - Abuja HF
15:31:17 BLOC_C_SERIE_DU_JOUR              7m46s      7m43s      -3s  ✅  Arise Out of Zion  - Winnipeg Fellowship
15:39:00 BLOC_C_SERIE_DU_JOUR              4m52s      4m50s      -2s  ✅  cantique   prends tout le contrôle
15:43:50 BLOC_C_SERIE_DU_JOUR              6m56s      7m00s      +4s  ✅  As We Worship In Ypur Presence
15:50:50 BLOC_C_SERIE_DU_JOUR              2m21s      2m19s      -2s  ✅  Ecclésiaste 1
15:53:09 BLOC_C_SERIE_DU_JOUR              4m17s      4m15s      -2s  ✅  Ecclésiaste 2
15:57:24 BLOC_C_SERIE_DU_JOUR              2m50s      2m48s      -2s  ✅  Ecclésiaste 3
16:00:12 BLOC_C_SERIE_DU_JOUR              2m23s      2m20s      -3s  ✅  Ecclésiaste 4
16:02:32 BLOC_C_SERIE_DU_JOUR              3m17s      3m14s      -3s  ✅  Ecclésiaste 5
16:05:46 BLOC_C_SERIE_DU_JOUR              1m50s      1m47s      -3s  ✅  Ecclésiaste 6
16:07:33 BLOC_C_SERIE_DU_JOUR              3m44s      3m42s      -2s  ✅  Ecclésiaste 7
16:11:15 BLOC_C_SERIE_DU_JOUR              2m51s      2m49s      -2s  ✅  Ecclésiaste 8
16:14:04 BLOC_C_SERIE_DU_JOUR              3m14s      3m11s      -3s  ✅  Ecclésiaste 9
16:17:15 BLOC_C_SERIE_DU_JOUR              2m29s      2m27s      -2s  ✅  Ecclésiaste 10
16:19:42 BLOC_C_SERIE_DU_JOUR              1m34s      1m32s      -2s  ✅  Ecclésiaste 11
16:21:14 BLOC_C_SERIE_DU_JOUR              2m16s      2m13s      -3s  ✅  Ecclésiaste 12
16:23:27 BLOC_C_SERIE_DU_JOUR              3m12s      3m10s      -2s  ✅  Job 9
16:26:37 BLOC_C_SERIE_DU_JOUR              2m20s      2m17s      -3s  ✅  Job 10
16:28:54 BLOC_C_SERIE_DU_JOUR              1m57s      1m55s      -2s  ✅  Job 11
16:30:49 BLOC_C_SERIE_DU_JOUR              2m35s      2m33s      -2s  ✅  Job 12
16:33:22 BLOC_C_SERIE_DU_JOUR              2m37s      2m35s      -2s  ✅  Job 13
16:35:57 BLOC_C_SERIE_DU_JOUR              0m13s      0m10s      -3s  ✅  jingle avant louange 07 voici un temps de louange
16:36:07 BLOC_C_SERIE_DU_JOUR              6m28s      6m25s      -3s  ✅  Le Bien-Etre Universel
16:42:32 BLOC_C_SERIE_DU_JOUR              4m08s      4m05s      -3s  ✅  I Choose the Way of the Lord - Abuja HF
16:46:37 BLOC_C_SERIE_DU_JOUR              5m50s      5m48s      -2s  ✅  Jesus I'm Waiting for You (Mary Umoh)
16:52:25 BLOC_C_SERIE_DU_JOUR              8m22s      8m19s      -3s  ✅  Yeshua Hamashiach - Calabar HF
17:00:44 BLOC_C_SERIE_DU_JOUR              5m43s      5m41s      -2s  ✅  Cantique l Éternel est mon Berger (1)
17:06:25 BLOC_C_SERIE_DU_JOUR              6m09s      6m07s      -2s  ✅  Hymne des vainqueurs
17:12:32 BLOC_C_SERIE_DU_JOUR              5m08s      5m06s      -2s  ✅  He Has Given Me - PHF
17:17:38 BLOC_C_SERIE_DU_JOUR              6m07s      6m04s      -3s  ✅  There Is Forgiveness In Thee - SWBN TV
17:23:42 BLOC_C_SERIE_DU_JOUR              3m12s      3m10s      -2s  ✅  esprit de dieu
17:26:52 BLOC_C_SERIE_DU_JOUR              8m58s      8m55s      -3s  ✅  El Elyon - Toronto & Winnipeg HF
17:35:47 BLOC_C_SERIE_DU_JOUR              0m09s      0m10s      +1s  ✅  JINGLE
17:35:57 BLOC_C_SERIE_DU_JOUR              1m46s      1m43s      -3s  ✅  Zacharie 3
17:37:40 BLOC_C_SERIE_DU_JOUR              2m06s      2m04s      -2s  ✅  Zacharie 4
17:39:44 BLOC_C_SERIE_DU_JOUR              1m38s      1m36s      -2s  ✅  Zacharie 5
17:41:20 BLOC_C_SERIE_DU_JOUR              2m22s      2m19s      -3s  ✅  Zacharie 6
17:43:39 BLOC_C_SERIE_DU_JOUR              2m07s      2m05s      -2s  ✅  Zacharie 7
17:45:44 BLOC_C_SERIE_DU_JOUR              3m51s      3m48s      -3s  ✅  Zacharie 8
17:49:32 BLOC_C_SERIE_DU_JOUR              3m12s      3m09s      -3s  ✅  Zacharie 9
17:52:41 BLOC_C_SERIE_DU_JOUR              2m13s      2m11s      -2s  ✅  Zacharie 10
17:54:52 BLOC_C_SERIE_DU_JOUR              2m53s      2m51s      -2s  ✅  Zacharie 11
17:57:43 BLOC_C_SERIE_DU_JOUR              0m09s      0m09s      +0s  ✅  JINGLE
17:57:52 BLOC_C_SERIE_DU_JOUR              9m31s      9m29s      -2s  ✅  15 at 01.33.50 (1)(1)
18:07:21 BLOC_D_SERIE_DU_JOUR              0m10s      0m10s      +0s  ✅  jingle avant message 01 voici le message du jour
18:07:31 BLOC_D_SERIE_DU_JOUR             12m52s     12m50s      -2s  ✅  wa0002 1
18:20:21 BLOC_D_SERIE_DU_JOUR              0m13s      0m10s      -3s  ✅  jingle avant bible 07 place a la lecture de la bible
18:20:31 BLOC_D_SERIE_DU_JOUR              3m23s      3m21s      -2s  ✅  Néhémie 6
18:23:52 BLOC_D_SERIE_DU_JOUR              6m49s      6m47s      -2s  ✅  Néhémie 7
18:30:39 BLOC_D_SERIE_DU_JOUR              3m59s      3m56s      -3s  ✅  Néhémie 8
18:34:35 BLOC_D_SERIE_DU_JOUR              7m47s      7m44s      -3s  ✅  Néhémie 9
18:42:19 BLOC_D_SERIE_DU_JOUR              4m36s      4m34s      -2s  ✅  Néhémie 10
18:46:53 BLOC_D_SERIE_DU_JOUR              4m55s      4m52s      -3s  ✅  Néhémie 11
18:51:45 BLOC_D_SERIE_DU_JOUR              6m29s      6m27s      -2s  ✅  Néhémie 12
18:58:12 BLOC_D_SERIE_DU_JOUR              5m20s      5m17s      -3s  ✅  Néhémie 13
19:03:29 BLOC_D_SERIE_DU_JOUR              4m33s      4m30s      -3s  ✅  1 Pierre 1
19:07:59 BLOC_D_SERIE_DU_JOUR              4m17s      4m14s      -3s  ✅  1 Pierre 2
19:12:13 BLOC_D_SERIE_DU_JOUR              3m50s      3m47s      -3s  ✅  1 Pierre 3
19:16:00 BLOC_D_SERIE_DU_JOUR              0m10s      0m09s      -1s  ✅  jingle avant louange 06 que la louange seleve
19:16:09 BLOC_D_SERIE_DU_JOUR              6m12s      6m09s      -3s  ✅  Praise the Lord All Ye Nations - Toronto HF
19:22:18 BLOC_D_SERIE_DU_JOUR              4m20s      4m17s      -3s  ✅  There's A Mighty River Flowing - SWBN TV
19:26:35 BLOC_D_SERIE_DU_JOUR              3m22s      3m20s      -2s  ✅  Ses cheveux étaient blancs..
19:29:55 BLOC_D_SERIE_DU_JOUR             10m35s     10m32s      -3s  ✅  Baruch Ha'ba B'Shem Adonai/Blessed Is He Who Comes in the Name of the Lord - Port Harcourt HF
19:40:27 BLOC_D_SERIE_DU_JOUR              7m09s      7m07s      -2s  ✅  You're the Lamb (Abasiama Timothy)
19:47:34 BLOC_D_SERIE_DU_JOUR              6m59s      6m57s      -2s  ✅  Hosanna - Toronto HF
19:54:31 BLOC_D_SERIE_DU_JOUR             11m01s     10m58s      -3s  ✅  Great is, Ascribe - Ketu HF
20:05:29 BLOC_D_SERIE_DU_JOUR              6m57s      6m54s      -3s  ✅  qui est digne d ouvrir le livre
20:12:23 BLOC_D_SERIE_DU_JOUR              0m09s      0m07s      -2s  ✅  jingle avant bible 08 prenons un moment pour ecouter la parole
20:12:30 BLOC_D_SERIE_DU_JOUR              2m43s      2m41s      -2s  ✅  Tite 1
20:15:11 BLOC_D_SERIE_DU_JOUR              2m10s      2m07s      -3s  ✅  Tite 2
20:17:18 BLOC_D_SERIE_DU_JOUR              2m22s      2m19s      -3s  ✅  Tite 3
20:19:37 BLOC_D_SERIE_DU_JOUR              2m40s      2m38s      -2s  ✅  Amos 1
20:22:15 BLOC_D_SERIE_DU_JOUR              2m30s      2m28s      -2s  ✅  Amos 2
20:24:43 BLOC_D_SERIE_DU_JOUR              2m19s      2m16s      -3s  ✅  Amos 3
20:26:59 BLOC_D_SERIE_DU_JOUR              2m44s      2m42s      -2s  ✅  Amos 4
20:29:41 BLOC_D_SERIE_DU_JOUR              4m01s      3m58s      -3s  ✅  Amos 5
20:33:39 BLOC_D_SERIE_DU_JOUR              2m22s      2m19s      -3s  ✅  Amos 6
20:35:58 BLOC_D_SERIE_DU_JOUR              3m05s      3m03s      -2s  ✅  Amos 7
20:39:01 BLOC_D_SERIE_DU_JOUR              0m13s      0m11s      -2s  ✅  jingle avant louange 07 voici un temps de louange
20:39:12 BLOC_D_SERIE_DU_JOUR              4m19s      4m15s      -4s  ✅  I Know The Blood - PHF
20:43:27 BLOC_D_SERIE_DU_JOUR              8m41s      8m39s      -2s  ✅  Unto Him (Vincent Opara)
20:52:06 BLOC_D_SERIE_DU_JOUR              5m10s      5m07s      -3s  ✅  I Will Call Upon The Lord
20:57:13 BLOC_D_SERIE_DU_JOUR              8m25s      8m22s      -3s  ✅  The Mountains, Come and, Oh City - Ketu HF
21:05:35 BLOC_D_SERIE_DU_JOUR              4m53s      4m51s      -2s  ✅  Cantique Jahweh, Tu es élevé au dessus de tout (1)
21:10:26 BLOC_D_SERIE_DU_JOUR              6m13s      6m10s      -3s  ✅  Immortal God - Elohim Adonai - Abuja HF
21:16:36 BLOC_D_SERIE_DU_JOUR              4m14s      4m12s      -2s  ✅  Mon modèle, c est Jésus
21:20:48 BLOC_D_SERIE_DU_JOUR              5m33s      5m30s      -3s  ✅  He Shall Feed His Flock - I Want to walk  - Ketu HF
21:26:18 BLOC_D_SERIE_DU_JOUR              9m04s      9m01s      -3s  ✅  You're the Lamb - Calabar HF
21:35:19 BLOC_D_SERIE_DU_JOUR              0m10s      0m08s      -2s  ✅  jingle avant bible 06 ouvrons les saintes ecritures
21:35:27 BLOC_D_SERIE_DU_JOUR              2m07s      2m04s      -3s  ✅  2 Jean 1
21:37:31 BLOC_D_SERIE_DU_JOUR              1m55s      1m53s      -2s  ✅  Esdras 1
21:39:24 BLOC_D_SERIE_DU_JOUR              6m11s      6m08s      -3s  ✅  Esdras 2
21:45:32 BLOC_D_SERIE_DU_JOUR              2m56s      2m53s      -3s  ✅  Esdras 3
21:48:25 BLOC_D_SERIE_DU_JOUR              4m24s      4m22s      -2s  ✅  Esdras 4
21:52:47 BLOC_D_SERIE_DU_JOUR              3m08s      3m05s      -3s  ✅  Esdras 5
21:55:52 BLOC_D_SERIE_DU_JOUR              4m12s      4m10s      -2s  ✅  Esdras 6
22:00:02 BLOC_D_SERIE_DU_JOUR              4m34s      4m31s      -3s  ✅  Esdras 7
22:04:33 BLOC_D_SERIE_DU_JOUR              5m42s      5m41s      -1s  ✅  Esdras 8
22:10:14 BLOC_D_SERIE_DU_JOUR              3m34s      3m31s      -3s  ✅  Esdras 9
22:13:45 BLOC_D_SERIE_DU_JOUR              6m21s      6m18s      -3s  ✅  Esdras 10
22:20:03 BLOC_D_SERIE_DU_JOUR              0m11s      0m10s      -1s  ✅  jingle avant louange 05 elevons nos coeurs vers dieu
22:20:13 BLOC_D_SERIE_DU_JOUR              9m14s      9m11s      -3s  ✅  A jamais, tu seras l Agneau de Dieu
22:29:24 BLOC_D_SERIE_DU_JOUR              7m20s      7m17s      -3s  ✅  The Glory -  PHF
22:36:41 BLOC_D_SERIE_DU_JOUR              5m52s      5m50s      -2s  ✅  Not Naked (Abasiama Timothy)
22:42:31 BLOC_D_SERIE_DU_JOUR              7m29s      7m27s      -2s  ✅  Hallelujah - PHF
22:49:58 BLOC_D_SERIE_DU_JOUR              5m45s      5m42s      -3s  ✅  Ella Samuels - Oh Lord Our Maker
22:55:40 BLOC_D_SERIE_DU_JOUR              6m02s      6m00s      -2s  ✅  Rejoice - PHF
23:01:40 BLOC_D_SERIE_DU_JOUR              8m37s      8m35s      -2s  ✅  He Has Given Me & Emmanuel You Joy Over Us (Medley) (Abasiama Timothy & Imah Adegoke)
23:10:15 BLOC_D_SERIE_DU_JOUR              4m11s      4m08s      -3s  ✅  Cantique   Oh Éternel Dieu, Tu es le Dieu Incomparable
23:14:23 BLOC_D_SERIE_DU_JOUR              0m09s      0m10s      +1s  ✅  jingle id station 02 radio evangile du royaume
23:14:33 BLOC_D_SERIE_DU_JOUR              2m43s      2m40s      -3s  ✅  Aggée 1
23:17:13 BLOC_D_SERIE_DU_JOUR              3m58s      3m56s      -2s  ✅  Aggée 2
23:21:09 BLOC_D_SERIE_DU_JOUR              2m47s      2m44s      -3s  ✅  Lévitique 1
23:23:53 BLOC_D_SERIE_DU_JOUR              2m33s      2m30s      -3s  ✅  Lévitique 2
23:26:23 BLOC_D_SERIE_DU_JOUR              2m41s      2m39s      -2s  ✅  Lévitique 3
23:29:02 BLOC_D_SERIE_DU_JOUR              6m13s      6m11s      -2s  ✅  Lévitique 4
23:35:13 BLOC_E_LOUANGE_NUIT              11m01s     10m57s      -4s  ✅  Great is, Ascribe - Ketu HF
23:46:10 BLOC_E_LOUANGE_NUIT               4m53s      4m50s      -3s  ✅  Cantique Jahweh, Tu es élevé au dessus de tout (1)
23:51:00 BLOC_E_LOUANGE_NUIT               6m30s      6m28s      -2s  ✅  Praise the Lord of Host - Toronto HF
23:57:28 BLOC_E_LOUANGE_NUIT               5m13s      4m04s     -69s  ❌ COUPÉ  Il s'appelait Emmanuel - Marcel Boungou + Paroles
----------------------------------------------------------------------------------------------------
Bilan : 318 titres, 1 anomalie(s) (titre coupé de plus de 10s ou trou d'antenne). Gravité : 0 mineure(s) <1min · 1 sérieuse(s) 1-10min · 0 critique(s) >10min.

====================================================================================================
CONTRÔLES APPROFONDIS
====================================================================================================
MESSAGE DU JOUR « wa0002 1 » : 4 diffusion(s) pour 4 prévue(s) ✅
   00:05:20  (étiquette BLOC_A_SERIE_DU_JOUR)
   06:00:50  (étiquette BLOC_B_SERIE_DU_JOUR)
   12:01:13  (étiquette BLOC_C_SERIE_DU_JOUR)
   18:07:31  (étiquette BLOC_D_SERIE_DU_JOUR)
JINGLES : 30 joués / 36 prévus (83%) ⚠️   ·   BLOC_A 7/9 · BLOC_B 8/9 · BLOC_C 7/9 · BLOC_D 8/9
HORS FENÊTRE : aucun débordement de bloc détecté ✅
BOUCHE-TROUS : 1 titre(s) hors plan sans playlist ⚠️
   00:01:32  ?  (3m42s)
COUVERTURE : premier titre à 00:01:32 ✅ · dernier titre finit vers 00:02:41 (estimé) ✅

====================================================================================================
RÉEL vs PRÉVU — ce qui a joué vs ce que le plan prévoyait
====================================================================================================
----------------------------------------------------------------------------------------------------
BLOC_A  (00:00-06:00)  prévus  85 · atteignables  80 · joués  80 · conformité  99% · sautés  1 · en trop  1
   ⏭️  PRÉVU NON JOUÉ : jingle avant louange 05 elevons nos coeurs vers dieu
   ➕  JOUÉ NON PRÉVU : ?
   ⏸️  FIN DE BLOC NON ATTEINTE (5 titres · ~26m21s) — marge anti-rebouclage au-delà de la fenêtre, normal : JINGLE · cantique  heureux l homme qui ne marche pas selon · Agunechemba - SWBN TV · Holy are You oh Lord (Olaedo Uzoma & Vincent Opara) · Sing Unto the Lord a new Song  - Winnipeg Fellowship
----------------------------------------------------------------------------------------------------
BLOC_B  (06:00-12:00)  prévus  79 · atteignables  76 · joués  75 · conformité  99% · sautés  1 · en trop  0
   ⏭️  PRÉVU NON JOUÉ : jingle avant louange 06 que la louange seleve
   ⏸️  FIN DE BLOC NON ATTEINTE (3 titres · ~19m17s) — marge anti-rebouclage au-delà de la fenêtre, normal : cantique  tes promesses  pub direct dec 2021 import (2) · In Jesus - PHF · Satisfy My Soul - Calabar HF
----------------------------------------------------------------------------------------------------
BLOC_C  (12:00-18:00)  prévus  93 · atteignables  89 · joués  87 · conformité  98% · sautés  2 · en trop  0
   ⏭️  PRÉVU NON JOUÉ : jingle avant message 03 vous ecoutez parole prophetique fm · jingle avant bible 08 prenons un moment pour ecouter la parole
   ⏸️  FIN DE BLOC NON ATTEINTE (4 titres · ~17m59s) — marge anti-rebouclage au-delà de la fenêtre, normal : Forever You Reign - Abuja HF · Yeshua I'm Waiting for You  - Ketu HF · cantique  nous sommes le sel de la terre · We Shall Come - Asaba Fellowship
----------------------------------------------------------------------------------------------------
BLOC_D  (18:00-23:30)  prévus  77 · atteignables  72 · joués  72 · conformité 100% · sautés  0 · en trop  0
   ⏸️  FIN DE BLOC NON ATTEINTE (5 titres · ~27m11s) — marge anti-rebouclage au-delà de la fenêtre, normal : JINGLE · Great and Marvellous - Ketu HF · Jesus is Alpha - PHF · Awaken My Heart · For By My God - Toronto & Winnipeg HF
----------------------------------------------------------------------------------------------------
CONFORMITÉ GLOBALE : 313/317 titres atteignables joués dans l'ordre = 99%  (1 titre(s) hors plan · 17 non atteint(s) en fin de bloc, marge normale)
