====================================================================================================
MONITEUR RADIO — 2026-09-13 (synthèse des 3 rapports + plan, heures UTC)
====================================================================================================
État : ❌ incident(s) détecté(s)  ·  diffusion : 1 coupure(s)/trou(s), 0 double(s) message  ·  serveur : 0 incident(s)
ATTENDU (sans effet à l'antenne, hors verdict) : 101 événement(s) serveur pendant la rotation (23h30-23h40) et le reset de minuit (00h00-00h03) · 1 titre(s) tronqué(s) par le redémarrage de minuit
SERVEUR : aucun incident hors fenêtres planifiées (ni crash, ni échec réseau, ni silence) ✅
   ↳ attendu, hors verdict : 00:01 🔇 bascule sur jingle d'erreur (silence potentiel) (×3) · 23:33 🌐 échec réseau AzuraCast/Liquidsoap (×98)
RESET MINUIT : restart confirmé vers 00:02:13 · 3 contrôle(s) · file saine ✅
INCIDENTS CORRÉLÉS (anomalie de diffusion ↔ cause serveur probable) :
   12:00:02  TROU 11s « jingle avant message 03 vous ecoutez parole prophetique fm »
          ↳ aucune cause serveur à proximité (voir CONTRÔLES APPROFONDIS et RÉEL vs PRÉVU ci-dessous)
(Détail titre par titre, contrôles approfondis et RÉEL vs PRÉVU ci-dessous.)
Rapport de diffusion — 2026-09-13 (heures UTC)
305 titres joués | tolérance ±10s
====================================================================================================
HEURE    PLAYLIST                     FICHIER          RÉEL    ÉCART  STATUT  TITRE
----------------------------------------------------------------------------------------------------
00:01:42 ?                                 1m35s      1m35s      +0s  ✅  ?
00:03:17 BLOC_A_SERIE_DU_JOUR              0m09s      0m10s      +1s  ✅  jingle avant message 03 vous ecoutez parole prophetique fm
00:03:27 BLOC_A_SERIE_DU_JOUR             13m48s     13m45s      -3s  ✅  2020 tian le pardon 8
00:17:12 BLOC_A_SERIE_DU_JOUR              0m10s      0m11s      +1s  ✅  jingle avant bible 06 ouvrons les saintes ecritures
00:17:23 BLOC_A_SERIE_DU_JOUR              4m17s      4m14s      -3s  ✅  Exode 13
00:21:37 BLOC_A_SERIE_DU_JOUR              6m00s      5m58s      -2s  ✅  Exode 14
00:27:35 BLOC_A_SERIE_DU_JOUR              5m12s      5m09s      -3s  ✅  Exode 15
00:32:44 BLOC_A_SERIE_DU_JOUR              7m23s      7m21s      -2s  ✅  Exode 16
00:40:05 BLOC_A_SERIE_DU_JOUR              3m21s      3m18s      -3s  ✅  Exode 17
00:43:23 BLOC_A_SERIE_DU_JOUR              5m03s      5m01s      -2s  ✅  Exode 18
00:48:24 BLOC_A_SERIE_DU_JOUR              4m26s      4m24s      -2s  ✅  Exode 19
00:52:48 BLOC_A_SERIE_DU_JOUR              4m11s      4m08s      -3s  ✅  Exode 20
00:56:56 BLOC_A_SERIE_DU_JOUR              5m56s      5m54s      -2s  ✅  Exode 21
01:02:50 BLOC_A_SERIE_DU_JOUR              5m07s      5m05s      -2s  ✅  Exode 22
01:07:55 BLOC_A_SERIE_DU_JOUR              5m46s      5m43s      -3s  ✅  Exode 23
01:13:38 BLOC_A_SERIE_DU_JOUR              3m21s      3m18s      -3s  ✅  Exode 24
01:16:56 BLOC_A_SERIE_DU_JOUR              0m13s      0m13s      +0s  ✅  jingle avant louange 07 voici un temps de louange
01:17:09 BLOC_A_SERIE_DU_JOUR              4m21s      4m18s      -3s  ✅  Sing Hallelujah - Abuja HF
01:21:27 BLOC_A_SERIE_DU_JOUR              8m12s      8m10s      -2s  ✅  Jesus is Alpha - PHF
01:29:37 BLOC_A_SERIE_DU_JOUR              4m40s      4m37s      -3s  ✅  All in All - CHF
01:34:14 BLOC_A_SERIE_DU_JOUR              9m23s      9m21s      -2s  ✅  Thou art Worthy Lord - PHF
01:43:35 BLOC_A_SERIE_DU_JOUR              7m09s      7m07s      -2s  ✅  You're the Lamb (Abasiama Timothy)
01:50:42 BLOC_A_SERIE_DU_JOUR              4m20s      4m17s      -3s  ✅  There's A Mighty River Flowing - SWBN TV
01:54:59 BLOC_A_SERIE_DU_JOUR              6m41s      6m38s      -3s  ✅  6 minutes
02:01:37 BLOC_A_SERIE_DU_JOUR              7m17s      7m15s      -2s  ✅  cantique  tes promesses  pub direct dec 2021 import (2)
02:08:52 BLOC_A_SERIE_DU_JOUR              5m04s      5m02s      -2s  ✅  I Enter The Holy of Holies - Port Harcourt HF
02:13:54 BLOC_A_SERIE_DU_JOUR              7m25s      7m23s      -2s  ✅  Victorious Is the Lamb - Winnipeg Fellowship
02:21:17 BLOC_A_SERIE_DU_JOUR              0m13s      0m13s      +0s  ✅  jingle avant bible 07 place a la lecture de la bible
02:21:30 BLOC_A_SERIE_DU_JOUR              5m59s      5m56s      -3s  ✅  1 Samuel 15
02:27:26 BLOC_A_SERIE_DU_JOUR              4m08s      4m06s      -2s  ✅  1 Samuel 16
02:31:32 BLOC_A_SERIE_DU_JOUR              9m41s      9m38s      -3s  ✅  1 Samuel 17
02:41:10 BLOC_A_SERIE_DU_JOUR              4m38s      4m36s      -2s  ✅  1 Samuel 18
02:45:46 BLOC_A_SERIE_DU_JOUR              4m10s      4m08s      -2s  ✅  1 Samuel 19
02:49:54 BLOC_A_SERIE_DU_JOUR              6m49s      6m46s      -3s  ✅  1 Samuel 20
02:56:40 BLOC_A_SERIE_DU_JOUR              0m10s      0m11s      +1s  ✅  jingle avant louange 06 que la louange seleve
02:56:51 BLOC_A_SERIE_DU_JOUR              4m14s      4m12s      -2s  ✅  Mon modèle, c est Jésus
03:01:03 BLOC_A_SERIE_DU_JOUR              5m52s      5m49s      -3s  ✅  Where Two or Three are Gathered - Calabar HF
03:06:52 BLOC_A_SERIE_DU_JOUR              5m10s      5m08s      -2s  ✅  I Will Call Upon The Lord
03:12:00 BLOC_A_SERIE_DU_JOUR             11m01s     10m58s      -3s  ✅  Great is, Ascribe - Ketu HF
03:22:58 BLOC_A_SERIE_DU_JOUR              4m04s      4m01s      -3s  ✅  Ascribe Greatness - PHF
03:26:59 BLOC_A_SERIE_DU_JOUR              5m08s      5m06s      -2s  ✅  He Has Given Me - PHF
03:32:05 BLOC_A_SERIE_DU_JOUR              4m19s      4m16s      -3s  ✅  I Know The Blood - PHF
03:36:21 BLOC_A_SERIE_DU_JOUR              3m24s      3m21s      -3s  ✅  Cantique sa miséricorde
03:39:42 BLOC_A_SERIE_DU_JOUR              7m29s      7m27s      -2s  ✅  Hallelujah - PHF
03:47:09 BLOC_A_SERIE_DU_JOUR              9m04s      9m01s      -3s  ✅  You're the Lamb - Calabar HF
03:56:10 BLOC_A_SERIE_DU_JOUR              0m09s      0m09s      +0s  ✅  jingle avant bible 08 prenons un moment pour ecouter la parole
03:56:19 BLOC_A_SERIE_DU_JOUR              9m03s      9m01s      -2s  ✅  Deutéronome 4
04:05:20 BLOC_A_SERIE_DU_JOUR              5m33s      5m30s      -3s  ✅  Deutéronome 5
04:10:50 BLOC_A_SERIE_DU_JOUR              3m51s      3m49s      -2s  ✅  Deutéronome 6
04:14:39 BLOC_A_SERIE_DU_JOUR              5m08s      5m06s      -2s  ✅  Deutéronome 7
04:19:45 BLOC_A_SERIE_DU_JOUR              3m23s      3m20s      -3s  ✅  Deutéronome 8
04:23:05 BLOC_A_SERIE_DU_JOUR              5m27s      5m24s      -3s  ✅  Deutéronome 9
04:28:29 BLOC_A_SERIE_DU_JOUR              3m36s      3m34s      -2s  ✅  Deutéronome 10
04:32:03 BLOC_A_SERIE_DU_JOUR              4m58s      4m56s      -2s  ✅  Deutéronome 11
04:36:59 BLOC_A_SERIE_DU_JOUR              5m47s      5m45s      -2s  ✅  Deutéronome 12
04:42:44 BLOC_A_SERIE_DU_JOUR              0m11s      0m11s      +0s  ✅  jingle avant louange 05 elevons nos coeurs vers dieu
04:42:55 BLOC_A_SERIE_DU_JOUR              5m50s      5m47s      -3s  ✅  Jesus I'm Waiting for You (Mary Umoh)
04:48:42 BLOC_A_SERIE_DU_JOUR              5m45s      5m43s      -2s  ✅  How Precious Oh Lord
04:54:25 BLOC_A_SERIE_DU_JOUR              5m28s      5m25s      -3s  ✅  même humilié
04:59:50 BLOC_A_SERIE_DU_JOUR              6m54s      6m52s      -2s  ✅  There is no Lie (Imah Adegoke & Mary Umoh)
05:06:42 BLOC_A_SERIE_DU_JOUR              5m04s      5m01s      -3s  ✅  Guide Me - El ELyon - Abuja HF
05:11:43 BLOC_A_SERIE_DU_JOUR              6m02s      6m00s      -2s  ✅  Crown Him Lord of Lords - Nonso Njoku
05:17:43 BLOC_A_SERIE_DU_JOUR              3m04s      3m01s      -3s  ✅  The Lord is my Light and Salvation - Nonso Njoku
05:20:44 BLOC_A_SERIE_DU_JOUR              6m09s      6m07s      -2s  ✅  Hymne des vainqueurs
05:26:51 BLOC_A_SERIE_DU_JOUR              5m57s      5m54s      -3s  ✅  You are God - Winnipeg Fellowship
05:32:45 BLOC_A_SERIE_DU_JOUR              7m09s      7m07s      -2s  ✅  My God Is Good - Winnipeg Fellowship
05:39:52 BLOC_A_SERIE_DU_JOUR              9m39s      9m36s      -3s  ✅  Psalm 93 - Port Harcourt HF
05:49:28 BLOC_A_SERIE_DU_JOUR              0m09s      0m09s      +0s  ✅  jingle id station 01 la bonne nouvelle partout
05:49:37 BLOC_A_SERIE_DU_JOUR              3m34s      3m32s      -2s  ✅  Zacharie 1
05:53:09 BLOC_A_SERIE_DU_JOUR              1m51s      1m49s      -2s  ✅  Zacharie 2
05:54:58 BLOC_A_SERIE_DU_JOUR              1m46s      1m43s      -3s  ✅  Zacharie 3
05:56:41 BLOC_A_SERIE_DU_JOUR              2m06s      2m04s      -2s  ✅  Zacharie 4
05:58:45 BLOC_A_SERIE_DU_JOUR              1m38s      1m36s      -2s  ✅  Zacharie 5
06:00:21 BLOC_B_SERIE_DU_JOUR              0m11s      0m11s      +0s  ✅  jingle avant message 05 vous etes a lecoute de levangile du royaume
06:00:32 BLOC_B_SERIE_DU_JOUR             13m48s     13m45s      -3s  ✅  2020 tian le pardon 8
06:14:17 BLOC_B_SERIE_DU_JOUR              0m13s      0m14s      +1s  ✅  jingle avant bible 07 place a la lecture de la bible
06:14:31 BLOC_B_SERIE_DU_JOUR              3m26s      3m23s      -3s  ✅  1 Corinthiens 3
06:17:54 BLOC_B_SERIE_DU_JOUR              3m40s      3m38s      -2s  ✅  1 Corinthiens 4
06:21:32 BLOC_B_SERIE_DU_JOUR              2m17s      2m15s      -2s  ✅  1 Corinthiens 5
06:23:47 BLOC_B_SERIE_DU_JOUR              3m19s      3m16s      -3s  ✅  1 Corinthiens 6
06:27:03 BLOC_B_SERIE_DU_JOUR              6m29s      6m26s      -3s  ✅  1 Corinthiens 7
06:33:29 BLOC_B_SERIE_DU_JOUR              2m04s      2m02s      -2s  ✅  1 Corinthiens 8
06:35:31 BLOC_B_SERIE_DU_JOUR              4m09s      4m06s      -3s  ✅  1 Corinthiens 9
06:39:37 BLOC_B_SERIE_DU_JOUR              4m48s      4m46s      -2s  ✅  1 Corinthiens 10
06:44:23 BLOC_B_SERIE_DU_JOUR              5m08s      5m06s      -2s  ✅  1 Corinthiens 11
06:49:29 BLOC_B_SERIE_DU_JOUR              4m41s      4m39s      -2s  ✅  1 Corinthiens 12
06:54:08 BLOC_B_SERIE_DU_JOUR              2m38s      2m35s      -3s  ✅  1 Corinthiens 13
06:56:43 BLOC_B_SERIE_DU_JOUR              6m31s      6m28s      -3s  ✅  1 Corinthiens 14
07:03:11 BLOC_B_SERIE_DU_JOUR              8m34s      8m31s      -3s  ✅  1 Corinthiens 15
07:11:42 BLOC_B_SERIE_DU_JOUR              0m10s      0m11s      +1s  ✅  jingle avant louange 06 que la louange seleve
07:11:53 BLOC_B_SERIE_DU_JOUR              5m52s      5m50s      -2s  ✅  Not Naked (Abasiama Timothy)
07:17:43 BLOC_B_SERIE_DU_JOUR              5m07s      5m04s      -3s  ✅  We Shall Come - Asaba Fellowship
07:22:47 BLOC_B_SERIE_DU_JOUR              5m33s      5m30s      -3s  ✅  He Shall Feed His Flock - I Want to walk  - Ketu HF
07:28:17 BLOC_B_SERIE_DU_JOUR              8m31s      8m29s      -2s  ✅  Holy Holy - Abuja HF
07:36:46 BLOC_B_SERIE_DU_JOUR              8m58s      8m55s      -3s  ✅  El Elyon - Toronto & Winnipeg HF
07:45:41 BLOC_B_SERIE_DU_JOUR              5m21s      5m19s      -2s  ✅  By the word of the lord - Ketu HF
07:51:00 BLOC_B_SERIE_DU_JOUR             10m25s     10m23s      -2s  ✅  Holy Are You - PHF
08:01:23 BLOC_B_SERIE_DU_JOUR              3m10s      3m07s      -3s  ✅  la Parole
08:04:30 BLOC_B_SERIE_DU_JOUR              5m19s      5m17s      -2s  ✅  Gabrielle LIDJI - Mélodie Céleste  by LFXA(Light FX Animation)_2
08:09:47 BLOC_B_SERIE_DU_JOUR              0m10s      0m11s      +1s  ✅  jingle avant bible 06 ouvrons les saintes ecritures
08:09:58 BLOC_B_SERIE_DU_JOUR              2m47s      2m44s      -3s  ✅  Lévitique 1
08:12:42 BLOC_B_SERIE_DU_JOUR              2m33s      2m31s      -2s  ✅  Lévitique 2
08:15:13 BLOC_B_SERIE_DU_JOUR              2m41s      2m38s      -3s  ✅  Lévitique 3
08:17:51 BLOC_B_SERIE_DU_JOUR              6m13s      6m10s      -3s  ✅  Lévitique 4
08:24:01 BLOC_B_SERIE_DU_JOUR              3m52s      3m50s      -2s  ✅  Lévitique 5
08:27:51 BLOC_B_SERIE_DU_JOUR              4m38s      4m35s      -3s  ✅  Lévitique 6
08:32:26 BLOC_B_SERIE_DU_JOUR              5m30s      5m27s      -3s  ✅  Lévitique 7
08:37:53 BLOC_B_SERIE_DU_JOUR              5m25s      5m22s      -3s  ✅  Lévitique 8
08:43:15 BLOC_B_SERIE_DU_JOUR              0m11s      0m12s      +1s  ✅  jingle avant louange 05 elevons nos coeurs vers dieu
08:43:27 BLOC_B_SERIE_DU_JOUR              3m12s      3m10s      -2s  ✅  esprit de dieu
08:46:37 BLOC_B_SERIE_DU_JOUR              5m10s      5m07s      -3s  ✅  Igwe
08:51:44 BLOC_B_SERIE_DU_JOUR              4m13s      4m11s      -2s  ✅  4 minutes
08:55:55 BLOC_B_SERIE_DU_JOUR              5m15s      5m13s      -2s  ✅  Yahweh Be Praised - Abuja HF
09:01:08 BLOC_B_SERIE_DU_JOUR              6m02s      6m00s      -2s  ✅  Satisfy My Soul - Calabar HF
09:07:08 BLOC_B_SERIE_DU_JOUR             10m13s     10m09s      -4s  ✅  As We Worship - Toronto & Winnipeg HF
09:17:17 BLOC_B_SERIE_DU_JOUR              5m47s      5m45s      -2s  ✅  We Ascribe Greatness - Abuja HF
09:23:02 BLOC_B_SERIE_DU_JOUR              8m25s      8m22s      -3s  ✅  The Mountains, Come and, Oh City - Ketu HF
09:31:24 BLOC_B_SERIE_DU_JOUR              8m37s      8m35s      -2s  ✅  He Has Given Me & Emmanuel You Joy Over Us (Medley) (Abasiama Timothy & Imah Adegoke)
09:39:59 BLOC_B_SERIE_DU_JOUR              5m18s      5m16s      -2s  ✅  Now is Come Salvation - Toronto HF
09:45:15 BLOC_B_SERIE_DU_JOUR              0m09s      0m10s      +1s  ✅  jingle avant bible 08 prenons un moment pour ecouter la parole
09:45:25 BLOC_B_SERIE_DU_JOUR              3m57s      3m54s      -3s  ✅  Jacques 1
09:49:19 BLOC_B_SERIE_DU_JOUR              3m51s      3m49s      -2s  ✅  Jacques 2
09:53:08 BLOC_B_SERIE_DU_JOUR              2m56s      2m52s      -4s  ✅  Jacques 3
09:56:00 BLOC_B_SERIE_DU_JOUR              2m47s      2m44s      -3s  ✅  Jacques 4
09:58:44 BLOC_B_SERIE_DU_JOUR              3m28s      3m26s      -2s  ✅  Jacques 5
10:02:10 BLOC_B_SERIE_DU_JOUR              4m56s      4m53s      -3s  ✅  Nombres 5
10:07:03 BLOC_B_SERIE_DU_JOUR              4m14s      4m12s      -2s  ✅  Nombres 6
10:11:15 BLOC_B_SERIE_DU_JOUR             11m21s     11m18s      -3s  ✅  Nombres 7
10:22:33 BLOC_B_SERIE_DU_JOUR              3m59s      3m57s      -2s  ✅  Nombres 8
10:26:30 BLOC_B_SERIE_DU_JOUR              3m39s      3m39s      +0s  ✅  Nombres 9
10:30:09 BLOC_B_SERIE_DU_JOUR              0m13s      0m11s      -2s  ✅  jingle avant louange 07 voici un temps de louange
10:30:20 BLOC_B_SERIE_DU_JOUR             10m38s     10m36s      -2s  ✅  Be Exalted - PHF
10:40:56 BLOC_B_SERIE_DU_JOUR              7m21s      7m18s      -3s  ✅  For By My God - Toronto & Winnipeg HF
10:48:14 BLOC_B_SERIE_DU_JOUR              4m33s      4m31s      -2s  ✅  God is Building - Will You Be - Ketu HF
10:52:45 BLOC_B_SERIE_DU_JOUR              4m11s      4m09s      -2s  ✅  Cantique   Oh Éternel Dieu, Tu es le Dieu Incomparable
10:56:54 BLOC_B_SERIE_DU_JOUR              6m57s      6m55s      -2s  ✅  The Lord on High is Mightier - Toronto HF
11:03:49 BLOC_B_SERIE_DU_JOUR              4m03s      4m00s      -3s  ✅  I Will Not Be Silent - Calabar HF
11:07:49 BLOC_B_SERIE_DU_JOUR              4m05s      4m03s      -2s  ✅  Song Of Victory - Emmanuel Igunbor
11:11:52 BLOC_B_SERIE_DU_JOUR              4m18s      4m16s      -2s  ✅  You Are Worthy - Ketu HF
11:16:08 BLOC_B_SERIE_DU_JOUR             11m53s     11m50s      -3s  ✅  Hashem - PHF
11:27:58 BLOC_B_SERIE_DU_JOUR              0m09s      0m10s      +1s  ✅  jingle id station 02 radio evangile du royaume
11:28:08 BLOC_B_SERIE_DU_JOUR              2m56s      2m54s      -2s  ✅  Sophonie 1
11:31:02 BLOC_B_SERIE_DU_JOUR              2m46s      2m43s      -3s  ✅  Sophonie 2
11:33:45 BLOC_B_SERIE_DU_JOUR              3m46s      3m44s      -2s  ✅  Sophonie 3
11:37:29 BLOC_B_SERIE_DU_JOUR              4m54s      4m51s      -3s  ✅  Jean 9
11:42:20 BLOC_B_SERIE_DU_JOUR              4m36s      4m33s      -3s  ✅  Jean 10
11:46:53 BLOC_B_SERIE_DU_JOUR              6m58s      6m56s      -2s  ✅  Jean 11
11:53:49 BLOC_B_SERIE_DU_JOUR              0m09s      0m09s      +0s  ✅  JINGLE
11:53:58 BLOC_B_SERIE_DU_JOUR              5m21s      5m19s      -2s  ✅  We Shall Not Fear - Nonso Njoku
11:59:17 015_REMPLISSAGE                   0m16s      0m13s      -3s  ✅  Psaumes 117
11:59:30 015_REMPLISSAGE                   0m11s      0m11s      +0s  ✅  jingle avant louange 05 elevons nos coeurs vers dieu
11:59:41 015_REMPLISSAGE                   0m09s      0m10s      +1s  ✅  JINGLE
11:59:51 015_REMPLISSAGE                   0m11s      0m11s      +0s  ✅  jingle avant message 05 vous etes a lecoute de levangile du royaume
12:00:02 015_REMPLISSAGE                   0m09s      0m20s     +11s  ⚠️ TROU APRÈS  jingle avant message 03 vous ecoutez parole prophetique fm
12:00:22 BLOC_C_SERIE_DU_JOUR             13m48s     13m46s      -2s  ✅  2020 tian le pardon 8
12:14:08 BLOC_C_SERIE_DU_JOUR              0m10s      0m10s      +0s  ✅  jingle avant bible 06 ouvrons les saintes ecritures
12:14:18 BLOC_C_SERIE_DU_JOUR              3m07s      3m05s      -2s  ✅  Joël 1
12:17:23 BLOC_C_SERIE_DU_JOUR              5m41s      5m39s      -2s  ✅  Joël 2
12:23:02 BLOC_C_SERIE_DU_JOUR              3m36s      3m33s      -3s  ✅  Joël 3
12:26:35 BLOC_C_SERIE_DU_JOUR              2m27s      2m25s      -2s  ✅  Actes 6
12:29:00 BLOC_C_SERIE_DU_JOUR              8m53s      8m50s      -3s  ✅  Actes 7
12:37:50 BLOC_C_SERIE_DU_JOUR              5m22s      5m20s      -2s  ✅  Actes 8
12:43:10 BLOC_C_SERIE_DU_JOUR              6m32s      6m30s      -2s  ✅  Actes 9
12:49:40 BLOC_C_SERIE_DU_JOUR              6m32s      6m29s      -3s  ✅  Actes 10
12:56:09 BLOC_C_SERIE_DU_JOUR              4m06s      4m04s      -2s  ✅  Actes 11
13:00:13 BLOC_C_SERIE_DU_JOUR              3m53s      3m49s      -4s  ✅  Actes 12
13:04:02 BLOC_C_SERIE_DU_JOUR              7m40s      7m38s      -2s  ✅  Actes 13
13:11:40 BLOC_C_SERIE_DU_JOUR              0m13s      0m13s      +0s  ✅  jingle avant louange 07 voici un temps de louange
13:11:53 BLOC_C_SERIE_DU_JOUR              3m41s      3m39s      -2s  ✅  Adorons l'Éternel GAEL - JÉSUS EST SEIGNEUR -
13:15:32 BLOC_C_SERIE_DU_JOUR              7m36s      7m33s      -3s  ✅  There Is No Lie - SWBN TV
13:23:05 BLOC_C_SERIE_DU_JOUR              5m22s      5m20s      -2s  ✅  God's Got An Army - PHF
13:28:25 BLOC_C_SERIE_DU_JOUR              7m18s      7m15s      -3s  ✅  Holy is the Lord (Emmanuel Umoh)
13:35:40 BLOC_C_SERIE_DU_JOUR              6m59s      6m57s      -2s  ✅  Hosanna - Toronto HF
13:42:37 BLOC_C_SERIE_DU_JOUR             10m24s     10m21s      -3s  ✅  Shine in Darkness O Lord  - Winnipeg Fellowship
13:52:58 BLOC_C_SERIE_DU_JOUR              6m10s      6m07s      -3s  ✅  That I May Know Him - Toronto HF
13:59:05 BLOC_C_SERIE_DU_JOUR              6m19s      6m17s      -2s  ✅  Unto Him - CHF
14:05:22 BLOC_C_SERIE_DU_JOUR              4m53s      4m50s      -3s  ✅  Cantique Jahweh, Tu es élevé au dessus de tout (1)
14:10:12 BLOC_C_SERIE_DU_JOUR              0m13s      0m13s      +0s  ✅  jingle avant bible 07 place a la lecture de la bible
14:10:25 BLOC_C_SERIE_DU_JOUR              4m33s      4m31s      -2s  ✅  1 Pierre 1
14:14:56 BLOC_C_SERIE_DU_JOUR              4m17s      4m14s      -3s  ✅  1 Pierre 2
14:19:10 BLOC_C_SERIE_DU_JOUR              3m50s      3m47s      -3s  ✅  1 Pierre 3
14:22:57 BLOC_C_SERIE_DU_JOUR              3m13s      3m11s      -2s  ✅  1 Pierre 4
14:26:08 BLOC_C_SERIE_DU_JOUR              2m15s      2m12s      -3s  ✅  1 Pierre 5
14:28:20 BLOC_C_SERIE_DU_JOUR              2m51s      2m49s      -2s  ✅  Ecclésiaste 8
14:31:09 BLOC_C_SERIE_DU_JOUR              3m14s      3m11s      -3s  ✅  Ecclésiaste 9
14:34:20 BLOC_C_SERIE_DU_JOUR              2m29s      2m27s      -2s  ✅  Ecclésiaste 10
14:36:47 BLOC_C_SERIE_DU_JOUR              1m34s      1m32s      -2s  ✅  Ecclésiaste 11
14:38:19 BLOC_C_SERIE_DU_JOUR              2m16s      2m13s      -3s  ✅  Ecclésiaste 12
14:40:32 BLOC_C_SERIE_DU_JOUR              0m11s      0m11s      +0s  ✅  jingle avant louange 05 elevons nos coeurs vers dieu
14:40:43 BLOC_C_SERIE_DU_JOUR              4m44s      4m43s      -1s  ✅  Je veux vivre ton royaume
14:45:26 BLOC_C_SERIE_DU_JOUR              6m30s      6m27s      -3s  ✅  Praise the Lord of Host - Toronto HF
14:51:53 BLOC_C_SERIE_DU_JOUR              8m18s      8m18s      +0s  ✅  Yahweh Is Mighty - SWBN TV
15:00:11 BLOC_C_SERIE_DU_JOUR             10m35s     10m30s      -5s  ✅  Baruch Ha'ba B'Shem Adonai/Blessed Is He Who Comes in the Name of the Lord - Port Harcourt HF
15:10:41 BLOC_C_SERIE_DU_JOUR              2m16s      2m13s      -3s  ✅  cantique  nous sommes le sel de la terre
15:12:54 BLOC_C_SERIE_DU_JOUR              6m06s      6m04s      -2s  ✅  cantique  ta bonte
15:18:58 BLOC_C_SERIE_DU_JOUR              5m02s      5m00s      -2s  ✅  A Song Of Love
15:23:58 BLOC_C_SERIE_DU_JOUR              9m38s      9m35s      -3s  ✅  Holy are You oh Lord (Olaedo Uzoma & Vincent Opara)
15:33:33 BLOC_C_SERIE_DU_JOUR              5m45s      5m43s      -2s  ✅  Ella Samuels - Oh Lord Our Maker
15:39:16 BLOC_C_SERIE_DU_JOUR              0m09s      0m09s      +0s  ✅  jingle avant bible 08 prenons un moment pour ecouter la parole
15:39:25 BLOC_C_SERIE_DU_JOUR              2m43s      2m41s      -2s  ✅  Aggée 1
15:42:06 BLOC_C_SERIE_DU_JOUR              3m58s      3m55s      -3s  ✅  Aggée 2
15:46:01 BLOC_C_SERIE_DU_JOUR              2m56s      2m54s      -2s  ✅  Esdras 3
15:48:55 BLOC_C_SERIE_DU_JOUR              4m24s      4m22s      -2s  ✅  Esdras 4
15:53:17 BLOC_C_SERIE_DU_JOUR              3m08s      3m05s      -3s  ✅  Esdras 5
15:56:22 BLOC_C_SERIE_DU_JOUR              4m12s      4m10s      -2s  ✅  Esdras 6
16:00:32 BLOC_C_SERIE_DU_JOUR              4m34s      4m31s      -3s  ✅  Esdras 7
16:05:03 BLOC_C_SERIE_DU_JOUR              5m42s      5m40s      -2s  ✅  Esdras 8
16:10:43 BLOC_C_SERIE_DU_JOUR              3m34s      3m32s      -2s  ✅  Esdras 9
16:14:15 BLOC_C_SERIE_DU_JOUR              6m21s      6m18s      -3s  ✅  Esdras 10
16:20:33 BLOC_C_SERIE_DU_JOUR              2m40s      2m37s      -3s  ✅  Amos 1
16:23:10 BLOC_C_SERIE_DU_JOUR              0m10s      0m11s      +1s  ✅  jingle avant louange 06 que la louange seleve
16:23:21 BLOC_C_SERIE_DU_JOUR              7m51s      7m49s      -2s  ✅  There is no name  - Winnipeg Fellowship
16:31:10 BLOC_C_SERIE_DU_JOUR              4m08s      4m05s      -3s  ✅  I Choose the Way of the Lord - Abuja HF
16:35:15 BLOC_C_SERIE_DU_JOUR              5m48s      5m45s      -3s  ✅  Forever You Reign - Abuja HF
16:41:00 BLOC_C_SERIE_DU_JOUR              3m22s      3m20s      -2s  ✅  Ses cheveux étaient blancs..
16:44:20 BLOC_C_SERIE_DU_JOUR              7m04s      7m01s      -3s  ✅  We Bless You Wonderful God  - Winnipeg Fellowship
16:51:21 BLOC_C_SERIE_DU_JOUR              4m52s      4m50s      -2s  ✅  God is Moving Us On - Ketu HF
16:56:11 BLOC_C_SERIE_DU_JOUR              6m12s      6m09s      -3s  ✅  Praise the Lord All Ye Nations - Toronto HF
17:02:20 BLOC_C_SERIE_DU_JOUR              8m21s      8m19s      -2s  ✅  My Heart Rejoices - Toronto HF
17:10:39 BLOC_C_SERIE_DU_JOUR              7m19s      7m16s      -3s  ✅  You Have sworn By Your Holiness - Chidera Bisong
17:17:55 BLOC_C_SERIE_DU_JOUR              2m20s      2m18s      -2s  ✅  cantique  heureux l homme qui ne marche pas selon
17:20:13 BLOC_C_SERIE_DU_JOUR              6m13s      6m10s      -3s  ✅  Immortal God - Elohim Adonai - Abuja HF
17:26:23 BLOC_C_SERIE_DU_JOUR              0m09s      0m10s      +1s  ✅  JINGLE
17:26:33 BLOC_C_SERIE_DU_JOUR              3m16s      3m13s      -3s  ✅  1 Timothée 1
17:29:46 BLOC_C_SERIE_DU_JOUR              2m10s      2m07s      -3s  ✅  1 Timothée 2
17:31:53 BLOC_C_SERIE_DU_JOUR              2m24s      2m22s      -2s  ✅  1 Timothée 3
17:34:15 BLOC_C_SERIE_DU_JOUR              2m29s      2m26s      -3s  ✅  1 Timothée 4
17:36:41 BLOC_C_SERIE_DU_JOUR              3m45s      3m43s      -2s  ✅  1 Timothée 5
17:40:24 BLOC_C_SERIE_DU_JOUR              3m53s      3m50s      -3s  ✅  1 Timothée 6
17:44:14 BLOC_C_SERIE_DU_JOUR              4m28s      4m25s      -3s  ✅  2 Corinthiens 12
17:48:39 BLOC_C_SERIE_DU_JOUR              0m09s      0m10s      +1s  ✅  JINGLE
17:48:49 BLOC_C_SERIE_DU_JOUR             10m47s     10m44s      -3s  ✅  Abba, Singing a, I Will Sing - Ketu HF
17:59:33 015_REMPLISSAGE                   0m58s      0m56s      -2s  ✅  Psaumes 12
18:00:29 BLOC_D_SERIE_DU_JOUR              0m11s      0m11s      +0s  ✅  jingle avant message 05 vous etes a lecoute de levangile du royaume
18:00:40 BLOC_D_SERIE_DU_JOUR             13m48s     13m46s      -2s  ✅  2020 tian le pardon 8
18:14:26 BLOC_D_SERIE_DU_JOUR              0m10s      0m10s      +0s  ✅  jingle avant bible 06 ouvrons les saintes ecritures
18:14:36 BLOC_D_SERIE_DU_JOUR              5m09s      5m07s      -2s  ✅  Lamentations 1
18:19:43 BLOC_D_SERIE_DU_JOUR              5m15s      5m12s      -3s  ✅  Lamentations 2
18:24:55 BLOC_D_SERIE_DU_JOUR              6m02s      6m00s      -2s  ✅  Lamentations 3
18:30:55 BLOC_D_SERIE_DU_JOUR              3m56s      3m53s      -3s  ✅  Lamentations 4
18:34:48 BLOC_D_SERIE_DU_JOUR              2m20s      2m18s      -2s  ✅  Lamentations 5
18:37:06 BLOC_D_SERIE_DU_JOUR              4m14s      4m11s      -3s  ✅  Matthieu 14
18:41:17 BLOC_D_SERIE_DU_JOUR              4m55s      4m53s      -2s  ✅  Matthieu 15
18:46:10 BLOC_D_SERIE_DU_JOUR              4m04s      4m02s      -2s  ✅  Matthieu 16
18:50:12 BLOC_D_SERIE_DU_JOUR              4m03s      4m00s      -3s  ✅  Matthieu 17
18:54:12 BLOC_D_SERIE_DU_JOUR              5m01s      4m58s      -3s  ✅  Matthieu 18
18:59:10 BLOC_D_SERIE_DU_JOUR              4m34s      4m31s      -3s  ✅  Matthieu 19
19:03:41 BLOC_D_SERIE_DU_JOUR              4m24s      4m21s      -3s  ✅  Matthieu 20
19:08:02 BLOC_D_SERIE_DU_JOUR              0m10s      0m11s      +1s  ✅  jingle avant louange 06 que la louange seleve
19:08:13 BLOC_D_SERIE_DU_JOUR              7m20s      7m18s      -2s  ✅  The Glory -  PHF
19:15:31 BLOC_D_SERIE_DU_JOUR              8m41s      8m38s      -3s  ✅  Unto Him (Vincent Opara)
19:24:09 BLOC_D_SERIE_DU_JOUR              2m57s      2m55s      -2s  ✅  You Are the Captain of the Host - Toronto HF
19:27:04 BLOC_D_SERIE_DU_JOUR              5m43s      5m41s      -2s  ✅  Cantique l Éternel est mon Berger (1)
19:32:45 BLOC_D_SERIE_DU_JOUR              6m02s      5m59s      -3s  ✅  Rejoice - PHF
19:38:44 BLOC_D_SERIE_DU_JOUR              6m56s      6m54s      -2s  ✅  As We Worship In Ypur Presence
19:45:38 BLOC_D_SERIE_DU_JOUR              7m37s      7m34s      -3s  ✅  Cantiques  Il a pris mes iniquités
19:53:12 BLOC_D_SERIE_DU_JOUR              8m10s      8m07s      -3s  ✅  Great and Marvellous - Ketu HF
20:01:19 BLOC_D_SERIE_DU_JOUR              0m13s      0m13s      +0s  ✅  jingle avant bible 07 place a la lecture de la bible
20:01:32 BLOC_D_SERIE_DU_JOUR              3m11s      3m09s      -2s  ✅  Habacuc 3
20:04:41 BLOC_D_SERIE_DU_JOUR              3m17s      3m15s      -2s  ✅  Galates 1
20:07:56 BLOC_D_SERIE_DU_JOUR              4m08s      4m06s      -2s  ✅  Galates 2
20:12:02 BLOC_D_SERIE_DU_JOUR              4m50s      4m47s      -3s  ✅  Galates 3
20:16:49 BLOC_D_SERIE_DU_JOUR              4m30s      4m28s      -2s  ✅  Galates 4
20:21:17 BLOC_D_SERIE_DU_JOUR              4m04s      4m02s      -2s  ✅  Galates 5
20:25:19 BLOC_D_SERIE_DU_JOUR              2m46s      2m43s      -3s  ✅  Galates 6
20:28:02 BLOC_D_SERIE_DU_JOUR              0m13s      0m13s      +0s  ✅  jingle avant louange 07 voici un temps de louange
20:28:15 BLOC_D_SERIE_DU_JOUR              8m24s      8m21s      -3s  ✅  Bless Ye the Lord - PHF
20:36:36 BLOC_D_SERIE_DU_JOUR              6m28s      6m25s      -3s  ✅  Le Bien-Etre Universel
20:43:01 BLOC_D_SERIE_DU_JOUR              7m46s      7m44s      -2s  ✅  Arise Out of Zion  - Winnipeg Fellowship
20:50:45 BLOC_D_SERIE_DU_JOUR              6m12s      6m09s      -3s  ✅  The King is Here (Abasiama Timothy)
20:56:54 BLOC_D_SERIE_DU_JOUR              9m24s      9m22s      -2s  ✅  I See Your Face - Toronto HF
21:06:16 BLOC_D_SERIE_DU_JOUR              6m07s      6m04s      -3s  ✅  There Is Forgiveness In Thee - SWBN TV
21:12:20 BLOC_D_SERIE_DU_JOUR              6m57s      6m55s      -2s  ✅  qui est digne d ouvrir le livre
21:19:15 BLOC_D_SERIE_DU_JOUR              6m06s      6m03s      -3s  ✅  Good God - Asaba Fellowship
21:25:18 BLOC_D_SERIE_DU_JOUR              0m09s      0m10s      +1s  ✅  jingle avant bible 08 prenons un moment pour ecouter la parole
21:25:28 BLOC_D_SERIE_DU_JOUR              2m59s      2m56s      -3s  ✅  Philémon 1
21:28:24 BLOC_D_SERIE_DU_JOUR              3m49s      3m47s      -2s  ✅  Genèse 28
21:32:11 BLOC_D_SERIE_DU_JOUR              5m14s      5m11s      -3s  ✅  Genèse 29
21:37:22 BLOC_D_SERIE_DU_JOUR              6m56s      6m54s      -2s  ✅  Genèse 30
21:44:16 BLOC_D_SERIE_DU_JOUR              8m47s      8m44s      -3s  ✅  Genèse 31
21:53:00 BLOC_D_SERIE_DU_JOUR              5m08s      5m05s      -3s  ✅  Genèse 32
21:58:05 BLOC_D_SERIE_DU_JOUR              3m13s      3m11s      -2s  ✅  Genèse 33
22:01:16 BLOC_D_SERIE_DU_JOUR              4m59s      4m56s      -3s  ✅  Genèse 34
22:06:12 BLOC_D_SERIE_DU_JOUR              0m11s      0m11s      +0s  ✅  jingle avant louange 05 elevons nos coeurs vers dieu
22:06:23 BLOC_D_SERIE_DU_JOUR              8m21s      8m19s      -2s  ✅  In the Day of Your Power  - Winnipeg Fellowship
22:14:42 BLOC_D_SERIE_DU_JOUR              5m58s      5m55s      -3s  ✅  In Jesus - PHF
22:20:37 BLOC_D_SERIE_DU_JOUR              6m15s      6m13s      -2s  ✅  Oh Lord I Want to Know Your Glory - Port Harcourt HF
22:26:50 BLOC_D_SERIE_DU_JOUR              3m19s      3m17s      -2s  ✅  Awaken My Heart
22:30:07 BLOC_D_SERIE_DU_JOUR              8m22s      8m19s      -3s  ✅  Yeshua Hamashiach - Calabar HF
22:38:26 BLOC_D_SERIE_DU_JOUR              8m10s      8m08s      -2s  ✅  Agunechemba - SWBN TV
22:46:34 BLOC_D_SERIE_DU_JOUR              4m52s      4m49s      -3s  ✅  cantique   prends tout le contrôle
22:51:23 BLOC_D_SERIE_DU_JOUR              6m04s      6m02s      -2s  ✅  Sing Unto the Lord a new Song  - Winnipeg Fellowship
22:57:25 BLOC_D_SERIE_DU_JOUR              9m43s      9m40s      -3s  ✅  Thy Throne Oh Lord - Ketu HF
23:07:05 BLOC_D_SERIE_DU_JOUR              0m09s      0m10s      +1s  ✅  JINGLE
23:07:15 BLOC_D_SERIE_DU_JOUR              4m25s      4m22s      -3s  ✅  1 Chroniques 5
23:11:37 BLOC_D_SERIE_DU_JOUR              8m29s      8m27s      -2s  ✅  1 Chroniques 6
23:20:04 BLOC_D_SERIE_DU_JOUR              5m47s      5m45s      -2s  ✅  1 Chroniques 7
23:25:49 BLOC_D_SERIE_DU_JOUR              0m09s      0m09s      +0s  ✅  jingle id station 01 la bonne nouvelle partout
23:25:58 BLOC_D_SERIE_DU_JOUR              7m09s      7m07s      -2s  ✅  There is A Mighty River Flowing - Ketu HF
23:33:05 BLOC_E_LOUANGE_NUIT               6m06s      6m05s      -1s  ✅  cantique  ta bonte
23:39:10 BLOC_E_LOUANGE_NUIT               4m33s      4m29s      -4s  ✅  God is Building - Will You Be - Ketu HF
23:43:39 BLOC_E_LOUANGE_NUIT               6m34s      6m33s      -1s  ✅  cantique  béni soit le dieu d israël
23:50:12 BLOC_E_LOUANGE_NUIT               5m07s      5m03s      -4s  ✅  We Shall Come - Asaba Fellowship
23:55:15 BLOC_E_LOUANGE_NUIT               2m20s      2m17s      -3s  ✅  cantique  heureux l homme qui ne marche pas selon
23:57:32 BLOC_E_LOUANGE_NUIT               5m02s      4m02s     -60s  ❌ COUPÉ  A Song Of Love
----------------------------------------------------------------------------------------------------
Bilan : 305 titres, 2 anomalie(s) (titre coupé de plus de 10s ou trou d'antenne). Gravité : 1 mineure(s) <1min · 1 sérieuse(s) 1-10min · 0 critique(s) >10min.

====================================================================================================
CONTRÔLES APPROFONDIS
====================================================================================================
MESSAGE DU JOUR « Tian Le pardon 8 » : 4 diffusion(s) pour 4 prévue(s) ✅
   00:03:27  (étiquette BLOC_A_SERIE_DU_JOUR)
   06:00:32  (étiquette BLOC_B_SERIE_DU_JOUR)
   12:00:22  (étiquette BLOC_C_SERIE_DU_JOUR)
   18:00:40  (étiquette BLOC_D_SERIE_DU_JOUR)
JINGLES : 38 joués / 36 prévus (106%) ✅   ·   BLOC_A 8/9 · BLOC_B 12/9 · BLOC_C 9/9 · BLOC_D 9/9
HORS FENÊTRE : 1 titre(s) d'un bloc joués hors de sa plage ⚠️
   12:00:02  jingle avant message 03 vous ecoutez parole prophetique fm — prévu dans BLOC_A (00:00-06:00)
BOUCHE-TROUS : 1 titre(s) hors plan sans playlist ⚠️
   00:01:42  ?  (1m35s)
COUVERTURE : premier titre à 00:01:42 ✅ · dernier titre finit vers 00:02:34 (estimé) ✅

====================================================================================================
RÉEL vs PRÉVU — ce qui a joué vs ce que le plan prévoyait
====================================================================================================
----------------------------------------------------------------------------------------------------
BLOC_A  (00:00-06:00)  prévus  79 · atteignables  72 · joués  73 · conformité 100% · sautés  0 · en trop  1
   ➕  JOUÉ NON PRÉVU : ?
   ⏸️  FIN DE BLOC NON ATTEINTE (7 titres · ~35m06s) — marge anti-rebouclage au-delà de la fenêtre, normal : Zacharie 6 · Zacharie 7 · Zacharie 8 · jingle id station 03 notre mission annonce levangile · A jamais, tu seras l Agneau de Dieu · 10 minutes  …(+1)
----------------------------------------------------------------------------------------------------
BLOC_B  (06:00-12:00)  prévus  80 · atteignables  76 · joués  80 · conformité 100% · sautés  0 · en trop  4
   ➕  JOUÉ NON PRÉVU : Psaumes 117 · jingle avant louange 05 elevons nos coeurs vers dieu · JINGLE · jingle avant message 05 vous etes a lecoute de levangile du royaume
   ⏸️  FIN DE BLOC NON ATTEINTE (4 titres · ~22m08s) — marge anti-rebouclage au-delà de la fenêtre, normal : cantique   ta lumière · Yeshua I'm Waiting for You  - Ketu HF · cantique  béni soit le dieu d israël · jai donné ma vie à jésus (1)
----------------------------------------------------------------------------------------------------
BLOC_C  (12:00-18:00)  prévus  81 · atteignables  79 · joués  80 · conformité  99% · sautés  1 · en trop  2
   ⏭️  PRÉVU NON JOUÉ : jingle avant message 04 bienvenue sur parole prophetique fm
   ➕  JOUÉ NON PRÉVU : jingle avant message 03 vous ecoutez parole prophetique fm · Psaumes 12
   ⏸️  FIN DE BLOC NON ATTEINTE (2 titres · ~20m24s) — marge anti-rebouclage au-delà de la fenêtre, normal : Great & Marvelluos - Toronto HF · We Worship Adonai - PHF
----------------------------------------------------------------------------------------------------
BLOC_D  (18:00-23:30)  prévus  69 · atteignables  66 · joués  66 · conformité 100% · sautés  0 · en trop  0
   ⏸️  FIN DE BLOC NON ATTEINTE (3 titres · ~22m30s) — marge anti-rebouclage au-delà de la fenêtre, normal : 15 at 01.33.50 (1)(1) · Il s'appelait Emmanuel - Marcel Boungou + Paroles · Arise Out of Zion  - Winnipeg Fellowship
----------------------------------------------------------------------------------------------------
CONFORMITÉ GLOBALE : 292/293 titres atteignables joués dans l'ordre = 100%  (7 titre(s) hors plan · 16 non atteint(s) en fin de bloc, marge normale)
