Rapport de diffusion — 2026-06-10 (heures UTC)
149 titres joués | tolérance ±10s
====================================================================================================
HEURE    PLAYLIST                     FICHIER          RÉEL    ÉCART  STATUT  TITRE
----------------------------------------------------------------------------------------------------
00:01:04 BLOC_A_SERIE_DU_JOUR              6m41s      6m38s      -3s  ✅  6 minutes
00:07:42 BLOC_A_SERIE_DU_JOUR              5m28s      5m26s      -2s  ✅  même humilié
00:13:08 BLOC_A_SERIE_DU_JOUR              0m07s      0m05s      -2s  ✅  Parole Prophétique FM
00:13:13 BLOC_A_SERIE_DU_JOUR              6m57s      6m55s      -2s  ✅  qui est digne d ouvrir le livre
00:20:08 BLOC_A_SERIE_DU_JOUR              4m52s      4m49s      -3s  ✅  cantique   prends tout le contrôle
00:24:57 BLOC_A_SERIE_DU_JOUR              0m08s      0m06s      -2s  ✅  jingle avant message 02 enseignement parole de dieu
00:25:03 BLOC_D_SERIE_DU_JOUR           2h36m21s      0m18s   -9363s  ❌ COUPÉ  bosson 1 la marche avec dieu
00:25:21 BLOC_A_SERIE_DU_JOUR           2h36m21s      0m49s   -9332s  ❌ COUPÉ  bosson 1 la marche avec dieu
00:26:10 BLOC_A_SERIE_DU_JOUR              5m49s     38m52s   +1983s  ⚠️ TROU APRÈS  Luc
01:05:02 BLOC_A_SERIE_DU_JOUR              7m35s      7m32s      -3s  ✅  Luc 7
01:12:34 BLOC_A_SERIE_DU_JOUR              3m02s     16m28s    +806s  ⚠️ TROU APRÈS  2 Corinthiens
01:29:02 BLOC_A_SERIE_DU_JOUR           2h36m21s      0m08s   -9373s  ❌ COUPÉ  bosson 1 la marche avec dieu
01:29:10 BLOC_A_SERIE_DU_JOUR              5m19s      5m17s      -2s  ✅  Gabrielle LIDJI - Mélodie Céleste  by LFXA(Light FX Animation)_2
01:34:27 BLOC_A_SERIE_DU_JOUR              4m52s      4m50s      -2s  ✅  cantique   prends tout le contrôle
01:39:17 BLOC_A_SERIE_DU_JOUR              6m06s      6m04s      -2s  ✅  cantique  ta bonte
01:45:21 BLOC_A_SERIE_DU_JOUR              6m35s      6m35s      +0s  ✅  cantique   ta lumière
01:51:56 BLOC_A_SERIE_DU_JOUR           2h36m21s      0m13s   -9368s  ❌ COUPÉ  bosson 1 la marche avec dieu
01:52:09 BLOC_A_SERIE_DU_JOUR              3m22s      3m20s      -2s  ✅  Ses cheveux étaient blancs..
01:55:29 BLOC_A_SERIE_DU_JOUR              6m28s      6m25s      -3s  ✅  Le Bien-Etre Universel
02:01:54 BLOC_A_SERIE_DU_JOUR              5m13s      5m11s      -2s  ✅  Il s'appelait Emmanuel - Marcel Boungou + Paroles
02:07:05 BLOC_A_SERIE_DU_JOUR              3m41s      3m39s      -2s  ✅  Adorons l'Éternel GAEL - JÉSUS EST SEIGNEUR -
02:10:44 BLOC_A_SERIE_DU_JOUR              2m16s      2m13s      -3s  ✅  cantique  nous sommes le sel de la terre
02:12:57 BLOC_A_SERIE_DU_JOUR              9m23s      9m21s      -2s  ✅  10 minutes
02:22:18 BLOC_A_SERIE_DU_JOUR              6m09s      6m06s      -3s  ✅  Hymne des vainqueurs
02:28:24 BLOC_A_SERIE_DU_JOUR              4m13s      4m14s      +1s  ✅  4 minutes
02:32:38 BLOC_A_SERIE_DU_JOUR           2h36m21s      0m33s   -9348s  ❌ COUPÉ  bosson 1 la marche avec dieu
02:33:11 BLOC_A_SERIE_DU_JOUR              5m59s     35m13s   +1754s  ⚠️ TROU APRÈS  1 Samuel
03:08:24 BLOC_A_SERIE_DU_JOUR           2h36m21s      0m54s   -9327s  ❌ COUPÉ  bosson 1 la marche avec dieu
03:09:18 BLOC_A_SERIE_DU_JOUR              5m10s      5m08s      -2s  ✅  Igwe
03:14:26 BLOC_A_SERIE_DU_JOUR              5m28s      5m25s      -3s  ✅  même humilié
03:19:51 BLOC_A_SERIE_DU_JOUR              6m57s      6m55s      -2s  ✅  qui est digne d ouvrir le livre
03:26:46 BLOC_A_SERIE_DU_JOUR              2m20s      2m25s      +5s  ✅  cantique  heureux l homme qui ne marche pas selon
03:29:11 BLOC_A_SERIE_DU_JOUR              7m17s      7m15s      -2s  ✅  cantique  tes promesses  pub direct dec 2021 import (2)
03:36:26 BLOC_A_SERIE_DU_JOUR              4m11s      4m08s      -3s  ✅  jai donné ma vie à jésus (1)
03:40:34 BLOC_A_SERIE_DU_JOUR              3m12s      3m10s      -2s  ✅  esprit de dieu
03:43:44 BLOC_A_SERIE_DU_JOUR              6m41s      6m38s      -3s  ✅  6 minutes
03:50:22 BLOC_A_SERIE_DU_JOUR              6m34s      6m31s      -3s  ✅  cantique  béni soit le dieu d israël
03:56:53 BLOC_A_SERIE_DU_JOUR              5m13s      5m11s      -2s  ✅  Il s'appelait Emmanuel - Marcel Boungou + Paroles
04:02:04 BLOC_A_SERIE_DU_JOUR              2m16s      2m13s      -3s  ✅  cantique  nous sommes le sel de la terre
04:04:17 BLOC_A_SERIE_DU_JOUR              6m06s      6m06s      +0s  ✅  cantique  ta bonte
04:10:23 BLOC_A_SERIE_DU_JOUR           2h36m21s      0m47s   -9334s  ❌ COUPÉ  bosson 1 la marche avec dieu
04:11:10 BLOC_A_SERIE_DU_JOUR              3m26s      3m23s      -3s  ✅  Abdias
04:14:33 BLOC_A_SERIE_DU_JOUR              3m27s     43m22s   +2395s  ⚠️ TROU APRÈS  Matthieu
04:57:55 BLOC_A_SERIE_DU_JOUR           2h36m21s      0m15s   -9366s  ❌ COUPÉ  bosson 1 la marche avec dieu
04:58:10 BLOC_A_SERIE_DU_JOUR              5m28s      5m26s      -2s  ✅  même humilié
05:03:36 BLOC_A_SERIE_DU_JOUR              6m06s      6m04s      -2s  ✅  cantique  ta bonte
05:09:40 BLOC_A_SERIE_DU_JOUR              6m28s      6m25s      -3s  ✅  Le Bien-Etre Universel
05:16:05 BLOC_A_SERIE_DU_JOUR              2m16s      2m13s      -3s  ✅  cantique  nous sommes le sel de la terre
05:18:18 BLOC_A_SERIE_DU_JOUR              2m20s      2m17s      -3s  ✅  cantique  heureux l homme qui ne marche pas selon
05:20:35 BLOC_A_SERIE_DU_JOUR              3m22s      3m20s      -2s  ✅  Ses cheveux étaient blancs..
05:23:55 BLOC_A_SERIE_DU_JOUR              6m57s      6m54s      -3s  ✅  qui est digne d ouvrir le livre
05:30:49 BLOC_A_SERIE_DU_JOUR              5m10s      5m08s      -2s  ✅  Igwe
05:35:57 BLOC_A_SERIE_DU_JOUR              5m19s      5m17s      -2s  ✅  Gabrielle LIDJI - Mélodie Céleste  by LFXA(Light FX Animation)_2
05:41:14 BLOC_A_SERIE_DU_JOUR              6m34s      6m31s      -3s  ✅  cantique  béni soit le dieu d israël
05:47:45 BLOC_A_SERIE_DU_JOUR              4m11s      4m08s      -3s  ✅  jai donné ma vie à jésus (1)
05:51:53 BLOC_A_SERIE_DU_JOUR              3m12s      3m10s      -2s  ✅  esprit de dieu
05:55:03 BLOC_A_SERIE_DU_JOUR              9m23s      9m24s      +1s  ✅  10 minutes
06:04:27 BLOC_A_SERIE_DU_JOUR           2h36m21s      0m49s   -9332s  ❌ COUPÉ  bosson 1 la marche avec dieu
06:05:16 BLOC_B_SERIE_DU_JOUR              2m24s     22m02s   +1178s  ⚠️ TROU APRÈS  Osee
06:27:18 BLOC_B_SERIE_DU_JOUR              5m41s     39m51s   +2050s  ⚠️ TROU APRÈS  1 Chronicles
07:07:09 BLOC_B_SERIE_DU_JOUR              7m16s     29m53s   +1357s  ⚠️ TROU APRÈS  Marc
07:37:02 BLOC_B_SERIE_DU_JOUR              2m37s     17m41s    +904s  ⚠️ TROU APRÈS  Michee
07:54:43 BLOC_B_SERIE_DU_JOUR              1m40s     16m08s    +868s  ⚠️ TROU APRÈS  1 John
08:10:51 BLOC_B_SERIE_DU_JOUR              2m54s     10m27s    +453s  ⚠️ TROU APRÈS  Malachie
08:21:18 BLOC_B_SERIE_DU_JOUR              4m02s      3m59s      -3s  ✅  Esther 1
08:25:17 BLOC_B_SERIE_DU_JOUR              4m04s      4m02s      -2s  ✅  2 Pierre
08:29:19 BLOC_B_SERIE_DU_JOUR              5m36s     13m30s    +474s  ⚠️ TROU APRÈS  La Bible
08:42:49 BLOC_B_SERIE_DU_JOUR           2h36m21s   2h36m20s      -1s  ✅  bosson 1 la marche avec dieu
11:19:09 BLOC_B_SERIE_DU_JOUR              4m27s      4m26s      -1s  ✅  Jude
11:23:35 BLOC_B_SERIE_DU_JOUR           2h36m21s      0m36s   -9345s  ❌ COUPÉ  bosson 1 la marche avec dieu
11:24:11 BLOC_B_SERIE_DU_JOUR              5m19s     10m33s    +314s  ⚠️ TROU APRÈS  Gabrielle LIDJI - Mélodie Céleste  by LFXA(Light FX Animation)_2
11:34:44 BLOC_B_SERIE_DU_JOUR              3m22s      6m40s    +198s  ⚠️ TROU APRÈS  Ses cheveux étaient blancs..
11:41:24 BLOC_B_SERIE_DU_JOUR              5m13s     15m32s    +619s  ⚠️ TROU APRÈS  Il s'appelait Emmanuel - Marcel Boungou + Paroles
11:56:56 BLOC_B_SERIE_DU_JOUR              3m41s      7m21s    +220s  ⚠️ TROU APRÈS  Adorons l'Éternel GAEL - JÉSUS EST SEIGNEUR -
12:04:17 BLOC_B_SERIE_DU_JOUR           2h36m21s      0m58s   -9323s  ❌ COUPÉ  bosson 1 la marche avec dieu
12:05:15 BLOC_C_SERIE_DU_JOUR              5m19s      5m17s      -2s  ✅  Gabrielle LIDJI - Mélodie Céleste  by LFXA(Light FX Animation)_2
12:10:32 BLOC_C_SERIE_DU_JOUR              3m22s      6m39s    +197s  ⚠️ TROU APRÈS  Ses cheveux étaient blancs..
12:17:11 BLOC_C_SERIE_DU_JOUR              5m13s      5m11s      -2s  ✅  Il s'appelait Emmanuel - Marcel Boungou + Paroles
12:22:22 BLOC_C_SERIE_DU_JOUR              3m41s     10m57s    +436s  ⚠️ TROU APRÈS  Adorons l'Éternel GAEL - JÉSUS EST SEIGNEUR -
12:33:19 BLOC_C_SERIE_DU_JOUR              6m09s     12m14s    +365s  ⚠️ TROU APRÈS  Hymne des vainqueurs
12:45:33 BLOC_C_SERIE_DU_JOUR              5m10s     15m22s    +612s  ⚠️ TROU APRÈS  Igwe
13:00:55 BLOC_C_SERIE_DU_JOUR              6m28s      6m26s      -2s  ✅  Le Bien-Etre Universel
13:07:21 BLOC_C_SERIE_DU_JOUR              6m41s     19m54s    +793s  ⚠️ TROU APRÈS  6 minutes
13:27:15 BLOC_C_SERIE_DU_JOUR              4m13s     12m31s    +498s  ⚠️ TROU APRÈS  4 minutes
13:39:46 BLOC_C_SERIE_DU_JOUR              9m23s     18m45s    +562s  ⚠️ TROU APRÈS  10 minutes
13:58:31 BLOC_C_SERIE_DU_JOUR           2h36m21s      0m41s   -9340s  ❌ COUPÉ  bosson 1 la marche avec dieu
13:59:12 BLOC_C_SERIE_DU_JOUR           2h36m21s      1m19s   -9302s  ❌ COUPÉ  bosson 1 la marche avec dieu
14:00:31 BLOC_C_SERIE_DU_JOUR           2h36m21s      0m39s   -9342s  ❌ COUPÉ  bosson 1 la marche avec dieu
14:01:10 BLOC_C_SERIE_DU_JOUR              0m07s      0m04s      -3s  ✅  Parole Prophétique FM
14:01:14 BLOC_C_SERIE_DU_JOUR           2h36m21s      1m00s   -9321s  ❌ COUPÉ  bosson 1 la marche avec dieu
14:02:14 BLOC_C_SERIE_DU_JOUR           2h36m21s      0m58s   -9323s  ❌ COUPÉ  bosson 1 la marche avec dieu
14:03:12 BLOC_C_SERIE_DU_JOUR              6m57s     27m38s   +1241s  ⚠️ TROU APRÈS  qui est digne d ouvrir le livre
14:30:50 BLOC_C_SERIE_DU_JOUR              3m12s      6m20s    +188s  ⚠️ TROU APRÈS  esprit de dieu
14:37:10 BLOC_C_SERIE_DU_JOUR              2m20s      2m17s      -3s  ✅  cantique  heureux l homme qui ne marche pas selon
14:39:27 BLOC_C_SERIE_DU_JOUR              4m11s      8m16s    +245s  ⚠️ TROU APRÈS  jai donné ma vie à jésus (1)
14:47:43 BLOC_C_SERIE_DU_JOUR              2m16s      4m26s    +130s  ⚠️ TROU APRÈS  cantique  nous sommes le sel de la terre
14:52:09 BLOC_C_SERIE_DU_JOUR              7m17s     14m30s    +433s  ⚠️ TROU APRÈS  cantique  tes promesses  pub direct dec 2021 import (2)
15:06:39 BLOC_C_SERIE_DU_JOUR              5m28s     10m51s    +323s  ⚠️ TROU APRÈS  même humilié
15:17:30 BLOC_C_SERIE_DU_JOUR              4m52s     14m30s    +578s  ⚠️ TROU APRÈS  cantique   prends tout le contrôle
15:32:00 BLOC_C_SERIE_DU_JOUR              6m35s     19m38s    +783s  ⚠️ TROU APRÈS  cantique   ta lumière
15:51:38 BLOC_C_SERIE_DU_JOUR              0m05s      0m03s      -2s  ✅  jingle avant louange 04 suite de la selection musicale
15:51:41 BLOC_C_SERIE_DU_JOUR           2h36m21s      0m31s   -9350s  ❌ COUPÉ  bosson 1 la marche avec dieu
15:52:12 BLOC_C_SERIE_DU_JOUR           2h36m21s      0m58s   -9323s  ❌ COUPÉ  bosson 1 la marche avec dieu
15:53:10 BLOC_C_SERIE_DU_JOUR              0m07s      0m05s      -2s  ✅  jingle avant louange 02 voici notre selection de cantiques
15:53:15 BLOC_C_SERIE_DU_JOUR           2h36m21s      0m59s   -9322s  ❌ COUPÉ  bosson 1 la marche avec dieu
15:54:14 BLOC_C_SERIE_DU_JOUR           2h36m21s      1m06s   -9315s  ❌ COUPÉ  bosson 1 la marche avec dieu
15:55:20 BLOC_C_SERIE_DU_JOUR           2h36m21s      0m52s   -9329s  ❌ COUPÉ  bosson 1 la marche avec dieu
15:56:12 BLOC_C_SERIE_DU_JOUR           2h36m21s      0m58s   -9323s  ❌ COUPÉ  bosson 1 la marche avec dieu
15:57:10 BLOC_C_SERIE_DU_JOUR              0m07s      0m05s      -2s  ✅  jingle avant bible 02 voici la lecture de la bible
15:57:15 BLOC_C_SERIE_DU_JOUR           2h36m21s      1m01s   -9320s  ❌ COUPÉ  bosson 1 la marche avec dieu
15:58:16 BLOC_C_SERIE_DU_JOUR           2h36m21s      0m54s   -9327s  ❌ COUPÉ  bosson 1 la marche avec dieu
15:59:10 BLOC_C_SERIE_DU_JOUR              3m00s      2m58s      -2s  ✅  Jonas 1
16:02:08 BLOC_C_SERIE_DU_JOUR              1m22s      1m18s      -4s  ✅  Jonas 2
16:03:26 BLOC_C_SERIE_DU_JOUR             10m04s     59m20s   +2956s  ⚠️ TROU APRÈS  1 Roi
17:02:46 BLOC_C_SERIE_DU_JOUR              5m06s      5m03s      -3s  ✅  Lévitique 22
17:07:49 BLOC_C_SERIE_DU_JOUR              6m58s      6m56s      -2s  ✅  Lévitique 23
17:14:45 BLOC_C_SERIE_DU_JOUR              3m11s      3m08s      -3s  ✅  Lévitique 24
17:17:53 BLOC_C_SERIE_DU_JOUR              8m13s      8m11s      -2s  ✅  Lévitique 25
17:26:04 BLOC_C_SERIE_DU_JOUR              6m53s      6m50s      -3s  ✅  Lévitique 26
17:32:54 BLOC_C_SERIE_DU_JOUR              1m57s      1m54s      -3s  ✅  Cantique des Cantiques 7
17:34:48 BLOC_C_SERIE_DU_JOUR              1m51s     27m06s   +1515s  ⚠️ TROU APRÈS  Zacharie
18:01:54 BLOC_D_SERIE_DU_JOUR              3m07s     12m17s    +550s  ⚠️ TROU APRÈS  Joel
18:14:11 BLOC_D_SERIE_DU_JOUR              5m19s     10m34s    +315s  ⚠️ TROU APRÈS  Gabrielle LIDJI - Mélodie Céleste  by LFXA(Light FX Animation)_2
18:24:45 BLOC_D_SERIE_DU_JOUR              3m22s      3m19s      -3s  ✅  Ses cheveux étaient blancs..
18:28:04 BLOC_D_SERIE_DU_JOUR              5m13s     10m22s    +309s  ⚠️ TROU APRÈS  Il s'appelait Emmanuel - Marcel Boungou + Paroles
18:38:26 BLOC_D_SERIE_DU_JOUR              3m41s      7m17s    +216s  ⚠️ TROU APRÈS  Adorons l'Éternel GAEL - JÉSUS EST SEIGNEUR -
18:45:43 BLOC_D_SERIE_DU_JOUR              6m09s      6m07s      -2s  ✅  Hymne des vainqueurs
18:51:50 BLOC_D_SERIE_DU_JOUR              5m10s      5m08s      -2s  ✅  Igwe
18:56:58 BLOC_D_SERIE_DU_JOUR              6m28s     12m50s    +382s  ⚠️ TROU APRÈS  Le Bien-Etre Universel
19:09:48 BLOC_D_SERIE_DU_JOUR              6m41s      6m39s      -2s  ✅  6 minutes
19:16:27 BLOC_D_SERIE_DU_JOUR              4m13s      8m14s    +241s  ⚠️ TROU APRÈS  4 minutes
19:24:41 BLOC_D_SERIE_DU_JOUR           1h29m59s      0m41s   -5358s  ❌ COUPÉ  bosson 1 la marche avec dieu(1)
19:25:22 BLOC_D_SERIE_DU_JOUR           1h29m59s   1h30m50s     +51s  ⚠️ TROU APRÈS  bosson 1 la marche avec dieu(1)
20:56:12 BLOC_D_SERIE_DU_JOUR              1m49s     10m00s    +491s  ⚠️ TROU APRÈS  1 Thessaloniciens
21:06:12 BLOC_D_SERIE_DU_JOUR              3m29s      3m26s      -3s  ✅  1 Thessaloniciens 2
21:09:38 BLOC_D_SERIE_DU_JOUR              3m00s      2m57s      -3s  ✅  Jonas 1
21:12:35 BLOC_D_SERIE_DU_JOUR              1m22s      1m19s      -3s  ✅  Jonas 2
21:13:54 BLOC_D_SERIE_DU_JOUR              4m47s     47m18s   +2551s  ⚠️ TROU APRÈS  1 Roi
22:01:12 BLOC_D_SERIE_DU_JOUR              3m22s      3m19s      -3s  ✅  Ses cheveux étaient blancs..
22:04:31 BLOC_D_SERIE_DU_JOUR              5m28s      5m26s      -2s  ✅  même humilié
22:09:57 BLOC_D_SERIE_DU_JOUR              3m12s      3m10s      -2s  ✅  esprit de dieu
22:13:07 BLOC_D_SERIE_DU_JOUR              6m41s      6m38s      -3s  ✅  6 minutes
22:19:45 BLOC_D_SERIE_DU_JOUR              6m09s      6m07s      -2s  ✅  Hymne des vainqueurs
22:25:52 BLOC_D_SERIE_DU_JOUR              7m17s      7m15s      -2s  ✅  cantique  tes promesses  pub direct dec 2021 import (2)
22:33:07 BLOC_D_SERIE_DU_JOUR              4m52s      4m50s      -2s  ✅  cantique   prends tout le contrôle
22:37:57 BLOC_D_SERIE_DU_JOUR              6m28s      6m25s      -3s  ✅  Le Bien-Etre Universel
22:44:22 BLOC_D_SERIE_DU_JOUR              5m10s      5m07s      -3s  ✅  Igwe
22:49:29 BLOC_D_SERIE_DU_JOUR              5m13s      5m11s      -2s  ✅  Il s'appelait Emmanuel - Marcel Boungou + Paroles
22:54:40 BLOC_B_SERIE_DU_JOUR           1h29m59s          ?           ⏳ dernier titre (durée réelle inconnue)  bosson 1 la marche avec dieu(1)
----------------------------------------------------------------------------------------------------
Bilan : 149 titres, 66 anomalie(s) (titre coupé de plus de 10s ou trou d'antenne).
