====================================================================================================
MONITEUR RADIO — 2026-08-15 (synthèse des 3 rapports + plan, heures UTC)
====================================================================================================
État : ❌ incident(s) détecté(s)  ·  diffusion : 1 coupure(s)/trou(s), 0 double(s) message  ·  serveur : 63 incident(s)
SERVEUR (liquidsoap_events) :
   00:01:26  💥 crash Liquidsoap (redémarrage automatique)  (×2)
   00:01:31  🔇 bascule sur jingle d'erreur (silence potentiel)  (×3)
   23:32:34  🌐 échec réseau AzuraCast/Liquidsoap  (×58)
RESET MINUIT : restart confirmé vers 00:02:08 · 3 contrôle(s) · ⚠️ doublon vu dans la file
INCIDENTS CORRÉLÉS (anomalie de diffusion ↔ cause serveur probable) :
   23:54:50  COUPÉ 86s « In the Day of Your Power  - Winnipeg Fellowship »
          ↳ aucune cause serveur à proximité (voir CONTRÔLES APPROFONDIS et RÉEL vs PRÉVU ci-dessous)
(Détail titre par titre, contrôles approfondis et RÉEL vs PRÉVU ci-dessous.)
Rapport de diffusion — 2026-08-15 (heures UTC)
264 titres joués | tolérance ±10s
====================================================================================================
HEURE    PLAYLIST                     FICHIER          RÉEL    ÉCART  STATUT  TITRE
----------------------------------------------------------------------------------------------------
00:01:38 ?                                 3m11s      3m11s      +0s  ✅  ?
00:04:49 BLOC_A_SERIE_DU_JOUR              0m10s      0m08s      -2s  ✅  jingle avant message 04 bienvenue sur parole prophetique fm
00:04:57 BLOC_A_SERIE_DU_JOUR           1h12m03s   1h12m00s      -3s  ✅  nous faire part 1
01:16:57 BLOC_A_SERIE_DU_JOUR              0m10s      0m08s      -2s  ✅  jingle avant bible 06 ouvrons les saintes ecritures
01:17:05 BLOC_A_SERIE_DU_JOUR              4m20s      4m17s      -3s  ✅  2 Corinthiens 1
01:21:22 BLOC_A_SERIE_DU_JOUR              2m49s      2m47s      -2s  ✅  2 Corinthiens 2
01:24:09 BLOC_A_SERIE_DU_JOUR              3m02s      3m00s      -2s  ✅  2 Corinthiens 3
01:27:09 BLOC_A_SERIE_DU_JOUR              3m24s      3m21s      -3s  ✅  2 Corinthiens 4
01:30:30 BLOC_A_SERIE_DU_JOUR              3m29s      3m27s      -2s  ✅  2 Corinthiens 5
01:33:57 BLOC_A_SERIE_DU_JOUR              3m03s      3m01s      -2s  ✅  2 Corinthiens 6
01:36:58 BLOC_A_SERIE_DU_JOUR              3m38s      3m35s      -3s  ✅  2 Corinthiens 7
01:40:33 BLOC_A_SERIE_DU_JOUR              4m06s      4m04s      -2s  ✅  2 Corinthiens 8
01:44:37 BLOC_A_SERIE_DU_JOUR              2m53s      2m51s      -2s  ✅  2 Corinthiens 9
01:47:28 BLOC_A_SERIE_DU_JOUR              3m24s      3m21s      -3s  ✅  2 Corinthiens 10
01:50:49 BLOC_A_SERIE_DU_JOUR              5m26s      5m24s      -2s  ✅  2 Corinthiens 11
01:56:13 BLOC_A_SERIE_DU_JOUR              4m28s      4m25s      -3s  ✅  2 Corinthiens 12
02:00:38 BLOC_A_SERIE_DU_JOUR              2m25s      2m22s      -3s  ✅  2 Corinthiens 13
02:03:00 BLOC_A_SERIE_DU_JOUR              2m05s      2m03s      -2s  ✅  3 Jean 1
02:05:03 BLOC_A_SERIE_DU_JOUR              0m11s      0m09s      -2s  ✅  jingle avant louange 05 elevons nos coeurs vers dieu
02:05:12 BLOC_A_SERIE_DU_JOUR              5m04s      5m01s      -3s  ✅  I Enter The Holy of Holies - Port Harcourt HF
02:10:13 BLOC_A_SERIE_DU_JOUR              5m28s      5m25s      -3s  ✅  même humilié
02:15:38 BLOC_A_SERIE_DU_JOUR              4m48s      4m47s      -1s  ✅  Yeshua I'm Waiting for You  - Ketu HF
02:20:25 BLOC_A_SERIE_DU_JOUR              2m57s      2m54s      -3s  ✅  You Are the Captain of the Host - Toronto HF
02:23:19 BLOC_A_SERIE_DU_JOUR             10m13s     10m10s      -3s  ✅  As We Worship - Toronto & Winnipeg HF
02:33:29 BLOC_A_SERIE_DU_JOUR             10m47s     10m45s      -2s  ✅  Abba, Singing a, I Will Sing - Ketu HF
02:44:14 BLOC_A_SERIE_DU_JOUR             11m54s     11m51s      -3s  ✅  Great & Marvelluos - Toronto HF
02:56:05 BLOC_A_SERIE_DU_JOUR              0m13s      0m11s      -2s  ✅  jingle avant bible 07 place a la lecture de la bible
02:56:16 BLOC_A_SERIE_DU_JOUR              3m12s      3m09s      -3s  ✅  Ésaïe 58
02:59:25 BLOC_A_SERIE_DU_JOUR              3m58s      3m55s      -3s  ✅  Ésaïe 59
03:03:20 BLOC_A_SERIE_DU_JOUR              4m03s      4m00s      -3s  ✅  Ésaïe 60
03:07:20 BLOC_A_SERIE_DU_JOUR              2m24s      2m22s      -2s  ✅  Ésaïe 61
03:09:42 BLOC_A_SERIE_DU_JOUR              2m20s      2m17s      -3s  ✅  Ésaïe 62
03:11:59 BLOC_A_SERIE_DU_JOUR              3m30s      3m27s      -3s  ✅  Ésaïe 63
03:15:26 BLOC_A_SERIE_DU_JOUR              2m02s      2m00s      -2s  ✅  Ésaïe 64
03:17:26 BLOC_A_SERIE_DU_JOUR              4m47s      4m44s      -3s  ✅  Ésaïe 65
03:22:10 BLOC_A_SERIE_DU_JOUR              0m10s      0m08s      -2s  ✅  jingle avant louange 06 que la louange seleve
03:22:18 BLOC_A_SERIE_DU_JOUR              6m28s      6m26s      -2s  ✅  Le Bien-Etre Universel
03:28:44 BLOC_A_SERIE_DU_JOUR              3m19s      3m16s      -3s  ✅  Awaken My Heart
03:32:00 BLOC_A_SERIE_DU_JOUR              4m20s      4m17s      -3s  ✅  There's A Mighty River Flowing - SWBN TV
03:36:17 BLOC_A_SERIE_DU_JOUR              9m31s      9m28s      -3s  ✅  15 at 01.33.50 (1)(1)
03:45:45 BLOC_A_SERIE_DU_JOUR              4m52s      4m50s      -2s  ✅  cantique   prends tout le contrôle
03:50:35 BLOC_A_SERIE_DU_JOUR              8m21s      8m19s      -2s  ✅  In the Day of Your Power  - Winnipeg Fellowship
03:58:54 BLOC_A_SERIE_DU_JOUR              8m37s      8m35s      -2s  ✅  He Has Given Me & Emmanuel You Joy Over Us (Medley) (Abasiama Timothy & Imah Adegoke)
04:07:29 BLOC_A_SERIE_DU_JOUR              9m24s      9m21s      -3s  ✅  I See Your Face - Toronto HF
04:16:50 BLOC_A_SERIE_DU_JOUR              0m09s      0m07s      -2s  ✅  jingle avant bible 08 prenons un moment pour ecouter la parole
04:16:57 BLOC_A_SERIE_DU_JOUR              1m11s      1m08s      -3s  ✅  Psaumes 28
04:18:05 BLOC_A_SERIE_DU_JOUR              1m05s      1m03s      -2s  ✅  Psaumes 29
04:19:08 BLOC_A_SERIE_DU_JOUR              1m17s      1m15s      -2s  ✅  Psaumes 30
04:20:23 BLOC_A_SERIE_DU_JOUR              3m00s      2m57s      -3s  ✅  Psaumes 31
04:23:20 BLOC_A_SERIE_DU_JOUR              1m25s      1m22s      -3s  ✅  Psaumes 32
04:24:42 BLOC_A_SERIE_DU_JOUR              2m04s      2m01s      -3s  ✅  Psaumes 33
04:26:43 BLOC_A_SERIE_DU_JOUR              2m05s      2m03s      -2s  ✅  Psaumes 34
04:28:46 BLOC_A_SERIE_DU_JOUR              3m04s      3m01s      -3s  ✅  Psaumes 35
04:31:47 BLOC_A_SERIE_DU_JOUR              1m18s      1m16s      -2s  ✅  Psaumes 36
04:33:03 BLOC_A_SERIE_DU_JOUR              3m49s      3m46s      -3s  ✅  Psaumes 37
04:36:49 BLOC_A_SERIE_DU_JOUR              1m58s      1m56s      -2s  ✅  Psaumes 38
04:38:45 BLOC_A_SERIE_DU_JOUR              1m32s      1m29s      -3s  ✅  Psaumes 39
04:40:14 BLOC_A_SERIE_DU_JOUR              2m20s      2m17s      -3s  ✅  Psaumes 40
04:42:31 BLOC_A_SERIE_DU_JOUR              1m21s      1m19s      -2s  ✅  Psaumes 41
04:43:50 BLOC_A_SERIE_DU_JOUR              1m31s      1m29s      -2s  ✅  Psaumes 42
04:45:19 BLOC_A_SERIE_DU_JOUR              0m46s      0m43s      -3s  ✅  Psaumes 43
04:46:02 BLOC_A_SERIE_DU_JOUR              2m30s      2m27s      -3s  ✅  Psaumes 44
04:48:29 BLOC_A_SERIE_DU_JOUR              2m02s      2m00s      -2s  ✅  Psaumes 45
04:50:29 BLOC_A_SERIE_DU_JOUR              1m13s      1m10s      -3s  ✅  Psaumes 46
04:51:39 BLOC_A_SERIE_DU_JOUR              0m49s      0m47s      -2s  ✅  Psaumes 47
04:52:26 BLOC_A_SERIE_DU_JOUR              0m13s      0m10s      -3s  ✅  jingle avant louange 07 voici un temps de louange
04:52:36 BLOC_A_SERIE_DU_JOUR             10m24s     10m22s      -2s  ✅  Shine in Darkness O Lord  - Winnipeg Fellowship
05:02:58 BLOC_A_SERIE_DU_JOUR              9m23s      9m20s      -3s  ✅  Thou art Worthy Lord - PHF
05:12:18 BLOC_A_SERIE_DU_JOUR              6m09s      6m07s      -2s  ✅  Hymne des vainqueurs
05:18:25 BLOC_A_SERIE_DU_JOUR              5m19s      5m17s      -2s  ✅  Gabrielle LIDJI - Mélodie Céleste  by LFXA(Light FX Animation)_2
05:23:42 BLOC_A_SERIE_DU_JOUR              6m04s      6m02s      -2s  ✅  Sing Unto the Lord a new Song  - Winnipeg Fellowship
05:29:44 BLOC_A_SERIE_DU_JOUR              9m39s      9m36s      -3s  ✅  Psalm 93 - Port Harcourt HF
05:39:20 BLOC_A_SERIE_DU_JOUR              3m22s      3m20s      -2s  ✅  Ses cheveux étaient blancs..
05:42:40 BLOC_A_SERIE_DU_JOUR              0m12s      0m12s      +0s  ✅  jingle id station 03 notre mission annonce levangile
05:42:52 BLOC_A_SERIE_DU_JOUR              2m56s      2m54s      -2s  ✅  Sophonie 1
05:45:46 BLOC_A_SERIE_DU_JOUR              2m46s      2m43s      -3s  ✅  Sophonie 2
05:48:29 BLOC_A_SERIE_DU_JOUR              3m46s      3m44s      -2s  ✅  Sophonie 3
05:52:13 BLOC_A_SERIE_DU_JOUR              5m49s      5m47s      -2s  ✅  Luc 19
05:58:00 BLOC_A_SERIE_DU_JOUR              5m57s      5m54s      -3s  ✅  Luc 20
06:03:54 BLOC_B_SERIE_DU_JOUR              0m10s      0m07s      -3s  ✅  jingle avant message 04 bienvenue sur parole prophetique fm
06:04:01 BLOC_B_SERIE_DU_JOUR           1h12m03s   1h12m01s      -2s  ✅  nous faire part 1
07:16:02 BLOC_B_SERIE_DU_JOUR              0m09s      0m07s      -2s  ✅  jingle avant bible 08 prenons un moment pour ecouter la parole
07:16:09 BLOC_B_SERIE_DU_JOUR              3m22s      3m19s      -3s  ✅  Apocalypse 12
07:19:28 BLOC_B_SERIE_DU_JOUR              3m32s      3m30s      -2s  ✅  Apocalypse 13
07:22:58 BLOC_B_SERIE_DU_JOUR              4m26s      4m23s      -3s  ✅  Apocalypse 14
07:27:21 BLOC_B_SERIE_DU_JOUR              1m38s      1m35s      -3s  ✅  Apocalypse 15
07:28:56 BLOC_B_SERIE_DU_JOUR              3m30s      3m28s      -2s  ✅  Apocalypse 16
07:32:24 BLOC_B_SERIE_DU_JOUR              3m45s      3m42s      -3s  ✅  Apocalypse 17
07:36:06 BLOC_B_SERIE_DU_JOUR              5m15s      5m13s      -2s  ✅  Apocalypse 18
07:41:19 BLOC_B_SERIE_DU_JOUR              4m03s      4m00s      -3s  ✅  Apocalypse 19
07:45:19 BLOC_B_SERIE_DU_JOUR              3m06s      3m04s      -2s  ✅  Apocalypse 20
07:48:23 BLOC_B_SERIE_DU_JOUR              4m56s      4m53s      -3s  ✅  Apocalypse 21
07:53:16 BLOC_B_SERIE_DU_JOUR              3m34s      3m32s      -2s  ✅  Apocalypse 22
07:56:48 BLOC_B_SERIE_DU_JOUR              4m02s      3m59s      -3s  ✅  Esther 1
08:00:47 BLOC_B_SERIE_DU_JOUR              4m44s      4m42s      -2s  ✅  Esther 2
08:05:29 BLOC_B_SERIE_DU_JOUR              0m10s      0m08s      -2s  ✅  jingle avant louange 06 que la louange seleve
08:05:37 BLOC_B_SERIE_DU_JOUR              5m18s      5m15s      -3s  ✅  Now is Come Salvation - Toronto HF
08:10:52 BLOC_B_SERIE_DU_JOUR              6m30s      6m28s      -2s  ✅  Praise the Lord of Host - Toronto HF
08:17:20 BLOC_B_SERIE_DU_JOUR              5m04s      5m02s      -2s  ✅  Guide Me - El ELyon - Abuja HF
08:22:22 BLOC_B_SERIE_DU_JOUR              4m53s      4m50s      -3s  ✅  Cantique Jahweh, Tu es élevé au dessus de tout (1)
08:27:12 BLOC_B_SERIE_DU_JOUR              8m12s      8m09s      -3s  ✅  Jesus is Alpha - PHF
08:35:21 BLOC_B_SERIE_DU_JOUR              8m24s      8m22s      -2s  ✅  Bless Ye the Lord - PHF
08:43:43 BLOC_B_SERIE_DU_JOUR              6m12s      6m09s      -3s  ✅  The King is Here (Abasiama Timothy)
08:49:52 BLOC_B_SERIE_DU_JOUR              5m52s      5m49s      -3s  ✅  Where Two or Three are Gathered - Calabar HF
08:55:41 BLOC_B_SERIE_DU_JOUR              0m10s      0m08s      -2s  ✅  jingle avant bible 06 ouvrons les saintes ecritures
08:55:49 BLOC_B_SERIE_DU_JOUR              3m34s      3m32s      -2s  ✅  Zacharie 1
08:59:21 BLOC_B_SERIE_DU_JOUR              1m51s      1m48s      -3s  ✅  Zacharie 2
09:01:09 BLOC_B_SERIE_DU_JOUR              1m46s      1m43s      -3s  ✅  Zacharie 3
09:02:52 BLOC_B_SERIE_DU_JOUR              2m06s      2m04s      -2s  ✅  Zacharie 4
09:04:56 BLOC_B_SERIE_DU_JOUR              1m38s      1m36s      -2s  ✅  Zacharie 5
09:06:32 BLOC_B_SERIE_DU_JOUR              2m22s      2m19s      -3s  ✅  Zacharie 6
09:08:51 BLOC_B_SERIE_DU_JOUR              2m07s      2m05s      -2s  ✅  Zacharie 7
09:10:56 BLOC_B_SERIE_DU_JOUR              3m51s      3m48s      -3s  ✅  Zacharie 8
09:14:44 BLOC_B_SERIE_DU_JOUR              3m12s      3m10s      -2s  ✅  Zacharie 9
09:17:54 BLOC_B_SERIE_DU_JOUR              2m13s      2m10s      -3s  ✅  Zacharie 10
09:20:04 BLOC_B_SERIE_DU_JOUR              0m13s      0m11s      -2s  ✅  jingle avant louange 07 voici un temps de louange
09:20:15 BLOC_B_SERIE_DU_JOUR              2m16s      2m13s      -3s  ✅  cantique  nous sommes le sel de la terre
09:22:28 BLOC_B_SERIE_DU_JOUR              9m23s      9m21s      -2s  ✅  10 minutes
09:31:49 BLOC_B_SERIE_DU_JOUR              6m02s      5m59s      -3s  ✅  Satisfy My Soul - Calabar HF
09:37:48 BLOC_B_SERIE_DU_JOUR             11m01s     10m59s      -2s  ✅  Great is, Ascribe - Ketu HF
09:48:47 BLOC_B_SERIE_DU_JOUR              3m04s      3m01s      -3s  ✅  The Lord is my Light and Salvation - Nonso Njoku
09:51:48 BLOC_B_SERIE_DU_JOUR              5m02s      4m59s      -3s  ✅  A Song Of Love
09:56:47 BLOC_B_SERIE_DU_JOUR              8m41s      8m39s      -2s  ✅  Unto Him (Vincent Opara)
10:05:26 BLOC_B_SERIE_DU_JOUR              4m52s      4m50s      -2s  ✅  God is Moving Us On - Ketu HF
10:10:16 BLOC_B_SERIE_DU_JOUR              0m13s      0m10s      -3s  ✅  jingle avant bible 07 place a la lecture de la bible
10:10:26 BLOC_B_SERIE_DU_JOUR              5m57s      5m55s      -2s  ✅  Exode 25
10:16:21 BLOC_B_SERIE_DU_JOUR              5m26s      5m23s      -3s  ✅  Exode 26
10:21:44 BLOC_B_SERIE_DU_JOUR              3m27s      3m26s      -1s  ✅  Exode 27
10:25:10 BLOC_B_SERIE_DU_JOUR              7m35s      7m32s      -3s  ✅  Exode 28
10:32:42 BLOC_B_SERIE_DU_JOUR              8m19s      8m16s      -3s  ✅  Exode 29
10:40:58 BLOC_B_SERIE_DU_JOUR              6m18s      6m16s      -2s  ✅  Exode 30
10:47:14 BLOC_B_SERIE_DU_JOUR              0m11s      0m08s      -3s  ✅  jingle avant louange 05 elevons nos coeurs vers dieu
10:47:22 BLOC_B_SERIE_DU_JOUR              5m08s      5m06s      -2s  ✅  He Has Given Me - PHF
10:52:28 BLOC_B_SERIE_DU_JOUR              9m04s      9m01s      -3s  ✅  You're the Lamb - Calabar HF
11:01:29 BLOC_B_SERIE_DU_JOUR              5m52s      5m50s      -2s  ✅  Not Naked (Abasiama Timothy)
11:07:19 BLOC_B_SERIE_DU_JOUR              4m21s      4m18s      -3s  ✅  Sing Hallelujah - Abuja HF
11:11:37 BLOC_B_SERIE_DU_JOUR              6m19s      6m17s      -2s  ✅  Unto Him - CHF
11:17:54 BLOC_B_SERIE_DU_JOUR              6m57s      6m54s      -3s  ✅  The Lord on High is Mightier - Toronto HF
11:24:48 BLOC_B_SERIE_DU_JOUR              9m38s      9m36s      -2s  ✅  Holy are You oh Lord (Olaedo Uzoma & Vincent Opara)
11:34:24 BLOC_B_SERIE_DU_JOUR              6m02s      5m59s      -3s  ✅  Crown Him Lord of Lords - Nonso Njoku
11:40:23 BLOC_B_SERIE_DU_JOUR              0m09s      0m09s      +0s  ✅  jingle id station 01 la bonne nouvelle partout
11:40:32 BLOC_B_SERIE_DU_JOUR              7m22s      7m20s      -2s  ✅  2 Rois 9
11:47:52 BLOC_B_SERIE_DU_JOUR              6m58s      6m56s      -2s  ✅  2 Rois 10
11:54:48 BLOC_B_SERIE_DU_JOUR              4m05s      4m02s      -3s  ✅  2 Rois 11
11:58:50 BLOC_B_SERIE_DU_JOUR              0m09s      0m10s      +1s  ✅  JINGLE
11:59:00 BLOC_B_SERIE_DU_JOUR              6m57s      6m54s      -3s  ✅  qui est digne d ouvrir le livre
12:05:54 BLOC_C_SERIE_DU_JOUR              0m10s      0m11s      +1s  ✅  jingle avant message 01 voici le message du jour
12:06:05 BLOC_C_SERIE_DU_JOUR           1h12m03s   1h12m07s      +4s  ✅  nous faire part 1
13:18:12 BLOC_C_SERIE_DU_JOUR              2m46s      2m44s      -2s  ✅  2 Chroniques 17
13:20:56 BLOC_C_SERIE_DU_JOUR              6m06s      6m04s      -2s  ✅  2 Chroniques 18
13:27:00 BLOC_C_SERIE_DU_JOUR              2m21s      2m18s      -3s  ✅  2 Chroniques 19
13:29:18 BLOC_C_SERIE_DU_JOUR              7m03s      7m01s      -2s  ✅  2 Chroniques 20
13:36:19 BLOC_C_SERIE_DU_JOUR              3m34s      3m32s      -2s  ✅  2 Chroniques 21
13:39:51 BLOC_C_SERIE_DU_JOUR              2m34s      2m31s      -3s  ✅  2 Chroniques 22
13:42:22 BLOC_C_SERIE_DU_JOUR              4m22s      4m20s      -2s  ✅  2 Chroniques 23
13:46:42 BLOC_C_SERIE_DU_JOUR              5m08s      5m05s      -3s  ✅  2 Chroniques 24
13:51:47 BLOC_C_SERIE_DU_JOUR              5m13s      5m11s      -2s  ✅  2 Chroniques 25
13:56:58 BLOC_C_SERIE_DU_JOUR              4m04s      4m02s      -2s  ✅  2 Chroniques 26
14:01:00 BLOC_C_SERIE_DU_JOUR              1m21s      1m18s      -3s  ✅  2 Chroniques 27
14:02:18 BLOC_C_SERIE_DU_JOUR              4m55s      5m01s      +6s  ✅  2 Chroniques 28
14:07:19 BLOC_C_SERIE_DU_JOUR              7m21s      7m18s      -3s  ✅  For By My God - Toronto & Winnipeg HF
14:14:37 BLOC_C_SERIE_DU_JOUR              6m41s      6m38s      -3s  ✅  6 minutes
14:21:15 BLOC_C_SERIE_DU_JOUR              5m22s      5m20s      -2s  ✅  God's Got An Army - PHF
14:26:35 BLOC_C_SERIE_DU_JOUR              6m10s      6m07s      -3s  ✅  That I May Know Him - Toronto HF
14:32:42 BLOC_C_SERIE_DU_JOUR              7m04s      7m01s      -3s  ✅  We Bless You Wonderful God  - Winnipeg Fellowship
14:39:43 BLOC_C_SERIE_DU_JOUR              3m24s      3m21s      -3s  ✅  Cantique sa miséricorde
14:43:04 BLOC_C_SERIE_DU_JOUR              8m21s      8m19s      -2s  ✅  My Heart Rejoices - Toronto HF
14:51:23 BLOC_C_SERIE_DU_JOUR              8m25s      8m22s      -3s  ✅  The Mountains, Come and, Oh City - Ketu HF
14:59:45 BLOC_C_SERIE_DU_JOUR              0m13s      0m10s      -3s  ✅  jingle avant bible 07 place a la lecture de la bible
14:59:55 BLOC_C_SERIE_DU_JOUR              3m36s      3m33s      -3s  ✅  Daniel 1
15:03:28 BLOC_C_SERIE_DU_JOUR              9m09s      9m06s      -3s  ✅  Daniel 2
15:12:34 BLOC_C_SERIE_DU_JOUR              6m24s      6m22s      -2s  ✅  Daniel 3
15:18:56 BLOC_C_SERIE_DU_JOUR              7m32s      7m29s      -3s  ✅  Daniel 4
15:26:25 BLOC_C_SERIE_DU_JOUR              0m11s      0m09s      -2s  ✅  jingle avant louange 05 elevons nos coeurs vers dieu
15:26:34 BLOC_C_SERIE_DU_JOUR              4m40s      4m37s      -3s  ✅  All in All - CHF
15:31:11 BLOC_C_SERIE_DU_JOUR              8m22s      8m19s      -3s  ✅  Yeshua Hamashiach - Calabar HF
15:39:30 BLOC_C_SERIE_DU_JOUR              5m21s      5m19s      -2s  ✅  We Shall Not Fear - Nonso Njoku
15:44:49 BLOC_C_SERIE_DU_JOUR              6m35s      6m32s      -3s  ✅  cantique   ta lumière
15:51:21 BLOC_C_SERIE_DU_JOUR              5m57s      5m54s      -3s  ✅  You are God - Winnipeg Fellowship
15:57:15 BLOC_C_SERIE_DU_JOUR              4m13s      4m11s      -2s  ✅  4 minutes
16:01:26 BLOC_C_SERIE_DU_JOUR              3m41s      3m39s      -2s  ✅  Adorons l'Éternel GAEL - JÉSUS EST SEIGNEUR -
16:05:05 BLOC_C_SERIE_DU_JOUR              5m58s      5m55s      -3s  ✅  In Jesus - PHF
16:11:00 BLOC_C_SERIE_DU_JOUR              8m18s      8m15s      -3s  ✅  Yahweh Is Mighty - SWBN TV
16:19:15 BLOC_C_SERIE_DU_JOUR              0m10s      0m08s      -2s  ✅  jingle avant bible 06 ouvrons les saintes ecritures
16:19:23 BLOC_C_SERIE_DU_JOUR              2m46s      2m43s      -3s  ✅  Galates 6
16:22:06 BLOC_C_SERIE_DU_JOUR              5m40s      5m38s      -2s  ✅  Jean 18
16:27:44 BLOC_C_SERIE_DU_JOUR              6m09s      6m07s      -2s  ✅  Jean 19
16:33:51 BLOC_C_SERIE_DU_JOUR              4m27s      4m24s      -3s  ✅  Jean 20
16:38:15 BLOC_C_SERIE_DU_JOUR              4m04s      4m01s      -3s  ✅  Jean 21
16:42:16 BLOC_C_SERIE_DU_JOUR              4m57s      4m55s      -2s  ✅  Matthieu 6
16:47:11 BLOC_C_SERIE_DU_JOUR              3m45s      3m43s      -2s  ✅  Matthieu 7
16:50:54 BLOC_C_SERIE_DU_JOUR              4m36s      4m33s      -3s  ✅  Matthieu 8
16:55:27 BLOC_C_SERIE_DU_JOUR              0m13s      0m10s      -3s  ✅  jingle avant louange 07 voici un temps de louange
16:55:37 BLOC_C_SERIE_DU_JOUR              6m59s      6m56s      -3s  ✅  Hosanna - Toronto HF
17:02:33 BLOC_C_SERIE_DU_JOUR              4m14s      4m12s      -2s  ✅  Mon modèle, c est Jésus
17:06:45 BLOC_C_SERIE_DU_JOUR              5m48s      5m46s      -2s  ✅  Forever You Reign - Abuja HF
17:12:31 BLOC_C_SERIE_DU_JOUR              7m46s      7m44s      -2s  ✅  Arise Out of Zion  - Winnipeg Fellowship
17:20:15 BLOC_C_SERIE_DU_JOUR              5m33s      5m29s      -4s  ✅  He Shall Feed His Flock - I Want to walk  - Ketu HF
17:25:44 BLOC_C_SERIE_DU_JOUR              7m17s      7m15s      -2s  ✅  cantique  tes promesses  pub direct dec 2021 import (2)
17:32:59 BLOC_C_SERIE_DU_JOUR              4m04s      4m02s      -2s  ✅  Ascribe Greatness - PHF
17:37:01 BLOC_C_SERIE_DU_JOUR              7m36s      7m33s      -3s  ✅  There Is No Lie - SWBN TV
17:44:34 BLOC_C_SERIE_DU_JOUR              0m12s      0m12s      +0s  ✅  jingle id station 03 notre mission annonce levangile
17:44:46 BLOC_C_SERIE_DU_JOUR              1m49s      1m47s      -2s  ✅  1 Thessaloniciens 1
17:46:33 BLOC_C_SERIE_DU_JOUR              3m29s      3m26s      -3s  ✅  1 Thessaloniciens 2
17:49:59 BLOC_C_SERIE_DU_JOUR              2m13s      2m11s      -2s  ✅  1 Thessaloniciens 3
17:52:10 BLOC_C_SERIE_DU_JOUR              3m03s      3m01s      -2s  ✅  1 Thessaloniciens 4
17:55:11 BLOC_C_SERIE_DU_JOUR              3m04s      3m01s      -3s  ✅  1 Thessaloniciens 5
17:58:12 BLOC_C_SERIE_DU_JOUR              3m16s      3m13s      -3s  ✅  1 Timothée 1
18:01:25 BLOC_D_SERIE_DU_JOUR              0m09s      0m06s      -3s  ✅  jingle avant message 03 vous ecoutez parole prophetique fm
18:01:31 BLOC_D_SERIE_DU_JOUR           1h12m03s   1h12m09s      +6s  ✅  nous faire part 1
19:13:40 BLOC_D_SERIE_DU_JOUR              1m02s      0m59s      -3s  ✅  Jérémie 45
19:14:39 BLOC_D_SERIE_DU_JOUR              5m09s      5m07s      -2s  ✅  Jérémie 46
19:19:46 BLOC_D_SERIE_DU_JOUR              1m19s      1m16s      -3s  ✅  Jérémie 47
19:21:02 BLOC_D_SERIE_DU_JOUR              6m57s      6m55s      -2s  ✅  Jérémie 48
19:27:57 BLOC_D_SERIE_DU_JOUR              6m58s      6m55s      -3s  ✅  Jérémie 49
19:34:52 BLOC_D_SERIE_DU_JOUR              8m09s      8m07s      -2s  ✅  Jérémie 50
19:42:59 BLOC_D_SERIE_DU_JOUR             10m31s     10m29s      -2s  ✅  Jérémie 51
19:53:28 BLOC_D_SERIE_DU_JOUR              5m36s      5m33s      -3s  ✅  Jérémie 52
19:59:01 BLOC_D_SERIE_DU_JOUR              0m11s      0m08s      -3s  ✅  jingle avant louange 05 elevons nos coeurs vers dieu
19:59:09 BLOC_D_SERIE_DU_JOUR              4m11s      4m09s      -2s  ✅  Cantique   Oh Éternel Dieu, Tu es le Dieu Incomparable
20:03:18 BLOC_D_SERIE_DU_JOUR              7m25s      7m22s      -3s  ✅  Victorious Is the Lamb - Winnipeg Fellowship
20:10:40 BLOC_D_SERIE_DU_JOUR              9m14s      9m12s      -2s  ✅  A jamais, tu seras l Agneau de Dieu
20:19:52 BLOC_D_SERIE_DU_JOUR              4m44s      4m42s      -2s  ✅  Je veux vivre ton royaume
20:24:34 BLOC_D_SERIE_DU_JOUR              7m09s      7m07s      -2s  ✅  You're the Lamb (Abasiama Timothy)
20:31:41 BLOC_D_SERIE_DU_JOUR              6m12s      6m09s      -3s  ✅  Praise the Lord All Ye Nations - Toronto HF
20:37:50 BLOC_D_SERIE_DU_JOUR              6m02s      6m00s      -2s  ✅  Rejoice - PHF
20:43:50 BLOC_D_SERIE_DU_JOUR              0m13s      0m10s      -3s  ✅  jingle avant bible 07 place a la lecture de la bible
20:44:00 BLOC_D_SERIE_DU_JOUR              5m22s      5m20s      -2s  ✅  Actes 20
20:49:20 BLOC_D_SERIE_DU_JOUR              6m34s      6m32s      -2s  ✅  Actes 21
20:55:52 BLOC_D_SERIE_DU_JOUR              4m32s      4m29s      -3s  ✅  Actes 22
21:00:21 BLOC_D_SERIE_DU_JOUR              5m29s      5m26s      -3s  ✅  Actes 23
21:05:47 BLOC_D_SERIE_DU_JOUR              0m13s      0m11s      -2s  ✅  jingle avant louange 07 voici un temps de louange
21:05:58 BLOC_D_SERIE_DU_JOUR              8m10s      8m07s      -3s  ✅  Agunechemba - SWBN TV
21:14:05 BLOC_D_SERIE_DU_JOUR              5m10s      5m09s      -1s  ✅  I Will Call Upon The Lord
21:19:14 BLOC_D_SERIE_DU_JOUR              8m58s      8m55s      -3s  ✅  El Elyon - Toronto & Winnipeg HF
21:28:09 BLOC_D_SERIE_DU_JOUR              5m15s      5m12s      -3s  ✅  Yahweh Be Praised - Abuja HF
21:33:21 BLOC_D_SERIE_DU_JOUR             10m25s     10m23s      -2s  ✅  Holy Are You - PHF
21:43:44 BLOC_D_SERIE_DU_JOUR             11m53s     11m57s      +4s  ✅  Hashem - PHF
21:55:41 BLOC_D_SERIE_DU_JOUR              5m47s      5m44s      -3s  ✅  Nombres 15
22:01:25 BLOC_D_SERIE_DU_JOUR              7m48s      7m46s      -2s  ✅  Nombres 16
22:09:11 BLOC_D_SERIE_DU_JOUR              1m58s      1m56s      -2s  ✅  Nombres 17
22:11:07 BLOC_D_SERIE_DU_JOUR              6m15s      6m12s      -3s  ✅  Nombres 18
22:17:19 BLOC_D_SERIE_DU_JOUR              4m01s      3m58s      -3s  ✅  Nombres 19
22:21:17 BLOC_D_SERIE_DU_JOUR              4m39s      4m37s      -2s  ✅  Nombres 20
22:25:54 BLOC_D_SERIE_DU_JOUR              5m27s      5m24s      -3s  ✅  Nombres 21
22:31:18 BLOC_D_SERIE_DU_JOUR              0m10s      0m08s      -2s  ✅  jingle avant louange 06 que la louange seleve
22:31:26 BLOC_D_SERIE_DU_JOUR              6m13s      6m11s      -2s  ✅  Immortal God - Elohim Adonai - Abuja HF
22:37:37 BLOC_D_SERIE_DU_JOUR              5m10s      5m07s      -3s  ✅  Igwe
22:42:44 BLOC_D_SERIE_DU_JOUR              6m07s      6m05s      -2s  ✅  There Is Forgiveness In Thee - SWBN TV
22:48:49 BLOC_D_SERIE_DU_JOUR              6m34s      6m31s      -3s  ✅  cantique  béni soit le dieu d israël
22:55:20 BLOC_D_SERIE_DU_JOUR              5m45s      5m43s      -2s  ✅  Ella Samuels - Oh Lord Our Maker
23:01:03 BLOC_D_SERIE_DU_JOUR              7m29s      7m26s      -3s  ✅  Hallelujah - PHF
23:08:29 BLOC_D_SERIE_DU_JOUR              4m11s      4m08s      -3s  ✅  jai donné ma vie à jésus (1)
23:12:37 BLOC_D_SERIE_DU_JOUR              4m18s      4m16s      -2s  ✅  You Are Worthy - Ketu HF
23:16:53 BLOC_D_SERIE_DU_JOUR              0m09s      0m10s      +1s  ✅  jingle id station 02 radio evangile du royaume
23:17:03 BLOC_D_SERIE_DU_JOUR              3m36s      3m34s      -2s  ✅  Deutéronome 10
23:20:37 BLOC_D_SERIE_DU_JOUR              4m58s      4m55s      -3s  ✅  Deutéronome 11
23:25:32 BLOC_D_SERIE_DU_JOUR              5m47s      5m46s      -1s  ✅  Deutéronome 12
23:31:18 BLOC_E_LOUANGE_NUIT               4m04s      4m01s      -3s  ✅  Ascribe Greatness - PHF
23:35:19 BLOC_E_LOUANGE_NUIT               2m20s      2m17s      -3s  ✅  cantique  heureux l homme qui ne marche pas selon
23:37:36 BLOC_E_LOUANGE_NUIT               6m09s      6m07s      -2s  ✅  Hymne des vainqueurs
23:43:43 BLOC_E_LOUANGE_NUIT               6m59s      6m56s      -3s  ✅  Hosanna - Toronto HF
23:50:39 BLOC_E_LOUANGE_NUIT               4m14s      4m11s      -3s  ✅  Mon modèle, c est Jésus
23:54:50 BLOC_E_LOUANGE_NUIT               8m21s      6m55s     -86s  ❌ COUPÉ  In the Day of Your Power  - Winnipeg Fellowship
----------------------------------------------------------------------------------------------------
Bilan : 264 titres, 1 anomalie(s) (titre coupé de plus de 10s ou trou d'antenne). Gravité : 0 mineure(s) <1min · 1 sérieuse(s) 1-10min · 0 critique(s) >10min.

====================================================================================================
CONTRÔLES APPROFONDIS
====================================================================================================
MESSAGE DU JOUR « ACR Angora en ce jour-là part 1 » : 4 diffusion(s) pour 4 prévue(s) ✅
   00:04:57  (étiquette BLOC_A_SERIE_DU_JOUR)
   06:04:01  (étiquette BLOC_B_SERIE_DU_JOUR)
   12:06:05  (étiquette BLOC_C_SERIE_DU_JOUR)
   18:01:31  (étiquette BLOC_D_SERIE_DU_JOUR)
JINGLES : 29 joués / 36 prévus (81%) ⚠️   ·   BLOC_A 8/9 · BLOC_B 9/9 · BLOC_C 6/9 · BLOC_D 6/9
HORS FENÊTRE : aucun débordement de bloc détecté ✅
BOUCHE-TROUS : 1 titre(s) hors plan sans playlist ⚠️
   00:01:38  ?  (3m11s)
COUVERTURE : premier titre à 00:01:38 ✅ · dernier titre finit vers 00:03:11 (estimé) ✅

====================================================================================================
RÉEL vs PRÉVU — ce qui a joué vs ce que le plan prévoyait
====================================================================================================
----------------------------------------------------------------------------------------------------
BLOC_A  (00:00-06:00)  prévus  82 · atteignables  78 · joués  79 · conformité 100% · sautés  0 · en trop  1
   ➕  JOUÉ NON PRÉVU : ?
   ⏸️  FIN DE BLOC NON ATTEINTE (4 titres · ~20m36s) — marge anti-rebouclage au-delà de la fenêtre, normal : jingle id station 01 la bonne nouvelle partout · By the word of the lord - Ketu HF · Great and Marvellous - Ketu HF · As We Worship In Ypur Presence
----------------------------------------------------------------------------------------------------
BLOC_B  (06:00-12:00)  prévus  70 · atteignables  67 · joués  67 · conformité 100% · sautés  0 · en trop  0
   ⏸️  FIN DE BLOC NON ATTEINTE (3 titres · ~16m35s) — marge anti-rebouclage au-delà de la fenêtre, normal : There is A Mighty River Flowing - Ketu HF · I Know The Blood - PHF · We Shall Come - Asaba Fellowship
----------------------------------------------------------------------------------------------------
BLOC_C  (12:00-18:00)  prévus  68 · atteignables  64 · joués  62 · conformité  97% · sautés  2 · en trop  0
   ⏭️  PRÉVU NON JOUÉ : jingle avant bible 08 prenons un moment pour ecouter la parole · jingle avant louange 06 que la louange seleve
   ⏸️  FIN DE BLOC NON ATTEINTE (4 titres · ~23m23s) — marge anti-rebouclage au-delà de la fenêtre, normal : jingle id station 02 radio evangile du royaume · Holy Holy - Abuja HF · Baruch Ha'ba B'Shem Adonai/Blessed Is He Who Comes in the Name of the Lord - Port Harcourt HF · I Choose the Way of the Lord - Abuja HF
----------------------------------------------------------------------------------------------------
BLOC_D  (18:00-23:30)  prévus  58 · atteignables  52 · joués  50 · conformité  96% · sautés  2 · en trop  0
   ⏭️  PRÉVU NON JOUÉ : jingle avant bible 06 ouvrons les saintes ecritures · jingle avant bible 08 prenons un moment pour ecouter la parole
   ⏸️  FIN DE BLOC NON ATTEINTE (6 titres · ~18m41s) — marge anti-rebouclage au-delà de la fenêtre, normal : jingle id station 01 la bonne nouvelle partout · esprit de dieu · cantique  heureux l homme qui ne marche pas selon · Song Of Victory - Emmanuel Igunbor · How Precious Oh Lord · la Parole
----------------------------------------------------------------------------------------------------
CONFORMITÉ GLOBALE : 257/261 titres atteignables joués dans l'ordre = 98%  (1 titre(s) hors plan · 17 non atteint(s) en fin de bloc, marge normale)
