====================================================================================================
MONITEUR RADIO — 2026-07-26 (synthèse des 3 rapports + plan, heures UTC)
====================================================================================================
État : ❌ incident(s) détecté(s)  ·  diffusion : 2 coupure(s)/trou(s), 0 double(s) message  ·  serveur : 97 incident(s)
SERVEUR (liquidsoap_events) :
   00:01:16  💥 crash Liquidsoap (redémarrage automatique)  (×2)
   00:01:23  🔇 bascule sur jingle d'erreur (silence potentiel)  (×3)
   23:32:43  🌐 échec réseau AzuraCast/Liquidsoap  (×92)
RESET MINUIT : restart confirmé vers 00:01:58 · 3 contrôle(s) · ⚠️ doublon vu dans la file
INCIDENTS CORRÉLÉS (anomalie de diffusion ↔ cause serveur probable) :
   00:01:37  TROU 86s « jingle avant message 05 vous etes a lecoute de levangile du royaume »
          ↳ cause probable 00:01:23 : 🔇 bascule sur jingle d'erreur (silence potentiel)
   23:57:51  TROU 18s « Awaken My Heart »
          ↳ aucune cause serveur à proximité (voir CONTRÔLES APPROFONDIS et RÉEL vs PRÉVU ci-dessous)
(Détail titre par titre, contrôles approfondis et RÉEL vs PRÉVU ci-dessous.)
Rapport de diffusion — 2026-07-26 (heures UTC)
330 titres joués | tolérance ±10s
====================================================================================================
HEURE    PLAYLIST                     FICHIER          RÉEL    ÉCART  STATUT  TITRE
----------------------------------------------------------------------------------------------------
00:01:29 ?                                 0m08s      0m08s      +0s  ✅  AzuraCast is Live!
00:01:37 BLOC_A_SERIE_DU_JOUR              0m11s      1m37s     +86s  ⚠️ TROU APRÈS  jingle avant message 05 vous etes a lecoute de levangile du royaume
00:03:14 BLOC_A_SERIE_DU_JOUR              9m23s      9m21s      -2s  ✅  amc tian combat spirituel 3
00:12:35 BLOC_A_SERIE_DU_JOUR              0m13s      0m10s      -3s  ✅  jingle avant bible 07 place a la lecture de la bible
00:12:45 BLOC_A_SERIE_DU_JOUR              3m26s      3m24s      -2s  ✅  Abdias 1
00:16:09 BLOC_A_SERIE_DU_JOUR              3m26s      3m24s      -2s  ✅  Éphésiens 1
00:19:33 BLOC_A_SERIE_DU_JOUR              3m16s      3m13s      -3s  ✅  Éphésiens 2
00:22:46 BLOC_A_SERIE_DU_JOUR              2m56s      2m54s      -2s  ✅  Éphésiens 3
00:25:40 BLOC_A_SERIE_DU_JOUR              4m53s      4m50s      -3s  ✅  Éphésiens 4
00:30:30 BLOC_A_SERIE_DU_JOUR              4m12s      4m10s      -2s  ✅  Éphésiens 5
00:34:40 BLOC_A_SERIE_DU_JOUR              3m21s      3m18s      -3s  ✅  Éphésiens 6
00:37:58 BLOC_A_SERIE_DU_JOUR              2m56s      2m54s      -2s  ✅  Sophonie 1
00:40:52 BLOC_A_SERIE_DU_JOUR              2m46s      2m43s      -3s  ✅  Sophonie 2
00:43:35 BLOC_A_SERIE_DU_JOUR              3m46s      3m44s      -2s  ✅  Sophonie 3
00:47:19 BLOC_A_SERIE_DU_JOUR              2m44s      2m42s      -2s  ✅  Matthieu 28
00:50:01 BLOC_A_SERIE_DU_JOUR              3m17s      3m15s      -2s  ✅  Galates 1
00:53:16 BLOC_A_SERIE_DU_JOUR              4m08s      4m05s      -3s  ✅  Galates 2
00:57:21 BLOC_A_SERIE_DU_JOUR              4m50s      4m48s      -2s  ✅  Galates 3
01:02:09 BLOC_A_SERIE_DU_JOUR              4m30s      4m27s      -3s  ✅  Galates 4
01:06:36 BLOC_A_SERIE_DU_JOUR              4m04s      4m02s      -2s  ✅  Galates 5
01:10:38 BLOC_A_SERIE_DU_JOUR              0m11s      0m08s      -3s  ✅  jingle avant louange 05 elevons nos coeurs vers dieu
01:10:46 BLOC_A_SERIE_DU_JOUR              8m31s      8m29s      -2s  ✅  Holy Holy - Abuja HF
01:19:15 BLOC_A_SERIE_DU_JOUR              8m37s      8m35s      -2s  ✅  He Has Given Me & Emmanuel You Joy Over Us (Medley) (Abasiama Timothy & Imah Adegoke)
01:27:50 BLOC_A_SERIE_DU_JOUR              4m48s      4m46s      -2s  ✅  Yeshua I'm Waiting for You  - Ketu HF
01:32:36 BLOC_A_SERIE_DU_JOUR              8m21s      8m18s      -3s  ✅  In the Day of Your Power  - Winnipeg Fellowship
01:40:54 BLOC_A_SERIE_DU_JOUR              5m21s      5m19s      -2s  ✅  We Shall Not Fear - Nonso Njoku
01:46:13 BLOC_A_SERIE_DU_JOUR              5m52s      5m49s      -3s  ✅  Where Two or Three are Gathered - Calabar HF
01:52:02 BLOC_A_SERIE_DU_JOUR              6m19s      6m16s      -3s  ✅  Unto Him - CHF
01:58:18 BLOC_A_SERIE_DU_JOUR              9m31s      9m28s      -3s  ✅  15 at 01.33.50 (1)(1)
02:07:46 BLOC_A_SERIE_DU_JOUR              8m41s      8m45s      +4s  ✅  Unto Him (Vincent Opara)
02:16:31 BLOC_A_SERIE_DU_JOUR              5m55s      5m53s      -2s  ✅  Genèse 37
02:22:24 BLOC_A_SERIE_DU_JOUR              5m09s      5m06s      -3s  ✅  Genèse 38
02:27:30 BLOC_A_SERIE_DU_JOUR              3m56s      3m54s      -2s  ✅  Genèse 39
02:31:24 BLOC_A_SERIE_DU_JOUR              3m50s      3m48s      -2s  ✅  Genèse 40
02:35:12 BLOC_A_SERIE_DU_JOUR              9m16s      9m13s      -3s  ✅  Genèse 41
02:44:25 BLOC_A_SERIE_DU_JOUR              6m00s      5m58s      -2s  ✅  Genèse 42
02:50:23 BLOC_A_SERIE_DU_JOUR              0m13s      0m10s      -3s  ✅  jingle avant louange 07 voici un temps de louange
02:50:33 BLOC_A_SERIE_DU_JOUR              7m57s      7m55s      -2s  ✅  Yahweh is Mighty (Imah Adegoke)
02:58:28 BLOC_A_SERIE_DU_JOUR              7m09s      7m07s      -2s  ✅  My God Is Good - Winnipeg Fellowship
03:05:35 BLOC_A_SERIE_DU_JOUR              7m09s      7m06s      -3s  ✅  There is A Mighty River Flowing - Ketu HF
03:12:41 BLOC_A_SERIE_DU_JOUR              5m47s      5m45s      -2s  ✅  We Ascribe Greatness - Abuja HF
03:18:26 BLOC_A_SERIE_DU_JOUR              5m19s      5m16s      -3s  ✅  Gabrielle LIDJI - Mélodie Céleste  by LFXA(Light FX Animation)_2
03:23:42 BLOC_A_SERIE_DU_JOUR              6m12s      6m10s      -2s  ✅  Praise the Lord All Ye Nations - Toronto HF
03:29:52 BLOC_A_SERIE_DU_JOUR              2m20s      2m17s      -3s  ✅  cantique  heureux l homme qui ne marche pas selon
03:32:09 BLOC_A_SERIE_DU_JOUR              6m09s      6m07s      -2s  ✅  Hymne des vainqueurs
03:38:16 BLOC_A_SERIE_DU_JOUR              3m41s      3m39s      -2s  ✅  Adorons l'Éternel GAEL - JÉSUS EST SEIGNEUR -
03:41:55 BLOC_A_SERIE_DU_JOUR              5m15s      5m13s      -2s  ✅  Yahweh Be Praised - Abuja HF
03:47:08 BLOC_A_SERIE_DU_JOUR             10m47s     10m44s      -3s  ✅  Abba, Singing a, I Will Sing - Ketu HF
03:57:52 BLOC_A_SERIE_DU_JOUR              0m10s      0m08s      -2s  ✅  jingle avant bible 06 ouvrons les saintes ecritures
03:58:00 BLOC_A_SERIE_DU_JOUR              2m43s      2m40s      -3s  ✅  Tite 1
04:00:40 BLOC_A_SERIE_DU_JOUR              2m10s      2m08s      -2s  ✅  Tite 2
04:02:48 BLOC_A_SERIE_DU_JOUR              2m22s      2m20s      -2s  ✅  Tite 3
04:05:08 BLOC_A_SERIE_DU_JOUR              0m48s      0m45s      -3s  ✅  Psaumes 122
04:05:53 BLOC_A_SERIE_DU_JOUR              0m31s      0m28s      -3s  ✅  Psaumes 123
04:06:21 BLOC_A_SERIE_DU_JOUR              0m42s      0m40s      -2s  ✅  Psaumes 124
04:07:01 BLOC_A_SERIE_DU_JOUR              0m41s      0m38s      -3s  ✅  Psaumes 125
04:07:39 BLOC_A_SERIE_DU_JOUR              0m39s      0m36s      -3s  ✅  Psaumes 126
04:08:15 BLOC_A_SERIE_DU_JOUR              0m41s      0m39s      -2s  ✅  Psaumes 127
04:08:54 BLOC_A_SERIE_DU_JOUR              0m35s      0m32s      -3s  ✅  Psaumes 128
04:09:26 BLOC_A_SERIE_DU_JOUR              0m44s      0m42s      -2s  ✅  Psaumes 129
04:10:08 BLOC_A_SERIE_DU_JOUR              0m48s      0m44s      -4s  ✅  Psaumes 130
04:10:52 BLOC_A_SERIE_DU_JOUR              0m25s      0m23s      -2s  ✅  Psaumes 131
04:11:15 BLOC_A_SERIE_DU_JOUR              1m40s      1m37s      -3s  ✅  Psaumes 132
04:12:52 BLOC_A_SERIE_DU_JOUR              0m27s      0m24s      -3s  ✅  Psaumes 133
04:13:16 BLOC_A_SERIE_DU_JOUR              0m20s      0m17s      -3s  ✅  Psaumes 134
04:13:33 BLOC_A_SERIE_DU_JOUR              2m05s      2m03s      -2s  ✅  Psaumes 135
04:15:36 BLOC_A_SERIE_DU_JOUR              2m20s      2m17s      -3s  ✅  Psaumes 136
04:17:53 BLOC_A_SERIE_DU_JOUR              0m58s      0m55s      -3s  ✅  Psaumes 137
04:18:48 BLOC_A_SERIE_DU_JOUR              0m59s      0m57s      -2s  ✅  Psaumes 138
04:19:45 BLOC_A_SERIE_DU_JOUR              2m23s      2m21s      -2s  ✅  Psaumes 139
04:22:06 BLOC_A_SERIE_DU_JOUR              1m27s      1m24s      -3s  ✅  Psaumes 140
04:23:30 BLOC_A_SERIE_DU_JOUR              1m15s      1m13s      -2s  ✅  Psaumes 141
04:24:43 BLOC_A_SERIE_DU_JOUR              0m55s      0m52s      -3s  ✅  Psaumes 142
04:25:35 BLOC_A_SERIE_DU_JOUR              1m34s      1m32s      -2s  ✅  Psaumes 143
04:27:07 BLOC_A_SERIE_DU_JOUR              1m47s      1m45s      -2s  ✅  Psaumes 144
04:28:52 BLOC_A_SERIE_DU_JOUR              2m00s      1m57s      -3s  ✅  Psaumes 145
04:30:49 BLOC_A_SERIE_DU_JOUR              1m06s      1m04s      -2s  ✅  Psaumes 146
04:31:53 BLOC_A_SERIE_DU_JOUR              1m52s      1m50s      -2s  ✅  Psaumes 147
04:33:43 BLOC_A_SERIE_DU_JOUR              1m27s      1m26s      -1s  ✅  Psaumes 148
04:35:09 BLOC_A_SERIE_DU_JOUR              1m00s      0m56s      -4s  ✅  Psaumes 149
04:36:05 BLOC_A_SERIE_DU_JOUR              0m41s      0m38s      -3s  ✅  Psaumes 150
04:36:43 BLOC_A_SERIE_DU_JOUR              5m40s      5m38s      -2s  ✅  Marc 1
04:42:21 BLOC_A_SERIE_DU_JOUR              0m10s      0m08s      -2s  ✅  jingle avant louange 06 que la louange seleve
04:42:29 BLOC_A_SERIE_DU_JOUR              5m04s      5m02s      -2s  ✅  I Enter The Holy of Holies - Port Harcourt HF
04:47:31 BLOC_A_SERIE_DU_JOUR              5m18s      5m16s      -2s  ✅  Now is Come Salvation - Toronto HF
04:52:47 BLOC_A_SERIE_DU_JOUR              8m21s      8m18s      -3s  ✅  My Heart Rejoices - Toronto HF
05:01:05 BLOC_A_SERIE_DU_JOUR              8m18s      8m16s      -2s  ✅  Yahweh Is Mighty - SWBN TV
05:09:21 BLOC_A_SERIE_DU_JOUR              6m57s      6m55s      -2s  ✅  qui est digne d ouvrir le livre
05:16:16 BLOC_A_SERIE_DU_JOUR              5m07s      5m03s      -4s  ✅  We Shall Come - Asaba Fellowship
05:21:19 BLOC_A_SERIE_DU_JOUR              5m04s      5m02s      -2s  ✅  Guide Me - El ELyon - Abuja HF
05:26:21 BLOC_A_SERIE_DU_JOUR              9m38s      9m36s      -2s  ✅  Holy are You oh Lord (Olaedo Uzoma & Vincent Opara)
05:35:57 BLOC_A_SERIE_DU_JOUR              4m04s      4m01s      -3s  ✅  Ascribe Greatness - PHF
05:39:58 BLOC_A_SERIE_DU_JOUR             10m38s     10m36s      -2s  ✅  Be Exalted - PHF
05:50:34 BLOC_A_SERIE_DU_JOUR              0m09s      0m09s      +0s  ✅  JINGLE
05:50:43 BLOC_A_SERIE_DU_JOUR              1m49s      1m47s      -2s  ✅  1 Thessaloniciens 1
05:52:30 BLOC_A_SERIE_DU_JOUR              3m29s      3m27s      -2s  ✅  1 Thessaloniciens 2
05:55:57 BLOC_A_SERIE_DU_JOUR              2m13s      2m10s      -3s  ✅  1 Thessaloniciens 3
05:58:07 BLOC_A_SERIE_DU_JOUR              3m03s      3m01s      -2s  ✅  1 Thessaloniciens 4
06:01:08 BLOC_B_SERIE_DU_JOUR              0m11s      0m08s      -3s  ✅  jingle avant message 05 vous etes a lecoute de levangile du royaume
06:01:16 BLOC_B_SERIE_DU_JOUR              9m23s      9m21s      -2s  ✅  amc tian combat spirituel 3
06:10:37 BLOC_B_SERIE_DU_JOUR              0m09s      0m06s      -3s  ✅  jingle avant bible 08 prenons un moment pour ecouter la parole
06:10:43 BLOC_B_SERIE_DU_JOUR              5m08s      5m06s      -2s  ✅  1 Corinthiens 11
06:15:49 BLOC_B_SERIE_DU_JOUR              4m41s      4m39s      -2s  ✅  1 Corinthiens 12
06:20:28 BLOC_B_SERIE_DU_JOUR              2m38s      2m35s      -3s  ✅  1 Corinthiens 13
06:23:03 BLOC_B_SERIE_DU_JOUR              6m31s      6m28s      -3s  ✅  1 Corinthiens 14
06:29:31 BLOC_B_SERIE_DU_JOUR              8m34s      8m32s      -2s  ✅  1 Corinthiens 15
06:38:03 BLOC_B_SERIE_DU_JOUR              3m07s      3m05s      -2s  ✅  1 Corinthiens 16
06:41:08 BLOC_B_SERIE_DU_JOUR              3m35s      3m33s      -2s  ✅  Proverbes 14
06:44:41 BLOC_B_SERIE_DU_JOUR              3m26s      3m23s      -3s  ✅  Proverbes 15
06:48:04 BLOC_B_SERIE_DU_JOUR              3m18s      3m16s      -2s  ✅  Proverbes 16
06:51:20 BLOC_B_SERIE_DU_JOUR              2m57s      2m54s      -3s  ✅  Proverbes 17
06:54:14 BLOC_B_SERIE_DU_JOUR              2m16s      2m14s      -2s  ✅  Proverbes 18
06:56:28 BLOC_B_SERIE_DU_JOUR              3m01s      2m58s      -3s  ✅  Proverbes 19
06:59:26 BLOC_B_SERIE_DU_JOUR              2m55s      2m53s      -2s  ✅  Proverbes 20
07:02:19 BLOC_B_SERIE_DU_JOUR              3m08s      3m06s      -2s  ✅  Proverbes 21
07:05:25 BLOC_B_SERIE_DU_JOUR              2m52s      2m49s      -3s  ✅  Proverbes 22
07:08:14 BLOC_B_SERIE_DU_JOUR              3m16s      3m13s      -3s  ✅  Proverbes 23
07:11:27 BLOC_B_SERIE_DU_JOUR              0m13s      0m10s      -3s  ✅  jingle avant louange 07 voici un temps de louange
07:11:37 BLOC_B_SERIE_DU_JOUR              8m22s      8m20s      -2s  ✅  Yeshua Hamashiach - Calabar HF
07:19:57 BLOC_B_SERIE_DU_JOUR              9m14s      9m12s      -2s  ✅  A jamais, tu seras l Agneau de Dieu
07:29:09 BLOC_B_SERIE_DU_JOUR              7m09s      7m07s      -2s  ✅  You're the Lamb (Abasiama Timothy)
07:36:16 BLOC_B_SERIE_DU_JOUR              8m30s      8m27s      -3s  ✅  We Worship Adonai - PHF
07:44:43 BLOC_B_SERIE_DU_JOUR              6m13s      6m11s      -2s  ✅  Immortal God - Elohim Adonai - Abuja HF
07:50:54 BLOC_B_SERIE_DU_JOUR              6m28s      6m25s      -3s  ✅  Le Bien-Etre Universel
07:57:19 BLOC_B_SERIE_DU_JOUR              4m11s      4m09s      -2s  ✅  Cantique   Oh Éternel Dieu, Tu es le Dieu Incomparable
08:01:28 BLOC_B_SERIE_DU_JOUR              8m25s      8m30s      +5s  ✅  The Mountains, Come and, Oh City - Ketu HF
08:09:58 BLOC_B_SERIE_DU_JOUR              4m35s      4m33s      -2s  ✅  Colossiens 1
08:14:31 BLOC_B_SERIE_DU_JOUR              3m46s      3m43s      -3s  ✅  Colossiens 2
08:18:14 BLOC_B_SERIE_DU_JOUR              3m44s      3m42s      -2s  ✅  Colossiens 3
08:21:56 BLOC_B_SERIE_DU_JOUR              2m56s      2m53s      -3s  ✅  Colossiens 4
08:24:49 BLOC_B_SERIE_DU_JOUR              4m02s      3m59s      -3s  ✅  Ésaïe 22
08:28:48 BLOC_B_SERIE_DU_JOUR              3m04s      3m01s      -3s  ✅  Ésaïe 23
08:31:49 BLOC_B_SERIE_DU_JOUR              3m27s      3m25s      -2s  ✅  Ésaïe 24
08:35:14 BLOC_B_SERIE_DU_JOUR              2m22s      2m20s      -2s  ✅  Ésaïe 25
08:37:34 BLOC_B_SERIE_DU_JOUR              3m19s      3m16s      -3s  ✅  Ésaïe 26
08:40:50 BLOC_B_SERIE_DU_JOUR              0m10s      0m08s      -2s  ✅  jingle avant louange 06 que la louange seleve
08:40:58 BLOC_B_SERIE_DU_JOUR              5m28s      5m26s      -2s  ✅  même humilié
08:46:24 BLOC_B_SERIE_DU_JOUR              6m10s      6m07s      -3s  ✅  That I May Know Him - Toronto HF
08:52:31 BLOC_B_SERIE_DU_JOUR              3m10s      3m07s      -3s  ✅  la Parole
08:55:38 BLOC_B_SERIE_DU_JOUR              8m24s      8m21s      -3s  ✅  Bless Ye the Lord - PHF
09:03:59 BLOC_B_SERIE_DU_JOUR              4m21s      4m19s      -2s  ✅  Sing Hallelujah - Abuja HF
09:08:18 BLOC_B_SERIE_DU_JOUR              8m10s      8m08s      -2s  ✅  Agunechemba - SWBN TV
09:16:26 BLOC_B_SERIE_DU_JOUR              7m21s      7m18s      -3s  ✅  For By My God - Toronto & Winnipeg HF
09:23:44 BLOC_B_SERIE_DU_JOUR              7m18s      7m15s      -3s  ✅  Holy is the Lord (Emmanuel Umoh)
09:30:59 BLOC_B_SERIE_DU_JOUR              9m04s      9m01s      -3s  ✅  You're the Lamb - Calabar HF
09:40:00 BLOC_B_SERIE_DU_JOUR              0m13s      0m11s      -2s  ✅  jingle avant bible 07 place a la lecture de la bible
09:40:11 BLOC_B_SERIE_DU_JOUR              2m54s      2m51s      -3s  ✅  Malachie 1
09:43:02 BLOC_B_SERIE_DU_JOUR              3m17s      3m14s      -3s  ✅  Malachie 2
09:46:16 BLOC_B_SERIE_DU_JOUR              3m22s      3m19s      -3s  ✅  Malachie 3
09:49:35 BLOC_B_SERIE_DU_JOUR              1m05s      1m02s      -3s  ✅  Malachie 4
09:50:37 BLOC_B_SERIE_DU_JOUR              4m30s      4m28s      -2s  ✅  Deutéronome 22
09:55:05 BLOC_B_SERIE_DU_JOUR              3m43s      3m41s      -2s  ✅  Deutéronome 23
09:58:46 BLOC_B_SERIE_DU_JOUR              3m42s      3m40s      -2s  ✅  Deutéronome 24
10:02:26 BLOC_B_SERIE_DU_JOUR              3m01s      2m59s      -2s  ✅  Deutéronome 25
10:05:25 BLOC_B_SERIE_DU_JOUR              3m42s      3m39s      -3s  ✅  Deutéronome 26
10:09:04 BLOC_B_SERIE_DU_JOUR              3m42s      3m39s      -3s  ✅  Deutéronome 27
10:12:43 BLOC_B_SERIE_DU_JOUR             11m07s     11m05s      -2s  ✅  Deutéronome 28
10:23:48 BLOC_B_SERIE_DU_JOUR              0m11s      0m09s      -2s  ✅  jingle avant louange 05 elevons nos coeurs vers dieu
10:23:57 BLOC_B_SERIE_DU_JOUR              7m17s      7m15s      -2s  ✅  cantique  tes promesses  pub direct dec 2021 import (2)
10:31:12 BLOC_B_SERIE_DU_JOUR              6m02s      5m59s      -3s  ✅  Satisfy My Soul - Calabar HF
10:37:11 BLOC_B_SERIE_DU_JOUR              4m52s      4m50s      -2s  ✅  cantique   prends tout le contrôle
10:42:01 BLOC_B_SERIE_DU_JOUR              4m44s      4m42s      -2s  ✅  Je veux vivre ton royaume
10:46:43 BLOC_B_SERIE_DU_JOUR             10m35s     10m33s      -2s  ✅  Baruch Ha'ba B'Shem Adonai/Blessed Is He Who Comes in the Name of the Lord - Port Harcourt HF
10:57:16 BLOC_B_SERIE_DU_JOUR              5m22s      5m19s      -3s  ✅  God's Got An Army - PHF
11:02:35 BLOC_B_SERIE_DU_JOUR              4m33s      4m31s      -2s  ✅  God is Building - Will You Be - Ketu HF
11:07:06 BLOC_B_SERIE_DU_JOUR             10m25s     10m23s      -2s  ✅  Holy Are You - PHF
11:17:29 BLOC_B_SERIE_DU_JOUR              7m46s      7m44s      -2s  ✅  Arise Out of Zion  - Winnipeg Fellowship
11:25:13 BLOC_B_SERIE_DU_JOUR              0m09s      0m09s      +0s  ✅  JINGLE
11:25:22 BLOC_B_SERIE_DU_JOUR              3m41s      3m38s      -3s  ✅  Job 1
11:29:00 BLOC_B_SERIE_DU_JOUR              2m07s      2m06s      -1s  ✅  Job 2
11:31:06 BLOC_B_SERIE_DU_JOUR              2m26s      2m23s      -3s  ✅  Job 3
11:33:29 BLOC_B_SERIE_DU_JOUR              2m05s      2m02s      -3s  ✅  Job 4
11:35:31 BLOC_B_SERIE_DU_JOUR              2m27s      2m25s      -2s  ✅  Job 5
11:37:56 BLOC_B_SERIE_DU_JOUR              2m57s      2m54s      -3s  ✅  Job 6
11:40:50 BLOC_B_SERIE_DU_JOUR              2m21s      2m19s      -2s  ✅  Job 7
11:43:09 BLOC_B_SERIE_DU_JOUR              2m06s      2m05s      -1s  ✅  Job 8
11:45:14 BLOC_B_SERIE_DU_JOUR              0m09s      0m09s      +0s  ✅  jingle id station 02 radio evangile du royaume
11:45:23 BLOC_B_SERIE_DU_JOUR              5m43s      5m40s      -3s  ✅  Cantique l Éternel est mon Berger (1)
11:51:03 BLOC_B_SERIE_DU_JOUR              6m41s      6m38s      -3s  ✅  6 minutes
11:57:41 BLOC_B_SERIE_DU_JOUR              8m12s      8m10s      -2s  ✅  Jesus is Alpha - PHF
12:05:51 BLOC_C_SERIE_DU_JOUR              0m11s      0m08s      -3s  ✅  jingle avant message 05 vous etes a lecoute de levangile du royaume
12:05:59 BLOC_C_SERIE_DU_JOUR              9m23s      9m21s      -2s  ✅  amc tian combat spirituel 3
12:15:20 BLOC_C_SERIE_DU_JOUR              0m10s      0m08s      -2s  ✅  jingle avant bible 06 ouvrons les saintes ecritures
12:15:28 BLOC_C_SERIE_DU_JOUR              7m07s      7m04s      -3s  ✅  Josué 15
12:22:32 BLOC_C_SERIE_DU_JOUR              1m34s      1m31s      -3s  ✅  Josué 16
12:24:03 BLOC_C_SERIE_DU_JOUR              3m51s      3m49s      -2s  ✅  Josué 17
12:27:52 BLOC_C_SERIE_DU_JOUR              4m41s      4m38s      -3s  ✅  Josué 18
12:32:30 BLOC_C_SERIE_DU_JOUR              6m21s      6m18s      -3s  ✅  Josué 19
12:38:48 BLOC_C_SERIE_DU_JOUR              1m52s      1m50s      -2s  ✅  Josué 20
12:40:38 BLOC_C_SERIE_DU_JOUR              5m34s      5m32s      -2s  ✅  Josué 21
12:46:10 BLOC_C_SERIE_DU_JOUR              7m12s      7m09s      -3s  ✅  Josué 22
12:53:19 BLOC_C_SERIE_DU_JOUR              3m09s      3m06s      -3s  ✅  Josué 23
12:56:25 BLOC_C_SERIE_DU_JOUR              5m50s      5m48s      -2s  ✅  Josué 24
13:02:13 BLOC_C_SERIE_DU_JOUR              2m02s      2m00s      -2s  ✅  1 Samuel 31
13:04:13 BLOC_C_SERIE_DU_JOUR              2m43s      2m40s      -3s  ✅  Aggée 1
13:06:53 BLOC_C_SERIE_DU_JOUR              3m58s      3m56s      -2s  ✅  Aggée 2
13:10:49 BLOC_C_SERIE_DU_JOUR              9m59s      9m56s      -3s  ✅  Luc 9
13:20:45 BLOC_C_SERIE_DU_JOUR              0m10s      0m08s      -2s  ✅  jingle avant louange 06 que la louange seleve
13:20:53 BLOC_C_SERIE_DU_JOUR              5m45s      5m43s      -2s  ✅  Ella Samuels - Oh Lord Our Maker
13:26:36 BLOC_C_SERIE_DU_JOUR              5m45s      5m42s      -3s  ✅  How Precious Oh Lord
13:32:18 BLOC_C_SERIE_DU_JOUR              4m03s      4m00s      -3s  ✅  I Will Not Be Silent - Calabar HF
13:36:18 BLOC_C_SERIE_DU_JOUR              5m21s      5m20s      -1s  ✅  By the word of the lord - Ketu HF
13:41:38 BLOC_C_SERIE_DU_JOUR              9m39s      9m36s      -3s  ✅  Psalm 93 - Port Harcourt HF
13:51:14 BLOC_C_SERIE_DU_JOUR              6m30s      6m27s      -3s  ✅  Praise the Lord of Host - Toronto HF
13:57:41 BLOC_C_SERIE_DU_JOUR              5m52s      5m50s      -2s  ✅  Not Naked (Abasiama Timothy)
14:03:31 BLOC_C_SERIE_DU_JOUR             10m24s     10m22s      -2s  ✅  Shine in Darkness O Lord  - Winnipeg Fellowship
14:13:53 BLOC_C_SERIE_DU_JOUR              7m25s      7m22s      -3s  ✅  Victorious Is the Lamb - Winnipeg Fellowship
14:21:15 BLOC_C_SERIE_DU_JOUR              0m09s      0m07s      -2s  ✅  jingle avant bible 08 prenons un moment pour ecouter la parole
14:21:22 BLOC_C_SERIE_DU_JOUR              3m42s      3m39s      -3s  ✅  2 Pierre 1
14:25:01 BLOC_C_SERIE_DU_JOUR              4m04s      4m02s      -2s  ✅  2 Pierre 2
14:29:03 BLOC_C_SERIE_DU_JOUR              3m17s      3m14s      -3s  ✅  2 Pierre 3
14:32:17 BLOC_C_SERIE_DU_JOUR              3m36s      3m33s      -3s  ✅  Daniel 1
14:35:50 BLOC_C_SERIE_DU_JOUR              9m09s      9m06s      -3s  ✅  Daniel 2
14:44:56 BLOC_C_SERIE_DU_JOUR              6m24s      6m21s      -3s  ✅  Daniel 3
14:51:17 BLOC_C_SERIE_DU_JOUR              0m11s      0m09s      -2s  ✅  jingle avant louange 05 elevons nos coeurs vers dieu
14:51:26 BLOC_C_SERIE_DU_JOUR              6m15s      6m13s      -2s  ✅  Oh Lord I Want to Know Your Glory - Port Harcourt HF
14:57:39 BLOC_C_SERIE_DU_JOUR              7m19s      7m16s      -3s  ✅  You Have sworn By Your Holiness - Chidera Bisong
15:04:55 BLOC_C_SERIE_DU_JOUR              6m06s      6m04s      -2s  ✅  cantique  ta bonte
15:10:59 BLOC_C_SERIE_DU_JOUR              6m59s      6m56s      -3s  ✅  Hosanna - Toronto HF
15:17:55 BLOC_C_SERIE_DU_JOUR              6m57s      6m55s      -2s  ✅  The Lord on High is Mightier - Toronto HF
15:24:50 BLOC_C_SERIE_DU_JOUR              5m50s      5m48s      -2s  ✅  Jesus I'm Waiting for You (Mary Umoh)
15:30:38 BLOC_C_SERIE_DU_JOUR              6m34s      6m31s      -3s  ✅  cantique  béni soit le dieu d israël
15:37:09 BLOC_C_SERIE_DU_JOUR              6m02s      6m00s      -2s  ✅  Rejoice - PHF
15:43:09 BLOC_C_SERIE_DU_JOUR              6m56s      6m53s      -3s  ✅  As We Worship In Ypur Presence
15:50:02 BLOC_C_SERIE_DU_JOUR              0m13s      0m11s      -2s  ✅  jingle avant bible 07 place a la lecture de la bible
15:50:13 BLOC_C_SERIE_DU_JOUR              8m21s      8m18s      -3s  ✅  1 Rois 20
15:58:31 BLOC_C_SERIE_DU_JOUR              5m25s      5m23s      -2s  ✅  1 Rois 21
16:03:54 BLOC_C_SERIE_DU_JOUR              8m58s      8m55s      -3s  ✅  1 Rois 22
16:12:49 BLOC_C_SERIE_DU_JOUR              2m40s      2m37s      -3s  ✅  Amos 1
16:15:26 BLOC_C_SERIE_DU_JOUR              2m30s      2m28s      -2s  ✅  Amos 2
16:17:54 BLOC_C_SERIE_DU_JOUR              2m19s      2m17s      -2s  ✅  Amos 3
16:20:11 BLOC_C_SERIE_DU_JOUR              2m44s      2m41s      -3s  ✅  Amos 4
16:22:52 BLOC_C_SERIE_DU_JOUR              4m01s      3m58s      -3s  ✅  Amos 5
16:26:50 BLOC_C_SERIE_DU_JOUR              2m22s      2m20s      -2s  ✅  Amos 6
16:29:10 BLOC_C_SERIE_DU_JOUR              3m05s      3m02s      -3s  ✅  Amos 7
16:32:12 BLOC_C_SERIE_DU_JOUR              2m30s      2m28s      -2s  ✅  Amos 8
16:34:40 BLOC_C_SERIE_DU_JOUR              0m13s      0m10s      -3s  ✅  jingle avant louange 07 voici un temps de louange
16:34:50 BLOC_C_SERIE_DU_JOUR              4m53s      4m50s      -3s  ✅  Cantique Jahweh, Tu es élevé au dessus de tout (1)
16:39:40 BLOC_C_SERIE_DU_JOUR              8m58s      8m55s      -3s  ✅  El Elyon - Toronto & Winnipeg HF
16:48:35 BLOC_C_SERIE_DU_JOUR              3m04s      3m01s      -3s  ✅  The Lord is my Light and Salvation - Nonso Njoku
16:51:36 BLOC_C_SERIE_DU_JOUR              6m12s      6m10s      -2s  ✅  The King is Here (Abasiama Timothy)
16:57:46 BLOC_C_SERIE_DU_JOUR              4m18s      4m15s      -3s  ✅  You Are Worthy - Ketu HF
17:02:01 BLOC_C_SERIE_DU_JOUR              7m04s      7m02s      -2s  ✅  We Bless You Wonderful God  - Winnipeg Fellowship
17:09:03 BLOC_C_SERIE_DU_JOUR              4m05s      4m03s      -2s  ✅  Song Of Victory - Emmanuel Igunbor
17:13:06 BLOC_C_SERIE_DU_JOUR              7m36s      7m33s      -3s  ✅  There Is No Lie - SWBN TV
17:20:39 BLOC_C_SERIE_DU_JOUR              4m11s      4m08s      -3s  ✅  jai donné ma vie à jésus (1)
17:24:47 BLOC_C_SERIE_DU_JOUR             11m01s     10m58s      -3s  ✅  Great is, Ascribe - Ketu HF
17:35:45 BLOC_C_SERIE_DU_JOUR              0m09s      0m10s      +1s  ✅  JINGLE
17:35:55 BLOC_C_SERIE_DU_JOUR              6m36s      6m33s      -3s  ✅  2 Samuel 3
17:42:28 BLOC_C_SERIE_DU_JOUR              2m27s      2m25s      -2s  ✅  2 Samuel 4
17:44:53 BLOC_C_SERIE_DU_JOUR              3m45s      3m43s      -2s  ✅  2 Samuel 5
17:48:36 BLOC_C_SERIE_DU_JOUR              3m55s      3m52s      -3s  ✅  2 Samuel 6
17:52:28 BLOC_C_SERIE_DU_JOUR              4m44s      4m42s      -2s  ✅  2 Samuel 7
17:57:10 BLOC_C_SERIE_DU_JOUR              0m12s      0m11s      -1s  ✅  jingle id station 03 notre mission annonce levangile
17:57:21 BLOC_C_SERIE_DU_JOUR              5m10s      5m08s      -2s  ✅  I Will Call Upon The Lord
18:02:29 BLOC_D_SERIE_DU_JOUR              0m10s      0m11s      +1s  ✅  jingle avant message 01 voici le message du jour
18:02:40 BLOC_D_SERIE_DU_JOUR              9m23s      9m21s      -2s  ✅  amc tian combat spirituel 3
18:12:01 BLOC_D_SERIE_DU_JOUR              0m13s      0m10s      -3s  ✅  jingle avant bible 07 place a la lecture de la bible
18:12:11 BLOC_D_SERIE_DU_JOUR              2m18s      2m15s      -3s  ✅  Néhémie 1
18:14:26 BLOC_D_SERIE_DU_JOUR              4m01s      3m59s      -2s  ✅  Néhémie 2
18:18:25 BLOC_D_SERIE_DU_JOUR              5m28s      5m25s      -3s  ✅  Néhémie 3
18:23:50 BLOC_D_SERIE_DU_JOUR              3m46s      3m44s      -2s  ✅  Néhémie 4
18:27:34 BLOC_D_SERIE_DU_JOUR              3m29s      3m26s      -3s  ✅  Néhémie 5
18:31:00 BLOC_D_SERIE_DU_JOUR              3m23s      3m21s      -2s  ✅  Néhémie 6
18:34:21 BLOC_D_SERIE_DU_JOUR              6m49s      6m47s      -2s  ✅  Néhémie 7
18:41:08 BLOC_D_SERIE_DU_JOUR              3m59s      3m55s      -4s  ✅  Néhémie 8
18:45:03 BLOC_D_SERIE_DU_JOUR              7m47s      7m45s      -2s  ✅  Néhémie 9
18:52:48 BLOC_D_SERIE_DU_JOUR              4m36s      4m33s      -3s  ✅  Néhémie 10
18:57:21 BLOC_D_SERIE_DU_JOUR              4m55s      4m52s      -3s  ✅  Néhémie 11
19:02:13 BLOC_D_SERIE_DU_JOUR              6m29s      6m36s      +7s  ✅  Néhémie 12
19:08:49 BLOC_D_SERIE_DU_JOUR              4m40s      4m37s      -3s  ✅  All in All - CHF
19:13:26 BLOC_D_SERIE_DU_JOUR              6m07s      6m04s      -3s  ✅  There Is Forgiveness In Thee - SWBN TV
19:19:30 BLOC_D_SERIE_DU_JOUR              8m10s      8m07s      -3s  ✅  Great and Marvellous - Ketu HF
19:27:37 BLOC_D_SERIE_DU_JOUR              9m43s      9m41s      -2s  ✅  Thy Throne Oh Lord - Ketu HF
19:37:18 BLOC_D_SERIE_DU_JOUR              4m08s      4m05s      -3s  ✅  I Choose the Way of the Lord - Abuja HF
19:41:23 BLOC_D_SERIE_DU_JOUR              9m24s      9m21s      -3s  ✅  I See Your Face - Toronto HF
19:50:44 BLOC_D_SERIE_DU_JOUR              6m06s      6m03s      -3s  ✅  Good God - Asaba Fellowship
19:56:47 BLOC_D_SERIE_DU_JOUR              7m29s      7m27s      -2s  ✅  Hallelujah - PHF
20:04:14 BLOC_D_SERIE_DU_JOUR              0m09s      0m06s      -3s  ✅  jingle avant bible 08 prenons un moment pour ecouter la parole
20:04:20 BLOC_D_SERIE_DU_JOUR              4m50s      4m50s      +0s  ✅  Nombres 23
20:09:10 BLOC_D_SERIE_DU_JOUR              4m11s      4m07s      -4s  ✅  Nombres 24
20:13:17 BLOC_D_SERIE_DU_JOUR              2m41s      2m39s      -2s  ✅  Nombres 25
20:15:56 BLOC_D_SERIE_DU_JOUR              9m41s      9m39s      -2s  ✅  Nombres 26
20:25:35 BLOC_D_SERIE_DU_JOUR              3m37s      3m35s      -2s  ✅  Nombres 27
20:29:10 BLOC_D_SERIE_DU_JOUR              4m29s      4m26s      -3s  ✅  Nombres 28
20:33:36 BLOC_D_SERIE_DU_JOUR              0m13s      0m11s      -2s  ✅  jingle avant louange 07 voici un temps de louange
20:33:47 BLOC_D_SERIE_DU_JOUR              5m08s      5m06s      -2s  ✅  He Has Given Me - PHF
20:38:53 BLOC_D_SERIE_DU_JOUR              2m16s      2m13s      -3s  ✅  cantique  nous sommes le sel de la terre
20:41:06 BLOC_D_SERIE_DU_JOUR              9m23s      9m21s      -2s  ✅  Thou art Worthy Lord - PHF
20:50:27 BLOC_D_SERIE_DU_JOUR              5m02s      5m00s      -2s  ✅  A Song Of Love
20:55:27 BLOC_D_SERIE_DU_JOUR             11m53s     11m50s      -3s  ✅  Hashem - PHF
21:07:17 BLOC_D_SERIE_DU_JOUR              4m20s      4m17s      -3s  ✅  There's A Mighty River Flowing - SWBN TV
21:11:34 BLOC_D_SERIE_DU_JOUR              3m19s      3m17s      -2s  ✅  Awaken My Heart
21:14:51 BLOC_D_SERIE_DU_JOUR              5m13s      5m10s      -3s  ✅  Il s'appelait Emmanuel - Marcel Boungou + Paroles
21:20:01 BLOC_D_SERIE_DU_JOUR              6m02s      5m59s      -3s  ✅  Crown Him Lord of Lords - Nonso Njoku
21:26:00 BLOC_D_SERIE_DU_JOUR              7m37s      7m35s      -2s  ✅  Cantiques  Il a pris mes iniquités
21:33:35 BLOC_D_SERIE_DU_JOUR              0m10s      0m07s      -3s  ✅  jingle avant bible 06 ouvrons les saintes ecritures
21:33:42 BLOC_D_SERIE_DU_JOUR              2m21s      2m19s      -2s  ✅  Nahum 1
21:36:01 BLOC_D_SERIE_DU_JOUR              2m04s      2m01s      -3s  ✅  Nahum 2
21:38:02 BLOC_D_SERIE_DU_JOUR              3m02s      3m00s      -2s  ✅  Nahum 3
21:41:02 BLOC_D_SERIE_DU_JOUR              2m56s      2m54s      -2s  ✅  Esdras 3
21:43:56 BLOC_D_SERIE_DU_JOUR              4m24s      4m21s      -3s  ✅  Esdras 4
21:48:17 BLOC_D_SERIE_DU_JOUR              3m08s      3m05s      -3s  ✅  Esdras 5
21:51:22 BLOC_D_SERIE_DU_JOUR              4m12s      4m10s      -2s  ✅  Esdras 6
21:55:32 BLOC_D_SERIE_DU_JOUR              4m34s      4m32s      -2s  ✅  Esdras 7
22:00:04 BLOC_D_SERIE_DU_JOUR              5m42s      5m39s      -3s  ✅  Esdras 8
22:05:43 BLOC_D_SERIE_DU_JOUR              3m34s      3m33s      -1s  ✅  Esdras 9
22:09:16 BLOC_D_SERIE_DU_JOUR              6m21s      6m26s      +5s  ✅  Esdras 10
22:15:42 BLOC_D_SERIE_DU_JOUR              4m14s      4m11s      -3s  ✅  Mon modèle, c est Jésus
22:19:53 BLOC_D_SERIE_DU_JOUR              5m57s      5m54s      -3s  ✅  You are God - Winnipeg Fellowship
22:25:47 BLOC_D_SERIE_DU_JOUR              5m58s      5m55s      -3s  ✅  In Jesus - PHF
22:31:42 BLOC_D_SERIE_DU_JOUR              3m24s      3m21s      -3s  ✅  Cantique sa miséricorde
22:35:03 BLOC_D_SERIE_DU_JOUR              7m20s      7m18s      -2s  ✅  The Glory -  PHF
22:42:21 BLOC_D_SERIE_DU_JOUR              6m04s      6m01s      -3s  ✅  Sing Unto the Lord a new Song  - Winnipeg Fellowship
22:48:22 BLOC_D_SERIE_DU_JOUR              3m22s      3m20s      -2s  ✅  Ses cheveux étaient blancs..
22:51:42 BLOC_D_SERIE_DU_JOUR             10m13s     10m10s      -3s  ✅  As We Worship - Toronto & Winnipeg HF
23:01:52 BLOC_D_SERIE_DU_JOUR              6m54s      6m52s      -2s  ✅  There is no Lie (Imah Adegoke & Mary Umoh)
23:08:44 BLOC_D_SERIE_DU_JOUR              0m09s      0m09s      +0s  ✅  JINGLE
23:08:53 BLOC_D_SERIE_DU_JOUR              1m37s      1m35s      -2s  ✅  Osée 14
23:10:28 BLOC_D_SERIE_DU_JOUR              4m27s      4m24s      -3s  ✅  Jude 1
23:14:52 BLOC_D_SERIE_DU_JOUR              3m07s      3m05s      -2s  ✅  Joël 1
23:17:57 BLOC_D_SERIE_DU_JOUR              5m41s      5m39s      -2s  ✅  Joël 2
23:23:36 BLOC_D_SERIE_DU_JOUR              3m36s      3m33s      -3s  ✅  Joël 3
23:27:09 BLOC_D_SERIE_DU_JOUR              0m12s      0m12s      +0s  ✅  jingle id station 03 notre mission annonce levangile
23:27:21 BLOC_D_SERIE_DU_JOUR              6m35s      6m33s      -2s  ✅  cantique   ta lumière
23:33:54 BLOC_E_LOUANGE_NUIT               7m25s      7m22s      -3s  ✅  Victorious Is the Lamb - Winnipeg Fellowship
23:41:16 BLOC_E_LOUANGE_NUIT               5m13s      5m11s      -2s  ✅  Il s'appelait Emmanuel - Marcel Boungou + Paroles
23:46:27 BLOC_E_LOUANGE_NUIT               7m19s      7m16s      -3s  ✅  You Have sworn By Your Holiness - Chidera Bisong
23:53:43 BLOC_E_LOUANGE_NUIT               4m11s      4m08s      -3s  ✅  jai donné ma vie à jésus (1)
23:57:51 BLOC_E_LOUANGE_NUIT               3m19s      3m37s     +18s  ⚠️ TROU APRÈS  Awaken My Heart
----------------------------------------------------------------------------------------------------
Bilan : 330 titres, 2 anomalie(s) (titre coupé de plus de 10s ou trou d'antenne). Gravité : 1 mineure(s) <1min · 1 sérieuse(s) 1-10min · 0 critique(s) >10min.

====================================================================================================
CONTRÔLES APPROFONDIS
====================================================================================================
MESSAGE DU JOUR « Combat spirituel 3 » : 4 diffusion(s) pour 4 prévue(s) ✅
   00:03:14  (étiquette BLOC_A_SERIE_DU_JOUR)
   06:01:16  (étiquette BLOC_B_SERIE_DU_JOUR)
   12:05:59  (étiquette BLOC_C_SERIE_DU_JOUR)
   18:02:40  (étiquette BLOC_D_SERIE_DU_JOUR)
JINGLES : 31 joués / 36 prévus (86%) ⚠️   ·   BLOC_A 7/9 · BLOC_B 8/9 · BLOC_C 9/9 · BLOC_D 7/9
HORS FENÊTRE : aucun débordement de bloc détecté ✅
BOUCHE-TROUS : 1 titre(s) hors plan sans playlist ⚠️
   00:01:29  AzuraCast is Live!  (0m08s)
COUVERTURE : premier titre à 00:01:29 ✅ · dernier titre finit vers 00:01:10 (estimé) ✅

====================================================================================================
RÉEL vs PRÉVU — ce qui a joué vs ce que le plan prévoyait
====================================================================================================
----------------------------------------------------------------------------------------------------
BLOC_A  (00:00-06:00)  prévus 106 · atteignables  98 · joués  98 · conformité  99% · sautés  1 · en trop  1
   ⏭️  PRÉVU NON JOUÉ : jingle avant bible 08 prenons un moment pour ecouter la parole
   ➕  JOUÉ NON PRÉVU : AzuraCast is Live!
   ⏸️  FIN DE BLOC NON ATTEINTE (8 titres · ~41m10s) — marge anti-rebouclage au-delà de la fenêtre, normal : 1 Thessaloniciens 5 · 2 Timothée 1 · 2 Timothée 2 · jingle id station 02 radio evangile du royaume · He Shall Feed His Flock - I Want to walk  - Ketu HF · Forever You Reign - Abuja HF  …(+2)
----------------------------------------------------------------------------------------------------
BLOC_B  (06:00-12:00)  prévus  84 · atteignables  83 · joués  82 · conformité  99% · sautés  1 · en trop  0
   ⏭️  PRÉVU NON JOUÉ : jingle avant bible 06 ouvrons les saintes ecritures
   ⏸️  FIN DE BLOC NON ATTEINTE (1 titres · ~4m13s) — marge anti-rebouclage au-delà de la fenêtre, normal : 4 minutes
----------------------------------------------------------------------------------------------------
BLOC_C  (12:00-18:00)  prévus  80 · atteignables  75 · joués  75 · conformité 100% · sautés  0 · en trop  0
   ⏸️  FIN DE BLOC NON ATTEINTE (5 titres · ~25m34s) — marge anti-rebouclage au-delà de la fenêtre, normal : esprit de dieu · Igwe · You Are the Captain of the Host - Toronto HF · God is Moving Us On - Ketu HF · 10 minutes
----------------------------------------------------------------------------------------------------
BLOC_D  (18:00-23:30)  prévus  76 · atteignables  72 · joués  70 · conformité  97% · sautés  2 · en trop  0
   ⏭️  PRÉVU NON JOUÉ : jingle avant louange 05 elevons nos coeurs vers dieu · jingle avant louange 06 que la louange seleve
   ⏸️  FIN DE BLOC NON ATTEINTE (4 titres · ~20m35s) — marge anti-rebouclage au-delà de la fenêtre, normal : I Know The Blood - PHF · Crown Him Lord of Lords - Nonso Njoku · Guide Me - El ELyon - Abuja HF · I Will Call Upon The Lord
----------------------------------------------------------------------------------------------------
CONFORMITÉ GLOBALE : 324/328 titres atteignables joués dans l'ordre = 99%  (1 titre(s) hors plan · 18 non atteint(s) en fin de bloc, marge normale)
