====================================================================================================
MONITEUR RADIO — 2026-08-05 (synthèse des 3 rapports + plan, heures UTC)
====================================================================================================
État : ❌ incident(s) détecté(s)  ·  diffusion : 1 coupure(s)/trou(s), 1 double(s) message  ·  serveur : 92 incident(s)
SERVEUR (liquidsoap_events) :
   00:01:25  🔇 bascule sur jingle d'erreur (silence potentiel)  (×3)
   05:59:13  🔇 bascule sur jingle d'erreur (silence potentiel)  (×2)
   23:32:52  🌐 échec réseau AzuraCast/Liquidsoap  (×87)
RESET MINUIT : restart confirmé vers 00:02:02 · 3 contrôle(s) · file saine ✅
INCIDENTS CORRÉLÉS (anomalie de diffusion ↔ cause serveur probable) :
   06:58:53  DOUBLE MESSAGE « message du jour rejoué »
          ↳ aucune cause serveur à proximité (voir CONTRÔLES APPROFONDIS et RÉEL vs PRÉVU ci-dessous)
   23:51:14  TROU 39s « Psalm 93 - Port Harcourt HF »
          ↳ aucune cause serveur à proximité (voir CONTRÔLES APPROFONDIS et RÉEL vs PRÉVU ci-dessous)
(Détail titre par titre, contrôles approfondis et RÉEL vs PRÉVU ci-dessous.)
Rapport de diffusion — 2026-08-05 (heures UTC)
257 titres joués | tolérance ±10s
====================================================================================================
HEURE    PLAYLIST                     FICHIER          RÉEL    ÉCART  STATUT  TITRE
----------------------------------------------------------------------------------------------------
00:01:31 ?                                 2m12s      2m20s      +8s  ✅  ?
00:03:51 BLOC_A_SERIE_DU_JOUR             58m36s     58m33s      -3s  ✅  2
01:02:24 BLOC_A_SERIE_DU_JOUR              0m10s      0m08s      -2s  ✅  jingle avant bible 06 ouvrons les saintes ecritures
01:02:32 BLOC_A_SERIE_DU_JOUR              3m36s      3m33s      -3s  ✅  Daniel 1
01:06:05 BLOC_A_SERIE_DU_JOUR              9m09s      9m06s      -3s  ✅  Daniel 2
01:15:11 BLOC_A_SERIE_DU_JOUR              6m24s      6m22s      -2s  ✅  Daniel 3
01:21:33 BLOC_A_SERIE_DU_JOUR              7m32s      7m29s      -3s  ✅  Daniel 4
01:29:02 BLOC_A_SERIE_DU_JOUR              6m09s      6m07s      -2s  ✅  Daniel 5
01:35:09 BLOC_A_SERIE_DU_JOUR              5m34s      5m31s      -3s  ✅  Daniel 6
01:40:40 BLOC_A_SERIE_DU_JOUR              5m29s      5m27s      -2s  ✅  Daniel 7
01:46:07 BLOC_A_SERIE_DU_JOUR              4m51s      4m48s      -3s  ✅  Daniel 8
01:50:55 BLOC_A_SERIE_DU_JOUR              5m57s      6m03s      +6s  ✅  Daniel 9
01:56:58 BLOC_A_SERIE_DU_JOUR              6m28s      6m26s      -2s  ✅  Le Bien-Etre Universel
02:03:24 BLOC_A_SERIE_DU_JOUR             10m35s     10m32s      -3s  ✅  Baruch Ha'ba B'Shem Adonai/Blessed Is He Who Comes in the Name of the Lord - Port Harcourt HF
02:13:56 BLOC_A_SERIE_DU_JOUR              8m10s      8m07s      -3s  ✅  Great and Marvellous - Ketu HF
02:22:03 BLOC_A_SERIE_DU_JOUR              6m10s      6m07s      -3s  ✅  That I May Know Him - Toronto HF
02:28:10 BLOC_A_SERIE_DU_JOUR              6m12s      6m10s      -2s  ✅  Praise the Lord All Ye Nations - Toronto HF
02:34:20 BLOC_A_SERIE_DU_JOUR              4m04s      4m01s      -3s  ✅  Ascribe Greatness - PHF
02:38:21 BLOC_A_SERIE_DU_JOUR              5m58s      5m55s      -3s  ✅  In Jesus - PHF
02:44:16 BLOC_A_SERIE_DU_JOUR              8m21s      8m19s      -2s  ✅  My Heart Rejoices - Toronto HF
02:52:35 BLOC_A_SERIE_DU_JOUR              0m13s      0m10s      -3s  ✅  jingle avant bible 07 place a la lecture de la bible
02:52:45 BLOC_A_SERIE_DU_JOUR              3m17s      3m15s      -2s  ✅  Galates 1
02:56:00 BLOC_A_SERIE_DU_JOUR              4m08s      4m06s      -2s  ✅  Galates 2
03:00:06 BLOC_A_SERIE_DU_JOUR              4m50s      4m47s      -3s  ✅  Galates 3
03:04:53 BLOC_A_SERIE_DU_JOUR              4m30s      4m28s      -2s  ✅  Galates 4
03:09:21 BLOC_A_SERIE_DU_JOUR              4m04s      4m01s      -3s  ✅  Galates 5
03:13:22 BLOC_A_SERIE_DU_JOUR              2m46s      2m44s      -2s  ✅  Galates 6
03:16:06 BLOC_A_SERIE_DU_JOUR              5m51s      5m48s      -3s  ✅  Jean 1
03:21:54 BLOC_A_SERIE_DU_JOUR              0m10s      0m08s      -2s  ✅  jingle avant louange 06 que la louange seleve
03:22:02 BLOC_A_SERIE_DU_JOUR              9m04s      9m01s      -3s  ✅  You're the Lamb - Calabar HF
03:31:03 BLOC_A_SERIE_DU_JOUR              5m28s      5m26s      -2s  ✅  même humilié
03:36:29 BLOC_A_SERIE_DU_JOUR              7m46s      7m43s      -3s  ✅  Arise Out of Zion  - Winnipeg Fellowship
03:44:12 BLOC_A_SERIE_DU_JOUR             10m38s     10m36s      -2s  ✅  Be Exalted - PHF
03:54:48 BLOC_A_SERIE_DU_JOUR              6m06s      6m04s      -2s  ✅  Good God - Asaba Fellowship
04:00:52 BLOC_A_SERIE_DU_JOUR              4m40s      4m37s      -3s  ✅  All in All - CHF
04:05:29 BLOC_A_SERIE_DU_JOUR             11m01s     10m58s      -3s  ✅  Great is, Ascribe - Ketu HF
04:16:27 BLOC_A_SERIE_DU_JOUR              0m09s      0m07s      -2s  ✅  jingle avant bible 08 prenons un moment pour ecouter la parole
04:16:34 BLOC_A_SERIE_DU_JOUR              1m07s      1m04s      -3s  ✅  Psaumes 101
04:17:38 BLOC_A_SERIE_DU_JOUR              2m38s      2m37s      -1s  ✅  Psaumes 102
04:20:15 BLOC_A_SERIE_DU_JOUR              2m09s      2m06s      -3s  ✅  Psaumes 103
04:22:21 BLOC_A_SERIE_DU_JOUR              3m33s      3m30s      -3s  ✅  Psaumes 104
04:25:51 BLOC_A_SERIE_DU_JOUR              3m50s      3m48s      -2s  ✅  Psaumes 105
04:29:39 BLOC_A_SERIE_DU_JOUR              4m35s      4m33s      -2s  ✅  Psaumes 106
04:34:12 BLOC_A_SERIE_DU_JOUR              4m01s      3m58s      -3s  ✅  Psaumes 107
04:38:10 BLOC_A_SERIE_DU_JOUR              1m20s      1m17s      -3s  ✅  Psaumes 108
04:39:27 BLOC_A_SERIE_DU_JOUR              2m56s      2m53s      -3s  ✅  Psaumes 109
04:42:20 BLOC_A_SERIE_DU_JOUR              0m50s      0m48s      -2s  ✅  Psaumes 110
04:43:08 BLOC_A_SERIE_DU_JOUR              1m06s      1m04s      -2s  ✅  Psaumes 111
04:44:12 BLOC_A_SERIE_DU_JOUR              1m09s      1m06s      -3s  ✅  Psaumes 112
04:45:18 BLOC_A_SERIE_DU_JOUR              0m51s      0m49s      -2s  ✅  Psaumes 113
04:46:07 BLOC_A_SERIE_DU_JOUR              0m45s      0m42s      -3s  ✅  Psaumes 114
04:46:49 BLOC_A_SERIE_DU_JOUR              1m49s      1m46s      -3s  ✅  Psaumes 115
04:48:35 BLOC_A_SERIE_DU_JOUR              1m49s      1m47s      -2s  ✅  Psaumes 116
04:50:22 BLOC_A_SERIE_DU_JOUR              0m16s      0m13s      -3s  ✅  Psaumes 117
04:50:35 BLOC_A_SERIE_DU_JOUR              2m49s      2m47s      -2s  ✅  Psaumes 118
04:53:22 BLOC_A_SERIE_DU_JOUR             14m57s     14m54s      -3s  ✅  Psaumes 119
05:08:16 BLOC_A_SERIE_DU_JOUR              0m13s      0m11s      -2s  ✅  jingle avant louange 07 voici un temps de louange
05:08:27 BLOC_A_SERIE_DU_JOUR              5m22s      5m19s      -3s  ✅  God's Got An Army - PHF
05:13:46 BLOC_A_SERIE_DU_JOUR              7m18s      7m15s      -3s  ✅  Holy is the Lord (Emmanuel Umoh)
05:21:01 BLOC_A_SERIE_DU_JOUR              7m09s      7m08s      -1s  ✅  My God Is Good - Winnipeg Fellowship
05:28:09 BLOC_A_SERIE_DU_JOUR              7m25s      7m22s      -3s  ✅  Victorious Is the Lamb - Winnipeg Fellowship
05:35:31 BLOC_A_SERIE_DU_JOUR              5m52s      5m49s      -3s  ✅  Where Two or Three are Gathered - Calabar HF
05:41:20 BLOC_A_SERIE_DU_JOUR              6m07s      6m04s      -3s  ✅  There Is Forgiveness In Thee - SWBN TV
05:47:24 BLOC_A_SERIE_DU_JOUR              6m30s      6m28s      -2s  ✅  Praise the Lord of Host - Toronto HF
05:53:52 BLOC_A_SERIE_DU_JOUR              5m19s      5m17s      -2s  ✅  Gabrielle LIDJI - Mélodie Céleste  by LFXA(Light FX Animation)_2
05:59:09 BLOC_A_SERIE_DU_JOUR              0m10s      0m09s      -1s  ✅  jingle avant message 04 bienvenue sur parole prophetique fm
05:59:18 ?                                 0m47s      0m47s      +0s  ✅  AzuraCast is Live!
06:00:05 BLOC_B_SERIE_DU_JOUR              0m10s      0m09s      -1s  ✅  jingle avant message 04 bienvenue sur parole prophetique fm
06:00:14 BLOC_B_SERIE_DU_JOUR             58m36s     58m39s      +3s  ✅  2
06:58:53 BLOC_B_SERIE_DU_JOUR             58m36s     58m33s      -3s  ✅  2
07:57:26 BLOC_B_SERIE_DU_JOUR              0m10s      0m08s      -2s  ✅  jingle avant bible 06 ouvrons les saintes ecritures
07:57:34 BLOC_B_SERIE_DU_JOUR              6m57s      6m54s      -3s  ✅  Exode 8
08:04:28 BLOC_B_SERIE_DU_JOUR              7m21s      7m19s      -2s  ✅  Exode 9
08:11:47 BLOC_B_SERIE_DU_JOUR              6m39s      6m36s      -3s  ✅  Exode 10
08:18:23 BLOC_B_SERIE_DU_JOUR              2m20s      2m18s      -2s  ✅  Exode 11
08:20:41 BLOC_B_SERIE_DU_JOUR              8m38s      8m35s      -3s  ✅  Exode 12
08:29:16 BLOC_B_SERIE_DU_JOUR              4m17s      4m14s      -3s  ✅  Exode 13
08:33:30 BLOC_B_SERIE_DU_JOUR              6m00s      5m58s      -2s  ✅  Exode 14
08:39:28 BLOC_B_SERIE_DU_JOUR              5m12s      5m09s      -3s  ✅  Exode 15
08:44:37 BLOC_B_SERIE_DU_JOUR              7m23s      7m21s      -2s  ✅  Exode 16
08:51:58 BLOC_B_SERIE_DU_JOUR              0m11s      0m09s      -2s  ✅  jingle avant louange 05 elevons nos coeurs vers dieu
08:52:07 BLOC_B_SERIE_DU_JOUR              7m21s      7m18s      -3s  ✅  For By My God - Toronto & Winnipeg HF
08:59:25 BLOC_B_SERIE_DU_JOUR              8m37s      8m35s      -2s  ✅  He Has Given Me & Emmanuel You Joy Over Us (Medley) (Abasiama Timothy & Imah Adegoke)
09:08:00 BLOC_B_SERIE_DU_JOUR             10m25s     10m23s      -2s  ✅  Holy Are You - PHF
09:18:23 BLOC_B_SERIE_DU_JOUR              7m17s      7m15s      -2s  ✅  cantique  tes promesses  pub direct dec 2021 import (2)
09:25:38 BLOC_B_SERIE_DU_JOUR              2m57s      2m54s      -3s  ✅  You Are the Captain of the Host - Toronto HF
09:28:32 BLOC_B_SERIE_DU_JOUR              5m04s      5m02s      -2s  ✅  I Enter The Holy of Holies - Port Harcourt HF
09:33:34 BLOC_B_SERIE_DU_JOUR              4m53s      4m50s      -3s  ✅  Cantique Jahweh, Tu es élevé au dessus de tout (1)
09:38:24 BLOC_B_SERIE_DU_JOUR              9m43s      9m41s      -2s  ✅  Thy Throne Oh Lord - Ketu HF
09:48:05 BLOC_B_SERIE_DU_JOUR              0m13s      0m10s      -3s  ✅  jingle avant bible 07 place a la lecture de la bible
09:48:15 BLOC_B_SERIE_DU_JOUR              2m05s      2m03s      -2s  ✅  3 Jean 1
09:50:18 BLOC_B_SERIE_DU_JOUR              1m40s      1m37s      -3s  ✅  1 Jean 1
09:51:55 BLOC_B_SERIE_DU_JOUR              4m39s      4m36s      -3s  ✅  1 Jean 2
09:56:31 BLOC_B_SERIE_DU_JOUR              3m34s      3m32s      -2s  ✅  1 Jean 3
10:00:03 BLOC_B_SERIE_DU_JOUR              3m16s      3m14s      -2s  ✅  1 Jean 4
10:03:17 BLOC_B_SERIE_DU_JOUR              3m11s      3m09s      -2s  ✅  1 Jean 5
10:06:26 BLOC_B_SERIE_DU_JOUR              2m43s      2m40s      -3s  ✅  Aggée 1
10:09:06 BLOC_B_SERIE_DU_JOUR              3m58s      3m56s      -2s  ✅  Aggée 2
10:13:02 BLOC_B_SERIE_DU_JOUR              3m06s      3m03s      -3s  ✅  Romains 12
10:16:05 BLOC_B_SERIE_DU_JOUR              0m10s      0m08s      -2s  ✅  jingle avant louange 06 que la louange seleve
10:16:13 BLOC_B_SERIE_DU_JOUR             10m47s     10m44s      -3s  ✅  Abba, Singing a, I Will Sing - Ketu HF
10:26:57 BLOC_B_SERIE_DU_JOUR              6m02s      6m00s      -2s  ✅  Rejoice - PHF
10:32:57 BLOC_B_SERIE_DU_JOUR              6m41s      6m38s      -3s  ✅  6 minutes
10:39:35 BLOC_B_SERIE_DU_JOUR              2m20s      2m17s      -3s  ✅  cantique  heureux l homme qui ne marche pas selon
10:41:52 BLOC_B_SERIE_DU_JOUR              9m23s      9m21s      -2s  ✅  Thou art Worthy Lord - PHF
10:51:13 BLOC_B_SERIE_DU_JOUR              8m41s      8m38s      -3s  ✅  Unto Him (Vincent Opara)
10:59:51 BLOC_B_SERIE_DU_JOUR              4m52s      4m50s      -2s  ✅  God is Moving Us On - Ketu HF
11:04:41 BLOC_B_SERIE_DU_JOUR              5m21s      5m28s      +7s  ✅  By the word of the lord - Ketu HF
11:10:09 BLOC_B_SERIE_DU_JOUR              2m53s      2m48s      -5s  ✅  Josué 14
11:12:57 BLOC_B_SERIE_DU_JOUR              7m07s      7m05s      -2s  ✅  Josué 15
11:20:02 BLOC_B_SERIE_DU_JOUR              1m34s      1m30s      -4s  ✅  Josué 16
11:21:32 BLOC_B_SERIE_DU_JOUR              3m51s      3m50s      -1s  ✅  Josué 17
11:25:22 BLOC_B_SERIE_DU_JOUR              4m41s      4m38s      -3s  ✅  Josué 18
11:30:00 BLOC_B_SERIE_DU_JOUR              6m21s      6m18s      -3s  ✅  Josué 19
11:36:18 BLOC_B_SERIE_DU_JOUR              1m52s      1m50s      -2s  ✅  Josué 20
11:38:08 BLOC_B_SERIE_DU_JOUR              5m34s      5m31s      -3s  ✅  Josué 21
11:43:39 BLOC_B_SERIE_DU_JOUR              7m12s      7m20s      +8s  ✅  Josué 22
11:50:59 BLOC_B_SERIE_DU_JOUR              4m03s      4m00s      -3s  ✅  I Will Not Be Silent - Calabar HF
11:54:59 BLOC_B_SERIE_DU_JOUR              2m16s      2m13s      -3s  ✅  cantique  nous sommes le sel de la terre
11:57:12 BLOC_B_SERIE_DU_JOUR              4m20s      4m25s      +5s  ✅  There's A Mighty River Flowing - SWBN TV
12:01:37 BLOC_C_SERIE_DU_JOUR             58m36s     58m34s      -2s  ✅  2
13:00:11 BLOC_C_SERIE_DU_JOUR              0m13s      0m09s      -4s  ✅  jingle avant bible 07 place a la lecture de la bible
13:00:20 BLOC_C_SERIE_DU_JOUR              4m36s      4m34s      -2s  ✅  Matthieu 8
13:04:54 BLOC_C_SERIE_DU_JOUR              5m20s      5m17s      -3s  ✅  Matthieu 9
13:10:11 BLOC_C_SERIE_DU_JOUR              5m45s      5m42s      -3s  ✅  Matthieu 10
13:15:53 BLOC_C_SERIE_DU_JOUR              4m15s      4m13s      -2s  ✅  Matthieu 11
13:20:06 BLOC_C_SERIE_DU_JOUR              6m55s      6m53s      -2s  ✅  Matthieu 12
13:26:59 BLOC_C_SERIE_DU_JOUR              8m12s      8m10s      -2s  ✅  Matthieu 13
13:35:09 BLOC_C_SERIE_DU_JOUR              4m14s      4m11s      -3s  ✅  Matthieu 14
13:39:20 BLOC_C_SERIE_DU_JOUR              4m55s      4m53s      -2s  ✅  Matthieu 15
13:44:13 BLOC_C_SERIE_DU_JOUR              4m04s      4m01s      -3s  ✅  Matthieu 16
13:48:14 BLOC_C_SERIE_DU_JOUR              4m03s      4m00s      -3s  ✅  Matthieu 17
13:52:14 BLOC_C_SERIE_DU_JOUR              0m13s      0m11s      -2s  ✅  jingle avant louange 07 voici un temps de louange
13:52:25 BLOC_C_SERIE_DU_JOUR              3m24s      3m21s      -3s  ✅  Cantique sa miséricorde
13:55:46 BLOC_C_SERIE_DU_JOUR              3m10s      3m07s      -3s  ✅  la Parole
13:58:53 BLOC_C_SERIE_DU_JOUR              5m18s      5m16s      -2s  ✅  Now is Come Salvation - Toronto HF
14:04:09 BLOC_C_SERIE_DU_JOUR              6m13s      6m11s      -2s  ✅  Immortal God - Elohim Adonai - Abuja HF
14:10:20 BLOC_C_SERIE_DU_JOUR              8m22s      8m19s      -3s  ✅  Yeshua Hamashiach - Calabar HF
14:18:39 BLOC_C_SERIE_DU_JOUR              6m09s      6m07s      -2s  ✅  Hymne des vainqueurs
14:24:46 BLOC_C_SERIE_DU_JOUR              8m30s      8m28s      -2s  ✅  We Worship Adonai - PHF
14:33:14 BLOC_C_SERIE_DU_JOUR              8m58s      8m55s      -3s  ✅  El Elyon - Toronto & Winnipeg HF
14:42:09 BLOC_C_SERIE_DU_JOUR              4m21s      4m18s      -3s  ✅  Sing Hallelujah - Abuja HF
14:46:27 BLOC_C_SERIE_DU_JOUR              0m10s      0m08s      -2s  ✅  jingle avant bible 06 ouvrons les saintes ecritures
14:46:35 BLOC_C_SERIE_DU_JOUR              2m56s      2m54s      -2s  ✅  Colossiens 4
14:49:29 BLOC_C_SERIE_DU_JOUR              1m11s      1m08s      -3s  ✅  Ésaïe 20
14:50:37 BLOC_C_SERIE_DU_JOUR              2m53s      2m51s      -2s  ✅  Ésaïe 21
14:53:28 BLOC_C_SERIE_DU_JOUR              4m02s      3m59s      -3s  ✅  Ésaïe 22
14:57:27 BLOC_C_SERIE_DU_JOUR              3m04s      3m01s      -3s  ✅  Ésaïe 23
15:00:28 BLOC_C_SERIE_DU_JOUR              3m27s      3m25s      -2s  ✅  Ésaïe 24
15:03:53 BLOC_C_SERIE_DU_JOUR              2m22s      2m20s      -2s  ✅  Ésaïe 25
15:06:13 BLOC_C_SERIE_DU_JOUR              3m19s      3m16s      -3s  ✅  Ésaïe 26
15:09:29 BLOC_C_SERIE_DU_JOUR              2m22s      2m19s      -3s  ✅  Ésaïe 27
15:11:48 BLOC_C_SERIE_DU_JOUR              0m11s      0m09s      -2s  ✅  jingle avant louange 05 elevons nos coeurs vers dieu
15:11:57 BLOC_C_SERIE_DU_JOUR             11m54s     11m51s      -3s  ✅  Great & Marvelluos - Toronto HF
15:23:48 BLOC_C_SERIE_DU_JOUR              5m50s      5m48s      -2s  ✅  Jesus I'm Waiting for You (Mary Umoh)
15:29:36 BLOC_C_SERIE_DU_JOUR              5m02s      4m59s      -3s  ✅  A Song Of Love
15:34:35 BLOC_C_SERIE_DU_JOUR              3m04s      3m01s      -3s  ✅  The Lord is my Light and Salvation - Nonso Njoku
15:37:36 BLOC_C_SERIE_DU_JOUR              3m22s      3m20s      -2s  ✅  Ses cheveux étaient blancs..
15:40:56 BLOC_C_SERIE_DU_JOUR              8m21s      8m19s      -2s  ✅  In the Day of Your Power  - Winnipeg Fellowship
15:49:15 BLOC_C_SERIE_DU_JOUR              7m57s      7m55s      -2s  ✅  Yahweh is Mighty (Imah Adegoke)
15:57:10 BLOC_C_SERIE_DU_JOUR              6m04s      6m01s      -3s  ✅  Sing Unto the Lord a new Song  - Winnipeg Fellowship
16:03:11 BLOC_C_SERIE_DU_JOUR              0m09s      0m07s      -2s  ✅  jingle avant bible 08 prenons un moment pour ecouter la parole
16:03:18 BLOC_C_SERIE_DU_JOUR              2m07s      2m05s      -2s  ✅  2 Jean 1
16:05:23 BLOC_C_SERIE_DU_JOUR              3m36s      3m33s      -3s  ✅  Hébreux 13
16:08:56 BLOC_C_SERIE_DU_JOUR              4m37s      4m34s      -3s  ✅  1 Corinthiens 1
16:13:30 BLOC_C_SERIE_DU_JOUR              2m43s      2m41s      -2s  ✅  1 Corinthiens 2
16:16:11 BLOC_C_SERIE_DU_JOUR              3m26s      3m23s      -3s  ✅  1 Corinthiens 3
16:19:34 BLOC_C_SERIE_DU_JOUR              3m40s      3m38s      -2s  ✅  1 Corinthiens 4
16:23:12 BLOC_C_SERIE_DU_JOUR              2m17s      2m15s      -2s  ✅  1 Corinthiens 5
16:25:27 BLOC_C_SERIE_DU_JOUR              3m19s      3m16s      -3s  ✅  1 Corinthiens 6
16:28:43 BLOC_C_SERIE_DU_JOUR              6m29s      6m26s      -3s  ✅  1 Corinthiens 7
16:35:09 BLOC_C_SERIE_DU_JOUR              2m04s      2m02s      -2s  ✅  1 Corinthiens 8
16:37:11 BLOC_C_SERIE_DU_JOUR              4m09s      4m06s      -3s  ✅  1 Corinthiens 9
16:41:17 BLOC_C_SERIE_DU_JOUR              0m10s      0m08s      -2s  ✅  jingle avant louange 06 que la louange seleve
16:41:25 BLOC_C_SERIE_DU_JOUR              6m15s      6m13s      -2s  ✅  Oh Lord I Want to Know Your Glory - Port Harcourt HF
16:47:38 BLOC_C_SERIE_DU_JOUR              8m10s      8m08s      -2s  ✅  Agunechemba - SWBN TV
16:55:46 BLOC_C_SERIE_DU_JOUR              7m09s      7m06s      -3s  ✅  There is A Mighty River Flowing - Ketu HF
17:02:52 BLOC_C_SERIE_DU_JOUR              6m56s      6m54s      -2s  ✅  As We Worship In Ypur Presence
17:09:46 BLOC_C_SERIE_DU_JOUR              3m19s      3m16s      -3s  ✅  Awaken My Heart
17:13:02 BLOC_C_SERIE_DU_JOUR              6m02s      5m59s      -3s  ✅  Satisfy My Soul - Calabar HF
17:19:01 BLOC_C_SERIE_DU_JOUR              9m39s      9m37s      -2s  ✅  Psalm 93 - Port Harcourt HF
17:28:38 BLOC_C_SERIE_DU_JOUR              7m36s      7m33s      -3s  ✅  There Is No Lie - SWBN TV
17:36:11 BLOC_C_SERIE_DU_JOUR              0m09s      0m10s      +1s  ✅  JINGLE
17:36:21 BLOC_C_SERIE_DU_JOUR              2m53s      2m51s      -2s  ✅  2 Corinthiens 9
17:39:12 BLOC_C_SERIE_DU_JOUR              3m24s      3m21s      -3s  ✅  2 Corinthiens 10
17:42:33 BLOC_C_SERIE_DU_JOUR              5m26s      5m24s      -2s  ✅  2 Corinthiens 11
17:47:57 BLOC_C_SERIE_DU_JOUR              4m28s      4m25s      -3s  ✅  2 Corinthiens 12
17:52:22 BLOC_C_SERIE_DU_JOUR              2m25s      2m22s      -3s  ✅  2 Corinthiens 13
17:54:44 BLOC_C_SERIE_DU_JOUR              0m12s      0m12s      +0s  ✅  jingle id station 03 notre mission annonce levangile
17:54:56 BLOC_C_SERIE_DU_JOUR              8m12s      8m11s      -1s  ✅  Jesus is Alpha - PHF
18:03:07 BLOC_D_SERIE_DU_JOUR              0m09s      0m06s      -3s  ✅  jingle avant message 03 vous ecoutez parole prophetique fm
18:03:13 BLOC_D_SERIE_DU_JOUR             58m36s     58m32s      -4s  ✅  2
19:01:45 BLOC_D_SERIE_DU_JOUR              0m09s      0m07s      -2s  ✅  jingle avant bible 08 prenons un moment pour ecouter la parole
19:01:52 BLOC_D_SERIE_DU_JOUR              2m59s      2m57s      -2s  ✅  Philémon 1
19:04:49 BLOC_D_SERIE_DU_JOUR              2m56s      2m54s      -2s  ✅  Sophonie 1
19:07:43 BLOC_D_SERIE_DU_JOUR              2m46s      2m43s      -3s  ✅  Sophonie 2
19:10:26 BLOC_D_SERIE_DU_JOUR              3m46s      3m44s      -2s  ✅  Sophonie 3
19:14:10 BLOC_D_SERIE_DU_JOUR              4m06s      4m03s      -3s  ✅  Actes 11
19:18:13 BLOC_D_SERIE_DU_JOUR              3m53s      3m50s      -3s  ✅  Actes 12
19:22:03 BLOC_D_SERIE_DU_JOUR              7m40s      7m38s      -2s  ✅  Actes 13
19:29:41 BLOC_D_SERIE_DU_JOUR              4m04s      4m01s      -3s  ✅  Actes 14
19:33:42 BLOC_D_SERIE_DU_JOUR              5m37s      5m35s      -2s  ✅  Actes 15
19:39:17 BLOC_D_SERIE_DU_JOUR              5m42s      5m39s      -3s  ✅  Actes 16
19:44:56 BLOC_D_SERIE_DU_JOUR              5m23s      5m22s      -1s  ✅  Actes 17
19:50:18 BLOC_D_SERIE_DU_JOUR              0m10s      0m07s      -3s  ✅  jingle avant louange 06 que la louange seleve
19:50:25 BLOC_D_SERIE_DU_JOUR              4m33s      4m31s      -2s  ✅  God is Building - Will You Be - Ketu HF
19:54:56 BLOC_D_SERIE_DU_JOUR              3m41s      3m39s      -2s  ✅  Adorons l'Éternel GAEL - JÉSUS EST SEIGNEUR -
19:58:35 BLOC_D_SERIE_DU_JOUR              8m18s      8m15s      -3s  ✅  Yahweh Is Mighty - SWBN TV
20:06:50 BLOC_D_SERIE_DU_JOUR              7m51s      7m49s      -2s  ✅  There is no name  - Winnipeg Fellowship
20:14:39 BLOC_D_SERIE_DU_JOUR              5m43s      5m40s      -3s  ✅  Cantique l Éternel est mon Berger (1)
20:20:19 BLOC_D_SERIE_DU_JOUR              9m31s      9m28s      -3s  ✅  15 at 01.33.50 (1)(1)
20:29:47 BLOC_D_SERIE_DU_JOUR              5m57s      6m02s      +5s  ✅  You are God - Winnipeg Fellowship
20:35:49 BLOC_D_SERIE_DU_JOUR              3m00s      2m58s      -2s  ✅  Jonas 1
20:38:47 BLOC_D_SERIE_DU_JOUR              1m22s      1m19s      -3s  ✅  Jonas 2
20:40:06 BLOC_D_SERIE_DU_JOUR              1m36s      1m33s      -3s  ✅  Jonas 3
20:41:39 BLOC_D_SERIE_DU_JOUR              1m57s      1m55s      -2s  ✅  Jonas 4
20:43:34 BLOC_D_SERIE_DU_JOUR              3m26s      3m24s      -2s  ✅  Abdias 1
20:46:58 BLOC_D_SERIE_DU_JOUR              4m02s      3m59s      -3s  ✅  Juges 21
20:50:57 BLOC_D_SERIE_DU_JOUR              6m33s      6m30s      -3s  ✅  Luc 10
20:57:27 BLOC_D_SERIE_DU_JOUR              8m34s      8m32s      -2s  ✅  Luc 11
21:05:59 BLOC_D_SERIE_DU_JOUR              0m11s      0m09s      -2s  ✅  jingle avant louange 05 elevons nos coeurs vers dieu
21:06:08 BLOC_D_SERIE_DU_JOUR              4m11s      4m08s      -3s  ✅  jai donné ma vie à jésus (1)
21:10:16 BLOC_D_SERIE_DU_JOUR              8m25s      8m22s      -3s  ✅  The Mountains, Come and, Oh City - Ketu HF
21:18:38 BLOC_D_SERIE_DU_JOUR              6m59s      6m56s      -3s  ✅  Hosanna - Toronto HF
21:25:34 BLOC_D_SERIE_DU_JOUR              4m48s      4m46s      -2s  ✅  Yeshua I'm Waiting for You  - Ketu HF
21:30:20 BLOC_D_SERIE_DU_JOUR              5m07s      5m04s      -3s  ✅  We Shall Come - Asaba Fellowship
21:35:24 BLOC_D_SERIE_DU_JOUR              4m05s      4m03s      -2s  ✅  Song Of Victory - Emmanuel Igunbor
21:39:27 BLOC_D_SERIE_DU_JOUR              6m34s      6m31s      -3s  ✅  cantique  béni soit le dieu d israël
21:45:58 BLOC_D_SERIE_DU_JOUR              8m24s      8m21s      -3s  ✅  Bless Ye the Lord - PHF
21:54:19 BLOC_D_SERIE_DU_JOUR              0m13s      0m11s      -2s  ✅  jingle avant bible 07 place a la lecture de la bible
21:54:30 BLOC_D_SERIE_DU_JOUR              1m43s      1m41s      -2s  ✅  Zacharie 13
21:56:11 BLOC_D_SERIE_DU_JOUR              4m06s      4m04s      -2s  ✅  Zacharie 14
22:00:15 BLOC_D_SERIE_DU_JOUR              3m57s      3m53s      -4s  ✅  Jacques 1
22:04:08 BLOC_D_SERIE_DU_JOUR              3m51s      3m48s      -3s  ✅  Jacques 2
22:07:56 BLOC_D_SERIE_DU_JOUR              2m56s      2m53s      -3s  ✅  Jacques 3
22:10:49 BLOC_D_SERIE_DU_JOUR              2m47s      2m44s      -3s  ✅  Jacques 4
22:13:33 BLOC_D_SERIE_DU_JOUR              3m28s      3m26s      -2s  ✅  Jacques 5
22:16:59 BLOC_D_SERIE_DU_JOUR              2m33s      2m31s      -2s  ✅  1 Samuel 21
22:19:30 BLOC_D_SERIE_DU_JOUR              4m12s      4m09s      -3s  ✅  1 Samuel 22
22:23:39 BLOC_D_SERIE_DU_JOUR              4m39s      4m37s      -2s  ✅  1 Samuel 23
22:28:16 BLOC_D_SERIE_DU_JOUR              0m13s      0m10s      -3s  ✅  jingle avant louange 07 voici un temps de louange
22:28:26 BLOC_D_SERIE_DU_JOUR              5m10s      5m08s      -2s  ✅  Igwe
22:33:34 BLOC_D_SERIE_DU_JOUR              6m54s      6m52s      -2s  ✅  There is no Lie (Imah Adegoke & Mary Umoh)
22:40:26 BLOC_D_SERIE_DU_JOUR              4m14s      4m11s      -3s  ✅  Mon modèle, c est Jésus
22:44:37 BLOC_D_SERIE_DU_JOUR              6m12s      6m09s      -3s  ✅  The King is Here (Abasiama Timothy)
22:50:46 BLOC_D_SERIE_DU_JOUR              8m31s      8m29s      -2s  ✅  Holy Holy - Abuja HF
22:59:15 BLOC_D_SERIE_DU_JOUR              6m06s      6m04s      -2s  ✅  cantique  ta bonte
23:05:19 BLOC_D_SERIE_DU_JOUR              4m19s      4m16s      -3s  ✅  I Know The Blood - PHF
23:09:35 BLOC_D_SERIE_DU_JOUR              6m02s      5m59s      -3s  ✅  Crown Him Lord of Lords - Nonso Njoku
23:15:34 BLOC_D_SERIE_DU_JOUR              0m09s      0m10s      +1s  ✅  jingle id station 02 radio evangile du royaume
23:15:44 BLOC_D_SERIE_DU_JOUR              5m20s      5m18s      -2s  ✅  1 Rois 3
23:21:02 BLOC_D_SERIE_DU_JOUR              4m57s      4m54s      -3s  ✅  1 Rois 4
23:25:56 BLOC_D_SERIE_DU_JOUR              3m08s      3m06s      -2s  ✅  1 Rois 5
23:29:02 BLOC_D_SERIE_DU_JOUR              5m43s      5m42s      -1s  ✅  1 Rois 6
23:34:44 BLOC_E_LOUANGE_NUIT               7m21s      7m17s      -4s  ✅  For By My God - Toronto & Winnipeg HF
23:42:01 BLOC_E_LOUANGE_NUIT               9m14s      9m13s      -1s  ✅  A jamais, tu seras l Agneau de Dieu
23:51:14 BLOC_E_LOUANGE_NUIT               9m39s     10m18s     +39s  ⚠️ TROU APRÈS  Psalm 93 - Port Harcourt HF
----------------------------------------------------------------------------------------------------
Bilan : 257 titres, 1 anomalie(s) (titre coupé de plus de 10s ou trou d'antenne). Gravité : 1 mineure(s) <1min · 0 sérieuse(s) 1-10min · 0 critique(s) >10min.

====================================================================================================
CONTRÔLES APPROFONDIS
====================================================================================================
MESSAGE DU JOUR « 2017 ndimy distraction comme aux jours de Noé et Lot 2-2 » : 5 diffusion(s) pour 4 prévue(s) ❌
   00:03:51  (étiquette BLOC_A_SERIE_DU_JOUR)
   06:00:14  (étiquette BLOC_B_SERIE_DU_JOUR)
   06:58:53  (étiquette BLOC_B_SERIE_DU_JOUR)  ⚠️ DOUBLE RAPPROCHÉ (rejoué juste après la diffusion précédente)
   12:01:37  (étiquette BLOC_C_SERIE_DU_JOUR)
   18:03:13  (étiquette BLOC_D_SERIE_DU_JOUR)
   → diffusions en trop = reboucle d'un bloc avant la fin de sa fenêtre (l'étiquette playlist des fichiers partagés n'est pas fiable, se fier aux heures).
JINGLES : 26 joués / 36 prévus (72%) ⚠️   ·   BLOC_A 6/9 · BLOC_B 5/9 · BLOC_C 8/9 · BLOC_D 7/9
HORS FENÊTRE : aucun débordement de bloc détecté ✅
BOUCHE-TROUS : 2 titre(s) hors plan sans playlist ⚠️
   00:01:31  ?  (2m12s)
   05:59:18  AzuraCast is Live!  (0m47s)
COUVERTURE : premier titre à 00:01:31 ✅ · dernier titre finit vers 00:00:53 (estimé) ✅

====================================================================================================
RÉEL vs PRÉVU — ce qui a joué vs ce que le plan prévoyait
====================================================================================================
----------------------------------------------------------------------------------------------------
BLOC_A  (00:00-06:00)  prévus  77 · atteignables  66 · joués  67 · conformité  97% · sautés  2 · en trop  3
   ⏭️  PRÉVU NON JOUÉ : jingle avant message 04 bienvenue sur parole prophetique fm · jingle avant louange 05 elevons nos coeurs vers dieu
   ➕  JOUÉ NON PRÉVU : ? · jingle avant message 04 bienvenue sur parole prophetique fm · AzuraCast is Live!
   ⏸️  FIN DE BLOC NON ATTEINTE (11 titres · ~38m59s) — marge anti-rebouclage au-delà de la fenêtre, normal : jingle id station 02 radio evangile du royaume · Tite 1 · Tite 2 · Tite 3 · Ézéchiel 27 · Ézéchiel 28  …(+5)
----------------------------------------------------------------------------------------------------
BLOC_B  (06:00-12:00)  prévus  74 · atteignables  54 · joués  53 · conformité  96% · sautés  2 · en trop  1
   ⏭️  PRÉVU NON JOUÉ : jingle avant bible 08 prenons un moment pour ecouter la parole · jingle avant louange 07 voici un temps de louange
   ➕  JOUÉ NON PRÉVU : 2
   ⏸️  FIN DE BLOC NON ATTEINTE (20 titres · ~1h26m35s) — marge anti-rebouclage au-delà de la fenêtre, normal : Ella Samuels - Oh Lord Our Maker · Guide Me - El ELyon - Abuja HF · We Ascribe Greatness - Abuja HF · cantique   prends tout le contrôle · You Are Worthy - Ketu HF · How Precious Oh Lord  …(+14)
   ⚠️  part non atteinte (~1h26m35s) excède la marge prévue (~31m34s) — reboucle ou coupure probable dans le bloc
----------------------------------------------------------------------------------------------------
BLOC_C  (12:00-18:00)  prévus  73 · atteignables  71 · joués  70 · conformité  99% · sautés  1 · en trop  0
   ⏭️  PRÉVU NON JOUÉ : jingle avant message 03 vous ecoutez parole prophetique fm
   ⏸️  FIN DE BLOC NON ATTEINTE (2 titres · ~17m26s) — marge anti-rebouclage au-delà de la fenêtre, normal : Hashem - PHF · He Shall Feed His Flock - I Want to walk  - Ketu HF
----------------------------------------------------------------------------------------------------
BLOC_D  (18:00-23:30)  prévus  69 · atteignables  65 · joués  64 · conformité  98% · sautés  1 · en trop  0
   ⏭️  PRÉVU NON JOUÉ : jingle avant bible 06 ouvrons les saintes ecritures
   ⏸️  FIN DE BLOC NON ATTEINTE (4 titres · ~19m05s) — marge anti-rebouclage au-delà de la fenêtre, normal : jingle id station 01 la bonne nouvelle partout · Holy are You oh Lord (Olaedo Uzoma & Vincent Opara) · I Will Call Upon The Lord · I Choose the Way of the Lord - Abuja HF
----------------------------------------------------------------------------------------------------
CONFORMITÉ GLOBALE : 250/256 titres atteignables joués dans l'ordre = 98%  (4 titre(s) hors plan · 37 non atteint(s) en fin de bloc, marge normale)
