Rapport de diffusion — 2026-07-15 (heures UTC)
313 titres joués | tolérance ±10s
====================================================================================================
HEURE    PLAYLIST                     FICHIER          RÉEL    ÉCART  STATUT  TITRE
----------------------------------------------------------------------------------------------------
00:01:43 ?                                 3m42s      3m50s      +8s  ✅  ?
00:05:33 BLOC_A_SERIE_DU_JOUR              9m42s      9m40s      -2s  ✅  2020 tian le pardon 5
00:15:13 BLOC_A_SERIE_DU_JOUR              0m13s      0m10s      -3s  ✅  jingle avant bible 07 place a la lecture de la bible
00:15:23 BLOC_A_SERIE_DU_JOUR              2m54s      2m51s      -3s  ✅  Malachie 1
00:18:14 BLOC_A_SERIE_DU_JOUR              3m17s      3m14s      -3s  ✅  Malachie 2
00:21:28 BLOC_A_SERIE_DU_JOUR              3m22s      3m19s      -3s  ✅  Malachie 3
00:24:47 BLOC_A_SERIE_DU_JOUR              1m05s      1m02s      -3s  ✅  Malachie 4
00:25:49 BLOC_A_SERIE_DU_JOUR              5m36s      5m34s      -2s  ✅  Jérémie 52
00:31:23 BLOC_A_SERIE_DU_JOUR              5m26s      5m23s      -3s  ✅  Marc 8
00:36:46 BLOC_A_SERIE_DU_JOUR              6m45s      6m43s      -2s  ✅  Marc 9
00:43:29 BLOC_A_SERIE_DU_JOUR              7m16s      7m13s      -3s  ✅  Marc 10
00:50:42 BLOC_A_SERIE_DU_JOUR              4m42s      4m40s      -2s  ✅  Marc 11
00:55:22 BLOC_A_SERIE_DU_JOUR              7m12s      7m10s      -2s  ✅  Marc 12
01:02:32 BLOC_A_SERIE_DU_JOUR              5m09s      5m07s      -2s  ✅  Marc 13
01:07:39 BLOC_A_SERIE_DU_JOUR             10m25s     10m22s      -3s  ✅  Marc 14
01:18:01 BLOC_A_SERIE_DU_JOUR              0m13s      0m10s      -3s  ✅  jingle avant louange 07 voici un temps de louange
01:18:11 BLOC_A_SERIE_DU_JOUR              5m21s      5m19s      -2s  ✅  By the word of the lord - Ketu HF
01:23:30 BLOC_A_SERIE_DU_JOUR             10m24s     10m21s      -3s  ✅  Shine in Darkness O Lord  - Winnipeg Fellowship
01:33:51 BLOC_A_SERIE_DU_JOUR              4m52s      4m50s      -2s  ✅  God is Moving Us On - Ketu HF
01:38:41 BLOC_A_SERIE_DU_JOUR              9m23s      9m21s      -2s  ✅  10 minutes
01:48:02 BLOC_A_SERIE_DU_JOUR              6m54s      6m52s      -2s  ✅  There is no Lie (Imah Adegoke & Mary Umoh)
01:54:54 BLOC_A_SERIE_DU_JOUR              9m04s      9m01s      -3s  ✅  You're the Lamb - Calabar HF
02:03:55 BLOC_A_SERIE_DU_JOUR              6m57s      6m54s      -3s  ✅  qui est digne d ouvrir le livre
02:10:49 BLOC_A_SERIE_DU_JOUR              5m08s      5m06s      -2s  ✅  He Has Given Me - PHF
02:15:55 BLOC_A_SERIE_DU_JOUR              5m02s      5m00s      -2s  ✅  A Song Of Love
02:20:55 BLOC_A_SERIE_DU_JOUR              0m10s      0m08s      -2s  ✅  jingle avant bible 06 ouvrons les saintes ecritures
02:21:03 BLOC_A_SERIE_DU_JOUR              6m32s      6m29s      -3s  ✅  Actes 10
02:27:32 BLOC_A_SERIE_DU_JOUR              4m06s      4m04s      -2s  ✅  Actes 11
02:31:36 BLOC_A_SERIE_DU_JOUR              3m53s      3m50s      -3s  ✅  Actes 12
02:35:26 BLOC_A_SERIE_DU_JOUR              7m40s      7m37s      -3s  ✅  Actes 13
02:43:03 BLOC_A_SERIE_DU_JOUR              4m04s      4m01s      -3s  ✅  Actes 14
02:47:04 BLOC_A_SERIE_DU_JOUR              5m37s      5m35s      -2s  ✅  Actes 15
02:52:39 BLOC_A_SERIE_DU_JOUR              0m11s      0m08s      -3s  ✅  jingle avant louange 05 elevons nos coeurs vers dieu
02:52:47 BLOC_A_SERIE_DU_JOUR              6m57s      6m55s      -2s  ✅  The Lord on High is Mightier - Toronto HF
02:59:42 BLOC_A_SERIE_DU_JOUR              7m19s      7m16s      -3s  ✅  You Have sworn By Your Holiness - Chidera Bisong
03:06:58 BLOC_A_SERIE_DU_JOUR             10m35s     10m33s      -2s  ✅  Baruch Ha'ba B'Shem Adonai/Blessed Is He Who Comes in the Name of the Lord - Port Harcourt HF
03:17:31 BLOC_A_SERIE_DU_JOUR              5m58s      5m55s      -3s  ✅  In Jesus - PHF
03:23:26 BLOC_A_SERIE_DU_JOUR              7m18s      7m15s      -3s  ✅  Holy is the Lord (Emmanuel Umoh)
03:30:41 BLOC_A_SERIE_DU_JOUR              4m19s      4m16s      -3s  ✅  I Know The Blood - PHF
03:34:57 BLOC_A_SERIE_DU_JOUR              6m35s      6m33s      -2s  ✅  cantique   ta lumière
03:41:30 BLOC_A_SERIE_DU_JOUR              6m06s      6m04s      -2s  ✅  cantique  ta bonte
03:47:34 BLOC_A_SERIE_DU_JOUR              5m19s      5m17s      -2s  ✅  Gabrielle LIDJI - Mélodie Céleste  by LFXA(Light FX Animation)_2
03:52:51 BLOC_A_SERIE_DU_JOUR              0m09s      0m06s      -3s  ✅  jingle avant bible 08 prenons un moment pour ecouter la parole
03:52:57 BLOC_A_SERIE_DU_JOUR              2m56s      2m54s      -2s  ✅  Esdras 3
03:55:51 BLOC_A_SERIE_DU_JOUR              4m24s      4m22s      -2s  ✅  Esdras 4
04:00:13 BLOC_A_SERIE_DU_JOUR              3m08s      3m05s      -3s  ✅  Esdras 5
04:03:18 BLOC_A_SERIE_DU_JOUR              4m12s      4m10s      -2s  ✅  Esdras 6
04:07:28 BLOC_A_SERIE_DU_JOUR              4m34s      4m31s      -3s  ✅  Esdras 7
04:11:59 BLOC_A_SERIE_DU_JOUR              5m42s      5m40s      -2s  ✅  Esdras 8
04:17:39 BLOC_A_SERIE_DU_JOUR              3m34s      3m32s      -2s  ✅  Esdras 9
04:21:11 BLOC_A_SERIE_DU_JOUR              6m21s      6m18s      -3s  ✅  Esdras 10
04:27:29 BLOC_A_SERIE_DU_JOUR              2m25s      2m23s      -2s  ✅  Cantique des Cantiques 1
04:29:52 BLOC_A_SERIE_DU_JOUR              2m32s      2m29s      -3s  ✅  Cantique des Cantiques 2
04:32:21 BLOC_A_SERIE_DU_JOUR              1m53s      1m51s      -2s  ✅  Cantique des Cantiques 3
04:34:12 BLOC_A_SERIE_DU_JOUR              2m50s      2m56s      +6s  ✅  Cantique des Cantiques 4
04:37:08 BLOC_A_SERIE_DU_JOUR              6m15s      6m13s      -2s  ✅  Oh Lord I Want to Know Your Glory - Port Harcourt HF
04:43:21 BLOC_A_SERIE_DU_JOUR              5m21s      5m17s      -4s  ✅  We Shall Not Fear - Nonso Njoku
04:48:38 BLOC_A_SERIE_DU_JOUR              5m28s      5m26s      -2s  ✅  même humilié
04:54:04 BLOC_A_SERIE_DU_JOUR              2m16s      2m13s      -3s  ✅  cantique  nous sommes le sel de la terre
04:56:17 BLOC_A_SERIE_DU_JOUR              7m04s      7m01s      -3s  ✅  We Bless You Wonderful God  - Winnipeg Fellowship
05:03:18 BLOC_A_SERIE_DU_JOUR              9m38s      9m36s      -2s  ✅  Holy are You oh Lord (Olaedo Uzoma & Vincent Opara)
05:12:54 BLOC_A_SERIE_DU_JOUR              6m28s      6m25s      -3s  ✅  Le Bien-Etre Universel
05:19:19 BLOC_A_SERIE_DU_JOUR             11m01s     10m59s      -2s  ✅  Great is, Ascribe - Ketu HF
05:30:18 BLOC_A_SERIE_DU_JOUR              4m04s      4m00s      -4s  ✅  Ascribe Greatness - PHF
05:34:18 BLOC_A_SERIE_DU_JOUR              4m48s      4m47s      -1s  ✅  Yeshua I'm Waiting for You  - Ketu HF
05:39:05 BLOC_A_SERIE_DU_JOUR              0m09s      0m09s      +0s  ✅  JINGLE
05:39:14 BLOC_A_SERIE_DU_JOUR              3m07s      3m05s      -2s  ✅  2 Chroniques 1
05:42:19 BLOC_A_SERIE_DU_JOUR              3m38s      3m35s      -3s  ✅  2 Chroniques 2
05:45:54 BLOC_A_SERIE_DU_JOUR              2m35s      2m33s      -2s  ✅  2 Chroniques 3
05:48:27 BLOC_A_SERIE_DU_JOUR              3m07s      3m04s      -3s  ✅  2 Chroniques 4
05:51:31 BLOC_A_SERIE_DU_JOUR              2m35s      2m33s      -2s  ✅  2 Chroniques 5
05:54:04 BLOC_A_SERIE_DU_JOUR              7m55s      7m52s      -3s  ✅  2 Chroniques 6
06:01:56 BLOC_B_SERIE_DU_JOUR              0m10s      0m08s      -2s  ✅  jingle avant message 04 bienvenue sur parole prophetique fm
06:02:04 BLOC_B_SERIE_DU_JOUR              9m42s      9m47s      +5s  ✅  2020 tian le pardon 5
06:11:51 BLOC_B_SERIE_DU_JOUR              5m51s      5m49s      -2s  ✅  Jean 1
06:17:40 BLOC_B_SERIE_DU_JOUR              2m52s      2m49s      -3s  ✅  Jean 2
06:20:29 BLOC_B_SERIE_DU_JOUR              4m30s      4m28s      -2s  ✅  Jean 3
06:24:57 BLOC_B_SERIE_DU_JOUR              6m42s      6m39s      -3s  ✅  Jean 4
06:31:36 BLOC_B_SERIE_DU_JOUR              5m23s      5m21s      -2s  ✅  Jean 5
06:36:57 BLOC_B_SERIE_DU_JOUR              8m24s      8m21s      -3s  ✅  Jean 6
06:45:18 BLOC_B_SERIE_DU_JOUR              6m07s      6m05s      -2s  ✅  Jean 7
06:51:23 BLOC_B_SERIE_DU_JOUR              7m26s      7m23s      -3s  ✅  Jean 8
06:58:46 BLOC_B_SERIE_DU_JOUR              4m54s      4m52s      -2s  ✅  Jean 9
07:03:38 BLOC_B_SERIE_DU_JOUR              4m36s      4m33s      -3s  ✅  Jean 10
07:08:11 BLOC_B_SERIE_DU_JOUR              6m58s      6m57s      -1s  ✅  Jean 11
07:15:08 BLOC_B_SERIE_DU_JOUR              0m11s      0m08s      -3s  ✅  jingle avant louange 05 elevons nos coeurs vers dieu
07:15:16 BLOC_B_SERIE_DU_JOUR              5m18s      5m15s      -3s  ✅  Now is Come Salvation - Toronto HF
07:20:31 BLOC_B_SERIE_DU_JOUR              8m41s      8m38s      -3s  ✅  Unto Him (Vincent Opara)
07:29:09 BLOC_B_SERIE_DU_JOUR              6m02s      6m01s      -1s  ✅  Rejoice - PHF
07:35:10 BLOC_B_SERIE_DU_JOUR              5m10s      5m07s      -3s  ✅  I Will Call Upon The Lord
07:40:17 BLOC_B_SERIE_DU_JOUR              4m08s      4m04s      -4s  ✅  I Choose the Way of the Lord - Abuja HF
07:44:21 BLOC_B_SERIE_DU_JOUR              8m21s      8m19s      -2s  ✅  In the Day of Your Power  - Winnipeg Fellowship
07:52:40 BLOC_B_SERIE_DU_JOUR              8m21s      8m19s      -2s  ✅  My Heart Rejoices - Toronto HF
08:00:59 BLOC_B_SERIE_DU_JOUR              9m14s      9m12s      -2s  ✅  A jamais, tu seras l Agneau de Dieu
08:10:11 BLOC_B_SERIE_DU_JOUR              8m24s      8m21s      -3s  ✅  Bless Ye the Lord - PHF
08:18:32 BLOC_B_SERIE_DU_JOUR              0m09s      0m06s      -3s  ✅  jingle avant bible 08 prenons un moment pour ecouter la parole
08:18:38 BLOC_B_SERIE_DU_JOUR              3m12s      3m09s      -3s  ✅  Proverbes 1
08:21:47 BLOC_B_SERIE_DU_JOUR              1m57s      1m55s      -2s  ✅  Proverbes 2
08:23:42 BLOC_B_SERIE_DU_JOUR              3m04s      3m01s      -3s  ✅  Proverbes 3
08:26:43 BLOC_B_SERIE_DU_JOUR              2m27s      2m25s      -2s  ✅  Proverbes 4
08:29:08 BLOC_B_SERIE_DU_JOUR              2m06s      2m04s      -2s  ✅  Proverbes 5
08:31:12 BLOC_B_SERIE_DU_JOUR              3m14s      3m11s      -3s  ✅  Proverbes 6
08:34:23 BLOC_B_SERIE_DU_JOUR              2m24s      2m22s      -2s  ✅  Proverbes 7
08:36:45 BLOC_B_SERIE_DU_JOUR              3m11s      3m08s      -3s  ✅  Proverbes 8
08:39:53 BLOC_B_SERIE_DU_JOUR              1m36s      1m33s      -3s  ✅  Proverbes 9
08:41:26 BLOC_B_SERIE_DU_JOUR              3m14s      3m12s      -2s  ✅  Proverbes 10
08:44:38 BLOC_B_SERIE_DU_JOUR              3m12s      3m10s      -2s  ✅  Proverbes 11
08:47:48 BLOC_B_SERIE_DU_JOUR              0m10s      0m08s      -2s  ✅  jingle avant louange 06 que la louange seleve
08:47:56 BLOC_B_SERIE_DU_JOUR              7m21s      7m19s      -2s  ✅  For By My God - Toronto & Winnipeg HF
08:55:15 BLOC_B_SERIE_DU_JOUR              6m12s      6m09s      -3s  ✅  Praise the Lord All Ye Nations - Toronto HF
09:01:24 BLOC_B_SERIE_DU_JOUR              3m41s      3m39s      -2s  ✅  Adorons l'Éternel GAEL - JÉSUS EST SEIGNEUR -
09:05:03 BLOC_B_SERIE_DU_JOUR              4m44s      4m42s      -2s  ✅  Je veux vivre ton royaume
09:09:45 BLOC_B_SERIE_DU_JOUR              4m20s      4m17s      -3s  ✅  There's A Mighty River Flowing - SWBN TV
09:14:02 BLOC_B_SERIE_DU_JOUR              2m20s      2m18s      -2s  ✅  cantique  heureux l homme qui ne marche pas selon
09:16:20 BLOC_B_SERIE_DU_JOUR              4m18s      4m15s      -3s  ✅  You Are Worthy - Ketu HF
09:20:35 BLOC_B_SERIE_DU_JOUR             11m53s     11m50s      -3s  ✅  Hashem - PHF
09:32:25 BLOC_B_SERIE_DU_JOUR              7m25s      7m23s      -2s  ✅  Victorious Is the Lamb - Winnipeg Fellowship
09:39:48 BLOC_B_SERIE_DU_JOUR              2m57s      2m54s      -3s  ✅  You Are the Captain of the Host - Toronto HF
09:42:42 BLOC_B_SERIE_DU_JOUR              7m37s      7m35s      -2s  ✅  Cantiques  Il a pris mes iniquités
09:50:17 BLOC_B_SERIE_DU_JOUR              0m13s      0m10s      -3s  ✅  jingle avant bible 07 place a la lecture de la bible
09:50:27 BLOC_B_SERIE_DU_JOUR              3m12s      3m09s      -3s  ✅  Ésaïe 58
09:53:36 BLOC_B_SERIE_DU_JOUR              3m58s      3m55s      -3s  ✅  Ésaïe 59
09:57:31 BLOC_B_SERIE_DU_JOUR              4m03s      4m01s      -2s  ✅  Ésaïe 60
10:01:32 BLOC_B_SERIE_DU_JOUR              2m24s      2m21s      -3s  ✅  Ésaïe 61
10:03:53 BLOC_B_SERIE_DU_JOUR              2m20s      2m18s      -2s  ✅  Ésaïe 62
10:06:11 BLOC_B_SERIE_DU_JOUR              3m30s      3m27s      -3s  ✅  Ésaïe 63
10:09:38 BLOC_B_SERIE_DU_JOUR              2m02s      1m59s      -3s  ✅  Ésaïe 64
10:11:37 BLOC_B_SERIE_DU_JOUR              4m47s      4m45s      -2s  ✅  Ésaïe 65
10:16:22 BLOC_B_SERIE_DU_JOUR              5m27s      5m24s      -3s  ✅  Ésaïe 66
10:21:46 BLOC_B_SERIE_DU_JOUR              1m49s      1m47s      -2s  ✅  1 Thessaloniciens 1
10:23:33 BLOC_B_SERIE_DU_JOUR              3m29s      3m27s      -2s  ✅  1 Thessaloniciens 2
10:27:00 BLOC_B_SERIE_DU_JOUR              2m13s      2m10s      -3s  ✅  1 Thessaloniciens 3
10:29:10 BLOC_B_SERIE_DU_JOUR              3m03s      3m00s      -3s  ✅  1 Thessaloniciens 4
10:32:10 BLOC_B_SERIE_DU_JOUR              3m04s      3m03s      -1s  ✅  1 Thessaloniciens 5
10:35:13 BLOC_B_SERIE_DU_JOUR              0m13s      0m09s      -4s  ✅  jingle avant louange 07 voici un temps de louange
10:35:22 BLOC_B_SERIE_DU_JOUR              5m48s      5m46s      -2s  ✅  Forever You Reign - Abuja HF
10:41:08 BLOC_B_SERIE_DU_JOUR              6m13s      6m10s      -3s  ✅  Immortal God - Elohim Adonai - Abuja HF
10:47:18 BLOC_B_SERIE_DU_JOUR              6m34s      6m32s      -2s  ✅  cantique  béni soit le dieu d israël
10:53:50 BLOC_B_SERIE_DU_JOUR              5m13s      5m11s      -2s  ✅  Il s'appelait Emmanuel - Marcel Boungou + Paroles
10:59:01 BLOC_B_SERIE_DU_JOUR              5m22s      5m19s      -3s  ✅  God's Got An Army - PHF
11:04:20 BLOC_B_SERIE_DU_JOUR              5m07s      5m04s      -3s  ✅  We Shall Come - Asaba Fellowship
11:09:24 BLOC_B_SERIE_DU_JOUR              7m51s      7m48s      -3s  ✅  There is no name  - Winnipeg Fellowship
11:17:12 BLOC_B_SERIE_DU_JOUR              7m17s      7m15s      -2s  ✅  cantique  tes promesses  pub direct dec 2021 import (2)
11:24:27 BLOC_B_SERIE_DU_JOUR              9m24s      9m22s      -2s  ✅  I See Your Face - Toronto HF
11:33:49 BLOC_B_SERIE_DU_JOUR              0m09s      0m09s      +0s  ✅  JINGLE
11:33:58 BLOC_B_SERIE_DU_JOUR              4m12s      4m10s      -2s  ✅  1 Samuel 22
11:38:08 BLOC_B_SERIE_DU_JOUR              4m39s      4m37s      -2s  ✅  1 Samuel 23
11:42:45 BLOC_B_SERIE_DU_JOUR              3m34s      3m31s      -3s  ✅  1 Samuel 24
11:46:16 BLOC_B_SERIE_DU_JOUR              7m22s      7m20s      -2s  ✅  1 Samuel 25
11:53:36 BLOC_B_SERIE_DU_JOUR              0m09s      0m09s      +0s  ✅  JINGLE
11:53:45 BLOC_B_SERIE_DU_JOUR              4m21s      4m19s      -2s  ✅  Sing Hallelujah - Abuja HF
11:58:04 BLOC_B_SERIE_DU_JOUR              7m57s      7m55s      -2s  ✅  Yahweh is Mighty (Imah Adegoke)
12:05:59 BLOC_C_SERIE_DU_JOUR              0m10s      0m10s      +0s  ✅  jingle avant message 01 voici le message du jour
12:06:09 BLOC_C_SERIE_DU_JOUR              9m42s      9m40s      -2s  ✅  2020 tian le pardon 5
12:15:49 BLOC_C_SERIE_DU_JOUR              0m13s      0m10s      -3s  ✅  jingle avant bible 07 place a la lecture de la bible
12:15:59 BLOC_C_SERIE_DU_JOUR              5m29s      5m27s      -2s  ✅  Daniel 7
12:21:26 BLOC_C_SERIE_DU_JOUR              4m51s      4m49s      -2s  ✅  Daniel 8
12:26:15 BLOC_C_SERIE_DU_JOUR              5m57s      5m54s      -3s  ✅  Daniel 9
12:32:09 BLOC_C_SERIE_DU_JOUR              3m45s      3m43s      -2s  ✅  Daniel 10
12:35:52 BLOC_C_SERIE_DU_JOUR              8m26s      8m24s      -2s  ✅  Daniel 11
12:44:16 BLOC_C_SERIE_DU_JOUR              2m26s      2m23s      -3s  ✅  Daniel 12
12:46:39 BLOC_C_SERIE_DU_JOUR              2m59s      2m57s      -2s  ✅  Philémon 1
12:49:36 BLOC_C_SERIE_DU_JOUR              2m17s      2m14s      -3s  ✅  Esther 7
12:51:50 BLOC_C_SERIE_DU_JOUR              3m44s      3m42s      -2s  ✅  Esther 8
12:55:32 BLOC_C_SERIE_DU_JOUR              5m31s      5m29s      -2s  ✅  Esther 9
13:01:01 BLOC_C_SERIE_DU_JOUR              0m33s      0m30s      -3s  ✅  Esther 10
13:01:31 BLOC_C_SERIE_DU_JOUR              3m17s      3m15s      -2s  ✅  Galates 1
13:04:46 BLOC_C_SERIE_DU_JOUR              4m08s      4m06s      -2s  ✅  Galates 2
13:08:52 BLOC_C_SERIE_DU_JOUR              4m50s      4m47s      -3s  ✅  Galates 3
13:13:39 BLOC_C_SERIE_DU_JOUR              4m30s      4m28s      -2s  ✅  Galates 4
13:18:07 BLOC_C_SERIE_DU_JOUR              0m10s      0m08s      -2s  ✅  jingle avant louange 06 que la louange seleve
13:18:15 BLOC_C_SERIE_DU_JOUR              5m04s      5m02s      -2s  ✅  I Enter The Holy of Holies - Port Harcourt HF
13:23:17 BLOC_C_SERIE_DU_JOUR              7m09s      7m06s      -3s  ✅  My God Is Good - Winnipeg Fellowship
13:30:23 BLOC_C_SERIE_DU_JOUR              4m14s      4m12s      -2s  ✅  Mon modèle, c est Jésus
13:34:35 BLOC_C_SERIE_DU_JOUR              5m10s      5m07s      -3s  ✅  Igwe
13:39:42 BLOC_C_SERIE_DU_JOUR              6m02s      6m00s      -2s  ✅  Crown Him Lord of Lords - Nonso Njoku
13:45:42 BLOC_C_SERIE_DU_JOUR              3m19s      3m16s      -3s  ✅  Awaken My Heart
13:48:58 BLOC_C_SERIE_DU_JOUR              4m13s      4m11s      -2s  ✅  4 minutes
13:53:09 BLOC_C_SERIE_DU_JOUR              8m10s      8m07s      -3s  ✅  Agunechemba - SWBN TV
14:01:16 BLOC_C_SERIE_DU_JOUR              4m33s      4m31s      -2s  ✅  God is Building - Will You Be - Ketu HF
14:05:47 BLOC_C_SERIE_DU_JOUR              4m11s      4m09s      -2s  ✅  Cantique   Oh Éternel Dieu, Tu es le Dieu Incomparable
14:09:56 BLOC_C_SERIE_DU_JOUR              6m59s      6m56s      -3s  ✅  Hosanna - Toronto HF
14:16:52 BLOC_C_SERIE_DU_JOUR              0m09s      0m06s      -3s  ✅  jingle avant bible 08 prenons un moment pour ecouter la parole
14:16:58 BLOC_C_SERIE_DU_JOUR              3m34s      3m32s      -2s  ✅  Zacharie 1
14:20:30 BLOC_C_SERIE_DU_JOUR              1m51s      1m48s      -3s  ✅  Zacharie 2
14:22:18 BLOC_C_SERIE_DU_JOUR              1m46s      1m44s      -2s  ✅  Zacharie 3
14:24:02 BLOC_C_SERIE_DU_JOUR              2m06s      2m04s      -2s  ✅  Zacharie 4
14:26:06 BLOC_C_SERIE_DU_JOUR              1m38s      1m36s      -2s  ✅  Zacharie 5
14:27:42 BLOC_C_SERIE_DU_JOUR              2m22s      2m19s      -3s  ✅  Zacharie 6
14:30:01 BLOC_C_SERIE_DU_JOUR              2m07s      2m04s      -3s  ✅  Zacharie 7
14:32:05 BLOC_C_SERIE_DU_JOUR              3m51s      3m49s      -2s  ✅  Zacharie 8
14:35:54 BLOC_C_SERIE_DU_JOUR              3m12s      3m09s      -3s  ✅  Zacharie 9
14:39:03 BLOC_C_SERIE_DU_JOUR              2m13s      2m11s      -2s  ✅  Zacharie 10
14:41:14 BLOC_C_SERIE_DU_JOUR              2m53s      2m51s      -2s  ✅  Zacharie 11
14:44:05 BLOC_C_SERIE_DU_JOUR              2m38s      2m35s      -3s  ✅  Zacharie 12
14:46:40 BLOC_C_SERIE_DU_JOUR              0m11s      0m08s      -3s  ✅  jingle avant louange 05 elevons nos coeurs vers dieu
14:46:48 BLOC_C_SERIE_DU_JOUR              3m24s      3m22s      -2s  ✅  Cantique sa miséricorde
14:50:10 BLOC_C_SERIE_DU_JOUR              3m22s      3m19s      -3s  ✅  Ses cheveux étaient blancs..
14:53:29 BLOC_C_SERIE_DU_JOUR              5m47s      5m45s      -2s  ✅  We Ascribe Greatness - Abuja HF
14:59:14 BLOC_C_SERIE_DU_JOUR              8m12s      8m09s      -3s  ✅  Jesus is Alpha - PHF
15:07:23 BLOC_C_SERIE_DU_JOUR             10m38s     10m36s      -2s  ✅  Be Exalted - PHF
15:17:59 BLOC_C_SERIE_DU_JOUR              7m09s      7m06s      -3s  ✅  There is A Mighty River Flowing - Ketu HF
15:25:05 BLOC_C_SERIE_DU_JOUR              5m43s      5m41s      -2s  ✅  Cantique l Éternel est mon Berger (1)
15:30:46 BLOC_C_SERIE_DU_JOUR              8m31s      8m29s      -2s  ✅  Holy Holy - Abuja HF
15:39:15 BLOC_C_SERIE_DU_JOUR             10m47s     10m44s      -3s  ✅  Abba, Singing a, I Will Sing - Ketu HF
15:49:59 BLOC_C_SERIE_DU_JOUR              0m10s      0m08s      -2s  ✅  jingle avant bible 06 ouvrons les saintes ecritures
15:50:07 BLOC_C_SERIE_DU_JOUR              6m13s      6m10s      -3s  ✅  1 Rois 16
15:56:17 BLOC_C_SERIE_DU_JOUR              4m12s      4m10s      -2s  ✅  1 Rois 17
16:00:27 BLOC_C_SERIE_DU_JOUR              8m27s      8m24s      -3s  ✅  1 Rois 18
16:08:51 BLOC_C_SERIE_DU_JOUR              4m43s      4m40s      -3s  ✅  1 Rois 19
16:13:31 BLOC_C_SERIE_DU_JOUR              8m21s      8m19s      -2s  ✅  1 Rois 20
16:21:50 BLOC_C_SERIE_DU_JOUR              5m25s      5m23s      -2s  ✅  1 Rois 21
16:27:13 BLOC_C_SERIE_DU_JOUR              8m58s      9m05s      +7s  ✅  1 Rois 22
16:36:18 BLOC_C_SERIE_DU_JOUR             10m13s     10m10s      -3s  ✅  As We Worship - Toronto & Winnipeg HF
16:46:28 BLOC_C_SERIE_DU_JOUR              3m10s      3m07s      -3s  ✅  la Parole
16:49:35 BLOC_C_SERIE_DU_JOUR              8m18s      8m16s      -2s  ✅  Yahweh Is Mighty - SWBN TV
16:57:51 BLOC_C_SERIE_DU_JOUR              9m31s      9m28s      -3s  ✅  15 at 01.33.50 (1)(1)
17:07:19 BLOC_C_SERIE_DU_JOUR              5m52s      5m50s      -2s  ✅  Where Two or Three are Gathered - Calabar HF
17:13:09 BLOC_C_SERIE_DU_JOUR              5m52s      5m49s      -3s  ✅  Not Naked (Abasiama Timothy)
17:18:58 BLOC_C_SERIE_DU_JOUR              6m02s      6m00s      -2s  ✅  Satisfy My Soul - Calabar HF
17:24:58 BLOC_C_SERIE_DU_JOUR              5m45s      5m42s      -3s  ✅  Ella Samuels - Oh Lord Our Maker
17:30:40 BLOC_C_SERIE_DU_JOUR             11m54s     11m52s      -2s  ✅  Great & Marvelluos - Toronto HF
17:42:32 BLOC_C_SERIE_DU_JOUR              0m09s      0m09s      +0s  ✅  JINGLE
17:42:41 BLOC_C_SERIE_DU_JOUR              1m31s      1m29s      -2s  ✅  Psaumes 42
17:44:10 BLOC_C_SERIE_DU_JOUR              0m46s      0m44s      -2s  ✅  Psaumes 43
17:44:54 BLOC_C_SERIE_DU_JOUR              2m30s      2m27s      -3s  ✅  Psaumes 44
17:47:21 BLOC_C_SERIE_DU_JOUR              2m02s      2m00s      -2s  ✅  Psaumes 45
17:49:21 BLOC_C_SERIE_DU_JOUR              1m13s      1m10s      -3s  ✅  Psaumes 46
17:50:31 BLOC_C_SERIE_DU_JOUR              0m49s      0m46s      -3s  ✅  Psaumes 47
17:51:17 BLOC_C_SERIE_DU_JOUR              1m26s      1m24s      -2s  ✅  Psaumes 48
17:52:41 BLOC_C_SERIE_DU_JOUR              1m52s      1m49s      -3s  ✅  Psaumes 49
17:54:30 BLOC_C_SERIE_DU_JOUR              2m10s      2m07s      -3s  ✅  Psaumes 50
17:56:37 BLOC_C_SERIE_DU_JOUR              1m59s      1m57s      -2s  ✅  Psaumes 51
17:58:34 BLOC_C_SERIE_DU_JOUR              1m04s      1m01s      -3s  ✅  Psaumes 52
17:59:35 BLOC_A_SERIE_DU_JOUR              0m11s      0m11s      +0s  ✅  jingle avant message 05 vous etes a lecoute de levangile du royaume
17:59:46 ?                                 0m19s      0m19s      +0s  ✅  AzuraCast is Live!
18:00:05 BLOC_D_SERIE_DU_JOUR              0m11s      0m09s      -2s  ✅  jingle avant message 05 vous etes a lecoute de levangile du royaume
18:00:14 BLOC_D_SERIE_DU_JOUR              9m42s      9m39s      -3s  ✅  2020 tian le pardon 5
18:09:53 BLOC_D_SERIE_DU_JOUR              0m11s      0m08s      -3s  ✅  jingle avant message 05 vous etes a lecoute de levangile du royaume
18:10:01 BLOC_D_SERIE_DU_JOUR              9m42s      9m39s      -3s  ✅  2020 tian le pardon 5
18:19:40 BLOC_D_SERIE_DU_JOUR              0m10s      0m08s      -2s  ✅  jingle avant bible 06 ouvrons les saintes ecritures
18:19:48 BLOC_D_SERIE_DU_JOUR              2m24s      2m22s      -2s  ✅  1 Timothée 3
18:22:10 BLOC_D_SERIE_DU_JOUR              2m29s      2m27s      -2s  ✅  1 Timothée 4
18:24:37 BLOC_D_SERIE_DU_JOUR              3m45s      3m42s      -3s  ✅  1 Timothée 5
18:28:19 BLOC_D_SERIE_DU_JOUR              3m53s      3m50s      -3s  ✅  1 Timothée 6
18:32:09 BLOC_D_SERIE_DU_JOUR              2m43s      2m40s      -3s  ✅  Aggée 1
18:34:49 BLOC_D_SERIE_DU_JOUR              3m58s      3m56s      -2s  ✅  Aggée 2
18:38:45 BLOC_D_SERIE_DU_JOUR              3m07s      3m05s      -2s  ✅  Joël 1
18:41:50 BLOC_D_SERIE_DU_JOUR              5m41s      5m38s      -3s  ✅  Joël 2
18:47:28 BLOC_D_SERIE_DU_JOUR              3m36s      3m34s      -2s  ✅  Joël 3
18:51:02 BLOC_D_SERIE_DU_JOUR              4m28s      4m25s      -3s  ✅  Philippiens 2
18:55:27 BLOC_D_SERIE_DU_JOUR              3m26s      3m23s      -3s  ✅  Philippiens 3
18:58:50 BLOC_D_SERIE_DU_JOUR              3m39s      3m37s      -2s  ✅  Philippiens 4
19:02:27 BLOC_D_SERIE_DU_JOUR              5m41s      5m38s      -3s  ✅  1 Chroniques 1
19:08:05 BLOC_D_SERIE_DU_JOUR              6m19s      6m16s      -3s  ✅  1 Chroniques 2
19:14:21 BLOC_D_SERIE_DU_JOUR              0m13s      0m11s      -2s  ✅  jingle avant louange 07 voici un temps de louange
19:14:32 BLOC_D_SERIE_DU_JOUR             10m25s     10m23s      -2s  ✅  Holy Are You - PHF
19:24:55 BLOC_D_SERIE_DU_JOUR              4m05s      4m03s      -2s  ✅  Song Of Victory - Emmanuel Igunbor
19:28:58 BLOC_D_SERIE_DU_JOUR              8m37s      8m34s      -3s  ✅  He Has Given Me & Emmanuel You Joy Over Us (Medley) (Abasiama Timothy & Imah Adegoke)
19:37:32 BLOC_D_SERIE_DU_JOUR              4m11s      4m09s      -2s  ✅  jai donné ma vie à jésus (1)
19:41:41 BLOC_D_SERIE_DU_JOUR              3m04s      3m01s      -3s  ✅  The Lord is my Light and Salvation - Nonso Njoku
19:44:42 BLOC_D_SERIE_DU_JOUR              8m25s      8m22s      -3s  ✅  The Mountains, Come and, Oh City - Ketu HF
19:53:04 BLOC_D_SERIE_DU_JOUR              7m36s      7m33s      -3s  ✅  There Is No Lie - SWBN TV
20:00:37 BLOC_D_SERIE_DU_JOUR              5m15s      5m13s      -2s  ✅  Yahweh Be Praised - Abuja HF
20:05:50 BLOC_D_SERIE_DU_JOUR              9m23s      9m31s      +8s  ✅  Thou art Worthy Lord - PHF
20:15:21 BLOC_D_SERIE_DU_JOUR              3m34s      3m32s      -2s  ✅  Apocalypse 22
20:18:53 BLOC_D_SERIE_DU_JOUR              2m59s      2m57s      -2s  ✅  2 Timothée 1
20:21:50 BLOC_D_SERIE_DU_JOUR              3m52s      3m49s      -3s  ✅  2 Timothée 2
20:25:39 BLOC_D_SERIE_DU_JOUR              2m37s      2m34s      -3s  ✅  2 Timothée 3
20:28:13 BLOC_D_SERIE_DU_JOUR              3m09s      3m07s      -2s  ✅  2 Timothée 4
20:31:20 BLOC_D_SERIE_DU_JOUR              2m37s      2m34s      -3s  ✅  Michée 1
20:33:54 BLOC_D_SERIE_DU_JOUR              2m20s      2m18s      -2s  ✅  Michée 2
20:36:12 BLOC_D_SERIE_DU_JOUR              2m05s      2m02s      -3s  ✅  Michée 3
20:38:14 BLOC_D_SERIE_DU_JOUR              2m34s      2m32s      -2s  ✅  Michée 4
20:40:46 BLOC_D_SERIE_DU_JOUR              2m20s      2m17s      -3s  ✅  Michée 5
20:43:03 BLOC_D_SERIE_DU_JOUR              0m11s      0m09s      -2s  ✅  jingle avant louange 05 elevons nos coeurs vers dieu
20:43:12 BLOC_D_SERIE_DU_JOUR              9m43s      9m40s      -3s  ✅  Thy Throne Oh Lord - Ketu HF
20:52:52 BLOC_D_SERIE_DU_JOUR              8m10s      8m07s      -3s  ✅  Great and Marvellous - Ketu HF
21:00:59 BLOC_D_SERIE_DU_JOUR              6m07s      6m05s      -2s  ✅  There Is Forgiveness In Thee - SWBN TV
21:07:04 BLOC_D_SERIE_DU_JOUR              6m56s      6m53s      -3s  ✅  As We Worship In Ypur Presence
21:13:57 BLOC_D_SERIE_DU_JOUR              5m57s      5m54s      -3s  ✅  You are God - Winnipeg Fellowship
21:19:51 BLOC_D_SERIE_DU_JOUR              3m12s      3m10s      -2s  ✅  esprit de dieu
21:23:01 BLOC_D_SERIE_DU_JOUR              4m03s      4m00s      -3s  ✅  I Will Not Be Silent - Calabar HF
21:27:01 BLOC_D_SERIE_DU_JOUR              7m46s      7m44s      -2s  ✅  Arise Out of Zion  - Winnipeg Fellowship
21:34:45 BLOC_D_SERIE_DU_JOUR              8m30s      8m35s      +5s  ✅  We Worship Adonai - PHF
21:43:20 BLOC_D_SERIE_DU_JOUR              5m09s      5m06s      -3s  ✅  Lamentations 1
21:48:26 BLOC_D_SERIE_DU_JOUR              5m15s      5m12s      -3s  ✅  Lamentations 2
21:53:38 BLOC_D_SERIE_DU_JOUR              6m02s      6m00s      -2s  ✅  Lamentations 3
21:59:38 BLOC_D_SERIE_DU_JOUR              3m56s      3m53s      -3s  ✅  Lamentations 4
22:03:31 BLOC_D_SERIE_DU_JOUR              2m20s      2m18s      -2s  ✅  Lamentations 5
22:05:49 BLOC_D_SERIE_DU_JOUR              5m42s      5m39s      -3s  ✅  Genèse 18
22:11:28 BLOC_D_SERIE_DU_JOUR              6m33s      6m31s      -2s  ✅  Genèse 19
22:17:59 BLOC_D_SERIE_DU_JOUR              3m07s      3m04s      -3s  ✅  Genèse 20
22:21:03 BLOC_D_SERIE_DU_JOUR              4m45s      4m43s      -2s  ✅  Genèse 21
22:25:46 BLOC_D_SERIE_DU_JOUR              0m10s      0m08s      -2s  ✅  jingle avant louange 06 que la louange seleve
22:25:54 BLOC_D_SERIE_DU_JOUR              5m33s      5m30s      -3s  ✅  He Shall Feed His Flock - I Want to walk  - Ketu HF
22:31:24 BLOC_D_SERIE_DU_JOUR              4m40s      4m37s      -3s  ✅  All in All - CHF
22:36:01 BLOC_D_SERIE_DU_JOUR              5m04s      5m02s      -2s  ✅  Guide Me - El ELyon - Abuja HF
22:41:03 BLOC_D_SERIE_DU_JOUR              6m06s      6m03s      -3s  ✅  Good God - Asaba Fellowship
22:47:06 BLOC_D_SERIE_DU_JOUR              6m04s      6m02s      -2s  ✅  Sing Unto the Lord a new Song  - Winnipeg Fellowship
22:53:08 BLOC_D_SERIE_DU_JOUR              6m41s      6m38s      -3s  ✅  6 minutes
22:59:46 BLOC_D_SERIE_DU_JOUR              6m12s      6m09s      -3s  ✅  The King is Here (Abasiama Timothy)
23:05:55 BLOC_D_SERIE_DU_JOUR              5m50s      5m48s      -2s  ✅  Jesus I'm Waiting for You (Mary Umoh)
23:11:43 BLOC_D_SERIE_DU_JOUR              5m45s      5m42s      -3s  ✅  How Precious Oh Lord
23:17:25 BLOC_D_SERIE_DU_JOUR              8m22s      8m20s      -2s  ✅  Yeshua Hamashiach - Calabar HF
23:25:45 BLOC_D_SERIE_DU_JOUR              0m09s      0m09s      +0s  ✅  jingle id station 02 radio evangile du royaume
23:25:54 BLOC_D_SERIE_DU_JOUR              4m04s      4m02s      -2s  ✅  2 Pierre 2
23:29:56 BLOC_D_SERIE_DU_JOUR              0m10s      0m11s      +1s  ✅  jingle avant bible 06 ouvrons les saintes ecritures
23:30:07 BLOC_E_LOUANGE_NUIT               7m37s      7m34s      -3s  ✅  Cantiques  Il a pris mes iniquités
23:37:41 BLOC_E_LOUANGE_NUIT               5m33s      5m30s      -3s  ✅  He Shall Feed His Flock - I Want to walk  - Ketu HF
23:43:11 BLOC_E_LOUANGE_NUIT               6m57s      6m55s      -2s  ✅  qui est digne d ouvrir le livre
23:50:06 BLOC_E_LOUANGE_NUIT               4m52s      4m50s      -2s  ✅  cantique   prends tout le contrôle
23:54:56 BLOC_E_LOUANGE_NUIT               8m31s      7m00s     -91s  ❌ COUPÉ  Holy Holy - Abuja HF
----------------------------------------------------------------------------------------------------
Bilan : 313 titres, 1 anomalie(s) (titre coupé de plus de 10s ou trou d'antenne). Gravité : 0 mineure(s) <1min · 1 sérieuse(s) 1-10min · 0 critique(s) >10min.

====================================================================================================
CONTRÔLES APPROFONDIS
====================================================================================================
MESSAGE DU JOUR « Tian Le pardon 5 » : 5 diffusion(s) pour 4 prévue(s) ❌
   00:05:33  (étiquette BLOC_A_SERIE_DU_JOUR)
   06:02:04  (étiquette BLOC_B_SERIE_DU_JOUR)
   12:06:09  (étiquette BLOC_C_SERIE_DU_JOUR)
   18:00:14  (étiquette BLOC_D_SERIE_DU_JOUR)
   18:10:01  (étiquette BLOC_D_SERIE_DU_JOUR)  ⚠️ DOUBLE RAPPROCHÉ (rejoué juste après la diffusion précédente)
   → diffusions en trop = reboucle d'un bloc avant la fin de sa fenêtre (l'étiquette playlist des fichiers partagés n'est pas fiable, se fier aux heures).
JINGLES : 30 joués / 36 prévus (83%) ⚠️   ·   BLOC_A 6/9 · BLOC_B 8/9 · BLOC_C 8/9 · BLOC_D 8/9
HORS FENÊTRE : aucun débordement de bloc détecté ✅
BOUCHE-TROUS : 2 titre(s) hors plan sans playlist ⚠️
   00:01:43  ?  (3m42s)
   17:59:46  AzuraCast is Live!  (0m19s)
COUVERTURE : premier titre à 00:01:43 ✅ · dernier titre finit vers 00:03:27 (estimé) ✅

====================================================================================================
RÉEL vs PRÉVU — ce qui a joué vs ce que le plan prévoyait
====================================================================================================
----------------------------------------------------------------------------------------------------
BLOC_A  (00:00-06:00)  prévus  78 · atteignables  73 · joués  72 · conformité  97% · sautés  2 · en trop  1
   ⏭️  PRÉVU NON JOUÉ : jingle avant message 05 vous etes a lecoute de levangile du royaume · jingle avant louange 06 que la louange seleve
   ➕  JOUÉ NON PRÉVU : ?
   ⏸️  FIN DE BLOC NON ATTEINTE (5 titres · ~29m05s) — marge anti-rebouclage au-delà de la fenêtre, normal : jingle id station 01 la bonne nouvelle partout · Hallelujah - PHF · El Elyon - Toronto & Winnipeg HF · That I May Know Him - Toronto HF · Unto Him - CHF
----------------------------------------------------------------------------------------------------
BLOC_B  (06:00-12:00)  prévus  83 · atteignables  81 · joués  80 · conformité  99% · sautés  1 · en trop  0
   ⏭️  PRÉVU NON JOUÉ : jingle avant bible 06 ouvrons les saintes ecritures
   ⏸️  FIN DE BLOC NON ATTEINTE (2 titres · ~14m32s) — marge anti-rebouclage au-delà de la fenêtre, normal : Psalm 93 - Port Harcourt HF · Cantique Jahweh, Tu es élevé au dessus de tout (1)
----------------------------------------------------------------------------------------------------
BLOC_C  (12:00-18:00)  prévus  91 · atteignables  83 · joués  84 · conformité  99% · sautés  1 · en trop  2
   ⏭️  PRÉVU NON JOUÉ : jingle avant louange 07 voici un temps de louange
   ➕  JOUÉ NON PRÉVU : jingle avant message 05 vous etes a lecoute de levangile du royaume · AzuraCast is Live!
   ⏸️  FIN DE BLOC NON ATTEINTE (8 titres · ~31m27s) — marge anti-rebouclage au-delà de la fenêtre, normal : Psaumes 53 · Psaumes 54 · Psaumes 55 · jingle id station 03 notre mission annonce levangile · The Glory -  PHF · Praise the Lord of Host - Toronto HF  …(+2)
----------------------------------------------------------------------------------------------------
BLOC_D  (18:00-23:30)  prévus  81 · atteignables  71 · joués  72 · conformité  97% · sautés  2 · en trop  3
   ⏭️  PRÉVU NON JOUÉ : jingle avant bible 07 place a la lecture de la bible · jingle avant bible 08 prenons un moment pour ecouter la parole
   ➕  JOUÉ NON PRÉVU : jingle avant message 05 vous etes a lecoute de levangile du royaume · 2020 tian le pardon 5 · jingle avant bible 06 ouvrons les saintes ecritures
   ⏸️  FIN DE BLOC NON ATTEINTE (10 titres · ~43m45s) — marge anti-rebouclage au-delà de la fenêtre, normal : 2 Pierre 3 · Jude 1 · Habacuc 1 · Habacuc 2 · jingle id station 03 notre mission annonce levangile · cantique   prends tout le contrôle  …(+4)
----------------------------------------------------------------------------------------------------
CONFORMITÉ GLOBALE : 302/308 titres atteignables joués dans l'ordre = 98%  (6 titre(s) hors plan · 25 non atteint(s) en fin de bloc, marge normale)
