Rapport de diffusion — 2026-07-05 (heures UTC)
274 titres joués | tolérance ±10s
====================================================================================================
HEURE    PLAYLIST                     FICHIER          RÉEL    ÉCART  STATUT  TITRE
----------------------------------------------------------------------------------------------------
00:01:33 ?                                 3m41s      3m41s      +0s  ✅  ?
00:05:14 BLOC_A_SERIE_DU_JOUR              0m08s      0m09s      +1s  ✅  jingle avant message 02 enseignement parole de dieu
00:05:23 BLOC_A_SERIE_DU_JOUR             30m12s     30m17s      +5s  ✅  pqe j5
00:35:40 BLOC_A_SERIE_DU_JOUR              2m25s      2m23s      -2s  ✅  Cantique des Cantiques 1
00:38:03 BLOC_A_SERIE_DU_JOUR              2m32s      2m29s      -3s  ✅  Cantique des Cantiques 2
00:40:32 BLOC_A_SERIE_DU_JOUR              1m53s      1m51s      -2s  ✅  Cantique des Cantiques 3
00:42:23 BLOC_A_SERIE_DU_JOUR              2m50s      2m48s      -2s  ✅  Cantique des Cantiques 4
00:45:11 BLOC_A_SERIE_DU_JOUR              2m54s      2m51s      -3s  ✅  Cantique des Cantiques 5
00:48:02 BLOC_A_SERIE_DU_JOUR              2m06s      2m03s      -3s  ✅  Cantique des Cantiques 6
00:50:05 BLOC_A_SERIE_DU_JOUR              1m57s      1m54s      -3s  ✅  Cantique des Cantiques 7
00:51:59 BLOC_A_SERIE_DU_JOUR              2m29s      2m27s      -2s  ✅  Cantique des Cantiques 8
00:54:26 BLOC_A_SERIE_DU_JOUR              2m18s      2m15s      -3s  ✅  Néhémie 1
00:56:41 BLOC_A_SERIE_DU_JOUR              4m01s      3m59s      -2s  ✅  Néhémie 2
01:00:40 BLOC_A_SERIE_DU_JOUR              5m28s      5m25s      -3s  ✅  Néhémie 3
01:06:05 BLOC_A_SERIE_DU_JOUR              3m46s      3m43s      -3s  ✅  Néhémie 4
01:09:48 BLOC_A_SERIE_DU_JOUR              3m29s      3m26s      -3s  ✅  Néhémie 5
01:13:14 BLOC_A_SERIE_DU_JOUR              3m23s      3m21s      -2s  ✅  Néhémie 6
01:16:35 BLOC_A_SERIE_DU_JOUR              6m49s      6m47s      -2s  ✅  Néhémie 7
01:23:22 BLOC_A_SERIE_DU_JOUR              3m59s      3m56s      -3s  ✅  Néhémie 8
01:27:18 BLOC_A_SERIE_DU_JOUR              7m47s      7m44s      -3s  ✅  Néhémie 9
01:35:02 BLOC_A_SERIE_DU_JOUR              0m07s      0m09s      +2s  ✅  jingle avant louange 02 voici notre selection de cantiques
01:35:11 BLOC_A_SERIE_DU_JOUR              4m44s      4m42s      -2s  ✅  Je veux vivre ton royaume
01:39:53 BLOC_A_SERIE_DU_JOUR              6m54s      6m51s      -3s  ✅  There is no Lie (Imah Adegoke & Mary Umoh)
01:46:44 BLOC_A_SERIE_DU_JOUR              9m23s      9m21s      -2s  ✅  Thou art Worthy Lord - PHF
01:56:05 BLOC_A_SERIE_DU_JOUR              4m40s      4m37s      -3s  ✅  All in All - CHF
02:00:42 BLOC_A_SERIE_DU_JOUR              5m21s      5m19s      -2s  ✅  By the word of the lord - Ketu HF
02:06:01 BLOC_A_SERIE_DU_JOUR              9m04s      9m01s      -3s  ✅  You're the Lamb - Calabar HF
02:15:02 BLOC_A_SERIE_DU_JOUR              0m07s      0m07s      +0s  ✅  Parole Prophétique FM
02:15:09 BLOC_A_SERIE_DU_JOUR              5m58s      5m53s      -5s  ✅  In Jesus - PHF
02:21:02 BLOC_A_SERIE_DU_JOUR              4m21s      4m18s      -3s  ✅  Sing Hallelujah - Abuja HF
02:25:20 BLOC_A_SERIE_DU_JOUR              5m57s      5m54s      -3s  ✅  You are God - Winnipeg Fellowship
02:31:14 BLOC_A_SERIE_DU_JOUR              0m01s      0m11s     +10s  ✅  jingle avant bible 04 restons a lecoute des ecritures
02:31:25 BLOC_A_SERIE_DU_JOUR              4m35s      4m32s      -3s  ✅  Colossiens 1
02:35:57 BLOC_A_SERIE_DU_JOUR              3m46s      3m44s      -2s  ✅  Colossiens 2
02:39:41 BLOC_A_SERIE_DU_JOUR              3m44s      3m41s      -3s  ✅  Colossiens 3
02:43:22 BLOC_A_SERIE_DU_JOUR              2m56s      2m54s      -2s  ✅  Colossiens 4
02:46:16 BLOC_A_SERIE_DU_JOUR              4m41s      4m39s      -2s  ✅  1 Corinthiens 12
02:50:55 BLOC_A_SERIE_DU_JOUR              2m38s      2m35s      -3s  ✅  1 Corinthiens 13
02:53:30 BLOC_A_SERIE_DU_JOUR              6m31s      6m28s      -3s  ✅  1 Corinthiens 14
02:59:58 BLOC_A_SERIE_DU_JOUR              0m06s      0m06s      +0s  ✅  jingle avant louange 01 place a la louange et adoration
03:00:04 BLOC_A_SERIE_DU_JOUR              5m28s      5m26s      -2s  ✅  même humilié
03:05:30 BLOC_A_SERIE_DU_JOUR              5m47s      5m44s      -3s  ✅  We Ascribe Greatness - Abuja HF
03:11:14 BLOC_A_SERIE_DU_JOUR              7m51s      7m48s      -3s  ✅  There is no name  - Winnipeg Fellowship
03:19:02 BLOC_A_SERIE_DU_JOUR              6m30s      6m28s      -2s  ✅  Praise the Lord of Host - Toronto HF
03:25:30 BLOC_A_SERIE_DU_JOUR              8m30s      8m28s      -2s  ✅  We Worship Adonai - PHF
03:33:58 BLOC_A_SERIE_DU_JOUR              7m09s      7m07s      -2s  ✅  My God Is Good - Winnipeg Fellowship
03:41:05 BLOC_A_SERIE_DU_JOUR              7m29s      7m26s      -3s  ✅  Hallelujah - PHF
03:48:31 BLOC_A_SERIE_DU_JOUR             11m53s     11m50s      -3s  ✅  Hashem - PHF
04:00:21 BLOC_A_SERIE_DU_JOUR              0m06s      0m06s      +0s  ✅  jingle avant bible 03 ecoutez la voix de dieu
04:00:27 BLOC_A_SERIE_DU_JOUR              5m46s      5m44s      -2s  ✅  Juges 1
04:06:11 BLOC_A_SERIE_DU_JOUR              4m00s      3m58s      -2s  ✅  Juges 2
04:10:09 BLOC_A_SERIE_DU_JOUR              5m18s      5m15s      -3s  ✅  Juges 3
04:15:24 BLOC_A_SERIE_DU_JOUR              4m32s      4m30s      -2s  ✅  Juges 4
04:19:54 BLOC_A_SERIE_DU_JOUR              5m14s      5m11s      -3s  ✅  Juges 5
04:25:05 BLOC_A_SERIE_DU_JOUR              7m41s      7m39s      -2s  ✅  Juges 6
04:32:44 BLOC_A_SERIE_DU_JOUR              5m33s      5m31s      -2s  ✅  Juges 7
04:38:15 BLOC_A_SERIE_DU_JOUR              5m42s      5m39s      -3s  ✅  Juges 8
04:43:54 BLOC_A_SERIE_DU_JOUR              0m04s      0m05s      +1s  ✅  jingle avant louange 03 continuons dans la louange
04:43:59 BLOC_A_SERIE_DU_JOUR              5m45s      5m42s      -3s  ✅  How Precious Oh Lord
04:49:41 BLOC_A_SERIE_DU_JOUR              5m19s      5m17s      -2s  ✅  Gabrielle LIDJI - Mélodie Céleste  by LFXA(Light FX Animation)_2
04:54:58 BLOC_A_SERIE_DU_JOUR              5m08s      5m06s      -2s  ✅  He Has Given Me - PHF
05:00:04 BLOC_A_SERIE_DU_JOUR              6m41s      6m38s      -3s  ✅  6 minutes
05:06:42 BLOC_A_SERIE_DU_JOUR             11m01s     10m58s      -3s  ✅  Great is, Ascribe - Ketu HF
05:17:40 BLOC_A_SERIE_DU_JOUR              7m09s      7m06s      -3s  ✅  There is A Mighty River Flowing - Ketu HF
05:24:46 BLOC_A_SERIE_DU_JOUR              2m57s      2m55s      -2s  ✅  You Are the Captain of the Host - Toronto HF
05:27:41 BLOC_A_SERIE_DU_JOUR              7m36s      7m34s      -2s  ✅  There Is No Lie - SWBN TV
05:35:15 BLOC_A_SERIE_DU_JOUR              4m04s      4m06s      +2s  ✅  Ascribe Greatness - PHF
05:39:21 BLOC_A_SERIE_DU_JOUR              5m51s      5m49s      -2s  ✅  Jean 1
05:45:10 BLOC_A_SERIE_DU_JOUR              2m52s      2m50s      -2s  ✅  Jean 2
05:48:00 BLOC_A_SERIE_DU_JOUR              4m30s      4m27s      -3s  ✅  Jean 3
05:52:27 BLOC_A_SERIE_DU_JOUR              6m42s      6m40s      -2s  ✅  Jean 4
05:59:07 BLOC_A_SERIE_DU_JOUR             30m12s     30m09s      -3s  ✅  pqe j5
06:29:16 BLOC_B_SERIE_DU_JOUR              0m10s      0m10s      +0s  ✅  jingle avant message 01 voici le message du jour
06:29:26 BLOC_B_SERIE_DU_JOUR             30m12s     30m09s      -3s  ✅  pqe j5
06:59:35 BLOC_B_SERIE_DU_JOUR              0m06s      0m06s      +0s  ✅  jingle avant bible 03 ecoutez la voix de dieu
06:59:41 BLOC_B_SERIE_DU_JOUR              6m58s      6m56s      -2s  ✅  Lévitique 23
07:06:37 BLOC_B_SERIE_DU_JOUR              3m11s      3m08s      -3s  ✅  Lévitique 24
07:09:45 BLOC_B_SERIE_DU_JOUR              8m13s      8m11s      -2s  ✅  Lévitique 25
07:17:56 BLOC_B_SERIE_DU_JOUR              6m53s      6m50s      -3s  ✅  Lévitique 26
07:24:46 BLOC_B_SERIE_DU_JOUR              4m59s      4m57s      -2s  ✅  Lévitique 27
07:29:43 BLOC_B_SERIE_DU_JOUR              0m59s      0m56s      -3s  ✅  Psaumes 138
07:30:39 BLOC_B_SERIE_DU_JOUR              2m23s      2m21s      -2s  ✅  Psaumes 139
07:33:00 BLOC_B_SERIE_DU_JOUR              1m27s      1m24s      -3s  ✅  Psaumes 140
07:34:24 BLOC_B_SERIE_DU_JOUR              1m15s      1m13s      -2s  ✅  Psaumes 141
07:35:37 BLOC_B_SERIE_DU_JOUR              0m55s      0m53s      -2s  ✅  Psaumes 142
07:36:30 BLOC_B_SERIE_DU_JOUR              1m34s      1m32s      -2s  ✅  Psaumes 143
07:38:02 BLOC_B_SERIE_DU_JOUR              1m47s      1m44s      -3s  ✅  Psaumes 144
07:39:46 BLOC_B_SERIE_DU_JOUR              2m00s      1m57s      -3s  ✅  Psaumes 145
07:41:43 BLOC_B_SERIE_DU_JOUR              1m06s      1m04s      -2s  ✅  Psaumes 146
07:42:47 BLOC_B_SERIE_DU_JOUR              1m52s      1m50s      -2s  ✅  Psaumes 147
07:44:37 BLOC_B_SERIE_DU_JOUR              1m27s      1m25s      -2s  ✅  Psaumes 148
07:46:02 BLOC_B_SERIE_DU_JOUR              1m00s      0m58s      -2s  ✅  Psaumes 149
07:47:00 BLOC_B_SERIE_DU_JOUR              0m41s      0m38s      -3s  ✅  Psaumes 150
07:47:38 BLOC_B_SERIE_DU_JOUR              2m20s      2m17s      -3s  ✅  Lamentations 5
07:49:55 BLOC_B_SERIE_DU_JOUR              4m23s      4m26s      +3s  ✅  Ézéchiel 28
07:54:21 BLOC_B_SERIE_DU_JOUR              9m14s      9m12s      -2s  ✅  A jamais, tu seras l Agneau de Dieu
08:03:33 BLOC_B_SERIE_DU_JOUR              5m04s      5m02s      -2s  ✅  I Enter The Holy of Holies - Port Harcourt HF
08:08:35 BLOC_B_SERIE_DU_JOUR              9m23s      9m21s      -2s  ✅  10 minutes
08:17:56 BLOC_B_SERIE_DU_JOUR              9m43s      9m40s      -3s  ✅  Thy Throne Oh Lord - Ketu HF
08:27:36 BLOC_B_SERIE_DU_JOUR              7m09s      7m07s      -2s  ✅  You're the Lamb (Abasiama Timothy)
08:34:43 BLOC_B_SERIE_DU_JOUR              3m22s      3m20s      -2s  ✅  Ses cheveux étaient blancs..
08:38:03 BLOC_B_SERIE_DU_JOUR             10m47s     10m44s      -3s  ✅  Abba, Singing a, I Will Sing - Ketu HF
08:48:47 BLOC_B_SERIE_DU_JOUR              5m10s      5m07s      -3s  ✅  I Will Call Upon The Lord
08:53:54 BLOC_B_SERIE_DU_JOUR              0m06s      0m07s      +1s  ✅  jingle avant bible 01 la foi vient de ce quon entend
08:54:01 BLOC_B_SERIE_DU_JOUR              4m14s      4m11s      -3s  ✅  Matthieu 14
08:58:12 BLOC_B_SERIE_DU_JOUR              4m55s      4m53s      -2s  ✅  Matthieu 15
09:03:05 BLOC_B_SERIE_DU_JOUR              4m04s      4m02s      -2s  ✅  Matthieu 16
09:07:07 BLOC_B_SERIE_DU_JOUR              4m03s      4m00s      -3s  ✅  Matthieu 17
09:11:07 BLOC_B_SERIE_DU_JOUR              5m01s      4m58s      -3s  ✅  Matthieu 18
09:16:05 BLOC_B_SERIE_DU_JOUR              4m34s      4m31s      -3s  ✅  Matthieu 19
09:20:36 BLOC_B_SERIE_DU_JOUR              4m24s      4m27s      +3s  ✅  Matthieu 20
09:25:03 BLOC_B_SERIE_DU_JOUR              8m41s      8m39s      -2s  ✅  Unto Him (Vincent Opara)
09:33:42 BLOC_B_SERIE_DU_JOUR              5m15s      5m13s      -2s  ✅  Yahweh Be Praised - Abuja HF
09:38:55 BLOC_B_SERIE_DU_JOUR              4m53s      4m50s      -3s  ✅  Cantique Jahweh, Tu es élevé au dessus de tout (1)
09:43:45 BLOC_B_SERIE_DU_JOUR              5m07s      5m04s      -3s  ✅  We Shall Come - Asaba Fellowship
09:48:49 BLOC_B_SERIE_DU_JOUR              8m10s      8m08s      -2s  ✅  Agunechemba - SWBN TV
09:56:57 BLOC_B_SERIE_DU_JOUR              5m02s      5m00s      -2s  ✅  A Song Of Love
10:01:57 BLOC_B_SERIE_DU_JOUR              6m07s      6m04s      -3s  ✅  There Is Forgiveness In Thee - SWBN TV
10:08:01 BLOC_B_SERIE_DU_JOUR             11m54s     11m53s      -1s  ✅  Great & Marvelluos - Toronto HF
10:19:54 BLOC_B_SERIE_DU_JOUR              0m10s      0m11s      +1s  ✅  jingle avant message 01 voici le message du jour
10:20:05 BLOC_B_SERIE_DU_JOUR              3m26s      3m23s      -3s  ✅  Abdias 1
10:23:28 BLOC_B_SERIE_DU_JOUR              9m17s      9m15s      -2s  ✅  Luc 1
10:32:43 BLOC_B_SERIE_DU_JOUR              6m47s      6m45s      -2s  ✅  Luc 2
10:39:28 BLOC_B_SERIE_DU_JOUR              6m04s      6m02s      -2s  ✅  Luc 3
10:45:30 BLOC_B_SERIE_DU_JOUR              6m21s      6m18s      -3s  ✅  Luc 4
10:51:48 BLOC_B_SERIE_DU_JOUR              5m39s      5m36s      -3s  ✅  Luc 5
10:57:24 BLOC_B_SERIE_DU_JOUR              7m07s      7m04s      -3s  ✅  Luc 6
11:04:28 BLOC_B_SERIE_DU_JOUR              0m07s      0m08s      +1s  ✅  jingle avant louange 02 voici notre selection de cantiques
11:04:36 BLOC_B_SERIE_DU_JOUR              7m20s      7m18s      -2s  ✅  The Glory -  PHF
11:11:54 BLOC_B_SERIE_DU_JOUR              6m02s      5m59s      -3s  ✅  Satisfy My Soul - Calabar HF
11:17:53 BLOC_B_SERIE_DU_JOUR              4m05s      4m03s      -2s  ✅  Song Of Victory - Emmanuel Igunbor
11:21:56 BLOC_B_SERIE_DU_JOUR              6m15s      6m13s      -2s  ✅  Oh Lord I Want to Know Your Glory - Port Harcourt HF
11:28:09 BLOC_B_SERIE_DU_JOUR              6m10s      6m07s      -3s  ✅  That I May Know Him - Toronto HF
11:34:16 BLOC_B_SERIE_DU_JOUR             10m35s     10m33s      -2s  ✅  Baruch Ha'ba B'Shem Adonai/Blessed Is He Who Comes in the Name of the Lord - Port Harcourt HF
11:44:49 BLOC_B_SERIE_DU_JOUR              3m04s      3m01s      -3s  ✅  The Lord is my Light and Salvation - Nonso Njoku
11:47:50 BLOC_B_SERIE_DU_JOUR              8m12s      8m09s      -3s  ✅  Jesus is Alpha - PHF
11:55:59 BLOC_B_SERIE_DU_JOUR              5m04s      5m02s      -2s  ✅  Guide Me - El ELyon - Abuja HF
12:01:01 BLOC_C_SERIE_DU_JOUR              0m08s      0m09s      +1s  ✅  jingle avant message 02 enseignement parole de dieu
12:01:10 BLOC_C_SERIE_DU_JOUR             30m12s     30m09s      -3s  ✅  pqe j5
12:31:19 BLOC_C_SERIE_DU_JOUR              0m07s      0m08s      +1s  ✅  jingle avant bible 02 voici la lecture de la bible
12:31:27 BLOC_C_SERIE_DU_JOUR              2m05s      2m02s      -3s  ✅  3 Jean 1
12:33:29 BLOC_C_SERIE_DU_JOUR              4m02s      3m59s      -3s  ✅  Esther 1
12:37:28 BLOC_C_SERIE_DU_JOUR              4m44s      4m42s      -2s  ✅  Esther 2
12:42:10 BLOC_C_SERIE_DU_JOUR              3m17s      3m14s      -3s  ✅  Esther 3
12:45:24 BLOC_C_SERIE_DU_JOUR              2m55s      2m52s      -3s  ✅  Esther 4
12:48:16 BLOC_C_SERIE_DU_JOUR              2m46s      2m43s      -3s  ✅  Esther 5
12:50:59 BLOC_C_SERIE_DU_JOUR              2m44s      2m41s      -3s  ✅  Esther 6
12:53:40 BLOC_C_SERIE_DU_JOUR              2m17s      2m15s      -2s  ✅  Esther 7
12:55:55 BLOC_C_SERIE_DU_JOUR              3m44s      3m41s      -3s  ✅  Esther 8
12:59:36 BLOC_C_SERIE_DU_JOUR              5m31s      5m29s      -2s  ✅  Esther 9
13:05:05 BLOC_C_SERIE_DU_JOUR              0m33s      0m31s      -2s  ✅  Esther 10
13:05:36 BLOC_C_SERIE_DU_JOUR              4m44s      4m42s      -2s  ✅  2 Samuel 7
13:10:18 BLOC_C_SERIE_DU_JOUR              2m52s      2m50s      -2s  ✅  2 Samuel 8
13:13:08 BLOC_C_SERIE_DU_JOUR              2m23s      2m19s      -4s  ✅  2 Samuel 9
13:15:27 BLOC_C_SERIE_DU_JOUR              3m20s      3m18s      -2s  ✅  2 Samuel 10
13:18:45 BLOC_C_SERIE_DU_JOUR              4m43s      4m40s      -3s  ✅  2 Samuel 11
13:23:25 BLOC_C_SERIE_DU_JOUR              5m45s      5m50s      +5s  ✅  2 Samuel 12
13:29:15 BLOC_C_SERIE_DU_JOUR              4m52s      4m50s      -2s  ✅  God is Moving Us On - Ketu HF
13:34:05 BLOC_C_SERIE_DU_JOUR              6m06s      6m05s      -1s  ✅  cantique  ta bonte
13:40:10 BLOC_C_SERIE_DU_JOUR              7m18s      7m15s      -3s  ✅  Holy is the Lord (Emmanuel Umoh)
13:47:25 BLOC_C_SERIE_DU_JOUR              6m04s      6m01s      -3s  ✅  Sing Unto the Lord a new Song  - Winnipeg Fellowship
13:53:26 BLOC_C_SERIE_DU_JOUR              6m57s      6m55s      -2s  ✅  The Lord on High is Mightier - Toronto HF
14:00:21 BLOC_C_SERIE_DU_JOUR              5m52s      5m50s      -2s  ✅  Not Naked (Abasiama Timothy)
14:06:11 BLOC_C_SERIE_DU_JOUR              6m34s      6m31s      -3s  ✅  cantique  béni soit le dieu d israël
14:12:42 BLOC_C_SERIE_DU_JOUR              6m06s      6m03s      -3s  ✅  Good God - Asaba Fellowship
14:18:45 BLOC_C_SERIE_DU_JOUR              3m10s      3m08s      -2s  ✅  la Parole
14:21:53 BLOC_C_SERIE_DU_JOUR              4m18s      4m20s      +2s  ✅  You Are Worthy - Ketu HF
14:26:13 BLOC_C_SERIE_DU_JOUR              3m39s      3m37s      -2s  ✅  Ruth 1
14:29:50 BLOC_C_SERIE_DU_JOUR              4m14s      4m11s      -3s  ✅  Ruth 2
14:34:01 BLOC_C_SERIE_DU_JOUR              3m00s      2m57s      -3s  ✅  Ruth 3
14:36:58 BLOC_C_SERIE_DU_JOUR              3m43s      3m41s      -2s  ✅  Ruth 4
14:40:39 BLOC_C_SERIE_DU_JOUR              2m37s      2m34s      -3s  ✅  Osée 10
14:43:13 BLOC_C_SERIE_DU_JOUR              1m53s      1m51s      -2s  ✅  Osée 11
14:45:04 BLOC_C_SERIE_DU_JOUR              2m04s      2m01s      -3s  ✅  Osée 12
14:47:05 BLOC_C_SERIE_DU_JOUR              2m43s      2m41s      -2s  ✅  Osée 13
14:49:46 BLOC_C_SERIE_DU_JOUR              1m37s      1m35s      -2s  ✅  Osée 14
14:51:21 BLOC_C_SERIE_DU_JOUR              3m15s      3m17s      +2s  ✅  Jérémie 12
14:54:38 BLOC_C_SERIE_DU_JOUR              6m19s      6m17s      -2s  ✅  Unto Him - CHF
15:00:55 BLOC_C_SERIE_DU_JOUR              8m21s      8m18s      -3s  ✅  My Heart Rejoices - Toronto HF
15:09:13 BLOC_C_SERIE_DU_JOUR              5m43s      5m40s      -3s  ✅  Cantique l Éternel est mon Berger (1)
15:14:53 BLOC_C_SERIE_DU_JOUR              8m31s      8m29s      -2s  ✅  Holy Holy - Abuja HF
15:23:22 BLOC_C_SERIE_DU_JOUR              5m45s      5m42s      -3s  ✅  Ella Samuels - Oh Lord Our Maker
15:29:04 BLOC_C_SERIE_DU_JOUR              7m25s      7m23s      -2s  ✅  Victorious Is the Lamb - Winnipeg Fellowship
15:36:27 BLOC_C_SERIE_DU_JOUR              3m12s      3m10s      -2s  ✅  esprit de dieu
15:39:37 BLOC_C_SERIE_DU_JOUR              4m13s      4m10s      -3s  ✅  4 minutes
15:43:47 BLOC_C_SERIE_DU_JOUR              7m57s      7m55s      -2s  ✅  Yahweh is Mighty (Imah Adegoke)
15:51:42 BLOC_C_SERIE_DU_JOUR              0m06s      0m06s      +0s  ✅  jingle avant bible 01 la foi vient de ce quon entend
15:51:48 BLOC_C_SERIE_DU_JOUR              1m49s      1m47s      -2s  ✅  1 Thessaloniciens 1
15:53:35 BLOC_C_SERIE_DU_JOUR              3m29s      3m26s      -3s  ✅  1 Thessaloniciens 2
15:57:01 BLOC_C_SERIE_DU_JOUR              2m13s      2m10s      -3s  ✅  1 Thessaloniciens 3
15:59:11 BLOC_C_SERIE_DU_JOUR              3m03s      3m01s      -2s  ✅  1 Thessaloniciens 4
16:02:12 BLOC_C_SERIE_DU_JOUR              3m04s      3m02s      -2s  ✅  1 Thessaloniciens 5
16:05:14 BLOC_C_SERIE_DU_JOUR              4m15s      4m13s      -2s  ✅  Philippiens 1
16:09:27 BLOC_C_SERIE_DU_JOUR              4m28s      4m25s      -3s  ✅  Philippiens 2
16:13:52 BLOC_C_SERIE_DU_JOUR              3m26s      3m23s      -3s  ✅  Philippiens 3
16:17:15 BLOC_C_SERIE_DU_JOUR              3m39s      3m36s      -3s  ✅  Philippiens 4
16:20:51 BLOC_C_SERIE_DU_JOUR              3m02s      3m00s      -2s  ✅  Nahum 3
16:23:51 BLOC_C_SERIE_DU_JOUR              4m01s      3m59s      -2s  ✅  1 Samuel 4
16:27:50 BLOC_C_SERIE_DU_JOUR              2m25s      2m23s      -2s  ✅  1 Samuel 5
16:30:13 BLOC_C_SERIE_DU_JOUR              4m09s      4m11s      +2s  ✅  1 Samuel 6
16:34:24 BLOC_C_SERIE_DU_JOUR              8m25s      8m22s      -3s  ✅  The Mountains, Come and, Oh City - Ketu HF
16:42:46 BLOC_C_SERIE_DU_JOUR              6m12s      6m10s      -2s  ✅  Praise the Lord All Ye Nations - Toronto HF
16:48:56 BLOC_C_SERIE_DU_JOUR              0m05s      0m03s      -2s  ✅  Parole Prophétique FM
16:48:59 BLOC_C_SERIE_DU_JOUR              2m16s      2m13s      -3s  ✅  cantique  nous sommes le sel de la terre
16:51:12 BLOC_C_SERIE_DU_JOUR              6m13s      6m11s      -2s  ✅  Immortal God - Elohim Adonai - Abuja HF
16:57:23 BLOC_C_SERIE_DU_JOUR              8m37s      8m34s      -3s  ✅  He Has Given Me & Emmanuel You Joy Over Us (Medley) (Abasiama Timothy & Imah Adegoke)
17:05:57 BLOC_C_SERIE_DU_JOUR              5m50s      5m48s      -2s  ✅  Jesus I'm Waiting for You (Mary Umoh)
17:11:45 BLOC_C_SERIE_DU_JOUR              9m39s      9m36s      -3s  ✅  Psalm 93 - Port Harcourt HF
17:21:21 BLOC_C_SERIE_DU_JOUR              4m52s      4m50s      -2s  ✅  cantique   prends tout le contrôle
17:26:11 BLOC_C_SERIE_DU_JOUR              8m22s      8m21s      -1s  ✅  Yeshua Hamashiach - Calabar HF
17:34:32 BLOC_B_SERIE_DU_JOUR             30m12s     30m10s      -2s  ✅  pqe j5
18:04:42 BLOC_C_SERIE_DU_JOUR              5m34s      5m39s      +5s  ✅  Daniel 6
18:10:21 BLOC_D_SERIE_DU_JOUR             30m12s     30m15s      +3s  ✅  pqe j5
18:40:36 BLOC_D_SERIE_DU_JOUR              6m05s      6m02s      -3s  ✅  Exode 6
18:46:38 BLOC_D_SERIE_DU_JOUR              5m21s      5m19s      -2s  ✅  Exode 7
18:51:57 BLOC_D_SERIE_DU_JOUR              6m57s      6m55s      -2s  ✅  Exode 8
18:58:52 BLOC_D_SERIE_DU_JOUR              7m21s      7m19s      -2s  ✅  Exode 9
19:06:11 BLOC_D_SERIE_DU_JOUR              6m39s      6m36s      -3s  ✅  Exode 10
19:12:47 BLOC_D_SERIE_DU_JOUR              2m20s      2m17s      -3s  ✅  Exode 11
19:15:04 BLOC_D_SERIE_DU_JOUR              8m38s      8m35s      -3s  ✅  Exode 12
19:23:39 BLOC_D_SERIE_DU_JOUR              4m17s      4m14s      -3s  ✅  Exode 13
19:27:53 BLOC_D_SERIE_DU_JOUR              6m00s      6m04s      +4s  ✅  Exode 14
19:33:57 BLOC_D_SERIE_DU_JOUR              8m58s      8m55s      -3s  ✅  El Elyon - Toronto & Winnipeg HF
19:42:52 BLOC_D_SERIE_DU_JOUR             10m24s     10m22s      -2s  ✅  Shine in Darkness O Lord  - Winnipeg Fellowship
19:53:14 BLOC_D_SERIE_DU_JOUR              3m19s      3m16s      -3s  ✅  Awaken My Heart
19:56:30 BLOC_D_SERIE_DU_JOUR             10m25s     10m23s      -2s  ✅  Holy Are You - PHF
20:06:53 BLOC_D_SERIE_DU_JOUR              5m33s      5m30s      -3s  ✅  He Shall Feed His Flock - I Want to walk  - Ketu HF
20:12:23 BLOC_D_SERIE_DU_JOUR             10m13s     10m10s      -3s  ✅  As We Worship - Toronto & Winnipeg HF
20:22:33 BLOC_D_SERIE_DU_JOUR              5m52s      5m49s      -3s  ✅  Where Two or Three are Gathered - Calabar HF
20:28:22 BLOC_D_SERIE_DU_JOUR              0m06s      0m06s      +0s  ✅  jingle avant bible 03 ecoutez la voix de dieu
20:28:28 BLOC_D_SERIE_DU_JOUR              6m03s      6m01s      -2s  ✅  Genèse 47
20:34:29 BLOC_D_SERIE_DU_JOUR              4m22s      4m19s      -3s  ✅  Genèse 48
20:38:48 BLOC_D_SERIE_DU_JOUR              5m07s      5m05s      -2s  ✅  Genèse 49
20:43:53 BLOC_D_SERIE_DU_JOUR              4m18s      4m16s      -2s  ✅  Genèse 50
20:48:09 BLOC_D_SERIE_DU_JOUR              3m55s      3m52s      -3s  ✅  2 Rois 1
20:52:01 BLOC_D_SERIE_DU_JOUR              4m52s      4m49s      -3s  ✅  2 Rois 2
20:56:50 BLOC_D_SERIE_DU_JOUR              0m07s      0m08s      +1s  ✅  jingle avant louange 02 voici notre selection de cantiques
20:56:58 BLOC_D_SERIE_DU_JOUR              6m28s      6m25s      -3s  ✅  Le Bien-Etre Universel
21:03:23 BLOC_D_SERIE_DU_JOUR              3m41s      3m39s      -2s  ✅  Adorons l'Éternel GAEL - JÉSUS EST SEIGNEUR -
21:07:02 BLOC_D_SERIE_DU_JOUR              6m59s      6m57s      -2s  ✅  Hosanna - Toronto HF
21:13:59 BLOC_D_SERIE_DU_JOUR              8m21s      8m18s      -3s  ✅  In the Day of Your Power  - Winnipeg Fellowship
21:22:17 BLOC_D_SERIE_DU_JOUR              5m10s      5m08s      -2s  ✅  Igwe
21:27:25 BLOC_D_SERIE_DU_JOUR              6m02s      5m59s      -3s  ✅  Crown Him Lord of Lords - Nonso Njoku
21:33:24 BLOC_D_SERIE_DU_JOUR              9m24s      9m22s      -2s  ✅  I See Your Face - Toronto HF
21:42:46 BLOC_D_SERIE_DU_JOUR              5m48s      5m45s      -3s  ✅  Forever You Reign - Abuja HF
21:48:31 BLOC_D_SERIE_DU_JOUR              0m06s      0m06s      +0s  ✅  jingle avant bible 01 la foi vient de ce quon entend
21:48:37 BLOC_D_SERIE_DU_JOUR              3m24s      3m22s      -2s  ✅  2 Corinthiens 10
21:51:59 BLOC_D_SERIE_DU_JOUR              5m26s      5m23s      -3s  ✅  2 Corinthiens 11
21:57:22 BLOC_D_SERIE_DU_JOUR              4m28s      4m26s      -2s  ✅  2 Corinthiens 12
22:01:48 BLOC_D_SERIE_DU_JOUR              2m25s      2m22s      -3s  ✅  2 Corinthiens 13
22:04:10 BLOC_D_SERIE_DU_JOUR              2m59s      2m57s      -2s  ✅  2 Timothée 1
22:07:07 BLOC_D_SERIE_DU_JOUR              3m52s      3m50s      -2s  ✅  2 Timothée 2
22:10:57 BLOC_D_SERIE_DU_JOUR              2m37s      2m33s      -4s  ✅  2 Timothée 3
22:13:30 BLOC_D_SERIE_DU_JOUR              3m09s      3m07s      -2s  ✅  2 Timothée 4
22:16:37 BLOC_D_SERIE_DU_JOUR              3m53s      3m50s      -3s  ✅  1 Timothée 6
22:20:27 BLOC_D_SERIE_DU_JOUR              4m27s      4m24s      -3s  ✅  Jude 1
22:24:51 BLOC_D_SERIE_DU_JOUR              2m40s      2m42s      +2s  ✅  Habacuc 1
22:27:33 BLOC_D_SERIE_DU_JOUR              5m13s      5m10s      -3s  ✅  Il s'appelait Emmanuel - Marcel Boungou + Paroles
22:32:43 BLOC_D_SERIE_DU_JOUR              4m11s      4m09s      -2s  ✅  Cantique   Oh Éternel Dieu, Tu es le Dieu Incomparable
22:36:52 BLOC_D_SERIE_DU_JOUR              9m38s      9m35s      -3s  ✅  Holy are You oh Lord (Olaedo Uzoma & Vincent Opara)
22:46:27 BLOC_D_SERIE_DU_JOUR              4m11s      4m08s      -3s  ✅  jai donné ma vie à jésus (1)
22:50:35 BLOC_D_SERIE_DU_JOUR              7m04s      7m01s      -3s  ✅  We Bless You Wonderful God  - Winnipeg Fellowship
22:57:36 BLOC_D_SERIE_DU_JOUR              6m12s      6m10s      -2s  ✅  The King is Here (Abasiama Timothy)
23:03:46 BLOC_D_SERIE_DU_JOUR              7m46s      7m44s      -2s  ✅  Arise Out of Zion  - Winnipeg Fellowship
23:11:30 BLOC_D_SERIE_DU_JOUR              6m57s      6m54s      -3s  ✅  qui est digne d ouvrir le livre
23:18:24 BLOC_D_SERIE_DU_JOUR              0m07s      0m08s      +1s  ✅  jingle avant bible 02 voici la lecture de la bible
23:18:32 BLOC_D_SERIE_DU_JOUR              3m17s      3m15s      -2s  ✅  Galates 1
23:21:47 BLOC_D_SERIE_DU_JOUR              4m08s      4m06s      -2s  ✅  Galates 2
23:25:53 BLOC_D_SERIE_DU_JOUR              4m50s      4m47s      -3s  ✅  Galates 3
23:30:40 BLOC_E_LOUANGE_NUIT               5m45s      5m42s      -3s  ✅  How Precious Oh Lord
23:36:22 BLOC_E_LOUANGE_NUIT               5m19s      5m17s      -2s  ✅  Gabrielle LIDJI - Mélodie Céleste  by LFXA(Light FX Animation)_2
23:41:39 BLOC_E_LOUANGE_NUIT               9m23s      9m21s      -2s  ✅  10 minutes
23:51:00 BLOC_E_LOUANGE_NUIT               7m19s      7m16s      -3s  ✅  You Have sworn By Your Holiness - Chidera Bisong
23:58:16 BLOC_E_LOUANGE_NUIT               5m13s          ?           ⏳ dernier titre (durée réelle inconnue)  Il s'appelait Emmanuel - Marcel Boungou + Paroles
----------------------------------------------------------------------------------------------------
Bilan : 274 titres, 0 anomalie(s) (titre coupé de plus de 10s ou trou d'antenne).

====================================================================================================
RÉEL vs PRÉVU — ce qui a joué vs ce que le plan prévoyait
====================================================================================================
----------------------------------------------------------------------------------------------------
BLOC_A  (00:00-06:00)  prévus  78 · joués  72 · conformité  90% · sautés  8 · en trop  2
   ⏭️  PRÉVU NON JOUÉ : jingle avant bible 02 voici la lecture de la bible · jingle avant bible 05 poursuivons notre lecture · jingle avant louange 04 suite de la selection musicale · As We Worship In Ypur Presence · Now is Come Salvation - Toronto HF · Cantique sa miséricorde  …(+2)
   ➕  JOUÉ NON PRÉVU : ? · pqe j5
----------------------------------------------------------------------------------------------------
BLOC_B  (06:00-12:00)  prévus  81 · joués  65 · conformité  79% · sautés 17 · en trop  1
   ⏭️  PRÉVU NON JOUÉ : jingle avant louange 04 suite de la selection musicale · jingle avant louange 01 place a la louange et adoration · jingle avant bible 04 restons a lecoute des ecritures · jingle avant bible 02 voici la lecture de la bible · Michée 1 · Michée 2  …(+11)
   ➕  JOUÉ NON PRÉVU : jingle avant message 01 voici le message du jour
----------------------------------------------------------------------------------------------------
BLOC_C  (12:00-18:00)  prévus  88 · joués  74 · conformité  83% · sautés 15 · en trop  1
   ⏭️  PRÉVU NON JOUÉ : jingle avant louange 02 voici notre selection de cantiques · jingle avant bible 05 poursuivons notre lecture · jingle avant louange 03 continuons dans la louange · jingle avant louange 04 suite de la selection musicale · jingle avant bible 04 restons a lecoute des ecritures · Daniel 6  …(+9)
   ➕  JOUÉ NON PRÉVU : pqe j5
----------------------------------------------------------------------------------------------------
BLOC_D  (18:00-23:30)  prévus  68 · joués  58 · conformité  84% · sautés 11 · en trop  1
   ⏭️  PRÉVU NON JOUÉ : jingle avant message 02 enseignement parole de dieu · jingle avant bible 05 poursuivons notre lecture · jingle avant louange 01 place a la louange et adoration · jingle avant louange 03 continuons dans la louange · Galates 4 · jingle avant louange 04 suite de la selection musicale  …(+5)
   ➕  JOUÉ NON PRÉVU : Daniel 6
----------------------------------------------------------------------------------------------------
CONFORMITÉ GLOBALE : 264/315 titres prévus joués dans l'ordre = 84%  (5 titre(s) hors plan)
