====================================================================================================
MONITEUR RADIO — 2026-08-27 (synthèse des 3 rapports + plan, heures UTC)
====================================================================================================
État : ❌ incident(s) détecté(s)  ·  diffusion : 1 coupure(s)/trou(s), 0 double(s) message  ·  serveur : 139 incident(s)
SERVEUR (liquidsoap_events) :
   00:01:28  💥 crash Liquidsoap (redémarrage automatique)  (×2)
   00:01:32  🔇 bascule sur jingle d'erreur (silence potentiel)  (×3)
   23:32:17  🌐 échec réseau AzuraCast/Liquidsoap  (×134)
RESET MINUIT : restart confirmé vers 00:02:11 · 3 contrôle(s) · ⚠️ doublon vu dans la file
INCIDENTS CORRÉLÉS (anomalie de diffusion ↔ cause serveur probable) :
   23:54:56  TROU 78s « He Shall Feed His Flock - I Want to walk  - Ketu HF »
          ↳ aucune cause serveur à proximité (voir CONTRÔLES APPROFONDIS et RÉEL vs PRÉVU ci-dessous)
(Détail titre par titre, contrôles approfondis et RÉEL vs PRÉVU ci-dessous.)
Rapport de diffusion — 2026-08-27 (heures UTC)
301 titres joués | tolérance ±10s
====================================================================================================
HEURE    PLAYLIST                     FICHIER          RÉEL    ÉCART  STATUT  TITRE
----------------------------------------------------------------------------------------------------
00:01:38 ?                                 1m36s      1m36s      +0s  ✅  ?
00:03:14 BLOC_A_SERIE_DU_JOUR              0m10s      0m10s      +0s  ✅  jingle avant message 01 voici le message du jour
00:03:24 BLOC_A_SERIE_DU_JOUR             25m20s     25m18s      -2s  ✅  pqe j1
00:28:42 BLOC_A_SERIE_DU_JOUR              0m09s      0m06s      -3s  ✅  jingle avant bible 08 prenons un moment pour ecouter la parole
00:28:48 BLOC_A_SERIE_DU_JOUR              4m28s      4m26s      -2s  ✅  Philippiens 2
00:33:14 BLOC_A_SERIE_DU_JOUR              3m26s      3m23s      -3s  ✅  Philippiens 3
00:36:37 BLOC_A_SERIE_DU_JOUR              3m39s      3m36s      -3s  ✅  Philippiens 4
00:40:13 BLOC_A_SERIE_DU_JOUR              5m09s      5m06s      -3s  ✅  Genèse 38
00:45:19 BLOC_A_SERIE_DU_JOUR              3m56s      3m54s      -2s  ✅  Genèse 39
00:49:13 BLOC_A_SERIE_DU_JOUR              3m50s      3m48s      -2s  ✅  Genèse 40
00:53:01 BLOC_A_SERIE_DU_JOUR              9m16s      9m13s      -3s  ✅  Genèse 41
01:02:14 BLOC_A_SERIE_DU_JOUR              6m00s      5m58s      -2s  ✅  Genèse 42
01:08:12 BLOC_A_SERIE_DU_JOUR              6m03s      6m00s      -3s  ✅  Genèse 43
01:14:12 BLOC_A_SERIE_DU_JOUR              5m32s      5m29s      -3s  ✅  Genèse 44
01:19:41 BLOC_A_SERIE_DU_JOUR              4m41s      4m38s      -3s  ✅  Genèse 45
01:24:19 BLOC_A_SERIE_DU_JOUR              0m10s      0m08s      -2s  ✅  jingle avant louange 06 que la louange seleve
01:24:27 BLOC_A_SERIE_DU_JOUR              7m19s      7m17s      -2s  ✅  You Have sworn By Your Holiness - Chidera Bisong
01:31:44 BLOC_A_SERIE_DU_JOUR              7m18s      7m15s      -3s  ✅  Holy is the Lord (Emmanuel Umoh)
01:38:59 BLOC_A_SERIE_DU_JOUR              4m13s      4m11s      -2s  ✅  4 minutes
01:43:10 BLOC_A_SERIE_DU_JOUR              8m30s      8m27s      -3s  ✅  We Worship Adonai - PHF
01:51:37 BLOC_A_SERIE_DU_JOUR              5m10s      5m08s      -2s  ✅  I Will Call Upon The Lord
01:56:45 BLOC_A_SERIE_DU_JOUR              6m35s      6m33s      -2s  ✅  cantique   ta lumière
02:03:18 BLOC_A_SERIE_DU_JOUR              3m10s      3m07s      -3s  ✅  la Parole
02:06:25 BLOC_A_SERIE_DU_JOUR              6m57s      6m54s      -3s  ✅  qui est digne d ouvrir le livre
02:13:19 BLOC_A_SERIE_DU_JOUR              8m58s      8m55s      -3s  ✅  El Elyon - Toronto & Winnipeg HF
02:22:14 BLOC_A_SERIE_DU_JOUR              0m10s      0m08s      -2s  ✅  jingle avant bible 06 ouvrons les saintes ecritures
02:22:22 BLOC_A_SERIE_DU_JOUR              3m53s      3m50s      -3s  ✅  1 Timothée 6
02:26:12 BLOC_A_SERIE_DU_JOUR              4m45s      4m42s      -3s  ✅  Romains 1
02:30:54 BLOC_A_SERIE_DU_JOUR              3m58s      3m56s      -2s  ✅  Romains 2
02:34:50 BLOC_A_SERIE_DU_JOUR              4m06s      4m04s      -2s  ✅  Romains 3
02:38:54 BLOC_A_SERIE_DU_JOUR              3m39s      3m36s      -3s  ✅  Romains 4
02:42:30 BLOC_A_SERIE_DU_JOUR              3m34s      3m32s      -2s  ✅  Romains 5
02:46:02 BLOC_A_SERIE_DU_JOUR              3m15s      3m12s      -3s  ✅  Romains 6
02:49:14 BLOC_A_SERIE_DU_JOUR              3m46s      3m44s      -2s  ✅  Romains 7
02:52:58 BLOC_A_SERIE_DU_JOUR              0m11s      0m08s      -3s  ✅  jingle avant louange 05 elevons nos coeurs vers dieu
02:53:06 BLOC_A_SERIE_DU_JOUR              4m03s      4m01s      -2s  ✅  I Will Not Be Silent - Calabar HF
02:57:07 BLOC_A_SERIE_DU_JOUR              6m56s      6m53s      -3s  ✅  As We Worship In Ypur Presence
03:04:00 BLOC_A_SERIE_DU_JOUR              4m14s      4m12s      -2s  ✅  Mon modèle, c est Jésus
03:08:12 BLOC_A_SERIE_DU_JOUR              6m10s      6m07s      -3s  ✅  That I May Know Him - Toronto HF
03:14:19 BLOC_A_SERIE_DU_JOUR              4m20s      4m17s      -3s  ✅  There's A Mighty River Flowing - SWBN TV
03:18:36 BLOC_A_SERIE_DU_JOUR              7m57s      7m55s      -2s  ✅  Yahweh is Mighty (Imah Adegoke)
03:26:31 BLOC_A_SERIE_DU_JOUR              5m57s      5m55s      -2s  ✅  You are God - Winnipeg Fellowship
03:32:26 BLOC_A_SERIE_DU_JOUR              7m20s      7m17s      -3s  ✅  The Glory -  PHF
03:39:43 BLOC_A_SERIE_DU_JOUR              9m31s      9m28s      -3s  ✅  15 at 01.33.50 (1)(1)
03:49:11 BLOC_A_SERIE_DU_JOUR              0m13s      0m11s      -2s  ✅  jingle avant bible 07 place a la lecture de la bible
03:49:22 BLOC_A_SERIE_DU_JOUR              3m42s      3m39s      -3s  ✅  2 Pierre 1
03:53:01 BLOC_A_SERIE_DU_JOUR              4m04s      4m01s      -3s  ✅  2 Pierre 2
03:57:02 BLOC_A_SERIE_DU_JOUR              3m17s      3m15s      -2s  ✅  2 Pierre 3
04:00:17 BLOC_A_SERIE_DU_JOUR              3m52s      3m49s      -3s  ✅  Lévitique 5
04:04:06 BLOC_A_SERIE_DU_JOUR              4m38s      4m36s      -2s  ✅  Lévitique 6
04:08:42 BLOC_A_SERIE_DU_JOUR              5m30s      5m27s      -3s  ✅  Lévitique 7
04:14:09 BLOC_A_SERIE_DU_JOUR              5m25s      5m22s      -3s  ✅  Lévitique 8
04:19:31 BLOC_A_SERIE_DU_JOUR              3m36s      3m33s      -3s  ✅  Lévitique 9
04:23:04 BLOC_A_SERIE_DU_JOUR              4m02s      4m00s      -2s  ✅  Lévitique 10
04:27:04 BLOC_A_SERIE_DU_JOUR              6m31s      6m29s      -2s  ✅  Lévitique 11
04:33:33 BLOC_A_SERIE_DU_JOUR              0m13s      0m10s      -3s  ✅  jingle avant louange 07 voici un temps de louange
04:33:43 BLOC_A_SERIE_DU_JOUR              5m47s      5m45s      -2s  ✅  We Ascribe Greatness - Abuja HF
04:39:28 BLOC_A_SERIE_DU_JOUR              7m25s      7m22s      -3s  ✅  Victorious Is the Lamb - Winnipeg Fellowship
04:46:50 BLOC_A_SERIE_DU_JOUR              5m43s      5m40s      -3s  ✅  Cantique l Éternel est mon Berger (1)
04:52:30 BLOC_A_SERIE_DU_JOUR              6m02s      6m00s      -2s  ✅  Satisfy My Soul - Calabar HF
04:58:30 BLOC_A_SERIE_DU_JOUR              4m40s      4m38s      -2s  ✅  All in All - CHF
05:03:08 BLOC_A_SERIE_DU_JOUR              3m19s      3m16s      -3s  ✅  Awaken My Heart
05:06:24 BLOC_A_SERIE_DU_JOUR              8m12s      8m09s      -3s  ✅  Jesus is Alpha - PHF
05:14:33 BLOC_A_SERIE_DU_JOUR              3m41s      3m39s      -2s  ✅  Adorons l'Éternel GAEL - JÉSUS EST SEIGNEUR -
05:18:12 BLOC_A_SERIE_DU_JOUR              6m06s      6m03s      -3s  ✅  Good God - Asaba Fellowship
05:24:15 BLOC_A_SERIE_DU_JOUR             10m24s     10m22s      -2s  ✅  Shine in Darkness O Lord  - Winnipeg Fellowship
05:34:37 BLOC_A_SERIE_DU_JOUR              0m09s      0m10s      +1s  ✅  jingle id station 02 radio evangile du royaume
05:34:47 BLOC_A_SERIE_DU_JOUR              4m32s      4m29s      -3s  ✅  Actes 22
05:39:16 BLOC_A_SERIE_DU_JOUR              5m29s      5m26s      -3s  ✅  Actes 23
05:44:42 BLOC_A_SERIE_DU_JOUR              4m04s      4m02s      -2s  ✅  Actes 24
05:48:44 BLOC_A_SERIE_DU_JOUR              4m32s      4m30s      -2s  ✅  Actes 25
05:53:14 BLOC_A_SERIE_DU_JOUR              0m09s      0m09s      +0s  ✅  JINGLE
05:53:23 BLOC_A_SERIE_DU_JOUR              8m22s      8m20s      -2s  ✅  Yeshua Hamashiach - Calabar HF
06:01:43 BLOC_B_SERIE_DU_JOUR              0m09s      0m06s      -3s  ✅  jingle avant message 03 vous ecoutez parole prophetique fm
06:01:49 BLOC_B_SERIE_DU_JOUR             25m20s     25m18s      -2s  ✅  pqe j1
06:27:07 BLOC_B_SERIE_DU_JOUR              0m13s      0m10s      -3s  ✅  jingle avant bible 07 place a la lecture de la bible
06:27:17 BLOC_B_SERIE_DU_JOUR              4m35s      4m33s      -2s  ✅  Ézéchiel 1
06:31:50 BLOC_B_SERIE_DU_JOUR              1m41s      1m39s      -2s  ✅  Ézéchiel 2
06:33:29 BLOC_B_SERIE_DU_JOUR              4m41s      4m39s      -2s  ✅  Ézéchiel 3
06:38:08 BLOC_B_SERIE_DU_JOUR              2m57s      2m54s      -3s  ✅  Ézéchiel 4
06:41:02 BLOC_B_SERIE_DU_JOUR              3m41s      3m38s      -3s  ✅  Ézéchiel 5
06:44:40 BLOC_B_SERIE_DU_JOUR              2m44s      2m41s      -3s  ✅  Ézéchiel 6
06:47:21 BLOC_B_SERIE_DU_JOUR              4m43s      4m41s      -2s  ✅  Ézéchiel 7
06:52:02 BLOC_B_SERIE_DU_JOUR              4m00s      3m57s      -3s  ✅  Ézéchiel 8
06:55:59 BLOC_B_SERIE_DU_JOUR              2m28s      2m26s      -2s  ✅  Ézéchiel 9
06:58:25 BLOC_B_SERIE_DU_JOUR              3m35s      3m32s      -3s  ✅  Ézéchiel 10
07:01:57 BLOC_B_SERIE_DU_JOUR              4m08s      4m05s      -3s  ✅  Ézéchiel 11
07:06:02 BLOC_B_SERIE_DU_JOUR              4m57s      4m54s      -3s  ✅  Ézéchiel 12
07:10:56 BLOC_B_SERIE_DU_JOUR              4m35s      4m33s      -2s  ✅  Ézéchiel 13
07:15:29 BLOC_B_SERIE_DU_JOUR              4m36s      4m33s      -3s  ✅  Ézéchiel 14
07:20:02 BLOC_B_SERIE_DU_JOUR              1m18s      1m16s      -2s  ✅  Ézéchiel 15
07:21:18 BLOC_B_SERIE_DU_JOUR             10m59s     10m56s      -3s  ✅  Ézéchiel 16
07:32:14 BLOC_B_SERIE_DU_JOUR              0m11s      0m09s      -2s  ✅  jingle avant louange 05 elevons nos coeurs vers dieu
07:32:23 BLOC_B_SERIE_DU_JOUR              5m04s      5m02s      -2s  ✅  I Enter The Holy of Holies - Port Harcourt HF
07:37:25 BLOC_B_SERIE_DU_JOUR              6m07s      6m04s      -3s  ✅  There Is Forgiveness In Thee - SWBN TV
07:43:29 BLOC_B_SERIE_DU_JOUR              4m33s      4m31s      -2s  ✅  God is Building - Will You Be - Ketu HF
07:48:00 BLOC_B_SERIE_DU_JOUR              9m24s      9m22s      -2s  ✅  I See Your Face - Toronto HF
07:57:22 BLOC_B_SERIE_DU_JOUR              4m11s      4m08s      -3s  ✅  Cantique   Oh Éternel Dieu, Tu es le Dieu Incomparable
08:01:30 BLOC_B_SERIE_DU_JOUR              4m52s      4m50s      -2s  ✅  cantique   prends tout le contrôle
08:06:20 BLOC_B_SERIE_DU_JOUR              4m05s      4m03s      -2s  ✅  Song Of Victory - Emmanuel Igunbor
08:10:23 BLOC_B_SERIE_DU_JOUR              4m48s      4m47s      -1s  ✅  Yeshua I'm Waiting for You  - Ketu HF
08:15:10 BLOC_B_SERIE_DU_JOUR              5m02s      5m00s      -2s  ✅  A Song Of Love
08:20:10 BLOC_B_SERIE_DU_JOUR              4m44s      4m41s      -3s  ✅  Je veux vivre ton royaume
08:24:51 BLOC_B_SERIE_DU_JOUR             10m13s     10m18s      +5s  ✅  As We Worship - Toronto & Winnipeg HF
08:35:09 BLOC_B_SERIE_DU_JOUR              2m05s      2m02s      -3s  ✅  3 Jean 1
08:37:11 BLOC_B_SERIE_DU_JOUR              3m26s      3m23s      -3s  ✅  Abdias 1
08:40:34 BLOC_B_SERIE_DU_JOUR              3m07s      3m05s      -2s  ✅  2 Chroniques 1
08:43:39 BLOC_B_SERIE_DU_JOUR              3m38s      3m36s      -2s  ✅  2 Chroniques 2
08:47:15 BLOC_B_SERIE_DU_JOUR              2m35s      2m33s      -2s  ✅  2 Chroniques 3
08:49:48 BLOC_B_SERIE_DU_JOUR              3m07s      3m04s      -3s  ✅  2 Chroniques 4
08:52:52 BLOC_B_SERIE_DU_JOUR              2m35s      2m32s      -3s  ✅  2 Chroniques 5
08:55:24 BLOC_B_SERIE_DU_JOUR              7m55s      7m53s      -2s  ✅  2 Chroniques 6
09:03:17 BLOC_B_SERIE_DU_JOUR              0m13s      0m10s      -3s  ✅  jingle avant louange 07 voici un temps de louange
09:03:27 BLOC_B_SERIE_DU_JOUR              5m07s      5m04s      -3s  ✅  We Shall Come - Asaba Fellowship
09:08:31 BLOC_B_SERIE_DU_JOUR              4m53s      4m50s      -3s  ✅  Cantique Jahweh, Tu es élevé au dessus de tout (1)
09:13:21 BLOC_B_SERIE_DU_JOUR             11m01s     10m58s      -3s  ✅  Great is, Ascribe - Ketu HF
09:24:19 BLOC_B_SERIE_DU_JOUR              5m28s      5m26s      -2s  ✅  même humilié
09:29:45 BLOC_B_SERIE_DU_JOUR              6m30s      6m27s      -3s  ✅  Praise the Lord of Host - Toronto HF
09:36:12 BLOC_B_SERIE_DU_JOUR              9m23s      9m22s      -1s  ✅  Thou art Worthy Lord - PHF
09:45:34 BLOC_B_SERIE_DU_JOUR              7m21s      7m18s      -3s  ✅  For By My God - Toronto & Winnipeg HF
09:52:52 BLOC_B_SERIE_DU_JOUR              4m08s      4m05s      -3s  ✅  I Choose the Way of the Lord - Abuja HF
09:56:57 BLOC_B_SERIE_DU_JOUR              6m06s      6m04s      -2s  ✅  cantique  ta bonte
10:03:01 BLOC_B_SERIE_DU_JOUR              0m09s      0m06s      -3s  ✅  jingle avant bible 08 prenons un moment pour ecouter la parole
10:03:07 BLOC_B_SERIE_DU_JOUR              3m07s      3m05s      -2s  ✅  Joël 1
10:06:12 BLOC_B_SERIE_DU_JOUR              5m41s      5m39s      -2s  ✅  Joël 2
10:11:51 BLOC_B_SERIE_DU_JOUR              3m36s      3m33s      -3s  ✅  Joël 3
10:15:24 BLOC_B_SERIE_DU_JOUR              4m27s      4m24s      -3s  ✅  Jude 1
10:19:48 BLOC_B_SERIE_DU_JOUR              3m39s      3m37s      -2s  ✅  Ruth 1
10:23:25 BLOC_B_SERIE_DU_JOUR              4m14s      4m11s      -3s  ✅  Ruth 2
10:27:36 BLOC_B_SERIE_DU_JOUR              3m00s      2m57s      -3s  ✅  Ruth 3
10:30:33 BLOC_B_SERIE_DU_JOUR              3m43s      3m41s      -2s  ✅  Ruth 4
10:34:14 BLOC_B_SERIE_DU_JOUR              5m36s      5m34s      -2s  ✅  Exode 3
10:39:48 BLOC_B_SERIE_DU_JOUR              6m31s      6m29s      -2s  ✅  Exode 4
10:46:17 BLOC_B_SERIE_DU_JOUR              0m10s      0m08s      -2s  ✅  jingle avant louange 06 que la louange seleve
10:46:25 BLOC_B_SERIE_DU_JOUR              6m41s      6m38s      -3s  ✅  6 minutes
10:53:03 BLOC_B_SERIE_DU_JOUR              6m09s      6m07s      -2s  ✅  Hymne des vainqueurs
10:59:10 BLOC_B_SERIE_DU_JOUR              5m04s      5m02s      -2s  ✅  Guide Me - El ELyon - Abuja HF
11:04:12 BLOC_B_SERIE_DU_JOUR              4m11s      4m07s      -4s  ✅  jai donné ma vie à jésus (1)
11:08:19 BLOC_B_SERIE_DU_JOUR              6m04s      6m02s      -2s  ✅  Sing Unto the Lord a new Song  - Winnipeg Fellowship
11:14:21 BLOC_B_SERIE_DU_JOUR              8m24s      8m21s      -3s  ✅  Bless Ye the Lord - PHF
11:22:42 BLOC_B_SERIE_DU_JOUR             11m53s     11m51s      -2s  ✅  Hashem - PHF
11:34:33 BLOC_B_SERIE_DU_JOUR              5m21s      5m18s      -3s  ✅  We Shall Not Fear - Nonso Njoku
11:39:51 BLOC_B_SERIE_DU_JOUR              5m18s      5m16s      -2s  ✅  Now is Come Salvation - Toronto HF
11:45:07 BLOC_B_SERIE_DU_JOUR              0m12s      0m12s      +0s  ✅  jingle id station 03 notre mission annonce levangile
11:45:19 BLOC_B_SERIE_DU_JOUR              3m15s      3m12s      -3s  ✅  Jérémie 12
11:48:31 BLOC_B_SERIE_DU_JOUR              4m35s      4m33s      -2s  ✅  Jérémie 13
11:53:04 BLOC_B_SERIE_DU_JOUR              4m22s      4m20s      -2s  ✅  Jérémie 14
11:57:24 BLOC_B_SERIE_DU_JOUR              4m05s      4m03s      -2s  ✅  Jérémie 15
12:01:27 BLOC_C_SERIE_DU_JOUR              0m10s      0m07s      -3s  ✅  jingle avant message 04 bienvenue sur parole prophetique fm
12:01:34 BLOC_C_SERIE_DU_JOUR             25m20s     25m18s      -2s  ✅  pqe j1
12:26:52 BLOC_C_SERIE_DU_JOUR              0m10s      0m07s      -3s  ✅  jingle avant bible 06 ouvrons les saintes ecritures
12:26:59 BLOC_C_SERIE_DU_JOUR              2m40s      2m38s      -2s  ✅  Amos 1
12:29:37 BLOC_C_SERIE_DU_JOUR              2m30s      2m28s      -2s  ✅  Amos 2
12:32:05 BLOC_C_SERIE_DU_JOUR              2m19s      2m16s      -3s  ✅  Amos 3
12:34:21 BLOC_C_SERIE_DU_JOUR              2m44s      2m41s      -3s  ✅  Amos 4
12:37:02 BLOC_C_SERIE_DU_JOUR              4m01s      3m59s      -2s  ✅  Amos 5
12:41:01 BLOC_C_SERIE_DU_JOUR              2m22s      2m19s      -3s  ✅  Amos 6
12:43:20 BLOC_C_SERIE_DU_JOUR              3m05s      3m03s      -2s  ✅  Amos 7
12:46:23 BLOC_C_SERIE_DU_JOUR              2m30s      2m27s      -3s  ✅  Amos 8
12:48:50 BLOC_C_SERIE_DU_JOUR              2m56s      2m54s      -2s  ✅  Amos 9
12:51:44 BLOC_C_SERIE_DU_JOUR              3m23s      3m21s      -2s  ✅  Deutéronome 8
12:55:05 BLOC_C_SERIE_DU_JOUR              5m27s      5m24s      -3s  ✅  Deutéronome 9
13:00:29 BLOC_C_SERIE_DU_JOUR              3m36s      3m33s      -3s  ✅  Deutéronome 10
13:04:02 BLOC_C_SERIE_DU_JOUR              4m58s      4m56s      -2s  ✅  Deutéronome 11
13:08:58 BLOC_C_SERIE_DU_JOUR              5m47s      5m45s      -2s  ✅  Deutéronome 12
13:14:43 BLOC_C_SERIE_DU_JOUR              3m25s      3m23s      -2s  ✅  Deutéronome 13
13:18:06 BLOC_C_SERIE_DU_JOUR              4m06s      4m04s      -2s  ✅  Deutéronome 14
13:22:10 BLOC_C_SERIE_DU_JOUR              0m13s      0m10s      -3s  ✅  jingle avant louange 07 voici un temps de louange
13:22:20 BLOC_C_SERIE_DU_JOUR              6m54s      6m51s      -3s  ✅  There is no Lie (Imah Adegoke & Mary Umoh)
13:29:11 BLOC_C_SERIE_DU_JOUR              5m33s      5m31s      -2s  ✅  He Shall Feed His Flock - I Want to walk  - Ketu HF
13:34:42 BLOC_C_SERIE_DU_JOUR              6m12s      6m09s      -3s  ✅  The King is Here (Abasiama Timothy)
13:40:51 BLOC_C_SERIE_DU_JOUR              3m04s      3m01s      -3s  ✅  The Lord is my Light and Salvation - Nonso Njoku
13:43:52 BLOC_C_SERIE_DU_JOUR              5m21s      5m19s      -2s  ✅  By the word of the lord - Ketu HF
13:49:11 BLOC_C_SERIE_DU_JOUR              7m09s      7m06s      -3s  ✅  There is A Mighty River Flowing - Ketu HF
13:56:17 BLOC_C_SERIE_DU_JOUR              8m21s      8m19s      -2s  ✅  My Heart Rejoices - Toronto HF
14:04:36 BLOC_C_SERIE_DU_JOUR              8m21s      8m18s      -3s  ✅  In the Day of Your Power  - Winnipeg Fellowship
14:12:54 BLOC_C_SERIE_DU_JOUR              6m34s      6m32s      -2s  ✅  cantique  béni soit le dieu d israël
14:19:26 BLOC_C_SERIE_DU_JOUR              0m13s      0m10s      -3s  ✅  jingle avant bible 07 place a la lecture de la bible
14:19:36 BLOC_C_SERIE_DU_JOUR              2m40s      2m37s      -3s  ✅  Habacuc 1
14:22:13 BLOC_C_SERIE_DU_JOUR              3m24s      3m22s      -2s  ✅  Habacuc 2
14:25:35 BLOC_C_SERIE_DU_JOUR              3m11s      3m08s      -3s  ✅  Habacuc 3
14:28:43 BLOC_C_SERIE_DU_JOUR              2m25s      2m22s      -3s  ✅  1 Samuel 5
14:31:05 BLOC_C_SERIE_DU_JOUR              4m09s      4m07s      -2s  ✅  1 Samuel 6
14:35:12 BLOC_C_SERIE_DU_JOUR              2m51s      2m48s      -3s  ✅  1 Samuel 7
14:38:00 BLOC_C_SERIE_DU_JOUR              2m47s      2m45s      -2s  ✅  1 Samuel 8
14:40:45 BLOC_C_SERIE_DU_JOUR              5m18s      5m16s      -2s  ✅  1 Samuel 9
14:46:01 BLOC_C_SERIE_DU_JOUR              4m51s      4m48s      -3s  ✅  1 Samuel 10
14:50:49 BLOC_C_SERIE_DU_JOUR              0m11s      0m08s      -3s  ✅  jingle avant louange 05 elevons nos coeurs vers dieu
14:50:57 BLOC_C_SERIE_DU_JOUR              9m39s      9m37s      -2s  ✅  Psalm 93 - Port Harcourt HF
15:00:34 BLOC_C_SERIE_DU_JOUR              6m28s      6m25s      -3s  ✅  Le Bien-Etre Universel
15:06:59 BLOC_C_SERIE_DU_JOUR             10m25s     10m23s      -2s  ✅  Holy Are You - PHF
15:17:22 BLOC_C_SERIE_DU_JOUR              5m52s      5m49s      -3s  ✅  Where Two or Three are Gathered - Calabar HF
15:23:11 BLOC_C_SERIE_DU_JOUR              4m19s      4m16s      -3s  ✅  I Know The Blood - PHF
15:27:27 BLOC_C_SERIE_DU_JOUR              4m21s      4m19s      -2s  ✅  Sing Hallelujah - Abuja HF
15:31:46 BLOC_C_SERIE_DU_JOUR              8m18s      8m15s      -3s  ✅  Yahweh Is Mighty - SWBN TV
15:40:01 BLOC_C_SERIE_DU_JOUR              9m23s      9m21s      -2s  ✅  10 minutes
15:49:22 BLOC_C_SERIE_DU_JOUR              0m09s      0m07s      -2s  ✅  jingle avant bible 08 prenons un moment pour ecouter la parole
15:49:29 BLOC_C_SERIE_DU_JOUR              4m35s      4m33s      -2s  ✅  Colossiens 1
15:54:02 BLOC_C_SERIE_DU_JOUR              3m46s      3m43s      -3s  ✅  Colossiens 2
15:57:45 BLOC_C_SERIE_DU_JOUR              3m44s      3m42s      -2s  ✅  Colossiens 3
16:01:27 BLOC_C_SERIE_DU_JOUR              2m56s      2m53s      -3s  ✅  Colossiens 4
16:04:20 BLOC_C_SERIE_DU_JOUR              4m34s      4m31s      -3s  ✅  Esdras 7
16:08:51 BLOC_C_SERIE_DU_JOUR              5m42s      5m40s      -2s  ✅  Esdras 8
16:14:31 BLOC_C_SERIE_DU_JOUR              3m34s      3m32s      -2s  ✅  Esdras 9
16:18:03 BLOC_C_SERIE_DU_JOUR              6m21s      6m18s      -3s  ✅  Esdras 10
16:24:21 BLOC_C_SERIE_DU_JOUR              0m45s      0m42s      -3s  ✅  Psaumes 1
16:25:03 BLOC_C_SERIE_DU_JOUR              1m15s      1m13s      -2s  ✅  Psaumes 2
16:26:16 BLOC_C_SERIE_DU_JOUR              0m49s      0m46s      -3s  ✅  Psaumes 3
16:27:02 BLOC_C_SERIE_DU_JOUR              0m59s      0m56s      -3s  ✅  Psaumes 4
16:27:58 BLOC_C_SERIE_DU_JOUR              1m33s      1m31s      -2s  ✅  Psaumes 5
16:29:29 BLOC_C_SERIE_DU_JOUR              1m00s      0m58s      -2s  ✅  Psaumes 6
16:30:27 BLOC_C_SERIE_DU_JOUR              1m52s      1m49s      -3s  ✅  Psaumes 7
16:32:16 BLOC_C_SERIE_DU_JOUR              0m10s      0m08s      -2s  ✅  jingle avant louange 06 que la louange seleve
16:32:24 BLOC_C_SERIE_DU_JOUR              8m10s      8m08s      -2s  ✅  Agunechemba - SWBN TV
16:40:32 BLOC_C_SERIE_DU_JOUR             11m54s     11m51s      -3s  ✅  Great & Marvelluos - Toronto HF
16:52:23 BLOC_C_SERIE_DU_JOUR              9m14s      9m12s      -2s  ✅  A jamais, tu seras l Agneau de Dieu
17:01:35 BLOC_C_SERIE_DU_JOUR              7m17s      7m15s      -2s  ✅  cantique  tes promesses  pub direct dec 2021 import (2)
17:08:50 BLOC_C_SERIE_DU_JOUR              6m02s      6m00s      -2s  ✅  Rejoice - PHF
17:14:50 BLOC_C_SERIE_DU_JOUR              9m04s      9m01s      -3s  ✅  You're the Lamb - Calabar HF
17:23:51 BLOC_C_SERIE_DU_JOUR              8m10s      8m07s      -3s  ✅  Great and Marvellous - Ketu HF
17:31:58 BLOC_C_SERIE_DU_JOUR              0m09s      0m10s      +1s  ✅  jingle id station 01 la bonne nouvelle partout
17:32:08 BLOC_C_SERIE_DU_JOUR              3m17s      3m15s      -2s  ✅  Galates 1
17:35:23 BLOC_C_SERIE_DU_JOUR              4m08s      4m05s      -3s  ✅  Galates 2
17:39:28 BLOC_C_SERIE_DU_JOUR              4m50s      4m48s      -2s  ✅  Galates 3
17:44:16 BLOC_C_SERIE_DU_JOUR              4m30s      4m27s      -3s  ✅  Galates 4
17:48:43 BLOC_C_SERIE_DU_JOUR              4m04s      4m02s      -2s  ✅  Galates 5
17:52:45 BLOC_C_SERIE_DU_JOUR              0m09s      0m10s      +1s  ✅  jingle id station 02 radio evangile du royaume
17:52:55 BLOC_C_SERIE_DU_JOUR              5m50s      5m47s      -3s  ✅  Jesus I'm Waiting for You (Mary Umoh)
17:58:42 BLOC_C_SERIE_DU_JOUR              9m43s      9m40s      -3s  ✅  Thy Throne Oh Lord - Ketu HF
18:08:22 BLOC_D_SERIE_DU_JOUR              0m09s      0m07s      -2s  ✅  jingle avant message 03 vous ecoutez parole prophetique fm
18:08:29 BLOC_D_SERIE_DU_JOUR             25m20s     25m17s      -3s  ✅  pqe j1
18:33:46 BLOC_D_SERIE_DU_JOUR              0m13s      0m11s      -2s  ✅  jingle avant bible 07 place a la lecture de la bible
18:33:57 BLOC_D_SERIE_DU_JOUR              3m26s      3m23s      -3s  ✅  Éphésiens 1
18:37:20 BLOC_D_SERIE_DU_JOUR              3m16s      3m14s      -2s  ✅  Éphésiens 2
18:40:34 BLOC_D_SERIE_DU_JOUR              2m56s      2m54s      -2s  ✅  Éphésiens 3
18:43:28 BLOC_D_SERIE_DU_JOUR              4m53s      4m50s      -3s  ✅  Éphésiens 4
18:48:18 BLOC_D_SERIE_DU_JOUR              4m12s      4m10s      -2s  ✅  Éphésiens 5
18:52:28 BLOC_D_SERIE_DU_JOUR              3m21s      3m18s      -3s  ✅  Éphésiens 6
18:55:46 BLOC_D_SERIE_DU_JOUR              4m05s      4m03s      -2s  ✅  2 Rois 20
18:59:49 BLOC_D_SERIE_DU_JOUR              4m11s      4m08s      -3s  ✅  2 Rois 21
19:03:57 BLOC_D_SERIE_DU_JOUR              4m02s      4m00s      -2s  ✅  2 Rois 22
19:07:57 BLOC_D_SERIE_DU_JOUR              7m51s      7m48s      -3s  ✅  2 Rois 23
19:15:45 BLOC_D_SERIE_DU_JOUR              3m25s      3m23s      -2s  ✅  2 Rois 24
19:19:08 BLOC_D_SERIE_DU_JOUR              5m32s      5m29s      -3s  ✅  2 Rois 25
19:24:37 BLOC_D_SERIE_DU_JOUR              0m11s      0m08s      -3s  ✅  jingle avant louange 05 elevons nos coeurs vers dieu
19:24:45 BLOC_D_SERIE_DU_JOUR              5m52s      5m50s      -2s  ✅  Not Naked (Abasiama Timothy)
19:30:35 BLOC_D_SERIE_DU_JOUR              5m08s      5m06s      -2s  ✅  He Has Given Me - PHF
19:35:41 BLOC_D_SERIE_DU_JOUR              5m13s      5m11s      -2s  ✅  Il s'appelait Emmanuel - Marcel Boungou + Paroles
19:40:52 BLOC_D_SERIE_DU_JOUR              7m04s      7m01s      -3s  ✅  We Bless You Wonderful God  - Winnipeg Fellowship
19:47:53 BLOC_D_SERIE_DU_JOUR              3m22s      3m19s      -3s  ✅  Ses cheveux étaient blancs..
19:51:12 BLOC_D_SERIE_DU_JOUR             10m47s     10m45s      -2s  ✅  Abba, Singing a, I Will Sing - Ketu HF
20:01:57 BLOC_D_SERIE_DU_JOUR              2m16s      2m13s      -3s  ✅  cantique  nous sommes le sel de la terre
20:04:10 BLOC_D_SERIE_DU_JOUR              5m15s      5m13s      -2s  ✅  Yahweh Be Praised - Abuja HF
20:09:23 BLOC_D_SERIE_DU_JOUR              7m09s      7m14s      +5s  ✅  You're the Lamb (Abasiama Timothy)
20:16:37 BLOC_D_SERIE_DU_JOUR              2m43s      2m41s      -2s  ✅  Aggée 1
20:19:18 BLOC_D_SERIE_DU_JOUR              3m58s      3m55s      -3s  ✅  Aggée 2
20:23:13 BLOC_D_SERIE_DU_JOUR              2m37s      2m35s      -2s  ✅  Michée 1
20:25:48 BLOC_D_SERIE_DU_JOUR              2m20s      2m18s      -2s  ✅  Michée 2
20:28:06 BLOC_D_SERIE_DU_JOUR              2m05s      2m03s      -2s  ✅  Michée 3
20:30:09 BLOC_D_SERIE_DU_JOUR              2m34s      2m30s      -4s  ✅  Michée 4
20:32:39 BLOC_D_SERIE_DU_JOUR              2m20s      2m18s      -2s  ✅  Michée 5
20:34:57 BLOC_D_SERIE_DU_JOUR              2m37s      2m34s      -3s  ✅  Michée 6
20:37:31 BLOC_D_SERIE_DU_JOUR              3m27s      3m24s      -3s  ✅  Michée 7
20:40:55 BLOC_D_SERIE_DU_JOUR              1m05s      1m10s      +5s  ✅  Malachie 4
20:42:05 BLOC_D_SERIE_DU_JOUR              5m45s      5m43s      -2s  ✅  How Precious Oh Lord
20:47:48 BLOC_D_SERIE_DU_JOUR              6m57s      6m55s      -2s  ✅  The Lord on High is Mightier - Toronto HF
20:54:43 BLOC_D_SERIE_DU_JOUR              4m52s      4m49s      -3s  ✅  God is Moving Us On - Ketu HF
20:59:32 BLOC_D_SERIE_DU_JOUR              6m59s      6m57s      -2s  ✅  Hosanna - Toronto HF
21:06:29 BLOC_D_SERIE_DU_JOUR              7m51s      7m48s      -3s  ✅  There is no name  - Winnipeg Fellowship
21:14:17 BLOC_D_SERIE_DU_JOUR              8m31s      8m29s      -2s  ✅  Holy Holy - Abuja HF
21:22:46 BLOC_D_SERIE_DU_JOUR              6m13s      6m10s      -3s  ✅  Immortal God - Elohim Adonai - Abuja HF
21:28:56 BLOC_D_SERIE_DU_JOUR              5m48s      5m53s      +5s  ✅  Forever You Reign - Abuja HF
21:34:49 BLOC_D_SERIE_DU_JOUR              3m59s      3m56s      -3s  ✅  Néhémie 8
21:38:45 BLOC_D_SERIE_DU_JOUR              7m47s      7m44s      -3s  ✅  Néhémie 9
21:46:29 BLOC_D_SERIE_DU_JOUR              4m36s      4m34s      -2s  ✅  Néhémie 10
21:51:03 BLOC_D_SERIE_DU_JOUR              4m55s      4m52s      -3s  ✅  Néhémie 11
21:55:55 BLOC_D_SERIE_DU_JOUR              6m29s      6m26s      -3s  ✅  Néhémie 12
22:02:21 BLOC_D_SERIE_DU_JOUR              5m20s      5m18s      -2s  ✅  Néhémie 13
22:07:39 BLOC_D_SERIE_DU_JOUR              5m39s      5m36s      -3s  ✅  Luc 5
22:13:15 BLOC_D_SERIE_DU_JOUR              0m13s      0m10s      -3s  ✅  jingle avant louange 07 voici un temps de louange
22:13:25 BLOC_D_SERIE_DU_JOUR              7m09s      7m07s      -2s  ✅  My God Is Good - Winnipeg Fellowship
22:20:32 BLOC_D_SERIE_DU_JOUR              5m45s      5m42s      -3s  ✅  Ella Samuels - Oh Lord Our Maker
22:26:14 BLOC_D_SERIE_DU_JOUR              4m04s      4m02s      -2s  ✅  Ascribe Greatness - PHF
22:30:16 BLOC_D_SERIE_DU_JOUR              7m36s      7m33s      -3s  ✅  There Is No Lie - SWBN TV
22:37:49 BLOC_D_SERIE_DU_JOUR             10m38s     10m36s      -2s  ✅  Be Exalted - PHF
22:48:25 BLOC_D_SERIE_DU_JOUR              7m46s      7m44s      -2s  ✅  Arise Out of Zion  - Winnipeg Fellowship
22:56:09 BLOC_D_SERIE_DU_JOUR              9m38s      9m35s      -3s  ✅  Holy are You oh Lord (Olaedo Uzoma & Vincent Opara)
23:05:44 BLOC_D_SERIE_DU_JOUR              0m09s      0m09s      +0s  ✅  jingle id station 01 la bonne nouvelle partout
23:05:53 BLOC_D_SERIE_DU_JOUR              2m51s      2m49s      -2s  ✅  Apocalypse 5
23:08:42 BLOC_D_SERIE_DU_JOUR              3m33s      3m31s      -2s  ✅  Apocalypse 6
23:12:13 BLOC_D_SERIE_DU_JOUR              3m14s      3m11s      -3s  ✅  Apocalypse 7
23:15:24 BLOC_D_SERIE_DU_JOUR              2m36s      2m33s      -3s  ✅  Apocalypse 8
23:17:57 BLOC_D_SERIE_DU_JOUR              3m50s      3m48s      -2s  ✅  Apocalypse 9
23:21:45 BLOC_D_SERIE_DU_JOUR              2m14s      2m11s      -3s  ✅  Apocalypse 10
23:23:56 BLOC_D_SERIE_DU_JOUR              0m09s      0m10s      +1s  ✅  JINGLE
23:24:06 BLOC_D_SERIE_DU_JOUR              2m57s      2m55s      -2s  ✅  You Are the Captain of the Host - Toronto HF
23:27:01 BLOC_D_SERIE_DU_JOUR              5m19s      5m17s      -2s  ✅  Gabrielle LIDJI - Mélodie Céleste  by LFXA(Light FX Animation)_2
23:32:18 BLOC_E_LOUANGE_NUIT               6m57s      6m55s      -2s  ✅  qui est digne d ouvrir le livre
23:39:13 BLOC_E_LOUANGE_NUIT               9m43s      9m39s      -4s  ✅  Thy Throne Oh Lord - Ketu HF
23:48:52 BLOC_E_LOUANGE_NUIT               6m06s      6m04s      -2s  ✅  cantique  ta bonte
23:54:56 BLOC_E_LOUANGE_NUIT               5m33s      6m51s     +78s  ⚠️ TROU APRÈS  He Shall Feed His Flock - I Want to walk  - Ketu HF
----------------------------------------------------------------------------------------------------
Bilan : 301 titres, 1 anomalie(s) (titre coupé de plus de 10s ou trou d'antenne). Gravité : 0 mineure(s) <1min · 1 sérieuse(s) 1-10min · 0 critique(s) >10min.

====================================================================================================
CONTRÔLES APPROFONDIS
====================================================================================================
MESSAGE DU JOUR « PQE J 1 » : 4 diffusion(s) pour 4 prévue(s) ✅
   00:03:24  (étiquette BLOC_A_SERIE_DU_JOUR)
   06:01:49  (étiquette BLOC_B_SERIE_DU_JOUR)
   12:01:34  (étiquette BLOC_C_SERIE_DU_JOUR)
   18:08:29  (étiquette BLOC_D_SERIE_DU_JOUR)
JINGLES : 31 joués / 36 prévus (86%) ⚠️   ·   BLOC_A 9/9 · BLOC_B 7/9 · BLOC_C 9/9 · BLOC_D 6/9
HORS FENÊTRE : aucun débordement de bloc détecté ✅
BOUCHE-TROUS : 1 titre(s) hors plan sans playlist ⚠️
   00:01:38  ?  (1m36s)
COUVERTURE : premier titre à 00:01:38 ✅ · dernier titre finit vers 00:00:29 (estimé) ✅

====================================================================================================
RÉEL vs PRÉVU — ce qui a joué vs ce que le plan prévoyait
====================================================================================================
----------------------------------------------------------------------------------------------------
BLOC_A  (00:00-06:00)  prévus  74 · atteignables  72 · joués  73 · conformité 100% · sautés  0 · en trop  1
   ➕  JOUÉ NON PRÉVU : ?
   ⏸️  FIN DE BLOC NON ATTEINTE (2 titres · ~17m18s) — marge anti-rebouclage au-delà de la fenêtre, normal : Unto Him (Vincent Opara) · He Has Given Me & Emmanuel You Joy Over Us (Medley) (Abasiama Timothy & Imah Adegoke)
----------------------------------------------------------------------------------------------------
BLOC_B  (06:00-12:00)  prévus  83 · atteignables  76 · joués  75 · conformité  99% · sautés  1 · en trop  0
   ⏭️  PRÉVU NON JOUÉ : jingle avant bible 06 ouvrons les saintes ecritures
   ⏸️  FIN DE BLOC NON ATTEINTE (7 titres · ~27m35s) — marge anti-rebouclage au-delà de la fenêtre, normal : Jérémie 16 · jingle id station 02 radio evangile du royaume · In Jesus - PHF · esprit de dieu · The Mountains, Come and, Oh City - Ketu HF · Cantique sa miséricorde  …(+1)
----------------------------------------------------------------------------------------------------
BLOC_C  (12:00-18:00)  prévus  83 · atteignables  81 · joués  81 · conformité 100% · sautés  0 · en trop  0
   ⏸️  FIN DE BLOC NON ATTEINTE (2 titres · ~12m34s) — marge anti-rebouclage au-delà de la fenêtre, normal : Unto Him - CHF · Oh Lord I Want to Know Your Glory - Port Harcourt HF
----------------------------------------------------------------------------------------------------
BLOC_D  (18:00-23:30)  prévus  74 · atteignables  71 · joués  68 · conformité  96% · sautés  3 · en trop  0
   ⏭️  PRÉVU NON JOUÉ : jingle avant bible 06 ouvrons les saintes ecritures · jingle avant louange 06 que la louange seleve · jingle avant bible 08 prenons un moment pour ecouter la parole
   ⏸️  FIN DE BLOC NON ATTEINTE (3 titres · ~18m51s) — marge anti-rebouclage au-delà de la fenêtre, normal : Igwe · Praise the Lord All Ye Nations - Toronto HF · Hallelujah - PHF
----------------------------------------------------------------------------------------------------
CONFORMITÉ GLOBALE : 296/300 titres atteignables joués dans l'ordre = 99%  (1 titre(s) hors plan · 14 non atteint(s) en fin de bloc, marge normale)
