Rapport de diffusion — 2026-07-01 (heures UTC)
290 titres joués | tolérance ±10s
====================================================================================================
HEURE    PLAYLIST                     FICHIER          RÉEL    ÉCART  STATUT  TITRE
----------------------------------------------------------------------------------------------------
00:01:35 BLOC_A_SERIE_DU_JOUR             25m20s     50m35s   +1515s  ⚠️ TROU APRÈS  pqe j1
00:52:10 BLOC_A_SERIE_DU_JOUR              3m12s      3m09s      -3s  ✅  Proverbes 1
00:55:19 BLOC_A_SERIE_DU_JOUR              1m57s      1m54s      -3s  ✅  Proverbes 2
00:57:13 BLOC_A_SERIE_DU_JOUR              3m04s      3m03s      -1s  ✅  Proverbes 3
01:00:16 BLOC_A_SERIE_DU_JOUR              2m27s      2m23s      -4s  ✅  Proverbes 4
01:02:39 BLOC_A_SERIE_DU_JOUR              2m06s      2m04s      -2s  ✅  Proverbes 5
01:04:43 BLOC_A_SERIE_DU_JOUR              3m14s      3m11s      -3s  ✅  Proverbes 6
01:07:54 BLOC_A_SERIE_DU_JOUR              2m24s      2m22s      -2s  ✅  Proverbes 7
01:10:16 BLOC_A_SERIE_DU_JOUR              3m11s      3m08s      -3s  ✅  Proverbes 8
01:13:24 BLOC_A_SERIE_DU_JOUR              1m36s      1m34s      -2s  ✅  Proverbes 9
01:14:58 BLOC_A_SERIE_DU_JOUR              3m14s      3m12s      -2s  ✅  Proverbes 10
01:18:10 BLOC_A_SERIE_DU_JOUR              3m12s      3m09s      -3s  ✅  Proverbes 11
01:21:19 BLOC_A_SERIE_DU_JOUR              2m57s      2m55s      -2s  ✅  Proverbes 12
01:24:14 BLOC_A_SERIE_DU_JOUR              2m40s      2m37s      -3s  ✅  Proverbes 13
01:26:51 BLOC_A_SERIE_DU_JOUR              3m35s      3m34s      -1s  ✅  Proverbes 14
01:30:25 BLOC_A_SERIE_DU_JOUR              3m26s      3m23s      -3s  ✅  Proverbes 15
01:33:48 BLOC_A_SERIE_DU_JOUR              3m18s      3m15s      -3s  ✅  Proverbes 16
01:37:03 BLOC_A_SERIE_DU_JOUR              2m57s      2m55s      -2s  ✅  Proverbes 17
01:39:58 BLOC_A_SERIE_DU_JOUR              2m16s      2m14s      -2s  ✅  Proverbes 18
01:42:12 BLOC_A_SERIE_DU_JOUR              9m04s      9m01s      -3s  ✅  You're the Lamb - Calabar HF
01:51:13 BLOC_A_SERIE_DU_JOUR              5m08s      5m06s      -2s  ✅  He Has Given Me - PHF
01:56:19 BLOC_A_SERIE_DU_JOUR              7m37s      7m34s      -3s  ✅  Cantiques  Il a pris mes iniquités
02:03:53 BLOC_A_SERIE_DU_JOUR              3m34s      3m31s      -3s  ✅  Zacharie 1
02:07:24 BLOC_A_SERIE_DU_JOUR              1m51s      1m49s      -2s  ✅  Zacharie 2
02:09:13 BLOC_A_SERIE_DU_JOUR              1m46s      1m43s      -3s  ✅  Zacharie 3
02:10:56 BLOC_A_SERIE_DU_JOUR              2m06s      2m04s      -2s  ✅  Zacharie 4
02:13:00 BLOC_A_SERIE_DU_JOUR              1m38s      1m36s      -2s  ✅  Zacharie 5
02:14:36 BLOC_A_SERIE_DU_JOUR              2m22s      2m19s      -3s  ✅  Zacharie 6
02:16:55 BLOC_A_SERIE_DU_JOUR              2m07s      2m04s      -3s  ✅  Zacharie 7
02:18:59 BLOC_A_SERIE_DU_JOUR              3m51s      3m49s      -2s  ✅  Zacharie 8
02:22:48 BLOC_A_SERIE_DU_JOUR              3m12s      3m09s      -3s  ✅  Zacharie 9
02:25:57 BLOC_A_SERIE_DU_JOUR              2m13s      2m11s      -2s  ✅  Zacharie 10
02:28:08 BLOC_A_SERIE_DU_JOUR              2m53s      2m51s      -2s  ✅  Zacharie 11
02:30:59 BLOC_A_SERIE_DU_JOUR              2m38s      2m35s      -3s  ✅  Zacharie 12
02:33:34 BLOC_A_SERIE_DU_JOUR              4m05s      4m03s      -2s  ✅  Song Of Victory - Emmanuel Igunbor
02:37:37 BLOC_A_SERIE_DU_JOUR             10m25s     10m23s      -2s  ✅  Holy Are You - PHF
02:48:00 BLOC_A_SERIE_DU_JOUR              9m23s      9m21s      -2s  ✅  Thou art Worthy Lord - PHF
02:57:21 BLOC_A_SERIE_DU_JOUR              8m12s      8m09s      -3s  ✅  Jesus is Alpha - PHF
03:05:30 BLOC_A_SERIE_DU_JOUR              5m52s      5m50s      -2s  ✅  Not Naked (Abasiama Timothy)
03:11:20 BLOC_A_SERIE_DU_JOUR              6m09s      6m07s      -2s  ✅  Daniel 5
03:17:27 BLOC_A_SERIE_DU_JOUR              5m34s      5m31s      -3s  ✅  Daniel 6
03:22:58 BLOC_A_SERIE_DU_JOUR              5m29s      5m27s      -2s  ✅  Daniel 7
03:28:25 BLOC_A_SERIE_DU_JOUR              4m51s      4m49s      -2s  ✅  Daniel 8
03:33:14 BLOC_A_SERIE_DU_JOUR              5m57s      5m55s      -2s  ✅  Daniel 9
03:39:09 BLOC_A_SERIE_DU_JOUR              3m45s      3m42s      -3s  ✅  Daniel 10
03:42:51 BLOC_A_SERIE_DU_JOUR              8m26s      8m24s      -2s  ✅  Daniel 11
03:51:15 BLOC_A_SERIE_DU_JOUR              2m26s      2m23s      -3s  ✅  Daniel 12
03:53:38 BLOC_A_SERIE_DU_JOUR              2m57s      2m58s      +1s  ✅  You Are the Captain of the Host - Toronto HF
03:56:36 BLOC_A_SERIE_DU_JOUR              9m31s      9m28s      -3s  ✅  15 at 01.33.50 (1)(1)
04:06:04 BLOC_A_SERIE_DU_JOUR              6m07s      6m05s      -2s  ✅  There Is Forgiveness In Thee - SWBN TV
04:12:09 BLOC_A_SERIE_DU_JOUR              4m18s      4m16s      -2s  ✅  You Are Worthy - Ketu HF
04:16:25 BLOC_A_SERIE_DU_JOUR              9m39s      9m36s      -3s  ✅  Psalm 93 - Port Harcourt HF
04:26:01 BLOC_A_SERIE_DU_JOUR              5m47s      5m45s      -2s  ✅  We Ascribe Greatness - Abuja HF
04:31:46 BLOC_A_SERIE_DU_JOUR              5m41s      5m38s      -3s  ✅  1 Chroniques 1
04:37:24 BLOC_A_SERIE_DU_JOUR              6m19s      6m16s      -3s  ✅  1 Chroniques 2
04:43:40 BLOC_A_SERIE_DU_JOUR              3m15s      3m13s      -2s  ✅  1 Chroniques 3
04:46:53 BLOC_A_SERIE_DU_JOUR              6m13s      6m11s      -2s  ✅  1 Chroniques 4
04:53:04 BLOC_A_SERIE_DU_JOUR              4m52s      4m50s      -2s  ✅  God is Moving Us On - Ketu HF
04:57:54 BLOC_A_SERIE_DU_JOUR              9m23s      9m21s      -2s  ✅  10 minutes
05:07:15 BLOC_A_SERIE_DU_JOUR              0m06s      0m06s      +0s  ✅  jingle avant bible 01 la foi vient de ce quon entend
05:07:21 BLOC_A_SERIE_DU_JOUR              5m04s      5m02s      -2s  ✅  Guide Me - El ELyon - Abuja HF
05:12:23 BLOC_A_SERIE_DU_JOUR              5m18s      5m16s      -2s  ✅  Now is Come Salvation - Toronto HF
05:17:39 BLOC_A_SERIE_DU_JOUR              6m12s      6m09s      -3s  ✅  Praise the Lord All Ye Nations - Toronto HF
05:23:48 BLOC_A_SERIE_DU_JOUR              6m34s      6m32s      -2s  ✅  cantique  béni soit le dieu d israël
05:30:20 BLOC_A_SERIE_DU_JOUR              2m16s      2m12s      -4s  ✅  cantique  nous sommes le sel de la terre
05:32:32 BLOC_A_SERIE_DU_JOUR              6m35s      6m33s      -2s  ✅  cantique   ta lumière
05:39:05 BLOC_A_SERIE_DU_JOUR              5m52s      5m49s      -3s  ✅  Where Two or Three are Gathered - Calabar HF
05:44:54 BLOC_A_SERIE_DU_JOUR              6m30s      6m28s      -2s  ✅  Praise the Lord of Host - Toronto HF
05:51:22 BLOC_A_SERIE_DU_JOUR              7m29s      7m26s      -3s  ✅  Hallelujah - PHF
05:58:48 BLOC_A_SERIE_DU_JOUR              5m57s      5m54s      -3s  ✅  You are God - Winnipeg Fellowship
06:04:42 BLOC_B_SERIE_DU_JOUR             25m20s     25m24s      +4s  ✅  pqe j1
06:30:06 BLOC_B_SERIE_DU_JOUR              2m20s      2m18s      -2s  ✅  Job 29
06:32:24 BLOC_B_SERIE_DU_JOUR              3m11s      3m08s      -3s  ✅  Job 30
06:35:32 BLOC_B_SERIE_DU_JOUR              3m56s      3m54s      -2s  ✅  Job 31
06:39:26 BLOC_B_SERIE_DU_JOUR              2m21s      2m18s      -3s  ✅  Job 32
06:41:44 BLOC_B_SERIE_DU_JOUR              3m04s      3m01s      -3s  ✅  Job 33
06:44:45 BLOC_B_SERIE_DU_JOUR              3m32s      3m30s      -2s  ✅  Job 34
06:48:15 BLOC_B_SERIE_DU_JOUR              1m32s      1m29s      -3s  ✅  Job 35
06:49:44 BLOC_B_SERIE_DU_JOUR              2m56s      2m53s      -3s  ✅  Job 36
06:52:37 BLOC_B_SERIE_DU_JOUR              2m25s      2m22s      -3s  ✅  Job 37
06:54:59 BLOC_B_SERIE_DU_JOUR              3m53s      3m51s      -2s  ✅  Job 38
06:58:50 BLOC_B_SERIE_DU_JOUR              2m57s      2m55s      -2s  ✅  Job 39
07:01:45 BLOC_B_SERIE_DU_JOUR              2m19s      2m16s      -3s  ✅  Job 40
07:04:01 BLOC_B_SERIE_DU_JOUR              3m14s      3m12s      -2s  ✅  Job 41
07:07:13 BLOC_B_SERIE_DU_JOUR              2m40s      2m38s      -2s  ✅  Job 42
07:09:51 BLOC_B_SERIE_DU_JOUR              2m51s      2m49s      -2s  ✅  Ecclésiaste 8
07:12:40 BLOC_B_SERIE_DU_JOUR              3m14s      3m11s      -3s  ✅  Ecclésiaste 9
07:15:51 BLOC_B_SERIE_DU_JOUR              2m29s      2m27s      -2s  ✅  Ecclésiaste 10
07:18:18 BLOC_B_SERIE_DU_JOUR              1m34s      1m31s      -3s  ✅  Ecclésiaste 11
07:19:49 BLOC_B_SERIE_DU_JOUR              2m16s      2m14s      -2s  ✅  Ecclésiaste 12
07:22:03 BLOC_B_SERIE_DU_JOUR              4m02s      3m59s      -3s  ✅  Esther 1
07:26:02 BLOC_B_SERIE_DU_JOUR              4m08s      4m07s      -1s  ✅  I Choose the Way of the Lord - Abuja HF
07:30:09 BLOC_B_SERIE_DU_JOUR              8m10s      8m06s      -4s  ✅  Agunechemba - SWBN TV
07:38:15 BLOC_B_SERIE_DU_JOUR              5m28s      5m25s      -3s  ✅  même humilié
07:43:40 BLOC_B_SERIE_DU_JOUR              4m53s      4m50s      -3s  ✅  Cantique Jahweh, Tu es élevé au dessus de tout (1)
07:48:30 BLOC_B_SERIE_DU_JOUR              4m11s      4m08s      -3s  ✅  jai donné ma vie à jésus (1)
07:52:38 BLOC_B_SERIE_DU_JOUR              5m21s      5m19s      -2s  ✅  We Shall Not Fear - Nonso Njoku
07:57:57 BLOC_B_SERIE_DU_JOUR              8m41s      8m38s      -3s  ✅  Unto Him (Vincent Opara)
08:06:35 BLOC_B_SERIE_DU_JOUR              6m56s      6m53s      -3s  ✅  As We Worship In Ypur Presence
08:13:28 BLOC_B_SERIE_DU_JOUR              3m27s      3m25s      -2s  ✅  Matthieu 1
08:16:53 BLOC_B_SERIE_DU_JOUR              3m40s      3m38s      -2s  ✅  Matthieu 2
08:20:31 BLOC_B_SERIE_DU_JOUR              2m25s      2m23s      -2s  ✅  Matthieu 3
08:22:54 BLOC_B_SERIE_DU_JOUR              3m18s      3m15s      -3s  ✅  Matthieu 4
08:26:09 BLOC_B_SERIE_DU_JOUR              6m28s      6m26s      -2s  ✅  Matthieu 5
08:32:35 BLOC_B_SERIE_DU_JOUR              4m57s      4m55s      -2s  ✅  Matthieu 6
08:37:30 BLOC_B_SERIE_DU_JOUR              3m45s      3m42s      -3s  ✅  Matthieu 7
08:41:12 BLOC_B_SERIE_DU_JOUR              8m31s      8m29s      -2s  ✅  Holy Holy - Abuja HF
08:49:41 BLOC_B_SERIE_DU_JOUR              7m09s      7m07s      -2s  ✅  My God Is Good - Winnipeg Fellowship
08:56:48 BLOC_B_SERIE_DU_JOUR              5m48s      5m45s      -3s  ✅  Forever You Reign - Abuja HF
09:02:33 BLOC_B_SERIE_DU_JOUR              8m25s      8m23s      -2s  ✅  The Mountains, Come and, Oh City - Ketu HF
09:10:56 BLOC_B_SERIE_DU_JOUR              7m18s      7m15s      -3s  ✅  Holy is the Lord (Emmanuel Umoh)
09:18:11 BLOC_B_SERIE_DU_JOUR              3m57s      3m54s      -3s  ✅  Apocalypse 1
09:22:05 BLOC_B_SERIE_DU_JOUR              5m23s      5m21s      -2s  ✅  Apocalypse 2
09:27:26 BLOC_B_SERIE_DU_JOUR              4m16s      4m13s      -3s  ✅  Apocalypse 3
09:31:39 BLOC_B_SERIE_DU_JOUR              2m32s      2m29s      -3s  ✅  Apocalypse 4
09:34:08 BLOC_B_SERIE_DU_JOUR              2m51s      2m49s      -2s  ✅  Apocalypse 5
09:36:57 BLOC_B_SERIE_DU_JOUR              3m33s      3m31s      -2s  ✅  Apocalypse 6
09:40:28 BLOC_B_SERIE_DU_JOUR              3m14s      3m11s      -3s  ✅  Apocalypse 7
09:43:39 BLOC_B_SERIE_DU_JOUR              2m36s      2m33s      -3s  ✅  Apocalypse 8
09:46:12 BLOC_B_SERIE_DU_JOUR              3m50s      3m48s      -2s  ✅  Apocalypse 9
09:50:00 BLOC_B_SERIE_DU_JOUR              2m14s      2m11s      -3s  ✅  Apocalypse 10
09:52:11 BLOC_B_SERIE_DU_JOUR              3m52s      3m49s      -3s  ✅  Apocalypse 11
09:56:00 BLOC_B_SERIE_DU_JOUR              3m22s      3m20s      -2s  ✅  Apocalypse 12
09:59:20 BLOC_B_SERIE_DU_JOUR              3m32s      3m30s      -2s  ✅  Apocalypse 13
10:02:50 BLOC_B_SERIE_DU_JOUR              5m22s      5m24s      +2s  ✅  God's Got An Army - PHF
10:08:14 BLOC_B_SERIE_DU_JOUR              4m19s      4m16s      -3s  ✅  I Know The Blood - PHF
10:12:30 BLOC_B_SERIE_DU_JOUR              9m43s      9m40s      -3s  ✅  Thy Throne Oh Lord - Ketu HF
10:22:10 BLOC_B_SERIE_DU_JOUR              3m41s      3m39s      -2s  ✅  Adorons l'Éternel GAEL - JÉSUS EST SEIGNEUR -
10:25:49 BLOC_B_SERIE_DU_JOUR              3m10s      3m07s      -3s  ✅  la Parole
10:28:56 BLOC_B_SERIE_DU_JOUR              2m40s      2m37s      -3s  ✅  Habacuc 1
10:31:33 BLOC_B_SERIE_DU_JOUR              3m24s      3m22s      -2s  ✅  Habacuc 2
10:34:55 BLOC_B_SERIE_DU_JOUR              3m11s      3m08s      -3s  ✅  Habacuc 3
10:38:03 BLOC_B_SERIE_DU_JOUR              1m40s      1m38s      -2s  ✅  1 Jean 1
10:39:41 BLOC_B_SERIE_DU_JOUR              7m19s      7m16s      -3s  ✅  You Have sworn By Your Holiness - Chidera Bisong
10:46:57 BLOC_B_SERIE_DU_JOUR              3m22s      3m20s      -2s  ✅  Ses cheveux étaient blancs..
10:50:17 BLOC_B_SERIE_DU_JOUR              6m41s      6m38s      -3s  ✅  6 minutes
10:56:55 BLOC_B_SERIE_DU_JOUR              4m13s      4m19s      +6s  ✅  4 minutes
11:01:14 BLOC_B_SERIE_DU_JOUR              4m20s      4m18s      -2s  ✅  There's A Mighty River Flowing - SWBN TV
11:05:32 BLOC_B_SERIE_DU_JOUR              7m09s      7m06s      -3s  ✅  There is A Mighty River Flowing - Ketu HF
11:12:38 BLOC_B_SERIE_DU_JOUR              6m12s      6m09s      -3s  ✅  The King is Here (Abasiama Timothy)
11:18:47 BLOC_B_SERIE_DU_JOUR              3m12s      3m10s      -2s  ✅  esprit de dieu
11:21:57 BLOC_B_SERIE_DU_JOUR              3m00s      2m58s      -2s  ✅  Jonas 1
11:24:55 BLOC_B_SERIE_DU_JOUR              1m22s      1m19s      -3s  ✅  Jonas 2
11:26:14 BLOC_B_SERIE_DU_JOUR              1m36s      1m34s      -2s  ✅  Jonas 3
11:27:48 BLOC_B_SERIE_DU_JOUR              1m57s      1m54s      -3s  ✅  Jonas 4
11:29:42 BLOC_B_SERIE_DU_JOUR              0m05s      0m10s      +5s  ✅  jingle avant louange 04 suite de la selection musicale
11:29:52 BLOC_B_SERIE_DU_JOUR              0m07s      0m08s      +1s  ✅  jingle avant louange 02 voici notre selection de cantiques
11:30:00 BLOC_B_SERIE_DU_JOUR              0m06s      0m14s      +8s  ✅  jingle avant louange 01 place a la louange et adoration
11:30:14 BLOC_B_SERIE_DU_JOUR             25m20s     25m17s      -3s  ✅  pqe j1
11:55:31 BLOC_B_SERIE_DU_JOUR              0m07s      0m07s      +0s  ✅  jingle avant bible 02 voici la lecture de la bible
11:55:38 BLOC_B_SERIE_DU_JOUR              9m14s      9m12s      -2s  ✅  A jamais, tu seras l Agneau de Dieu
12:04:50 BLOC_C_SERIE_DU_JOUR             25m20s     25m20s      +0s  ✅  pqe j1
12:30:10 BLOC_C_SERIE_DU_JOUR              2m54s      2m49s      -5s  ✅  Malachie 1
12:32:59 BLOC_C_SERIE_DU_JOUR              3m17s      3m14s      -3s  ✅  Malachie 2
12:36:13 BLOC_C_SERIE_DU_JOUR              3m22s      3m19s      -3s  ✅  Malachie 3
12:39:32 BLOC_C_SERIE_DU_JOUR              1m05s      1m03s      -2s  ✅  Malachie 4
12:40:35 BLOC_C_SERIE_DU_JOUR              3m07s      3m04s      -3s  ✅  2 Chroniques 1
12:43:39 BLOC_C_SERIE_DU_JOUR              3m38s      3m36s      -2s  ✅  2 Chroniques 2
12:47:15 BLOC_C_SERIE_DU_JOUR              2m35s      2m33s      -2s  ✅  2 Chroniques 3
12:49:48 BLOC_C_SERIE_DU_JOUR              3m07s      3m04s      -3s  ✅  2 Chroniques 4
12:52:52 BLOC_C_SERIE_DU_JOUR              2m35s      2m32s      -3s  ✅  2 Chroniques 5
12:55:24 BLOC_C_SERIE_DU_JOUR              7m55s      7m53s      -2s  ✅  2 Chroniques 6
13:03:17 BLOC_C_SERIE_DU_JOUR              4m11s      4m09s      -2s  ✅  2 Chroniques 7
13:07:26 BLOC_C_SERIE_DU_JOUR              3m06s      3m03s      -3s  ✅  2 Chroniques 8
13:10:29 BLOC_C_SERIE_DU_JOUR              4m59s      4m57s      -2s  ✅  2 Chroniques 9
13:15:26 BLOC_C_SERIE_DU_JOUR              3m16s      3m13s      -3s  ✅  2 Chroniques 10
13:18:39 BLOC_C_SERIE_DU_JOUR              3m21s      3m19s      -2s  ✅  2 Chroniques 11
13:21:58 BLOC_C_SERIE_DU_JOUR              2m54s      2m52s      -2s  ✅  2 Chroniques 12
13:24:50 BLOC_C_SERIE_DU_JOUR              3m48s      3m45s      -3s  ✅  2 Chroniques 13
13:28:35 BLOC_C_SERIE_DU_JOUR              5m02s      5m00s      -2s  ✅  A Song Of Love
13:33:35 BLOC_C_SERIE_DU_JOUR              4m48s      4m46s      -2s  ✅  Yeshua I'm Waiting for You  - Ketu HF
13:38:21 BLOC_C_SERIE_DU_JOUR              5m33s      5m30s      -3s  ✅  He Shall Feed His Flock - I Want to walk  - Ketu HF
13:43:51 BLOC_C_SERIE_DU_JOUR              7m04s      7m01s      -3s  ✅  We Bless You Wonderful God  - Winnipeg Fellowship
13:50:52 BLOC_C_SERIE_DU_JOUR              4m33s      4m31s      -2s  ✅  God is Building - Will You Be - Ketu HF
13:55:23 BLOC_C_SERIE_DU_JOUR              5m13s      5m11s      -2s  ✅  Il s'appelait Emmanuel - Marcel Boungou + Paroles
14:00:34 BLOC_C_SERIE_DU_JOUR              8m18s      8m16s      -2s  ✅  Yahweh Is Mighty - SWBN TV
14:08:50 BLOC_C_SERIE_DU_JOUR              4m11s      4m08s      -3s  ✅  Cantique   Oh Éternel Dieu, Tu es le Dieu Incomparable
14:12:58 BLOC_C_SERIE_DU_JOUR              7m17s      7m16s      -1s  ✅  cantique  tes promesses  pub direct dec 2021 import (2)
14:20:14 BLOC_C_SERIE_DU_JOUR              0m06s      0m05s      -1s  ✅  jingle avant bible 01 la foi vient de ce quon entend
14:20:19 BLOC_C_SERIE_DU_JOUR              2m02s      2m00s      -2s  ✅  1 Samuel 31
14:22:19 BLOC_C_SERIE_DU_JOUR              3m05s      3m02s      -3s  ✅  Jérémie 1
14:25:21 BLOC_C_SERIE_DU_JOUR              6m29s      6m26s      -3s  ✅  Jérémie 2
14:31:47 BLOC_C_SERIE_DU_JOUR              4m58s      4m55s      -3s  ✅  Jérémie 3
14:36:42 BLOC_C_SERIE_DU_JOUR              5m24s      5m22s      -2s  ✅  Jérémie 4
14:42:04 BLOC_C_SERIE_DU_JOUR              5m11s      5m08s      -3s  ✅  Jérémie 5
14:47:12 BLOC_C_SERIE_DU_JOUR              5m03s      5m01s      -2s  ✅  Jérémie 6
14:52:13 BLOC_C_SERIE_DU_JOUR              6m13s      6m11s      -2s  ✅  Immortal God - Elohim Adonai - Abuja HF
14:58:24 BLOC_C_SERIE_DU_JOUR              8m21s      8m18s      -3s  ✅  My Heart Rejoices - Toronto HF
15:06:42 BLOC_C_SERIE_DU_JOUR              5m10s      5m08s      -2s  ✅  Igwe
15:11:50 BLOC_C_SERIE_DU_JOUR             11m01s     10m58s      -3s  ✅  Great is, Ascribe - Ketu HF
15:22:48 BLOC_C_SERIE_DU_JOUR              7m36s      7m34s      -2s  ✅  There Is No Lie - SWBN TV
15:30:22 BLOC_C_SERIE_DU_JOUR              3m04s      3m00s      -4s  ✅  The Lord is my Light and Salvation - Nonso Njoku
15:33:22 BLOC_C_SERIE_DU_JOUR              2m21s      2m19s      -2s  ✅  Nahum 1
15:35:41 BLOC_C_SERIE_DU_JOUR              2m04s      2m01s      -3s  ✅  Nahum 2
15:37:42 BLOC_C_SERIE_DU_JOUR              3m02s      3m00s      -2s  ✅  Nahum 3
15:40:42 BLOC_C_SERIE_DU_JOUR              5m20s      5m17s      -3s  ✅  Néhémie 13
15:45:59 BLOC_C_SERIE_DU_JOUR              3m00s      2m58s      -2s  ✅  Ruth 3
15:48:57 BLOC_C_SERIE_DU_JOUR              3m43s      3m41s      -2s  ✅  Ruth 4
15:52:38 BLOC_C_SERIE_DU_JOUR              8m04s      8m02s      -2s  ✅  Josué 10
16:00:40 BLOC_C_SERIE_DU_JOUR              4m09s      4m06s      -3s  ✅  Josué 11
16:04:46 BLOC_C_SERIE_DU_JOUR              3m18s      3m15s      -3s  ✅  Josué 12
16:08:01 BLOC_C_SERIE_DU_JOUR              5m11s      5m09s      -2s  ✅  Josué 13
16:13:10 BLOC_C_SERIE_DU_JOUR              2m53s      2m50s      -3s  ✅  Josué 14
16:16:00 BLOC_C_SERIE_DU_JOUR              8m10s      8m08s      -2s  ✅  Great and Marvellous - Ketu HF
16:24:08 BLOC_C_SERIE_DU_JOUR              5m43s      5m40s      -3s  ✅  Cantique l Éternel est mon Berger (1)
16:29:48 BLOC_C_SERIE_DU_JOUR              6m06s      6m03s      -3s  ✅  Good God - Asaba Fellowship
16:35:51 BLOC_C_SERIE_DU_JOUR              7m46s      7m44s      -2s  ✅  Arise Out of Zion  - Winnipeg Fellowship
16:43:35 BLOC_C_SERIE_DU_JOUR              4m21s      4m18s      -3s  ✅  Sing Hallelujah - Abuja HF
16:47:53 BLOC_C_SERIE_DU_JOUR             11m54s     11m52s      -2s  ✅  Great & Marvelluos - Toronto HF
16:59:45 BLOC_C_SERIE_DU_JOUR              8m37s      8m35s      -2s  ✅  He Has Given Me & Emmanuel You Joy Over Us (Medley) (Abasiama Timothy & Imah Adegoke)
17:08:20 BLOC_C_SERIE_DU_JOUR              4m14s      4m11s      -3s  ✅  Mon modèle, c est Jésus
17:12:31 BLOC_C_SERIE_DU_JOUR              6m45s      6m43s      -2s  ✅  Marc 9
17:19:14 BLOC_C_SERIE_DU_JOUR              7m16s      7m13s      -3s  ✅  Marc 10
17:26:27 BLOC_C_SERIE_DU_JOUR              4m42s      4m40s      -2s  ✅  Marc 11
17:31:07 BLOC_C_SERIE_DU_JOUR              6m02s      6m00s      -2s  ✅  Satisfy My Soul - Calabar HF
17:37:07 BLOC_C_SERIE_DU_JOUR              4m03s      4m00s      -3s  ✅  I Will Not Be Silent - Calabar HF
17:41:07 BLOC_C_SERIE_DU_JOUR              4m40s      4m37s      -3s  ✅  All in All - CHF
17:45:44 BLOC_C_SERIE_DU_JOUR              9m24s      9m22s      -2s  ✅  I See Your Face - Toronto HF
17:55:06 BLOC_C_SERIE_DU_JOUR              0m05s      0m17s     +12s  ⚠️ TROU APRÈS  jingle avant louange 04 suite de la selection musicale
17:55:23 BLOC_B_SERIE_DU_JOUR              0m06s      0m06s      +0s  ✅  jingle avant bible 01 la foi vient de ce quon entend
17:55:29 BLOC_C_SERIE_DU_JOUR             25m20s     25m18s      -2s  ✅  pqe j1
18:20:47 BLOC_C_SERIE_DU_JOUR              0m06s      0m11s      +5s  ✅  jingle avant louange 01 place a la louange et adoration
18:20:58 BLOC_D_SERIE_DU_JOUR              0m08s      0m09s      +1s  ✅  jingle avant message 02 enseignement parole de dieu
18:21:07 BLOC_D_SERIE_DU_JOUR             25m20s     25m17s      -3s  ✅  pqe j1
18:46:24 BLOC_D_SERIE_DU_JOUR              0m06s      0m06s      +0s  ✅  jingle avant bible 03 ecoutez la voix de dieu
18:46:30 BLOC_D_SERIE_DU_JOUR              3m55s      3m53s      -2s  ✅  2 Rois 1
18:50:23 BLOC_D_SERIE_DU_JOUR              4m52s      4m50s      -2s  ✅  2 Rois 2
18:55:13 BLOC_D_SERIE_DU_JOUR              4m43s      4m40s      -3s  ✅  2 Rois 3
18:59:53 BLOC_D_SERIE_DU_JOUR              7m47s      7m44s      -3s  ✅  2 Rois 4
19:07:37 BLOC_D_SERIE_DU_JOUR              6m03s      6m00s      -3s  ✅  2 Rois 5
19:13:37 BLOC_D_SERIE_DU_JOUR              5m42s      5m39s      -3s  ✅  2 Rois 6
19:19:16 BLOC_D_SERIE_DU_JOUR              4m28s      4m26s      -2s  ✅  2 Rois 7
19:23:42 BLOC_D_SERIE_DU_JOUR              5m34s      5m32s      -2s  ✅  2 Rois 8
19:29:14 BLOC_D_SERIE_DU_JOUR              7m22s      7m20s      -2s  ✅  2 Rois 9
19:36:34 BLOC_D_SERIE_DU_JOUR              6m58s      6m55s      -3s  ✅  2 Rois 10
19:43:29 BLOC_D_SERIE_DU_JOUR              0m06s      0m06s      +0s  ✅  jingle avant louange 01 place a la louange et adoration
19:43:35 BLOC_D_SERIE_DU_JOUR              8m30s      8m29s      -1s  ✅  We Worship Adonai - PHF
19:52:04 BLOC_D_SERIE_DU_JOUR              5m15s      5m12s      -3s  ✅  Yahweh Be Praised - Abuja HF
19:57:16 BLOC_D_SERIE_DU_JOUR              6m28s      6m26s      -2s  ✅  Le Bien-Etre Universel
20:03:42 BLOC_D_SERIE_DU_JOUR              4m04s      4m01s      -3s  ✅  Ascribe Greatness - PHF
20:07:43 BLOC_D_SERIE_DU_JOUR              7m21s      7m18s      -3s  ✅  For By My God - Toronto & Winnipeg HF
20:15:01 BLOC_D_SERIE_DU_JOUR              7m25s      7m22s      -3s  ✅  Victorious Is the Lamb - Winnipeg Fellowship
20:22:23 BLOC_D_SERIE_DU_JOUR             10m38s     10m36s      -2s  ✅  Be Exalted - PHF
20:32:59 BLOC_D_SERIE_DU_JOUR             10m24s     10m22s      -2s  ✅  Shine in Darkness O Lord  - Winnipeg Fellowship
20:43:21 BLOC_D_SERIE_DU_JOUR              0m07s      0m08s      +1s  ✅  jingle avant bible 02 voici la lecture de la bible
20:43:29 BLOC_D_SERIE_DU_JOUR              1m49s      1m47s      -2s  ✅  1 Thessaloniciens 1
20:45:16 BLOC_D_SERIE_DU_JOUR              3m29s      3m26s      -3s  ✅  1 Thessaloniciens 2
20:48:42 BLOC_D_SERIE_DU_JOUR              2m13s      2m10s      -3s  ✅  1 Thessaloniciens 3
20:50:52 BLOC_D_SERIE_DU_JOUR              3m03s      3m01s      -2s  ✅  1 Thessaloniciens 4
20:53:53 BLOC_D_SERIE_DU_JOUR              3m04s      3m01s      -3s  ✅  1 Thessaloniciens 5
20:56:54 BLOC_D_SERIE_DU_JOUR              4m32s      4m29s      -3s  ✅  Actes 22
21:01:23 BLOC_D_SERIE_DU_JOUR              5m29s      5m27s      -2s  ✅  Actes 23
21:06:50 BLOC_D_SERIE_DU_JOUR              4m04s      4m02s      -2s  ✅  Actes 24
21:10:52 BLOC_D_SERIE_DU_JOUR              4m32s      4m29s      -3s  ✅  Actes 25
21:15:21 BLOC_D_SERIE_DU_JOUR              0m07s      0m08s      +1s  ✅  jingle avant louange 02 voici notre selection de cantiques
21:15:29 BLOC_D_SERIE_DU_JOUR              6m19s      6m16s      -3s  ✅  Unto Him - CHF
21:21:45 BLOC_D_SERIE_DU_JOUR              5m50s      5m48s      -2s  ✅  Jesus I'm Waiting for You (Mary Umoh)
21:27:33 BLOC_D_SERIE_DU_JOUR              5m45s      5m42s      -3s  ✅  Ella Samuels - Oh Lord Our Maker
21:33:15 BLOC_D_SERIE_DU_JOUR              7m57s      7m55s      -2s  ✅  Yahweh is Mighty (Imah Adegoke)
21:41:10 BLOC_D_SERIE_DU_JOUR              5m45s      5m42s      -3s  ✅  How Precious Oh Lord
21:46:52 BLOC_D_SERIE_DU_JOUR              6m54s      6m52s      -2s  ✅  There is no Lie (Imah Adegoke & Mary Umoh)
21:53:44 BLOC_D_SERIE_DU_JOUR              7m20s      7m18s      -2s  ✅  The Glory -  PHF
22:01:02 BLOC_D_SERIE_DU_JOUR              6m57s      6m54s      -3s  ✅  qui est digne d ouvrir le livre
22:07:56 BLOC_D_SERIE_DU_JOUR              5m07s      5m11s      +4s  ✅  We Shall Come - Asaba Fellowship
22:13:07 BLOC_D_SERIE_DU_JOUR              2m25s      2m22s      -3s  ✅  Cantique des Cantiques 1
22:15:29 BLOC_D_SERIE_DU_JOUR              2m32s      2m30s      -2s  ✅  Cantique des Cantiques 2
22:17:59 BLOC_D_SERIE_DU_JOUR              1m53s      1m51s      -2s  ✅  Cantique des Cantiques 3
22:19:50 BLOC_D_SERIE_DU_JOUR              2m50s      2m47s      -3s  ✅  Cantique des Cantiques 4
22:22:37 BLOC_D_SERIE_DU_JOUR              2m54s      2m52s      -2s  ✅  Cantique des Cantiques 5
22:25:29 BLOC_D_SERIE_DU_JOUR              2m06s      2m03s      -3s  ✅  Cantique des Cantiques 6
22:27:32 BLOC_D_SERIE_DU_JOUR              1m57s      1m54s      -3s  ✅  Cantique des Cantiques 7
22:29:26 BLOC_D_SERIE_DU_JOUR              2m29s      2m26s      -3s  ✅  Cantique des Cantiques 8
22:31:52 BLOC_D_SERIE_DU_JOUR              3m57s      3m54s      -3s  ✅  Jacques 1
22:35:46 BLOC_D_SERIE_DU_JOUR              3m51s      3m49s      -2s  ✅  Jacques 2
22:39:35 BLOC_D_SERIE_DU_JOUR              2m56s      2m53s      -3s  ✅  Jacques 3
22:42:28 BLOC_D_SERIE_DU_JOUR              2m47s      2m45s      -2s  ✅  Jacques 4
22:45:13 BLOC_D_SERIE_DU_JOUR              3m28s      3m24s      -4s  ✅  Jacques 5
22:48:37 BLOC_D_SERIE_DU_JOUR              3m51s      3m49s      -2s  ✅  Deutéronome 6
22:52:26 BLOC_D_SERIE_DU_JOUR              5m08s      5m11s      +3s  ✅  Deutéronome 7
22:57:37 BLOC_D_SERIE_DU_JOUR              7m09s      7m07s      -2s  ✅  You're the Lamb (Abasiama Timothy)
23:04:44 BLOC_D_SERIE_DU_JOUR              4m52s      4m50s      -2s  ✅  cantique   prends tout le contrôle
23:09:34 BLOC_D_SERIE_DU_JOUR              6m04s      6m02s      -2s  ✅  Sing Unto the Lord a new Song  - Winnipeg Fellowship
23:15:36 BLOC_D_SERIE_DU_JOUR              2m20s      2m17s      -3s  ✅  cantique  heureux l homme qui ne marche pas selon
23:17:53 BLOC_D_SERIE_DU_JOUR              6m15s      6m13s      -2s  ✅  Oh Lord I Want to Know Your Glory - Port Harcourt HF
23:24:06 BLOC_D_SERIE_DU_JOUR              3m24s      3m21s      -3s  ✅  Cantique sa miséricorde
23:27:27 BLOC_D_SERIE_DU_JOUR              5m19s      5m17s      -2s  ✅  Gabrielle LIDJI - Mélodie Céleste  by LFXA(Light FX Animation)_2
23:32:44 BLOC_D_SERIE_DU_JOUR              5m21s      5m18s      -3s  ✅  By the word of the lord - Ketu HF
23:38:02 BLOC_D_SERIE_DU_JOUR              9m38s      9m36s      -2s  ✅  Holy are You oh Lord (Olaedo Uzoma & Vincent Opara)
23:47:38 BLOC_D_SERIE_DU_JOUR              0m10s      0m10s      +0s  ✅  jingle avant message 01 voici le message du jour
23:47:48 BLOC_D_SERIE_DU_JOUR             26m25s          ?           ⏳ dernier titre (durée réelle inconnue)  pqe j2
----------------------------------------------------------------------------------------------------
Bilan : 290 titres, 2 anomalie(s) (titre coupé de plus de 10s ou trou d'antenne).

====================================================================================================
RÉEL vs PRÉVU — ce qui a joué vs ce que le plan prévoyait
====================================================================================================
----------------------------------------------------------------------------------------------------
BLOC_A  (00:00-06:00)  prévus  85 · joués  70 · conformité  67% · sautés 28 · en trop 13
   ⏭️  PRÉVU NON JOUÉ : jingle avant message 01 voici le message du jour · PQE J 1 · jingle avant bible 03 ecoutez la voix de dieu · Aggée 1 · Aggée 2 · jingle avant louange 02 voici notre selection de cantiques  …(+22)
   ➕  JOUÉ NON PRÉVU : pqe j1 · 10 minutes · jingle avant bible 01 la foi vient de ce quon entend · Guide Me - El ELyon - Abuja HF · Now is Come Salvation - Toronto HF · Praise the Lord All Ye Nations - Toronto HF  …(+7)
----------------------------------------------------------------------------------------------------
BLOC_B  (06:00-12:00)  prévus  92 · joués  81 · conformité  71% · sautés 27 · en trop 16
   ⏭️  PRÉVU NON JOUÉ : jingle avant message 02 enseignement parole de dieu · PQE J 1 · jingle avant bible 01 la foi vient de ce quon entend · jingle avant louange 04 suite de la selection musicale · The King is Here (Abasiama Timothy) · There's A Mighty River Flowing - SWBN TV  …(+21)
   ➕  JOUÉ NON PRÉVU : pqe j1 · 1 Jean 1 · You Have sworn By Your Holiness - Chidera Bisong · Ses cheveux étaient blancs.. · 6 minutes · 4 minutes  …(+10)
----------------------------------------------------------------------------------------------------
BLOC_C  (12:00-18:00)  prévus  79 · joués  70 · conformité  84% · sautés 13 · en trop  4
   ⏭️  PRÉVU NON JOUÉ : jingle avant message 01 voici le message du jour · PQE J 1 · jingle avant bible 05 poursuivons notre lecture · jingle avant louange 03 continuons dans la louange · The Lord on High is Mightier - Toronto HF · jingle avant louange 02 voici notre selection de cantiques  …(+7)
   ➕  JOUÉ NON PRÉVU : pqe j1 · jingle avant louange 04 suite de la selection musicale · jingle avant bible 01 la foi vient de ce quon entend · pqe j1
----------------------------------------------------------------------------------------------------
BLOC_D  (18:00-24:00)  prévus  81 · joués  69 · conformité  80% · sautés 16 · en trop  4
   ⏭️  PRÉVU NON JOUÉ : PQE J 1 · jingle avant bible 01 la foi vient de ce quon entend · jingle avant louange 04 suite de la selection musicale · El Elyon - Toronto & Winnipeg HF · jingle avant bible 05 poursuivons notre lecture · Philémon 1  …(+10)
   ➕  JOUÉ NON PRÉVU : jingle avant louange 01 place a la louange et adoration · pqe j1 · jingle avant message 01 voici le message du jour · pqe j2
----------------------------------------------------------------------------------------------------
CONFORMITÉ GLOBALE : 253/337 titres prévus joués dans l'ordre = 75%  (37 titre(s) hors plan)
