====================================================================================================
MONITEUR RADIO — 2026-09-06 (synthèse des 3 rapports + plan, heures UTC)
====================================================================================================
État : ❌ incident(s) détecté(s)  ·  diffusion : 2 coupure(s)/trou(s), 0 double(s) message  ·  serveur : 102 incident(s)
SERVEUR (liquidsoap_events) :
   00:01:31  🔇 bascule sur jingle d'erreur (silence potentiel)  (×3)
   23:32:38  🌐 échec réseau AzuraCast/Liquidsoap  (×99)
RESET MINUIT : restart confirmé vers 00:02:09 · 3 contrôle(s) · ⚠️ doublon vu dans la file
INCIDENTS CORRÉLÉS (anomalie de diffusion ↔ cause serveur probable) :
   00:01:37  TROU 107s « jingle avant message 01 voici le message du jour »
          ↳ cause probable 00:01:31 : 🔇 bascule sur jingle d'erreur (silence potentiel)
   23:49:36  TROU 70s « Abba, Singing a, I Will Sing - Ketu HF »
          ↳ aucune cause serveur à proximité (voir CONTRÔLES APPROFONDIS et RÉEL vs PRÉVU ci-dessous)
(Détail titre par titre, contrôles approfondis et RÉEL vs PRÉVU ci-dessous.)
Rapport de diffusion — 2026-09-06 (heures UTC)
320 titres joués | tolérance ±10s
====================================================================================================
HEURE    PLAYLIST                     FICHIER          RÉEL    ÉCART  STATUT  TITRE
----------------------------------------------------------------------------------------------------
00:01:37 BLOC_A_SERIE_DU_JOUR              0m10s      1m57s    +107s  ⚠️ TROU APRÈS  jingle avant message 01 voici le message du jour
00:03:34 BLOC_A_SERIE_DU_JOUR             10m14s     10m11s      -3s  ✅  La pardon
00:13:45 BLOC_A_SERIE_DU_JOUR              0m09s      0m07s      -2s  ✅  jingle avant bible 08 prenons un moment pour ecouter la parole
00:13:52 BLOC_A_SERIE_DU_JOUR              5m27s      5m25s      -2s  ✅  Ésaïe 66
00:19:17 BLOC_A_SERIE_DU_JOUR              3m34s      3m32s      -2s  ✅  Zacharie 1
00:22:49 BLOC_A_SERIE_DU_JOUR              1m51s      1m48s      -3s  ✅  Zacharie 2
00:24:37 BLOC_A_SERIE_DU_JOUR              1m46s      1m43s      -3s  ✅  Zacharie 3
00:26:20 BLOC_A_SERIE_DU_JOUR              2m06s      2m04s      -2s  ✅  Zacharie 4
00:28:24 BLOC_A_SERIE_DU_JOUR              1m38s      1m36s      -2s  ✅  Zacharie 5
00:30:00 BLOC_A_SERIE_DU_JOUR              2m22s      2m19s      -3s  ✅  Zacharie 6
00:32:19 BLOC_A_SERIE_DU_JOUR              2m07s      2m05s      -2s  ✅  Zacharie 7
00:34:24 BLOC_A_SERIE_DU_JOUR              3m51s      3m48s      -3s  ✅  Zacharie 8
00:38:12 BLOC_A_SERIE_DU_JOUR              3m12s      3m10s      -2s  ✅  Zacharie 9
00:41:22 BLOC_A_SERIE_DU_JOUR              2m13s      2m10s      -3s  ✅  Zacharie 10
00:43:32 BLOC_A_SERIE_DU_JOUR              2m53s      2m51s      -2s  ✅  Zacharie 11
00:46:23 BLOC_A_SERIE_DU_JOUR              2m38s      2m35s      -3s  ✅  Zacharie 12
00:48:58 BLOC_A_SERIE_DU_JOUR              1m43s      1m41s      -2s  ✅  Zacharie 13
00:50:39 BLOC_A_SERIE_DU_JOUR              4m06s      4m03s      -3s  ✅  Zacharie 14
00:54:42 BLOC_A_SERIE_DU_JOUR              6m19s      6m17s      -2s  ✅  2 Samuel 18
01:00:59 BLOC_A_SERIE_DU_JOUR              8m00s      7m57s      -3s  ✅  2 Samuel 19
01:08:56 BLOC_A_SERIE_DU_JOUR              4m59s      4m56s      -3s  ✅  2 Samuel 20
01:13:52 BLOC_A_SERIE_DU_JOUR              0m10s      0m08s      -2s  ✅  jingle avant louange 06 que la louange seleve
01:14:00 BLOC_A_SERIE_DU_JOUR              4m08s      4m05s      -3s  ✅  I Choose the Way of the Lord - Abuja HF
01:18:05 BLOC_A_SERIE_DU_JOUR             10m35s     10m33s      -2s  ✅  Baruch Ha'ba B'Shem Adonai/Blessed Is He Who Comes in the Name of the Lord - Port Harcourt HF
01:28:38 BLOC_A_SERIE_DU_JOUR              6m15s      6m13s      -2s  ✅  Oh Lord I Want to Know Your Glory - Port Harcourt HF
01:34:51 BLOC_A_SERIE_DU_JOUR              4m44s      4m42s      -2s  ✅  Je veux vivre ton royaume
01:39:33 BLOC_A_SERIE_DU_JOUR              7m09s      7m06s      -3s  ✅  There is A Mighty River Flowing - Ketu HF
01:46:39 BLOC_A_SERIE_DU_JOUR              2m57s      2m55s      -2s  ✅  You Are the Captain of the Host - Toronto HF
01:49:34 BLOC_A_SERIE_DU_JOUR              6m13s      6m10s      -3s  ✅  Immortal God - Elohim Adonai - Abuja HF
01:55:44 BLOC_A_SERIE_DU_JOUR              8m21s      8m19s      -2s  ✅  In the Day of Your Power  - Winnipeg Fellowship
02:04:03 BLOC_A_SERIE_DU_JOUR              8m41s      8m38s      -3s  ✅  Unto Him (Vincent Opara)
02:12:41 BLOC_A_SERIE_DU_JOUR              0m13s      0m11s      -2s  ✅  jingle avant bible 07 place a la lecture de la bible
02:12:52 BLOC_A_SERIE_DU_JOUR              5m22s      5m20s      -2s  ✅  Actes 20
02:18:12 BLOC_A_SERIE_DU_JOUR              6m34s      6m31s      -3s  ✅  Actes 21
02:24:43 BLOC_A_SERIE_DU_JOUR              4m32s      4m30s      -2s  ✅  Actes 22
02:29:13 BLOC_A_SERIE_DU_JOUR              5m29s      5m26s      -3s  ✅  Actes 23
02:34:39 BLOC_A_SERIE_DU_JOUR              4m04s      4m02s      -2s  ✅  Actes 24
02:38:41 BLOC_A_SERIE_DU_JOUR              4m32s      4m29s      -3s  ✅  Actes 25
02:43:10 BLOC_A_SERIE_DU_JOUR              0m13s      0m10s      -3s  ✅  jingle avant louange 07 voici un temps de louange
02:43:20 BLOC_A_SERIE_DU_JOUR              8m58s      8m55s      -3s  ✅  El Elyon - Toronto & Winnipeg HF
02:52:15 BLOC_A_SERIE_DU_JOUR             10m47s     10m45s      -2s  ✅  Abba, Singing a, I Will Sing - Ketu HF
03:03:00 BLOC_A_SERIE_DU_JOUR              5m50s      5m47s      -3s  ✅  Jesus I'm Waiting for You (Mary Umoh)
03:08:47 BLOC_A_SERIE_DU_JOUR              4m14s      4m12s      -2s  ✅  Mon modèle, c est Jésus
03:12:59 BLOC_A_SERIE_DU_JOUR              6m30s      6m27s      -3s  ✅  Praise the Lord of Host - Toronto HF
03:19:26 BLOC_A_SERIE_DU_JOUR             10m25s     10m23s      -2s  ✅  Holy Are You - PHF
03:29:49 BLOC_A_SERIE_DU_JOUR              6m06s      6m04s      -2s  ✅  cantique  ta bonte
03:35:53 BLOC_A_SERIE_DU_JOUR              5m22s      5m20s      -2s  ✅  God's Got An Army - PHF
03:41:13 BLOC_A_SERIE_DU_JOUR              8m22s      8m19s      -3s  ✅  Yeshua Hamashiach - Calabar HF
03:49:32 BLOC_A_SERIE_DU_JOUR              0m10s      0m08s      -2s  ✅  jingle avant bible 06 ouvrons les saintes ecritures
03:49:40 BLOC_A_SERIE_DU_JOUR              2m59s      2m57s      -2s  ✅  Philémon 1
03:52:37 BLOC_A_SERIE_DU_JOUR              2m47s      2m44s      -3s  ✅  Lévitique 1
03:55:21 BLOC_A_SERIE_DU_JOUR              2m33s      2m30s      -3s  ✅  Lévitique 2
03:57:51 BLOC_A_SERIE_DU_JOUR              2m41s      2m39s      -2s  ✅  Lévitique 3
04:00:30 BLOC_A_SERIE_DU_JOUR              6m13s      6m10s      -3s  ✅  Lévitique 4
04:06:40 BLOC_A_SERIE_DU_JOUR              3m52s      3m50s      -2s  ✅  Lévitique 5
04:10:30 BLOC_A_SERIE_DU_JOUR              4m38s      4m35s      -3s  ✅  Lévitique 6
04:15:05 BLOC_A_SERIE_DU_JOUR              5m30s      5m27s      -3s  ✅  Lévitique 7
04:20:32 BLOC_A_SERIE_DU_JOUR              5m25s      5m22s      -3s  ✅  Lévitique 8
04:25:54 BLOC_A_SERIE_DU_JOUR              3m36s      3m33s      -3s  ✅  Lévitique 9
04:29:27 BLOC_A_SERIE_DU_JOUR              4m02s      4m00s      -2s  ✅  Lévitique 10
04:33:27 BLOC_A_SERIE_DU_JOUR              0m11s      0m09s      -2s  ✅  jingle avant louange 05 elevons nos coeurs vers dieu
04:33:36 BLOC_A_SERIE_DU_JOUR              8m31s      8m28s      -3s  ✅  Holy Holy - Abuja HF
04:42:04 BLOC_A_SERIE_DU_JOUR              7m17s      7m15s      -2s  ✅  cantique  tes promesses  pub direct dec 2021 import (2)
04:49:19 BLOC_A_SERIE_DU_JOUR              5m13s      5m11s      -2s  ✅  Il s'appelait Emmanuel - Marcel Boungou + Paroles
04:54:30 BLOC_A_SERIE_DU_JOUR              3m12s      3m10s      -2s  ✅  esprit de dieu
04:57:40 BLOC_A_SERIE_DU_JOUR              5m47s      5m44s      -3s  ✅  We Ascribe Greatness - Abuja HF
05:03:24 BLOC_A_SERIE_DU_JOUR              5m04s      5m02s      -2s  ✅  I Enter The Holy of Holies - Port Harcourt HF
05:08:26 BLOC_A_SERIE_DU_JOUR              6m06s      6m04s      -2s  ✅  Good God - Asaba Fellowship
05:14:30 BLOC_A_SERIE_DU_JOUR              7m46s      7m43s      -3s  ✅  Arise Out of Zion  - Winnipeg Fellowship
05:22:13 BLOC_A_SERIE_DU_JOUR              5m28s      5m26s      -2s  ✅  même humilié
05:27:39 BLOC_A_SERIE_DU_JOUR              5m33s      5m30s      -3s  ✅  He Shall Feed His Flock - I Want to walk  - Ketu HF
05:33:09 BLOC_A_SERIE_DU_JOUR              0m09s      0m10s      +1s  ✅  jingle id station 02 radio evangile du royaume
05:33:19 BLOC_A_SERIE_DU_JOUR              6m21s      6m18s      -3s  ✅  Esdras 10
05:39:37 BLOC_A_SERIE_DU_JOUR              2m54s      2m51s      -3s  ✅  Malachie 1
05:42:28 BLOC_A_SERIE_DU_JOUR              3m17s      3m14s      -3s  ✅  Malachie 2
05:45:42 BLOC_A_SERIE_DU_JOUR              3m22s      3m19s      -3s  ✅  Malachie 3
05:49:01 BLOC_A_SERIE_DU_JOUR              1m05s      1m03s      -2s  ✅  Malachie 4
05:50:04 BLOC_A_SERIE_DU_JOUR              2m05s      2m02s      -3s  ✅  3 Jean 1
05:52:06 BLOC_A_SERIE_DU_JOUR              3m20s      3m18s      -2s  ✅  Josué 1
05:55:24 BLOC_A_SERIE_DU_JOUR              0m09s      0m10s      +1s  ✅  JINGLE
05:55:34 BLOC_A_SERIE_DU_JOUR              6m07s      6m04s      -3s  ✅  There Is Forgiveness In Thee - SWBN TV
06:01:38 BLOC_B_SERIE_DU_JOUR              0m10s      0m11s      +1s  ✅  jingle avant message 01 voici le message du jour
06:01:49 BLOC_B_SERIE_DU_JOUR             10m14s     10m11s      -3s  ✅  La pardon
06:12:00 BLOC_B_SERIE_DU_JOUR              0m09s      0m07s      -2s  ✅  jingle avant bible 08 prenons un moment pour ecouter la parole
06:12:07 BLOC_B_SERIE_DU_JOUR              2m43s      2m40s      -3s  ✅  Aggée 1
06:14:47 BLOC_B_SERIE_DU_JOUR              3m58s      3m56s      -2s  ✅  Aggée 2
06:18:43 BLOC_B_SERIE_DU_JOUR              3m16s      3m13s      -3s  ✅  1 Timothée 1
06:21:56 BLOC_B_SERIE_DU_JOUR              2m10s      2m07s      -3s  ✅  1 Timothée 2
06:24:03 BLOC_B_SERIE_DU_JOUR              2m24s      2m22s      -2s  ✅  1 Timothée 3
06:26:25 BLOC_B_SERIE_DU_JOUR              2m29s      2m27s      -2s  ✅  1 Timothée 4
06:28:52 BLOC_B_SERIE_DU_JOUR              3m45s      3m42s      -3s  ✅  1 Timothée 5
06:32:34 BLOC_B_SERIE_DU_JOUR              3m53s      3m50s      -3s  ✅  1 Timothée 6
06:36:24 BLOC_B_SERIE_DU_JOUR              4m47s      4m45s      -2s  ✅  1 Rois 9
06:41:09 BLOC_B_SERIE_DU_JOUR              4m43s      4m40s      -3s  ✅  1 Rois 10
06:45:49 BLOC_B_SERIE_DU_JOUR              7m33s      7m30s      -3s  ✅  1 Rois 11
06:53:19 BLOC_B_SERIE_DU_JOUR              6m03s      6m01s      -2s  ✅  1 Rois 12
06:59:20 BLOC_B_SERIE_DU_JOUR              6m36s      6m34s      -2s  ✅  1 Rois 13
07:05:54 BLOC_B_SERIE_DU_JOUR              5m55s      5m52s      -3s  ✅  1 Rois 14
07:11:46 BLOC_B_SERIE_DU_JOUR              0m11s      0m08s      -3s  ✅  jingle avant louange 05 elevons nos coeurs vers dieu
07:11:54 BLOC_B_SERIE_DU_JOUR              7m51s      7m49s      -2s  ✅  There is no name  - Winnipeg Fellowship
07:19:43 BLOC_B_SERIE_DU_JOUR              6m09s      6m06s      -3s  ✅  Hymne des vainqueurs
07:25:49 BLOC_B_SERIE_DU_JOUR              6m04s      6m02s      -2s  ✅  Sing Unto the Lord a new Song  - Winnipeg Fellowship
07:31:51 BLOC_B_SERIE_DU_JOUR              6m12s      6m10s      -2s  ✅  The King is Here (Abasiama Timothy)
07:38:01 BLOC_B_SERIE_DU_JOUR              5m15s      5m13s      -2s  ✅  Yahweh Be Praised - Abuja HF
07:43:14 BLOC_B_SERIE_DU_JOUR              4m33s      4m30s      -3s  ✅  God is Building - Will You Be - Ketu HF
07:47:44 BLOC_B_SERIE_DU_JOUR             10m38s     10m36s      -2s  ✅  Be Exalted - PHF
07:58:20 BLOC_B_SERIE_DU_JOUR              9m39s      9m37s      -2s  ✅  Psalm 93 - Port Harcourt HF
08:07:57 BLOC_B_SERIE_DU_JOUR              5m04s      5m01s      -3s  ✅  Guide Me - El ELyon - Abuja HF
08:12:58 BLOC_B_SERIE_DU_JOUR              0m10s      0m09s      -1s  ✅  jingle avant bible 06 ouvrons les saintes ecritures
08:13:07 BLOC_B_SERIE_DU_JOUR              2m21s      2m18s      -3s  ✅  Nahum 1
08:15:25 BLOC_B_SERIE_DU_JOUR              2m04s      2m01s      -3s  ✅  Nahum 2
08:17:26 BLOC_B_SERIE_DU_JOUR              3m02s      3m00s      -2s  ✅  Nahum 3
08:20:26 BLOC_B_SERIE_DU_JOUR              3m13s      3m11s      -2s  ✅  1 Pierre 4
08:23:37 BLOC_B_SERIE_DU_JOUR              2m15s      2m12s      -3s  ✅  1 Pierre 5
08:25:49 BLOC_B_SERIE_DU_JOUR              2m25s      2m23s      -2s  ✅  Cantique des Cantiques 1
08:28:12 BLOC_B_SERIE_DU_JOUR              2m32s      2m30s      -2s  ✅  Cantique des Cantiques 2
08:30:42 BLOC_B_SERIE_DU_JOUR              1m53s      1m51s      -2s  ✅  Cantique des Cantiques 3
08:32:33 BLOC_B_SERIE_DU_JOUR              2m50s      2m47s      -3s  ✅  Cantique des Cantiques 4
08:35:20 BLOC_B_SERIE_DU_JOUR              2m54s      2m51s      -3s  ✅  Cantique des Cantiques 5
08:38:11 BLOC_B_SERIE_DU_JOUR              2m06s      2m04s      -2s  ✅  Cantique des Cantiques 6
08:40:15 BLOC_B_SERIE_DU_JOUR              1m57s      1m54s      -3s  ✅  Cantique des Cantiques 7
08:42:09 BLOC_B_SERIE_DU_JOUR              0m13s      0m10s      -3s  ✅  jingle avant louange 07 voici un temps de louange
08:42:19 BLOC_B_SERIE_DU_JOUR              5m45s      5m42s      -3s  ✅  Ella Samuels - Oh Lord Our Maker
08:48:01 BLOC_B_SERIE_DU_JOUR              9m14s      9m12s      -2s  ✅  A jamais, tu seras l Agneau de Dieu
08:57:13 BLOC_B_SERIE_DU_JOUR              6m02s      6m00s      -2s  ✅  Satisfy My Soul - Calabar HF
09:03:13 BLOC_B_SERIE_DU_JOUR              6m59s      6m57s      -2s  ✅  Hosanna - Toronto HF
09:10:10 BLOC_B_SERIE_DU_JOUR              3m04s      3m01s      -3s  ✅  The Lord is my Light and Salvation - Nonso Njoku
09:13:11 BLOC_B_SERIE_DU_JOUR              5m57s      5m54s      -3s  ✅  You are God - Winnipeg Fellowship
09:19:05 BLOC_B_SERIE_DU_JOUR              4m13s      4m10s      -3s  ✅  4 minutes
09:23:15 BLOC_B_SERIE_DU_JOUR              6m02s      5m59s      -3s  ✅  Crown Him Lord of Lords - Nonso Njoku
09:29:14 BLOC_B_SERIE_DU_JOUR              9m23s      9m21s      -2s  ✅  10 minutes
09:38:35 BLOC_B_SERIE_DU_JOUR              8m25s      8m22s      -3s  ✅  The Mountains, Come and, Oh City - Ketu HF
09:46:57 BLOC_B_SERIE_DU_JOUR              0m13s      0m11s      -2s  ✅  jingle avant bible 07 place a la lecture de la bible
09:47:08 BLOC_B_SERIE_DU_JOUR              3m26s      3m23s      -3s  ✅  Abdias 1
09:50:31 BLOC_B_SERIE_DU_JOUR              5m51s      5m49s      -2s  ✅  Jean 1
09:56:20 BLOC_B_SERIE_DU_JOUR              2m52s      2m50s      -2s  ✅  Jean 2
09:59:10 BLOC_B_SERIE_DU_JOUR              4m30s      4m27s      -3s  ✅  Jean 3
10:03:37 BLOC_B_SERIE_DU_JOUR              6m42s      6m40s      -2s  ✅  Jean 4
10:10:17 BLOC_B_SERIE_DU_JOUR              5m23s      5m20s      -3s  ✅  Jean 5
10:15:37 BLOC_B_SERIE_DU_JOUR              8m24s      8m21s      -3s  ✅  Jean 6
10:23:58 BLOC_B_SERIE_DU_JOUR              6m07s      6m05s      -2s  ✅  Jean 7
10:30:03 BLOC_B_SERIE_DU_JOUR              7m26s      7m23s      -3s  ✅  Jean 8
10:37:26 BLOC_B_SERIE_DU_JOUR              0m10s      0m08s      -2s  ✅  jingle avant louange 06 que la louange seleve
10:37:34 BLOC_B_SERIE_DU_JOUR              4m03s      4m01s      -2s  ✅  I Will Not Be Silent - Calabar HF
10:41:35 BLOC_B_SERIE_DU_JOUR              6m12s      6m09s      -3s  ✅  Praise the Lord All Ye Nations - Toronto HF
10:47:44 BLOC_B_SERIE_DU_JOUR              7m25s      7m24s      -1s  ✅  Victorious Is the Lamb - Winnipeg Fellowship
10:55:08 BLOC_B_SERIE_DU_JOUR              9m43s      9m39s      -4s  ✅  Thy Throne Oh Lord - Ketu HF
11:04:47 BLOC_B_SERIE_DU_JOUR              9m38s      9m35s      -3s  ✅  Holy are You oh Lord (Olaedo Uzoma & Vincent Opara)
11:14:22 BLOC_B_SERIE_DU_JOUR              4m11s      4m08s      -3s  ✅  jai donné ma vie à jésus (1)
11:18:30 BLOC_B_SERIE_DU_JOUR              4m11s      4m09s      -2s  ✅  Cantique   Oh Éternel Dieu, Tu es le Dieu Incomparable
11:22:39 BLOC_B_SERIE_DU_JOUR              6m54s      6m51s      -3s  ✅  There is no Lie (Imah Adegoke & Mary Umoh)
11:29:30 BLOC_B_SERIE_DU_JOUR              5m07s      5m04s      -3s  ✅  We Shall Come - Asaba Fellowship
11:34:34 BLOC_B_SERIE_DU_JOUR              7m20s      7m18s      -2s  ✅  The Glory -  PHF
11:41:52 BLOC_B_SERIE_DU_JOUR              0m09s      0m09s      +0s  ✅  jingle id station 01 la bonne nouvelle partout
11:42:01 BLOC_B_SERIE_DU_JOUR              3m17s      3m15s      -2s  ✅  Galates 1
11:45:16 BLOC_B_SERIE_DU_JOUR              4m08s      4m06s      -2s  ✅  Galates 2
11:49:22 BLOC_B_SERIE_DU_JOUR              4m50s      4m47s      -3s  ✅  Galates 3
11:54:09 BLOC_B_SERIE_DU_JOUR              4m30s      4m28s      -2s  ✅  Galates 4
11:58:37 BLOC_B_SERIE_DU_JOUR              4m04s      4m02s      -2s  ✅  Galates 5
12:02:39 BLOC_C_SERIE_DU_JOUR              0m09s      0m06s      -3s  ✅  jingle avant message 03 vous ecoutez parole prophetique fm
12:02:45 BLOC_C_SERIE_DU_JOUR             10m14s     10m11s      -3s  ✅  La pardon
12:12:56 BLOC_C_SERIE_DU_JOUR              0m13s      0m12s      -1s  ✅  jingle avant bible 07 place a la lecture de la bible
12:13:08 BLOC_C_SERIE_DU_JOUR              3m55s      3m51s      -4s  ✅  2 Rois 1
12:16:59 BLOC_C_SERIE_DU_JOUR              4m52s      4m50s      -2s  ✅  2 Rois 2
12:21:49 BLOC_C_SERIE_DU_JOUR              4m43s      4m40s      -3s  ✅  2 Rois 3
12:26:29 BLOC_C_SERIE_DU_JOUR              7m47s      7m45s      -2s  ✅  2 Rois 4
12:34:14 BLOC_C_SERIE_DU_JOUR              6m03s      6m00s      -3s  ✅  2 Rois 5
12:40:14 BLOC_C_SERIE_DU_JOUR              5m42s      5m39s      -3s  ✅  2 Rois 6
12:45:53 BLOC_C_SERIE_DU_JOUR              4m28s      4m26s      -2s  ✅  2 Rois 7
12:50:19 BLOC_C_SERIE_DU_JOUR              5m34s      5m32s      -2s  ✅  2 Rois 8
12:55:51 BLOC_C_SERIE_DU_JOUR              7m22s      7m20s      -2s  ✅  2 Rois 9
13:03:11 BLOC_C_SERIE_DU_JOUR              6m58s      6m56s      -2s  ✅  2 Rois 10
13:10:07 BLOC_C_SERIE_DU_JOUR              4m05s      4m02s      -3s  ✅  2 Rois 11
13:14:09 BLOC_C_SERIE_DU_JOUR              0m13s      0m10s      -3s  ✅  jingle avant louange 07 voici un temps de louange
13:14:19 BLOC_C_SERIE_DU_JOUR              3m24s      3m21s      -3s  ✅  Cantique sa miséricorde
13:17:40 BLOC_C_SERIE_DU_JOUR              4m19s      4m16s      -3s  ✅  I Know The Blood - PHF
13:21:56 BLOC_C_SERIE_DU_JOUR              3m10s      3m07s      -3s  ✅  la Parole
13:25:03 BLOC_C_SERIE_DU_JOUR              2m16s      2m13s      -3s  ✅  cantique  nous sommes le sel de la terre
13:27:16 BLOC_C_SERIE_DU_JOUR              6m19s      6m17s      -2s  ✅  Unto Him - CHF
13:33:33 BLOC_C_SERIE_DU_JOUR              6m35s      6m33s      -2s  ✅  cantique   ta lumière
13:40:06 BLOC_C_SERIE_DU_JOUR              8m21s      8m18s      -3s  ✅  My Heart Rejoices - Toronto HF
13:48:24 BLOC_C_SERIE_DU_JOUR              7m36s      7m33s      -3s  ✅  There Is No Lie - SWBN TV
13:55:57 BLOC_C_SERIE_DU_JOUR              5m02s      5m01s      -1s  ✅  A Song Of Love
14:00:58 BLOC_C_SERIE_DU_JOUR              4m52s      4m49s      -3s  ✅  God is Moving Us On - Ketu HF
14:05:47 BLOC_C_SERIE_DU_JOUR              7m37s      7m34s      -3s  ✅  Cantiques  Il a pris mes iniquités
14:13:21 BLOC_C_SERIE_DU_JOUR              0m10s      0m08s      -2s  ✅  jingle avant bible 06 ouvrons les saintes ecritures
14:13:29 BLOC_C_SERIE_DU_JOUR              5m34s      5m31s      -3s  ✅  Daniel 6
14:19:00 BLOC_C_SERIE_DU_JOUR              5m29s      5m27s      -2s  ✅  Daniel 7
14:24:27 BLOC_C_SERIE_DU_JOUR              4m51s      4m49s      -2s  ✅  Daniel 8
14:29:16 BLOC_C_SERIE_DU_JOUR              5m57s      5m55s      -2s  ✅  Daniel 9
14:35:11 BLOC_C_SERIE_DU_JOUR              3m45s      3m42s      -3s  ✅  Daniel 10
14:38:53 BLOC_C_SERIE_DU_JOUR              8m26s      8m24s      -2s  ✅  Daniel 11
14:47:17 BLOC_C_SERIE_DU_JOUR              0m11s      0m08s      -3s  ✅  jingle avant louange 05 elevons nos coeurs vers dieu
14:47:25 BLOC_C_SERIE_DU_JOUR              9m31s      9m28s      -3s  ✅  15 at 01.33.50 (1)(1)
14:56:53 BLOC_C_SERIE_DU_JOUR              5m21s      5m19s      -2s  ✅  We Shall Not Fear - Nonso Njoku
15:02:12 BLOC_C_SERIE_DU_JOUR              5m43s      5m40s      -3s  ✅  Cantique l Éternel est mon Berger (1)
15:07:52 BLOC_C_SERIE_DU_JOUR              6m56s      6m54s      -2s  ✅  As We Worship In Ypur Presence
15:14:46 BLOC_C_SERIE_DU_JOUR              5m18s      5m15s      -3s  ✅  Now is Come Salvation - Toronto HF
15:20:01 BLOC_C_SERIE_DU_JOUR              4m52s      4m50s      -2s  ✅  cantique   prends tout le contrôle
15:24:51 BLOC_C_SERIE_DU_JOUR             10m13s     10m10s      -3s  ✅  As We Worship - Toronto & Winnipeg HF
15:35:01 BLOC_C_SERIE_DU_JOUR              7m09s      7m07s      -2s  ✅  My God Is Good - Winnipeg Fellowship
15:42:08 BLOC_C_SERIE_DU_JOUR              8m10s      8m08s      -2s  ✅  Agunechemba - SWBN TV
15:50:16 BLOC_C_SERIE_DU_JOUR              0m09s      0m07s      -2s  ✅  jingle avant bible 08 prenons un moment pour ecouter la parole
15:50:23 BLOC_C_SERIE_DU_JOUR              2m33s      2m30s      -3s  ✅  1 Samuel 21
15:52:53 BLOC_C_SERIE_DU_JOUR              4m12s      4m10s      -2s  ✅  1 Samuel 22
15:57:03 BLOC_C_SERIE_DU_JOUR              4m39s      4m37s      -2s  ✅  1 Samuel 23
16:01:40 BLOC_C_SERIE_DU_JOUR              3m34s      3m32s      -2s  ✅  1 Samuel 24
16:05:12 BLOC_C_SERIE_DU_JOUR              7m22s      7m19s      -3s  ✅  1 Samuel 25
16:12:31 BLOC_C_SERIE_DU_JOUR              4m35s      4m32s      -3s  ✅  1 Samuel 26
16:17:03 BLOC_C_SERIE_DU_JOUR              2m05s      2m03s      -2s  ✅  1 Samuel 27
16:19:06 BLOC_C_SERIE_DU_JOUR              4m23s      4m20s      -3s  ✅  1 Samuel 28
16:23:26 BLOC_C_SERIE_DU_JOUR              2m02s      1m59s      -3s  ✅  1 Samuel 29
16:25:25 BLOC_C_SERIE_DU_JOUR              4m57s      4m54s      -3s  ✅  1 Samuel 30
16:30:19 BLOC_C_SERIE_DU_JOUR              2m02s      2m00s      -2s  ✅  1 Samuel 31
16:32:19 BLOC_C_SERIE_DU_JOUR              1m31s      1m28s      -3s  ✅  Psaumes 91
16:33:47 BLOC_C_SERIE_DU_JOUR              0m10s      0m08s      -2s  ✅  jingle avant louange 06 que la louange seleve
16:33:55 BLOC_C_SERIE_DU_JOUR              3m22s      3m20s      -2s  ✅  Ses cheveux étaient blancs..
16:37:15 BLOC_C_SERIE_DU_JOUR              8m10s      8m07s      -3s  ✅  Great and Marvellous - Ketu HF
16:45:22 BLOC_C_SERIE_DU_JOUR              6m41s      6m38s      -3s  ✅  6 minutes
16:52:00 BLOC_C_SERIE_DU_JOUR              5m10s      5m08s      -2s  ✅  Igwe
16:57:08 BLOC_C_SERIE_DU_JOUR              9m23s      9m21s      -2s  ✅  Thou art Worthy Lord - PHF
17:06:29 BLOC_C_SERIE_DU_JOUR              5m21s      5m19s      -2s  ✅  By the word of the lord - Ketu HF
17:11:48 BLOC_C_SERIE_DU_JOUR              6m02s      5m59s      -3s  ✅  Rejoice - PHF
17:17:47 BLOC_C_SERIE_DU_JOUR              6m34s      6m32s      -2s  ✅  cantique  béni soit le dieu d israël
17:24:19 BLOC_C_SERIE_DU_JOUR              8m30s      8m27s      -3s  ✅  We Worship Adonai - PHF
17:32:46 BLOC_C_SERIE_DU_JOUR              0m09s      0m10s      +1s  ✅  jingle id station 01 la bonne nouvelle partout
17:32:56 BLOC_C_SERIE_DU_JOUR              2m43s      2m41s      -2s  ✅  Tite 1
17:35:37 BLOC_C_SERIE_DU_JOUR              2m10s      2m07s      -3s  ✅  Tite 2
17:37:44 BLOC_C_SERIE_DU_JOUR              2m22s      2m20s      -2s  ✅  Tite 3
17:40:04 BLOC_C_SERIE_DU_JOUR              2m04s      2m01s      -3s  ✅  Osée 12
17:42:05 BLOC_C_SERIE_DU_JOUR              2m43s      2m41s      -2s  ✅  Osée 13
17:44:46 BLOC_C_SERIE_DU_JOUR              1m37s      1m35s      -2s  ✅  Osée 14
17:46:21 BLOC_C_SERIE_DU_JOUR              4m02s      3m59s      -3s  ✅  Esther 1
17:50:20 BLOC_C_SERIE_DU_JOUR              4m44s      4m41s      -3s  ✅  Esther 2
17:55:01 BLOC_C_SERIE_DU_JOUR              0m12s      0m12s      +0s  ✅  jingle id station 03 notre mission annonce levangile
17:55:13 BLOC_C_SERIE_DU_JOUR              7m21s      7m27s      +6s  ✅  For By My God - Toronto & Winnipeg HF
18:02:40 BLOC_D_SERIE_DU_JOUR             10m14s     10m11s      -3s  ✅  La pardon
18:12:51 BLOC_D_SERIE_DU_JOUR              0m09s      0m07s      -2s  ✅  jingle avant bible 08 prenons un moment pour ecouter la parole
18:12:58 BLOC_D_SERIE_DU_JOUR              5m14s      5m12s      -2s  ✅  Exode 40
18:18:10 BLOC_D_SERIE_DU_JOUR              2m40s      2m37s      -3s  ✅  Habacuc 1
18:20:47 BLOC_D_SERIE_DU_JOUR              3m24s      3m21s      -3s  ✅  Habacuc 2
18:24:08 BLOC_D_SERIE_DU_JOUR              3m11s      3m08s      -3s  ✅  Habacuc 3
18:27:16 BLOC_D_SERIE_DU_JOUR              2m02s      2m00s      -2s  ✅  Job 18
18:29:16 BLOC_D_SERIE_DU_JOUR              3m05s      3m02s      -3s  ✅  Job 19
18:32:18 BLOC_D_SERIE_DU_JOUR              2m59s      2m57s      -2s  ✅  Job 20
18:35:15 BLOC_D_SERIE_DU_JOUR              3m12s      3m10s      -2s  ✅  Job 21
18:38:25 BLOC_D_SERIE_DU_JOUR              2m37s      2m35s      -2s  ✅  Job 22
18:41:00 BLOC_D_SERIE_DU_JOUR              1m43s      1m40s      -3s  ✅  Job 23
18:42:40 BLOC_D_SERIE_DU_JOUR              2m52s      2m50s      -2s  ✅  Job 24
18:45:30 BLOC_D_SERIE_DU_JOUR              0m36s      0m33s      -3s  ✅  Job 25
18:46:03 BLOC_D_SERIE_DU_JOUR              1m13s      1m11s      -2s  ✅  Job 26
18:47:14 BLOC_D_SERIE_DU_JOUR              2m12s      2m09s      -3s  ✅  Job 27
18:49:23 BLOC_D_SERIE_DU_JOUR              2m47s      2m45s      -2s  ✅  Job 28
18:52:08 BLOC_D_SERIE_DU_JOUR              2m20s      2m17s      -3s  ✅  Job 29
18:54:25 BLOC_D_SERIE_DU_JOUR              3m11s      3m09s      -2s  ✅  Job 30
18:57:34 BLOC_D_SERIE_DU_JOUR              3m56s      3m53s      -3s  ✅  Job 31
19:01:27 BLOC_D_SERIE_DU_JOUR              2m21s      2m19s      -2s  ✅  Job 32
19:03:46 BLOC_D_SERIE_DU_JOUR              3m04s      3m01s      -3s  ✅  Job 33
19:06:47 BLOC_D_SERIE_DU_JOUR              0m11s      0m08s      -3s  ✅  jingle avant louange 05 elevons nos coeurs vers dieu
19:06:55 BLOC_D_SERIE_DU_JOUR              7m04s      7m02s      -2s  ✅  We Bless You Wonderful God  - Winnipeg Fellowship
19:13:57 BLOC_D_SERIE_DU_JOUR              7m19s      7m16s      -3s  ✅  You Have sworn By Your Holiness - Chidera Bisong
19:21:13 BLOC_D_SERIE_DU_JOUR              7m18s      7m15s      -3s  ✅  Holy is the Lord (Emmanuel Umoh)
19:28:28 BLOC_D_SERIE_DU_JOUR              5m52s      5m49s      -3s  ✅  Where Two or Three are Gathered - Calabar HF
19:34:17 BLOC_D_SERIE_DU_JOUR              6m10s      6m08s      -2s  ✅  That I May Know Him - Toronto HF
19:40:25 BLOC_D_SERIE_DU_JOUR              7m09s      7m06s      -3s  ✅  You're the Lamb (Abasiama Timothy)
19:47:31 BLOC_D_SERIE_DU_JOUR              5m08s      5m06s      -2s  ✅  He Has Given Me - PHF
19:52:37 BLOC_D_SERIE_DU_JOUR              4m18s      4m16s      -2s  ✅  You Are Worthy - Ketu HF
19:56:53 BLOC_D_SERIE_DU_JOUR              5m45s      5m42s      -3s  ✅  How Precious Oh Lord
20:02:35 BLOC_D_SERIE_DU_JOUR              0m13s      0m11s      -2s  ✅  jingle avant bible 07 place a la lecture de la bible
20:02:46 BLOC_D_SERIE_DU_JOUR              4m15s      4m13s      -2s  ✅  Philippiens 1
20:06:59 BLOC_D_SERIE_DU_JOUR              4m28s      4m25s      -3s  ✅  Philippiens 2
20:11:24 BLOC_D_SERIE_DU_JOUR              3m26s      3m23s      -3s  ✅  Philippiens 3
20:14:47 BLOC_D_SERIE_DU_JOUR              3m39s      3m36s      -3s  ✅  Philippiens 4
20:18:23 BLOC_D_SERIE_DU_JOUR              3m00s      2m58s      -2s  ✅  Jonas 1
20:21:21 BLOC_D_SERIE_DU_JOUR              1m22s      1m19s      -3s  ✅  Jonas 2
20:22:40 BLOC_D_SERIE_DU_JOUR              1m36s      1m34s      -2s  ✅  Jonas 3
20:24:14 BLOC_D_SERIE_DU_JOUR              1m57s      1m55s      -2s  ✅  Jonas 4
20:26:09 BLOC_D_SERIE_DU_JOUR              3m34s      3m31s      -3s  ✅  1 Jean 3
20:29:40 BLOC_D_SERIE_DU_JOUR              0m13s      0m11s      -2s  ✅  jingle avant louange 07 voici un temps de louange
20:29:51 BLOC_D_SERIE_DU_JOUR              4m53s      4m50s      -3s  ✅  Cantique Jahweh, Tu es élevé au dessus de tout (1)
20:34:41 BLOC_D_SERIE_DU_JOUR              4m20s      4m18s      -2s  ✅  There's A Mighty River Flowing - SWBN TV
20:38:59 BLOC_D_SERIE_DU_JOUR              5m48s      5m45s      -3s  ✅  Forever You Reign - Abuja HF
20:44:44 BLOC_D_SERIE_DU_JOUR              4m21s      4m19s      -2s  ✅  Sing Hallelujah - Abuja HF
20:49:03 BLOC_D_SERIE_DU_JOUR              9m04s      9m01s      -3s  ✅  You're the Lamb - Calabar HF
20:58:04 BLOC_D_SERIE_DU_JOUR             11m54s     11m51s      -3s  ✅  Great & Marvelluos - Toronto HF
21:09:55 BLOC_D_SERIE_DU_JOUR              6m28s      6m25s      -3s  ✅  Le Bien-Etre Universel
21:16:20 BLOC_D_SERIE_DU_JOUR              4m40s      4m38s      -2s  ✅  All in All - CHF
21:20:58 BLOC_D_SERIE_DU_JOUR             11m53s     11m50s      -3s  ✅  Hashem - PHF
21:32:48 BLOC_D_SERIE_DU_JOUR              0m10s      0m07s      -3s  ✅  jingle avant bible 06 ouvrons les saintes ecritures
21:32:55 BLOC_D_SERIE_DU_JOUR              3m36s      3m34s      -2s  ✅  Deutéronome 10
21:36:29 BLOC_D_SERIE_DU_JOUR              4m58s      4m56s      -2s  ✅  Deutéronome 11
21:41:25 BLOC_D_SERIE_DU_JOUR              5m47s      5m45s      -2s  ✅  Deutéronome 12
21:47:10 BLOC_D_SERIE_DU_JOUR              3m25s      3m23s      -2s  ✅  Deutéronome 13
21:50:33 BLOC_D_SERIE_DU_JOUR              4m06s      4m03s      -3s  ✅  Deutéronome 14
21:54:36 BLOC_D_SERIE_DU_JOUR              3m46s      3m44s      -2s  ✅  Deutéronome 15
21:58:20 BLOC_D_SERIE_DU_JOUR              3m59s      3m56s      -3s  ✅  Deutéronome 16
22:02:16 BLOC_D_SERIE_DU_JOUR              3m44s      3m42s      -2s  ✅  Deutéronome 17
22:05:58 BLOC_D_SERIE_DU_JOUR              3m21s      3m18s      -3s  ✅  Deutéronome 18
22:09:16 BLOC_D_SERIE_DU_JOUR              3m24s      3m29s      +5s  ✅  Deutéronome 19
22:12:45 BLOC_D_SERIE_DU_JOUR              5m19s      5m17s      -2s  ✅  Gabrielle LIDJI - Mélodie Céleste  by LFXA(Light FX Animation)_2
22:18:02 BLOC_D_SERIE_DU_JOUR              8m12s      8m10s      -2s  ✅  Jesus is Alpha - PHF
22:26:12 BLOC_D_SERIE_DU_JOUR              4m48s      4m46s      -2s  ✅  Yeshua I'm Waiting for You  - Ketu HF
22:30:58 BLOC_D_SERIE_DU_JOUR              7m57s      7m55s      -2s  ✅  Yahweh is Mighty (Imah Adegoke)
22:38:53 BLOC_D_SERIE_DU_JOUR             11m01s     10m58s      -3s  ✅  Great is, Ascribe - Ketu HF
22:49:51 BLOC_D_SERIE_DU_JOUR              3m19s      3m16s      -3s  ✅  Awaken My Heart
22:53:07 BLOC_D_SERIE_DU_JOUR              3m41s      3m39s      -2s  ✅  Adorons l'Éternel GAEL - JÉSUS EST SEIGNEUR -
22:56:46 BLOC_D_SERIE_DU_JOUR              6m57s      6m55s      -2s  ✅  qui est digne d ouvrir le livre
23:03:41 BLOC_D_SERIE_DU_JOUR              4m04s      4m01s      -3s  ✅  Ascribe Greatness - PHF
23:07:42 BLOC_D_SERIE_DU_JOUR              0m09s      0m09s      +0s  ✅  JINGLE
23:07:51 BLOC_D_SERIE_DU_JOUR              3m59s      3m57s      -2s  ✅  Nombres 8
23:11:48 BLOC_D_SERIE_DU_JOUR              3m39s      3m37s      -2s  ✅  Nombres 9
23:15:25 BLOC_D_SERIE_DU_JOUR              4m51s      4m49s      -2s  ✅  Nombres 10
23:20:14 BLOC_D_SERIE_DU_JOUR              6m10s      6m07s      -3s  ✅  Nombres 11
23:26:21 BLOC_D_SERIE_DU_JOUR              0m09s      0m09s      +0s  ✅  JINGLE
23:26:30 BLOC_D_SERIE_DU_JOUR              2m20s      2m17s      -3s  ✅  cantique  heureux l homme qui ne marche pas selon
23:28:47 BLOC_D_SERIE_DU_JOUR              4m05s      4m04s      -1s  ✅  Song Of Victory - Emmanuel Igunbor
23:32:51 BLOC_E_LOUANGE_NUIT               3m22s      3m19s      -3s  ✅  Ses cheveux étaient blancs..
23:36:10 BLOC_E_LOUANGE_NUIT               8m18s      8m15s      -3s  ✅  Yahweh Is Mighty - SWBN TV
23:44:25 BLOC_E_LOUANGE_NUIT               5m13s      5m11s      -2s  ✅  Il s'appelait Emmanuel - Marcel Boungou + Paroles
23:49:36 BLOC_E_LOUANGE_NUIT              10m47s     11m57s     +70s  ⚠️ TROU APRÈS  Abba, Singing a, I Will Sing - Ketu HF
----------------------------------------------------------------------------------------------------
Bilan : 320 titres, 2 anomalie(s) (titre coupé de plus de 10s ou trou d'antenne). Gravité : 0 mineure(s) <1min · 2 sérieuse(s) 1-10min · 0 critique(s) >10min.

====================================================================================================
CONTRÔLES APPROFONDIS
====================================================================================================
MESSAGE DU JOUR « Tian Le pardon 1 » : 4 diffusion(s) pour 4 prévue(s) ✅
   00:03:34  (étiquette BLOC_A_SERIE_DU_JOUR)
   06:01:49  (étiquette BLOC_B_SERIE_DU_JOUR)
   12:02:45  (étiquette BLOC_C_SERIE_DU_JOUR)
   18:02:40  (étiquette BLOC_D_SERIE_DU_JOUR)
JINGLES : 33 joués / 36 prévus (92%) ⚠️   ·   BLOC_A 9/9 · BLOC_B 8/9 · BLOC_C 9/9 · BLOC_D 7/9
HORS FENÊTRE : aucun débordement de bloc détecté ✅
BOUCHE-TROUS : aucun ✅
COUVERTURE : premier titre à 00:01:37 ✅ · dernier titre finit vers 00:00:23 (estimé) ✅

====================================================================================================
RÉEL vs PRÉVU — ce qui a joué vs ce que le plan prévoyait
====================================================================================================
----------------------------------------------------------------------------------------------------
BLOC_A  (00:00-06:00)  prévus  84 · atteignables  81 · joués  81 · conformité 100% · sautés  0 · en trop  0
   ⏸️  FIN DE BLOC NON ATTEINTE (3 titres · ~25m17s) — marge anti-rebouclage au-delà de la fenêtre, normal : Bless Ye the Lord - PHF · Hallelujah - PHF · I See Your Face - Toronto HF
----------------------------------------------------------------------------------------------------
BLOC_B  (06:00-12:00)  prévus  83 · atteignables  78 · joués  78 · conformité 100% · sautés  0 · en trop  0
   ⏸️  FIN DE BLOC NON ATTEINTE (5 titres · ~30m41s) — marge anti-rebouclage au-delà de la fenêtre, normal : JINGLE · Yahweh Is Mighty - SWBN TV · In Jesus - PHF · Not Naked (Abasiama Timothy) · Shine in Darkness O Lord  - Winnipeg Fellowship
----------------------------------------------------------------------------------------------------
BLOC_C  (12:00-18:00)  prévus  80 · atteignables  77 · joués  77 · conformité 100% · sautés  0 · en trop  0
   ⏸️  FIN DE BLOC NON ATTEINTE (3 titres · ~20m44s) — marge anti-rebouclage au-delà de la fenêtre, normal : I Will Call Upon The Lord · He Has Given Me & Emmanuel You Joy Over Us (Medley) (Abasiama Timothy & Imah Adegoke) · The Lord on High is Mightier - Toronto HF
----------------------------------------------------------------------------------------------------
BLOC_D  (18:00-23:30)  prévus  85 · atteignables  82 · joués  80 · conformité  98% · sautés  2 · en trop  0
   ⏭️  PRÉVU NON JOUÉ : jingle avant message 05 vous etes a lecoute de levangile du royaume · jingle avant louange 06 que la louange seleve
   ⏸️  FIN DE BLOC NON ATTEINTE (3 titres · ~23m55s) — marge anti-rebouclage au-delà de la fenêtre, normal : We Shall Not Fear - Nonso Njoku · Shine in Darkness O Lord  - Winnipeg Fellowship · Great and Marvellous - Ketu HF
----------------------------------------------------------------------------------------------------
CONFORMITÉ GLOBALE : 316/318 titres atteignables joués dans l'ordre = 99%  (0 titre(s) hors plan · 14 non atteint(s) en fin de bloc, marge normale)
