====================================================================================================
MONITEUR RADIO — 2026-08-03 (synthèse des 3 rapports + plan, heures UTC)
====================================================================================================
État : ❌ incident(s) détecté(s)  ·  diffusion : 1 coupure(s)/trou(s), 1 double(s) message  ·  serveur : 110 incident(s)
SERVEUR (liquidsoap_events) :
   00:01:28  🌐 échec réseau AzuraCast/Liquidsoap  (×2)
   00:01:33  🔇 bascule sur jingle d'erreur (silence potentiel)  (×3)
   17:59:12  🔇 bascule sur jingle d'erreur (silence potentiel)  (×2)
   23:32:30  🌐 échec réseau AzuraCast/Liquidsoap  (×103)
RESET MINUIT : restart confirmé vers 00:02:11 · 3 contrôle(s) · file saine ✅
INCIDENTS CORRÉLÉS (anomalie de diffusion ↔ cause serveur probable) :
   18:29:24  DOUBLE MESSAGE « message du jour rejoué »
          ↳ aucune cause serveur à proximité (voir CONTRÔLES APPROFONDIS et RÉEL vs PRÉVU ci-dessous)
   23:56:21  COUPÉ 118s « My God Is Good - Winnipeg Fellowship »
          ↳ aucune cause serveur à proximité (voir CONTRÔLES APPROFONDIS et RÉEL vs PRÉVU ci-dessous)
(Détail titre par titre, contrôles approfondis et RÉEL vs PRÉVU ci-dessous.)
Rapport de diffusion — 2026-08-03 (heures UTC)
281 titres joués | tolérance ±10s
====================================================================================================
HEURE    PLAYLIST                     FICHIER          RÉEL    ÉCART  STATUT  TITRE
----------------------------------------------------------------------------------------------------
00:01:45 ?                                 3m48s      3m48s      +0s  ✅  ?
00:05:33 BLOC_A_SERIE_DU_JOUR             29m09s     29m13s      +4s  ✅  aa la révélation de la victoire du fils mâle
00:34:46 BLOC_A_SERIE_DU_JOUR              3m59s      3m56s      -3s  ✅  Néhémie 8
00:38:42 BLOC_A_SERIE_DU_JOUR              7m47s      7m44s      -3s  ✅  Néhémie 9
00:46:26 BLOC_A_SERIE_DU_JOUR              4m36s      4m34s      -2s  ✅  Néhémie 10
00:51:00 BLOC_A_SERIE_DU_JOUR              4m55s      4m52s      -3s  ✅  Néhémie 11
00:55:52 BLOC_A_SERIE_DU_JOUR              6m29s      6m27s      -2s  ✅  Néhémie 12
01:02:19 BLOC_A_SERIE_DU_JOUR              5m20s      5m17s      -3s  ✅  Néhémie 13
01:07:36 BLOC_A_SERIE_DU_JOUR              2m12s      2m09s      -3s  ✅  2 Thessaloniciens 1
01:09:45 BLOC_A_SERIE_DU_JOUR              2m47s      2m45s      -2s  ✅  2 Thessaloniciens 2
01:12:30 BLOC_A_SERIE_DU_JOUR              2m35s      2m32s      -3s  ✅  2 Thessaloniciens 3
01:15:02 BLOC_A_SERIE_DU_JOUR              2m20s      2m18s      -2s  ✅  Lamentations 5
01:17:20 BLOC_A_SERIE_DU_JOUR              2m25s      2m22s      -3s  ✅  2 Corinthiens 13
01:19:42 BLOC_A_SERIE_DU_JOUR              6m43s      6m40s      -3s  ✅  Nombres 14
01:26:22 BLOC_A_SERIE_DU_JOUR              5m47s      5m45s      -2s  ✅  Nombres 15
01:32:07 BLOC_A_SERIE_DU_JOUR              0m13s      0m10s      -3s  ✅  jingle avant louange 07 voici un temps de louange
01:32:17 BLOC_A_SERIE_DU_JOUR              5m50s      5m47s      -3s  ✅  Jesus I'm Waiting for You (Mary Umoh)
01:38:04 BLOC_A_SERIE_DU_JOUR              4m11s      4m09s      -2s  ✅  Cantique   Oh Éternel Dieu, Tu es le Dieu Incomparable
01:42:13 BLOC_A_SERIE_DU_JOUR              6m10s      6m07s      -3s  ✅  That I May Know Him - Toronto HF
01:48:20 BLOC_A_SERIE_DU_JOUR             10m13s     10m10s      -3s  ✅  As We Worship - Toronto & Winnipeg HF
01:58:30 BLOC_A_SERIE_DU_JOUR              9m23s      9m21s      -2s  ✅  10 minutes
02:07:51 BLOC_A_SERIE_DU_JOUR              4m48s      4m46s      -2s  ✅  Yeshua I'm Waiting for You  - Ketu HF
02:12:37 BLOC_A_SERIE_DU_JOUR              8m21s      8m18s      -3s  ✅  My Heart Rejoices - Toronto HF
02:20:55 BLOC_A_SERIE_DU_JOUR              9m24s      9m22s      -2s  ✅  I See Your Face - Toronto HF
02:30:17 BLOC_A_SERIE_DU_JOUR              0m10s      0m08s      -2s  ✅  jingle avant bible 06 ouvrons les saintes ecritures
02:30:25 BLOC_A_SERIE_DU_JOUR              2m37s      2m34s      -3s  ✅  Juges 12
02:32:59 BLOC_A_SERIE_DU_JOUR              4m10s      4m07s      -3s  ✅  Juges 13
02:37:06 BLOC_A_SERIE_DU_JOUR              3m58s      3m56s      -2s  ✅  Juges 14
02:41:02 BLOC_A_SERIE_DU_JOUR              3m38s      3m36s      -2s  ✅  Juges 15
02:44:38 BLOC_A_SERIE_DU_JOUR              6m30s      6m27s      -3s  ✅  Juges 16
02:51:05 BLOC_A_SERIE_DU_JOUR              2m15s      2m12s      -3s  ✅  Juges 17
02:53:17 BLOC_A_SERIE_DU_JOUR              5m44s      5m50s      +6s  ✅  Juges 18
02:59:07 BLOC_A_SERIE_DU_JOUR              7m21s      7m18s      -3s  ✅  For By My God - Toronto & Winnipeg HF
03:06:25 BLOC_A_SERIE_DU_JOUR              6m02s      6m00s      -2s  ✅  Satisfy My Soul - Calabar HF
03:12:25 BLOC_A_SERIE_DU_JOUR              3m41s      3m39s      -2s  ✅  Adorons l'Éternel GAEL - JÉSUS EST SEIGNEUR -
03:16:04 BLOC_A_SERIE_DU_JOUR             11m01s     10m58s      -3s  ✅  Great is, Ascribe - Ketu HF
03:27:02 BLOC_A_SERIE_DU_JOUR             10m25s     10m23s      -2s  ✅  Holy Are You - PHF
03:37:25 BLOC_A_SERIE_DU_JOUR              6m13s      6m11s      -2s  ✅  Immortal God - Elohim Adonai - Abuja HF
03:43:36 BLOC_A_SERIE_DU_JOUR              8m21s      8m18s      -3s  ✅  In the Day of Your Power  - Winnipeg Fellowship
03:51:54 BLOC_A_SERIE_DU_JOUR             10m35s     10m33s      -2s  ✅  Baruch Ha'ba B'Shem Adonai/Blessed Is He Who Comes in the Name of the Lord - Port Harcourt HF
04:02:27 BLOC_A_SERIE_DU_JOUR              0m13s      0m10s      -3s  ✅  jingle avant bible 07 place a la lecture de la bible
04:02:37 BLOC_A_SERIE_DU_JOUR              4m04s      4m02s      -2s  ✅  Galates 5
04:06:39 BLOC_A_SERIE_DU_JOUR              2m46s      2m43s      -3s  ✅  Galates 6
04:09:22 BLOC_A_SERIE_DU_JOUR              4m04s      4m02s      -2s  ✅  Jean 21
04:13:24 BLOC_A_SERIE_DU_JOUR              6m31s      6m28s      -3s  ✅  Actes 5
04:19:52 BLOC_A_SERIE_DU_JOUR              2m27s      2m25s      -2s  ✅  Actes 6
04:22:17 BLOC_A_SERIE_DU_JOUR              8m53s      8m51s      -2s  ✅  Actes 7
04:31:08 BLOC_A_SERIE_DU_JOUR              5m22s      5m19s      -3s  ✅  Actes 8
04:36:27 BLOC_A_SERIE_DU_JOUR              6m32s      6m30s      -2s  ✅  Actes 9
04:42:57 BLOC_A_SERIE_DU_JOUR              6m32s      6m29s      -3s  ✅  Actes 10
04:49:26 BLOC_A_SERIE_DU_JOUR              0m10s      0m08s      -2s  ✅  jingle avant louange 06 que la louange seleve
04:49:34 BLOC_A_SERIE_DU_JOUR              4m11s      4m08s      -3s  ✅  jai donné ma vie à jésus (1)
04:53:42 BLOC_A_SERIE_DU_JOUR              9m23s      9m21s      -2s  ✅  Thou art Worthy Lord - PHF
05:03:03 BLOC_A_SERIE_DU_JOUR              5m19s      5m16s      -3s  ✅  Gabrielle LIDJI - Mélodie Céleste  by LFXA(Light FX Animation)_2
05:08:19 BLOC_A_SERIE_DU_JOUR              9m14s      9m12s      -2s  ✅  A jamais, tu seras l Agneau de Dieu
05:17:31 BLOC_A_SERIE_DU_JOUR              7m57s      7m55s      -2s  ✅  Yahweh is Mighty (Imah Adegoke)
05:25:26 BLOC_A_SERIE_DU_JOUR              7m25s      7m23s      -2s  ✅  Victorious Is the Lamb - Winnipeg Fellowship
05:32:49 BLOC_A_SERIE_DU_JOUR              5m21s      5m18s      -3s  ✅  We Shall Not Fear - Nonso Njoku
05:38:07 BLOC_A_SERIE_DU_JOUR              6m04s      6m02s      -2s  ✅  Sing Unto the Lord a new Song  - Winnipeg Fellowship
05:44:09 BLOC_A_SERIE_DU_JOUR              6m57s      7m04s      +7s  ✅  The Lord on High is Mightier - Toronto HF
05:51:13 BLOC_A_SERIE_DU_JOUR              4m40s      4m37s      -3s  ✅  Psaumes 89
05:55:50 BLOC_A_SERIE_DU_JOUR              1m46s      1m44s      -2s  ✅  Psaumes 90
05:57:34 BLOC_A_SERIE_DU_JOUR              1m31s      1m28s      -3s  ✅  Psaumes 91
05:59:02 BLOC_A_SERIE_DU_JOUR              1m22s      1m27s      +5s  ✅  Psaumes 92
06:00:29 BLOC_B_SERIE_DU_JOUR             29m09s     29m06s      -3s  ✅  aa la révélation de la victoire du fils mâle
06:29:35 BLOC_B_SERIE_DU_JOUR              0m13s      0m10s      -3s  ✅  jingle avant bible 07 place a la lecture de la bible
06:29:45 BLOC_B_SERIE_DU_JOUR              3m00s      2m58s      -2s  ✅  Jonas 1
06:32:43 BLOC_B_SERIE_DU_JOUR              1m22s      1m19s      -3s  ✅  Jonas 2
06:34:02 BLOC_B_SERIE_DU_JOUR              1m36s      1m34s      -2s  ✅  Jonas 3
06:35:36 BLOC_B_SERIE_DU_JOUR              1m57s      1m54s      -3s  ✅  Jonas 4
06:37:30 BLOC_B_SERIE_DU_JOUR              4m42s      4m40s      -2s  ✅  Marc 11
06:42:10 BLOC_B_SERIE_DU_JOUR              7m12s      7m10s      -2s  ✅  Marc 12
06:49:20 BLOC_B_SERIE_DU_JOUR              5m09s      5m07s      -2s  ✅  Marc 13
06:54:27 BLOC_B_SERIE_DU_JOUR             10m25s     10m22s      -3s  ✅  Marc 14
07:04:49 BLOC_B_SERIE_DU_JOUR              5m51s      5m49s      -2s  ✅  Marc 15
07:10:38 BLOC_B_SERIE_DU_JOUR              2m50s      2m47s      -3s  ✅  Marc 16
07:13:25 BLOC_B_SERIE_DU_JOUR              4m35s      4m33s      -2s  ✅  Colossiens 1
07:17:58 BLOC_B_SERIE_DU_JOUR              3m46s      3m44s      -2s  ✅  Colossiens 2
07:21:42 BLOC_B_SERIE_DU_JOUR              3m44s      3m41s      -3s  ✅  Colossiens 3
07:25:23 BLOC_B_SERIE_DU_JOUR              0m11s      0m09s      -2s  ✅  jingle avant louange 05 elevons nos coeurs vers dieu
07:25:32 BLOC_B_SERIE_DU_JOUR              9m38s      9m37s      -1s  ✅  Holy are You oh Lord (Olaedo Uzoma & Vincent Opara)
07:35:09 BLOC_B_SERIE_DU_JOUR              5m04s      5m01s      -3s  ✅  Guide Me - El ELyon - Abuja HF
07:40:10 BLOC_B_SERIE_DU_JOUR              8m41s      8m37s      -4s  ✅  Unto Him (Vincent Opara)
07:48:47 BLOC_B_SERIE_DU_JOUR              6m56s      6m53s      -3s  ✅  As We Worship In Ypur Presence
07:55:40 BLOC_B_SERIE_DU_JOUR              5m33s      5m31s      -2s  ✅  He Shall Feed His Flock - I Want to walk  - Ketu HF
08:01:11 BLOC_B_SERIE_DU_JOUR              6m12s      6m09s      -3s  ✅  The King is Here (Abasiama Timothy)
08:07:20 BLOC_B_SERIE_DU_JOUR              6m02s      6m00s      -2s  ✅  Rejoice - PHF
08:13:20 BLOC_B_SERIE_DU_JOUR             11m53s     11m51s      -2s  ✅  Hashem - PHF
08:25:11 BLOC_B_SERIE_DU_JOUR              0m10s      0m07s      -3s  ✅  jingle avant bible 06 ouvrons les saintes ecritures
08:25:18 BLOC_B_SERIE_DU_JOUR              4m54s      4m53s      -1s  ✅  Ésaïe 1
08:30:11 BLOC_B_SERIE_DU_JOUR              3m07s      3m02s      -5s  ✅  Ésaïe 2
08:33:13 BLOC_B_SERIE_DU_JOUR              3m23s      3m21s      -2s  ✅  Ésaïe 3
08:36:34 BLOC_B_SERIE_DU_JOUR              1m08s      1m06s      -2s  ✅  Ésaïe 4
08:37:40 BLOC_B_SERIE_DU_JOUR              5m19s      5m16s      -3s  ✅  Ésaïe 5
08:42:56 BLOC_B_SERIE_DU_JOUR              2m27s      2m24s      -3s  ✅  Ésaïe 6
08:45:20 BLOC_B_SERIE_DU_JOUR              3m57s      3m54s      -3s  ✅  Ésaïe 7
08:49:14 BLOC_B_SERIE_DU_JOUR              3m32s      3m29s      -3s  ✅  Ésaïe 8
08:52:43 BLOC_B_SERIE_DU_JOUR              0m10s      0m08s      -2s  ✅  jingle avant louange 06 que la louange seleve
08:52:51 BLOC_B_SERIE_DU_JOUR              4m14s      4m12s      -2s  ✅  Mon modèle, c est Jésus
08:57:03 BLOC_B_SERIE_DU_JOUR             10m38s     10m35s      -3s  ✅  Be Exalted - PHF
09:07:38 BLOC_B_SERIE_DU_JOUR              6m02s      6m00s      -2s  ✅  Crown Him Lord of Lords - Nonso Njoku
09:13:38 BLOC_B_SERIE_DU_JOUR              6m19s      6m16s      -3s  ✅  Unto Him - CHF
09:19:54 BLOC_B_SERIE_DU_JOUR              6m34s      6m32s      -2s  ✅  cantique  béni soit le dieu d israël
09:26:26 BLOC_B_SERIE_DU_JOUR              3m19s      3m16s      -3s  ✅  Awaken My Heart
09:29:42 BLOC_B_SERIE_DU_JOUR              6m59s      6m56s      -3s  ✅  Hosanna - Toronto HF
09:36:38 BLOC_B_SERIE_DU_JOUR              5m58s      5m55s      -3s  ✅  In Jesus - PHF
09:42:33 BLOC_B_SERIE_DU_JOUR              5m52s      5m56s      +4s  ✅  Where Two or Three are Gathered - Calabar HF
09:48:29 BLOC_B_SERIE_DU_JOUR              4m03s      4m00s      -3s  ✅  Apocalypse 19
09:52:29 BLOC_B_SERIE_DU_JOUR              3m06s      3m04s      -2s  ✅  Apocalypse 20
09:55:33 BLOC_B_SERIE_DU_JOUR              4m56s      4m53s      -3s  ✅  Apocalypse 21
10:00:26 BLOC_B_SERIE_DU_JOUR              3m34s      3m32s      -2s  ✅  Apocalypse 22
10:03:58 BLOC_B_SERIE_DU_JOUR              1m40s      1m37s      -3s  ✅  1 Jean 1
10:05:35 BLOC_B_SERIE_DU_JOUR              4m39s      4m38s      -1s  ✅  1 Jean 2
10:10:13 BLOC_B_SERIE_DU_JOUR              3m34s      3m31s      -3s  ✅  1 Jean 3
10:13:44 BLOC_B_SERIE_DU_JOUR              3m16s      3m13s      -3s  ✅  1 Jean 4
10:16:57 BLOC_B_SERIE_DU_JOUR              3m11s      3m10s      -1s  ✅  1 Jean 5
10:20:07 BLOC_B_SERIE_DU_JOUR              7m03s      7m00s      -3s  ✅  2 Samuel 13
10:27:07 BLOC_B_SERIE_DU_JOUR              6m10s      6m08s      -2s  ✅  2 Samuel 14
10:33:15 BLOC_B_SERIE_DU_JOUR              0m13s      0m10s      -3s  ✅  jingle avant louange 07 voici un temps de louange
10:33:25 BLOC_B_SERIE_DU_JOUR              8m18s      8m16s      -2s  ✅  Yahweh Is Mighty - SWBN TV
10:41:41 BLOC_B_SERIE_DU_JOUR              7m09s      7m07s      -2s  ✅  My God Is Good - Winnipeg Fellowship
10:48:48 BLOC_B_SERIE_DU_JOUR              5m08s      5m06s      -2s  ✅  He Has Given Me - PHF
10:53:54 BLOC_B_SERIE_DU_JOUR              4m08s      4m05s      -3s  ✅  I Choose the Way of the Lord - Abuja HF
10:57:59 BLOC_B_SERIE_DU_JOUR              4m40s      4m37s      -3s  ✅  All in All - CHF
11:02:36 BLOC_B_SERIE_DU_JOUR              4m33s      4m31s      -2s  ✅  God is Building - Will You Be - Ketu HF
11:07:07 BLOC_B_SERIE_DU_JOUR             10m24s     10m21s      -3s  ✅  Shine in Darkness O Lord  - Winnipeg Fellowship
11:17:28 BLOC_B_SERIE_DU_JOUR              5m57s      5m54s      -3s  ✅  You are God - Winnipeg Fellowship
11:23:22 BLOC_B_SERIE_DU_JOUR              8m30s      8m28s      -2s  ✅  We Worship Adonai - PHF
11:31:50 BLOC_B_SERIE_DU_JOUR              0m12s      0m12s      +0s  ✅  jingle id station 03 notre mission annonce levangile
11:32:02 BLOC_B_SERIE_DU_JOUR              3m16s      3m14s      -2s  ✅  Éphésiens 2
11:35:16 BLOC_B_SERIE_DU_JOUR              2m56s      2m53s      -3s  ✅  Éphésiens 3
11:38:09 BLOC_B_SERIE_DU_JOUR              4m53s      4m51s      -2s  ✅  Éphésiens 4
11:43:00 BLOC_B_SERIE_DU_JOUR              4m12s      4m10s      -2s  ✅  Éphésiens 5
11:47:10 BLOC_B_SERIE_DU_JOUR              3m21s      3m18s      -3s  ✅  Éphésiens 6
11:50:28 BLOC_B_SERIE_DU_JOUR              0m09s      0m09s      +0s  ✅  jingle id station 01 la bonne nouvelle partout
11:50:37 BLOC_B_SERIE_DU_JOUR              9m43s      9m41s      -2s  ✅  Thy Throne Oh Lord - Ketu HF
12:00:18 BLOC_C_SERIE_DU_JOUR              0m10s      0m07s      -3s  ✅  jingle avant message 04 bienvenue sur parole prophetique fm
12:00:25 BLOC_C_SERIE_DU_JOUR             29m09s     29m06s      -3s  ✅  aa la révélation de la victoire du fils mâle
12:29:31 BLOC_C_SERIE_DU_JOUR              0m13s      0m10s      -3s  ✅  jingle avant bible 07 place a la lecture de la bible
12:29:41 BLOC_C_SERIE_DU_JOUR              6m43s      6m41s      -2s  ✅  2 Chroniques 34
12:36:22 BLOC_C_SERIE_DU_JOUR              5m26s      5m24s      -2s  ✅  2 Chroniques 35
12:41:46 BLOC_C_SERIE_DU_JOUR              4m20s      4m18s      -2s  ✅  2 Chroniques 36
12:46:04 BLOC_C_SERIE_DU_JOUR              2m48s      2m45s      -3s  ✅  Hébreux 3
12:48:49 BLOC_C_SERIE_DU_JOUR              2m45s      2m42s      -3s  ✅  Hébreux 4
12:51:31 BLOC_C_SERIE_DU_JOUR              2m17s      2m15s      -2s  ✅  Hébreux 5
12:53:46 BLOC_C_SERIE_DU_JOUR              3m05s      3m02s      -3s  ✅  Hébreux 6
12:56:48 BLOC_C_SERIE_DU_JOUR              4m52s      4m49s      -3s  ✅  Hébreux 7
13:01:37 BLOC_C_SERIE_DU_JOUR              2m45s      2m43s      -2s  ✅  Hébreux 8
13:04:20 BLOC_C_SERIE_DU_JOUR              5m14s      5m12s      -2s  ✅  Hébreux 9
13:09:32 BLOC_C_SERIE_DU_JOUR              5m29s      5m26s      -3s  ✅  Hébreux 10
13:14:58 BLOC_C_SERIE_DU_JOUR              6m47s      6m44s      -3s  ✅  Hébreux 11
13:21:42 BLOC_C_SERIE_DU_JOUR              5m04s      5m02s      -2s  ✅  Hébreux 12
13:26:44 BLOC_C_SERIE_DU_JOUR              0m11s      0m08s      -3s  ✅  jingle avant louange 05 elevons nos coeurs vers dieu
13:26:52 BLOC_C_SERIE_DU_JOUR              6m09s      6m07s      -2s  ✅  Hymne des vainqueurs
13:32:59 BLOC_C_SERIE_DU_JOUR              5m48s      5m46s      -2s  ✅  Forever You Reign - Abuja HF
13:38:45 BLOC_C_SERIE_DU_JOUR              5m18s      5m16s      -2s  ✅  Now is Come Salvation - Toronto HF
13:44:01 BLOC_C_SERIE_DU_JOUR              3m10s      3m07s      -3s  ✅  la Parole
13:47:08 BLOC_C_SERIE_DU_JOUR              4m20s      4m18s      -2s  ✅  There's A Mighty River Flowing - SWBN TV
13:51:26 BLOC_C_SERIE_DU_JOUR              6m15s      6m12s      -3s  ✅  Oh Lord I Want to Know Your Glory - Port Harcourt HF
13:57:38 BLOC_C_SERIE_DU_JOUR              2m20s      2m17s      -3s  ✅  cantique  heureux l homme qui ne marche pas selon
13:59:55 BLOC_C_SERIE_DU_JOUR              4m13s      4m11s      -2s  ✅  4 minutes
14:04:06 BLOC_C_SERIE_DU_JOUR              5m21s      5m19s      -2s  ✅  By the word of the lord - Ketu HF
14:09:25 BLOC_C_SERIE_DU_JOUR              8m31s      8m29s      -2s  ✅  Holy Holy - Abuja HF
14:17:54 BLOC_C_SERIE_DU_JOUR              5m15s      5m13s      -2s  ✅  Yahweh Be Praised - Abuja HF
14:23:07 BLOC_C_SERIE_DU_JOUR              0m09s      0m06s      -3s  ✅  jingle avant bible 08 prenons un moment pour ecouter la parole
14:23:13 BLOC_C_SERIE_DU_JOUR              4m35s      4m33s      -2s  ✅  Ézéchiel 13
14:27:46 BLOC_C_SERIE_DU_JOUR              4m36s      4m33s      -3s  ✅  Ézéchiel 14
14:32:19 BLOC_C_SERIE_DU_JOUR              1m18s      1m16s      -2s  ✅  Ézéchiel 15
14:33:35 BLOC_C_SERIE_DU_JOUR             10m59s     10m56s      -3s  ✅  Ézéchiel 16
14:44:31 BLOC_C_SERIE_DU_JOUR              4m55s      4m53s      -2s  ✅  Ézéchiel 17
14:49:24 BLOC_C_SERIE_DU_JOUR              5m23s      5m21s      -2s  ✅  Ézéchiel 18
14:54:45 BLOC_C_SERIE_DU_JOUR              0m10s      0m08s      -2s  ✅  jingle avant louange 06 que la louange seleve
14:54:53 BLOC_C_SERIE_DU_JOUR              4m05s      4m03s      -2s  ✅  Song Of Victory - Emmanuel Igunbor
14:58:56 BLOC_C_SERIE_DU_JOUR              2m16s      2m13s      -3s  ✅  cantique  nous sommes le sel de la terre
15:01:09 BLOC_C_SERIE_DU_JOUR              7m18s      7m15s      -3s  ✅  Holy is the Lord (Emmanuel Umoh)
15:08:24 BLOC_C_SERIE_DU_JOUR              7m20s      7m18s      -2s  ✅  The Glory -  PHF
15:15:42 BLOC_C_SERIE_DU_JOUR              5m45s      5m42s      -3s  ✅  How Precious Oh Lord
15:21:24 BLOC_C_SERIE_DU_JOUR              5m52s      5m50s      -2s  ✅  Not Naked (Abasiama Timothy)
15:27:14 BLOC_C_SERIE_DU_JOUR              7m29s      7m26s      -3s  ✅  Hallelujah - PHF
15:34:40 BLOC_C_SERIE_DU_JOUR              7m37s      7m34s      -3s  ✅  Cantiques  Il a pris mes iniquités
15:42:14 BLOC_C_SERIE_DU_JOUR              8m10s      8m08s      -2s  ✅  Agunechemba - SWBN TV
15:50:22 BLOC_C_SERIE_DU_JOUR              0m10s      0m08s      -2s  ✅  jingle avant bible 06 ouvrons les saintes ecritures
15:50:30 BLOC_C_SERIE_DU_JOUR              2m37s      2m34s      -3s  ✅  Michée 1
15:53:04 BLOC_C_SERIE_DU_JOUR              2m20s      2m18s      -2s  ✅  Michée 2
15:55:22 BLOC_C_SERIE_DU_JOUR              2m05s      2m03s      -2s  ✅  Michée 3
15:57:25 BLOC_C_SERIE_DU_JOUR              2m34s      2m31s      -3s  ✅  Michée 4
15:59:56 BLOC_C_SERIE_DU_JOUR              2m20s      2m17s      -3s  ✅  Michée 5
16:02:13 BLOC_C_SERIE_DU_JOUR              2m37s      2m34s      -3s  ✅  Michée 6
16:04:47 BLOC_C_SERIE_DU_JOUR              3m27s      3m25s      -2s  ✅  Michée 7
16:08:12 BLOC_C_SERIE_DU_JOUR              3m07s      3m04s      -3s  ✅  Genèse 20
16:11:16 BLOC_C_SERIE_DU_JOUR              4m45s      4m42s      -3s  ✅  Genèse 21
16:15:58 BLOC_C_SERIE_DU_JOUR              4m07s      4m04s      -3s  ✅  Genèse 22
16:20:02 BLOC_C_SERIE_DU_JOUR              3m18s      3m16s      -2s  ✅  Genèse 23
16:23:18 BLOC_C_SERIE_DU_JOUR             11m16s     11m24s      +8s  ✅  Genèse 24
16:34:42 BLOC_C_SERIE_DU_JOUR              3m24s      3m21s      -3s  ✅  Cantique sa miséricorde
16:38:03 BLOC_C_SERIE_DU_JOUR              6m35s      6m33s      -2s  ✅  cantique   ta lumière
16:44:36 BLOC_C_SERIE_DU_JOUR              4m53s      4m50s      -3s  ✅  Cantique Jahweh, Tu es élevé au dessus de tout (1)
16:49:26 BLOC_C_SERIE_DU_JOUR              5m43s      5m41s      -2s  ✅  Cantique l Éternel est mon Berger (1)
16:55:07 BLOC_C_SERIE_DU_JOUR              5m10s      5m08s      -2s  ✅  Igwe
17:00:15 BLOC_C_SERIE_DU_JOUR              6m41s      6m37s      -4s  ✅  6 minutes
17:06:52 BLOC_C_SERIE_DU_JOUR              3m22s      3m21s      -1s  ✅  Ses cheveux étaient blancs..
17:10:13 BLOC_C_SERIE_DU_JOUR              2m57s      2m55s      -2s  ✅  You Are the Captain of the Host - Toronto HF
17:13:08 BLOC_C_SERIE_DU_JOUR              4m52s      4m48s      -4s  ✅  cantique   prends tout le contrôle
17:17:56 BLOC_C_SERIE_DU_JOUR              6m57s      6m55s      -2s  ✅  qui est digne d ouvrir le livre
17:24:51 BLOC_C_SERIE_DU_JOUR              4m18s      4m16s      -2s  ✅  You Are Worthy - Ketu HF
17:29:07 BLOC_C_SERIE_DU_JOUR              4m04s      4m01s      -3s  ✅  Ascribe Greatness - PHF
17:33:08 BLOC_C_SERIE_DU_JOUR              0m09s      0m10s      +1s  ✅  jingle id station 02 radio evangile du royaume
17:33:18 BLOC_C_SERIE_DU_JOUR              4m25s      4m22s      -3s  ✅  1 Chroniques 5
17:37:40 BLOC_C_SERIE_DU_JOUR              8m29s      8m27s      -2s  ✅  1 Chroniques 6
17:46:07 BLOC_C_SERIE_DU_JOUR              5m47s      5m44s      -3s  ✅  1 Chroniques 7
17:51:51 BLOC_C_SERIE_DU_JOUR              0m09s      0m10s      +1s  ✅  JINGLE
17:52:01 BLOC_C_SERIE_DU_JOUR              7m09s      7m07s      -2s  ✅  You're the Lamb (Abasiama Timothy)
17:59:08 BLOC_A_SERIE_DU_JOUR              0m09s      0m09s      +0s  ✅  jingle avant message 03 vous ecoutez parole prophetique fm
17:59:17 ?                                 0m48s      0m56s      +8s  ✅  AzuraCast is Live!
18:00:13 BLOC_D_SERIE_DU_JOUR             29m09s     29m11s      +2s  ✅  aa la révélation de la victoire du fils mâle
18:29:24 BLOC_D_SERIE_DU_JOUR             29m09s     29m06s      -3s  ✅  aa la révélation de la victoire du fils mâle
18:58:30 BLOC_D_SERIE_DU_JOUR              0m13s      0m10s      -3s  ✅  jingle avant bible 07 place a la lecture de la bible
18:58:40 BLOC_D_SERIE_DU_JOUR              2m40s      2m37s      -3s  ✅  Habacuc 1
19:01:17 BLOC_D_SERIE_DU_JOUR              3m24s      3m22s      -2s  ✅  Habacuc 2
19:04:39 BLOC_D_SERIE_DU_JOUR              3m11s      3m08s      -3s  ✅  Habacuc 3
19:07:47 BLOC_D_SERIE_DU_JOUR              5m14s      5m12s      -2s  ✅  Exode 40
19:12:59 BLOC_D_SERIE_DU_JOUR              7m47s      7m44s      -3s  ✅  2 Rois 4
19:20:43 BLOC_D_SERIE_DU_JOUR              6m03s      6m00s      -3s  ✅  2 Rois 5
19:26:43 BLOC_D_SERIE_DU_JOUR              5m42s      5m39s      -3s  ✅  2 Rois 6
19:32:22 BLOC_D_SERIE_DU_JOUR              4m28s      4m26s      -2s  ✅  2 Rois 7
19:36:48 BLOC_D_SERIE_DU_JOUR              5m34s      5m32s      -2s  ✅  2 Rois 8
19:42:20 BLOC_D_SERIE_DU_JOUR              7m22s      7m20s      -2s  ✅  2 Rois 9
19:49:40 BLOC_D_SERIE_DU_JOUR              0m10s      0m08s      -2s  ✅  jingle avant louange 06 que la louange seleve
19:49:48 BLOC_D_SERIE_DU_JOUR              5m10s      5m07s      -3s  ✅  I Will Call Upon The Lord
19:54:55 BLOC_D_SERIE_DU_JOUR              6m30s      6m28s      -2s  ✅  Praise the Lord of Host - Toronto HF
20:01:23 BLOC_D_SERIE_DU_JOUR              5m47s      5m45s      -2s  ✅  We Ascribe Greatness - Abuja HF
20:07:08 BLOC_D_SERIE_DU_JOUR              4m03s      4m00s      -3s  ✅  I Will Not Be Silent - Calabar HF
20:11:08 BLOC_D_SERIE_DU_JOUR              7m51s      7m49s      -2s  ✅  There is no name  - Winnipeg Fellowship
20:18:57 BLOC_D_SERIE_DU_JOUR              8m10s      8m07s      -3s  ✅  Great and Marvellous - Ketu HF
20:27:04 BLOC_D_SERIE_DU_JOUR              6m06s      6m03s      -3s  ✅  Good God - Asaba Fellowship
20:33:07 BLOC_D_SERIE_DU_JOUR             10m47s     10m52s      +5s  ✅  Abba, Singing a, I Will Sing - Ketu HF
20:43:59 BLOC_D_SERIE_DU_JOUR              2m05s      2m03s      -2s  ✅  3 Jean 1
20:46:02 BLOC_D_SERIE_DU_JOUR              3m15s      3m13s      -2s  ✅  Romains 6
20:49:15 BLOC_D_SERIE_DU_JOUR              3m46s      3m43s      -3s  ✅  Romains 7
20:52:58 BLOC_D_SERIE_DU_JOUR              5m42s      5m39s      -3s  ✅  Romains 8
20:58:37 BLOC_D_SERIE_DU_JOUR              4m40s      4m38s      -2s  ✅  Romains 9
21:03:15 BLOC_D_SERIE_DU_JOUR              3m06s      3m03s      -3s  ✅  Romains 10
21:06:18 BLOC_D_SERIE_DU_JOUR              5m37s      5m35s      -2s  ✅  Romains 11
21:11:53 BLOC_D_SERIE_DU_JOUR              0m13s      0m10s      -3s  ✅  jingle avant louange 07 voici un temps de louange
21:12:03 BLOC_D_SERIE_DU_JOUR              6m28s      6m25s      -3s  ✅  Le Bien-Etre Universel
21:18:28 BLOC_D_SERIE_DU_JOUR              6m07s      6m05s      -2s  ✅  There Is Forgiveness In Thee - SWBN TV
21:24:33 BLOC_D_SERIE_DU_JOUR              6m54s      6m51s      -3s  ✅  There is no Lie (Imah Adegoke & Mary Umoh)
21:31:24 BLOC_D_SERIE_DU_JOUR              5m45s      5m43s      -2s  ✅  Ella Samuels - Oh Lord Our Maker
21:37:07 BLOC_D_SERIE_DU_JOUR              7m09s      7m06s      -3s  ✅  There is A Mighty River Flowing - Ketu HF
21:44:13 BLOC_D_SERIE_DU_JOUR              4m52s      4m50s      -2s  ✅  God is Moving Us On - Ketu HF
21:49:03 BLOC_D_SERIE_DU_JOUR              8m24s      8m21s      -3s  ✅  Bless Ye the Lord - PHF
21:57:24 BLOC_D_SERIE_DU_JOUR              5m22s      5m20s      -2s  ✅  God's Got An Army - PHF
22:02:44 BLOC_D_SERIE_DU_JOUR              0m09s      0m06s      -3s  ✅  jingle avant bible 08 prenons un moment pour ecouter la parole
22:02:50 BLOC_D_SERIE_DU_JOUR              3m16s      3m13s      -3s  ✅  1 Timothée 1
22:06:03 BLOC_D_SERIE_DU_JOUR              2m10s      2m08s      -2s  ✅  1 Timothée 2
22:08:11 BLOC_D_SERIE_DU_JOUR              2m24s      2m21s      -3s  ✅  1 Timothée 3
22:10:32 BLOC_D_SERIE_DU_JOUR              2m29s      2m27s      -2s  ✅  1 Timothée 4
22:12:59 BLOC_D_SERIE_DU_JOUR              3m45s      3m42s      -3s  ✅  1 Timothée 5
22:16:41 BLOC_D_SERIE_DU_JOUR              3m53s      3m50s      -3s  ✅  1 Timothée 6
22:20:31 BLOC_D_SERIE_DU_JOUR              1m53s      1m51s      -2s  ✅  Osée 11
22:22:22 BLOC_D_SERIE_DU_JOUR              2m04s      2m02s      -2s  ✅  Osée 12
22:24:24 BLOC_D_SERIE_DU_JOUR              2m43s      2m40s      -3s  ✅  Osée 13
22:27:04 BLOC_D_SERIE_DU_JOUR              1m37s      1m35s      -2s  ✅  Osée 14
22:28:39 BLOC_D_SERIE_DU_JOUR              3m27s      3m25s      -2s  ✅  Matthieu 1
22:32:04 BLOC_D_SERIE_DU_JOUR              3m40s      3m38s      -2s  ✅  Matthieu 2
22:35:42 BLOC_D_SERIE_DU_JOUR              2m25s      2m22s      -3s  ✅  Matthieu 3
22:38:04 BLOC_D_SERIE_DU_JOUR              3m18s      3m16s      -2s  ✅  Matthieu 4
22:41:20 BLOC_D_SERIE_DU_JOUR              0m11s      0m08s      -3s  ✅  jingle avant louange 05 elevons nos coeurs vers dieu
22:41:28 BLOC_D_SERIE_DU_JOUR              5m07s      5m04s      -3s  ✅  We Shall Come - Asaba Fellowship
22:46:32 BLOC_D_SERIE_DU_JOUR              5m13s      5m11s      -2s  ✅  Il s'appelait Emmanuel - Marcel Boungou + Paroles
22:51:43 BLOC_D_SERIE_DU_JOUR             11m54s     11m51s      -3s  ✅  Great & Marvelluos - Toronto HF
23:03:34 BLOC_D_SERIE_DU_JOUR              3m04s      3m02s      -2s  ✅  The Lord is my Light and Salvation - Nonso Njoku
23:06:36 BLOC_D_SERIE_DU_JOUR              4m21s      4m18s      -3s  ✅  Sing Hallelujah - Abuja HF
23:10:54 BLOC_D_SERIE_DU_JOUR              5m02s      5m00s      -2s  ✅  A Song Of Love
23:15:54 BLOC_D_SERIE_DU_JOUR              7m17s      7m15s      -2s  ✅  cantique  tes promesses  pub direct dec 2021 import (2)
23:23:09 BLOC_D_SERIE_DU_JOUR              9m31s      9m28s      -3s  ✅  15 at 01.33.50 (1)(1)
23:32:37 BLOC_E_LOUANGE_NUIT               8m37s      8m35s      -2s  ✅  He Has Given Me & Emmanuel You Joy Over Us (Medley) (Abasiama Timothy & Imah Adegoke)
23:41:12 BLOC_E_LOUANGE_NUIT               3m10s      3m07s      -3s  ✅  la Parole
23:44:19 BLOC_E_LOUANGE_NUIT               6m57s      6m54s      -3s  ✅  The Lord on High is Mightier - Toronto HF
23:51:13 BLOC_E_LOUANGE_NUIT               5m10s      5m08s      -2s  ✅  Igwe
23:56:21 BLOC_E_LOUANGE_NUIT               7m09s      5m11s    -118s  ❌ COUPÉ  My God Is Good - Winnipeg Fellowship
----------------------------------------------------------------------------------------------------
Bilan : 281 titres, 1 anomalie(s) (titre coupé de plus de 10s ou trou d'antenne). Gravité : 0 mineure(s) <1min · 1 sérieuse(s) 1-10min · 0 critique(s) >10min.

====================================================================================================
CONTRÔLES APPROFONDIS
====================================================================================================
MESSAGE DU JOUR « Aa la révélation de la victoire du fils mâle » : 5 diffusion(s) pour 4 prévue(s) ❌
   00:05:33  (étiquette BLOC_A_SERIE_DU_JOUR)
   06:00:29  (étiquette BLOC_B_SERIE_DU_JOUR)
   12:00:25  (étiquette BLOC_C_SERIE_DU_JOUR)
   18:00:13  (étiquette BLOC_D_SERIE_DU_JOUR)
   18:29:24  (étiquette BLOC_D_SERIE_DU_JOUR)  ⚠️ DOUBLE RAPPROCHÉ (rejoué juste après la diffusion précédente)
   → diffusions en trop = reboucle d'un bloc avant la fin de sa fenêtre (l'étiquette playlist des fichiers partagés n'est pas fiable, se fier aux heures).
JINGLES : 25 joués / 36 prévus (69%) ⚠️   ·   BLOC_A 4/9 · BLOC_B 7/9 · BLOC_C 9/9 · BLOC_D 5/9
HORS FENÊTRE : aucun débordement de bloc détecté ✅
BOUCHE-TROUS : 2 titre(s) hors plan sans playlist ⚠️
   00:01:45  ?  (3m48s)
   17:59:17  AzuraCast is Live!  (0m48s)
COUVERTURE : premier titre à 00:01:45 ✅ · dernier titre finit vers 00:03:30 (estimé) ✅

====================================================================================================
RÉEL vs PRÉVU — ce qui a joué vs ce que le plan prévoyait
====================================================================================================
----------------------------------------------------------------------------------------------------
BLOC_A  (00:00-06:00)  prévus  80 · atteignables  67 · joués  64 · conformité  94% · sautés  4 · en trop  1
   ⏭️  PRÉVU NON JOUÉ : jingle avant message 03 vous ecoutez parole prophetique fm · jingle avant bible 08 prenons un moment pour ecouter la parole · jingle avant louange 05 elevons nos coeurs vers dieu · jingle id station 01 la bonne nouvelle partout
   ➕  JOUÉ NON PRÉVU : ?
   ⏸️  FIN DE BLOC NON ATTEINTE (13 titres · ~37m21s) — marge anti-rebouclage au-delà de la fenêtre, normal : Psaumes 93 · Psaumes 94 · Psaumes 95 · Psaumes 96 · Psaumes 97 · Psaumes 98  …(+7)
----------------------------------------------------------------------------------------------------
BLOC_B  (06:00-12:00)  prévus  76 · atteignables  74 · joués  72 · conformité  97% · sautés  2 · en trop  0
   ⏭️  PRÉVU NON JOUÉ : jingle avant message 04 bienvenue sur parole prophetique fm · jingle avant bible 08 prenons un moment pour ecouter la parole
   ⏸️  FIN DE BLOC NON ATTEINTE (2 titres · ~17m29s) — marge anti-rebouclage au-delà de la fenêtre, normal : The Mountains, Come and, Oh City - Ketu HF · You're the Lamb - Calabar HF
----------------------------------------------------------------------------------------------------
BLOC_C  (12:00-18:00)  prévus  80 · atteignables  77 · joués  78 · conformité  99% · sautés  1 · en trop  2
   ⏭️  PRÉVU NON JOUÉ : jingle avant louange 07 voici un temps de louange
   ➕  JOUÉ NON PRÉVU : jingle avant message 03 vous ecoutez parole prophetique fm · AzuraCast is Live!
   ⏸️  FIN DE BLOC NON ATTEINTE (3 titres · ~16m49s) — marge anti-rebouclage au-delà de la fenêtre, normal : Arise Out of Zion  - Winnipeg Fellowship · I Know The Blood - PHF · Je veux vivre ton royaume
----------------------------------------------------------------------------------------------------
BLOC_D  (18:00-23:30)  prévus  70 · atteignables  63 · joués  62 · conformité  97% · sautés  2 · en trop  1
   ⏭️  PRÉVU NON JOUÉ : jingle avant message 03 vous ecoutez parole prophetique fm · jingle avant bible 06 ouvrons les saintes ecritures
   ➕  JOUÉ NON PRÉVU : aa la révélation de la victoire du fils mâle
   ⏸️  FIN DE BLOC NON ATTEINTE (7 titres · ~43m45s) — marge anti-rebouclage au-delà de la fenêtre, normal : JINGLE · 1 Rois 1 · 1 Rois 2 · jingle id station 03 notre mission annonce levangile · You Have sworn By Your Holiness - Chidera Bisong · Jesus is Alpha - PHF  …(+1)
   ⚠️  part non atteinte (~43m45s) excède la marge prévue (~19m43s) — reboucle ou coupure probable dans le bloc
----------------------------------------------------------------------------------------------------
CONFORMITÉ GLOBALE : 272/281 titres atteignables joués dans l'ordre = 97%  (4 titre(s) hors plan · 25 non atteint(s) en fin de bloc, marge normale)
