====================================================================================================
MONITEUR RADIO — 2026-08-07 (synthèse des 3 rapports + plan, heures UTC)
====================================================================================================
État : ❌ incident(s) détecté(s)  ·  diffusion : 2 coupure(s)/trou(s), 0 double(s) message  ·  serveur : 219 incident(s)
SERVEUR (liquidsoap_events) :
   00:01:20  💥 crash Liquidsoap (redémarrage automatique)  (×2)
   00:01:28  🔇 bascule sur jingle d'erreur (silence potentiel)  (×3)
   23:31:57  🌐 échec réseau AzuraCast/Liquidsoap  (×213)
   23:59:40  🔇 bascule sur jingle d'erreur (silence potentiel)
RESET MINUIT : restart confirmé vers 00:02:02 · 3 contrôle(s) · file saine ✅
INCIDENTS CORRÉLÉS (anomalie de diffusion ↔ cause serveur probable) :
   00:00:05  TROU 79s « jingle avant bible 06 ouvrons les saintes ecritures »
          ↳ cause probable 00:01:20 : 💥 crash Liquidsoap (redémarrage automatique)
   00:01:34  TROU 93s « jingle avant message 05 vous etes a lecoute de levangile du royaume »
          ↳ cause probable 00:01:28 : 🔇 bascule sur jingle d'erreur (silence potentiel)
(Détail titre par titre, contrôles approfondis et RÉEL vs PRÉVU ci-dessous.)
Rapport de diffusion — 2026-08-07 (heures UTC)
246 titres joués | tolérance ±10s
====================================================================================================
HEURE    PLAYLIST                     FICHIER          RÉEL    ÉCART  STATUT  TITRE
----------------------------------------------------------------------------------------------------
00:00:05 BLOC_B_SERIE_DU_JOUR              0m10s      1m29s     +79s  ⚠️ TROU APRÈS  jingle avant bible 06 ouvrons les saintes ecritures
00:01:34 BLOC_A_SERIE_DU_JOUR              0m11s      1m44s     +93s  ⚠️ TROU APRÈS  jingle avant message 05 vous etes a lecoute de levangile du royaume
00:03:18 BLOC_A_SERIE_DU_JOUR           1h29m59s   1h30m04s      +5s  ✅  bosson 1 la marche avec dieu(1)
01:33:22 BLOC_A_SERIE_DU_JOUR              5m09s      5m07s      -2s  ✅  Genèse 25
01:38:29 BLOC_A_SERIE_DU_JOUR              5m48s      5m46s      -2s  ✅  Genèse 26
01:44:15 BLOC_A_SERIE_DU_JOUR              8m00s      7m57s      -3s  ✅  Genèse 27
01:52:12 BLOC_A_SERIE_DU_JOUR              3m49s      3m47s      -2s  ✅  Genèse 28
01:55:59 BLOC_A_SERIE_DU_JOUR              5m14s      5m11s      -3s  ✅  Genèse 29
02:01:10 BLOC_A_SERIE_DU_JOUR              6m56s      6m53s      -3s  ✅  Genèse 30
02:08:03 BLOC_A_SERIE_DU_JOUR              8m47s      8m45s      -2s  ✅  Genèse 31
02:16:48 BLOC_A_SERIE_DU_JOUR              5m08s      5m13s      +5s  ✅  Genèse 32
02:22:01 BLOC_A_SERIE_DU_JOUR              8m31s      8m29s      -2s  ✅  Holy Holy - Abuja HF
02:30:30 BLOC_A_SERIE_DU_JOUR              4m33s      4m31s      -2s  ✅  God is Building - Will You Be - Ketu HF
02:35:01 BLOC_A_SERIE_DU_JOUR              6m15s      6m13s      -2s  ✅  Oh Lord I Want to Know Your Glory - Port Harcourt HF
02:41:14 BLOC_A_SERIE_DU_JOUR              6m02s      5m59s      -3s  ✅  Rejoice - PHF
02:47:13 BLOC_A_SERIE_DU_JOUR              7m20s      7m18s      -2s  ✅  The Glory -  PHF
02:54:31 BLOC_A_SERIE_DU_JOUR             10m13s     10m10s      -3s  ✅  As We Worship - Toronto & Winnipeg HF
03:04:41 BLOC_A_SERIE_DU_JOUR             10m47s     10m45s      -2s  ✅  Abba, Singing a, I Will Sing - Ketu HF
03:15:26 BLOC_A_SERIE_DU_JOUR              0m09s      0m06s      -3s  ✅  jingle avant bible 08 prenons un moment pour ecouter la parole
03:15:32 BLOC_A_SERIE_DU_JOUR              2m56s      2m54s      -2s  ✅  Sophonie 1
03:18:26 BLOC_A_SERIE_DU_JOUR              2m46s      2m43s      -3s  ✅  Sophonie 2
03:21:09 BLOC_A_SERIE_DU_JOUR              3m46s      3m44s      -2s  ✅  Sophonie 3
03:24:53 BLOC_A_SERIE_DU_JOUR              5m55s      5m52s      -3s  ✅  Deutéronome 2
03:30:45 BLOC_A_SERIE_DU_JOUR              5m07s      5m04s      -3s  ✅  Deutéronome 3
03:35:49 BLOC_A_SERIE_DU_JOUR              9m03s      9m01s      -2s  ✅  Deutéronome 4
03:44:50 BLOC_A_SERIE_DU_JOUR              0m11s      0m08s      -3s  ✅  jingle avant louange 05 elevons nos coeurs vers dieu
03:44:58 BLOC_A_SERIE_DU_JOUR              3m19s      3m17s      -2s  ✅  Awaken My Heart
03:48:15 BLOC_A_SERIE_DU_JOUR              5m13s      5m10s      -3s  ✅  Il s'appelait Emmanuel - Marcel Boungou + Paroles
03:53:25 BLOC_A_SERIE_DU_JOUR              2m16s      2m13s      -3s  ✅  cantique  nous sommes le sel de la terre
03:55:38 BLOC_A_SERIE_DU_JOUR              6m07s      6m05s      -2s  ✅  There Is Forgiveness In Thee - SWBN TV
04:01:43 BLOC_A_SERIE_DU_JOUR              5m47s      5m45s      -2s  ✅  We Ascribe Greatness - Abuja HF
04:07:28 BLOC_A_SERIE_DU_JOUR              7m21s      7m18s      -3s  ✅  For By My God - Toronto & Winnipeg HF
04:14:46 BLOC_A_SERIE_DU_JOUR              6m02s      5m59s      -3s  ✅  Crown Him Lord of Lords - Nonso Njoku
04:20:45 BLOC_A_SERIE_DU_JOUR              6m12s      6m10s      -2s  ✅  The King is Here (Abasiama Timothy)
04:26:55 BLOC_A_SERIE_DU_JOUR              7m36s      7m33s      -3s  ✅  There Is No Lie - SWBN TV
04:34:28 BLOC_A_SERIE_DU_JOUR              0m13s      0m11s      -2s  ✅  jingle avant bible 07 place a la lecture de la bible
04:34:39 BLOC_A_SERIE_DU_JOUR              3m07s      3m04s      -3s  ✅  2 Chroniques 1
04:37:43 BLOC_A_SERIE_DU_JOUR              3m38s      3m36s      -2s  ✅  2 Chroniques 2
04:41:19 BLOC_A_SERIE_DU_JOUR              2m35s      2m33s      -2s  ✅  2 Chroniques 3
04:43:52 BLOC_A_SERIE_DU_JOUR              3m07s      3m04s      -3s  ✅  2 Chroniques 4
04:46:56 BLOC_A_SERIE_DU_JOUR              2m35s      2m32s      -3s  ✅  2 Chroniques 5
04:49:28 BLOC_A_SERIE_DU_JOUR              7m55s      7m53s      -2s  ✅  2 Chroniques 6
04:57:21 BLOC_A_SERIE_DU_JOUR              4m11s      4m09s      -2s  ✅  2 Chroniques 7
05:01:30 BLOC_A_SERIE_DU_JOUR              3m06s      3m03s      -3s  ✅  2 Chroniques 8
05:04:33 BLOC_A_SERIE_DU_JOUR              4m59s      4m57s      -2s  ✅  2 Chroniques 9
05:09:30 BLOC_A_SERIE_DU_JOUR              0m13s      0m10s      -3s  ✅  jingle avant louange 07 voici un temps de louange
05:09:40 BLOC_A_SERIE_DU_JOUR              5m10s      5m08s      -2s  ✅  I Will Call Upon The Lord
05:14:48 BLOC_A_SERIE_DU_JOUR              4m13s      4m10s      -3s  ✅  4 minutes
05:18:58 BLOC_A_SERIE_DU_JOUR             10m25s     10m23s      -2s  ✅  Holy Are You - PHF
05:29:21 BLOC_A_SERIE_DU_JOUR              5m58s      5m56s      -2s  ✅  In Jesus - PHF
05:35:17 BLOC_A_SERIE_DU_JOUR              8m22s      8m19s      -3s  ✅  Yeshua Hamashiach - Calabar HF
05:43:36 BLOC_A_SERIE_DU_JOUR              6m54s      6m51s      -3s  ✅  There is no Lie (Imah Adegoke & Mary Umoh)
05:50:27 BLOC_A_SERIE_DU_JOUR              4m20s      4m18s      -2s  ✅  There's A Mighty River Flowing - SWBN TV
05:54:45 BLOC_A_SERIE_DU_JOUR              0m09s      0m10s      +1s  ✅  JINGLE
05:54:55 BLOC_A_SERIE_DU_JOUR              3m42s      3m39s      -3s  ✅  2 Pierre 1
05:58:34 BLOC_A_SERIE_DU_JOUR              4m04s      4m02s      -2s  ✅  2 Pierre 2
06:02:36 BLOC_B_SERIE_DU_JOUR              0m11s      0m08s      -3s  ✅  jingle avant message 05 vous etes a lecoute de levangile du royaume
06:02:44 BLOC_B_SERIE_DU_JOUR           1h29m59s   1h29m57s      -2s  ✅  bosson 1 la marche avec dieu(1)
07:32:41 BLOC_B_SERIE_DU_JOUR              0m09s      0m07s      -2s  ✅  jingle avant bible 08 prenons un moment pour ecouter la parole
07:32:48 BLOC_B_SERIE_DU_JOUR              2m25s      2m23s      -2s  ✅  Cantique des Cantiques 1
07:35:11 BLOC_B_SERIE_DU_JOUR              2m32s      2m29s      -3s  ✅  Cantique des Cantiques 2
07:37:40 BLOC_B_SERIE_DU_JOUR              1m53s      1m51s      -2s  ✅  Cantique des Cantiques 3
07:39:31 BLOC_B_SERIE_DU_JOUR              2m50s      2m47s      -3s  ✅  Cantique des Cantiques 4
07:42:18 BLOC_B_SERIE_DU_JOUR              2m54s      2m52s      -2s  ✅  Cantique des Cantiques 5
07:45:10 BLOC_B_SERIE_DU_JOUR              2m06s      2m03s      -3s  ✅  Cantique des Cantiques 6
07:47:13 BLOC_B_SERIE_DU_JOUR              1m57s      1m54s      -3s  ✅  Cantique des Cantiques 7
07:49:07 BLOC_B_SERIE_DU_JOUR              2m29s      2m27s      -2s  ✅  Cantique des Cantiques 8
07:51:34 BLOC_B_SERIE_DU_JOUR              2m57s      2m54s      -3s  ✅  Proverbes 12
07:54:28 BLOC_B_SERIE_DU_JOUR              2m40s      2m38s      -2s  ✅  Proverbes 13
07:57:06 BLOC_B_SERIE_DU_JOUR              3m35s      3m33s      -2s  ✅  Proverbes 14
08:00:39 BLOC_B_SERIE_DU_JOUR              3m26s      3m23s      -3s  ✅  Proverbes 15
08:04:02 BLOC_B_SERIE_DU_JOUR              3m18s      3m16s      -2s  ✅  Proverbes 16
08:07:18 BLOC_B_SERIE_DU_JOUR              2m57s      2m55s      -2s  ✅  Proverbes 17
08:10:13 BLOC_B_SERIE_DU_JOUR              2m16s      2m13s      -3s  ✅  Proverbes 18
08:12:26 BLOC_B_SERIE_DU_JOUR              3m01s      2m58s      -3s  ✅  Proverbes 19
08:15:24 BLOC_B_SERIE_DU_JOUR              2m55s      2m53s      -2s  ✅  Proverbes 20
08:18:17 BLOC_B_SERIE_DU_JOUR              0m10s      0m08s      -2s  ✅  jingle avant louange 06 que la louange seleve
08:18:25 BLOC_B_SERIE_DU_JOUR              7m57s      7m55s      -2s  ✅  Yahweh is Mighty (Imah Adegoke)
08:26:20 BLOC_B_SERIE_DU_JOUR              6m59s      6m56s      -3s  ✅  Hosanna - Toronto HF
08:33:16 BLOC_B_SERIE_DU_JOUR              9m31s      9m28s      -3s  ✅  15 at 01.33.50 (1)(1)
08:42:44 BLOC_B_SERIE_DU_JOUR              5m04s      5m02s      -2s  ✅  Guide Me - El ELyon - Abuja HF
08:47:46 BLOC_B_SERIE_DU_JOUR              9m23s      9m21s      -2s  ✅  10 minutes
08:57:07 BLOC_B_SERIE_DU_JOUR              5m19s      5m17s      -2s  ✅  Gabrielle LIDJI - Mélodie Céleste  by LFXA(Light FX Animation)_2
09:02:24 BLOC_B_SERIE_DU_JOUR              5m57s      5m54s      -3s  ✅  You are God - Winnipeg Fellowship
09:08:18 BLOC_B_SERIE_DU_JOUR              0m13s      0m10s      -3s  ✅  jingle avant bible 07 place a la lecture de la bible
09:08:28 BLOC_B_SERIE_DU_JOUR              3m26s      3m23s      -3s  ✅  Abdias 1
09:11:51 BLOC_B_SERIE_DU_JOUR              3m44s      3m42s      -2s  ✅  Ecclésiaste 7
09:15:33 BLOC_B_SERIE_DU_JOUR              2m51s      2m49s      -2s  ✅  Ecclésiaste 8
09:18:22 BLOC_B_SERIE_DU_JOUR              3m14s      3m11s      -3s  ✅  Ecclésiaste 9
09:21:33 BLOC_B_SERIE_DU_JOUR              2m29s      2m27s      -2s  ✅  Ecclésiaste 10
09:24:00 BLOC_B_SERIE_DU_JOUR              1m34s      1m32s      -2s  ✅  Ecclésiaste 11
09:25:32 BLOC_B_SERIE_DU_JOUR              2m16s      2m13s      -3s  ✅  Ecclésiaste 12
09:27:45 BLOC_B_SERIE_DU_JOUR              3m16s      3m13s      -3s  ✅  1 Timothée 1
09:30:58 BLOC_B_SERIE_DU_JOUR              0m13s      0m11s      -2s  ✅  jingle avant louange 07 voici un temps de louange
09:31:09 BLOC_B_SERIE_DU_JOUR              7m17s      7m14s      -3s  ✅  cantique  tes promesses  pub direct dec 2021 import (2)
09:38:23 BLOC_B_SERIE_DU_JOUR              8m41s      8m39s      -2s  ✅  Unto Him (Vincent Opara)
09:47:02 BLOC_B_SERIE_DU_JOUR              7m09s      7m07s      -2s  ✅  My God Is Good - Winnipeg Fellowship
09:54:09 BLOC_B_SERIE_DU_JOUR              9m43s      9m40s      -3s  ✅  Thy Throne Oh Lord - Ketu HF
10:03:49 BLOC_B_SERIE_DU_JOUR              5m08s      5m06s      -2s  ✅  He Has Given Me - PHF
10:08:55 BLOC_B_SERIE_DU_JOUR              8m37s      8m42s      +5s  ✅  He Has Given Me & Emmanuel You Joy Over Us (Medley) (Abasiama Timothy & Imah Adegoke)
10:17:37 BLOC_B_SERIE_DU_JOUR              4m42s      4m39s      -3s  ✅  Luc 17
10:22:16 BLOC_B_SERIE_DU_JOUR              5m39s      5m36s      -3s  ✅  Luc 18
10:27:52 BLOC_B_SERIE_DU_JOUR              5m49s      5m47s      -2s  ✅  Luc 19
10:33:39 BLOC_B_SERIE_DU_JOUR              5m57s      5m55s      -2s  ✅  Luc 20
10:39:34 BLOC_B_SERIE_DU_JOUR              5m02s      4m59s      -3s  ✅  Luc 21
10:44:33 BLOC_B_SERIE_DU_JOUR              9m03s      9m01s      -2s  ✅  Luc 22
10:53:34 BLOC_B_SERIE_DU_JOUR              0m11s      0m08s      -3s  ✅  jingle avant louange 05 elevons nos coeurs vers dieu
10:53:42 BLOC_B_SERIE_DU_JOUR              8m10s      8m08s      -2s  ✅  Agunechemba - SWBN TV
11:01:50 BLOC_B_SERIE_DU_JOUR              7m04s      7m01s      -3s  ✅  We Bless You Wonderful God  - Winnipeg Fellowship
11:08:51 BLOC_B_SERIE_DU_JOUR              4m11s      4m08s      -3s  ✅  jai donné ma vie à jésus (1)
11:12:59 BLOC_B_SERIE_DU_JOUR              6m10s      6m08s      -2s  ✅  That I May Know Him - Toronto HF
11:19:07 BLOC_B_SERIE_DU_JOUR              4m04s      4m01s      -3s  ✅  Ascribe Greatness - PHF
11:23:08 BLOC_B_SERIE_DU_JOUR              6m57s      6m55s      -2s  ✅  The Lord on High is Mightier - Toronto HF
11:30:03 BLOC_B_SERIE_DU_JOUR              5m21s      5m18s      -3s  ✅  We Shall Not Fear - Nonso Njoku
11:35:21 BLOC_B_SERIE_DU_JOUR              5m10s      5m07s      -3s  ✅  Igwe
11:40:28 BLOC_B_SERIE_DU_JOUR              0m09s      0m10s      +1s  ✅  JINGLE
11:40:38 BLOC_B_SERIE_DU_JOUR              3m56s      3m54s      -2s  ✅  Lamentations 4
11:44:32 BLOC_B_SERIE_DU_JOUR              2m20s      2m17s      -3s  ✅  Lamentations 5
11:46:49 BLOC_B_SERIE_DU_JOUR              4m15s      4m13s      -2s  ✅  Philippiens 1
11:51:02 BLOC_B_SERIE_DU_JOUR              4m28s      4m25s      -3s  ✅  Philippiens 2
11:55:27 BLOC_B_SERIE_DU_JOUR              3m26s      3m23s      -3s  ✅  Philippiens 3
11:58:50 BLOC_B_SERIE_DU_JOUR              0m09s      0m10s      +1s  ✅  JINGLE
11:59:00 BLOC_B_SERIE_DU_JOUR              6m06s      6m10s      +4s  ✅  Good God - Asaba Fellowship
12:05:10 BLOC_C_SERIE_DU_JOUR           1h29m59s   1h30m04s      +5s  ✅  bosson 1 la marche avec dieu(1)
13:35:14 BLOC_C_SERIE_DU_JOUR              2m43s      2m40s      -3s  ✅  Tite 1
13:37:54 BLOC_C_SERIE_DU_JOUR              2m10s      2m07s      -3s  ✅  Tite 2
13:40:01 BLOC_C_SERIE_DU_JOUR              2m22s      2m20s      -2s  ✅  Tite 3
13:42:21 BLOC_C_SERIE_DU_JOUR              4m27s      4m24s      -3s  ✅  Jude 1
13:46:45 BLOC_C_SERIE_DU_JOUR              4m33s      4m31s      -2s  ✅  1 Pierre 1
13:51:16 BLOC_C_SERIE_DU_JOUR              4m17s      4m14s      -3s  ✅  1 Pierre 2
13:55:30 BLOC_C_SERIE_DU_JOUR              3m50s      3m47s      -3s  ✅  1 Pierre 3
13:59:17 BLOC_C_SERIE_DU_JOUR              3m13s      3m11s      -2s  ✅  1 Pierre 4
14:02:28 BLOC_C_SERIE_DU_JOUR              2m15s      2m12s      -3s  ✅  1 Pierre 5
14:04:40 BLOC_C_SERIE_DU_JOUR              7m58s      7m56s      -2s  ✅  Marc 6
14:12:36 BLOC_C_SERIE_DU_JOUR              4m56s      4m53s      -3s  ✅  Marc 7
14:17:29 BLOC_C_SERIE_DU_JOUR              5m26s      5m24s      -2s  ✅  Marc 8
14:22:53 BLOC_C_SERIE_DU_JOUR              0m10s      0m08s      -2s  ✅  jingle avant louange 06 que la louange seleve
14:23:01 BLOC_C_SERIE_DU_JOUR              9m38s      9m35s      -3s  ✅  Holy are You oh Lord (Olaedo Uzoma & Vincent Opara)
14:32:36 BLOC_C_SERIE_DU_JOUR              5m28s      5m26s      -2s  ✅  même humilié
14:38:02 BLOC_C_SERIE_DU_JOUR              4m03s      4m00s      -3s  ✅  I Will Not Be Silent - Calabar HF
14:42:02 BLOC_C_SERIE_DU_JOUR              9m14s      9m12s      -2s  ✅  A jamais, tu seras l Agneau de Dieu
14:51:14 BLOC_C_SERIE_DU_JOUR              9m23s      9m21s      -2s  ✅  Thou art Worthy Lord - PHF
15:00:35 BLOC_C_SERIE_DU_JOUR              8m10s      8m07s      -3s  ✅  Great and Marvellous - Ketu HF
15:08:42 BLOC_C_SERIE_DU_JOUR              0m10s      0m08s      -2s  ✅  jingle avant bible 06 ouvrons les saintes ecritures
15:08:50 BLOC_C_SERIE_DU_JOUR              3m45s      3m43s      -2s  ✅  Daniel 10
15:12:33 BLOC_C_SERIE_DU_JOUR              8m26s      8m24s      -2s  ✅  Daniel 11
15:20:57 BLOC_C_SERIE_DU_JOUR              2m26s      2m23s      -3s  ✅  Daniel 12
15:23:20 BLOC_C_SERIE_DU_JOUR              5m46s      5m43s      -3s  ✅  Juges 1
15:29:03 BLOC_C_SERIE_DU_JOUR              4m00s      3m58s      -2s  ✅  Juges 2
15:33:01 BLOC_C_SERIE_DU_JOUR              0m13s      0m10s      -3s  ✅  jingle avant louange 07 voici un temps de louange
15:33:11 BLOC_C_SERIE_DU_JOUR              5m45s      5m43s      -2s  ✅  How Precious Oh Lord
15:38:54 BLOC_C_SERIE_DU_JOUR              4m18s      4m16s      -2s  ✅  You Are Worthy - Ketu HF
15:43:10 BLOC_C_SERIE_DU_JOUR              9m04s      9m01s      -3s  ✅  You're the Lamb - Calabar HF
15:52:11 BLOC_C_SERIE_DU_JOUR              8m30s      8m27s      -3s  ✅  We Worship Adonai - PHF
16:00:38 BLOC_C_SERIE_DU_JOUR             11m01s     10m59s      -2s  ✅  Great is, Ascribe - Ketu HF
16:11:37 BLOC_C_SERIE_DU_JOUR              9m24s      9m21s      -3s  ✅  I See Your Face - Toronto HF
16:20:58 BLOC_C_SERIE_DU_JOUR              0m13s      0m11s      -2s  ✅  jingle avant bible 07 place a la lecture de la bible
16:21:09 BLOC_C_SERIE_DU_JOUR              6m21s      6m18s      -3s  ✅  Esdras 10
16:27:27 BLOC_C_SERIE_DU_JOUR              3m26s      3m23s      -3s  ✅  Éphésiens 1
16:30:50 BLOC_C_SERIE_DU_JOUR              3m16s      3m14s      -2s  ✅  Éphésiens 2
16:34:04 BLOC_C_SERIE_DU_JOUR              2m56s      2m53s      -3s  ✅  Éphésiens 3
16:36:57 BLOC_C_SERIE_DU_JOUR              4m53s      4m51s      -2s  ✅  Éphésiens 4
16:41:48 BLOC_C_SERIE_DU_JOUR              4m12s      4m10s      -2s  ✅  Éphésiens 5
16:45:58 BLOC_C_SERIE_DU_JOUR              3m21s      3m18s      -3s  ✅  Éphésiens 6
16:49:16 BLOC_C_SERIE_DU_JOUR              4m35s      4m33s      -2s  ✅  Colossiens 1
16:53:49 BLOC_C_SERIE_DU_JOUR              3m46s      3m44s      -2s  ✅  Colossiens 2
16:57:33 BLOC_C_SERIE_DU_JOUR              0m11s      0m08s      -3s  ✅  jingle avant louange 05 elevons nos coeurs vers dieu
16:57:41 BLOC_C_SERIE_DU_JOUR              6m56s      6m53s      -3s  ✅  As We Worship In Ypur Presence
17:04:34 BLOC_C_SERIE_DU_JOUR              4m05s      4m03s      -2s  ✅  Song Of Victory - Emmanuel Igunbor
17:08:37 BLOC_C_SERIE_DU_JOUR              4m40s      4m37s      -3s  ✅  All in All - CHF
17:13:14 BLOC_C_SERIE_DU_JOUR              4m52s      4m50s      -2s  ✅  cantique   prends tout le contrôle
17:18:04 BLOC_C_SERIE_DU_JOUR              9m39s      9m37s      -2s  ✅  Psalm 93 - Port Harcourt HF
17:27:41 BLOC_C_SERIE_DU_JOUR              6m28s      6m25s      -3s  ✅  Le Bien-Etre Universel
17:34:06 BLOC_C_SERIE_DU_JOUR              5m52s      5m49s      -3s  ✅  Where Two or Three are Gathered - Calabar HF
17:39:55 BLOC_C_SERIE_DU_JOUR              7m29s      7m26s      -3s  ✅  Hallelujah - PHF
17:47:21 BLOC_C_SERIE_DU_JOUR              0m09s      0m10s      +1s  ✅  JINGLE
17:47:31 BLOC_C_SERIE_DU_JOUR              3m57s      3m54s      -3s  ✅  Jacques 1
17:51:25 BLOC_C_SERIE_DU_JOUR              3m51s      3m49s      -2s  ✅  Jacques 2
17:55:14 BLOC_C_SERIE_DU_JOUR              2m56s      2m53s      -3s  ✅  Jacques 3
17:58:07 BLOC_C_SERIE_DU_JOUR              2m47s      2m44s      -3s  ✅  Jacques 4
18:00:51 BLOC_D_SERIE_DU_JOUR              0m11s      0m08s      -3s  ✅  jingle avant message 05 vous etes a lecoute de levangile du royaume
18:00:59 BLOC_D_SERIE_DU_JOUR           1h29m59s   1h29m57s      -2s  ✅  bosson 1 la marche avec dieu(1)
19:30:56 BLOC_D_SERIE_DU_JOUR              0m13s      0m11s      -2s  ✅  jingle avant bible 07 place a la lecture de la bible
19:31:07 BLOC_D_SERIE_DU_JOUR              2m05s      2m02s      -3s  ✅  3 Jean 1
19:33:09 BLOC_D_SERIE_DU_JOUR              1m58s      1m55s      -3s  ✅  Nombres 17
19:35:04 BLOC_D_SERIE_DU_JOUR              6m15s      6m13s      -2s  ✅  Nombres 18
19:41:17 BLOC_D_SERIE_DU_JOUR              4m01s      3m59s      -2s  ✅  Nombres 19
19:45:16 BLOC_D_SERIE_DU_JOUR              4m39s      4m36s      -3s  ✅  Nombres 20
19:49:52 BLOC_D_SERIE_DU_JOUR              5m27s      5m24s      -3s  ✅  Nombres 21
19:55:16 BLOC_D_SERIE_DU_JOUR              6m56s      6m54s      -2s  ✅  Nombres 22
20:02:10 BLOC_D_SERIE_DU_JOUR              4m50s      4m48s      -2s  ✅  Nombres 23
20:06:58 BLOC_D_SERIE_DU_JOUR              4m11s      4m08s      -3s  ✅  Nombres 24
20:11:06 BLOC_D_SERIE_DU_JOUR              0m13s      0m11s      -2s  ✅  jingle avant louange 07 voici un temps de louange
20:11:17 BLOC_D_SERIE_DU_JOUR              5m33s      5m30s      -3s  ✅  He Shall Feed His Flock - I Want to walk  - Ketu HF
20:16:47 BLOC_D_SERIE_DU_JOUR              5m07s      5m04s      -3s  ✅  We Shall Come - Asaba Fellowship
20:21:51 BLOC_D_SERIE_DU_JOUR              2m57s      2m55s      -2s  ✅  You Are the Captain of the Host - Toronto HF
20:24:46 BLOC_D_SERIE_DU_JOUR              7m37s      7m34s      -3s  ✅  Cantiques  Il a pris mes iniquités
20:32:20 BLOC_D_SERIE_DU_JOUR              7m09s      7m06s      -3s  ✅  There is A Mighty River Flowing - Ketu HF
20:39:26 BLOC_D_SERIE_DU_JOUR              3m10s      3m08s      -2s  ✅  la Parole
20:42:34 BLOC_D_SERIE_DU_JOUR              5m48s      5m45s      -3s  ✅  Forever You Reign - Abuja HF
20:48:19 BLOC_D_SERIE_DU_JOUR              2m20s      2m17s      -3s  ✅  cantique  heureux l homme qui ne marche pas selon
20:50:36 BLOC_D_SERIE_DU_JOUR              5m02s      5m08s      +6s  ✅  A Song Of Love
20:55:44 BLOC_D_SERIE_DU_JOUR              8m24s      8m21s      -3s  ✅  Jean 6
21:04:05 BLOC_D_SERIE_DU_JOUR              6m07s      6m05s      -2s  ✅  Jean 7
21:10:10 BLOC_D_SERIE_DU_JOUR              7m26s      7m32s      +6s  ✅  Jean 8
21:17:42 BLOC_D_SERIE_DU_JOUR             10m35s     10m32s      -3s  ✅  Baruch Ha'ba B'Shem Adonai/Blessed Is He Who Comes in the Name of the Lord - Port Harcourt HF
21:28:14 BLOC_D_SERIE_DU_JOUR              3m04s      3m01s      -3s  ✅  The Lord is my Light and Salvation - Nonso Njoku
21:31:15 BLOC_D_SERIE_DU_JOUR              8m25s      8m22s      -3s  ✅  The Mountains, Come and, Oh City - Ketu HF
21:39:37 BLOC_D_SERIE_DU_JOUR              5m15s      5m13s      -2s  ✅  Yahweh Be Praised - Abuja HF
21:44:50 BLOC_D_SERIE_DU_JOUR              6m19s      6m17s      -2s  ✅  Unto Him - CHF
21:51:07 BLOC_D_SERIE_DU_JOUR              7m09s      7m13s      +4s  ✅  You're the Lamb (Abasiama Timothy)
21:58:20 BLOC_D_SERIE_DU_JOUR              1m56s      1m54s      -2s  ✅  Jérémie 24
22:00:14 BLOC_D_SERIE_DU_JOUR              5m57s      5m55s      -2s  ✅  Jérémie 25
22:06:09 BLOC_D_SERIE_DU_JOUR              4m07s      4m05s      -2s  ✅  Jérémie 26
22:10:14 BLOC_D_SERIE_DU_JOUR              3m55s      3m52s      -3s  ✅  Jérémie 27
22:14:06 BLOC_D_SERIE_DU_JOUR              3m03s      3m01s      -2s  ✅  Jérémie 28
22:17:07 BLOC_D_SERIE_DU_JOUR              5m38s      5m35s      -3s  ✅  Jérémie 29
22:22:42 BLOC_D_SERIE_DU_JOUR              4m01s      3m58s      -3s  ✅  Jérémie 30
22:26:40 BLOC_D_SERIE_DU_JOUR              7m15s      7m13s      -2s  ✅  Jérémie 31
22:33:53 BLOC_D_SERIE_DU_JOUR              0m11s      0m08s      -3s  ✅  jingle avant louange 05 elevons nos coeurs vers dieu
22:34:01 BLOC_D_SERIE_DU_JOUR              4m08s      4m05s      -3s  ✅  I Choose the Way of the Lord - Abuja HF
22:38:06 BLOC_D_SERIE_DU_JOUR              8m58s      8m55s      -3s  ✅  El Elyon - Toronto & Winnipeg HF
22:47:01 BLOC_D_SERIE_DU_JOUR              8m18s      8m16s      -2s  ✅  Yahweh Is Mighty - SWBN TV
22:55:17 BLOC_D_SERIE_DU_JOUR              7m51s      7m48s      -3s  ✅  There is no name  - Winnipeg Fellowship
23:03:05 BLOC_D_SERIE_DU_JOUR              6m34s      6m31s      -3s  ✅  cantique  béni soit le dieu d israël
23:09:36 BLOC_D_SERIE_DU_JOUR              4m11s      4m09s      -2s  ✅  Cantique   Oh Éternel Dieu, Tu es le Dieu Incomparable
23:13:45 BLOC_D_SERIE_DU_JOUR              0m09s      0m09s      +0s  ✅  jingle id station 01 la bonne nouvelle partout
23:13:54 BLOC_D_SERIE_DU_JOUR              2m21s      2m19s      -2s  ✅  Nahum 1
23:16:13 BLOC_D_SERIE_DU_JOUR              2m04s      2m01s      -3s  ✅  Nahum 2
23:18:14 BLOC_D_SERIE_DU_JOUR              3m02s      3m00s      -2s  ✅  Nahum 3
23:21:14 BLOC_D_SERIE_DU_JOUR              0m37s      0m35s      -2s  ✅  Psaumes 120
23:21:49 BLOC_D_SERIE_DU_JOUR              0m41s      0m39s      -2s  ✅  Psaumes 121
23:22:28 BLOC_D_SERIE_DU_JOUR              0m48s      0m45s      -3s  ✅  Psaumes 122
23:23:13 BLOC_D_SERIE_DU_JOUR              0m31s      0m28s      -3s  ✅  Psaumes 123
23:23:41 BLOC_D_SERIE_DU_JOUR              0m42s      0m40s      -2s  ✅  Psaumes 124
23:24:21 BLOC_D_SERIE_DU_JOUR              0m41s      0m38s      -3s  ✅  Psaumes 125
23:24:59 BLOC_D_SERIE_DU_JOUR              0m39s      0m36s      -3s  ✅  Psaumes 126
23:25:35 BLOC_D_SERIE_DU_JOUR              0m41s      0m39s      -2s  ✅  Psaumes 127
23:26:14 BLOC_D_SERIE_DU_JOUR              0m35s      0m32s      -3s  ✅  Psaumes 128
23:26:46 BLOC_D_SERIE_DU_JOUR              0m09s      0m10s      +1s  ✅  jingle id station 02 radio evangile du royaume
23:26:56 BLOC_D_SERIE_DU_JOUR              6m30s      6m28s      -2s  ✅  Praise the Lord of Host - Toronto HF
23:33:24 BLOC_E_LOUANGE_NUIT               3m10s      3m07s      -3s  ✅  la Parole
23:36:31 BLOC_E_LOUANGE_NUIT               5m18s      5m15s      -3s  ✅  Now is Come Salvation - Toronto HF
23:41:46 BLOC_E_LOUANGE_NUIT               9m31s      9m28s      -3s  ✅  15 at 01.33.50 (1)(1)
23:51:14 BLOC_E_LOUANGE_NUIT               8m30s      8m31s      +1s  ✅  We Worship Adonai - PHF
23:59:45 ?                                 0m20s      0m20s      +0s  ✅  AzuraCast is Live!
----------------------------------------------------------------------------------------------------
Bilan : 246 titres, 2 anomalie(s) (titre coupé de plus de 10s ou trou d'antenne). Gravité : 0 mineure(s) <1min · 2 sérieuse(s) 1-10min · 0 critique(s) >10min.

====================================================================================================
CONTRÔLES APPROFONDIS
====================================================================================================
MESSAGE DU JOUR « Bosson 1 la marche avec Dieu 1 » : 4 diffusion(s) pour 4 prévue(s) ✅
   00:03:18  (étiquette BLOC_A_SERIE_DU_JOUR)
   06:02:44  (étiquette BLOC_B_SERIE_DU_JOUR)
   12:05:10  (étiquette BLOC_C_SERIE_DU_JOUR)
   18:00:59  (étiquette BLOC_D_SERIE_DU_JOUR)
JINGLES : 27 joués / 36 prévus (75%) ⚠️   ·   BLOC_A 7/9 · BLOC_B 8/9 · BLOC_C 6/9 · BLOC_D 6/9
HORS FENÊTRE : aucun débordement de bloc détecté ✅
BOUCHE-TROUS : 1 titre(s) hors plan sans playlist ⚠️
   23:59:45  AzuraCast is Live!  (0m20s)
COUVERTURE : premier titre à 00:00:05 ✅ · dernier titre finit vers 00:00:05 (estimé) ✅

====================================================================================================
RÉEL vs PRÉVU — ce qui a joué vs ce que le plan prévoyait
====================================================================================================
----------------------------------------------------------------------------------------------------
BLOC_A  (00:00-06:00)  prévus  64 · atteignables  57 · joués  56 · conformité  96% · sautés  2 · en trop  1
   ⏭️  PRÉVU NON JOUÉ : jingle avant bible 06 ouvrons les saintes ecritures · jingle avant louange 06 que la louange seleve
   ➕  JOUÉ NON PRÉVU : jingle avant bible 06 ouvrons les saintes ecritures
   ⏸️  FIN DE BLOC NON ATTEINTE (7 titres · ~33m07s) — marge anti-rebouclage au-delà de la fenêtre, normal : 2 Pierre 3 · Exode 17 · Exode 18 · jingle id station 01 la bonne nouvelle partout · cantique  ta bonte · Victorious Is the Lamb - Winnipeg Fellowship  …(+1)
----------------------------------------------------------------------------------------------------
BLOC_B  (06:00-12:00)  prévus  70 · atteignables  68 · joués  67 · conformité  99% · sautés  1 · en trop  0
   ⏭️  PRÉVU NON JOUÉ : jingle avant bible 06 ouvrons les saintes ecritures
   ⏸️  FIN DE BLOC NON ATTEINTE (2 titres · ~13m03s) — marge anti-rebouclage au-delà de la fenêtre, normal : Ella Samuels - Oh Lord Our Maker · Holy is the Lord (Emmanuel Umoh)
----------------------------------------------------------------------------------------------------
BLOC_C  (12:00-18:00)  prévus  65 · atteignables  59 · joués  57 · conformité  97% · sautés  2 · en trop  0
   ⏭️  PRÉVU NON JOUÉ : jingle avant message 03 vous ecoutez parole prophetique fm · jingle avant bible 08 prenons un moment pour ecouter la parole
   ⏸️  FIN DE BLOC NON ATTEINTE (6 titres · ~25m41s) — marge anti-rebouclage au-delà de la fenêtre, normal : Jacques 5 · jingle id station 01 la bonne nouvelle partout · God is Moving Us On - Ketu HF · Praise the Lord All Ye Nations - Toronto HF · Adorons l'Éternel GAEL - JÉSUS EST SEIGNEUR - · You Have sworn By Your Holiness - Chidera Bisong
----------------------------------------------------------------------------------------------------
BLOC_D  (18:00-23:30)  prévus  66 · atteignables  64 · joués  61 · conformité  95% · sautés  3 · en trop  0
   ⏭️  PRÉVU NON JOUÉ : jingle avant bible 06 ouvrons les saintes ecritures · jingle avant louange 06 que la louange seleve · jingle avant bible 08 prenons un moment pour ecouter la parole
   ⏸️  FIN DE BLOC NON ATTEINTE (2 titres · ~17m58s) — marge anti-rebouclage au-delà de la fenêtre, normal : Sing Unto the Lord a new Song  - Winnipeg Fellowship · Great & Marvelluos - Toronto HF
----------------------------------------------------------------------------------------------------
CONFORMITÉ GLOBALE : 240/248 titres atteignables joués dans l'ordre = 97%  (1 titre(s) hors plan · 17 non atteint(s) en fin de bloc, marge normale)
