Rapport de diffusion — 2026-06-01 (heures UTC)
297 titres joués | tolérance ±10s
====================================================================================================
HEURE    PLAYLIST                     FICHIER          RÉEL    ÉCART  STATUT  TITRE
----------------------------------------------------------------------------------------------------
00:00:21 BLOC_D_SERIE_DU_JOUR              9m23s      9m17s      -6s  ✅  10 minutes
00:09:38 BLOC_A_SERIE_DU_JOUR              3m15s      3m13s      -2s  ✅  Romains
00:12:51 BLOC_A_SERIE_DU_JOUR              1m36s      1m34s      -2s  ✅  Job
00:14:25 BLOC_A_SERIE_DU_JOUR              3m51s      3m48s      -3s  ✅  Bible_fr_06_joshua_017
00:18:13 BLOC_A_SERIE_DU_JOUR              6m09s      6m07s      -2s  ✅  Jean 19
00:24:20 BLOC_A_SERIE_DU_JOUR              0m07s      0m05s      -2s  ✅  JINGLE
00:24:25 BLOC_D_SERIE_DU_JOUR           1h13m31s      0m52s   -4359s  ❌ COUPÉ  la résurrection des morts et la délivrance de lesclavage de la corruption part1
00:25:17 BLOC_A_SERIE_DU_JOUR              6m28s      6m25s      -3s  ✅  Le Bien-Etre Universel
00:31:42 BLOC_A_SERIE_DU_JOUR              0m07s      0m04s      -3s  ✅  Parole Prophétique FM
00:31:46 BLOC_A_SERIE_DU_JOUR           1h13m31s      0m23s   -4388s  ❌ COUPÉ  la résurrection des morts et la délivrance de lesclavage de la corruption part1
00:32:09 BLOC_A_SERIE_DU_JOUR              4m52s      4m50s      -2s  ✅  cantique   prends tout le contrôle
00:36:59 BLOC_A_SERIE_DU_JOUR              4m11s      4m08s      -3s  ✅  jai donné ma vie à jésus (1)
00:41:07 BLOC_A_SERIE_DU_JOUR              5m19s      5m17s      -2s  ✅  Gabrielle LIDJI - Mélodie Céleste  by LFXA(Light FX Animation)_2
00:46:24 BLOC_A_SERIE_DU_JOUR              9m23s      9m21s      -2s  ✅  10 minutes
00:55:45 BLOC_A_SERIE_DU_JOUR              3m12s      3m10s      -2s  ✅  esprit de dieu
00:58:55 BLOC_A_SERIE_DU_JOUR              6m09s      6m07s      -2s  ✅  Hymne des vainqueurs
01:05:02 BLOC_A_SERIE_DU_JOUR              6m34s      6m34s      +0s  ✅  cantique  béni soit le dieu d israël
01:11:36 BLOC_A_SERIE_DU_JOUR           1h13m31s      0m36s   -4375s  ❌ COUPÉ  la résurrection des morts et la délivrance de lesclavage de la corruption part1
01:12:12 BLOC_A_SERIE_DU_JOUR              3m41s      3m38s      -3s  ✅  Adorons l'Éternel GAEL - JÉSUS EST SEIGNEUR -
01:15:50 BLOC_A_SERIE_DU_JOUR              6m06s      6m04s      -2s  ✅  cantique  ta bonte
01:21:54 BLOC_A_SERIE_DU_JOUR              6m41s      6m39s      -2s  ✅  6 minutes
01:28:33 BLOC_A_SERIE_DU_JOUR              0m07s      0m05s      -2s  ✅  JINGLE
01:28:38 BLOC_A_SERIE_DU_JOUR           1h13m31s      0m31s   -4380s  ❌ COUPÉ  la résurrection des morts et la délivrance de lesclavage de la corruption part1
01:29:09 BLOC_A_SERIE_DU_JOUR              4m05s      4m03s      -2s  ✅  2 Roi
01:33:12 BLOC_A_SERIE_DU_JOUR              2m30s      2m28s      -2s  ✅  Amos
01:35:40 BLOC_A_SERIE_DU_JOUR              3m58s      3m55s      -3s  ✅  Esaie
01:39:35 BLOC_A_SERIE_DU_JOUR              1m34s      1m32s      -2s  ✅  Ecclesiaste
01:41:07 BLOC_A_SERIE_DU_JOUR              1m13s      1m11s      -2s  ✅  Job
01:42:18 BLOC_A_SERIE_DU_JOUR              4m04s      4m01s      -3s  ✅  2 Pierre
01:46:19 BLOC_A_SERIE_DU_JOUR              7m03s      7m01s      -2s  ✅  2 Chronicles
01:53:20 BLOC_A_SERIE_DU_JOUR              6m10s      6m07s      -3s  ✅  Nombres 11
01:59:27 BLOC_A_SERIE_DU_JOUR              3m17s      3m15s      -2s  ✅  Ecclésiaste 5
02:02:42 BLOC_A_SERIE_DU_JOUR              1m59s      3m52s    +113s  ⚠️ TROU APRÈS  La Bible
02:06:34 BLOC_A_SERIE_DU_JOUR              5m08s      5m06s      -2s  ✅  1 Corinthiens
02:11:40 BLOC_A_SERIE_DU_JOUR              9m41s      9m41s      +0s  ✅  1 Samuel
02:21:21 BLOC_A_SERIE_DU_JOUR           1h13m31s      0m49s   -4362s  ❌ COUPÉ  la résurrection des morts et la délivrance de lesclavage de la corruption part1
02:22:10 BLOC_A_SERIE_DU_JOUR              5m13s      5m10s      -3s  ✅  Il s'appelait Emmanuel - Marcel Boungou + Paroles
02:27:20 BLOC_A_SERIE_DU_JOUR              3m12s      3m11s      -1s  ✅  esprit de dieu
02:30:31 BLOC_A_SERIE_DU_JOUR              7m17s      7m17s      +0s  ✅  cantique  tes promesses  pub direct dec 2021 import (2)
02:37:48 BLOC_A_SERIE_DU_JOUR           1h13m31s      0m22s   -4389s  ❌ COUPÉ  la résurrection des morts et la délivrance de lesclavage de la corruption part1
02:38:10 BLOC_A_SERIE_DU_JOUR              6m06s      6m03s      -3s  ✅  cantique  ta bonte
02:44:13 BLOC_A_SERIE_DU_JOUR              6m09s      6m08s      -1s  ✅  Hymne des vainqueurs
02:50:21 BLOC_A_SERIE_DU_JOUR              2m20s      2m16s      -4s  ✅  cantique  heureux l homme qui ne marche pas selon
02:52:37 BLOC_A_SERIE_DU_JOUR              6m34s      6m32s      -2s  ✅  cantique  béni soit le dieu d israël
02:59:09 BLOC_A_SERIE_DU_JOUR              5m19s      5m17s      -2s  ✅  Gabrielle LIDJI - Mélodie Céleste  by LFXA(Light FX Animation)_2
03:04:26 BLOC_A_SERIE_DU_JOUR              9m23s      9m20s      -3s  ✅  10 minutes
03:13:46 BLOC_A_SERIE_DU_JOUR              6m41s      6m39s      -2s  ✅  6 minutes
03:20:25 BLOC_A_SERIE_DU_JOUR              0m07s      0m05s      -2s  ✅  Parole Prophétique FM
03:20:30 BLOC_A_SERIE_DU_JOUR           1h13m31s      0m43s   -4368s  ❌ COUPÉ  la résurrection des morts et la délivrance de lesclavage de la corruption part1
03:21:13 BLOC_A_SERIE_DU_JOUR              3m41s      3m42s      +1s  ✅  Adorons l'Éternel GAEL - JÉSUS EST SEIGNEUR -
03:24:55 BLOC_A_SERIE_DU_JOUR           1h13m31s      0m22s   -4389s  ❌ COUPÉ  la résurrection des morts et la délivrance de lesclavage de la corruption part1
03:25:17 BLOC_A_SERIE_DU_JOUR              5m21s      5m18s      -3s  ✅  1 Chronicles
03:30:35 BLOC_A_SERIE_DU_JOUR              3m53s      3m50s      -3s  ✅  1 Timothee
03:34:25 BLOC_A_SERIE_DU_JOUR              5m40s      5m37s      -3s  ✅  Marc
03:40:02 BLOC_A_SERIE_DU_JOUR              4m29s      4m27s      -2s  ✅  Nombres 28
03:44:29 BLOC_A_SERIE_DU_JOUR              3m53s      3m53s      +0s  ✅  Esaie
03:48:22 BLOC_A_SERIE_DU_JOUR           1h13m31s      0m52s   -4359s  ❌ COUPÉ  la résurrection des morts et la délivrance de lesclavage de la corruption part1
03:49:14 BLOC_A_SERIE_DU_JOUR              3m12s      3m09s      -3s  ✅  esprit de dieu
03:52:23 BLOC_A_SERIE_DU_JOUR              4m52s      4m50s      -2s  ✅  cantique   prends tout le contrôle
03:57:13 BLOC_A_SERIE_DU_JOUR              0m07s      0m05s      -2s  ✅  Parole Prophétique FM
03:57:18 BLOC_A_SERIE_DU_JOUR           1h13m31s      0m51s   -4360s  ❌ COUPÉ  la résurrection des morts et la délivrance de lesclavage de la corruption part1
03:58:09 BLOC_A_SERIE_DU_JOUR              6m06s      6m04s      -2s  ✅  cantique  ta bonte
04:04:13 BLOC_A_SERIE_DU_JOUR              4m11s      4m08s      -3s  ✅  jai donné ma vie à jésus (1)
04:08:21 BLOC_A_SERIE_DU_JOUR              5m28s      5m26s      -2s  ✅  même humilié
04:13:47 BLOC_A_SERIE_DU_JOUR              7m17s      7m15s      -2s  ✅  cantique  tes promesses  pub direct dec 2021 import (2)
04:21:02 BLOC_A_SERIE_DU_JOUR              0m09s      0m06s      -3s  ✅  JINGLE
04:21:08 BLOC_A_SERIE_DU_JOUR           1h13m31s   1h13m35s      +4s  ✅  la résurrection des morts et la délivrance de lesclavage de la corruption part1
05:34:43 BLOC_A_SERIE_DU_JOUR           1h13m31s      0m35s   -4376s  ❌ COUPÉ  la résurrection des morts et la délivrance de lesclavage de la corruption part1
05:35:18 BLOC_A_SERIE_DU_JOUR              0m58s      0m55s      -3s  ✅  La Bible
05:36:13 BLOC_A_SERIE_DU_JOUR              4m12s      4m11s      -1s  ✅  Esaie
05:40:24 BLOC_A_SERIE_DU_JOUR              3m40s      3m37s      -3s  ✅  Matthieu
05:44:01 BLOC_A_SERIE_DU_JOUR              2m33s      2m31s      -2s  ✅  1 Samuel
05:46:32 BLOC_A_SERIE_DU_JOUR              3m48s      3m46s      -2s  ✅  2 Chronicles
05:50:18 BLOC_A_SERIE_DU_JOUR              6m32s      6m29s      -3s  ✅  Actes
05:56:47 BLOC_A_SERIE_DU_JOUR              1m29s      1m26s      -3s  ✅  La Bible
05:58:13 BLOC_A_SERIE_DU_JOUR              7m36s      7m37s      +1s  ✅  Nombres 4
06:05:50 BLOC_A_SERIE_DU_JOUR           1h13m31s   1h13m52s     +21s  ⚠️ TROU APRÈS  la résurrection des morts et la délivrance de lesclavage de la corruption part1
07:19:42 BLOC_B_SERIE_DU_JOUR           1h13m31s      0m37s   -4374s  ❌ COUPÉ  la résurrection des morts et la délivrance de lesclavage de la corruption part1
07:20:19 BLOC_B_SERIE_DU_JOUR              3m35s      4m21s     +46s  ⚠️ TROU APRÈS  La Bible
07:24:40 BLOC_B_SERIE_DU_JOUR              5m55s      5m53s      -2s  ✅  Esaie
07:30:33 BLOC_B_SERIE_DU_JOUR              4m21s      4m18s      -3s  ✅  Bible_fr_01_gen_004
07:34:51 BLOC_B_SERIE_DU_JOUR              4m14s      4m12s      -2s  ✅  Bible_fr_01_gen_011
07:39:03 BLOC_B_SERIE_DU_JOUR              6m21s      6m19s      -2s  ✅  Luc
07:45:22 BLOC_B_SERIE_DU_JOUR              1m30s      1m27s      -3s  ✅  La Bible
07:46:49 BLOC_B_SERIE_DU_JOUR              2m17s      2m15s      -2s  ✅  Hebreux
07:49:04 BLOC_B_SERIE_DU_JOUR              2m31s      2m28s      -3s  ✅  Esaie
07:51:32 BLOC_B_SERIE_DU_JOUR              5m42s      5m40s      -2s  ✅  Jeremie
07:57:12 BLOC_B_SERIE_DU_JOUR              5m00s      4m57s      -3s  ✅  La Bible
08:02:09 BLOC_B_SERIE_DU_JOUR              5m09s      5m07s      -2s  ✅  Marc
08:07:16 BLOC_B_SERIE_DU_JOUR              5m42s      5m39s      -3s  ✅  Bible_fr_07_judges_008
08:12:55 BLOC_B_SERIE_DU_JOUR              2m47s      2m45s      -2s  ✅  2 Thessaloniciens
08:15:40 BLOC_B_SERIE_DU_JOUR              4m54s      4m55s      +1s  ✅  Esaie
08:20:35 BLOC_B_SERIE_DU_JOUR           1h13m31s      0m36s   -4375s  ❌ COUPÉ  la résurrection des morts et la délivrance de lesclavage de la corruption part1
08:21:11 BLOC_B_SERIE_DU_JOUR              5m13s      5m11s      -2s  ✅  Il s'appelait Emmanuel - Marcel Boungou + Paroles
08:26:22 BLOC_B_SERIE_DU_JOUR              2m20s      2m17s      -3s  ✅  cantique  heureux l homme qui ne marche pas selon
08:28:39 BLOC_B_SERIE_DU_JOUR              2m16s      2m16s      +0s  ✅  cantique  nous sommes le sel de la terre
08:30:55 BLOC_B_SERIE_DU_JOUR           1h13m31s      0m17s   -4394s  ❌ COUPÉ  la résurrection des morts et la délivrance de lesclavage de la corruption part1
08:31:12 BLOC_B_SERIE_DU_JOUR              5m19s      5m16s      -3s  ✅  Gabrielle LIDJI - Mélodie Céleste  by LFXA(Light FX Animation)_2
08:36:28 BLOC_B_SERIE_DU_JOUR              4m52s      4m50s      -2s  ✅  cantique   prends tout le contrôle
08:41:18 BLOC_B_SERIE_DU_JOUR              6m34s      6m31s      -3s  ✅  cantique  béni soit le dieu d israël
08:47:49 BLOC_B_SERIE_DU_JOUR              6m57s      6m55s      -2s  ✅  qui est digne d ouvrir le livre
08:54:44 BLOC_B_SERIE_DU_JOUR              4m11s      4m08s      -3s  ✅  jai donné ma vie à jésus (1)
08:58:52 BLOC_B_SERIE_DU_JOUR              6m41s      6m38s      -3s  ✅  6 minutes
09:05:30 BLOC_B_SERIE_DU_JOUR              9m23s      9m21s      -2s  ✅  10 minutes
09:14:51 BLOC_B_SERIE_DU_JOUR              5m28s      5m26s      -2s  ✅  même humilié
09:20:17 BLOC_B_SERIE_DU_JOUR              7m17s      7m21s      +4s  ✅  cantique  tes promesses  pub direct dec 2021 import (2)
09:27:38 BLOC_B_SERIE_DU_JOUR           1h13m31s      0m32s   -4379s  ❌ COUPÉ  la résurrection des morts et la délivrance de lesclavage de la corruption part1
09:28:10 BLOC_B_SERIE_DU_JOUR              0m54s      0m51s      -3s  ✅  La Bible
09:29:01 BLOC_B_SERIE_DU_JOUR           1h13m31s      0m08s   -4403s  ❌ COUPÉ  la résurrection des morts et la délivrance de lesclavage de la corruption part1
09:29:09 BLOC_B_SERIE_DU_JOUR              4m09s      4m06s      -3s  ✅  1 Corinthiens
09:33:15 BLOC_B_SERIE_DU_JOUR              4m04s      5m04s     +60s  ⚠️ TROU APRÈS  La Bible
09:38:19 BLOC_B_SERIE_DU_JOUR              6m33s      6m30s      -3s  ✅  Bible_fr_01_gen_019
09:44:49 BLOC_B_SERIE_DU_JOUR              0m41s      0m39s      -2s  ✅  La Bible
09:45:28 BLOC_B_SERIE_DU_JOUR              2m40s      2m37s      -3s  ✅  Habacuc
09:48:05 BLOC_B_SERIE_DU_JOUR              6m21s      6m19s      -2s  ✅  Actes
09:54:24 BLOC_B_SERIE_DU_JOUR              5m57s      5m56s      -1s  ✅  La Bible
10:00:20 BLOC_B_SERIE_DU_JOUR              0m07s      0m09s      +2s  ✅  LA BONNE NOUVELLE PARTOUT
10:00:29 BLOC_B_SERIE_DU_JOUR           1h13m31s      0m43s   -4368s  ❌ COUPÉ  la résurrection des morts et la délivrance de lesclavage de la corruption part1
10:01:12 BLOC_B_SERIE_DU_JOUR              5m13s      5m11s      -2s  ✅  Il s'appelait Emmanuel - Marcel Boungou + Paroles
10:06:23 BLOC_B_SERIE_DU_JOUR              6m35s      6m32s      -3s  ✅  cantique   ta lumière
10:12:55 BLOC_B_SERIE_DU_JOUR              6m28s      6m26s      -2s  ✅  Le Bien-Etre Universel
10:19:21 BLOC_B_SERIE_DU_JOUR              6m57s      6m54s      -3s  ✅  qui est digne d ouvrir le livre
10:26:15 BLOC_B_SERIE_DU_JOUR              4m52s      4m50s      -2s  ✅  cantique   prends tout le contrôle
10:31:05 BLOC_B_SERIE_DU_JOUR              5m10s      5m08s      -2s  ✅  Igwe
10:36:13 BLOC_B_SERIE_DU_JOUR              3m12s      3m10s      -2s  ✅  esprit de dieu
10:39:23 BLOC_B_SERIE_DU_JOUR              6m06s      6m04s      -2s  ✅  cantique  ta bonte
10:45:27 BLOC_B_SERIE_DU_JOUR              5m28s      5m25s      -3s  ✅  même humilié
10:50:52 BLOC_B_SERIE_DU_JOUR              6m34s      6m31s      -3s  ✅  cantique  béni soit le dieu d israël
10:57:23 BLOC_B_SERIE_DU_JOUR              3m22s      3m24s      +2s  ✅  Ses cheveux étaient blancs..
11:00:47 BLOC_B_SERIE_DU_JOUR           1h13m31s      0m23s   -4388s  ❌ COUPÉ  la résurrection des morts et la délivrance de lesclavage de la corruption part1
11:01:10 BLOC_B_SERIE_DU_JOUR              2m48s      2m46s      -2s  ✅  Hebreux
11:03:56 BLOC_B_SERIE_DU_JOUR              3m49s      3m46s      -3s  ✅  La Bible
11:07:42 BLOC_B_SERIE_DU_JOUR              3m25s      3m23s      -2s  ✅  Lévitique 21
11:11:05 BLOC_B_SERIE_DU_JOUR              4m58s      4m55s      -3s  ✅  Jeremie
11:16:00 BLOC_B_SERIE_DU_JOUR              0m37s      0m35s      -2s  ✅  La Bible
11:16:35 BLOC_B_SERIE_DU_JOUR              3m46s      3m44s      -2s  ✅  Jeremie
11:20:19 BLOC_B_SERIE_DU_JOUR              7m51s      7m48s      -3s  ✅  2 Roi
11:28:07 BLOC_B_SERIE_DU_JOUR              3m21s      3m18s      -3s  ✅  2 Chronicles
11:31:25 BLOC_B_SERIE_DU_JOUR              0m59s      0m57s      -2s  ✅  La Bible
11:32:22 BLOC_B_SERIE_DU_JOUR              4m41s      4m38s      -3s  ✅  Bible_fr_01_gen_045
11:37:00 BLOC_B_SERIE_DU_JOUR              4m05s      4m03s      -2s  ✅  1 Chronicles
11:41:03 BLOC_B_SERIE_DU_JOUR              4m51s      4m51s      +0s  ✅  1 Samuel
11:45:54 BLOC_B_SERIE_DU_JOUR           1h13m31s      0m16s   -4395s  ❌ COUPÉ  la résurrection des morts et la délivrance de lesclavage de la corruption part1
11:46:10 BLOC_B_SERIE_DU_JOUR              4m11s      4m11s      +0s  ✅  jai donné ma vie à jésus (1)
11:50:21 BLOC_B_SERIE_DU_JOUR           1h13m31s      0m05s   -4406s  ❌ COUPÉ  la résurrection des morts et la délivrance de lesclavage de la corruption part1
11:50:26 BLOC_B_SERIE_DU_JOUR              2m20s      2m16s      -4s  ✅  cantique  heureux l homme qui ne marche pas selon
11:52:42 BLOC_B_SERIE_DU_JOUR              6m57s      6m55s      -2s  ✅  qui est digne d ouvrir le livre
11:59:37 BLOC_B_SERIE_DU_JOUR              5m10s      5m08s      -2s  ✅  Igwe
12:04:45 BLOC_C_SERIE_DU_JOUR              3m12s      3m09s      -3s  ✅  esprit de dieu
12:07:54 BLOC_C_SERIE_DU_JOUR              6m35s      6m33s      -2s  ✅  cantique   ta lumière
12:14:27 BLOC_C_SERIE_DU_JOUR              9m23s      9m21s      -2s  ✅  10 minutes
12:23:48 BLOC_C_SERIE_DU_JOUR              4m52s      4m50s      -2s  ✅  cantique   prends tout le contrôle
12:28:38 BLOC_C_SERIE_DU_JOUR              6m41s      6m38s      -3s  ✅  6 minutes
12:35:16 BLOC_C_SERIE_DU_JOUR              6m06s      6m09s      +3s  ✅  cantique  ta bonte
12:41:25 BLOC_B_SERIE_DU_JOUR           1h13m31s      0m46s   -4365s  ❌ COUPÉ  la résurrection des morts et la délivrance de lesclavage de la corruption part1
12:42:11 BLOC_C_SERIE_DU_JOUR              3m41s      3m38s      -3s  ✅  Adorons l'Éternel GAEL - JÉSUS EST SEIGNEUR -
12:45:49 BLOC_C_SERIE_DU_JOUR              7m17s      7m15s      -2s  ✅  cantique  tes promesses  pub direct dec 2021 import (2)
12:53:04 BLOC_C_SERIE_DU_JOUR              0m07s      0m08s      +1s  ✅  JINGLE
12:53:12 BLOC_C_SERIE_DU_JOUR              7m24s      7m21s      -3s  ✅  Ezechiel
13:00:33 BLOC_C_SERIE_DU_JOUR              4m41s      4m39s      -2s  ✅  1 Corinthiens 12
13:05:12 BLOC_C_SERIE_DU_JOUR              2m54s      9m18s    +384s  ⚠️ TROU APRÈS  Jeremie
13:14:30 BLOC_C_SERIE_DU_JOUR              3m36s      3m33s      -3s  ✅  Joel
13:18:03 BLOC_C_SERIE_DU_JOUR              4m35s      4m33s      -2s  ✅  Ezechiel
13:22:36 BLOC_C_SERIE_DU_JOUR              5m30s      5m27s      -3s  ✅  Lévitique 7
13:28:03 BLOC_C_SERIE_DU_JOUR              0m07s      0m08s      +1s  ✅  JINGLE
13:28:11 BLOC_C_SERIE_DU_JOUR              6m34s      6m31s      -3s  ✅  cantique  béni soit le dieu d israël
13:34:42 BLOC_C_SERIE_DU_JOUR              4m11s      4m08s      -3s  ✅  jai donné ma vie à jésus (1)
13:38:50 BLOC_C_SERIE_DU_JOUR              5m10s      5m10s      +0s  ✅  Igwe
13:44:00 BLOC_C_SERIE_DU_JOUR           1h13m31s      0m09s   -4402s  ❌ COUPÉ  la résurrection des morts et la délivrance de lesclavage de la corruption part1
13:44:09 BLOC_C_SERIE_DU_JOUR              6m35s      6m33s      -2s  ✅  cantique   ta lumière
13:50:42 BLOC_C_SERIE_DU_JOUR              2m16s      2m13s      -3s  ✅  cantique  nous sommes le sel de la terre
13:52:55 BLOC_C_SERIE_DU_JOUR              3m41s      3m39s      -2s  ✅  Adorons l'Éternel GAEL - JÉSUS EST SEIGNEUR -
13:56:34 BLOC_C_SERIE_DU_JOUR              6m41s      6m38s      -3s  ✅  6 minutes
14:03:12 BLOC_C_SERIE_DU_JOUR              6m06s      6m04s      -2s  ✅  cantique  ta bonte
14:09:16 BLOC_C_SERIE_DU_JOUR              4m52s      4m50s      -2s  ✅  cantique   prends tout le contrôle
14:14:06 BLOC_C_SERIE_DU_JOUR              3m12s      3m10s      -2s  ✅  esprit de dieu
14:17:16 BLOC_C_SERIE_DU_JOUR              3m22s      3m24s      +2s  ✅  Ses cheveux étaient blancs..
14:20:40 BLOC_C_SERIE_DU_JOUR           1h13m31s      0m32s   -4379s  ❌ COUPÉ  la résurrection des morts et la délivrance de lesclavage de la corruption part1
14:21:12 BLOC_C_SERIE_DU_JOUR              7m17s      7m19s      +2s  ✅  cantique  tes promesses  pub direct dec 2021 import (2)
14:28:31 BLOC_C_SERIE_DU_JOUR           1h13m31s      0m39s   -4372s  ❌ COUPÉ  la résurrection des morts et la délivrance de lesclavage de la corruption part1
14:29:10 BLOC_C_SERIE_DU_JOUR              4m26s      4m23s      -3s  ✅  La Bible
14:33:33 BLOC_C_SERIE_DU_JOUR              2m43s      2m41s      -2s  ✅  Osee
14:36:14 BLOC_C_SERIE_DU_JOUR              2m37s      2m34s      -3s  ✅  2 Timothee
14:38:48 BLOC_C_SERIE_DU_JOUR              3m11s      3m08s      -3s  ✅  La Bible
14:41:56 BLOC_C_SERIE_DU_JOUR              5m25s      5m22s      -3s  ✅  Lévitique 8
14:47:18 BLOC_C_SERIE_DU_JOUR              4m08s      4m05s      -3s  ✅  Ezechiel
14:51:23 BLOC_C_SERIE_DU_JOUR              0m52s      0m50s      -2s  ✅  La Bible
14:52:13 BLOC_C_SERIE_DU_JOUR              2m27s      2m25s      -2s  ✅  Job
14:54:38 BLOC_C_SERIE_DU_JOUR              6m43s      6m40s      -3s  ✅  Nombres 14
15:01:18 BLOC_C_SERIE_DU_JOUR              2m57s      2m55s      -2s  ✅  La Bible
15:04:13 BLOC_C_SERIE_DU_JOUR              5m08s      5m05s      -3s  ✅  2 Chroniques 24
15:09:18 BLOC_C_SERIE_DU_JOUR              5m20s      5m18s      -2s  ✅  Nombres 29
15:14:36 BLOC_C_SERIE_DU_JOUR              0m07s      0m04s      -3s  ✅  JINGLE
15:14:40 BLOC_C_SERIE_DU_JOUR           1h13m31s      0m37s   -4374s  ❌ COUPÉ  la résurrection des morts et la délivrance de lesclavage de la corruption part1
15:15:17 BLOC_C_SERIE_DU_JOUR              4m13s      4m10s      -3s  ✅  4 minutes
15:19:27 BLOC_C_SERIE_DU_JOUR              4m52s      4m50s      -2s  ✅  cantique   prends tout le contrôle
15:24:17 BLOC_C_SERIE_DU_JOUR              5m13s      5m11s      -2s  ✅  Il s'appelait Emmanuel - Marcel Boungou + Paroles
15:29:28 BLOC_C_SERIE_DU_JOUR              4m11s      4m08s      -3s  ✅  jai donné ma vie à jésus (1)
15:33:36 BLOC_C_SERIE_DU_JOUR              6m28s      6m25s      -3s  ✅  Le Bien-Etre Universel
15:40:01 BLOC_C_SERIE_DU_JOUR              3m12s      3m10s      -2s  ✅  esprit de dieu
15:43:11 BLOC_C_SERIE_DU_JOUR              0m07s      0m05s      -2s  ✅  Parole Prophétique FM
15:43:16 BLOC_C_SERIE_DU_JOUR           1h13m31s      0m54s   -4357s  ❌ COUPÉ  la résurrection des morts et la délivrance de lesclavage de la corruption part1
15:44:10 BLOC_C_SERIE_DU_JOUR              5m19s      5m16s      -3s  ✅  Gabrielle LIDJI - Mélodie Céleste  by LFXA(Light FX Animation)_2
15:49:26 BLOC_C_SERIE_DU_JOUR              9m23s      9m21s      -2s  ✅  10 minutes
15:58:47 BLOC_C_SERIE_DU_JOUR              3m41s      3m39s      -2s  ✅  Adorons l'Éternel GAEL - JÉSUS EST SEIGNEUR -
16:02:26 BLOC_C_SERIE_DU_JOUR              6m09s      6m07s      -2s  ✅  Hymne des vainqueurs
16:08:33 BLOC_C_SERIE_DU_JOUR              5m10s      5m08s      -2s  ✅  Igwe
16:13:41 BLOC_C_SERIE_DU_JOUR              6m34s      6m32s      -2s  ✅  cantique  béni soit le dieu d israël
16:20:13 BLOC_C_SERIE_DU_JOUR              0m04s      0m07s      +3s  ✅  moi 1
16:20:20 BLOC_C_SERIE_DU_JOUR              2m45s      2m42s      -3s  ✅  Hebreux
16:23:02 BLOC_C_SERIE_DU_JOUR              4m24s      4m22s      -2s  ✅  Esdras
16:27:24 BLOC_C_SERIE_DU_JOUR              0m50s      0m48s      -2s  ✅  La Bible
16:28:12 BLOC_C_SERIE_DU_JOUR              6m03s      6m00s      -3s  ✅  Bible_fr_01_gen_043
16:34:12 BLOC_C_SERIE_DU_JOUR              5m31s      5m29s      -2s  ✅  Esther 9
16:39:41 BLOC_C_SERIE_DU_JOUR              2m03s      2m03s      +0s  ✅  La Bible
16:41:44 BLOC_C_SERIE_DU_JOUR           1h13m31s      0m27s   -4384s  ❌ COUPÉ  la résurrection des morts et la délivrance de lesclavage de la corruption part1
16:42:11 BLOC_C_SERIE_DU_JOUR              5m19s      5m16s      -3s  ✅  Gabrielle LIDJI - Mélodie Céleste  by LFXA(Light FX Animation)_2
16:47:27 BLOC_C_SERIE_DU_JOUR              0m07s      0m05s      -2s  ✅  Parole Prophétique FM
16:47:32 BLOC_C_SERIE_DU_JOUR           1h13m31s      0m38s   -4373s  ❌ COUPÉ  la résurrection des morts et la délivrance de lesclavage de la corruption part1
16:48:10 BLOC_C_SERIE_DU_JOUR              6m09s      6m07s      -2s  ✅  Hymne des vainqueurs
16:54:17 BLOC_C_SERIE_DU_JOUR              3m12s      3m10s      -2s  ✅  esprit de dieu
16:57:27 BLOC_C_SERIE_DU_JOUR              2m20s      2m17s      -3s  ✅  cantique  heureux l homme qui ne marche pas selon
16:59:44 BLOC_C_SERIE_DU_JOUR              4m13s      4m10s      -3s  ✅  4 minutes
17:03:54 BLOC_C_SERIE_DU_JOUR              9m23s      9m24s      +1s  ✅  10 minutes
17:13:18 BLOC_C_SERIE_DU_JOUR           1h13m31s   1h14m20s     +49s  ⚠️ TROU APRÈS  la résurrection des morts et la délivrance de lesclavage de la corruption part1
18:27:38 BLOC_C_SERIE_DU_JOUR              0m09s      0m07s      -2s  ✅  JINGLE
18:27:45 BLOC_C_SERIE_DU_JOUR           1h13m31s      0m26s   -4385s  ❌ COUPÉ  la résurrection des morts et la délivrance de lesclavage de la corruption part1
18:28:11 BLOC_D_SERIE_DU_JOUR              2m16s      2m13s      -3s  ✅  cantique  nous sommes le sel de la terre
18:30:24 BLOC_D_SERIE_DU_JOUR              5m19s      5m21s      +2s  ✅  Gabrielle LIDJI - Mélodie Céleste  by LFXA(Light FX Animation)_2
18:35:45 BLOC_D_SERIE_DU_JOUR           1h13m31s      0m27s   -4384s  ❌ COUPÉ  la résurrection des morts et la délivrance de lesclavage de la corruption part1
18:36:12 BLOC_D_SERIE_DU_JOUR              8m38s      8m35s      -3s  ✅  Luc
18:44:47 BLOC_D_SERIE_DU_JOUR              2m05s      2m02s      -3s  ✅  3 John
18:46:49 BLOC_D_SERIE_DU_JOUR              8m38s      8m36s      -2s  ✅  La Bible
18:55:25 BLOC_D_SERIE_DU_JOUR              5m13s      5m10s      -3s  ✅  Esaie
19:00:35 BLOC_D_SERIE_DU_JOUR              3m04s      3m01s      -3s  ✅  1 Thessaloniciens
19:03:36 BLOC_D_SERIE_DU_JOUR              3m45s      3m43s      -2s  ✅  2 Samuel
19:07:19 BLOC_D_SERIE_DU_JOUR              6m47s      6m45s      -2s  ✅  Hebreux
19:14:04 BLOC_D_SERIE_DU_JOUR              8m43s      8m40s      -3s  ✅  Matthieu
19:22:44 BLOC_D_SERIE_DU_JOUR              0m07s      0m04s      -3s  ✅  JINGLE
19:22:48 BLOC_D_SERIE_DU_JOUR           1h13m31s      0m22s   -4389s  ❌ COUPÉ  la résurrection des morts et la délivrance de lesclavage de la corruption part1
19:23:10 BLOC_D_SERIE_DU_JOUR              6m34s      6m31s      -3s  ✅  cantique  béni soit le dieu d israël
19:29:41 BLOC_D_SERIE_DU_JOUR              7m17s      7m15s      -2s  ✅  cantique  tes promesses  pub direct dec 2021 import (2)
19:36:56 BLOC_D_SERIE_DU_JOUR              5m13s      5m11s      -2s  ✅  Il s'appelait Emmanuel - Marcel Boungou + Paroles
19:42:07 BLOC_D_SERIE_DU_JOUR              3m41s      3m39s      -2s  ✅  Adorons l'Éternel GAEL - JÉSUS EST SEIGNEUR -
19:45:46 BLOC_D_SERIE_DU_JOUR              5m19s      5m19s      +0s  ✅  Gabrielle LIDJI - Mélodie Céleste  by LFXA(Light FX Animation)_2
19:51:05 BLOC_D_SERIE_DU_JOUR           1h13m31s      0m06s   -4405s  ❌ COUPÉ  la résurrection des morts et la délivrance de lesclavage de la corruption part1
19:51:11 BLOC_D_SERIE_DU_JOUR              4m52s      4m50s      -2s  ✅  cantique   prends tout le contrôle
19:56:01 BLOC_D_SERIE_DU_JOUR              3m12s      3m10s      -2s  ✅  esprit de dieu
19:59:11 BLOC_D_SERIE_DU_JOUR              2m20s      2m17s      -3s  ✅  cantique  heureux l homme qui ne marche pas selon
20:01:28 BLOC_D_SERIE_DU_JOUR              0m07s      0m05s      -2s  ✅  Parole Prophétique FM
20:01:33 BLOC_D_SERIE_DU_JOUR           1h13m31s      0m36s   -4375s  ❌ COUPÉ  la résurrection des morts et la délivrance de lesclavage de la corruption part1
20:02:09 BLOC_D_SERIE_DU_JOUR              6m35s      6m33s      -2s  ✅  cantique   ta lumière
20:08:42 BLOC_D_SERIE_DU_JOUR              9m23s      9m20s      -3s  ✅  10 minutes
20:18:02 BLOC_D_SERIE_DU_JOUR              6m57s      6m58s      +1s  ✅  qui est digne d ouvrir le livre
20:25:00 BLOC_D_SERIE_DU_JOUR           1h13m31s      0m15s   -4396s  ❌ COUPÉ  la résurrection des morts et la délivrance de lesclavage de la corruption part1
20:25:15 BLOC_D_SERIE_DU_JOUR              4m54s      4m53s      -1s  ✅  Jean 9
20:30:08 BLOC_D_SERIE_DU_JOUR              2m13s      2m09s      -4s  ✅  1 Thessaloniciens
20:32:17 BLOC_D_SERIE_DU_JOUR              3m13s      3m10s      -3s  ✅  Bible_fr_01_gen_033
20:35:27 BLOC_D_SERIE_DU_JOUR              4m55s      4m53s      -2s  ✅  Ezechiel
20:40:20 BLOC_D_SERIE_DU_JOUR              2m51s      2m49s      -2s  ✅  Ecclesiaste
20:43:09 BLOC_D_SERIE_DU_JOUR              2m52s      2m49s      -3s  ✅  La Bible
20:45:58 BLOC_D_SERIE_DU_JOUR              0m03s      0m02s      -1s  ✅  JINGLE
20:46:00 BLOC_D_SERIE_DU_JOUR           1h13m31s      0m10s   -4401s  ❌ COUPÉ  la résurrection des morts et la délivrance de lesclavage de la corruption part1
20:46:10 BLOC_D_SERIE_DU_JOUR              3m22s      3m19s      -3s  ✅  Ses cheveux étaient blancs..
20:49:29 BLOC_D_SERIE_DU_JOUR              5m10s      5m08s      -2s  ✅  Igwe
20:54:37 BLOC_D_SERIE_DU_JOUR              3m12s      3m09s      -3s  ✅  esprit de dieu
20:57:46 BLOC_D_SERIE_DU_JOUR              6m35s      6m33s      -2s  ✅  cantique   ta lumière
21:04:19 BLOC_D_SERIE_DU_JOUR              9m23s      9m21s      -2s  ✅  10 minutes
21:13:40 BLOC_D_SERIE_DU_JOUR              0m04s      0m03s      -1s  ✅  JINGLE 
21:13:43 BLOC_D_SERIE_DU_JOUR           1h13m31s   1h13m55s     +24s  ⚠️ TROU APRÈS  la résurrection des morts et la délivrance de lesclavage de la corruption part1
22:27:38 BLOC_D_SERIE_DU_JOUR              0m07s      0m04s      -3s  ✅  LA BONNE NOUVELLE PARTOUT
22:27:42 BLOC_D_SERIE_DU_JOUR           1h13m31s      0m29s   -4382s  ❌ COUPÉ  la résurrection des morts et la délivrance de lesclavage de la corruption part1
22:28:11 BLOC_D_SERIE_DU_JOUR              1m49s      1m46s      -3s  ✅  La Bible
22:29:57 BLOC_D_SERIE_DU_JOUR              2m24s      2m21s      -3s  ✅  Osee
22:32:18 BLOC_D_SERIE_DU_JOUR              3m14s      3m12s      -2s  ✅  La Bible
22:35:30 BLOC_D_SERIE_DU_JOUR              3m36s      3m33s      -3s  ✅  Hebreux
22:39:03 BLOC_D_SERIE_DU_JOUR              4m25s      4m22s      -3s  ✅  1 Chronicles
22:43:25 BLOC_D_SERIE_DU_JOUR              3m54s      3m51s      -3s  ✅  Lévitique 18
22:47:16 BLOC_D_SERIE_DU_JOUR              2m49s      2m47s      -2s  ✅  La Bible
22:50:03 BLOC_D_SERIE_DU_JOUR              6m19s      6m17s      -2s  ✅  2 Chroniques 32
22:56:20 BLOC_D_SERIE_DU_JOUR              3m44s      3m41s      -3s  ✅  Colossiens
23:00:01 BLOC_D_SERIE_DU_JOUR              6m45s      6m43s      -2s  ✅  Marc
23:06:44 BLOC_D_SERIE_DU_JOUR              1m15s      1m13s      -2s  ✅  La Bible
23:07:57 BLOC_D_SERIE_DU_JOUR              5m24s      5m22s      -2s  ✅  Actes
23:13:19 BLOC_D_SERIE_DU_JOUR              4m22s      4m20s      -2s  ✅  Jeremie
23:17:39 BLOC_D_SERIE_DU_JOUR              2m22s      2m19s      -3s  ✅  Esaie
23:19:58 BLOC_D_SERIE_DU_JOUR              4m28s      4m26s      -2s  ✅  2 Roi
23:24:24 BLOC_D_SERIE_DU_JOUR              5m41s      5m38s      -3s  ✅  La Bible
23:30:02 BLOC_D_SERIE_DU_JOUR              0m07s      0m05s      -2s  ✅  la parole qui brille dans un lieu obscure 2
23:30:07 BLOC_D_SERIE_DU_JOUR           1h13m31s      0m12s   -4399s  ❌ COUPÉ  la résurrection des morts et la délivrance de lesclavage de la corruption part1
23:30:19 BLOC_D_SERIE_DU_JOUR              3m12s      3m10s      -2s  ✅  esprit de dieu
23:33:29 BLOC_D_SERIE_DU_JOUR              6m35s      6m32s      -3s  ✅  cantique   ta lumière
23:40:01 BLOC_D_SERIE_DU_JOUR              6m57s      6m54s      -3s  ✅  qui est digne d ouvrir le livre
23:46:55 BLOC_D_SERIE_DU_JOUR              4m11s      4m09s      -2s  ✅  jai donné ma vie à jésus (1)
23:51:04 BLOC_D_SERIE_DU_JOUR              2m20s      2m17s      -3s  ✅  cantique  heureux l homme qui ne marche pas selon
23:53:21 BLOC_D_SERIE_DU_JOUR              6m41s      6m38s      -3s  ✅  6 minutes
23:59:59 BLOC_D_SERIE_DU_JOUR              4m13s          ?           ⏳ dernier titre (durée réelle inconnue)  4 minutes
----------------------------------------------------------------------------------------------------
Bilan : 297 titres, 44 anomalie(s) (titre coupé de plus de 10s ou trou d'antenne).
