Rapport de diffusion — 2026-06-05 (heures UTC)
208 titres joués | tolérance ±10s
====================================================================================================
HEURE    PLAYLIST                     FICHIER          RÉEL    ÉCART  STATUT  TITRE
----------------------------------------------------------------------------------------------------
00:05:14 BLOC_A_SERIE_DU_JOUR           1h19m00s     12m12s   -4008s  ❌ COUPÉ  part2
00:17:26 BLOC_A_SERIE_DU_JOUR              0m08s      0m05s      -3s  ✅  jingle avant message 02 enseignement parole de dieu
00:17:31 BLOC_A_SERIE_DU_JOUR             29m09s      0m45s   -1704s  ❌ COUPÉ  aa la révélation de la victoire du fils mâle
00:18:16 BLOC_A_SERIE_DU_JOUR             29m09s     30m05s     +56s  ⚠️ TROU APRÈS  aa la révélation de la victoire du fils mâle
00:48:21 BLOC_A_SERIE_DU_JOUR             29m09s      0m52s   -1697s  ❌ COUPÉ  aa la révélation de la victoire du fils mâle
00:49:13 BLOC_A_SERIE_DU_JOUR              3m07s     51m27s   +2900s  ⚠️ TROU APRÈS  2 Chronicles
01:40:40 BLOC_A_SERIE_DU_JOUR             29m09s      0m34s   -1715s  ❌ COUPÉ  aa la révélation de la victoire du fils mâle
01:41:14 BLOC_A_SERIE_DU_JOUR             29m09s      0m56s   -1693s  ❌ COUPÉ  aa la révélation de la victoire du fils mâle
01:42:10 BLOC_A_SERIE_DU_JOUR              2m21s     27m03s   +1482s  ⚠️ TROU APRÈS  Ecclesiaste
02:09:13 BLOC_A_SERIE_DU_JOUR              3m26s      3m22s      -4s  ✅  Abdias
02:12:35 BLOC_A_SERIE_DU_JOUR              0m05s      0m03s      -2s  ✅  jingle avant louange 04 suite de la selection musicale
02:12:38 BLOC_A_SERIE_DU_JOUR             29m09s      0m33s   -1716s  ❌ COUPÉ  aa la révélation de la victoire du fils mâle
02:13:11 BLOC_A_SERIE_DU_JOUR              0m07s      0m05s      -2s  ✅  jingle avant bible 02 voici la lecture de la bible
02:13:16 BLOC_A_SERIE_DU_JOUR             29m09s      0m53s   -1696s  ❌ COUPÉ  aa la révélation de la victoire du fils mâle
02:14:09 BLOC_A_SERIE_DU_JOUR              2m30s     22m08s   +1178s  ⚠️ TROU APRÈS  Amos
02:36:17 BLOC_A_SERIE_DU_JOUR              4m00s      3m58s      -2s  ✅  Bible_fr_07_judges_002
02:40:15 BLOC_A_SERIE_DU_JOUR              5m18s      5m16s      -2s  ✅  Bible_fr_07_judges_003
02:45:31 BLOC_A_SERIE_DU_JOUR              4m32s      4m32s      +0s  ✅  Bible_fr_07_judges_004
02:50:03 BLOC_A_SERIE_DU_JOUR             29m09s      0m20s   -1729s  ❌ COUPÉ  aa la révélation de la victoire du fils mâle
02:50:23 BLOC_A_SERIE_DU_JOUR             29m09s      0m48s   -1701s  ❌ COUPÉ  aa la révélation de la victoire du fils mâle
02:51:11 BLOC_A_SERIE_DU_JOUR              5m48s      5m45s      -3s  ✅  Bible_fr_01_gen_001
02:56:56 BLOC_A_SERIE_DU_JOUR              4m20s      4m17s      -3s  ✅  Bible_fr_01_gen_003
03:01:13 BLOC_A_SERIE_DU_JOUR              4m21s      4m19s      -2s  ✅  Bible_fr_01_gen_004
03:05:32 BLOC_A_SERIE_DU_JOUR              3m33s      3m37s      +4s  ✅  Bible_fr_01_gen_005
03:09:09 BLOC_A_SERIE_DU_JOUR             29m09s      0m07s   -1742s  ❌ COUPÉ  aa la révélation de la victoire du fils mâle
03:09:16 BLOC_A_SERIE_DU_JOUR              3m53s      3m51s      -2s  ✅  Bible_fr_01_gen_002
03:13:07 BLOC_A_SERIE_DU_JOUR              5m46s      5m43s      -3s  ✅  Bible_fr_07_judges_001
03:18:50 BLOC_A_SERIE_DU_JOUR              3m48s      3m45s      -3s  ✅  2 Chronicles
03:22:35 BLOC_A_SERIE_DU_JOUR              3m41s      7m18s    +217s  ⚠️ TROU APRÈS  Adorons l'Éternel GAEL - JÉSUS EST SEIGNEUR -
03:29:53 BLOC_A_SERIE_DU_JOUR              5m14s      5m12s      -2s  ✅  Bible_fr_07_judges_005
03:35:05 BLOC_A_SERIE_DU_JOUR              5m19s     10m34s    +315s  ⚠️ TROU APRÈS  Gabrielle LIDJI - Mélodie Céleste  by LFXA(Light FX Animation)_2
03:45:39 BLOC_A_SERIE_DU_JOUR              3m22s      3m19s      -3s  ✅  Ses cheveux étaient blancs..
03:48:58 BLOC_A_SERIE_DU_JOUR              5m13s     10m22s    +309s  ⚠️ TROU APRÈS  Il s'appelait Emmanuel - Marcel Boungou + Paroles
03:59:20 BLOC_A_SERIE_DU_JOUR              6m09s      6m07s      -2s  ✅  Hymne des vainqueurs
04:05:27 BLOC_A_SERIE_DU_JOUR              5m10s      5m07s      -3s  ✅  Igwe
04:10:34 BLOC_A_SERIE_DU_JOUR              6m28s     12m51s    +383s  ⚠️ TROU APRÈS  Le Bien-Etre Universel
04:23:25 BLOC_A_SERIE_DU_JOUR              6m41s     13m16s    +395s  ⚠️ TROU APRÈS  6 minutes
04:36:41 BLOC_A_SERIE_DU_JOUR              4m13s      8m21s    +248s  ⚠️ TROU APRÈS  4 minutes
04:45:02 BLOC_A_SERIE_DU_JOUR              9m23s     28m09s   +1126s  ⚠️ TROU APRÈS  10 minutes
05:13:11 BLOC_A_SERIE_DU_JOUR              0m05s      0m03s      -2s  ✅  Parole Prophétique FM
05:13:14 BLOC_A_SERIE_DU_JOUR             29m09s      1m01s   -1688s  ❌ COUPÉ  aa la révélation de la victoire du fils mâle
05:14:15 BLOC_A_SERIE_DU_JOUR             29m09s      1m00s   -1689s  ❌ COUPÉ  aa la révélation de la victoire du fils mâle
05:15:15 BLOC_A_SERIE_DU_JOUR              0m07s      0m04s      -3s  ✅  Parole Prophétique FM
05:15:19 BLOC_A_SERIE_DU_JOUR             29m09s      0m51s   -1698s  ❌ COUPÉ  aa la révélation de la victoire du fils mâle
05:16:10 BLOC_A_SERIE_DU_JOUR              0m07s      0m05s      -2s  ✅  Parole Prophétique FM
05:16:15 BLOC_A_SERIE_DU_JOUR             29m09s      0m56s   -1693s  ❌ COUPÉ  aa la révélation de la victoire du fils mâle
05:17:11 BLOC_A_SERIE_DU_JOUR              6m57s      6m54s      -3s  ✅  qui est digne d ouvrir le livre
05:24:05 BLOC_A_SERIE_DU_JOUR              6m34s      6m31s      -3s  ✅  cantique  béni soit le dieu d israël
05:30:36 BLOC_A_SERIE_DU_JOUR              3m12s      9m30s    +378s  ⚠️ TROU APRÈS  esprit de dieu
05:40:06 BLOC_A_SERIE_DU_JOUR              2m20s      4m34s    +134s  ⚠️ TROU APRÈS  cantique  heureux l homme qui ne marche pas selon
05:44:40 BLOC_A_SERIE_DU_JOUR              4m11s      4m08s      -3s  ✅  jai donné ma vie à jésus (1)
05:48:48 BLOC_A_SERIE_DU_JOUR              2m16s      4m26s    +130s  ⚠️ TROU APRÈS  cantique  nous sommes le sel de la terre
05:53:14 BLOC_A_SERIE_DU_JOUR              6m06s     12m08s    +362s  ⚠️ TROU APRÈS  cantique  ta bonte
06:05:22 BLOC_B_SERIE_DU_JOUR              0m10s      0m08s      -2s  ✅  jingle avant message 01 voici le message du jour
06:05:30 BLOC_B_SERIE_DU_JOUR              0m10s      0m08s      -2s  ✅  jingle avant message 01 voici le message du jour
06:05:38 BLOC_B_SERIE_DU_JOUR             29m09s     29m43s     +34s  ⚠️ TROU APRÈS  aa la révélation de la victoire du fils mâle
06:35:21 BLOC_B_SERIE_DU_JOUR             29m09s      0m52s   -1697s  ❌ COUPÉ  aa la révélation de la victoire du fils mâle
06:36:13 BLOC_B_SERIE_DU_JOUR              2m43s      6m36s    +233s  ⚠️ TROU APRÈS  Aggee
06:42:49 BLOC_B_SERIE_DU_JOUR              3m26s      3m23s      -3s  ✅  Abdias
06:46:12 BLOC_B_SERIE_DU_JOUR              2m59s      2m57s      -2s  ✅  Philemon
06:49:09 BLOC_B_SERIE_DU_JOUR              2m37s     12m35s    +598s  ⚠️ TROU APRÈS  Michee
07:01:44 BLOC_B_SERIE_DU_JOUR              2m47s      2m45s      -2s  ✅  Lévitique 1
07:04:29 BLOC_B_SERIE_DU_JOUR              2m33s      2m30s      -3s  ✅  Lévitique 2
07:06:59 BLOC_B_SERIE_DU_JOUR              2m41s      2m38s      -3s  ✅  Lévitique 3
07:09:37 BLOC_B_SERIE_DU_JOUR              3m52s      3m50s      -2s  ✅  Lévitique 5
07:13:27 BLOC_B_SERIE_DU_JOUR              4m38s      4m36s      -2s  ✅  Lévitique 6
07:18:03 BLOC_B_SERIE_DU_JOUR              5m30s      5m27s      -3s  ✅  Lévitique 7
07:23:30 BLOC_B_SERIE_DU_JOUR              5m25s      5m22s      -3s  ✅  Lévitique 8
07:28:52 BLOC_B_SERIE_DU_JOUR              3m36s      3m36s      +0s  ✅  Lévitique 9
07:32:28 BLOC_B_SERIE_DU_JOUR             29m09s      0m46s   -1703s  ❌ COUPÉ  aa la révélation de la victoire du fils mâle
07:33:14 BLOC_B_SERIE_DU_JOUR             29m09s      0m56s   -1693s  ❌ COUPÉ  aa la révélation de la victoire du fils mâle
07:34:10 BLOC_B_SERIE_DU_JOUR              2m59s     12m27s    +568s  ⚠️ TROU APRÈS  2 Timothee
07:46:37 BLOC_B_SERIE_DU_JOUR              2m12s      7m29s    +317s  ⚠️ TROU APRÈS  2 Thessaloniciens
07:54:06 BLOC_B_SERIE_DU_JOUR             29m09s      0m08s   -1741s  ❌ COUPÉ  aa la révélation de la victoire du fils mâle
07:54:14 BLOC_B_SERIE_DU_JOUR             29m09s      1m01s   -1688s  ❌ COUPÉ  aa la révélation de la victoire du fils mâle
07:55:15 BLOC_B_SERIE_DU_JOUR              1m51s     35m25s   +2014s  ⚠️ TROU APRÈS  Zacharie
08:30:40 BLOC_B_SERIE_DU_JOUR              3m57s     13m28s    +571s  ⚠️ TROU APRÈS  Apocalypse
08:44:08 BLOC_B_SERIE_DU_JOUR              0m05s      0m08s      +3s  ✅  jingle avant louange 04 suite de la selection musicale
08:44:16 BLOC_B_SERIE_DU_JOUR             29m09s      1m01s   -1688s  ❌ COUPÉ  aa la révélation de la victoire du fils mâle
08:45:17 BLOC_B_SERIE_DU_JOUR              3m42s     10m54s    +432s  ⚠️ TROU APRÈS  2 Pierre
08:56:11 BLOC_B_SERIE_DU_JOUR              2m04s      2m57s     +53s  ⚠️ TROU APRÈS  Osee
08:59:08 BLOC_B_SERIE_DU_JOUR             29m09s      0m03s   -1746s  ❌ COUPÉ  aa la révélation de la victoire du fils mâle
08:59:11 BLOC_B_SERIE_DU_JOUR              3m29s      6m20s    +171s  ⚠️ TROU APRÈS  Osee
09:05:31 BLOC_B_SERIE_DU_JOUR              0m07s      0m05s      -2s  ✅  jingle avant louange 02 voici notre selection de cantiques
09:05:36 BLOC_B_SERIE_DU_JOUR             29m09s      0m36s   -1713s  ❌ COUPÉ  aa la révélation de la victoire du fils mâle
09:06:12 BLOC_B_SERIE_DU_JOUR              3m41s     10m57s    +436s  ⚠️ TROU APRÈS  Adorons l'Éternel GAEL - JÉSUS EST SEIGNEUR -
09:17:09 BLOC_B_SERIE_DU_JOUR              6m31s      6m28s      -3s  ✅  Lévitique 11
09:23:37 BLOC_B_SERIE_DU_JOUR              5m19s     21m07s    +948s  ⚠️ TROU APRÈS  Gabrielle LIDJI - Mélodie Céleste  by LFXA(Light FX Animation)_2
09:44:44 BLOC_B_SERIE_DU_JOUR              3m22s      3m20s      -2s  ✅  Ses cheveux étaient blancs..
09:48:04 BLOC_B_SERIE_DU_JOUR              5m13s     10m21s    +308s  ⚠️ TROU APRÈS  Il s'appelait Emmanuel - Marcel Boungou + Paroles
09:58:25 BLOC_B_SERIE_DU_JOUR              6m09s      6m07s      -2s  ✅  Hymne des vainqueurs
10:04:32 BLOC_B_SERIE_DU_JOUR              5m10s     15m23s    +613s  ⚠️ TROU APRÈS  Igwe
10:19:55 BLOC_B_SERIE_DU_JOUR              6m28s     12m50s    +382s  ⚠️ TROU APRÈS  Le Bien-Etre Universel
10:32:45 BLOC_B_SERIE_DU_JOUR              6m41s     13m17s    +396s  ⚠️ TROU APRÈS  6 minutes
10:46:02 BLOC_B_SERIE_DU_JOUR              4m13s      8m20s    +247s  ⚠️ TROU APRÈS  4 minutes
10:54:22 BLOC_B_SERIE_DU_JOUR              0m05s      0m03s      -2s  ✅  Parole Prophétique FM
10:54:25 BLOC_B_SERIE_DU_JOUR             29m09s      0m55s   -1694s  ❌ COUPÉ  aa la révélation de la victoire du fils mâle
10:55:20 BLOC_B_SERIE_DU_JOUR             29m09s      0m50s   -1699s  ❌ COUPÉ  aa la révélation de la victoire du fils mâle
10:56:10 BLOC_B_SERIE_DU_JOUR              0m07s      0m05s      -2s  ✅  Parole Prophétique FM
10:56:15 BLOC_B_SERIE_DU_JOUR             29m09s      1m01s   -1688s  ❌ COUPÉ  aa la révélation de la victoire du fils mâle
10:57:16 BLOC_B_SERIE_DU_JOUR             29m09s      0m54s   -1695s  ❌ COUPÉ  aa la révélation de la victoire du fils mâle
10:58:10 BLOC_B_SERIE_DU_JOUR              6m57s      6m55s      -2s  ✅  qui est digne d ouvrir le livre
11:05:05 BLOC_B_SERIE_DU_JOUR              6m34s     19m34s    +780s  ⚠️ TROU APRÈS  cantique  béni soit le dieu d israël
11:24:39 BLOC_B_SERIE_DU_JOUR              3m12s      6m19s    +187s  ⚠️ TROU APRÈS  esprit de dieu
11:30:58 BLOC_B_SERIE_DU_JOUR              2m20s      4m34s    +134s  ⚠️ TROU APRÈS  cantique  heureux l homme qui ne marche pas selon
11:35:32 BLOC_B_SERIE_DU_JOUR              4m11s     12m25s    +494s  ⚠️ TROU APRÈS  jai donné ma vie à jésus (1)
11:47:57 BLOC_B_SERIE_DU_JOUR              2m16s      4m26s    +130s  ⚠️ TROU APRÈS  cantique  nous sommes le sel de la terre
11:52:23 BLOC_B_SERIE_DU_JOUR              6m06s      6m04s      -2s  ✅  cantique  ta bonte
11:58:27 BLOC_B_SERIE_DU_JOUR              7m17s      7m22s      +5s  ✅  cantique  tes promesses  pub direct dec 2021 import (2)
12:05:49 BLOC_C_SERIE_DU_JOUR              0m10s      0m08s      -2s  ✅  jingle avant message 01 voici le message du jour
12:05:57 BLOC_C_SERIE_DU_JOUR             29m09s     29m24s     +15s  ⚠️ TROU APRÈS  aa la révélation de la victoire du fils mâle
12:35:21 BLOC_C_SERIE_DU_JOUR             29m09s      0m50s   -1699s  ❌ COUPÉ  aa la révélation de la victoire du fils mâle
12:36:11 BLOC_C_SERIE_DU_JOUR              5m40s   1h04m30s   +3530s  ⚠️ TROU APRÈS  Marc
13:40:41 BLOC_C_SERIE_DU_JOUR             29m09s      0m29s   -1720s  ❌ COUPÉ  aa la révélation de la victoire du fils mâle
13:41:10 BLOC_C_SERIE_DU_JOUR              0m01s      0m02s      +1s  ✅  jingle avant bible 04 restons a lecoute des ecritures
13:41:12 BLOC_C_SERIE_DU_JOUR             29m09s      0m59s   -1690s  ❌ COUPÉ  aa la révélation de la victoire du fils mâle
13:42:11 BLOC_C_SERIE_DU_JOUR              3m42s     10m55s    +433s  ⚠️ TROU APRÈS  2 Pierre
13:53:06 BLOC_C_SERIE_DU_JOUR              4m15s     11m12s    +417s  ⚠️ TROU APRÈS  Philippiens
14:04:18 BLOC_C_SERIE_DU_JOUR              4m28s      4m26s      -2s  ✅  Philippiens 2
14:08:44 BLOC_C_SERIE_DU_JOUR              2m49s      7m06s    +257s  ⚠️ TROU APRÈS  2 Corinthiens
14:15:50 BLOC_C_SERIE_DU_JOUR             29m09s      0m21s   -1728s  ❌ COUPÉ  aa la révélation de la victoire du fils mâle
14:16:11 BLOC_C_SERIE_DU_JOUR              0m06s      0m03s      -3s  ✅  jingle avant bible 03 ecoutez la voix de dieu
14:16:14 BLOC_C_SERIE_DU_JOUR             29m09s      0m56s   -1693s  ❌ COUPÉ  aa la révélation de la victoire du fils mâle
14:17:10 BLOC_C_SERIE_DU_JOUR              6m23s     43m00s   +2197s  ⚠️ TROU APRÈS  1 Samuel
15:00:10 BLOC_C_SERIE_DU_JOUR              0m07s      0m03s      -4s  ✅  jingle avant louange 02 voici notre selection de cantiques
15:00:13 BLOC_C_SERIE_DU_JOUR             29m09s      0m11s   -1738s  ❌ COUPÉ  aa la révélation de la victoire du fils mâle
15:00:24 BLOC_C_SERIE_DU_JOUR              3m41s      3m38s      -3s  ✅  Adorons l'Éternel GAEL - JÉSUS EST SEIGNEUR -
15:04:02 BLOC_C_SERIE_DU_JOUR              0m06s      0m07s      +1s  ✅  jingle avant bible 01 la foi vient de ce quon entend
15:04:09 BLOC_C_SERIE_DU_JOUR              2m37s     12m36s    +599s  ⚠️ TROU APRÈS  Michee
15:16:45 BLOC_C_SERIE_DU_JOUR              2m07s      2m08s      +1s  ✅  Job
15:18:53 BLOC_C_SERIE_DU_JOUR             29m09s      0m20s   -1729s  ❌ COUPÉ  aa la révélation de la victoire du fils mâle
15:19:13 BLOC_C_SERIE_DU_JOUR              5m19s     21m07s    +948s  ⚠️ TROU APRÈS  Gabrielle LIDJI - Mélodie Céleste  by LFXA(Light FX Animation)_2
15:40:20 BLOC_C_SERIE_DU_JOUR              5m13s      5m11s      -2s  ✅  Il s'appelait Emmanuel - Marcel Boungou + Paroles
15:45:31 BLOC_C_SERIE_DU_JOUR              6m09s      6m07s      -2s  ✅  Hymne des vainqueurs
15:51:38 BLOC_C_SERIE_DU_JOUR              5m10s      5m07s      -3s  ✅  Igwe
15:56:45 BLOC_C_SERIE_DU_JOUR              6m28s     25m41s   +1153s  ⚠️ TROU APRÈS  Le Bien-Etre Universel
16:22:26 BLOC_C_SERIE_DU_JOUR              6m41s     13m17s    +396s  ⚠️ TROU APRÈS  6 minutes
16:35:43 BLOC_C_SERIE_DU_JOUR              4m13s     12m31s    +498s  ⚠️ TROU APRÈS  4 minutes
16:48:14 BLOC_C_SERIE_DU_JOUR              9m23s     18m42s    +559s  ⚠️ TROU APRÈS  10 minutes
17:06:56 BLOC_C_SERIE_DU_JOUR              0m05s      0m02s      -3s  ✅  Parole Prophétique FM
17:06:58 BLOC_C_SERIE_DU_JOUR             29m09s      0m18s   -1731s  ❌ COUPÉ  aa la révélation de la victoire du fils mâle
17:07:16 BLOC_C_SERIE_DU_JOUR             29m09s      0m59s   -1690s  ❌ COUPÉ  aa la révélation de la victoire du fils mâle
17:08:15 BLOC_C_SERIE_DU_JOUR             29m09s      1m00s   -1689s  ❌ COUPÉ  aa la révélation de la victoire du fils mâle
17:09:15 BLOC_C_SERIE_DU_JOUR              6m57s     13m48s    +411s  ⚠️ TROU APRÈS  qui est digne d ouvrir le livre
17:23:03 BLOC_C_SERIE_DU_JOUR              6m34s     13m03s    +389s  ⚠️ TROU APRÈS  cantique  béni soit le dieu d israël
17:36:06 BLOC_C_SERIE_DU_JOUR              3m12s      3m10s      -2s  ✅  esprit de dieu
17:39:16 BLOC_C_SERIE_DU_JOUR              2m20s      4m34s    +134s  ⚠️ TROU APRÈS  cantique  heureux l homme qui ne marche pas selon
17:43:50 BLOC_C_SERIE_DU_JOUR              4m11s      8m16s    +245s  ⚠️ TROU APRÈS  jai donné ma vie à jésus (1)
17:52:06 BLOC_C_SERIE_DU_JOUR              2m16s      2m13s      -3s  ✅  cantique  nous sommes le sel de la terre
17:54:19 BLOC_C_SERIE_DU_JOUR              6m06s      6m05s      -1s  ✅  cantique  ta bonte
18:00:24 BLOC_C_SERIE_DU_JOUR              7m17s      7m14s      -3s  ✅  cantique  tes promesses  pub direct dec 2021 import (2)
18:07:38 BLOC_D_SERIE_DU_JOUR              0m10s      0m08s      -2s  ✅  jingle avant message 01 voici le message du jour
18:07:46 BLOC_D_SERIE_DU_JOUR              0m10s      0m07s      -3s  ✅  jingle avant message 01 voici le message du jour
18:07:53 BLOC_D_SERIE_DU_JOUR             29m09s     29m24s     +15s  ⚠️ TROU APRÈS  aa la révélation de la victoire du fils mâle
18:37:17 BLOC_D_SERIE_DU_JOUR              0m07s      0m05s      -2s  ✅  jingle avant bible 02 voici la lecture de la bible
18:37:22 BLOC_D_SERIE_DU_JOUR             29m09s      0m50s   -1699s  ❌ COUPÉ  aa la révélation de la victoire du fils mâle
18:38:12 BLOC_D_SERIE_DU_JOUR              2m37s     17m41s    +904s  ⚠️ TROU APRÈS  Michee
18:55:53 BLOC_D_SERIE_DU_JOUR              2m07s      2m05s      -2s  ✅  2 John
18:57:58 BLOC_D_SERIE_DU_JOUR              3m55s     42m47s   +2332s  ⚠️ TROU APRÈS  2 Roi
19:40:45 BLOC_D_SERIE_DU_JOUR             29m09s      0m26s   -1723s  ❌ COUPÉ  aa la révélation de la victoire du fils mâle
19:41:11 BLOC_D_SERIE_DU_JOUR              6m09s      6m07s      -2s  ✅  Hymne des vainqueurs
19:47:18 BLOC_D_SERIE_DU_JOUR              7m17s      7m14s      -3s  ✅  cantique  tes promesses  pub direct dec 2021 import (2)
19:54:32 BLOC_D_SERIE_DU_JOUR              6m35s      6m33s      -2s  ✅  cantique   ta lumière
20:01:05 BLOC_D_SERIE_DU_JOUR              4m52s      4m50s      -2s  ✅  cantique   prends tout le contrôle
20:05:55 BLOC_D_SERIE_DU_JOUR              6m06s      6m04s      -2s  ✅  cantique  ta bonte
20:11:59 BLOC_D_SERIE_DU_JOUR              6m28s      6m25s      -3s  ✅  Le Bien-Etre Universel
20:18:24 BLOC_D_SERIE_DU_JOUR              5m13s      5m11s      -2s  ✅  Il s'appelait Emmanuel - Marcel Boungou + Paroles
20:23:35 BLOC_D_SERIE_DU_JOUR              3m41s      3m39s      -2s  ✅  Adorons l'Éternel GAEL - JÉSUS EST SEIGNEUR -
20:27:14 BLOC_D_SERIE_DU_JOUR              3m22s      3m19s      -3s  ✅  Ses cheveux étaient blancs..
20:30:33 BLOC_D_SERIE_DU_JOUR              6m57s      6m55s      -2s  ✅  qui est digne d ouvrir le livre
20:37:28 BLOC_D_SERIE_DU_JOUR              6m41s      6m41s      +0s  ✅  6 minutes
20:44:09 BLOC_D_SERIE_DU_JOUR             29m09s      0m03s   -1746s  ❌ COUPÉ  aa la révélation de la victoire du fils mâle
20:44:12 BLOC_D_SERIE_DU_JOUR              2m16s     34m18s   +1922s  ⚠️ TROU APRÈS  Hebreux
21:18:30 BLOC_D_SERIE_DU_JOUR              0m04s      0m03s      -1s  ✅  jingle avant louange 03 continuons dans la louange
21:18:33 BLOC_D_SERIE_DU_JOUR             29m09s      0m39s   -1710s  ❌ COUPÉ  aa la révélation de la victoire du fils mâle
21:19:12 BLOC_D_SERIE_DU_JOUR              6m41s      6m37s      -4s  ✅  6 minutes
21:25:49 BLOC_D_SERIE_DU_JOUR              6m34s      6m32s      -2s  ✅  cantique  béni soit le dieu d israël
21:32:21 BLOC_D_SERIE_DU_JOUR              6m57s      6m55s      -2s  ✅  qui est digne d ouvrir le livre
21:39:16 BLOC_D_SERIE_DU_JOUR              6m35s      6m32s      -3s  ✅  cantique   ta lumière
21:45:48 BLOC_D_SERIE_DU_JOUR              2m20s      2m17s      -3s  ✅  cantique  heureux l homme qui ne marche pas selon
21:48:05 BLOC_D_SERIE_DU_JOUR              3m12s      3m10s      -2s  ✅  esprit de dieu
21:51:15 BLOC_D_SERIE_DU_JOUR              6m06s      6m04s      -2s  ✅  cantique  ta bonte
21:57:19 BLOC_D_SERIE_DU_JOUR              0m05s      0m03s      -2s  ✅  Parole Prophétique FM
21:57:22 BLOC_D_SERIE_DU_JOUR             29m09s      0m49s   -1700s  ❌ COUPÉ  aa la révélation de la victoire du fils mâle
21:58:11 BLOC_D_SERIE_DU_JOUR              2m16s      2m14s      -2s  ✅  cantique  nous sommes le sel de la terre
22:00:25 BLOC_D_SERIE_DU_JOUR              5m13s      5m10s      -3s  ✅  Il s'appelait Emmanuel - Marcel Boungou + Paroles
22:05:35 BLOC_D_SERIE_DU_JOUR              3m22s      3m19s      -3s  ✅  Ses cheveux étaient blancs..
22:08:54 BLOC_D_SERIE_DU_JOUR              4m13s      4m11s      -2s  ✅  4 minutes
22:13:05 BLOC_D_SERIE_DU_JOUR              6m09s      6m07s      -2s  ✅  Hymne des vainqueurs
22:19:12 BLOC_D_SERIE_DU_JOUR              7m17s      7m17s      +0s  ✅  cantique  tes promesses  pub direct dec 2021 import (2)
22:26:29 BLOC_D_SERIE_DU_JOUR             29m09s      0m42s   -1707s  ❌ COUPÉ  aa la révélation de la victoire du fils mâle
22:27:11 BLOC_D_SERIE_DU_JOUR              3m26s      3m24s      -2s  ✅  Abdias
22:30:35 BLOC_D_SERIE_DU_JOUR              5m21s      5m18s      -3s  ✅  Exode 7
22:35:53 BLOC_D_SERIE_DU_JOUR              6m57s      6m55s      -2s  ✅  Exode 8
22:42:48 BLOC_D_SERIE_DU_JOUR              2m21s     27m02s   +1481s  ⚠️ TROU APRÈS  Ecclesiaste
23:09:50 BLOC_D_SERIE_DU_JOUR              1m30s      1m28s      -2s  ✅  Lévitique 12
23:11:18 BLOC_D_SERIE_DU_JOUR              8m31s      8m30s      -1s  ✅  Lévitique 14
23:19:48 BLOC_D_SERIE_DU_JOUR             29m09s      0m30s   -1719s  ❌ COUPÉ  aa la révélation de la victoire du fils mâle
23:20:18 BLOC_D_SERIE_DU_JOUR              6m41s      6m38s      -3s  ✅  6 minutes
23:26:56 BLOC_D_SERIE_DU_JOUR              5m13s      5m11s      -2s  ✅  Il s'appelait Emmanuel - Marcel Boungou + Paroles
23:32:07 BLOC_D_SERIE_DU_JOUR              0m07s      0m07s      +0s  ✅  Parole Prophétique FM
23:32:14 BLOC_D_SERIE_DU_JOUR             29m09s      0m56s   -1693s  ❌ COUPÉ  aa la révélation de la victoire du fils mâle
23:33:10 BLOC_D_SERIE_DU_JOUR              4m52s      4m50s      -2s  ✅  cantique   prends tout le contrôle
23:38:00 BLOC_D_SERIE_DU_JOUR              3m41s      3m39s      -2s  ✅  Adorons l'Éternel GAEL - JÉSUS EST SEIGNEUR -
23:41:39 BLOC_D_SERIE_DU_JOUR              6m35s      6m33s      -2s  ✅  cantique   ta lumière
23:48:12 BLOC_D_SERIE_DU_JOUR              4m11s      4m08s      -3s  ✅  jai donné ma vie à jésus (1)
23:52:20 BLOC_D_SERIE_DU_JOUR              3m22s      3m19s      -3s  ✅  Ses cheveux étaient blancs..
23:55:39 BLOC_D_SERIE_DU_JOUR              6m09s          ?           ⏳ dernier titre (durée réelle inconnue)  Hymne des vainqueurs
----------------------------------------------------------------------------------------------------
Bilan : 208 titres, 102 anomalie(s) (titre coupé de plus de 10s ou trou d'antenne).
