====================================================================================================
MONITEUR RADIO — 2026-08-10 (synthèse des 3 rapports + plan, heures UTC)
====================================================================================================
État : ❌ incident(s) détecté(s)  ·  diffusion : 1 coupure(s)/trou(s), 0 double(s) message  ·  serveur : 147 incident(s)
SERVEUR (liquidsoap_events) :
   00:01:29  🌐 échec réseau AzuraCast/Liquidsoap  (×2)
   00:01:29  💥 crash Liquidsoap (redémarrage automatique)  (×2)
   00:01:37  🔇 bascule sur jingle d'erreur (silence potentiel)  (×3)
   23:32:22  🌐 échec réseau AzuraCast/Liquidsoap  (×140)
RESET MINUIT : restart confirmé vers 00:02:11 · 3 contrôle(s) · ⚠️ doublon vu dans la file
INCIDENTS CORRÉLÉS (anomalie de diffusion ↔ cause serveur probable) :
   00:01:43  TROU 100s « jingle avant message 04 bienvenue sur parole prophetique fm »
          ↳ cause probable 00:01:37 : 🔇 bascule sur jingle d'erreur (silence potentiel)
(Détail titre par titre, contrôles approfondis et RÉEL vs PRÉVU ci-dessous.)
Rapport de diffusion — 2026-08-10 (heures UTC)
300 titres joués | tolérance ±10s
====================================================================================================
HEURE    PLAYLIST                     FICHIER          RÉEL    ÉCART  STATUT  TITRE
----------------------------------------------------------------------------------------------------
00:01:43 BLOC_A_SERIE_DU_JOUR              0m10s      1m50s    +100s  ⚠️ TROU APRÈS  jingle avant message 04 bienvenue sur parole prophetique fm
00:03:33 BLOC_A_SERIE_DU_JOUR             26m50s     26m49s      -1s  ✅  la moisson 1 adé
00:30:22 BLOC_A_SERIE_DU_JOUR              0m09s      0m06s      -3s  ✅  jingle avant bible 08 prenons un moment pour ecouter la parole
00:30:28 BLOC_A_SERIE_DU_JOUR              4m20s      4m17s      -3s  ✅  Ézéchiel 46
00:34:45 BLOC_A_SERIE_DU_JOUR              4m08s      4m05s      -3s  ✅  Ézéchiel 47
00:38:50 BLOC_A_SERIE_DU_JOUR              5m23s      5m21s      -2s  ✅  Ézéchiel 48
00:44:11 BLOC_A_SERIE_DU_JOUR              6m02s      6m00s      -2s  ✅  Nombres 32
00:50:11 BLOC_A_SERIE_DU_JOUR              6m01s      5m58s      -3s  ✅  Nombres 33
00:56:09 BLOC_A_SERIE_DU_JOUR              3m28s      3m25s      -3s  ✅  Nombres 34
00:59:34 BLOC_A_SERIE_DU_JOUR              5m15s      5m13s      -2s  ✅  Nombres 35
01:04:47 BLOC_A_SERIE_DU_JOUR              2m23s      2m21s      -2s  ✅  Nombres 36
01:07:08 BLOC_A_SERIE_DU_JOUR              1m40s      1m37s      -3s  ✅  1 Jean 1
01:08:45 BLOC_A_SERIE_DU_JOUR              4m39s      4m36s      -3s  ✅  1 Jean 2
01:13:21 BLOC_A_SERIE_DU_JOUR              3m34s      3m32s      -2s  ✅  1 Jean 3
01:16:53 BLOC_A_SERIE_DU_JOUR              3m16s      3m15s      -1s  ✅  1 Jean 4
01:20:08 BLOC_A_SERIE_DU_JOUR              3m11s      3m08s      -3s  ✅  1 Jean 5
01:23:16 BLOC_A_SERIE_DU_JOUR              3m21s      3m18s      -3s  ✅  Exode 24
01:26:34 BLOC_A_SERIE_DU_JOUR              0m10s      0m08s      -2s  ✅  jingle avant louange 06 que la louange seleve
01:26:42 BLOC_A_SERIE_DU_JOUR              3m19s      3m16s      -3s  ✅  Awaken My Heart
01:29:58 BLOC_A_SERIE_DU_JOUR              6m12s      6m09s      -3s  ✅  The King is Here (Abasiama Timothy)
01:36:07 BLOC_A_SERIE_DU_JOUR              8m10s      8m07s      -3s  ✅  Great and Marvellous - Ketu HF
01:44:14 BLOC_A_SERIE_DU_JOUR              6m06s      6m04s      -2s  ✅  Good God - Asaba Fellowship
01:50:18 BLOC_A_SERIE_DU_JOUR              3m41s      3m39s      -2s  ✅  Adorons l'Éternel GAEL - JÉSUS EST SEIGNEUR -
01:53:57 BLOC_A_SERIE_DU_JOUR              5m07s      5m04s      -3s  ✅  We Shall Come - Asaba Fellowship
01:59:01 BLOC_A_SERIE_DU_JOUR             10m47s     10m44s      -3s  ✅  Abba, Singing a, I Will Sing - Ketu HF
02:09:45 BLOC_A_SERIE_DU_JOUR              5m21s      5m19s      -2s  ✅  We Shall Not Fear - Nonso Njoku
02:15:04 BLOC_A_SERIE_DU_JOUR              3m04s      3m01s      -3s  ✅  The Lord is my Light and Salvation - Nonso Njoku
02:18:05 BLOC_A_SERIE_DU_JOUR              4m13s      4m10s      -3s  ✅  4 minutes
02:22:15 BLOC_A_SERIE_DU_JOUR              0m10s      0m08s      -2s  ✅  jingle avant bible 06 ouvrons les saintes ecritures
02:22:23 BLOC_A_SERIE_DU_JOUR              3m42s      3m39s      -3s  ✅  2 Pierre 1
02:26:02 BLOC_A_SERIE_DU_JOUR              4m04s      4m02s      -2s  ✅  2 Pierre 2
02:30:04 BLOC_A_SERIE_DU_JOUR              3m17s      3m14s      -3s  ✅  2 Pierre 3
02:33:18 BLOC_A_SERIE_DU_JOUR              3m17s      3m15s      -2s  ✅  Ecclésiaste 5
02:36:33 BLOC_A_SERIE_DU_JOUR              1m50s      1m47s      -3s  ✅  Ecclésiaste 6
02:38:20 BLOC_A_SERIE_DU_JOUR              3m44s      3m41s      -3s  ✅  Ecclésiaste 7
02:42:01 BLOC_A_SERIE_DU_JOUR              2m51s      2m49s      -2s  ✅  Ecclésiaste 8
02:44:50 BLOC_A_SERIE_DU_JOUR              3m14s      3m11s      -3s  ✅  Ecclésiaste 9
02:48:01 BLOC_A_SERIE_DU_JOUR              2m29s      2m27s      -2s  ✅  Ecclésiaste 10
02:50:28 BLOC_A_SERIE_DU_JOUR              0m13s      0m11s      -2s  ✅  jingle avant louange 07 voici un temps de louange
02:50:39 BLOC_A_SERIE_DU_JOUR              8m10s      8m07s      -3s  ✅  Agunechemba - SWBN TV
02:58:46 BLOC_A_SERIE_DU_JOUR              4m52s      4m50s      -2s  ✅  cantique   prends tout le contrôle
03:03:36 BLOC_A_SERIE_DU_JOUR              4m48s      4m46s      -2s  ✅  Yeshua I'm Waiting for You  - Ketu HF
03:08:22 BLOC_A_SERIE_DU_JOUR              9m43s      9m40s      -3s  ✅  Thy Throne Oh Lord - Ketu HF
03:18:02 BLOC_A_SERIE_DU_JOUR              5m48s      5m46s      -2s  ✅  Forever You Reign - Abuja HF
03:23:48 BLOC_A_SERIE_DU_JOUR              9m31s      9m28s      -3s  ✅  15 at 01.33.50 (1)(1)
03:33:16 BLOC_A_SERIE_DU_JOUR              8m21s      8m19s      -2s  ✅  My Heart Rejoices - Toronto HF
03:41:35 BLOC_A_SERIE_DU_JOUR              6m02s      5m59s      -3s  ✅  Crown Him Lord of Lords - Nonso Njoku
03:47:34 BLOC_A_SERIE_DU_JOUR              0m13s      0m10s      -3s  ✅  jingle avant bible 07 place a la lecture de la bible
03:47:44 BLOC_A_SERIE_DU_JOUR              4m23s      4m21s      -2s  ✅  1 Samuel 28
03:52:05 BLOC_A_SERIE_DU_JOUR              2m02s      1m59s      -3s  ✅  1 Samuel 29
03:54:04 BLOC_A_SERIE_DU_JOUR              4m57s      4m54s      -3s  ✅  1 Samuel 30
03:58:58 BLOC_A_SERIE_DU_JOUR              2m02s      2m00s      -2s  ✅  1 Samuel 31
04:00:58 BLOC_A_SERIE_DU_JOUR              4m02s      3m59s      -3s  ✅  Esther 1
04:04:57 BLOC_A_SERIE_DU_JOUR              4m44s      4m41s      -3s  ✅  Esther 2
04:09:38 BLOC_A_SERIE_DU_JOUR              3m17s      3m14s      -3s  ✅  Esther 3
04:12:52 BLOC_A_SERIE_DU_JOUR              2m55s      2m53s      -2s  ✅  Esther 4
04:15:45 BLOC_A_SERIE_DU_JOUR              2m46s      2m43s      -3s  ✅  Esther 5
04:18:28 BLOC_A_SERIE_DU_JOUR              2m44s      2m41s      -3s  ✅  Esther 6
04:21:09 BLOC_A_SERIE_DU_JOUR              2m17s      2m15s      -2s  ✅  Esther 7
04:23:24 BLOC_A_SERIE_DU_JOUR              3m44s      3m41s      -3s  ✅  Esther 8
04:27:05 BLOC_A_SERIE_DU_JOUR              5m31s      5m29s      -2s  ✅  Esther 9
04:32:34 BLOC_A_SERIE_DU_JOUR              0m11s      0m08s      -3s  ✅  jingle avant louange 05 elevons nos coeurs vers dieu
04:32:42 BLOC_A_SERIE_DU_JOUR              5m47s      5m45s      -2s  ✅  We Ascribe Greatness - Abuja HF
04:38:27 BLOC_A_SERIE_DU_JOUR              4m14s      4m11s      -3s  ✅  Mon modèle, c est Jésus
04:42:38 BLOC_A_SERIE_DU_JOUR              6m19s      6m17s      -2s  ✅  Unto Him - CHF
04:48:55 BLOC_A_SERIE_DU_JOUR              7m51s      7m48s      -3s  ✅  There is no name  - Winnipeg Fellowship
04:56:43 BLOC_A_SERIE_DU_JOUR              4m53s      4m50s      -3s  ✅  Cantique Jahweh, Tu es élevé au dessus de tout (1)
05:01:33 BLOC_A_SERIE_DU_JOUR              5m57s      5m54s      -3s  ✅  You are God - Winnipeg Fellowship
05:07:27 BLOC_A_SERIE_DU_JOUR              6m34s      6m31s      -3s  ✅  cantique  béni soit le dieu d israël
05:13:58 BLOC_A_SERIE_DU_JOUR              6m10s      6m07s      -3s  ✅  That I May Know Him - Toronto HF
05:20:05 BLOC_A_SERIE_DU_JOUR              6m09s      6m08s      -1s  ✅  Hymne des vainqueurs
05:26:13 BLOC_A_SERIE_DU_JOUR              7m19s      7m16s      -3s  ✅  You Have sworn By Your Holiness - Chidera Bisong
05:33:29 BLOC_A_SERIE_DU_JOUR              0m09s      0m10s      +1s  ✅  jingle id station 02 radio evangile du royaume
05:33:39 BLOC_A_SERIE_DU_JOUR              2m56s      2m54s      -2s  ✅  Sophonie 1
05:36:33 BLOC_A_SERIE_DU_JOUR              2m46s      2m43s      -3s  ✅  Sophonie 2
05:39:16 BLOC_A_SERIE_DU_JOUR              3m46s      3m44s      -2s  ✅  Sophonie 3
05:43:00 BLOC_A_SERIE_DU_JOUR              4m37s      4m34s      -3s  ✅  1 Corinthiens 1
05:47:34 BLOC_A_SERIE_DU_JOUR              2m43s      2m41s      -2s  ✅  1 Corinthiens 2
05:50:15 BLOC_A_SERIE_DU_JOUR              3m26s      3m23s      -3s  ✅  1 Corinthiens 3
05:53:38 BLOC_A_SERIE_DU_JOUR              0m12s      0m12s      +0s  ✅  jingle id station 03 notre mission annonce levangile
05:53:50 BLOC_A_SERIE_DU_JOUR              3m12s      3m10s      -2s  ✅  esprit de dieu
05:57:00 BLOC_A_SERIE_DU_JOUR              8m37s      8m35s      -2s  ✅  He Has Given Me & Emmanuel You Joy Over Us (Medley) (Abasiama Timothy & Imah Adegoke)
06:05:35 BLOC_B_SERIE_DU_JOUR              0m10s      0m10s      +0s  ✅  jingle avant message 01 voici le message du jour
06:05:45 BLOC_B_SERIE_DU_JOUR             26m50s     26m48s      -2s  ✅  la moisson 1 adé
06:32:33 BLOC_B_SERIE_DU_JOUR              0m13s      0m11s      -2s  ✅  jingle avant bible 07 place a la lecture de la bible
06:32:44 BLOC_B_SERIE_DU_JOUR              6m58s      6m55s      -3s  ✅  Luc 23
06:39:39 BLOC_B_SERIE_DU_JOUR              6m18s      6m16s      -2s  ✅  Luc 24
06:45:55 BLOC_B_SERIE_DU_JOUR              2m07s      2m05s      -2s  ✅  2 Jean 1
06:48:00 BLOC_B_SERIE_DU_JOUR              2m40s      2m37s      -3s  ✅  Habacuc 1
06:50:37 BLOC_B_SERIE_DU_JOUR              3m24s      3m21s      -3s  ✅  Habacuc 2
06:53:58 BLOC_B_SERIE_DU_JOUR              3m11s      3m09s      -2s  ✅  Habacuc 3
06:57:07 BLOC_B_SERIE_DU_JOUR              5m33s      5m30s      -3s  ✅  Juges 7
07:02:37 BLOC_B_SERIE_DU_JOUR              5m42s      5m40s      -2s  ✅  Juges 8
07:08:17 BLOC_B_SERIE_DU_JOUR              9m48s      9m45s      -3s  ✅  Juges 9
07:18:02 BLOC_B_SERIE_DU_JOUR              2m48s      2m47s      -1s  ✅  Juges 10
07:20:49 BLOC_B_SERIE_DU_JOUR              7m02s      6m59s      -3s  ✅  Juges 11
07:27:48 BLOC_B_SERIE_DU_JOUR              0m11s      0m08s      -3s  ✅  jingle avant louange 05 elevons nos coeurs vers dieu
07:27:56 BLOC_B_SERIE_DU_JOUR              6m30s      6m27s      -3s  ✅  Praise the Lord of Host - Toronto HF
07:34:23 BLOC_B_SERIE_DU_JOUR              6m35s      6m33s      -2s  ✅  cantique   ta lumière
07:40:56 BLOC_B_SERIE_DU_JOUR              7m37s      7m34s      -3s  ✅  Cantiques  Il a pris mes iniquités
07:48:30 BLOC_B_SERIE_DU_JOUR              5m02s      5m00s      -2s  ✅  A Song Of Love
07:53:30 BLOC_B_SERIE_DU_JOUR              7m04s      7m02s      -2s  ✅  We Bless You Wonderful God  - Winnipeg Fellowship
08:00:32 BLOC_B_SERIE_DU_JOUR              5m18s      5m15s      -3s  ✅  Now is Come Salvation - Toronto HF
08:05:47 BLOC_B_SERIE_DU_JOUR              7m18s      7m15s      -3s  ✅  Holy is the Lord (Emmanuel Umoh)
08:13:02 BLOC_B_SERIE_DU_JOUR              5m52s      5m50s      -2s  ✅  Not Naked (Abasiama Timothy)
08:18:52 BLOC_B_SERIE_DU_JOUR              5m15s      5m13s      -2s  ✅  Yahweh Be Praised - Abuja HF
08:24:05 BLOC_B_SERIE_DU_JOUR              0m10s      0m08s      -2s  ✅  jingle avant bible 06 ouvrons les saintes ecritures
08:24:13 BLOC_B_SERIE_DU_JOUR              2m12s      2m09s      -3s  ✅  2 Thessaloniciens 1
08:26:22 BLOC_B_SERIE_DU_JOUR              2m47s      2m45s      -2s  ✅  2 Thessaloniciens 2
08:29:07 BLOC_B_SERIE_DU_JOUR              2m35s      2m32s      -3s  ✅  2 Thessaloniciens 3
08:31:39 BLOC_B_SERIE_DU_JOUR              3m41s      3m39s      -2s  ✅  Job 1
08:35:18 BLOC_B_SERIE_DU_JOUR              2m07s      2m04s      -3s  ✅  Job 2
08:37:22 BLOC_B_SERIE_DU_JOUR              2m26s      2m23s      -3s  ✅  Job 3
08:39:45 BLOC_B_SERIE_DU_JOUR              2m05s      2m03s      -2s  ✅  Job 4
08:41:48 BLOC_B_SERIE_DU_JOUR              2m27s      2m24s      -3s  ✅  Job 5
08:44:12 BLOC_B_SERIE_DU_JOUR              2m57s      2m55s      -2s  ✅  Job 6
08:47:07 BLOC_B_SERIE_DU_JOUR              2m21s      2m19s      -2s  ✅  Job 7
08:49:26 BLOC_B_SERIE_DU_JOUR              2m06s      2m04s      -2s  ✅  Job 8
08:51:30 BLOC_B_SERIE_DU_JOUR              3m12s      3m09s      -3s  ✅  Job 9
08:54:39 BLOC_B_SERIE_DU_JOUR              0m13s      0m11s      -2s  ✅  jingle avant louange 07 voici un temps de louange
08:54:50 BLOC_B_SERIE_DU_JOUR              5m45s      5m42s      -3s  ✅  Ella Samuels - Oh Lord Our Maker
09:00:32 BLOC_B_SERIE_DU_JOUR              4m11s      4m08s      -3s  ✅  Cantique   Oh Éternel Dieu, Tu es le Dieu Incomparable
09:04:40 BLOC_B_SERIE_DU_JOUR              4m40s      4m37s      -3s  ✅  All in All - CHF
09:09:17 BLOC_B_SERIE_DU_JOUR              6m04s      6m02s      -2s  ✅  Sing Unto the Lord a new Song  - Winnipeg Fellowship
09:15:19 BLOC_B_SERIE_DU_JOUR              7m20s      7m18s      -2s  ✅  The Glory -  PHF
09:22:37 BLOC_B_SERIE_DU_JOUR              5m04s      5m02s      -2s  ✅  Guide Me - El ELyon - Abuja HF
09:27:39 BLOC_B_SERIE_DU_JOUR              9m23s      9m20s      -3s  ✅  10 minutes
09:36:59 BLOC_B_SERIE_DU_JOUR              8m41s      8m39s      -2s  ✅  Unto Him (Vincent Opara)
09:45:38 BLOC_B_SERIE_DU_JOUR              2m20s      2m17s      -3s  ✅  cantique  heureux l homme qui ne marche pas selon
09:47:55 BLOC_B_SERIE_DU_JOUR              7m21s      7m25s      +4s  ✅  For By My God - Toronto & Winnipeg HF
09:55:20 BLOC_B_SERIE_DU_JOUR              2m54s      2m51s      -3s  ✅  Malachie 1
09:58:11 BLOC_B_SERIE_DU_JOUR              3m17s      3m14s      -3s  ✅  Malachie 2
10:01:25 BLOC_B_SERIE_DU_JOUR              3m22s      3m19s      -3s  ✅  Malachie 3
10:04:44 BLOC_B_SERIE_DU_JOUR              1m05s      1m02s      -3s  ✅  Malachie 4
10:05:46 BLOC_B_SERIE_DU_JOUR              3m20s      3m18s      -2s  ✅  Josué 1
10:09:04 BLOC_B_SERIE_DU_JOUR              4m14s      4m12s      -2s  ✅  Josué 2
10:13:16 BLOC_B_SERIE_DU_JOUR              3m11s      3m08s      -3s  ✅  Josué 3
10:16:24 BLOC_B_SERIE_DU_JOUR              3m45s      3m43s      -2s  ✅  Josué 4
10:20:07 BLOC_B_SERIE_DU_JOUR              2m57s      2m53s      -4s  ✅  Josué 5
10:23:00 BLOC_B_SERIE_DU_JOUR              5m15s      5m13s      -2s  ✅  Josué 6
10:28:13 BLOC_B_SERIE_DU_JOUR              5m22s      5m19s      -3s  ✅  Josué 7
10:33:32 BLOC_B_SERIE_DU_JOUR              6m27s      6m24s      -3s  ✅  Josué 8
10:39:56 BLOC_B_SERIE_DU_JOUR              0m10s      0m08s      -2s  ✅  jingle avant louange 06 que la louange seleve
10:40:04 BLOC_B_SERIE_DU_JOUR             10m25s     10m23s      -2s  ✅  Holy Are You - PHF
10:50:27 BLOC_B_SERIE_DU_JOUR              8m22s      8m20s      -2s  ✅  Yeshua Hamashiach - Calabar HF
10:58:47 BLOC_B_SERIE_DU_JOUR              4m21s      4m18s      -3s  ✅  Sing Hallelujah - Abuja HF
11:03:05 BLOC_B_SERIE_DU_JOUR              6m56s      6m54s      -2s  ✅  As We Worship In Ypur Presence
11:09:59 BLOC_B_SERIE_DU_JOUR              9m38s      9m35s      -3s  ✅  Holy are You oh Lord (Olaedo Uzoma & Vincent Opara)
11:19:34 BLOC_B_SERIE_DU_JOUR              3m22s      3m19s      -3s  ✅  Ses cheveux étaient blancs..
11:22:53 BLOC_B_SERIE_DU_JOUR              7m25s      7m23s      -2s  ✅  Victorious Is the Lamb - Winnipeg Fellowship
11:30:16 BLOC_B_SERIE_DU_JOUR              5m43s      5m40s      -3s  ✅  Cantique l Éternel est mon Berger (1)
11:35:56 BLOC_B_SERIE_DU_JOUR              0m09s      0m10s      +1s  ✅  JINGLE
11:36:06 BLOC_B_SERIE_DU_JOUR              5m55s      5m52s      -3s  ✅  Genèse 37
11:41:58 BLOC_B_SERIE_DU_JOUR              5m09s      5m06s      -3s  ✅  Genèse 38
11:47:04 BLOC_B_SERIE_DU_JOUR              3m56s      3m54s      -2s  ✅  Genèse 39
11:50:58 BLOC_B_SERIE_DU_JOUR              3m50s      3m48s      -2s  ✅  Genèse 40
11:54:46 BLOC_B_SERIE_DU_JOUR              0m09s      0m09s      +0s  ✅  jingle id station 01 la bonne nouvelle partout
11:54:55 BLOC_B_SERIE_DU_JOUR              7m46s      7m44s      -2s  ✅  Arise Out of Zion  - Winnipeg Fellowship
12:02:39 BLOC_C_SERIE_DU_JOUR              0m10s      0m10s      +0s  ✅  jingle avant message 01 voici le message du jour
12:02:49 BLOC_C_SERIE_DU_JOUR             26m50s     26m49s      -1s  ✅  la moisson 1 adé
12:29:38 BLOC_C_SERIE_DU_JOUR              0m09s      0m06s      -3s  ✅  jingle avant bible 08 prenons un moment pour ecouter la parole
12:29:44 BLOC_C_SERIE_DU_JOUR              2m47s      2m44s      -3s  ✅  Jacques 4
12:32:28 BLOC_C_SERIE_DU_JOUR              3m28s      3m26s      -2s  ✅  Jacques 5
12:35:54 BLOC_C_SERIE_DU_JOUR              4m04s      4m01s      -3s  ✅  Galates 5
12:39:55 BLOC_C_SERIE_DU_JOUR              2m46s      2m44s      -2s  ✅  Galates 6
12:42:39 BLOC_C_SERIE_DU_JOUR              4m35s      4m32s      -3s  ✅  Jérémie 34
12:47:11 BLOC_C_SERIE_DU_JOUR              3m51s      3m48s      -3s  ✅  Jérémie 35
12:50:59 BLOC_C_SERIE_DU_JOUR              5m57s      5m54s      -3s  ✅  Jérémie 36
12:56:53 BLOC_C_SERIE_DU_JOUR              3m31s      3m29s      -2s  ✅  Jérémie 37
13:00:22 BLOC_C_SERIE_DU_JOUR              5m07s      5m05s      -2s  ✅  Jérémie 38
13:05:27 BLOC_C_SERIE_DU_JOUR              3m09s      3m06s      -3s  ✅  Jérémie 39
13:08:33 BLOC_C_SERIE_DU_JOUR              3m46s      3m44s      -2s  ✅  Jérémie 40
13:12:17 BLOC_C_SERIE_DU_JOUR              3m43s      3m40s      -3s  ✅  Jérémie 41
13:15:57 BLOC_C_SERIE_DU_JOUR              3m58s      3m56s      -2s  ✅  Jérémie 42
13:19:53 BLOC_C_SERIE_DU_JOUR              2m34s      2m32s      -2s  ✅  Jérémie 43
13:22:25 BLOC_C_SERIE_DU_JOUR              6m43s      6m41s      -2s  ✅  Jérémie 44
13:29:06 BLOC_C_SERIE_DU_JOUR              0m13s      0m10s      -3s  ✅  jingle avant louange 07 voici un temps de louange
13:29:16 BLOC_C_SERIE_DU_JOUR              6m13s      6m11s      -2s  ✅  Immortal God - Elohim Adonai - Abuja HF
13:35:27 BLOC_C_SERIE_DU_JOUR             10m35s     10m32s      -3s  ✅  Baruch Ha'ba B'Shem Adonai/Blessed Is He Who Comes in the Name of the Lord - Port Harcourt HF
13:45:59 BLOC_C_SERIE_DU_JOUR              2m57s      2m55s      -2s  ✅  You Are the Captain of the Host - Toronto HF
13:48:54 BLOC_C_SERIE_DU_JOUR              7m17s      7m15s      -2s  ✅  cantique  tes promesses  pub direct dec 2021 import (2)
13:56:09 BLOC_C_SERIE_DU_JOUR              4m11s      4m08s      -3s  ✅  jai donné ma vie à jésus (1)
14:00:17 BLOC_C_SERIE_DU_JOUR              3m24s      3m21s      -3s  ✅  Cantique sa miséricorde
14:03:38 BLOC_C_SERIE_DU_JOUR             10m38s     10m36s      -2s  ✅  Be Exalted - PHF
14:14:14 BLOC_C_SERIE_DU_JOUR              4m04s      4m01s      -3s  ✅  Ascribe Greatness - PHF
14:18:15 BLOC_C_SERIE_DU_JOUR              6m02s      6m00s      -2s  ✅  Rejoice - PHF
14:24:15 BLOC_C_SERIE_DU_JOUR              9m39s      9m44s      +5s  ✅  Psalm 93 - Port Harcourt HF
14:33:59 BLOC_C_SERIE_DU_JOUR              5m50s      5m48s      -2s  ✅  2 Samuel 22
14:39:47 BLOC_C_SERIE_DU_JOUR              5m49s      5m47s      -2s  ✅  2 Samuel 23
14:45:34 BLOC_C_SERIE_DU_JOUR              4m58s      4m55s      -3s  ✅  2 Samuel 24
14:50:29 BLOC_C_SERIE_DU_JOUR              6m45s      6m43s      -2s  ✅  Marc 9
14:57:12 BLOC_C_SERIE_DU_JOUR              7m16s      7m21s      +5s  ✅  Marc 10
15:04:33 BLOC_C_SERIE_DU_JOUR              6m54s      6m52s      -2s  ✅  There is no Lie (Imah Adegoke & Mary Umoh)
15:11:25 BLOC_C_SERIE_DU_JOUR              4m20s      4m18s      -2s  ✅  There's A Mighty River Flowing - SWBN TV
15:15:43 BLOC_C_SERIE_DU_JOUR              3m10s      3m07s      -3s  ✅  la Parole
15:18:50 BLOC_C_SERIE_DU_JOUR              5m50s      5m47s      -3s  ✅  Jesus I'm Waiting for You (Mary Umoh)
15:24:37 BLOC_C_SERIE_DU_JOUR              4m18s      4m16s      -2s  ✅  You Are Worthy - Ketu HF
15:28:53 BLOC_C_SERIE_DU_JOUR              5m19s      5m17s      -2s  ✅  Gabrielle LIDJI - Mélodie Céleste  by LFXA(Light FX Animation)_2
15:34:10 BLOC_C_SERIE_DU_JOUR              7m36s      7m33s      -3s  ✅  There Is No Lie - SWBN TV
15:41:43 BLOC_C_SERIE_DU_JOUR              4m52s      4m50s      -2s  ✅  God is Moving Us On - Ketu HF
15:46:33 BLOC_C_SERIE_DU_JOUR              9m23s      9m21s      -2s  ✅  Thou art Worthy Lord - PHF
15:55:54 BLOC_C_SERIE_DU_JOUR              2m16s      2m13s      -3s  ✅  cantique  nous sommes le sel de la terre
15:58:07 BLOC_C_SERIE_DU_JOUR             11m53s     11m50s      -3s  ✅  Hashem - PHF
16:09:57 BLOC_C_SERIE_DU_JOUR              0m13s      0m11s      -2s  ✅  jingle avant bible 07 place a la lecture de la bible
16:10:08 BLOC_C_SERIE_DU_JOUR              4m54s      4m51s      -3s  ✅  Jean 9
16:14:59 BLOC_C_SERIE_DU_JOUR              4m36s      4m33s      -3s  ✅  Jean 10
16:19:32 BLOC_C_SERIE_DU_JOUR              6m58s      6m56s      -2s  ✅  Jean 11
16:26:28 BLOC_C_SERIE_DU_JOUR              6m14s      6m11s      -3s  ✅  Jean 12
16:32:39 BLOC_C_SERIE_DU_JOUR              4m51s      4m49s      -2s  ✅  Jean 13
16:37:28 BLOC_C_SERIE_DU_JOUR              3m52s      3m49s      -3s  ✅  Jean 14
16:41:17 BLOC_C_SERIE_DU_JOUR              3m22s      3m20s      -2s  ✅  Jean 15
16:44:37 BLOC_C_SERIE_DU_JOUR              4m20s      4m17s      -3s  ✅  Jean 16
16:48:54 BLOC_C_SERIE_DU_JOUR              3m14s      3m11s      -3s  ✅  Jean 17
16:52:05 BLOC_C_SERIE_DU_JOUR              0m11s      0m09s      -2s  ✅  jingle avant louange 05 elevons nos coeurs vers dieu
16:52:14 BLOC_C_SERIE_DU_JOUR              4m08s      4m05s      -3s  ✅  I Choose the Way of the Lord - Abuja HF
16:56:19 BLOC_C_SERIE_DU_JOUR              5m52s      5m49s      -3s  ✅  Where Two or Three are Gathered - Calabar HF
17:02:08 BLOC_C_SERIE_DU_JOUR              6m41s      6m38s      -3s  ✅  6 minutes
17:08:46 BLOC_C_SERIE_DU_JOUR              6m02s      6m00s      -2s  ✅  Satisfy My Soul - Calabar HF
17:14:46 BLOC_C_SERIE_DU_JOUR             11m54s     11m51s      -3s  ✅  Great & Marvelluos - Toronto HF
17:26:37 BLOC_C_SERIE_DU_JOUR              4m05s      4m03s      -2s  ✅  Song Of Victory - Emmanuel Igunbor
17:30:40 BLOC_C_SERIE_DU_JOUR             11m01s     10m58s      -3s  ✅  Great is, Ascribe - Ketu HF
17:41:38 BLOC_C_SERIE_DU_JOUR              6m06s      6m04s      -2s  ✅  cantique  ta bonte
17:47:42 BLOC_C_SERIE_DU_JOUR              0m12s      0m12s      +0s  ✅  jingle id station 03 notre mission annonce levangile
17:47:54 BLOC_C_SERIE_DU_JOUR              3m57s      3m54s      -3s  ✅  Apocalypse 1
17:51:48 BLOC_C_SERIE_DU_JOUR              5m23s      5m21s      -2s  ✅  Apocalypse 2
17:57:09 BLOC_C_SERIE_DU_JOUR              4m16s      4m22s      +6s  ✅  Apocalypse 3
18:01:31 BLOC_D_SERIE_DU_JOUR             26m50s     26m48s      -2s  ✅  la moisson 1 adé
18:28:19 BLOC_D_SERIE_DU_JOUR              0m10s      0m08s      -2s  ✅  jingle avant bible 06 ouvrons les saintes ecritures
18:28:27 BLOC_D_SERIE_DU_JOUR              3m04s      3m02s      -2s  ✅  Osée 9
18:31:29 BLOC_D_SERIE_DU_JOUR              2m37s      2m34s      -3s  ✅  Osée 10
18:34:03 BLOC_D_SERIE_DU_JOUR              1m53s      1m50s      -3s  ✅  Osée 11
18:35:53 BLOC_D_SERIE_DU_JOUR              2m04s      2m02s      -2s  ✅  Osée 12
18:37:55 BLOC_D_SERIE_DU_JOUR              2m43s      2m41s      -2s  ✅  Osée 13
18:40:36 BLOC_D_SERIE_DU_JOUR              1m37s      1m35s      -2s  ✅  Osée 14
18:42:11 BLOC_D_SERIE_DU_JOUR              2m59s      2m57s      -2s  ✅  2 Timothée 1
18:45:08 BLOC_D_SERIE_DU_JOUR              3m52s      3m49s      -3s  ✅  2 Timothée 2
18:48:57 BLOC_D_SERIE_DU_JOUR              2m37s      2m34s      -3s  ✅  2 Timothée 3
18:51:31 BLOC_D_SERIE_DU_JOUR              3m09s      3m06s      -3s  ✅  2 Timothée 4
18:54:37 BLOC_D_SERIE_DU_JOUR              2m30s      2m28s      -2s  ✅  Amos 2
18:57:05 BLOC_D_SERIE_DU_JOUR              2m19s      2m16s      -3s  ✅  Amos 3
18:59:21 BLOC_D_SERIE_DU_JOUR              2m44s      2m42s      -2s  ✅  Amos 4
19:02:03 BLOC_D_SERIE_DU_JOUR              4m01s      3m59s      -2s  ✅  Amos 5
19:06:02 BLOC_D_SERIE_DU_JOUR              2m22s      2m19s      -3s  ✅  Amos 6
19:08:21 BLOC_D_SERIE_DU_JOUR              3m05s      3m02s      -3s  ✅  Amos 7
19:11:23 BLOC_D_SERIE_DU_JOUR              2m30s      2m28s      -2s  ✅  Amos 8
19:13:51 BLOC_D_SERIE_DU_JOUR              2m56s      2m54s      -2s  ✅  Amos 9
19:16:45 BLOC_D_SERIE_DU_JOUR              5m51s      5m48s      -3s  ✅  1 Chroniques 9
19:22:33 BLOC_D_SERIE_DU_JOUR              0m13s      0m11s      -2s  ✅  jingle avant louange 07 voici un temps de louange
19:22:44 BLOC_D_SERIE_DU_JOUR              7m57s      7m55s      -2s  ✅  Yahweh is Mighty (Imah Adegoke)
19:30:39 BLOC_D_SERIE_DU_JOUR              7m29s      7m26s      -3s  ✅  Hallelujah - PHF
19:38:05 BLOC_D_SERIE_DU_JOUR              4m44s      4m42s      -2s  ✅  Je veux vivre ton royaume
19:42:47 BLOC_D_SERIE_DU_JOUR              7m09s      7m07s      -2s  ✅  My God Is Good - Winnipeg Fellowship
19:49:54 BLOC_D_SERIE_DU_JOUR              5m13s      5m10s      -3s  ✅  Il s'appelait Emmanuel - Marcel Boungou + Paroles
19:55:04 BLOC_D_SERIE_DU_JOUR              6m07s      6m05s      -2s  ✅  There Is Forgiveness In Thee - SWBN TV
20:01:09 BLOC_D_SERIE_DU_JOUR              7m09s      7m06s      -3s  ✅  There is A Mighty River Flowing - Ketu HF
20:08:15 BLOC_D_SERIE_DU_JOUR              5m21s      5m19s      -2s  ✅  By the word of the lord - Ketu HF
20:13:34 BLOC_D_SERIE_DU_JOUR              0m09s      0m07s      -2s  ✅  jingle avant bible 08 prenons un moment pour ecouter la parole
20:13:41 BLOC_D_SERIE_DU_JOUR              3m36s      3m33s      -3s  ✅  Daniel 1
20:17:14 BLOC_D_SERIE_DU_JOUR              9m09s      9m06s      -3s  ✅  Daniel 2
20:26:20 BLOC_D_SERIE_DU_JOUR              6m24s      6m22s      -2s  ✅  Daniel 3
20:32:42 BLOC_D_SERIE_DU_JOUR              7m32s      7m30s      -2s  ✅  Daniel 4
20:40:12 BLOC_D_SERIE_DU_JOUR              0m10s      0m07s      -3s  ✅  jingle avant louange 06 que la louange seleve
20:40:19 BLOC_D_SERIE_DU_JOUR              6m59s      6m57s      -2s  ✅  Hosanna - Toronto HF
20:47:16 BLOC_D_SERIE_DU_JOUR              8m24s      8m21s      -3s  ✅  Bless Ye the Lord - PHF
20:55:37 BLOC_D_SERIE_DU_JOUR              6m28s      6m25s      -3s  ✅  Le Bien-Etre Universel
21:02:02 BLOC_D_SERIE_DU_JOUR              8m25s      8m22s      -3s  ✅  The Mountains, Come and, Oh City - Ketu HF
21:10:24 BLOC_D_SERIE_DU_JOUR             10m13s     10m10s      -3s  ✅  As We Worship - Toronto & Winnipeg HF
21:20:34 BLOC_D_SERIE_DU_JOUR              5m10s      5m08s      -2s  ✅  Igwe
21:25:42 BLOC_D_SERIE_DU_JOUR              6m57s      6m55s      -2s  ✅  qui est digne d ouvrir le livre
21:32:37 BLOC_D_SERIE_DU_JOUR              0m13s      0m10s      -3s  ✅  jingle avant bible 07 place a la lecture de la bible
21:32:47 BLOC_D_SERIE_DU_JOUR              2m18s      2m15s      -3s  ✅  Néhémie 1
21:35:02 BLOC_D_SERIE_DU_JOUR              4m01s      3m59s      -2s  ✅  Néhémie 2
21:39:01 BLOC_D_SERIE_DU_JOUR              5m28s      5m25s      -3s  ✅  Néhémie 3
21:44:26 BLOC_D_SERIE_DU_JOUR              3m46s      3m44s      -2s  ✅  Néhémie 4
21:48:10 BLOC_D_SERIE_DU_JOUR              3m29s      3m26s      -3s  ✅  Néhémie 5
21:51:36 BLOC_D_SERIE_DU_JOUR              3m23s      3m21s      -2s  ✅  Néhémie 6
21:54:57 BLOC_D_SERIE_DU_JOUR              6m49s      6m46s      -3s  ✅  Néhémie 7
22:01:43 BLOC_D_SERIE_DU_JOUR              3m59s      3m56s      -3s  ✅  Néhémie 8
22:05:39 BLOC_D_SERIE_DU_JOUR              7m47s      7m53s      +6s  ✅  Néhémie 9
22:13:32 BLOC_D_SERIE_DU_JOUR              6m57s      6m55s      -2s  ✅  The Lord on High is Mightier - Toronto HF
22:20:27 BLOC_D_SERIE_DU_JOUR              7m09s      7m07s      -2s  ✅  You're the Lamb (Abasiama Timothy)
22:27:34 BLOC_D_SERIE_DU_JOUR              5m10s      5m07s      -3s  ✅  I Will Call Upon The Lord
22:32:41 BLOC_D_SERIE_DU_JOUR              8m21s      8m19s      -2s  ✅  In the Day of Your Power  - Winnipeg Fellowship
22:41:00 BLOC_D_SERIE_DU_JOUR              5m58s      5m55s      -3s  ✅  In Jesus - PHF
22:46:55 BLOC_D_SERIE_DU_JOUR              8m58s      8m55s      -3s  ✅  El Elyon - Toronto & Winnipeg HF
22:55:50 BLOC_D_SERIE_DU_JOUR             10m24s     10m22s      -2s  ✅  Shine in Darkness O Lord  - Winnipeg Fellowship
23:06:12 BLOC_D_SERIE_DU_JOUR              0m09s      0m09s      +0s  ✅  JINGLE
23:06:21 BLOC_D_SERIE_DU_JOUR              4m23s      4m21s      -2s  ✅  Ésaïe 29
23:10:42 BLOC_D_SERIE_DU_JOUR              6m02s      5m59s      -3s  ✅  Ésaïe 30
23:16:41 BLOC_D_SERIE_DU_JOUR              2m03s      2m01s      -2s  ✅  Ésaïe 31
23:18:42 BLOC_D_SERIE_DU_JOUR              2m50s      2m47s      -3s  ✅  Ésaïe 32
23:21:29 BLOC_D_SERIE_DU_JOUR              4m09s      4m06s      -3s  ✅  Ésaïe 33
23:25:35 BLOC_D_SERIE_DU_JOUR              0m09s      0m09s      +0s  ✅  jingle id station 01 la bonne nouvelle partout
23:25:44 BLOC_D_SERIE_DU_JOUR              5m22s      5m20s      -2s  ✅  God's Got An Army - PHF
23:31:04 BLOC_E_LOUANGE_NUIT               5m19s      5m17s      -2s  ✅  Gabrielle LIDJI - Mélodie Céleste  by LFXA(Light FX Animation)_2
23:36:21 BLOC_E_LOUANGE_NUIT               5m57s      5m54s      -3s  ✅  You are God - Winnipeg Fellowship
23:42:15 BLOC_E_LOUANGE_NUIT               5m45s      5m42s      -3s  ✅  How Precious Oh Lord
23:47:57 BLOC_E_LOUANGE_NUIT               6m34s      6m31s      -3s  ✅  cantique  béni soit le dieu d israël
23:54:28 BLOC_E_LOUANGE_NUIT               3m04s      3m01s      -3s  ✅  The Lord is my Light and Salvation - Nonso Njoku
23:57:29 BLOC_E_LOUANGE_NUIT               4m11s      4m03s      -8s  ✅  Cantique   Oh Éternel Dieu, Tu es le Dieu Incomparable
----------------------------------------------------------------------------------------------------
Bilan : 300 titres, 1 anomalie(s) (titre coupé de plus de 10s ou trou d'antenne). Gravité : 0 mineure(s) <1min · 1 sérieuse(s) 1-10min · 0 critique(s) >10min.

====================================================================================================
CONTRÔLES APPROFONDIS
====================================================================================================
MESSAGE DU JOUR « La moisson 1 » : 4 diffusion(s) pour 4 prévue(s) ✅
   00:03:33  (étiquette BLOC_A_SERIE_DU_JOUR)
   06:05:45  (étiquette BLOC_B_SERIE_DU_JOUR)
   12:02:49  (étiquette BLOC_C_SERIE_DU_JOUR)
   18:01:31  (étiquette BLOC_D_SERIE_DU_JOUR)
JINGLES : 30 joués / 36 prévus (83%) ⚠️   ·   BLOC_A 9/9 · BLOC_B 8/9 · BLOC_C 6/9 · BLOC_D 7/9
HORS FENÊTRE : aucun débordement de bloc détecté ✅
BOUCHE-TROUS : aucun ✅
COUVERTURE : premier titre à 00:01:43 ✅ · dernier titre finit vers 00:01:40 (estimé) ✅

====================================================================================================
RÉEL vs PRÉVU — ce qui a joué vs ce que le plan prévoyait
====================================================================================================
----------------------------------------------------------------------------------------------------
BLOC_A  (00:00-06:00)  prévus  85 · atteignables  82 · joués  82 · conformité 100% · sautés  0 · en trop  0
   ⏸️  FIN DE BLOC NON ATTEINTE (3 titres · ~19m25s) — marge anti-rebouclage au-delà de la fenêtre, normal : même humilié · How Precious Oh Lord · Jesus is Alpha - PHF
----------------------------------------------------------------------------------------------------
BLOC_B  (06:00-12:00)  prévus  79 · atteignables  77 · joués  76 · conformité  99% · sautés  1 · en trop  0
   ⏭️  PRÉVU NON JOUÉ : jingle avant bible 08 prenons un moment pour ecouter la parole
   ⏸️  FIN DE BLOC NON ATTEINTE (2 titres · ~17m35s) — marge anti-rebouclage au-delà de la fenêtre, normal : You're the Lamb - Calabar HF · Holy Holy - Abuja HF
----------------------------------------------------------------------------------------------------
BLOC_C  (12:00-18:00)  prévus  78 · atteignables  70 · joués  68 · conformité  97% · sautés  2 · en trop  0
   ⏭️  PRÉVU NON JOUÉ : jingle avant bible 06 ouvrons les saintes ecritures · jingle avant louange 06 que la louange seleve
   ⏸️  FIN DE BLOC NON ATTEINTE (8 titres · ~36m54s) — marge anti-rebouclage au-delà de la fenêtre, normal : Apocalypse 4 · Apocalypse 5 · jingle id station 01 la bonne nouvelle partout · He Shall Feed His Flock - I Want to walk  - Ketu HF · Praise the Lord All Ye Nations - Toronto HF · I Enter The Holy of Holies - Port Harcourt HF  …(+2)
----------------------------------------------------------------------------------------------------
BLOC_D  (18:00-23:30)  prévus  72 · atteignables  70 · joués  68 · conformité  97% · sautés  2 · en trop  0
   ⏭️  PRÉVU NON JOUÉ : jingle avant message 05 vous etes a lecoute de levangile du royaume · jingle avant louange 05 elevons nos coeurs vers dieu
   ⏸️  FIN DE BLOC NON ATTEINTE (2 titres · ~17m54s) — marge anti-rebouclage au-delà de la fenêtre, normal : I See Your Face - Toronto HF · We Worship Adonai - PHF
----------------------------------------------------------------------------------------------------
CONFORMITÉ GLOBALE : 294/299 titres atteignables joués dans l'ordre = 98%  (0 titre(s) hors plan · 15 non atteint(s) en fin de bloc, marge normale)
