====================================================================================================
MONITEUR RADIO — 2026-10-03 (synthèse des 3 rapports + plan, heures UTC)
====================================================================================================
État : ❌ incident(s) détecté(s)  ·  diffusion : 2 coupure(s)/trou(s), 0 double(s) message  ·  serveur : 0 incident(s)
ATTENDU (sans effet à l'antenne, hors verdict) : 108 événement(s) serveur pendant la rotation (23h30-23h40) et le reset de minuit (00h00-00h03)
SERVEUR : aucun incident hors fenêtres planifiées (ni crash, ni échec réseau, ni silence) ✅
   ↳ attendu, hors verdict : 00:01 🌐 échec réseau AzuraCast/Liquidsoap (×2) · 00:01 💥 crash Liquidsoap (redémarrage automatique) (×2) · 00:01 🔇 bascule sur jingle d'erreur (silence potentiel) (×3) · 23:33 🌐 échec réseau AzuraCast/Liquidsoap (×101)
RESET MINUIT : restart confirmé vers 00:02:14 · 3 contrôle(s) · file saine ✅
INCIDENTS CORRÉLÉS (anomalie de diffusion ↔ cause serveur probable) :
   00:01:44  TROU 96s « jingle avant message 04 bienvenue sur parole prophetique fm »
          ↳ cause probable 00:01:38 : 🔇 bascule sur jingle d'erreur (silence potentiel)
   06:00:10  TROU 23s « jingle avant message 05 vous etes a lecoute de levangile du royaume »
          ↳ aucune cause serveur à proximité (voir CONTRÔLES APPROFONDIS et RÉEL vs PRÉVU ci-dessous)
(Détail titre par titre, contrôles approfondis et RÉEL vs PRÉVU ci-dessous.)
Rapport de diffusion — 2026-10-03 (heures UTC)
295 titres joués | tolérance ±10s
====================================================================================================
HEURE    PLAYLIST                     FICHIER          RÉEL    ÉCART  STATUT  TITRE
----------------------------------------------------------------------------------------------------
00:01:44 015_REMPLISSAGE                   0m10s      1m46s     +96s  ⚠️ TROU APRÈS  jingle avant message 04 bienvenue sur parole prophetique fm
00:03:30 BLOC_A_SERIE_DU_JOUR             26m50s     26m48s      -2s  ✅  la moisson 1 adé
00:30:18 BLOC_A_SERIE_DU_JOUR              0m09s      0m09s      +0s  ✅  jingle avant bible 08 prenons un moment pour ecouter la parole
00:30:27 BLOC_A_SERIE_DU_JOUR              4m02s      4m00s      -2s  ✅  Esther 1
00:34:27 BLOC_A_SERIE_DU_JOUR              4m44s      4m42s      -2s  ✅  Esther 2
00:39:09 BLOC_A_SERIE_DU_JOUR              3m17s      3m13s      -4s  ✅  Esther 3
00:42:22 BLOC_A_SERIE_DU_JOUR              2m55s      2m53s      -2s  ✅  Esther 4
00:45:15 BLOC_A_SERIE_DU_JOUR              2m46s      2m43s      -3s  ✅  Esther 5
00:47:58 BLOC_A_SERIE_DU_JOUR              2m44s      2m41s      -3s  ✅  Esther 6
00:50:39 BLOC_A_SERIE_DU_JOUR              2m17s      2m14s      -3s  ✅  Esther 7
00:52:53 BLOC_A_SERIE_DU_JOUR              3m44s      3m42s      -2s  ✅  Esther 8
00:56:35 BLOC_A_SERIE_DU_JOUR              5m31s      5m29s      -2s  ✅  Esther 9
01:02:04 BLOC_A_SERIE_DU_JOUR              0m33s      0m30s      -3s  ✅  Esther 10
01:02:34 BLOC_A_SERIE_DU_JOUR              3m19s      3m17s      -2s  ✅  1 Corinthiens 6
01:05:51 BLOC_A_SERIE_DU_JOUR              6m29s      6m26s      -3s  ✅  1 Corinthiens 7
01:12:17 BLOC_A_SERIE_DU_JOUR              2m04s      2m02s      -2s  ✅  1 Corinthiens 8
01:14:19 BLOC_A_SERIE_DU_JOUR              4m09s      4m06s      -3s  ✅  1 Corinthiens 9
01:18:25 BLOC_A_SERIE_DU_JOUR              4m48s      4m46s      -2s  ✅  1 Corinthiens 10
01:23:11 BLOC_A_SERIE_DU_JOUR              5m08s      5m05s      -3s  ✅  1 Corinthiens 11
01:28:16 BLOC_A_SERIE_DU_JOUR              0m13s      0m14s      +1s  ✅  jingle avant louange 07 voici un temps de louange
01:28:30 BLOC_A_SERIE_DU_JOUR              9m23s      9m21s      -2s  ✅  Thou art Worthy Lord - PHF
01:37:51 BLOC_A_SERIE_DU_JOUR              4m05s      4m02s      -3s  ✅  Song Of Victory - Emmanuel Igunbor
01:41:53 BLOC_A_SERIE_DU_JOUR              6m41s      6m39s      -2s  ✅  6 minutes
01:48:32 BLOC_A_SERIE_DU_JOUR              7m09s      7m06s      -3s  ✅  My God Is Good - Winnipeg Fellowship
01:55:38 BLOC_A_SERIE_DU_JOUR              6m28s      6m26s      -2s  ✅  Le Bien-Etre Universel
02:02:04 BLOC_A_SERIE_DU_JOUR              8m22s      8m19s      -3s  ✅  Yeshua Hamashiach - Calabar HF
02:10:23 BLOC_A_SERIE_DU_JOUR              6m35s      6m33s      -2s  ✅  cantique   ta lumière
02:16:56 BLOC_A_SERIE_DU_JOUR             10m25s     10m23s      -2s  ✅  Holy Are You - PHF
02:27:19 BLOC_A_SERIE_DU_JOUR              0m10s      0m10s      +0s  ✅  jingle avant bible 06 ouvrons les saintes ecritures
02:27:29 BLOC_A_SERIE_DU_JOUR              4m43s      4m41s      -2s  ✅  2 Samuel 11
02:32:10 BLOC_A_SERIE_DU_JOUR              5m45s      5m42s      -3s  ✅  2 Samuel 12
02:37:52 BLOC_A_SERIE_DU_JOUR              7m03s      7m00s      -3s  ✅  2 Samuel 13
02:44:52 BLOC_A_SERIE_DU_JOUR              6m10s      6m08s      -2s  ✅  2 Samuel 14
02:51:00 BLOC_A_SERIE_DU_JOUR              6m19s      6m16s      -3s  ✅  2 Samuel 15
02:57:16 BLOC_A_SERIE_DU_JOUR              0m10s      0m11s      +1s  ✅  jingle avant louange 06 que la louange seleve
02:57:27 BLOC_A_SERIE_DU_JOUR              5m10s      5m08s      -2s  ✅  I Will Call Upon The Lord
03:02:35 BLOC_A_SERIE_DU_JOUR              8m31s      8m29s      -2s  ✅  Holy Holy - Abuja HF
03:11:04 BLOC_A_SERIE_DU_JOUR              5m02s      5m00s      -2s  ✅  A Song Of Love
03:16:04 BLOC_A_SERIE_DU_JOUR              6m15s      6m13s      -2s  ✅  Oh Lord I Want to Know Your Glory - Port Harcourt HF
03:22:17 BLOC_A_SERIE_DU_JOUR             10m13s     10m09s      -4s  ✅  As We Worship - Toronto & Winnipeg HF
03:32:26 BLOC_A_SERIE_DU_JOUR              7m57s      7m56s      -1s  ✅  Yahweh is Mighty (Imah Adegoke)
03:40:22 BLOC_A_SERIE_DU_JOUR              7m29s      7m26s      -3s  ✅  Hallelujah - PHF
03:47:48 BLOC_A_SERIE_DU_JOUR             11m54s     11m51s      -3s  ✅  Great & Marvelluos - Toronto HF
03:59:39 BLOC_A_SERIE_DU_JOUR              0m13s      0m14s      +1s  ✅  jingle avant bible 07 place a la lecture de la bible
03:59:53 BLOC_A_SERIE_DU_JOUR              2m54s      2m51s      -3s  ✅  Malachie 1
04:02:44 BLOC_A_SERIE_DU_JOUR              3m17s      3m14s      -3s  ✅  Malachie 2
04:05:58 BLOC_A_SERIE_DU_JOUR              3m22s      3m19s      -3s  ✅  Malachie 3
04:09:17 BLOC_A_SERIE_DU_JOUR              1m05s      1m02s      -3s  ✅  Malachie 4
04:10:19 BLOC_A_SERIE_DU_JOUR              4m34s      4m32s      -2s  ✅  Matthieu 19
04:14:51 BLOC_A_SERIE_DU_JOUR              4m24s      4m21s      -3s  ✅  Matthieu 20
04:19:12 BLOC_A_SERIE_DU_JOUR              6m50s      6m47s      -3s  ✅  Matthieu 21
04:25:59 BLOC_A_SERIE_DU_JOUR              5m24s      5m22s      -2s  ✅  Matthieu 22
04:31:21 BLOC_A_SERIE_DU_JOUR              5m29s      5m26s      -3s  ✅  Matthieu 23
04:36:47 BLOC_A_SERIE_DU_JOUR              6m29s      6m27s      -2s  ✅  Matthieu 24
04:43:14 BLOC_A_SERIE_DU_JOUR              0m11s      0m11s      +0s  ✅  jingle avant louange 05 elevons nos coeurs vers dieu
04:43:25 BLOC_A_SERIE_DU_JOUR              4m03s      4m01s      -2s  ✅  I Will Not Be Silent - Calabar HF
04:47:26 BLOC_A_SERIE_DU_JOUR              8m10s      8m07s      -3s  ✅  Great and Marvellous - Ketu HF
04:55:33 BLOC_A_SERIE_DU_JOUR             11m53s     11m50s      -3s  ✅  Hashem - PHF
05:07:23 BLOC_A_SERIE_DU_JOUR              4m11s      4m08s      -3s  ✅  Cantique   Oh Éternel Dieu, Tu es le Dieu Incomparable
05:11:31 BLOC_A_SERIE_DU_JOUR              6m06s      6m04s      -2s  ✅  cantique  ta bonte
05:17:35 BLOC_A_SERIE_DU_JOUR              5m04s      5m02s      -2s  ✅  Guide Me - El ELyon - Abuja HF
05:22:37 BLOC_A_SERIE_DU_JOUR              4m44s      4m42s      -2s  ✅  Je veux vivre ton royaume
05:27:19 BLOC_A_SERIE_DU_JOUR              5m45s      5m43s      -2s  ✅  How Precious Oh Lord
05:33:02 BLOC_A_SERIE_DU_JOUR              7m37s      7m34s      -3s  ✅  Cantiques  Il a pris mes iniquités
05:40:36 BLOC_A_SERIE_DU_JOUR              0m09s      0m09s      +0s  ✅  jingle id station 02 radio evangile du royaume
05:40:45 BLOC_A_SERIE_DU_JOUR              4m27s      4m25s      -2s  ✅  Jude 1
05:45:10 BLOC_A_SERIE_DU_JOUR              2m37s      2m35s      -2s  ✅  Michée 1
05:47:45 BLOC_A_SERIE_DU_JOUR              2m20s      2m17s      -3s  ✅  Michée 2
05:50:02 BLOC_A_SERIE_DU_JOUR              2m05s      2m03s      -2s  ✅  Michée 3
05:52:05 BLOC_A_SERIE_DU_JOUR              2m34s      2m31s      -3s  ✅  Michée 4
05:54:36 BLOC_A_SERIE_DU_JOUR              2m20s      2m17s      -3s  ✅  Michée 5
05:56:53 BLOC_A_SERIE_DU_JOUR              2m37s      2m35s      -2s  ✅  Michée 6
05:59:28 015_REMPLISSAGE                   0m09s      0m09s      +0s  ✅  jingle id station 01 la bonne nouvelle partout
05:59:37 015_REMPLISSAGE                   0m10s      0m11s      +1s  ✅  jingle avant bible 06 ouvrons les saintes ecritures
05:59:48 015_REMPLISSAGE                   0m09s      0m10s      +1s  ✅  JINGLE
05:59:58 015_REMPLISSAGE                   0m12s      0m12s      +0s  ✅  jingle id station 03 notre mission annonce levangile
06:00:10 015_REMPLISSAGE                   0m11s      0m34s     +23s  ⚠️ TROU APRÈS  jingle avant message 05 vous etes a lecoute de levangile du royaume
06:00:44 015_REMPLISSAGE                   0m09s      0m09s      +0s  ✅  jingle avant bible 08 prenons un moment pour ecouter la parole
06:00:53 BLOC_B_SERIE_DU_JOUR             26m50s     26m49s      -1s  ✅  la moisson 1 adé
06:27:42 BLOC_B_SERIE_DU_JOUR              0m13s      0m13s      +0s  ✅  jingle avant bible 07 place a la lecture de la bible
06:27:55 BLOC_B_SERIE_DU_JOUR              4m37s      4m35s      -2s  ✅  2 Rois 13
06:32:30 BLOC_B_SERIE_DU_JOUR              5m07s      5m05s      -2s  ✅  2 Rois 14
06:37:35 BLOC_B_SERIE_DU_JOUR              6m21s      6m18s      -3s  ✅  2 Rois 15
06:43:53 BLOC_B_SERIE_DU_JOUR              3m41s      3m39s      -2s  ✅  2 Rois 16
06:47:32 BLOC_B_SERIE_DU_JOUR              7m17s      7m14s      -3s  ✅  2 Rois 17
06:54:46 BLOC_B_SERIE_DU_JOUR              7m15s      7m13s      -2s  ✅  2 Rois 18
07:01:59 BLOC_B_SERIE_DU_JOUR              7m03s      7m00s      -3s  ✅  2 Rois 19
07:08:59 BLOC_B_SERIE_DU_JOUR              4m05s      4m03s      -2s  ✅  2 Rois 20
07:13:02 BLOC_B_SERIE_DU_JOUR              4m11s      4m09s      -2s  ✅  2 Rois 21
07:17:11 BLOC_B_SERIE_DU_JOUR              4m02s      3m59s      -3s  ✅  2 Rois 22
07:21:10 BLOC_B_SERIE_DU_JOUR              7m51s      7m49s      -2s  ✅  2 Rois 23
07:28:59 BLOC_B_SERIE_DU_JOUR              0m11s      0m11s      +0s  ✅  jingle avant louange 05 elevons nos coeurs vers dieu
07:29:10 BLOC_B_SERIE_DU_JOUR              8m21s      8m18s      -3s  ✅  My Heart Rejoices - Toronto HF
07:37:28 BLOC_B_SERIE_DU_JOUR              4m48s      4m47s      -1s  ✅  Yeshua I'm Waiting for You  - Ketu HF
07:42:15 BLOC_B_SERIE_DU_JOUR              5m45s      5m42s      -3s  ✅  Ella Samuels - Oh Lord Our Maker
07:47:57 BLOC_B_SERIE_DU_JOUR              4m11s      4m08s      -3s  ✅  jai donné ma vie à jésus (1)
07:52:05 BLOC_B_SERIE_DU_JOUR              3m24s      3m21s      -3s  ✅  Cantique sa miséricorde
07:55:26 BLOC_B_SERIE_DU_JOUR              9m39s      9m36s      -3s  ✅  Psalm 93 - Port Harcourt HF
08:05:02 BLOC_B_SERIE_DU_JOUR              7m46s      7m44s      -2s  ✅  Arise Out of Zion  - Winnipeg Fellowship
08:12:46 BLOC_B_SERIE_DU_JOUR              5m07s      5m04s      -3s  ✅  We Shall Come - Asaba Fellowship
08:17:50 BLOC_B_SERIE_DU_JOUR              9m14s      9m12s      -2s  ✅  A jamais, tu seras l Agneau de Dieu
08:27:02 BLOC_B_SERIE_DU_JOUR              0m10s      0m11s      +1s  ✅  jingle avant bible 06 ouvrons les saintes ecritures
08:27:13 BLOC_B_SERIE_DU_JOUR              5m14s      5m11s      -3s  ✅  Hébreux 9
08:32:24 BLOC_B_SERIE_DU_JOUR              5m29s      5m27s      -2s  ✅  Hébreux 10
08:37:51 BLOC_B_SERIE_DU_JOUR              6m47s      6m44s      -3s  ✅  Hébreux 11
08:44:35 BLOC_B_SERIE_DU_JOUR              5m04s      5m02s      -2s  ✅  Hébreux 12
08:49:37 BLOC_B_SERIE_DU_JOUR              3m36s      3m33s      -3s  ✅  Hébreux 13
08:53:10 BLOC_B_SERIE_DU_JOUR              3m16s      3m13s      -3s  ✅  1 Timothée 1
08:56:23 BLOC_B_SERIE_DU_JOUR              0m10s      0m11s      +1s  ✅  jingle avant louange 06 que la louange seleve
08:56:34 BLOC_B_SERIE_DU_JOUR              4m53s      4m50s      -3s  ✅  Cantique Jahweh, Tu es élevé au dessus de tout (1)
09:01:24 BLOC_B_SERIE_DU_JOUR              6m12s      6m10s      -2s  ✅  Praise the Lord All Ye Nations - Toronto HF
09:07:34 BLOC_B_SERIE_DU_JOUR              6m02s      5m59s      -3s  ✅  Rejoice - PHF
09:13:33 BLOC_B_SERIE_DU_JOUR              2m16s      2m13s      -3s  ✅  cantique  nous sommes le sel de la terre
09:15:46 BLOC_B_SERIE_DU_JOUR              7m18s      7m16s      -2s  ✅  Holy is the Lord (Emmanuel Umoh)
09:23:02 BLOC_B_SERIE_DU_JOUR              5m08s      5m06s      -2s  ✅  He Has Given Me - PHF
09:28:08 BLOC_B_SERIE_DU_JOUR              4m04s      4m01s      -3s  ✅  Ascribe Greatness - PHF
09:32:09 BLOC_B_SERIE_DU_JOUR              8m25s      8m22s      -3s  ✅  The Mountains, Come and, Oh City - Ketu HF
09:40:31 BLOC_B_SERIE_DU_JOUR              4m40s      4m38s      -2s  ✅  All in All - CHF
09:45:09 BLOC_B_SERIE_DU_JOUR              3m04s      3m01s      -3s  ✅  The Lord is my Light and Salvation - Nonso Njoku
09:48:10 BLOC_B_SERIE_DU_JOUR              6m12s      6m09s      -3s  ✅  The King is Here (Abasiama Timothy)
09:54:19 BLOC_B_SERIE_DU_JOUR              0m09s      0m09s      +0s  ✅  jingle avant bible 08 prenons un moment pour ecouter la parole
09:54:28 BLOC_B_SERIE_DU_JOUR              2m56s      2m54s      -2s  ✅  Sophonie 1
09:57:22 BLOC_B_SERIE_DU_JOUR              2m46s      2m43s      -3s  ✅  Sophonie 2
10:00:05 BLOC_B_SERIE_DU_JOUR              3m46s      3m44s      -2s  ✅  Sophonie 3
10:03:49 BLOC_B_SERIE_DU_JOUR              9m59s      9m57s      -2s  ✅  Luc 9
10:13:46 BLOC_B_SERIE_DU_JOUR              6m33s      6m30s      -3s  ✅  Luc 10
10:20:16 BLOC_B_SERIE_DU_JOUR              8m34s      8m32s      -2s  ✅  Luc 11
10:28:48 BLOC_B_SERIE_DU_JOUR              8m26s      8m23s      -3s  ✅  Luc 12
10:37:11 BLOC_B_SERIE_DU_JOUR              0m13s      0m13s      +0s  ✅  jingle avant louange 07 voici un temps de louange
10:37:24 BLOC_B_SERIE_DU_JOUR              7m09s      7m07s      -2s  ✅  You're the Lamb (Abasiama Timothy)
10:44:31 BLOC_B_SERIE_DU_JOUR              3m22s      3m19s      -3s  ✅  Ses cheveux étaient blancs..
10:47:50 BLOC_B_SERIE_DU_JOUR              5m13s      5m11s      -2s  ✅  Il s'appelait Emmanuel - Marcel Boungou + Paroles
10:53:01 BLOC_B_SERIE_DU_JOUR              8m12s      8m10s      -2s  ✅  Jesus is Alpha - PHF
11:01:11 BLOC_B_SERIE_DU_JOUR              8m24s      8m21s      -3s  ✅  Bless Ye the Lord - PHF
11:09:32 BLOC_B_SERIE_DU_JOUR              5m15s      5m13s      -2s  ✅  Yahweh Be Praised - Abuja HF
11:14:45 BLOC_B_SERIE_DU_JOUR              5m58s      5m55s      -3s  ✅  In Jesus - PHF
11:20:40 BLOC_B_SERIE_DU_JOUR              8m41s      8m38s      -3s  ✅  Unto Him (Vincent Opara)
11:29:18 BLOC_B_SERIE_DU_JOUR              5m57s      5m54s      -3s  ✅  You are God - Winnipeg Fellowship
11:35:12 BLOC_B_SERIE_DU_JOUR              0m12s      0m12s      +0s  ✅  jingle id station 03 notre mission annonce levangile
11:35:24 BLOC_B_SERIE_DU_JOUR              5m25s      5m22s      -3s  ✅  Lévitique 8
11:40:46 BLOC_B_SERIE_DU_JOUR              3m36s      3m33s      -3s  ✅  Lévitique 9
11:44:19 BLOC_B_SERIE_DU_JOUR              4m02s      4m00s      -2s  ✅  Lévitique 10
11:48:19 BLOC_B_SERIE_DU_JOUR              6m31s      6m29s      -2s  ✅  Lévitique 11
11:54:48 BLOC_B_SERIE_DU_JOUR              0m09s      0m09s      +0s  ✅  JINGLE
11:54:57 BLOC_B_SERIE_DU_JOUR              6m06s      6m04s      -2s  ✅  Good God - Asaba Fellowship
12:01:01 BLOC_C_SERIE_DU_JOUR              0m11s      0m11s      +0s  ✅  jingle avant message 05 vous etes a lecoute de levangile du royaume
12:01:12 BLOC_C_SERIE_DU_JOUR             26m50s     26m48s      -2s  ✅  la moisson 1 adé
12:28:00 BLOC_C_SERIE_DU_JOUR              0m09s      0m10s      +1s  ✅  jingle avant bible 08 prenons un moment pour ecouter la parole
12:28:10 BLOC_C_SERIE_DU_JOUR              3m57s      3m54s      -3s  ✅  Jacques 1
12:32:04 BLOC_C_SERIE_DU_JOUR              3m51s      3m48s      -3s  ✅  Jacques 2
12:35:52 BLOC_C_SERIE_DU_JOUR              2m56s      2m53s      -3s  ✅  Jacques 3
12:38:45 BLOC_C_SERIE_DU_JOUR              2m47s      2m44s      -3s  ✅  Jacques 4
12:41:29 BLOC_C_SERIE_DU_JOUR              3m28s      3m26s      -2s  ✅  Jacques 5
12:44:55 BLOC_C_SERIE_DU_JOUR              2m59s      2m56s      -3s  ✅  2 Timothée 1
12:47:51 BLOC_C_SERIE_DU_JOUR              3m52s      3m50s      -2s  ✅  2 Timothée 2
12:51:41 BLOC_C_SERIE_DU_JOUR              2m37s      2m34s      -3s  ✅  2 Timothée 3
12:54:15 BLOC_C_SERIE_DU_JOUR              3m09s      3m07s      -2s  ✅  2 Timothée 4
12:57:22 BLOC_C_SERIE_DU_JOUR              3m34s      3m31s      -3s  ✅  Apocalypse 22
13:00:53 BLOC_C_SERIE_DU_JOUR              3m39s      3m36s      -3s  ✅  Ruth 1
13:04:29 BLOC_C_SERIE_DU_JOUR              4m14s      4m12s      -2s  ✅  Ruth 2
13:08:41 BLOC_C_SERIE_DU_JOUR              3m00s      2m57s      -3s  ✅  Ruth 3
13:11:38 BLOC_C_SERIE_DU_JOUR              3m43s      3m41s      -2s  ✅  Ruth 4
13:15:19 BLOC_C_SERIE_DU_JOUR              3m07s      3m05s      -2s  ✅  Joël 1
13:18:24 BLOC_C_SERIE_DU_JOUR              5m41s      5m38s      -3s  ✅  Joël 2
13:24:02 BLOC_C_SERIE_DU_JOUR              0m10s      0m11s      +1s  ✅  jingle avant louange 06 que la louange seleve
13:24:13 BLOC_C_SERIE_DU_JOUR              6m13s      6m11s      -2s  ✅  Immortal God - Elohim Adonai - Abuja HF
13:30:24 BLOC_C_SERIE_DU_JOUR              8m37s      8m35s      -2s  ✅  He Has Given Me & Emmanuel You Joy Over Us (Medley) (Abasiama Timothy & Imah Adegoke)
13:38:59 BLOC_C_SERIE_DU_JOUR              4m13s      4m10s      -3s  ✅  4 minutes
13:43:09 BLOC_C_SERIE_DU_JOUR             11m01s     10m59s      -2s  ✅  Great is, Ascribe - Ketu HF
13:54:08 BLOC_C_SERIE_DU_JOUR              7m36s      7m33s      -3s  ✅  There Is No Lie - SWBN TV
14:01:41 BLOC_C_SERIE_DU_JOUR              6m57s      6m54s      -3s  ✅  qui est digne d ouvrir le livre
14:08:35 BLOC_C_SERIE_DU_JOUR             10m38s     10m36s      -2s  ✅  Be Exalted - PHF
14:19:11 BLOC_C_SERIE_DU_JOUR              7m19s      7m17s      -2s  ✅  You Have sworn By Your Holiness - Chidera Bisong
14:26:28 BLOC_C_SERIE_DU_JOUR              0m10s      0m10s      +0s  ✅  jingle avant bible 06 ouvrons les saintes ecritures
14:26:38 BLOC_C_SERIE_DU_JOUR              3m06s      3m03s      -3s  ✅  Romains 12
14:29:41 BLOC_C_SERIE_DU_JOUR              2m36s      2m34s      -2s  ✅  Romains 13
14:32:15 BLOC_C_SERIE_DU_JOUR              3m26s      3m23s      -3s  ✅  Romains 14
14:35:38 BLOC_C_SERIE_DU_JOUR              5m12s      5m10s      -2s  ✅  Romains 15
14:40:48 BLOC_C_SERIE_DU_JOUR              3m44s      3m42s      -2s  ✅  Romains 16
14:44:30 BLOC_C_SERIE_DU_JOUR              8m47s      8m44s      -3s  ✅  Genèse 31
14:53:14 BLOC_C_SERIE_DU_JOUR              5m08s      5m06s      -2s  ✅  Genèse 32
14:58:20 BLOC_C_SERIE_DU_JOUR              0m11s      0m11s      +0s  ✅  jingle avant louange 05 elevons nos coeurs vers dieu
14:58:31 BLOC_C_SERIE_DU_JOUR              7m04s      7m01s      -3s  ✅  We Bless You Wonderful God  - Winnipeg Fellowship
15:05:32 BLOC_C_SERIE_DU_JOUR              6m02s      6m00s      -2s  ✅  Satisfy My Soul - Calabar HF
15:11:32 BLOC_C_SERIE_DU_JOUR              5m52s      5m50s      -2s  ✅  Not Naked (Abasiama Timothy)
15:17:22 BLOC_C_SERIE_DU_JOUR              5m21s      5m19s      -2s  ✅  By the word of the lord - Ketu HF
15:22:41 BLOC_C_SERIE_DU_JOUR              8m21s      8m18s      -3s  ✅  In the Day of Your Power  - Winnipeg Fellowship
15:30:59 BLOC_C_SERIE_DU_JOUR              5m50s      5m48s      -2s  ✅  Jesus I'm Waiting for You (Mary Umoh)
15:36:47 BLOC_C_SERIE_DU_JOUR              8m18s      8m15s      -3s  ✅  Yahweh Is Mighty - SWBN TV
15:45:02 BLOC_C_SERIE_DU_JOUR              7m21s      7m19s      -2s  ✅  For By My God - Toronto & Winnipeg HF
15:52:21 BLOC_C_SERIE_DU_JOUR              6m04s      6m01s      -3s  ✅  Sing Unto the Lord a new Song  - Winnipeg Fellowship
15:58:22 BLOC_C_SERIE_DU_JOUR              0m13s      0m14s      +1s  ✅  jingle avant bible 07 place a la lecture de la bible
15:58:36 BLOC_C_SERIE_DU_JOUR              3m11s      3m08s      -3s  ✅  Habacuc 3
16:01:44 BLOC_C_SERIE_DU_JOUR              3m05s      3m03s      -2s  ✅  Jérémie 1
16:04:47 BLOC_C_SERIE_DU_JOUR              6m29s      6m26s      -3s  ✅  Jérémie 2
16:11:13 BLOC_C_SERIE_DU_JOUR              4m58s      4m55s      -3s  ✅  Jérémie 3
16:16:08 BLOC_C_SERIE_DU_JOUR              5m24s      5m22s      -2s  ✅  Jérémie 4
16:21:30 BLOC_C_SERIE_DU_JOUR              5m11s      5m08s      -3s  ✅  Jérémie 5
16:26:38 BLOC_C_SERIE_DU_JOUR              5m03s      5m01s      -2s  ✅  Jérémie 6
16:31:39 BLOC_C_SERIE_DU_JOUR              5m42s      5m39s      -3s  ✅  Jérémie 7
16:37:18 BLOC_C_SERIE_DU_JOUR              3m58s      3m55s      -3s  ✅  Jérémie 8
16:41:13 BLOC_C_SERIE_DU_JOUR              0m13s      0m14s      +1s  ✅  jingle avant louange 07 voici un temps de louange
16:41:27 BLOC_C_SERIE_DU_JOUR              7m20s      7m17s      -3s  ✅  The Glory -  PHF
16:48:44 BLOC_C_SERIE_DU_JOUR              4m08s      4m05s      -3s  ✅  I Choose the Way of the Lord - Abuja HF
16:52:49 BLOC_C_SERIE_DU_JOUR             10m24s     10m22s      -2s  ✅  Shine in Darkness O Lord  - Winnipeg Fellowship
17:03:11 BLOC_C_SERIE_DU_JOUR              4m52s      4m50s      -2s  ✅  cantique   prends tout le contrôle
17:08:01 BLOC_C_SERIE_DU_JOUR              3m10s      3m07s      -3s  ✅  la Parole
17:11:08 BLOC_C_SERIE_DU_JOUR              5m10s      5m08s      -2s  ✅  Igwe
17:16:16 BLOC_C_SERIE_DU_JOUR              5m18s      5m15s      -3s  ✅  Now is Come Salvation - Toronto HF
17:21:31 BLOC_C_SERIE_DU_JOUR              6m30s      6m28s      -2s  ✅  Praise the Lord of Host - Toronto HF
17:27:59 BLOC_C_SERIE_DU_JOUR              5m28s      5m25s      -3s  ✅  même humilié
17:33:24 BLOC_C_SERIE_DU_JOUR              4m33s      4m31s      -2s  ✅  God is Building - Will You Be - Ketu HF
17:37:55 BLOC_C_SERIE_DU_JOUR              0m12s      0m12s      +0s  ✅  jingle id station 03 notre mission annonce levangile
17:38:07 BLOC_C_SERIE_DU_JOUR              4m35s      4m33s      -2s  ✅  Colossiens 1
17:42:40 BLOC_C_SERIE_DU_JOUR              3m46s      3m44s      -2s  ✅  Colossiens 2
17:46:24 BLOC_C_SERIE_DU_JOUR              3m44s      3m41s      -3s  ✅  Colossiens 3
17:50:05 BLOC_C_SERIE_DU_JOUR              2m56s      2m53s      -3s  ✅  Colossiens 4
17:52:58 BLOC_C_SERIE_DU_JOUR              3m26s      3m24s      -2s  ✅  Abdias 1
17:56:22 BLOC_C_SERIE_DU_JOUR              2m33s      2m30s      -3s  ✅  Ésaïe 55
17:58:52 BLOC_C_SERIE_DU_JOUR              0m09s      0m09s      +0s  ✅  jingle id station 01 la bonne nouvelle partout
17:59:01 BLOC_C_SERIE_DU_JOUR              3m41s      3m39s      -2s  ✅  Adorons l'Éternel GAEL - JÉSUS EST SEIGNEUR -
18:02:40 BLOC_D_SERIE_DU_JOUR              0m10s      0m11s      +1s  ✅  jingle avant message 01 voici le message du jour
18:02:51 BLOC_D_SERIE_DU_JOUR             26m50s     26m48s      -2s  ✅  la moisson 1 adé
18:29:39 BLOC_D_SERIE_DU_JOUR              0m09s      0m09s      +0s  ✅  jingle avant bible 08 prenons un moment pour ecouter la parole
18:29:48 BLOC_D_SERIE_DU_JOUR              6m29s      6m27s      -2s  ✅  Néhémie 12
18:36:15 BLOC_D_SERIE_DU_JOUR              5m20s      5m18s      -2s  ✅  Néhémie 13
18:41:33 BLOC_D_SERIE_DU_JOUR              4m15s      4m12s      -3s  ✅  Philippiens 1
18:45:45 BLOC_D_SERIE_DU_JOUR              4m28s      4m26s      -2s  ✅  Philippiens 2
18:50:11 BLOC_D_SERIE_DU_JOUR              3m26s      3m23s      -3s  ✅  Philippiens 3
18:53:34 BLOC_D_SERIE_DU_JOUR              3m39s      3m36s      -3s  ✅  Philippiens 4
18:57:10 BLOC_D_SERIE_DU_JOUR              3m34s      3m32s      -2s  ✅  Esdras 9
19:00:42 BLOC_D_SERIE_DU_JOUR              6m21s      6m18s      -3s  ✅  Esdras 10
19:07:00 BLOC_D_SERIE_DU_JOUR              5m27s      5m25s      -2s  ✅  Deutéronome 9
19:12:25 BLOC_D_SERIE_DU_JOUR              3m36s      3m33s      -3s  ✅  Deutéronome 10
19:15:58 BLOC_D_SERIE_DU_JOUR              4m58s      4m56s      -2s  ✅  Deutéronome 11
19:20:54 BLOC_D_SERIE_DU_JOUR              0m13s      0m13s      +0s  ✅  jingle avant louange 07 voici un temps de louange
19:21:07 BLOC_D_SERIE_DU_JOUR              9m31s      9m29s      -2s  ✅  15 at 01.33.50 (1)(1)
19:30:36 BLOC_D_SERIE_DU_JOUR              9m04s      9m00s      -4s  ✅  You're the Lamb - Calabar HF
19:39:36 BLOC_D_SERIE_DU_JOUR              5m21s      5m19s      -2s  ✅  We Shall Not Fear - Nonso Njoku
19:44:55 BLOC_D_SERIE_DU_JOUR              4m14s      4m11s      -3s  ✅  Mon modèle, c est Jésus
19:49:06 BLOC_D_SERIE_DU_JOUR              7m09s      7m06s      -3s  ✅  There is A Mighty River Flowing - Ketu HF
19:56:12 BLOC_D_SERIE_DU_JOUR              6m10s      6m08s      -2s  ✅  That I May Know Him - Toronto HF
20:02:20 BLOC_D_SERIE_DU_JOUR              4m52s      4m50s      -2s  ✅  God is Moving Us On - Ketu HF
20:07:10 BLOC_D_SERIE_DU_JOUR              6m09s      6m07s      -2s  ✅  Hymne des vainqueurs
20:13:17 BLOC_D_SERIE_DU_JOUR              0m13s      0m13s      +0s  ✅  jingle avant bible 07 place a la lecture de la bible
20:13:30 BLOC_D_SERIE_DU_JOUR              3m07s      3m05s      -2s  ✅  2 Chroniques 1
20:16:35 BLOC_D_SERIE_DU_JOUR              3m38s      3m36s      -2s  ✅  2 Chroniques 2
20:20:11 BLOC_D_SERIE_DU_JOUR              2m35s      2m32s      -3s  ✅  2 Chroniques 3
20:22:43 BLOC_D_SERIE_DU_JOUR              3m07s      3m04s      -3s  ✅  2 Chroniques 4
20:25:47 BLOC_D_SERIE_DU_JOUR              2m35s      2m33s      -2s  ✅  2 Chroniques 5
20:28:20 BLOC_D_SERIE_DU_JOUR              7m55s      7m52s      -3s  ✅  2 Chroniques 6
20:36:12 BLOC_D_SERIE_DU_JOUR              4m11s      4m09s      -2s  ✅  2 Chroniques 7
20:40:21 BLOC_D_SERIE_DU_JOUR              0m10s      0m11s      +1s  ✅  jingle avant louange 06 que la louange seleve
20:40:32 BLOC_D_SERIE_DU_JOUR              4m20s      4m18s      -2s  ✅  There's A Mighty River Flowing - SWBN TV
20:44:50 BLOC_D_SERIE_DU_JOUR              6m57s      6m55s      -2s  ✅  The Lord on High is Mightier - Toronto HF
20:51:45 BLOC_D_SERIE_DU_JOUR              5m04s      5m01s      -3s  ✅  I Enter The Holy of Holies - Port Harcourt HF
20:56:46 BLOC_D_SERIE_DU_JOUR              5m33s      5m31s      -2s  ✅  He Shall Feed His Flock - I Want to walk  - Ketu HF
21:02:17 BLOC_D_SERIE_DU_JOUR              4m19s      4m16s      -3s  ✅  I Know The Blood - PHF
21:06:33 BLOC_D_SERIE_DU_JOUR              3m12s      3m10s      -2s  ✅  esprit de dieu
21:09:43 BLOC_D_SERIE_DU_JOUR              6m54s      6m51s      -3s  ✅  There is no Lie (Imah Adegoke & Mary Umoh)
21:16:34 BLOC_D_SERIE_DU_JOUR              5m47s      5m45s      -2s  ✅  We Ascribe Greatness - Abuja HF
21:22:19 BLOC_D_SERIE_DU_JOUR             10m35s     10m32s      -3s  ✅  Baruch Ha'ba B'Shem Adonai/Blessed Is He Who Comes in the Name of the Lord - Port Harcourt HF
21:32:51 BLOC_D_SERIE_DU_JOUR              0m10s      0m11s      +1s  ✅  jingle avant bible 06 ouvrons les saintes ecritures
21:33:02 BLOC_D_SERIE_DU_JOUR              2m05s      2m03s      -2s  ✅  3 Jean 1
21:35:05 BLOC_D_SERIE_DU_JOUR              3m26s      3m23s      -3s  ✅  Éphésiens 1
21:38:28 BLOC_D_SERIE_DU_JOUR              3m16s      3m14s      -2s  ✅  Éphésiens 2
21:41:42 BLOC_D_SERIE_DU_JOUR              2m56s      2m54s      -2s  ✅  Éphésiens 3
21:44:36 BLOC_D_SERIE_DU_JOUR              4m53s      4m50s      -3s  ✅  Éphésiens 4
21:49:26 BLOC_D_SERIE_DU_JOUR              4m12s      4m10s      -2s  ✅  Éphésiens 5
21:53:36 BLOC_D_SERIE_DU_JOUR              3m21s      3m18s      -3s  ✅  Éphésiens 6
21:56:54 BLOC_D_SERIE_DU_JOUR              3m13s      3m11s      -2s  ✅  1 Pierre 4
22:00:05 BLOC_D_SERIE_DU_JOUR              2m15s      2m12s      -3s  ✅  1 Pierre 5
22:02:17 BLOC_D_SERIE_DU_JOUR              3m50s      3m48s      -2s  ✅  1 Samuel 13
22:06:05 BLOC_D_SERIE_DU_JOUR              9m14s      9m12s      -2s  ✅  1 Samuel 14
22:15:17 BLOC_D_SERIE_DU_JOUR              0m11s      0m12s      +1s  ✅  jingle avant louange 05 elevons nos coeurs vers dieu
22:15:29 BLOC_D_SERIE_DU_JOUR              8m30s      8m27s      -3s  ✅  We Worship Adonai - PHF
22:23:56 BLOC_D_SERIE_DU_JOUR              9m38s      9m36s      -2s  ✅  Holy are You oh Lord (Olaedo Uzoma & Vincent Opara)
22:33:32 BLOC_D_SERIE_DU_JOUR              5m19s      5m17s      -2s  ✅  Gabrielle LIDJI - Mélodie Céleste  by LFXA(Light FX Animation)_2
22:38:49 BLOC_D_SERIE_DU_JOUR              6m59s      6m56s      -3s  ✅  Hosanna - Toronto HF
22:45:45 BLOC_D_SERIE_DU_JOUR              6m19s      6m17s      -2s  ✅  Unto Him - CHF
22:52:02 BLOC_D_SERIE_DU_JOUR              4m18s      4m15s      -3s  ✅  You Are Worthy - Ketu HF
22:56:17 BLOC_D_SERIE_DU_JOUR              2m57s      2m55s      -2s  ✅  You Are the Captain of the Host - Toronto HF
22:59:12 BLOC_D_SERIE_DU_JOUR              6m34s      6m31s      -3s  ✅  cantique  béni soit le dieu d israël
23:05:43 BLOC_D_SERIE_DU_JOUR              0m12s      0m12s      +0s  ✅  jingle id station 03 notre mission annonce levangile
23:05:55 BLOC_D_SERIE_DU_JOUR              1m57s      1m54s      -3s  ✅  Cantique des Cantiques 7
23:07:49 BLOC_D_SERIE_DU_JOUR              2m29s      2m27s      -2s  ✅  Cantique des Cantiques 8
23:10:16 BLOC_D_SERIE_DU_JOUR              2m07s      2m05s      -2s  ✅  2 Jean 1
23:12:21 BLOC_D_SERIE_DU_JOUR              8m26s      8m24s      -2s  ✅  Daniel 11
23:20:45 BLOC_D_SERIE_DU_JOUR              2m26s      2m23s      -3s  ✅  Daniel 12
23:23:08 BLOC_D_SERIE_DU_JOUR              0m09s      0m09s      +0s  ✅  jingle id station 01 la bonne nouvelle partout
23:23:17 BLOC_D_SERIE_DU_JOUR              5m43s      5m41s      -2s  ✅  Cantique l Éternel est mon Berger (1)
23:28:58 BLOC_D_SERIE_DU_JOUR              6m07s      6m05s      -2s  ✅  There Is Forgiveness In Thee - SWBN TV
23:35:03 BLOC_E_LOUANGE_NUIT               9m31s      9m28s      -3s  ✅  15 at 01.33.50 (1)(1)
23:44:31 BLOC_E_LOUANGE_NUIT               5m52s      5m50s      -2s  ✅  Not Naked (Abasiama Timothy)
23:50:21 BLOC_E_LOUANGE_NUIT              10m24s     10m22s      -2s  ✅  Shine in Darkness O Lord  - Winnipeg Fellowship
----------------------------------------------------------------------------------------------------
Bilan : 295 titres, 2 anomalie(s) (titre coupé de plus de 10s ou trou d'antenne). Gravité : 1 mineure(s) <1min · 1 sérieuse(s) 1-10min · 0 critique(s) >10min.

====================================================================================================
CONTRÔLES APPROFONDIS
====================================================================================================
MESSAGE DU JOUR « La moisson 1 » : 4 diffusion(s) pour 4 prévue(s) ✅
   00:03:30  (étiquette BLOC_A_SERIE_DU_JOUR)
   06:00:53  (étiquette BLOC_B_SERIE_DU_JOUR)
   12:01:12  (étiquette BLOC_C_SERIE_DU_JOUR)
   18:02:51  (étiquette BLOC_D_SERIE_DU_JOUR)
JINGLES : 40 joués / 36 prévus (111%) ✅   ·   BLOC_A 12/9 · BLOC_B 10/9 · BLOC_C 9/9 · BLOC_D 9/9
HORS FENÊTRE : 1 titre(s) d'un bloc joués hors de sa plage ⚠️
   05:59:48  JINGLE — prévu dans BLOC_B (06:00-12:00)
BOUCHE-TROUS : aucun ✅
COUVERTURE : premier titre à 00:01:44 ✅ · dernier titre finit vers 00:00:45 (estimé) ✅

====================================================================================================
RÉEL vs PRÉVU — ce qui a joué vs ce que le plan prévoyait
====================================================================================================
----------------------------------------------------------------------------------------------------
BLOC_A  (00:00-06:00)  prévus  78 · atteignables  73 · joués  76 · conformité  99% · sautés  1 · en trop  4
   ⏭️  PRÉVU NON JOUÉ : jingle avant message 03 vous ecoutez parole prophetique fm
   ➕  JOUÉ NON PRÉVU : jingle avant message 04 bienvenue sur parole prophetique fm · jingle avant bible 06 ouvrons les saintes ecritures · JINGLE · jingle id station 03 notre mission annonce levangile
   ⏸️  FIN DE BLOC NON ATTEINTE (5 titres · ~28m18s) — marge anti-rebouclage au-delà de la fenêtre, normal : Sing Hallelujah - Abuja HF · Where Two or Three are Gathered - Calabar HF · I See Your Face - Toronto HF · Awaken My Heart · God's Got An Army - PHF
----------------------------------------------------------------------------------------------------
BLOC_B  (06:00-12:00)  prévus  70 · atteignables  68 · joués  69 · conformité 100% · sautés  0 · en trop  1
   ➕  JOUÉ NON PRÉVU : jingle avant bible 08 prenons un moment pour ecouter la parole
   ⏸️  FIN DE BLOC NON ATTEINTE (2 titres · ~20m30s) — marge anti-rebouclage au-delà de la fenêtre, normal : Thy Throne Oh Lord - Ketu HF · Abba, Singing a, I Will Sing - Ketu HF
----------------------------------------------------------------------------------------------------
BLOC_C  (12:00-18:00)  prévus  79 · atteignables  76 · joués  76 · conformité 100% · sautés  0 · en trop  0
   ⏸️  FIN DE BLOC NON ATTEINTE (3 titres · ~23m11s) — marge anti-rebouclage au-delà de la fenêtre, normal : cantique  tes promesses  pub direct dec 2021 import (2) · El Elyon - Toronto & Winnipeg HF · As We Worship In Ypur Presence
----------------------------------------------------------------------------------------------------
BLOC_D  (18:00-23:30)  prévus  73 · atteignables  71 · joués  71 · conformité 100% · sautés  0 · en trop  0
   ⏸️  FIN DE BLOC NON ATTEINTE (2 titres · ~15m35s) — marge anti-rebouclage au-delà de la fenêtre, normal : Agunechemba - SWBN TV · Victorious Is the Lamb - Winnipeg Fellowship
----------------------------------------------------------------------------------------------------
CONFORMITÉ GLOBALE : 287/288 titres atteignables joués dans l'ordre = 100%  (5 titre(s) hors plan · 12 non atteint(s) en fin de bloc, marge normale)
