====================================================================================================
MONITEUR RADIO — 2026-08-20 (synthèse des 3 rapports + plan, heures UTC)
====================================================================================================
État : ❌ incident(s) détecté(s)  ·  diffusion : 1 coupure(s)/trou(s), 0 double(s) message  ·  serveur : 99 incident(s)
SERVEUR (liquidsoap_events) :
   00:01:22  🔇 bascule sur jingle d'erreur (silence potentiel)  (×2)
   23:29:57  🔇 bascule sur jingle d'erreur (silence potentiel)
   23:32:21  🌐 échec réseau AzuraCast/Liquidsoap  (×96)
RESET MINUIT : restart confirmé vers 00:01:58 · 3 contrôle(s) · ⚠️ doublon vu dans la file
INCIDENTS CORRÉLÉS (anomalie de diffusion ↔ cause serveur probable) :
   23:52:21  TROU 35s « He Has Given Me & Emmanuel You Joy Over Us (Medley) (Abasiama Timothy & Imah Adegoke) »
          ↳ aucune cause serveur à proximité (voir CONTRÔLES APPROFONDIS et RÉEL vs PRÉVU ci-dessous)
(Détail titre par titre, contrôles approfondis et RÉEL vs PRÉVU ci-dessous.)
Rapport de diffusion — 2026-08-20 (heures UTC)
291 titres joués | tolérance ±10s
====================================================================================================
HEURE    PLAYLIST                     FICHIER          RÉEL    ÉCART  STATUT  TITRE
----------------------------------------------------------------------------------------------------
00:01:28 ?                                 3m05s      3m05s      +0s  ✅  ?
00:04:33 BLOC_A_SERIE_DU_JOUR              0m10s      0m10s      +0s  ✅  jingle avant message 01 voici le message du jour
00:04:43 BLOC_A_SERIE_DU_JOUR           1h00m21s   1h00m19s      -2s  ✅  1-19 1
01:05:02 BLOC_A_SERIE_DU_JOUR              0m10s      0m08s      -2s  ✅  jingle avant bible 06 ouvrons les saintes ecritures
01:05:10 BLOC_A_SERIE_DU_JOUR              2m21s      2m18s      -3s  ✅  Nahum 1
01:07:28 BLOC_A_SERIE_DU_JOUR              2m04s      2m02s      -2s  ✅  Nahum 2
01:09:30 BLOC_A_SERIE_DU_JOUR              3m02s      3m00s      -2s  ✅  Nahum 3
01:12:30 BLOC_A_SERIE_DU_JOUR              2m20s      2m17s      -3s  ✅  Lamentations 5
01:14:47 BLOC_A_SERIE_DU_JOUR              2m12s      2m09s      -3s  ✅  2 Thessaloniciens 1
01:16:56 BLOC_A_SERIE_DU_JOUR              2m47s      2m45s      -2s  ✅  2 Thessaloniciens 2
01:19:41 BLOC_A_SERIE_DU_JOUR              2m35s      2m32s      -3s  ✅  2 Thessaloniciens 3
01:22:13 BLOC_A_SERIE_DU_JOUR              1m49s      1m47s      -2s  ✅  1 Thessaloniciens 1
01:24:00 BLOC_A_SERIE_DU_JOUR              3m29s      3m26s      -3s  ✅  1 Thessaloniciens 2
01:27:26 BLOC_A_SERIE_DU_JOUR              2m13s      2m10s      -3s  ✅  1 Thessaloniciens 3
01:29:36 BLOC_A_SERIE_DU_JOUR              3m03s      3m01s      -2s  ✅  1 Thessaloniciens 4
01:32:37 BLOC_A_SERIE_DU_JOUR              3m04s      3m02s      -2s  ✅  1 Thessaloniciens 5
01:35:39 BLOC_A_SERIE_DU_JOUR              3m17s      3m15s      -2s  ✅  Galates 1
01:38:54 BLOC_A_SERIE_DU_JOUR              4m08s      4m05s      -3s  ✅  Galates 2
01:42:59 BLOC_A_SERIE_DU_JOUR              4m50s      4m48s      -2s  ✅  Galates 3
01:47:47 BLOC_A_SERIE_DU_JOUR              4m30s      4m27s      -3s  ✅  Galates 4
01:52:14 BLOC_A_SERIE_DU_JOUR              4m04s      4m10s      +6s  ✅  Galates 5
01:56:24 BLOC_A_SERIE_DU_JOUR              5m15s      5m13s      -2s  ✅  Yahweh Be Praised - Abuja HF
02:01:37 BLOC_A_SERIE_DU_JOUR              4m33s      4m31s      -2s  ✅  God is Building - Will You Be - Ketu HF
02:06:08 BLOC_A_SERIE_DU_JOUR              5m58s      5m55s      -3s  ✅  In Jesus - PHF
02:12:03 BLOC_A_SERIE_DU_JOUR              8m31s      8m29s      -2s  ✅  Holy Holy - Abuja HF
02:20:32 BLOC_A_SERIE_DU_JOUR              7m57s      7m54s      -3s  ✅  Yahweh is Mighty (Imah Adegoke)
02:28:26 BLOC_A_SERIE_DU_JOUR              7m09s      7m07s      -2s  ✅  My God Is Good - Winnipeg Fellowship
02:35:33 BLOC_A_SERIE_DU_JOUR              7m09s      7m06s      -3s  ✅  There is A Mighty River Flowing - Ketu HF
02:42:39 BLOC_A_SERIE_DU_JOUR              9m23s      9m28s      +5s  ✅  10 minutes
02:52:07 BLOC_A_SERIE_DU_JOUR              2m54s      2m51s      -3s  ✅  Malachie 1
02:54:58 BLOC_A_SERIE_DU_JOUR              3m17s      3m14s      -3s  ✅  Malachie 2
02:58:12 BLOC_A_SERIE_DU_JOUR              3m22s      3m19s      -3s  ✅  Malachie 3
03:01:31 BLOC_A_SERIE_DU_JOUR              1m05s      1m02s      -3s  ✅  Malachie 4
03:02:33 BLOC_A_SERIE_DU_JOUR              3m42s      3m40s      -2s  ✅  Deutéronome 26
03:06:13 BLOC_A_SERIE_DU_JOUR              3m42s      3m40s      -2s  ✅  Deutéronome 27
03:09:53 BLOC_A_SERIE_DU_JOUR             11m07s     11m04s      -3s  ✅  Deutéronome 28
03:20:57 BLOC_A_SERIE_DU_JOUR              0m13s      0m11s      -2s  ✅  jingle avant louange 07 voici un temps de louange
03:21:08 BLOC_A_SERIE_DU_JOUR              5m10s      5m07s      -3s  ✅  Igwe
03:26:15 BLOC_A_SERIE_DU_JOUR              8m58s      8m56s      -2s  ✅  El Elyon - Toronto & Winnipeg HF
03:35:11 BLOC_A_SERIE_DU_JOUR              7m19s      7m16s      -3s  ✅  You Have sworn By Your Holiness - Chidera Bisong
03:42:27 BLOC_A_SERIE_DU_JOUR              4m08s      4m05s      -3s  ✅  I Choose the Way of the Lord - Abuja HF
03:46:32 BLOC_A_SERIE_DU_JOUR              5m07s      5m04s      -3s  ✅  We Shall Come - Asaba Fellowship
03:51:36 BLOC_A_SERIE_DU_JOUR              8m37s      8m36s      -1s  ✅  He Has Given Me & Emmanuel You Joy Over Us (Medley) (Abasiama Timothy & Imah Adegoke)
04:00:12 BLOC_A_SERIE_DU_JOUR              6m19s      6m16s      -3s  ✅  Unto Him - CHF
04:06:28 BLOC_A_SERIE_DU_JOUR              5m04s      5m01s      -3s  ✅  Guide Me - El ELyon - Abuja HF
04:11:29 BLOC_A_SERIE_DU_JOUR              0m13s      0m11s      -2s  ✅  jingle avant bible 07 place a la lecture de la bible
04:11:40 BLOC_A_SERIE_DU_JOUR              2m21s      2m18s      -3s  ✅  Ecclésiaste 1
04:13:58 BLOC_A_SERIE_DU_JOUR              4m17s      4m15s      -2s  ✅  Ecclésiaste 2
04:18:13 BLOC_A_SERIE_DU_JOUR              2m50s      2m48s      -2s  ✅  Ecclésiaste 3
04:21:01 BLOC_A_SERIE_DU_JOUR              2m23s      2m20s      -3s  ✅  Ecclésiaste 4
04:23:21 BLOC_A_SERIE_DU_JOUR              3m17s      3m15s      -2s  ✅  Ecclésiaste 5
04:26:36 BLOC_A_SERIE_DU_JOUR              1m50s      1m47s      -3s  ✅  Ecclésiaste 6
04:28:23 BLOC_A_SERIE_DU_JOUR              3m44s      3m42s      -2s  ✅  Ecclésiaste 7
04:32:05 BLOC_A_SERIE_DU_JOUR              2m51s      2m49s      -2s  ✅  Ecclésiaste 8
04:34:54 BLOC_A_SERIE_DU_JOUR              3m14s      3m11s      -3s  ✅  Ecclésiaste 9
04:38:05 BLOC_A_SERIE_DU_JOUR              2m29s      2m27s      -2s  ✅  Ecclésiaste 10
04:40:32 BLOC_A_SERIE_DU_JOUR              1m34s      1m31s      -3s  ✅  Ecclésiaste 11
04:42:03 BLOC_A_SERIE_DU_JOUR              2m16s      2m14s      -2s  ✅  Ecclésiaste 12
04:44:17 BLOC_A_SERIE_DU_JOUR              3m07s      3m05s      -2s  ✅  Joël 1
04:47:22 BLOC_A_SERIE_DU_JOUR              5m41s      5m38s      -3s  ✅  Joël 2
04:53:00 BLOC_A_SERIE_DU_JOUR              0m11s      0m09s      -2s  ✅  jingle avant louange 05 elevons nos coeurs vers dieu
04:53:09 BLOC_A_SERIE_DU_JOUR              3m12s      3m09s      -3s  ✅  esprit de dieu
04:56:18 BLOC_A_SERIE_DU_JOUR              4m11s      4m09s      -2s  ✅  jai donné ma vie à jésus (1)
05:00:27 BLOC_A_SERIE_DU_JOUR              8m12s      8m09s      -3s  ✅  Jesus is Alpha - PHF
05:08:36 BLOC_A_SERIE_DU_JOUR              4m18s      4m16s      -2s  ✅  You Are Worthy - Ketu HF
05:12:52 BLOC_A_SERIE_DU_JOUR              7m29s      7m27s      -2s  ✅  Hallelujah - PHF
05:20:19 BLOC_A_SERIE_DU_JOUR              7m21s      7m17s      -4s  ✅  For By My God - Toronto & Winnipeg HF
05:27:36 BLOC_A_SERIE_DU_JOUR              7m25s      7m22s      -3s  ✅  Victorious Is the Lamb - Winnipeg Fellowship
05:34:58 BLOC_A_SERIE_DU_JOUR              8m30s      8m28s      -2s  ✅  We Worship Adonai - PHF
05:43:26 BLOC_A_SERIE_DU_JOUR              0m09s      0m10s      +1s  ✅  JINGLE
05:43:36 BLOC_A_SERIE_DU_JOUR              2m59s      2m56s      -3s  ✅  Philémon 1
05:46:32 BLOC_A_SERIE_DU_JOUR              2m37s      2m35s      -2s  ✅  Michée 1
05:49:07 BLOC_A_SERIE_DU_JOUR              2m20s      2m18s      -2s  ✅  Michée 2
05:51:25 BLOC_A_SERIE_DU_JOUR              2m05s      2m02s      -3s  ✅  Michée 3
05:53:27 BLOC_A_SERIE_DU_JOUR              2m34s      2m31s      -3s  ✅  Michée 4
05:55:58 BLOC_A_SERIE_DU_JOUR              2m20s      2m18s      -2s  ✅  Michée 5
05:58:16 BLOC_A_SERIE_DU_JOUR              2m37s      2m41s      +4s  ✅  Michée 6
06:00:57 BLOC_B_SERIE_DU_JOUR           1h00m21s   1h00m18s      -3s  ✅  1-19 1
07:01:15 BLOC_B_SERIE_DU_JOUR              0m09s      0m07s      -2s  ✅  jingle avant bible 08 prenons un moment pour ecouter la parole
07:01:22 BLOC_B_SERIE_DU_JOUR              3m34s      3m32s      -2s  ✅  Zacharie 1
07:04:54 BLOC_B_SERIE_DU_JOUR              1m51s      1m48s      -3s  ✅  Zacharie 2
07:06:42 BLOC_B_SERIE_DU_JOUR              1m46s      1m44s      -2s  ✅  Zacharie 3
07:08:26 BLOC_B_SERIE_DU_JOUR              2m06s      2m03s      -3s  ✅  Zacharie 4
07:10:29 BLOC_B_SERIE_DU_JOUR              1m38s      1m36s      -2s  ✅  Zacharie 5
07:12:05 BLOC_B_SERIE_DU_JOUR              2m22s      2m19s      -3s  ✅  Zacharie 6
07:14:24 BLOC_B_SERIE_DU_JOUR              2m07s      2m05s      -2s  ✅  Zacharie 7
07:16:29 BLOC_B_SERIE_DU_JOUR              3m51s      3m49s      -2s  ✅  Zacharie 8
07:20:18 BLOC_B_SERIE_DU_JOUR              3m12s      3m09s      -3s  ✅  Zacharie 9
07:23:27 BLOC_B_SERIE_DU_JOUR              2m13s      2m10s      -3s  ✅  Zacharie 10
07:25:37 BLOC_B_SERIE_DU_JOUR              2m53s      2m51s      -2s  ✅  Zacharie 11
07:28:28 BLOC_B_SERIE_DU_JOUR              2m38s      2m35s      -3s  ✅  Zacharie 12
07:31:03 BLOC_B_SERIE_DU_JOUR              1m43s      1m41s      -2s  ✅  Zacharie 13
07:32:44 BLOC_B_SERIE_DU_JOUR              4m06s      4m03s      -3s  ✅  Zacharie 14
07:36:47 BLOC_B_SERIE_DU_JOUR              4m21s      4m19s      -2s  ✅  Marc 2
07:41:06 BLOC_B_SERIE_DU_JOUR              4m15s      4m13s      -2s  ✅  Marc 3
07:45:19 BLOC_B_SERIE_DU_JOUR              5m27s      5m24s      -3s  ✅  Marc 4
07:50:43 BLOC_B_SERIE_DU_JOUR              0m13s      0m10s      -3s  ✅  jingle avant louange 07 voici un temps de louange
07:50:53 BLOC_B_SERIE_DU_JOUR              5m10s      5m08s      -2s  ✅  I Will Call Upon The Lord
07:56:01 BLOC_B_SERIE_DU_JOUR              9m31s      9m28s      -3s  ✅  15 at 01.33.50 (1)(1)
08:05:29 BLOC_B_SERIE_DU_JOUR              2m20s      2m17s      -3s  ✅  cantique  heureux l homme qui ne marche pas selon
08:07:46 BLOC_B_SERIE_DU_JOUR             11m53s     11m50s      -3s  ✅  Hashem - PHF
08:19:36 BLOC_B_SERIE_DU_JOUR             11m01s     10m58s      -3s  ✅  Great is, Ascribe - Ketu HF
08:30:34 BLOC_B_SERIE_DU_JOUR              6m12s      6m10s      -2s  ✅  The King is Here (Abasiama Timothy)
08:36:44 BLOC_B_SERIE_DU_JOUR              6m06s      6m04s      -2s  ✅  cantique  ta bonte
08:42:48 BLOC_B_SERIE_DU_JOUR              0m13s      0m10s      -3s  ✅  jingle avant bible 07 place a la lecture de la bible
08:42:58 BLOC_B_SERIE_DU_JOUR              2m16s      2m14s      -2s  ✅  Hébreux 1
08:45:12 BLOC_B_SERIE_DU_JOUR              3m13s      3m10s      -3s  ✅  Hébreux 2
08:48:22 BLOC_B_SERIE_DU_JOUR              2m48s      2m46s      -2s  ✅  Hébreux 3
08:51:08 BLOC_B_SERIE_DU_JOUR              2m45s      2m42s      -3s  ✅  Hébreux 4
08:53:50 BLOC_B_SERIE_DU_JOUR              2m17s      2m14s      -3s  ✅  Hébreux 5
08:56:04 BLOC_B_SERIE_DU_JOUR              3m05s      3m03s      -2s  ✅  Hébreux 6
08:59:07 BLOC_B_SERIE_DU_JOUR              4m52s      4m49s      -3s  ✅  Hébreux 7
09:03:56 BLOC_B_SERIE_DU_JOUR              2m45s      2m42s      -3s  ✅  Hébreux 8
09:06:38 BLOC_B_SERIE_DU_JOUR              5m14s      5m12s      -2s  ✅  Hébreux 9
09:11:50 BLOC_B_SERIE_DU_JOUR              0m10s      0m08s      -2s  ✅  jingle avant louange 06 que la louange seleve
09:11:58 BLOC_B_SERIE_DU_JOUR              8m10s      8m08s      -2s  ✅  Agunechemba - SWBN TV
09:20:06 BLOC_B_SERIE_DU_JOUR              5m33s      5m30s      -3s  ✅  He Shall Feed His Flock - I Want to walk  - Ketu HF
09:25:36 BLOC_B_SERIE_DU_JOUR              8m41s      8m38s      -3s  ✅  Unto Him (Vincent Opara)
09:34:14 BLOC_B_SERIE_DU_JOUR              5m52s      5m49s      -3s  ✅  Where Two or Three are Gathered - Calabar HF
09:40:03 BLOC_B_SERIE_DU_JOUR              7m37s      7m34s      -3s  ✅  Cantiques  Il a pris mes iniquités
09:47:37 BLOC_B_SERIE_DU_JOUR             10m38s     10m36s      -2s  ✅  Be Exalted - PHF
09:58:13 BLOC_B_SERIE_DU_JOUR              6m34s      6m31s      -3s  ✅  cantique  béni soit le dieu d israël
10:04:44 BLOC_B_SERIE_DU_JOUR              0m10s      0m08s      -2s  ✅  jingle avant bible 06 ouvrons les saintes ecritures
10:04:52 BLOC_B_SERIE_DU_JOUR              6m58s      6m56s      -2s  ✅  Jean 11
10:11:48 BLOC_B_SERIE_DU_JOUR              6m14s      6m11s      -3s  ✅  Jean 12
10:17:59 BLOC_B_SERIE_DU_JOUR              4m51s      4m49s      -2s  ✅  Jean 13
10:22:48 BLOC_B_SERIE_DU_JOUR              3m52s      3m49s      -3s  ✅  Jean 14
10:26:37 BLOC_B_SERIE_DU_JOUR              3m22s      3m19s      -3s  ✅  Jean 15
10:29:56 BLOC_B_SERIE_DU_JOUR              4m20s      4m18s      -2s  ✅  Jean 16
10:34:14 BLOC_B_SERIE_DU_JOUR              3m14s      3m11s      -3s  ✅  Jean 17
10:37:25 BLOC_B_SERIE_DU_JOUR              5m40s      5m38s      -2s  ✅  Jean 18
10:43:03 BLOC_B_SERIE_DU_JOUR              0m11s      0m08s      -3s  ✅  jingle avant louange 05 elevons nos coeurs vers dieu
10:43:11 BLOC_B_SERIE_DU_JOUR              7m17s      7m16s      -1s  ✅  cantique  tes promesses  pub direct dec 2021 import (2)
10:50:27 BLOC_B_SERIE_DU_JOUR              4m20s      4m17s      -3s  ✅  There's A Mighty River Flowing - SWBN TV
10:54:44 BLOC_B_SERIE_DU_JOUR              3m41s      3m39s      -2s  ✅  Adorons l'Éternel GAEL - JÉSUS EST SEIGNEUR -
10:58:23 BLOC_B_SERIE_DU_JOUR             10m13s     10m10s      -3s  ✅  As We Worship - Toronto & Winnipeg HF
11:08:33 BLOC_B_SERIE_DU_JOUR              7m09s      7m07s      -2s  ✅  You're the Lamb (Abasiama Timothy)
11:15:40 BLOC_B_SERIE_DU_JOUR              7m46s      7m44s      -2s  ✅  Arise Out of Zion  - Winnipeg Fellowship
11:23:24 BLOC_B_SERIE_DU_JOUR              8m22s      8m19s      -3s  ✅  Yeshua Hamashiach - Calabar HF
11:31:43 BLOC_B_SERIE_DU_JOUR              7m18s      7m25s      +7s  ✅  Holy is the Lord (Emmanuel Umoh)
11:39:08 BLOC_B_SERIE_DU_JOUR              2m05s      2m02s      -3s  ✅  3 Jean 1
11:41:10 BLOC_B_SERIE_DU_JOUR              6m55s      6m53s      -2s  ✅  Matthieu 12
11:48:03 BLOC_B_SERIE_DU_JOUR              8m12s      8m10s      -2s  ✅  Matthieu 13
11:56:13 BLOC_B_SERIE_DU_JOUR              0m09s      0m09s      +0s  ✅  jingle id station 01 la bonne nouvelle partout
11:56:22 BLOC_B_SERIE_DU_JOUR              6m35s      6m44s      +9s  ✅  cantique   ta lumière
12:03:06 BLOC_C_SERIE_DU_JOUR           1h00m21s   1h00m18s      -3s  ✅  1-19 1
13:03:24 BLOC_C_SERIE_DU_JOUR              0m09s      0m07s      -2s  ✅  jingle avant bible 08 prenons un moment pour ecouter la parole
13:03:31 BLOC_C_SERIE_DU_JOUR              2m37s      2m35s      -2s  ✅  Job 13
13:06:06 BLOC_C_SERIE_DU_JOUR              2m25s      2m22s      -3s  ✅  Job 14
13:08:28 BLOC_C_SERIE_DU_JOUR              3m21s      3m19s      -2s  ✅  Job 15
13:11:47 BLOC_C_SERIE_DU_JOUR              2m15s      2m12s      -3s  ✅  Job 16
13:13:59 BLOC_C_SERIE_DU_JOUR              1m36s      1m34s      -2s  ✅  Job 17
13:15:33 BLOC_C_SERIE_DU_JOUR              2m02s      2m00s      -2s  ✅  Job 18
13:17:33 BLOC_C_SERIE_DU_JOUR              3m05s      3m02s      -3s  ✅  Job 19
13:20:35 BLOC_C_SERIE_DU_JOUR              2m59s      2m57s      -2s  ✅  Job 20
13:23:32 BLOC_C_SERIE_DU_JOUR              3m12s      3m10s      -2s  ✅  Job 21
13:26:42 BLOC_C_SERIE_DU_JOUR              2m37s      2m35s      -2s  ✅  Job 22
13:29:17 BLOC_C_SERIE_DU_JOUR              1m43s      1m40s      -3s  ✅  Job 23
13:30:57 BLOC_C_SERIE_DU_JOUR              2m52s      2m49s      -3s  ✅  Job 24
13:33:46 BLOC_C_SERIE_DU_JOUR              0m36s      0m33s      -3s  ✅  Job 25
13:34:19 BLOC_C_SERIE_DU_JOUR              1m13s      1m11s      -2s  ✅  Job 26
13:35:30 BLOC_C_SERIE_DU_JOUR              2m12s      2m09s      -3s  ✅  Job 27
13:37:39 BLOC_C_SERIE_DU_JOUR              2m47s      2m45s      -2s  ✅  Job 28
13:40:24 BLOC_C_SERIE_DU_JOUR              2m20s      2m18s      -2s  ✅  Job 29
13:42:42 BLOC_C_SERIE_DU_JOUR              3m11s      3m08s      -3s  ✅  Job 30
13:45:50 BLOC_C_SERIE_DU_JOUR              3m56s      3m54s      -2s  ✅  Job 31
13:49:44 BLOC_C_SERIE_DU_JOUR              2m21s      2m18s      -3s  ✅  Job 32
13:52:02 BLOC_C_SERIE_DU_JOUR              3m04s      3m10s      +6s  ✅  Job 33
13:55:12 BLOC_C_SERIE_DU_JOUR              4m04s      4m01s      -3s  ✅  Ascribe Greatness - PHF
13:59:13 BLOC_C_SERIE_DU_JOUR              2m57s      2m55s      -2s  ✅  You Are the Captain of the Host - Toronto HF
14:02:08 BLOC_C_SERIE_DU_JOUR              2m16s      2m13s      -3s  ✅  cantique  nous sommes le sel de la terre
14:04:21 BLOC_C_SERIE_DU_JOUR              5m45s      5m42s      -3s  ✅  Ella Samuels - Oh Lord Our Maker
14:10:03 BLOC_C_SERIE_DU_JOUR              6m04s      6m02s      -2s  ✅  Sing Unto the Lord a new Song  - Winnipeg Fellowship
14:16:05 BLOC_C_SERIE_DU_JOUR              4m13s      4m11s      -2s  ✅  4 minutes
14:20:16 BLOC_C_SERIE_DU_JOUR              8m25s      8m22s      -3s  ✅  The Mountains, Come and, Oh City - Ketu HF
14:28:38 BLOC_C_SERIE_DU_JOUR              6m57s      6m54s      -3s  ✅  The Lord on High is Mightier - Toronto HF
14:35:32 BLOC_C_SERIE_DU_JOUR              6m57s      6m55s      -2s  ✅  qui est digne d ouvrir le livre
14:42:27 BLOC_C_SERIE_DU_JOUR              6m56s      6m53s      -3s  ✅  As We Worship In Ypur Presence
14:49:20 BLOC_C_SERIE_DU_JOUR              0m13s      0m11s      -2s  ✅  jingle avant bible 07 place a la lecture de la bible
14:49:31 BLOC_C_SERIE_DU_JOUR              4m39s      4m37s      -2s  ✅  1 Samuel 23
14:54:08 BLOC_C_SERIE_DU_JOUR              3m34s      3m31s      -3s  ✅  1 Samuel 24
14:57:39 BLOC_C_SERIE_DU_JOUR              7m22s      7m19s      -3s  ✅  1 Samuel 25
15:04:58 BLOC_C_SERIE_DU_JOUR              4m35s      4m33s      -2s  ✅  1 Samuel 26
15:09:31 BLOC_C_SERIE_DU_JOUR              2m05s      2m02s      -3s  ✅  1 Samuel 27
15:11:33 BLOC_C_SERIE_DU_JOUR              4m23s      4m21s      -2s  ✅  1 Samuel 28
15:15:54 BLOC_C_SERIE_DU_JOUR              0m13s      0m10s      -3s  ✅  jingle avant louange 07 voici un temps de louange
15:16:04 BLOC_C_SERIE_DU_JOUR              8m18s      8m16s      -2s  ✅  Yahweh Is Mighty - SWBN TV
15:24:20 BLOC_C_SERIE_DU_JOUR              4m11s      4m08s      -3s  ✅  Cantique   Oh Éternel Dieu, Tu es le Dieu Incomparable
15:28:28 BLOC_C_SERIE_DU_JOUR              5m18s      5m16s      -2s  ✅  Now is Come Salvation - Toronto HF
15:33:44 BLOC_C_SERIE_DU_JOUR              6m02s      6m00s      -2s  ✅  Rejoice - PHF
15:39:44 BLOC_C_SERIE_DU_JOUR              6m02s      5m59s      -3s  ✅  Crown Him Lord of Lords - Nonso Njoku
15:45:43 BLOC_C_SERIE_DU_JOUR              5m48s      5m46s      -2s  ✅  Forever You Reign - Abuja HF
15:51:29 BLOC_C_SERIE_DU_JOUR              8m10s      8m07s      -3s  ✅  Great and Marvellous - Ketu HF
15:59:36 BLOC_C_SERIE_DU_JOUR              8m24s      8m29s      +5s  ✅  Bless Ye the Lord - PHF
16:08:05 BLOC_C_SERIE_DU_JOUR              2m48s      2m46s      -2s  ✅  Juges 10
16:10:51 BLOC_C_SERIE_DU_JOUR              7m02s      6m59s      -3s  ✅  Juges 11
16:17:50 BLOC_C_SERIE_DU_JOUR              2m37s      2m34s      -3s  ✅  Juges 12
16:20:24 BLOC_C_SERIE_DU_JOUR              4m10s      4m08s      -2s  ✅  Juges 13
16:24:32 BLOC_C_SERIE_DU_JOUR              3m58s      3m56s      -2s  ✅  Juges 14
16:28:28 BLOC_C_SERIE_DU_JOUR              3m38s      3m35s      -3s  ✅  Juges 15
16:32:03 BLOC_C_SERIE_DU_JOUR              6m30s      6m28s      -2s  ✅  Juges 16
16:38:31 BLOC_C_SERIE_DU_JOUR              2m15s      2m12s      -3s  ✅  Juges 17
16:40:43 BLOC_C_SERIE_DU_JOUR              5m44s      5m41s      -3s  ✅  Juges 18
16:46:24 BLOC_C_SERIE_DU_JOUR              0m11s      0m09s      -2s  ✅  jingle avant louange 05 elevons nos coeurs vers dieu
16:46:33 BLOC_C_SERIE_DU_JOUR              5m47s      5m44s      -3s  ✅  We Ascribe Greatness - Abuja HF
16:52:17 BLOC_C_SERIE_DU_JOUR              7m20s      7m18s      -2s  ✅  The Glory -  PHF
16:59:35 BLOC_C_SERIE_DU_JOUR              6m59s      6m56s      -3s  ✅  Hosanna - Toronto HF
17:06:31 BLOC_C_SERIE_DU_JOUR              5m13s      5m11s      -2s  ✅  Il s'appelait Emmanuel - Marcel Boungou + Paroles
17:11:42 BLOC_C_SERIE_DU_JOUR              9m38s      9m35s      -3s  ✅  Holy are You oh Lord (Olaedo Uzoma & Vincent Opara)
17:21:17 BLOC_C_SERIE_DU_JOUR              9m23s      9m21s      -2s  ✅  Thou art Worthy Lord - PHF
17:30:38 BLOC_C_SERIE_DU_JOUR              5m08s      5m06s      -2s  ✅  He Has Given Me - PHF
17:35:44 BLOC_C_SERIE_DU_JOUR              6m54s      6m51s      -3s  ✅  There is no Lie (Imah Adegoke & Mary Umoh)
17:42:35 BLOC_C_SERIE_DU_JOUR              0m09s      0m10s      +1s  ✅  jingle id station 01 la bonne nouvelle partout
17:42:45 BLOC_C_SERIE_DU_JOUR              3m06s      3m03s      -3s  ✅  Romains 12
17:45:48 BLOC_C_SERIE_DU_JOUR              2m36s      2m33s      -3s  ✅  Romains 13
17:48:21 BLOC_C_SERIE_DU_JOUR              3m26s      3m24s      -2s  ✅  Romains 14
17:51:45 BLOC_C_SERIE_DU_JOUR              5m12s      5m10s      -2s  ✅  Romains 15
17:56:55 BLOC_C_SERIE_DU_JOUR              3m44s      3m41s      -3s  ✅  Romains 16
18:00:36 BLOC_D_SERIE_DU_JOUR              0m09s      0m07s      -2s  ✅  jingle avant message 03 vous ecoutez parole prophetique fm
18:00:43 BLOC_D_SERIE_DU_JOUR           1h00m21s   1h00m19s      -2s  ✅  1-19 1
19:01:02 BLOC_D_SERIE_DU_JOUR              0m10s      0m08s      -2s  ✅  jingle avant bible 06 ouvrons les saintes ecritures
19:01:10 BLOC_D_SERIE_DU_JOUR              3m00s      2m57s      -3s  ✅  Jonas 1
19:04:07 BLOC_D_SERIE_DU_JOUR              1m22s      1m19s      -3s  ✅  Jonas 2
19:05:26 BLOC_D_SERIE_DU_JOUR              1m36s      1m34s      -2s  ✅  Jonas 3
19:07:00 BLOC_D_SERIE_DU_JOUR              1m57s      1m55s      -2s  ✅  Jonas 4
19:08:55 BLOC_D_SERIE_DU_JOUR              4m09s      4m06s      -3s  ✅  Josué 11
19:13:01 BLOC_D_SERIE_DU_JOUR              3m18s      3m15s      -3s  ✅  Josué 12
19:16:16 BLOC_D_SERIE_DU_JOUR              5m11s      5m09s      -2s  ✅  Josué 13
19:21:25 BLOC_D_SERIE_DU_JOUR              2m53s      2m50s      -3s  ✅  Josué 14
19:24:15 BLOC_D_SERIE_DU_JOUR              7m07s      7m05s      -2s  ✅  Josué 15
19:31:20 BLOC_D_SERIE_DU_JOUR              1m34s      1m31s      -3s  ✅  Josué 16
19:32:51 BLOC_D_SERIE_DU_JOUR              3m51s      3m48s      -3s  ✅  Josué 17
19:36:39 BLOC_D_SERIE_DU_JOUR              4m41s      4m39s      -2s  ✅  Josué 18
19:41:18 BLOC_D_SERIE_DU_JOUR              6m21s      6m18s      -3s  ✅  Josué 19
19:47:36 BLOC_D_SERIE_DU_JOUR              0m11s      0m08s      -3s  ✅  jingle avant louange 05 elevons nos coeurs vers dieu
19:47:44 BLOC_D_SERIE_DU_JOUR              9m24s      9m22s      -2s  ✅  I See Your Face - Toronto HF
19:57:06 BLOC_D_SERIE_DU_JOUR              5m21s      5m19s      -2s  ✅  By the word of the lord - Ketu HF
20:02:25 BLOC_D_SERIE_DU_JOUR              6m07s      6m04s      -3s  ✅  There Is Forgiveness In Thee - SWBN TV
20:08:29 BLOC_D_SERIE_DU_JOUR              9m43s      9m40s      -3s  ✅  Thy Throne Oh Lord - Ketu HF
20:18:09 BLOC_D_SERIE_DU_JOUR              5m19s      5m17s      -2s  ✅  Gabrielle LIDJI - Mélodie Céleste  by LFXA(Light FX Animation)_2
20:23:26 BLOC_D_SERIE_DU_JOUR              5m21s      5m18s      -3s  ✅  We Shall Not Fear - Nonso Njoku
20:28:44 BLOC_D_SERIE_DU_JOUR              4m40s      4m37s      -3s  ✅  All in All - CHF
20:33:21 BLOC_D_SERIE_DU_JOUR              0m13s      0m11s      -2s  ✅  jingle avant bible 07 place a la lecture de la bible
20:33:32 BLOC_D_SERIE_DU_JOUR              4m15s      4m13s      -2s  ✅  Philippiens 1
20:37:45 BLOC_D_SERIE_DU_JOUR              4m28s      4m25s      -3s  ✅  Philippiens 2
20:42:10 BLOC_D_SERIE_DU_JOUR              3m26s      3m23s      -3s  ✅  Philippiens 3
20:45:33 BLOC_D_SERIE_DU_JOUR              3m39s      3m37s      -2s  ✅  Philippiens 4
20:49:10 BLOC_D_SERIE_DU_JOUR              1m38s      1m35s      -3s  ✅  Psaumes 79
20:50:45 BLOC_D_SERIE_DU_JOUR              1m45s      1m43s      -2s  ✅  Psaumes 80
20:52:28 BLOC_D_SERIE_DU_JOUR              1m41s      1m39s      -2s  ✅  Psaumes 81
20:54:07 BLOC_D_SERIE_DU_JOUR              0m44s      0m41s      -3s  ✅  Psaumes 82
20:54:48 BLOC_D_SERIE_DU_JOUR              1m36s      1m34s      -2s  ✅  Psaumes 83
20:56:22 BLOC_D_SERIE_DU_JOUR              0m10s      0m08s      -2s  ✅  jingle avant louange 06 que la louange seleve
20:56:30 BLOC_D_SERIE_DU_JOUR              7m04s      7m01s      -3s  ✅  We Bless You Wonderful God  - Winnipeg Fellowship
21:03:31 BLOC_D_SERIE_DU_JOUR             10m24s     10m22s      -2s  ✅  Shine in Darkness O Lord  - Winnipeg Fellowship
21:13:53 BLOC_D_SERIE_DU_JOUR              4m05s      4m03s      -2s  ✅  Song Of Victory - Emmanuel Igunbor
21:17:56 BLOC_D_SERIE_DU_JOUR              5m28s      5m25s      -3s  ✅  même humilié
21:23:21 BLOC_D_SERIE_DU_JOUR              9m14s      9m12s      -2s  ✅  A jamais, tu seras l Agneau de Dieu
21:32:33 BLOC_D_SERIE_DU_JOUR             10m47s     10m45s      -2s  ✅  Abba, Singing a, I Will Sing - Ketu HF
21:43:18 BLOC_D_SERIE_DU_JOUR              0m09s      0m06s      -3s  ✅  jingle avant bible 08 prenons un moment pour ecouter la parole
21:43:24 BLOC_D_SERIE_DU_JOUR              2m07s      2m05s      -2s  ✅  2 Jean 1
21:45:29 BLOC_D_SERIE_DU_JOUR              2m56s      2m54s      -2s  ✅  Sophonie 1
21:48:23 BLOC_D_SERIE_DU_JOUR              2m46s      2m43s      -3s  ✅  Sophonie 2
21:51:06 BLOC_D_SERIE_DU_JOUR              3m46s      3m44s      -2s  ✅  Sophonie 3
21:54:50 BLOC_D_SERIE_DU_JOUR              3m34s      3m32s      -2s  ✅  Esdras 9
21:58:22 BLOC_D_SERIE_DU_JOUR              6m21s      6m18s      -3s  ✅  Esdras 10
22:04:40 BLOC_D_SERIE_DU_JOUR              4m35s      4m33s      -2s  ✅  Colossiens 1
22:09:13 BLOC_D_SERIE_DU_JOUR              3m46s      3m44s      -2s  ✅  Colossiens 2
22:12:57 BLOC_D_SERIE_DU_JOUR              3m44s      3m41s      -3s  ✅  Colossiens 3
22:16:38 BLOC_D_SERIE_DU_JOUR              2m56s      2m53s      -3s  ✅  Colossiens 4
22:19:31 BLOC_D_SERIE_DU_JOUR              0m13s      0m11s      -2s  ✅  jingle avant louange 07 voici un temps de louange
22:19:42 BLOC_D_SERIE_DU_JOUR              6m10s      6m07s      -3s  ✅  That I May Know Him - Toronto HF
22:25:49 BLOC_D_SERIE_DU_JOUR              4m03s      4m00s      -3s  ✅  I Will Not Be Silent - Calabar HF
22:29:49 BLOC_D_SERIE_DU_JOUR              4m21s      4m19s      -2s  ✅  Sing Hallelujah - Abuja HF
22:34:08 BLOC_D_SERIE_DU_JOUR              9m39s      9m36s      -3s  ✅  Psalm 93 - Port Harcourt HF
22:43:44 BLOC_D_SERIE_DU_JOUR              8m21s      8m19s      -2s  ✅  In the Day of Your Power  - Winnipeg Fellowship
22:52:03 BLOC_D_SERIE_DU_JOUR              6m09s      6m07s      -2s  ✅  Hymne des vainqueurs
22:58:10 BLOC_D_SERIE_DU_JOUR              5m52s      5m50s      -2s  ✅  Not Naked (Abasiama Timothy)
23:04:00 BLOC_D_SERIE_DU_JOUR             11m54s     11m51s      -3s  ✅  Great & Marvelluos - Toronto HF
23:15:51 BLOC_D_SERIE_DU_JOUR              0m09s      0m09s      +0s  ✅  JINGLE
23:16:00 BLOC_D_SERIE_DU_JOUR              3m16s      3m14s      -2s  ✅  1 Timothée 1
23:19:14 BLOC_D_SERIE_DU_JOUR              2m10s      2m07s      -3s  ✅  1 Timothée 2
23:21:21 BLOC_D_SERIE_DU_JOUR              2m24s      2m21s      -3s  ✅  1 Timothée 3
23:23:42 BLOC_D_SERIE_DU_JOUR              2m29s      2m27s      -2s  ✅  1 Timothée 4
23:26:09 BLOC_D_SERIE_DU_JOUR              3m45s      3m42s      -3s  ✅  1 Timothée 5
23:29:51 BLOC_A_SERIE_DU_JOUR              0m10s      0m11s      +1s  ✅  jingle avant message 01 voici le message du jour
23:30:02 ?                                 0m03s      0m03s      +0s  ✅  AzuraCast is Live!
23:30:05 BLOC_E_LOUANGE_NUIT               7m04s      7m01s      -3s  ✅  We Bless You Wonderful God  - Winnipeg Fellowship
23:37:06 BLOC_E_LOUANGE_NUIT              10m35s     10m33s      -2s  ✅  Baruch Ha'ba B'Shem Adonai/Blessed Is He Who Comes in the Name of the Lord - Port Harcourt HF
23:47:39 BLOC_E_LOUANGE_NUIT               4m44s      4m42s      -2s  ✅  Je veux vivre ton royaume
23:52:21 BLOC_E_LOUANGE_NUIT               8m37s      9m12s     +35s  ⚠️ TROU APRÈS  He Has Given Me & Emmanuel You Joy Over Us (Medley) (Abasiama Timothy & Imah Adegoke)
----------------------------------------------------------------------------------------------------
Bilan : 291 titres, 1 anomalie(s) (titre coupé de plus de 10s ou trou d'antenne). Gravité : 1 mineure(s) <1min · 0 sérieuse(s) 1-10min · 0 critique(s) >10min.

====================================================================================================
CONTRÔLES APPROFONDIS
====================================================================================================
MESSAGE DU JOUR « APS La moisson 1 » : 4 diffusion(s) pour 4 prévue(s) ✅
   00:04:43  (étiquette BLOC_A_SERIE_DU_JOUR)
   06:00:57  (étiquette BLOC_B_SERIE_DU_JOUR)
   12:03:06  (étiquette BLOC_C_SERIE_DU_JOUR)
   18:00:43  (étiquette BLOC_D_SERIE_DU_JOUR)
JINGLES : 27 joués / 36 prévus (75%) ⚠️   ·   BLOC_A 6/9 · BLOC_B 7/9 · BLOC_C 5/9 · BLOC_D 9/9
HORS FENÊTRE : aucun débordement de bloc détecté ✅
BOUCHE-TROUS : 2 titre(s) hors plan sans playlist ⚠️
   00:01:28  ?  (3m05s)
   23:30:02  AzuraCast is Live!  (0m03s)
COUVERTURE : premier titre à 00:01:28 ✅ · dernier titre finit vers 00:00:58 (estimé) ✅

====================================================================================================
RÉEL vs PRÉVU — ce qui a joué vs ce que le plan prévoyait
====================================================================================================
----------------------------------------------------------------------------------------------------
BLOC_A  (00:00-06:00)  prévus  82 · atteignables  78 · joués  77 · conformité  97% · sautés  2 · en trop  1
   ⏭️  PRÉVU NON JOUÉ : jingle avant louange 06 que la louange seleve · jingle avant bible 08 prenons un moment pour ecouter la parole
   ➕  JOUÉ NON PRÉVU : ?
   ⏸️  FIN DE BLOC NON ATTEINTE (4 titres · ~26m34s) — marge anti-rebouclage au-delà de la fenêtre, normal : jingle id station 03 notre mission annonce levangile · There Is No Lie - SWBN TV · Holy Are You - PHF · My Heart Rejoices - Toronto HF
----------------------------------------------------------------------------------------------------
BLOC_B  (06:00-12:00)  prévus  73 · atteignables  70 · joués  68 · conformité  97% · sautés  2 · en trop  0
   ⏭️  PRÉVU NON JOUÉ : jingle avant message 03 vous ecoutez parole prophetique fm · JINGLE
   ⏸️  FIN DE BLOC NON ATTEINTE (3 titres · ~20m16s) — marge anti-rebouclage au-delà de la fenêtre, normal : You are God - Winnipeg Fellowship · There is no name  - Winnipeg Fellowship · Le Bien-Etre Universel
----------------------------------------------------------------------------------------------------
BLOC_C  (12:00-18:00)  prévus  81 · atteignables  76 · joués  73 · conformité  96% · sautés  3 · en trop  0
   ⏭️  PRÉVU NON JOUÉ : jingle avant message 01 voici le message du jour · jingle avant louange 06 que la louange seleve · jingle avant bible 06 ouvrons les saintes ecritures
   ⏸️  FIN DE BLOC NON ATTEINTE (5 titres · ~23m34s) — marge anti-rebouclage au-delà de la fenêtre, normal : JINGLE · Satisfy My Soul - Calabar HF · 6 minutes · cantique   prends tout le contrôle · Jesus I'm Waiting for You (Mary Umoh)
----------------------------------------------------------------------------------------------------
BLOC_D  (18:00-23:30)  prévus  73 · atteignables  67 · joués  68 · conformité 100% · sautés  0 · en trop  1
   ➕  JOUÉ NON PRÉVU : jingle avant message 01 voici le message du jour
   ⏸️  FIN DE BLOC NON ATTEINTE (6 titres · ~27m08s) — marge anti-rebouclage au-delà de la fenêtre, normal : 1 Timothée 6 · jingle id station 01 la bonne nouvelle partout · A Song Of Love · Good God - Asaba Fellowship · Oh Lord I Want to Know Your Glory - Port Harcourt HF · Cantique l Éternel est mon Berger (1)
----------------------------------------------------------------------------------------------------
CONFORMITÉ GLOBALE : 284/291 titres atteignables joués dans l'ordre = 98%  (2 titre(s) hors plan · 18 non atteint(s) en fin de bloc, marge normale)
