====================================================================================================
MONITEUR RADIO — 2026-10-04 (synthèse des 3 rapports + plan, heures UTC)
====================================================================================================
État : ⚠️ RAS — seules les suites connues du reset/rotation  ·  diffusion : 0 coupure(s)/trou(s), 0 double(s) message  ·  serveur : 0 incident(s)
ATTENDU (sans effet à l'antenne, hors verdict) : 209 événement(s) serveur pendant la rotation (23h30-23h40) et le reset de minuit (00h00-00h03) · 1 titre(s) tronqué(s) par le redémarrage de minuit
SERVEUR : aucun incident hors fenêtres planifiées (ni crash, ni échec réseau, ni silence) ✅
   ↳ attendu, hors verdict : 00:01 💥 crash Liquidsoap (redémarrage automatique) (×2) · 00:01 🔇 bascule sur jingle d'erreur (silence potentiel) (×3) · 23:33 🌐 échec réseau AzuraCast/Liquidsoap (×204)
RESET MINUIT : restart confirmé vers 00:02:15 · 3 contrôle(s) · file saine ✅
INCIDENTS CORRÉLÉS : aucune anomalie de diffusion à corréler ✅
(Détail titre par titre, contrôles approfondis et RÉEL vs PRÉVU ci-dessous.)
Rapport de diffusion — 2026-10-04 (heures UTC)
309 titres joués | tolérance ±10s
====================================================================================================
HEURE    PLAYLIST                     FICHIER          RÉEL    ÉCART  STATUT  TITRE
----------------------------------------------------------------------------------------------------
00:00:43 BLOC_E_LOUANGE_NUIT               6m34s      1m02s    -332s  ❌ COUPÉ  cantique  béni soit le dieu d israël
00:01:45 015_REMPLISSAGE                   0m37s      0m35s      -2s  ✅  Psaumes 100
00:02:20 BLOC_A_SERIE_DU_JOUR              0m10s      0m20s     +10s  ✅  jingle avant message 01 voici le message du jour
00:02:40 BLOC_A_SERIE_DU_JOUR             26m00s     25m59s      -1s  ✅  la moisson 2 adé
00:28:39 BLOC_A_SERIE_DU_JOUR              0m13s      0m13s      +0s  ✅  jingle avant bible 07 place a la lecture de la bible
00:28:52 BLOC_A_SERIE_DU_JOUR              5m17s      5m15s      -2s  ✅  Luc 13
00:34:07 BLOC_A_SERIE_DU_JOUR              4m57s      4m55s      -2s  ✅  Luc 14
00:39:02 BLOC_A_SERIE_DU_JOUR              4m22s      4m19s      -3s  ✅  Luc 15
00:43:21 BLOC_A_SERIE_DU_JOUR              4m36s      4m34s      -2s  ✅  Luc 16
00:47:55 BLOC_A_SERIE_DU_JOUR              4m42s      4m39s      -3s  ✅  Luc 17
00:52:34 BLOC_A_SERIE_DU_JOUR              5m39s      5m36s      -3s  ✅  Luc 18
00:58:10 BLOC_A_SERIE_DU_JOUR              5m49s      5m47s      -2s  ✅  Luc 19
01:03:57 BLOC_A_SERIE_DU_JOUR              5m57s      5m55s      -2s  ✅  Luc 20
01:09:52 BLOC_A_SERIE_DU_JOUR              5m02s      4m59s      -3s  ✅  Luc 21
01:14:51 BLOC_A_SERIE_DU_JOUR              9m03s      9m01s      -2s  ✅  Luc 22
01:23:52 BLOC_A_SERIE_DU_JOUR              6m58s      6m55s      -3s  ✅  Luc 23
01:30:47 BLOC_A_SERIE_DU_JOUR              0m10s      0m11s      +1s  ✅  jingle avant louange 06 que la louange seleve
01:30:58 BLOC_A_SERIE_DU_JOUR              9m43s      9m40s      -3s  ✅  Thy Throne Oh Lord - Ketu HF
01:40:38 BLOC_A_SERIE_DU_JOUR              6m13s      6m11s      -2s  ✅  Immortal God - Elohim Adonai - Abuja HF
01:46:49 BLOC_A_SERIE_DU_JOUR              2m57s      2m54s      -3s  ✅  You Are the Captain of the Host - Toronto HF
01:49:43 BLOC_A_SERIE_DU_JOUR              5m43s      5m41s      -2s  ✅  Cantique l Éternel est mon Berger (1)
01:55:24 BLOC_A_SERIE_DU_JOUR              9m04s      9m01s      -3s  ✅  You're the Lamb - Calabar HF
02:04:25 BLOC_A_SERIE_DU_JOUR              6m12s      6m09s      -3s  ✅  Praise the Lord All Ye Nations - Toronto HF
02:10:34 BLOC_A_SERIE_DU_JOUR              5m21s      5m19s      -2s  ✅  We Shall Not Fear - Nonso Njoku
02:15:53 BLOC_A_SERIE_DU_JOUR              6m41s      6m38s      -3s  ✅  6 minutes
02:22:31 BLOC_A_SERIE_DU_JOUR              5m48s      5m55s      +7s  ✅  Forever You Reign - Abuja HF
02:28:26 BLOC_A_SERIE_DU_JOUR              3m39s      3m36s      -3s  ✅  Ruth 1
02:32:02 BLOC_A_SERIE_DU_JOUR              4m14s      4m11s      -3s  ✅  Ruth 2
02:36:13 BLOC_A_SERIE_DU_JOUR              3m00s      2m58s      -2s  ✅  Ruth 3
02:39:11 BLOC_A_SERIE_DU_JOUR              3m43s      3m41s      -2s  ✅  Ruth 4
02:42:52 BLOC_A_SERIE_DU_JOUR              2m43s      2m40s      -3s  ✅  Aggée 1
02:45:32 BLOC_A_SERIE_DU_JOUR              3m58s      3m56s      -2s  ✅  Aggée 2
02:49:28 BLOC_A_SERIE_DU_JOUR              5m23s      5m20s      -3s  ✅  Actes 17
02:54:48 BLOC_A_SERIE_DU_JOUR              4m15s      4m13s      -2s  ✅  Actes 18
02:59:01 BLOC_A_SERIE_DU_JOUR              0m13s      0m13s      +0s  ✅  jingle avant louange 07 voici un temps de louange
02:59:14 BLOC_A_SERIE_DU_JOUR              8m21s      8m18s      -3s  ✅  My Heart Rejoices - Toronto HF
03:07:32 BLOC_A_SERIE_DU_JOUR              5m52s      5m49s      -3s  ✅  Where Two or Three are Gathered - Calabar HF
03:13:21 BLOC_A_SERIE_DU_JOUR             11m53s     11m51s      -2s  ✅  Hashem - PHF
03:25:12 BLOC_A_SERIE_DU_JOUR              6m06s      6m04s      -2s  ✅  cantique  ta bonte
03:31:16 BLOC_A_SERIE_DU_JOUR              4m21s      4m18s      -3s  ✅  Sing Hallelujah - Abuja HF
03:35:34 BLOC_A_SERIE_DU_JOUR              5m57s      5m54s      -3s  ✅  You are God - Winnipeg Fellowship
03:41:28 BLOC_A_SERIE_DU_JOUR              6m34s      6m31s      -3s  ✅  cantique  béni soit le dieu d israël
03:47:59 BLOC_A_SERIE_DU_JOUR              5m47s      5m45s      -2s  ✅  We Ascribe Greatness - Abuja HF
03:53:44 BLOC_A_SERIE_DU_JOUR              5m22s      5m19s      -3s  ✅  God's Got An Army - PHF
03:59:03 BLOC_A_SERIE_DU_JOUR              0m10s      0m11s      +1s  ✅  jingle avant bible 06 ouvrons les saintes ecritures
03:59:14 BLOC_A_SERIE_DU_JOUR              4m41s      4m39s      -2s  ✅  1 Corinthiens 12
04:03:53 BLOC_A_SERIE_DU_JOUR              2m38s      2m35s      -3s  ✅  1 Corinthiens 13
04:06:28 BLOC_A_SERIE_DU_JOUR              6m31s      6m28s      -3s  ✅  1 Corinthiens 14
04:12:56 BLOC_A_SERIE_DU_JOUR              8m34s      8m32s      -2s  ✅  1 Corinthiens 15
04:21:28 BLOC_A_SERIE_DU_JOUR              3m07s      3m05s      -2s  ✅  1 Corinthiens 16
04:24:33 BLOC_A_SERIE_DU_JOUR              3m26s      3m23s      -3s  ✅  Abdias 1
04:27:56 BLOC_A_SERIE_DU_JOUR              2m16s      2m14s      -2s  ✅  Hébreux 1
04:30:10 BLOC_A_SERIE_DU_JOUR              3m13s      3m10s      -3s  ✅  Hébreux 2
04:33:20 BLOC_A_SERIE_DU_JOUR              2m48s      2m45s      -3s  ✅  Hébreux 3
04:36:05 BLOC_A_SERIE_DU_JOUR              2m45s      2m43s      -2s  ✅  Hébreux 4
04:38:48 BLOC_A_SERIE_DU_JOUR              2m17s      2m14s      -3s  ✅  Hébreux 5
04:41:02 BLOC_A_SERIE_DU_JOUR              0m11s      0m11s      +0s  ✅  jingle avant louange 05 elevons nos coeurs vers dieu
04:41:13 BLOC_A_SERIE_DU_JOUR              9m31s      9m28s      -3s  ✅  15 at 01.33.50 (1)(1)
04:50:41 BLOC_A_SERIE_DU_JOUR              3m10s      3m07s      -3s  ✅  la Parole
04:53:48 BLOC_A_SERIE_DU_JOUR              6m02s      5m59s      -3s  ✅  Crown Him Lord of Lords - Nonso Njoku
04:59:47 BLOC_A_SERIE_DU_JOUR              4m13s      4m11s      -2s  ✅  4 minutes
05:03:58 BLOC_A_SERIE_DU_JOUR              8m22s      8m19s      -3s  ✅  Yeshua Hamashiach - Calabar HF
05:12:17 BLOC_A_SERIE_DU_JOUR              4m53s      4m51s      -2s  ✅  Cantique Jahweh, Tu es élevé au dessus de tout (1)
05:17:08 BLOC_A_SERIE_DU_JOUR              4m08s      4m05s      -3s  ✅  I Choose the Way of the Lord - Abuja HF
05:21:13 BLOC_A_SERIE_DU_JOUR              5m50s      5m47s      -3s  ✅  Jesus I'm Waiting for You (Mary Umoh)
05:27:00 BLOC_A_SERIE_DU_JOUR              7m17s      7m15s      -2s  ✅  cantique  tes promesses  pub direct dec 2021 import (2)
05:34:15 BLOC_A_SERIE_DU_JOUR              6m04s      6m01s      -3s  ✅  Sing Unto the Lord a new Song  - Winnipeg Fellowship
05:40:16 BLOC_A_SERIE_DU_JOUR              0m09s      0m10s      +1s  ✅  jingle id station 02 radio evangile du royaume
05:40:26 BLOC_A_SERIE_DU_JOUR              2m43s      2m41s      -2s  ✅  Tite 1
05:43:07 BLOC_A_SERIE_DU_JOUR              2m10s      2m08s      -2s  ✅  Tite 2
05:45:15 BLOC_A_SERIE_DU_JOUR              2m22s      2m19s      -3s  ✅  Tite 3
05:47:34 BLOC_A_SERIE_DU_JOUR              3m13s      3m11s      -2s  ✅  Genèse 33
05:50:45 BLOC_A_SERIE_DU_JOUR              4m59s      4m56s      -3s  ✅  Genèse 34
05:55:41 BLOC_A_SERIE_DU_JOUR              4m50s      4m47s      -3s  ✅  Genèse 35
06:00:28 BLOC_B_SERIE_DU_JOUR              0m11s      0m11s      +0s  ✅  jingle avant message 05 vous etes a lecoute de levangile du royaume
06:00:39 BLOC_B_SERIE_DU_JOUR             26m00s     25m58s      -2s  ✅  la moisson 2 adé
06:26:37 BLOC_B_SERIE_DU_JOUR              0m13s      0m13s      +0s  ✅  jingle avant bible 07 place a la lecture de la bible
06:26:50 BLOC_B_SERIE_DU_JOUR              3m26s      3m25s      -1s  ✅  Éphésiens 1
06:30:15 BLOC_B_SERIE_DU_JOUR              3m16s      3m13s      -3s  ✅  Éphésiens 2
06:33:28 BLOC_B_SERIE_DU_JOUR              2m56s      2m53s      -3s  ✅  Éphésiens 3
06:36:21 BLOC_B_SERIE_DU_JOUR              4m53s      4m51s      -2s  ✅  Éphésiens 4
06:41:12 BLOC_B_SERIE_DU_JOUR              4m12s      4m10s      -2s  ✅  Éphésiens 5
06:45:22 BLOC_B_SERIE_DU_JOUR              3m21s      3m18s      -3s  ✅  Éphésiens 6
06:48:40 BLOC_B_SERIE_DU_JOUR              2m56s      2m54s      -2s  ✅  Sophonie 1
06:51:34 BLOC_B_SERIE_DU_JOUR              2m46s      2m43s      -3s  ✅  Sophonie 2
06:54:17 BLOC_B_SERIE_DU_JOUR              3m46s      3m44s      -2s  ✅  Sophonie 3
06:58:01 BLOC_B_SERIE_DU_JOUR              2m59s      2m56s      -3s  ✅  2 Timothée 1
07:00:57 BLOC_B_SERIE_DU_JOUR              3m52s      3m50s      -2s  ✅  2 Timothée 2
07:04:47 BLOC_B_SERIE_DU_JOUR              2m37s      2m34s      -3s  ✅  2 Timothée 3
07:07:21 BLOC_B_SERIE_DU_JOUR              3m09s      3m07s      -2s  ✅  2 Timothée 4
07:10:28 BLOC_B_SERIE_DU_JOUR              3m36s      3m33s      -3s  ✅  Daniel 1
07:14:01 BLOC_B_SERIE_DU_JOUR              9m09s      9m06s      -3s  ✅  Daniel 2
07:23:07 BLOC_B_SERIE_DU_JOUR              0m13s      0m13s      +0s  ✅  jingle avant louange 07 voici un temps de louange
07:23:20 BLOC_B_SERIE_DU_JOUR              4m14s      4m12s      -2s  ✅  Mon modèle, c est Jésus
07:27:32 BLOC_B_SERIE_DU_JOUR             11m54s     11m51s      -3s  ✅  Great & Marvelluos - Toronto HF
07:39:23 BLOC_B_SERIE_DU_JOUR              4m03s      4m01s      -2s  ✅  I Will Not Be Silent - Calabar HF
07:43:24 BLOC_B_SERIE_DU_JOUR              3m24s      3m21s      -3s  ✅  Cantique sa miséricorde
07:46:45 BLOC_B_SERIE_DU_JOUR              7m19s      7m16s      -3s  ✅  You Have sworn By Your Holiness - Chidera Bisong
07:54:01 BLOC_B_SERIE_DU_JOUR              3m19s      3m16s      -3s  ✅  Awaken My Heart
07:57:17 BLOC_B_SERIE_DU_JOUR              6m10s      6m07s      -3s  ✅  That I May Know Him - Toronto HF
08:03:24 BLOC_B_SERIE_DU_JOUR              5m08s      5m06s      -2s  ✅  He Has Given Me - PHF
08:08:30 BLOC_B_SERIE_DU_JOUR              6m09s      6m07s      -2s  ✅  Hymne des vainqueurs
08:14:37 BLOC_B_SERIE_DU_JOUR              4m04s      4m02s      -2s  ✅  Ascribe Greatness - PHF
08:18:39 BLOC_B_SERIE_DU_JOUR              0m10s      0m10s      +0s  ✅  jingle avant bible 06 ouvrons les saintes ecritures
08:18:49 BLOC_B_SERIE_DU_JOUR              2m54s      2m51s      -3s  ✅  Malachie 1
08:21:40 BLOC_B_SERIE_DU_JOUR              3m17s      3m14s      -3s  ✅  Malachie 2
08:24:54 BLOC_B_SERIE_DU_JOUR              3m22s      3m20s      -2s  ✅  Malachie 3
08:28:14 BLOC_B_SERIE_DU_JOUR              1m05s      1m02s      -3s  ✅  Malachie 4
08:29:16 BLOC_B_SERIE_DU_JOUR              2m30s      2m28s      -2s  ✅  Amos 8
08:31:44 BLOC_B_SERIE_DU_JOUR              2m56s      2m54s      -2s  ✅  Amos 9
08:34:38 BLOC_B_SERIE_DU_JOUR              7m21s      7m18s      -3s  ✅  Exode 9
08:41:56 BLOC_B_SERIE_DU_JOUR              6m39s      6m36s      -3s  ✅  Exode 10
08:48:32 BLOC_B_SERIE_DU_JOUR              0m11s      0m12s      +1s  ✅  jingle avant louange 05 elevons nos coeurs vers dieu
08:48:44 BLOC_B_SERIE_DU_JOUR              7m20s      7m17s      -3s  ✅  The Glory -  PHF
08:56:01 BLOC_B_SERIE_DU_JOUR              4m05s      4m03s      -2s  ✅  Song Of Victory - Emmanuel Igunbor
09:00:04 BLOC_B_SERIE_DU_JOUR              8m21s      8m19s      -2s  ✅  In the Day of Your Power  - Winnipeg Fellowship
09:08:23 BLOC_B_SERIE_DU_JOUR             10m47s     10m44s      -3s  ✅  Abba, Singing a, I Will Sing - Ketu HF
09:19:07 BLOC_B_SERIE_DU_JOUR             11m01s     10m58s      -3s  ✅  Great is, Ascribe - Ketu HF
09:30:05 BLOC_B_SERIE_DU_JOUR              5m04s      5m03s      -1s  ✅  I Enter The Holy of Holies - Port Harcourt HF
09:35:08 BLOC_B_SERIE_DU_JOUR              6m57s      6m54s      -3s  ✅  qui est digne d ouvrir le livre
09:42:02 BLOC_B_SERIE_DU_JOUR              4m48s      4m46s      -2s  ✅  Yeshua I'm Waiting for You  - Ketu HF
09:46:48 BLOC_B_SERIE_DU_JOUR              0m09s      0m09s      +0s  ✅  jingle avant bible 08 prenons un moment pour ecouter la parole
09:46:57 BLOC_B_SERIE_DU_JOUR              5m43s      5m41s      -2s  ✅  1 Rois 15
09:52:38 BLOC_B_SERIE_DU_JOUR              6m13s      6m10s      -3s  ✅  1 Rois 16
09:58:48 BLOC_B_SERIE_DU_JOUR              4m12s      4m09s      -3s  ✅  1 Rois 17
10:02:57 BLOC_B_SERIE_DU_JOUR              8m27s      8m25s      -2s  ✅  1 Rois 18
10:11:22 BLOC_B_SERIE_DU_JOUR              4m43s      4m40s      -3s  ✅  1 Rois 19
10:16:02 BLOC_B_SERIE_DU_JOUR              8m21s      8m19s      -2s  ✅  1 Rois 20
10:24:21 BLOC_B_SERIE_DU_JOUR              5m25s      5m23s      -2s  ✅  1 Rois 21
10:29:44 BLOC_B_SERIE_DU_JOUR              0m10s      0m10s      +0s  ✅  jingle avant louange 06 que la louange seleve
10:29:54 BLOC_B_SERIE_DU_JOUR              8m30s      8m28s      -2s  ✅  We Worship Adonai - PHF
10:38:22 BLOC_B_SERIE_DU_JOUR              6m54s      6m52s      -2s  ✅  There is no Lie (Imah Adegoke & Mary Umoh)
10:45:14 BLOC_B_SERIE_DU_JOUR              3m41s      3m39s      -2s  ✅  Adorons l'Éternel GAEL - JÉSUS EST SEIGNEUR -
10:48:53 BLOC_B_SERIE_DU_JOUR              7m09s      7m07s      -2s  ✅  You're the Lamb (Abasiama Timothy)
10:56:00 BLOC_B_SERIE_DU_JOUR              8m24s      8m21s      -3s  ✅  Bless Ye the Lord - PHF
11:04:21 BLOC_B_SERIE_DU_JOUR              8m31s      8m29s      -2s  ✅  Holy Holy - Abuja HF
11:12:50 BLOC_B_SERIE_DU_JOUR              8m18s      8m15s      -3s  ✅  Yahweh Is Mighty - SWBN TV
11:21:05 BLOC_B_SERIE_DU_JOUR              3m12s      3m10s      -2s  ✅  esprit de dieu
11:24:15 BLOC_B_SERIE_DU_JOUR              6m28s      6m25s      -3s  ✅  Le Bien-Etre Universel
11:30:40 BLOC_B_SERIE_DU_JOUR              0m12s      0m12s      +0s  ✅  jingle id station 03 notre mission annonce levangile
11:30:52 BLOC_B_SERIE_DU_JOUR              1m40s      1m38s      -2s  ✅  1 Jean 1
11:32:30 BLOC_B_SERIE_DU_JOUR              4m39s      4m36s      -3s  ✅  1 Jean 2
11:37:06 BLOC_B_SERIE_DU_JOUR              3m34s      3m32s      -2s  ✅  1 Jean 3
11:40:38 BLOC_B_SERIE_DU_JOUR              3m16s      3m13s      -3s  ✅  1 Jean 4
11:43:51 BLOC_B_SERIE_DU_JOUR              3m11s      3m09s      -2s  ✅  1 Jean 5
11:47:00 BLOC_B_SERIE_DU_JOUR              4m02s      4m00s      -2s  ✅  Esther 1
11:51:00 BLOC_B_SERIE_DU_JOUR              0m09s      0m09s      +0s  ✅  jingle id station 01 la bonne nouvelle partout
11:51:09 BLOC_B_SERIE_DU_JOUR              5m28s      5m26s      -2s  ✅  même humilié
11:56:35 BLOC_B_SERIE_DU_JOUR              5m19s      5m16s      -3s  ✅  Gabrielle LIDJI - Mélodie Céleste  by LFXA(Light FX Animation)_2
12:01:51 BLOC_C_SERIE_DU_JOUR              0m11s      0m12s      +1s  ✅  jingle avant message 05 vous etes a lecoute de levangile du royaume
12:02:03 BLOC_C_SERIE_DU_JOUR             26m00s     25m58s      -2s  ✅  la moisson 2 adé
12:28:01 BLOC_C_SERIE_DU_JOUR              0m09s      0m09s      +0s  ✅  jingle avant bible 08 prenons un moment pour ecouter la parole
12:28:10 BLOC_C_SERIE_DU_JOUR              2m48s      2m46s      -2s  ✅  Juges 10
12:30:56 BLOC_C_SERIE_DU_JOUR              7m02s      6m59s      -3s  ✅  Juges 11
12:37:55 BLOC_C_SERIE_DU_JOUR              2m37s      2m35s      -2s  ✅  Juges 12
12:40:30 BLOC_C_SERIE_DU_JOUR              4m10s      4m07s      -3s  ✅  Juges 13
12:44:37 BLOC_C_SERIE_DU_JOUR              3m58s      3m56s      -2s  ✅  Juges 14
12:48:33 BLOC_C_SERIE_DU_JOUR              3m38s      3m36s      -2s  ✅  Juges 15
12:52:09 BLOC_C_SERIE_DU_JOUR              6m30s      6m27s      -3s  ✅  Juges 16
12:58:36 BLOC_C_SERIE_DU_JOUR              2m15s      2m12s      -3s  ✅  Juges 17
13:00:48 BLOC_C_SERIE_DU_JOUR              5m44s      5m42s      -2s  ✅  Juges 18
13:06:30 BLOC_C_SERIE_DU_JOUR              6m04s      6m01s      -3s  ✅  Juges 19
13:12:31 BLOC_C_SERIE_DU_JOUR              7m49s      7m46s      -3s  ✅  Juges 20
13:20:17 BLOC_C_SERIE_DU_JOUR              4m02s      4m00s      -2s  ✅  Juges 21
13:24:17 BLOC_C_SERIE_DU_JOUR              0m10s      0m10s      +0s  ✅  jingle avant louange 06 que la louange seleve
13:24:27 BLOC_C_SERIE_DU_JOUR              7m46s      7m44s      -2s  ✅  Arise Out of Zion  - Winnipeg Fellowship
13:32:11 BLOC_C_SERIE_DU_JOUR              3m22s      3m20s      -2s  ✅  Ses cheveux étaient blancs..
13:35:31 BLOC_C_SERIE_DU_JOUR              7m25s      7m22s      -3s  ✅  Victorious Is the Lamb - Winnipeg Fellowship
13:42:53 BLOC_C_SERIE_DU_JOUR              6m07s      6m05s      -2s  ✅  There Is Forgiveness In Thee - SWBN TV
13:48:58 BLOC_C_SERIE_DU_JOUR              4m20s      4m18s      -2s  ✅  There's A Mighty River Flowing - SWBN TV
13:53:16 BLOC_C_SERIE_DU_JOUR              5m10s      5m07s      -3s  ✅  Igwe
13:58:23 BLOC_C_SERIE_DU_JOUR              5m18s      5m16s      -2s  ✅  Now is Come Salvation - Toronto HF
14:03:39 BLOC_C_SERIE_DU_JOUR              6m02s      6m00s      -2s  ✅  Satisfy My Soul - Calabar HF
14:09:39 BLOC_C_SERIE_DU_JOUR              9m23s      9m21s      -2s  ✅  Thou art Worthy Lord - PHF
14:19:00 BLOC_C_SERIE_DU_JOUR              7m09s      7m07s      -2s  ✅  My God Is Good - Winnipeg Fellowship
14:26:07 BLOC_C_SERIE_DU_JOUR              0m13s      0m13s      +0s  ✅  jingle avant bible 07 place a la lecture de la bible
14:26:20 BLOC_C_SERIE_DU_JOUR              3m06s      3m03s      -3s  ✅  2 Chroniques 8
14:29:23 BLOC_C_SERIE_DU_JOUR              4m59s      4m57s      -2s  ✅  2 Chroniques 9
14:34:20 BLOC_C_SERIE_DU_JOUR              3m16s      3m13s      -3s  ✅  2 Chroniques 10
14:37:33 BLOC_C_SERIE_DU_JOUR              3m21s      3m19s      -2s  ✅  2 Chroniques 11
14:40:52 BLOC_C_SERIE_DU_JOUR              2m54s      2m52s      -2s  ✅  2 Chroniques 12
14:43:44 BLOC_C_SERIE_DU_JOUR              3m48s      3m45s      -3s  ✅  2 Chroniques 13
14:47:29 BLOC_C_SERIE_DU_JOUR              2m39s      2m37s      -2s  ✅  2 Chroniques 14
14:50:06 BLOC_C_SERIE_DU_JOUR              2m51s      2m48s      -3s  ✅  2 Chroniques 15
14:52:54 BLOC_C_SERIE_DU_JOUR              2m43s      2m40s      -3s  ✅  2 Chroniques 16
14:55:34 BLOC_C_SERIE_DU_JOUR              0m13s      0m14s      +1s  ✅  jingle avant louange 07 voici un temps de louange
14:55:48 BLOC_C_SERIE_DU_JOUR              4m40s      4m37s      -3s  ✅  All in All - CHF
15:00:25 BLOC_C_SERIE_DU_JOUR              9m23s      9m21s      -2s  ✅  10 minutes
15:09:46 BLOC_C_SERIE_DU_JOUR              5m04s      5m02s      -2s  ✅  Guide Me - El ELyon - Abuja HF
15:14:48 BLOC_C_SERIE_DU_JOUR              7m21s      7m18s      -3s  ✅  For By My God - Toronto & Winnipeg HF
15:22:06 BLOC_C_SERIE_DU_JOUR              7m51s      7m48s      -3s  ✅  There is no name  - Winnipeg Fellowship
15:29:54 BLOC_C_SERIE_DU_JOUR              8m41s      8m39s      -2s  ✅  Unto Him (Vincent Opara)
15:38:33 BLOC_C_SERIE_DU_JOUR              6m06s      6m03s      -3s  ✅  Good God - Asaba Fellowship
15:44:36 BLOC_C_SERIE_DU_JOUR              4m52s      4m50s      -2s  ✅  cantique   prends tout le contrôle
15:49:26 BLOC_C_SERIE_DU_JOUR              5m33s      5m30s      -3s  ✅  He Shall Feed His Flock - I Want to walk  - Ketu HF
15:54:56 BLOC_C_SERIE_DU_JOUR              0m10s      0m11s      +1s  ✅  jingle avant bible 06 ouvrons les saintes ecritures
15:55:07 BLOC_C_SERIE_DU_JOUR              1m49s      1m47s      -2s  ✅  1 Thessaloniciens 1
15:56:54 BLOC_C_SERIE_DU_JOUR              3m29s      3m26s      -3s  ✅  1 Thessaloniciens 2
16:00:20 BLOC_C_SERIE_DU_JOUR              2m13s      2m10s      -3s  ✅  1 Thessaloniciens 3
16:02:30 BLOC_C_SERIE_DU_JOUR              3m03s      3m01s      -2s  ✅  1 Thessaloniciens 4
16:05:31 BLOC_C_SERIE_DU_JOUR              3m04s      3m01s      -3s  ✅  1 Thessaloniciens 5
16:08:32 BLOC_C_SERIE_DU_JOUR              4m37s      4m35s      -2s  ✅  Jérémie 9
16:13:07 BLOC_C_SERIE_DU_JOUR              3m54s      3m52s      -2s  ✅  Jérémie 10
16:16:59 BLOC_C_SERIE_DU_JOUR              4m11s      4m09s      -2s  ✅  Jérémie 11
16:21:08 BLOC_C_SERIE_DU_JOUR              3m15s      3m12s      -3s  ✅  Jérémie 12
16:24:20 BLOC_C_SERIE_DU_JOUR              4m35s      4m33s      -2s  ✅  Jérémie 13
16:28:53 BLOC_C_SERIE_DU_JOUR              4m22s      4m20s      -2s  ✅  Jérémie 14
16:33:13 BLOC_C_SERIE_DU_JOUR              4m05s      4m03s      -2s  ✅  Jérémie 15
16:37:16 BLOC_C_SERIE_DU_JOUR              0m11s      0m11s      +0s  ✅  jingle avant louange 05 elevons nos coeurs vers dieu
16:37:27 BLOC_C_SERIE_DU_JOUR              2m16s      2m13s      -3s  ✅  cantique  nous sommes le sel de la terre
16:39:40 BLOC_C_SERIE_DU_JOUR              6m15s      6m13s      -2s  ✅  Oh Lord I Want to Know Your Glory - Port Harcourt HF
16:45:53 BLOC_C_SERIE_DU_JOUR              6m59s      6m56s      -3s  ✅  Hosanna - Toronto HF
16:52:49 BLOC_C_SERIE_DU_JOUR              4m33s      4m31s      -2s  ✅  God is Building - Will You Be - Ketu HF
16:57:20 BLOC_C_SERIE_DU_JOUR              2m20s      2m17s      -3s  ✅  cantique  heureux l homme qui ne marche pas selon
16:59:37 BLOC_C_SERIE_DU_JOUR              5m07s      5m04s      -3s  ✅  We Shall Come - Asaba Fellowship
17:04:41 BLOC_C_SERIE_DU_JOUR              8m25s      8m22s      -3s  ✅  The Mountains, Come and, Oh City - Ketu HF
17:13:03 BLOC_C_SERIE_DU_JOUR              9m38s      9m36s      -2s  ✅  Holy are You oh Lord (Olaedo Uzoma & Vincent Opara)
17:22:39 BLOC_C_SERIE_DU_JOUR              3m04s      3m01s      -3s  ✅  The Lord is my Light and Salvation - Nonso Njoku
17:25:40 BLOC_C_SERIE_DU_JOUR              8m10s      8m08s      -2s  ✅  Agunechemba - SWBN TV
17:33:48 BLOC_C_SERIE_DU_JOUR              0m09s      0m09s      +0s  ✅  jingle id station 02 radio evangile du royaume
17:33:57 BLOC_C_SERIE_DU_JOUR              1m34s      1m33s      -1s  ✅  Ecclésiaste 11
17:35:30 BLOC_C_SERIE_DU_JOUR              2m16s      2m13s      -3s  ✅  Ecclésiaste 12
17:37:43 BLOC_C_SERIE_DU_JOUR              5m09s      5m06s      -3s  ✅  Lamentations 1
17:42:49 BLOC_C_SERIE_DU_JOUR              5m15s      5m13s      -2s  ✅  Lamentations 2
17:48:02 BLOC_C_SERIE_DU_JOUR              6m02s      5m59s      -3s  ✅  Lamentations 3
17:54:01 BLOC_C_SERIE_DU_JOUR              0m09s      0m10s      +1s  ✅  JINGLE
17:54:11 BLOC_C_SERIE_DU_JOUR              8m58s      8m55s      -3s  ✅  El Elyon - Toronto & Winnipeg HF
18:03:06 BLOC_D_SERIE_DU_JOUR              0m09s      0m09s      +0s  ✅  jingle avant message 03 vous ecoutez parole prophetique fm
18:03:15 BLOC_D_SERIE_DU_JOUR             26m00s     25m58s      -2s  ✅  la moisson 2 adé
18:29:13 BLOC_D_SERIE_DU_JOUR              0m10s      0m11s      +1s  ✅  jingle avant bible 06 ouvrons les saintes ecritures
18:29:24 BLOC_D_SERIE_DU_JOUR              4m45s      4m42s      -3s  ✅  Romains 1
18:34:06 BLOC_D_SERIE_DU_JOUR              3m58s      3m56s      -2s  ✅  Romains 2
18:38:02 BLOC_D_SERIE_DU_JOUR              4m06s      4m03s      -3s  ✅  Romains 3
18:42:05 BLOC_D_SERIE_DU_JOUR              3m39s      3m36s      -3s  ✅  Romains 4
18:45:41 BLOC_D_SERIE_DU_JOUR              3m34s      3m32s      -2s  ✅  Romains 5
18:49:13 BLOC_D_SERIE_DU_JOUR              3m15s      3m13s      -2s  ✅  Romains 6
18:52:26 BLOC_D_SERIE_DU_JOUR              3m46s      3m43s      -3s  ✅  Romains 7
18:56:09 BLOC_D_SERIE_DU_JOUR              5m42s      5m40s      -2s  ✅  Romains 8
19:01:49 BLOC_D_SERIE_DU_JOUR              4m40s      4m37s      -3s  ✅  Romains 9
19:06:26 BLOC_D_SERIE_DU_JOUR              3m06s      3m04s      -2s  ✅  Romains 10
19:09:30 BLOC_D_SERIE_DU_JOUR              5m37s      5m34s      -3s  ✅  Romains 11
19:15:04 BLOC_D_SERIE_DU_JOUR              3m06s      3m03s      -3s  ✅  Romains 12
19:18:07 BLOC_D_SERIE_DU_JOUR              2m36s      2m33s      -3s  ✅  Romains 13
19:20:40 BLOC_D_SERIE_DU_JOUR              0m10s      0m11s      +1s  ✅  jingle avant louange 06 que la louange seleve
19:20:51 BLOC_D_SERIE_DU_JOUR              8m10s      8m07s      -3s  ✅  Great and Marvellous - Ketu HF
19:28:58 BLOC_D_SERIE_DU_JOUR              6m30s      6m28s      -2s  ✅  Praise the Lord of Host - Toronto HF
19:35:26 BLOC_D_SERIE_DU_JOUR              9m14s      9m12s      -2s  ✅  A jamais, tu seras l Agneau de Dieu
19:44:38 BLOC_D_SERIE_DU_JOUR              5m52s      5m50s      -2s  ✅  Not Naked (Abasiama Timothy)
19:50:28 BLOC_D_SERIE_DU_JOUR             10m38s     10m36s      -2s  ✅  Be Exalted - PHF
20:01:04 BLOC_D_SERIE_DU_JOUR              5m58s      5m55s      -3s  ✅  In Jesus - PHF
20:06:59 BLOC_D_SERIE_DU_JOUR              5m45s      5m42s      -3s  ✅  Ella Samuels - Oh Lord Our Maker
20:12:41 BLOC_D_SERIE_DU_JOUR              0m13s      0m13s      +0s  ✅  jingle avant bible 07 place a la lecture de la bible
20:12:54 BLOC_D_SERIE_DU_JOUR              2m53s      2m51s      -2s  ✅  Josué 14
20:15:45 BLOC_D_SERIE_DU_JOUR              7m07s      7m04s      -3s  ✅  Josué 15
20:22:49 BLOC_D_SERIE_DU_JOUR              1m34s      1m31s      -3s  ✅  Josué 16
20:24:20 BLOC_D_SERIE_DU_JOUR              3m51s      3m49s      -2s  ✅  Josué 17
20:28:09 BLOC_D_SERIE_DU_JOUR              4m41s      4m38s      -3s  ✅  Josué 18
20:32:47 BLOC_D_SERIE_DU_JOUR              6m21s      6m18s      -3s  ✅  Josué 19
20:39:05 BLOC_D_SERIE_DU_JOUR              0m13s      0m14s      +1s  ✅  jingle avant louange 07 voici un temps de louange
20:39:19 BLOC_D_SERIE_DU_JOUR              6m19s      6m17s      -2s  ✅  Unto Him - CHF
20:45:36 BLOC_D_SERIE_DU_JOUR              6m57s      6m54s      -3s  ✅  The Lord on High is Mightier - Toronto HF
20:52:30 BLOC_D_SERIE_DU_JOUR              6m56s      6m53s      -3s  ✅  As We Worship In Ypur Presence
20:59:23 BLOC_D_SERIE_DU_JOUR              4m11s      4m08s      -3s  ✅  jai donné ma vie à jésus (1)
21:03:31 BLOC_D_SERIE_DU_JOUR              6m12s      6m10s      -2s  ✅  The King is Here (Abasiama Timothy)
21:09:41 BLOC_D_SERIE_DU_JOUR              5m21s      5m19s      -2s  ✅  By the word of the lord - Ketu HF
21:15:00 BLOC_D_SERIE_DU_JOUR              5m45s      5m42s      -3s  ✅  How Precious Oh Lord
21:20:42 BLOC_D_SERIE_DU_JOUR              7m09s      7m07s      -2s  ✅  There is A Mighty River Flowing - Ketu HF
21:27:49 BLOC_D_SERIE_DU_JOUR              4m11s      4m08s      -3s  ✅  Cantique   Oh Éternel Dieu, Tu es le Dieu Incomparable
21:31:57 BLOC_D_SERIE_DU_JOUR              0m09s      0m10s      +1s  ✅  jingle avant bible 08 prenons un moment pour ecouter la parole
21:32:07 BLOC_D_SERIE_DU_JOUR              3m34s      3m31s      -3s  ✅  Zacharie 1
21:35:38 BLOC_D_SERIE_DU_JOUR              1m51s      1m49s      -2s  ✅  Zacharie 2
21:37:27 BLOC_D_SERIE_DU_JOUR              1m46s      1m44s      -2s  ✅  Zacharie 3
21:39:11 BLOC_D_SERIE_DU_JOUR              2m06s      2m03s      -3s  ✅  Zacharie 4
21:41:14 BLOC_D_SERIE_DU_JOUR              1m38s      1m36s      -2s  ✅  Zacharie 5
21:42:50 BLOC_D_SERIE_DU_JOUR              2m22s      2m20s      -2s  ✅  Zacharie 6
21:45:10 BLOC_D_SERIE_DU_JOUR              2m07s      2m03s      -4s  ✅  Zacharie 7
21:47:13 BLOC_D_SERIE_DU_JOUR              3m51s      3m49s      -2s  ✅  Zacharie 8
21:51:02 BLOC_D_SERIE_DU_JOUR              3m12s      3m10s      -2s  ✅  Zacharie 9
21:54:12 BLOC_D_SERIE_DU_JOUR              2m13s      2m10s      -3s  ✅  Zacharie 10
21:56:22 BLOC_D_SERIE_DU_JOUR              2m53s      2m51s      -2s  ✅  Zacharie 11
21:59:13 BLOC_D_SERIE_DU_JOUR              2m38s      2m35s      -3s  ✅  Zacharie 12
22:01:48 BLOC_D_SERIE_DU_JOUR              1m43s      1m41s      -2s  ✅  Zacharie 13
22:03:29 BLOC_D_SERIE_DU_JOUR              4m06s      4m03s      -3s  ✅  Zacharie 14
22:07:32 BLOC_D_SERIE_DU_JOUR              2m21s      2m19s      -2s  ✅  Nahum 1
22:09:51 BLOC_D_SERIE_DU_JOUR              0m11s      0m11s      +0s  ✅  jingle avant louange 05 elevons nos coeurs vers dieu
22:10:02 BLOC_D_SERIE_DU_JOUR              7m36s      7m33s      -3s  ✅  There Is No Lie - SWBN TV
22:17:35 BLOC_D_SERIE_DU_JOUR              6m02s      6m00s      -2s  ✅  Rejoice - PHF
22:23:35 BLOC_D_SERIE_DU_JOUR              4m52s      4m50s      -2s  ✅  God is Moving Us On - Ketu HF
22:28:25 BLOC_D_SERIE_DU_JOUR              7m04s      7m01s      -3s  ✅  We Bless You Wonderful God  - Winnipeg Fellowship
22:35:26 BLOC_D_SERIE_DU_JOUR             10m24s     10m22s      -2s  ✅  Shine in Darkness O Lord  - Winnipeg Fellowship
22:45:48 BLOC_D_SERIE_DU_JOUR              7m37s      7m34s      -3s  ✅  Cantiques  Il a pris mes iniquités
22:53:22 BLOC_D_SERIE_DU_JOUR              8m12s      8m09s      -3s  ✅  Jesus is Alpha - PHF
23:01:31 BLOC_D_SERIE_DU_JOUR              0m09s      0m10s      +1s  ✅  JINGLE
23:01:41 BLOC_D_SERIE_DU_JOUR              3m17s      3m15s      -2s  ✅  Galates 1
23:04:56 BLOC_D_SERIE_DU_JOUR              4m08s      4m06s      -2s  ✅  Galates 2
23:09:02 BLOC_D_SERIE_DU_JOUR              4m50s      4m47s      -3s  ✅  Galates 3
23:13:49 BLOC_D_SERIE_DU_JOUR              4m30s      4m27s      -3s  ✅  Galates 4
23:18:16 BLOC_D_SERIE_DU_JOUR              4m04s      4m02s      -2s  ✅  Galates 5
23:22:18 BLOC_D_SERIE_DU_JOUR              0m09s      0m10s      +1s  ✅  jingle id station 02 radio evangile du royaume
23:22:28 BLOC_D_SERIE_DU_JOUR              5m13s      5m11s      -2s  ✅  Il s'appelait Emmanuel - Marcel Boungou + Paroles
23:27:39 BLOC_D_SERIE_DU_JOUR             10m13s     10m10s      -3s  ✅  As We Worship - Toronto & Winnipeg HF
23:37:49 BLOC_E_LOUANGE_NUIT               3m24s      3m21s      -3s  ✅  Cantique sa miséricorde
23:41:10 BLOC_E_LOUANGE_NUIT               3m12s      3m10s      -2s  ✅  esprit de dieu
23:44:20 BLOC_E_LOUANGE_NUIT               2m16s      2m13s      -3s  ✅  cantique  nous sommes le sel de la terre
23:46:33 BLOC_E_LOUANGE_NUIT               5m45s      5m42s      -3s  ✅  Ella Samuels - Oh Lord Our Maker
23:52:15 BLOC_E_LOUANGE_NUIT               6m57s      6m55s      -2s  ✅  qui est digne d ouvrir le livre
23:59:10 015_REMPLISSAGE                   0m09s      0m10s      +1s  ✅  JINGLE
23:59:20 015_REMPLISSAGE                   0m41s      0m38s      -3s  ✅  Psaumes 70
23:59:58 015_REMPLISSAGE                   0m10s      0m12s      +2s  ✅  jingle avant bible 06 ouvrons les saintes ecritures
----------------------------------------------------------------------------------------------------
Bilan : 309 titres, 1 anomalie(s) (titre coupé de plus de 10s ou trou d'antenne). Gravité : 0 mineure(s) <1min · 1 sérieuse(s) 1-10min · 0 critique(s) >10min.

====================================================================================================
CONTRÔLES APPROFONDIS
====================================================================================================
MESSAGE DU JOUR « La moisson 2 » : 4 diffusion(s) pour 4 prévue(s) ✅
   00:02:40  (étiquette BLOC_A_SERIE_DU_JOUR)
   06:00:39  (étiquette BLOC_B_SERIE_DU_JOUR)
   12:02:03  (étiquette BLOC_C_SERIE_DU_JOUR)
   18:03:15  (étiquette BLOC_D_SERIE_DU_JOUR)
JINGLES : 34 joués / 36 prévus (94%) ⚠️   ·   BLOC_A 7/9 · BLOC_B 9/9 · BLOC_C 9/9 · BLOC_D 9/9
HORS FENÊTRE : aucun débordement de bloc détecté ✅
BOUCHE-TROUS : aucun ✅
COUVERTURE : premier titre à 00:00:43 ✅ · dernier titre finit vers 00:00:08 (estimé) ✅

====================================================================================================
RÉEL vs PRÉVU — ce qui a joué vs ce que le plan prévoyait
====================================================================================================
----------------------------------------------------------------------------------------------------
BLOC_A  (00:00-06:00)  prévus  78 · atteignables  73 · joués  74 · conformité  99% · sautés  1 · en trop  2
   ⏭️  PRÉVU NON JOUÉ : jingle avant bible 08 prenons un moment pour ecouter la parole
   ➕  JOUÉ NON PRÉVU : cantique  béni soit le dieu d israël · Psaumes 100
   ⏸️  FIN DE BLOC NON ATTEINTE (5 titres · ~25m50s) — marge anti-rebouclage au-delà de la fenêtre, normal : JINGLE · I Know The Blood - PHF · cantique   ta lumière · Holy is the Lord (Emmanuel Umoh) · Hallelujah - PHF
----------------------------------------------------------------------------------------------------
BLOC_B  (06:00-12:00)  prévus  77 · atteignables  75 · joués  75 · conformité 100% · sautés  0 · en trop  0
   ⏸️  FIN DE BLOC NON ATTEINTE (2 titres · ~19m49s) — marge anti-rebouclage au-delà de la fenêtre, normal : I See Your Face - Toronto HF · Holy Are You - PHF
----------------------------------------------------------------------------------------------------
BLOC_C  (12:00-18:00)  prévus  81 · atteignables  78 · joués  78 · conformité 100% · sautés  0 · en trop  0
   ⏸️  FIN DE BLOC NON ATTEINTE (3 titres · ~24m27s) — marge anti-rebouclage au-delà de la fenêtre, normal : He Has Given Me & Emmanuel You Joy Over Us (Medley) (Abasiama Timothy & Imah Adegoke) · Yahweh Be Praised - Abuja HF · Baruch Ha'ba B'Shem Adonai/Blessed Is He Who Comes in the Name of the Lord - Port Harcourt HF
----------------------------------------------------------------------------------------------------
BLOC_D  (18:00-23:30)  prévus  76 · atteignables  74 · joués  74 · conformité 100% · sautés  0 · en trop  0
   ⏸️  FIN DE BLOC NON ATTEINTE (2 titres · ~14m41s) — marge anti-rebouclage au-delà de la fenêtre, normal : A Song Of Love · Psalm 93 - Port Harcourt HF
----------------------------------------------------------------------------------------------------
CONFORMITÉ GLOBALE : 299/300 titres atteignables joués dans l'ordre = 100%  (2 titre(s) hors plan · 12 non atteint(s) en fin de bloc, marge normale)
