Rapport de diffusion — 2026-06-22 (heures UTC)
194 titres joués | tolérance ±10s
====================================================================================================
HEURE    PLAYLIST                     FICHIER          RÉEL    ÉCART  STATUT  TITRE
----------------------------------------------------------------------------------------------------
00:25:20 BLOC_A_SERIE_DU_JOUR              7m17s      7m15s      -2s  ✅  cantique  tes promesses  pub direct dec 2021 import (2)
00:32:35 BLOC_A_SERIE_DU_JOUR           1h13m29s   1h13m27s      -2s  ✅  nous faire part 4
01:46:02 BLOC_A_SERIE_DU_JOUR              2m56s      2m54s      -2s  ✅  Sophonie 1
01:48:56 BLOC_A_SERIE_DU_JOUR              2m46s      2m43s      -3s  ✅  Sophonie 2
01:51:39 BLOC_A_SERIE_DU_JOUR              3m46s      3m43s      -3s  ✅  Sophonie 3
01:55:22 BLOC_A_SERIE_DU_JOUR              3m36s      3m34s      -2s  ✅  Joël 3
01:58:56 BLOC_A_SERIE_DU_JOUR              5m40s      5m37s      -3s  ✅  Marc 1
02:04:33 BLOC_A_SERIE_DU_JOUR              4m21s      4m19s      -2s  ✅  Marc 2
02:08:52 BLOC_A_SERIE_DU_JOUR              4m15s      4m13s      -2s  ✅  Marc 3
02:13:05 BLOC_A_SERIE_DU_JOUR              5m27s      5m24s      -3s  ✅  Marc 4
02:18:29 BLOC_A_SERIE_DU_JOUR              5m38s      5m35s      -3s  ✅  Marc 5
02:24:04 BLOC_A_SERIE_DU_JOUR              7m58s      7m56s      -2s  ✅  Marc 6
02:32:00 BLOC_A_SERIE_DU_JOUR              4m56s      4m54s      -2s  ✅  Marc 7
02:36:54 BLOC_A_SERIE_DU_JOUR              8m12s      8m09s      -3s  ✅  Jesus is Alpha - PHF
02:45:03 BLOC_A_SERIE_DU_JOUR              5m45s      5m43s      -2s  ✅  Ézéchiel 33
02:50:46 BLOC_A_SERIE_DU_JOUR              5m22s      5m19s      -3s  ✅  Ézéchiel 34
02:56:05 BLOC_A_SERIE_DU_JOUR              2m14s      2m11s      -3s  ✅  Ézéchiel 35
02:58:16 BLOC_A_SERIE_DU_JOUR              6m24s      6m21s      -3s  ✅  Ézéchiel 36
03:04:37 BLOC_A_SERIE_DU_JOUR              5m03s      5m01s      -2s  ✅  Ézéchiel 37
03:09:38 BLOC_A_SERIE_DU_JOUR              4m08s      4m05s      -3s  ✅  I Choose the Way of the Lord - Abuja HF
03:13:43 BLOC_A_SERIE_DU_JOUR              7m36s      7m33s      -3s  ✅  There Is No Lie - SWBN TV
03:21:16 BLOC_A_SERIE_DU_JOUR              6m04s      6m01s      -3s  ✅  Juges 19
03:27:17 BLOC_A_SERIE_DU_JOUR              7m49s      7m47s      -2s  ✅  Juges 20
03:35:04 BLOC_A_SERIE_DU_JOUR              4m02s      3m59s      -3s  ✅  Juges 21
03:39:03 BLOC_A_SERIE_DU_JOUR              4m27s      4m25s      -2s  ✅  Jude 1
03:43:28 BLOC_A_SERIE_DU_JOUR              4m33s      4m30s      -3s  ✅  God is Building - Will You Be - Ketu HF
03:47:58 BLOC_A_SERIE_DU_JOUR              4m05s      4m03s      -2s  ✅  Song Of Victory - Emmanuel Igunbor
03:52:01 BLOC_A_SERIE_DU_JOUR              4m14s      4m12s      -2s  ✅  Mon modèle, c est Jésus
03:56:13 BLOC_A_SERIE_DU_JOUR              2m51s      2m49s      -2s  ✅  Ecclésiaste 8
03:59:02 BLOC_A_SERIE_DU_JOUR              3m14s      3m11s      -3s  ✅  Ecclésiaste 9
04:02:13 BLOC_A_SERIE_DU_JOUR              2m29s      2m27s      -2s  ✅  Ecclésiaste 10
04:04:40 BLOC_A_SERIE_DU_JOUR              1m34s      1m32s      -2s  ✅  Ecclésiaste 11
04:06:12 BLOC_A_SERIE_DU_JOUR              2m16s      2m13s      -3s  ✅  Ecclésiaste 12
04:08:25 BLOC_A_SERIE_DU_JOUR              5m24s      5m22s      -2s  ✅  Matthieu 22
04:13:47 BLOC_A_SERIE_DU_JOUR              6m41s      6m38s      -3s  ✅  6 minutes
04:20:25 BLOC_A_SERIE_DU_JOUR             10m35s     10m32s      -3s  ✅  Baruch Ha'ba B'Shem Adonai/Blessed Is He Who Comes in the Name of the Lord - Port Harcourt HF
04:30:57 BLOC_A_SERIE_DU_JOUR              6m59s      6m57s      -2s  ✅  Hosanna - Toronto HF
04:37:54 BLOC_A_SERIE_DU_JOUR              6m12s      6m09s      -3s  ✅  Praise the Lord All Ye Nations - Toronto HF
04:44:03 BLOC_A_SERIE_DU_JOUR              5m08s      5m07s      -1s  ✅  He Has Given Me - PHF
04:49:10 BLOC_A_SERIE_DU_JOUR              7m09s      7m06s      -3s  ✅  My God Is Good - Winnipeg Fellowship
04:56:16 BLOC_A_SERIE_DU_JOUR             10m24s     10m21s      -3s  ✅  Shine in Darkness O Lord  - Winnipeg Fellowship
05:06:37 BLOC_A_SERIE_DU_JOUR              6m06s      6m04s      -2s  ✅  Good God - Asaba Fellowship
05:12:41 BLOC_A_SERIE_DU_JOUR              2m20s      2m17s      -3s  ✅  cantique  heureux l homme qui ne marche pas selon
05:14:58 BLOC_A_SERIE_DU_JOUR              5m28s      5m26s      -2s  ✅  même humilié
05:20:24 BLOC_A_SERIE_DU_JOUR              2m30s      2m27s      -3s  ✅  Amos 2
05:22:51 BLOC_A_SERIE_DU_JOUR              2m19s      2m18s      -1s  ✅  Amos 3
05:25:09 BLOC_A_SERIE_DU_JOUR              2m40s      2m36s      -4s  ✅  Amos 1
05:27:45 BLOC_A_SERIE_DU_JOUR              2m44s      2m42s      -2s  ✅  Amos 4
05:30:27 BLOC_A_SERIE_DU_JOUR              4m01s      4m00s      -1s  ✅  Amos 5
05:34:27 BLOC_A_SERIE_DU_JOUR           1h13m29s   1h13m27s      -2s  ✅  nous faire part 4
06:47:54 BLOC_A_SERIE_DU_JOUR             11m01s     10m58s      -3s  ✅  Great is, Ascribe - Ketu HF
06:58:52 BLOC_B_SERIE_DU_JOUR           1h13m29s   1h13m26s      -3s  ✅  nous faire part 4
08:12:18 BLOC_B_SERIE_DU_JOUR              1m30s      1m28s      -2s  ✅  Lévitique 12
08:13:46 BLOC_B_SERIE_DU_JOUR             10m24s     10m22s      -2s  ✅  Lévitique 13
08:24:08 BLOC_B_SERIE_DU_JOUR              8m31s      8m28s      -3s  ✅  Lévitique 14
08:32:36 BLOC_B_SERIE_DU_JOUR              4m37s      4m34s      -3s  ✅  Lévitique 15
08:37:10 BLOC_B_SERIE_DU_JOUR              5m55s      5m53s      -2s  ✅  Lévitique 16
08:43:03 BLOC_B_SERIE_DU_JOUR              2m44s      2m42s      -2s  ✅  Lévitique 17
08:45:45 BLOC_B_SERIE_DU_JOUR              3m54s      3m51s      -3s  ✅  Lévitique 18
08:49:36 BLOC_B_SERIE_DU_JOUR              5m37s      5m35s      -2s  ✅  Lévitique 19
08:55:11 BLOC_B_SERIE_DU_JOUR              4m35s      4m31s      -4s  ✅  Lévitique 20
08:59:42 BLOC_B_SERIE_DU_JOUR              6m19s      6m17s      -2s  ✅  Unto Him - CHF
09:05:59 BLOC_B_SERIE_DU_JOUR              5m10s      5m07s      -3s  ✅  I Will Call Upon The Lord
09:11:06 BLOC_B_SERIE_DU_JOUR              0m07s      0m05s      -2s  ✅  Parole Prophétique FM
09:11:11 BLOC_B_SERIE_DU_JOUR              7m04s      7m01s      -3s  ✅  We Bless You Wonderful God  - Winnipeg Fellowship
09:18:12 BLOC_B_SERIE_DU_JOUR              2m57s      2m55s      -2s  ✅  You Are the Captain of the Host - Toronto HF
09:21:07 BLOC_B_SERIE_DU_JOUR              9m23s      9m21s      -2s  ✅  10 minutes
09:30:28 BLOC_B_SERIE_DU_JOUR              3m15s      3m13s      -2s  ✅  Romains 6
09:33:41 BLOC_B_SERIE_DU_JOUR              3m46s      3m43s      -3s  ✅  Romains 7
09:37:24 BLOC_B_SERIE_DU_JOUR              5m42s      5m39s      -3s  ✅  Romains 8
09:43:03 BLOC_B_SERIE_DU_JOUR              4m40s      4m37s      -3s  ✅  Romains 9
09:47:40 BLOC_B_SERIE_DU_JOUR              3m06s      3m04s      -2s  ✅  Romains 10
09:50:44 BLOC_B_SERIE_DU_JOUR              5m37s      5m35s      -2s  ✅  Romains 11
09:56:19 BLOC_B_SERIE_DU_JOUR              6m02s      6m00s      -2s  ✅  Satisfy My Soul - Calabar HF
10:02:19 BLOC_B_SERIE_DU_JOUR              5m07s      5m04s      -3s  ✅  We Shall Come - Asaba Fellowship
10:07:23 BLOC_B_SERIE_DU_JOUR              4m04s      4m01s      -3s  ✅  Ascribe Greatness - PHF
10:11:24 BLOC_B_SERIE_DU_JOUR              8m58s      8m56s      -2s  ✅  El Elyon - Toronto & Winnipeg HF
10:20:20 BLOC_B_SERIE_DU_JOUR              8m41s      8m37s      -4s  ✅  Unto Him (Vincent Opara)
10:28:57 BLOC_B_SERIE_DU_JOUR              3m39s      3m36s      -3s  ✅  Ruth 1
10:32:33 BLOC_B_SERIE_DU_JOUR              3m26s      3m24s      -2s  ✅  Éphésiens 1
10:35:57 BLOC_B_SERIE_DU_JOUR              3m16s      3m14s      -2s  ✅  Éphésiens 2
10:39:11 BLOC_B_SERIE_DU_JOUR              2m56s      2m53s      -3s  ✅  Éphésiens 3
10:42:04 BLOC_B_SERIE_DU_JOUR              4m53s      4m51s      -2s  ✅  Éphésiens 4
10:46:55 BLOC_B_SERIE_DU_JOUR              4m12s      4m10s      -2s  ✅  Éphésiens 5
10:51:05 BLOC_B_SERIE_DU_JOUR              3m21s      3m18s      -3s  ✅  Éphésiens 6
10:54:23 BLOC_B_SERIE_DU_JOUR              6m13s      6m11s      -2s  ✅  Immortal God - Elohim Adonai - Abuja HF
11:00:34 BLOC_B_SERIE_DU_JOUR              4m11s      4m08s      -3s  ✅  Cantique   Oh Éternel Dieu, Tu es le Dieu Incomparable
11:04:42 BLOC_B_SERIE_DU_JOUR              7m17s      7m15s      -2s  ✅  cantique  tes promesses  pub direct dec 2021 import (2)
11:11:57 BLOC_B_SERIE_DU_JOUR              6m56s      6m54s      -2s  ✅  As We Worship In Ypur Presence
11:18:51 BLOC_B_SERIE_DU_JOUR              2m16s      2m13s      -3s  ✅  cantique  nous sommes le sel de la terre
11:21:04 BLOC_B_SERIE_DU_JOUR              5m04s      5m02s      -2s  ✅  I Enter The Holy of Holies - Port Harcourt HF
11:26:06 BLOC_B_SERIE_DU_JOUR              3m26s      3m23s      -3s  ✅  Abdias 1
11:29:29 BLOC_B_SERIE_DU_JOUR              5m09s      5m07s      -2s  ✅  Lamentations 1
11:34:36 BLOC_B_SERIE_DU_JOUR              5m15s      5m12s      -3s  ✅  Lamentations 2
11:39:48 BLOC_B_SERIE_DU_JOUR              6m02s      5m59s      -3s  ✅  Lamentations 3
11:45:47 BLOC_B_SERIE_DU_JOUR              8m37s      8m35s      -2s  ✅  He Has Given Me & Emmanuel You Joy Over Us (Medley) (Abasiama Timothy & Imah Adegoke)
11:54:22 BLOC_B_SERIE_DU_JOUR             10m13s     10m10s      -3s  ✅  As We Worship - Toronto & Winnipeg HF
12:04:32 BLOC_C_SERIE_DU_JOUR           1h13m29s   1h13m27s      -2s  ✅  nous faire part 4
13:17:59 BLOC_C_SERIE_DU_JOUR              3m42s      3m39s      -3s  ✅  2 Pierre 1
13:21:38 BLOC_C_SERIE_DU_JOUR              4m04s      4m01s      -3s  ✅  2 Pierre 2
13:25:39 BLOC_C_SERIE_DU_JOUR              3m17s      3m15s      -2s  ✅  2 Pierre 3
13:28:54 BLOC_C_SERIE_DU_JOUR              3m00s      2m57s      -3s  ✅  Jonas 1
13:31:51 BLOC_C_SERIE_DU_JOUR              1m22s      1m19s      -3s  ✅  Jonas 2
13:33:10 BLOC_C_SERIE_DU_JOUR              1m36s      1m34s      -2s  ✅  Jonas 3
13:34:44 BLOC_C_SERIE_DU_JOUR              1m57s      1m55s      -2s  ✅  Jonas 4
13:36:39 BLOC_C_SERIE_DU_JOUR              6m31s      6m28s      -3s  ✅  1 Corinthiens 14
13:43:07 BLOC_C_SERIE_DU_JOUR              8m34s      8m31s      -3s  ✅  1 Corinthiens 15
13:51:38 BLOC_C_SERIE_DU_JOUR              8m10s      8m08s      -2s  ✅  Great and Marvellous - Ketu HF
13:59:46 BLOC_C_SERIE_DU_JOUR              5m43s      5m40s      -3s  ✅  Cantique l Éternel est mon Berger (1)
14:05:26 BLOC_C_SERIE_DU_JOUR              4m40s      4m37s      -3s  ✅  All in All - CHF
14:10:03 BLOC_C_SERIE_DU_JOUR              8m31s      8m29s      -2s  ✅  Holy Holy - Abuja HF
14:18:32 BLOC_C_SERIE_DU_JOUR              9m04s      9m01s      -3s  ✅  You're the Lamb - Calabar HF
14:27:33 BLOC_C_SERIE_DU_JOUR              3m19s      3m16s      -3s  ✅  Awaken My Heart
14:30:49 BLOC_C_SERIE_DU_JOUR              5m33s      5m31s      -2s  ✅  He Shall Feed His Flock - I Want to walk  - Ketu HF
14:36:20 BLOC_C_SERIE_DU_JOUR              7m21s      7m18s      -3s  ✅  For By My God - Toronto & Winnipeg HF
14:43:38 BLOC_C_SERIE_DU_JOUR              2m37s      2m34s      -3s  ✅  2 Timothée 3
14:46:12 BLOC_C_SERIE_DU_JOUR              3m09s      3m06s      -3s  ✅  2 Timothée 4
14:49:18 BLOC_C_SERIE_DU_JOUR              1m04s      1m02s      -2s  ✅  Psaumes 52
14:50:20 BLOC_C_SERIE_DU_JOUR              0m56s      0m54s      -2s  ✅  Psaumes 53
14:51:14 BLOC_C_SERIE_DU_JOUR              0m42s      0m39s      -3s  ✅  Psaumes 54
14:51:53 BLOC_C_SERIE_DU_JOUR              2m29s      2m26s      -3s  ✅  Psaumes 55
14:54:19 BLOC_C_SERIE_DU_JOUR              1m19s      1m17s      -2s  ✅  Psaumes 56
14:55:36 BLOC_C_SERIE_DU_JOUR              1m19s      1m16s      -3s  ✅  Psaumes 57
14:56:52 BLOC_C_SERIE_DU_JOUR              1m15s      1m12s      -3s  ✅  Psaumes 58
14:58:04 BLOC_C_SERIE_DU_JOUR              2m03s      2m01s      -2s  ✅  Psaumes 59
15:00:05 BLOC_C_SERIE_DU_JOUR              1m17s      1m15s      -2s  ✅  Psaumes 60
15:01:20 BLOC_C_SERIE_DU_JOUR              0m48s      0m45s      -3s  ✅  Psaumes 61
15:02:05 BLOC_C_SERIE_DU_JOUR              1m30s      1m28s      -2s  ✅  Psaumes 62
15:03:33 BLOC_C_SERIE_DU_JOUR              1m06s      1m04s      -2s  ✅  Psaumes 63
15:04:37 BLOC_C_SERIE_DU_JOUR              1m02s      1m00s      -2s  ✅  Psaumes 64
15:05:37 BLOC_C_SERIE_DU_JOUR              1m29s      1m27s      -2s  ✅  Psaumes 65
15:07:04 BLOC_C_SERIE_DU_JOUR              9m14s      9m11s      -3s  ✅  A jamais, tu seras l Agneau de Dieu
15:16:15 BLOC_C_SERIE_DU_JOUR              7m57s      7m56s      -1s  ✅  Yahweh is Mighty (Imah Adegoke)
15:24:11 BLOC_C_SERIE_DU_JOUR              7m09s      7m06s      -3s  ✅  There is A Mighty River Flowing - Ketu HF
15:31:17 BLOC_C_SERIE_DU_JOUR              3m02s      3m00s      -2s  ✅  2 Corinthiens 3
15:34:17 BLOC_C_SERIE_DU_JOUR              3m24s      3m21s      -3s  ✅  2 Corinthiens 4
15:37:38 BLOC_C_SERIE_DU_JOUR              3m29s      3m27s      -2s  ✅  2 Corinthiens 5
15:41:05 BLOC_C_SERIE_DU_JOUR              3m03s      3m01s      -2s  ✅  2 Corinthiens 6
15:44:06 BLOC_C_SERIE_DU_JOUR              3m38s      3m35s      -3s  ✅  2 Corinthiens 7
15:47:41 BLOC_C_SERIE_DU_JOUR              4m06s      4m04s      -2s  ✅  2 Corinthiens 8
15:51:45 BLOC_C_SERIE_DU_JOUR              2m53s      2m51s      -2s  ✅  2 Corinthiens 9
15:54:36 BLOC_C_SERIE_DU_JOUR              3m24s      3m21s      -3s  ✅  2 Corinthiens 10
15:57:57 BLOC_C_SERIE_DU_JOUR              5m26s      5m24s      -2s  ✅  2 Corinthiens 11
16:03:21 BLOC_C_SERIE_DU_JOUR              4m28s      4m25s      -3s  ✅  2 Corinthiens 12
16:07:46 BLOC_C_SERIE_DU_JOUR              5m47s      5m45s      -2s  ✅  We Ascribe Greatness - Abuja HF
16:13:31 BLOC_C_SERIE_DU_JOUR              9m23s      9m21s      -2s  ✅  Thou art Worthy Lord - PHF
16:22:52 BLOC_C_SERIE_DU_JOUR              5m45s      5m43s      -2s  ✅  Ella Samuels - Oh Lord Our Maker
16:28:35 BLOC_C_SERIE_DU_JOUR              5m21s      5m18s      -3s  ✅  We Shall Not Fear - Nonso Njoku
16:33:53 BLOC_C_SERIE_DU_JOUR              5m58s      5m56s      -2s  ✅  In Jesus - PHF
16:39:49 BLOC_B_SERIE_DU_JOUR           1h13m29s   1h13m27s      -2s  ✅  nous faire part 4
17:53:16 BLOC_C_SERIE_DU_JOUR              4m11s      4m09s      -2s  ✅  2 Chroniques 7
17:57:25 BLOC_C_SERIE_DU_JOUR              3m06s      3m04s      -2s  ✅  2 Chroniques 8
18:00:29 BLOC_D_SERIE_DU_JOUR              0m10s      0m10s      +0s  ✅  jingle avant message 01 voici le message du jour
18:00:39 BLOC_D_SERIE_DU_JOUR           1h13m29s   1h13m26s      -3s  ✅  nous faire part 4
19:14:05 BLOC_D_SERIE_DU_JOUR              0m07s      0m08s      +1s  ✅  jingle avant bible 02 voici la lecture de la bible
19:14:13 BLOC_D_SERIE_DU_JOUR              2m59s      2m57s      -2s  ✅  Philémon 1
19:17:10 BLOC_D_SERIE_DU_JOUR              3m21s      3m18s      -3s  ✅  Exode 24
19:20:28 BLOC_D_SERIE_DU_JOUR              5m57s      5m55s      -2s  ✅  Exode 25
19:26:23 BLOC_D_SERIE_DU_JOUR              5m26s      5m23s      -3s  ✅  Exode 26
19:31:46 BLOC_D_SERIE_DU_JOUR              3m27s      3m26s      -1s  ✅  Exode 27
19:35:12 BLOC_D_SERIE_DU_JOUR              7m35s      7m32s      -3s  ✅  Exode 28
19:42:44 BLOC_D_SERIE_DU_JOUR              8m19s      8m16s      -3s  ✅  Exode 29
19:51:00 BLOC_D_SERIE_DU_JOUR              6m18s      6m15s      -3s  ✅  Exode 30
19:57:15 BLOC_D_SERIE_DU_JOUR              3m17s      3m15s      -2s  ✅  Exode 31
20:00:30 BLOC_D_SERIE_DU_JOUR              7m04s      7m05s      +1s  ✅  Exode 32
20:07:35 BLOC_D_SERIE_DU_JOUR              6m30s      6m28s      -2s  ✅  Praise the Lord of Host - Toronto HF
20:14:03 BLOC_D_SERIE_DU_JOUR              7m18s      7m15s      -3s  ✅  Holy is the Lord (Emmanuel Umoh)
20:21:18 BLOC_D_SERIE_DU_JOUR              5m22s      5m19s      -3s  ✅  God's Got An Army - PHF
20:26:37 BLOC_D_SERIE_DU_JOUR              3m41s      3m40s      -1s  ✅  Adorons l'Éternel GAEL - JÉSUS EST SEIGNEUR -
20:30:17 BLOC_D_SERIE_DU_JOUR              9m31s      9m27s      -4s  ✅  15 at 01.33.50 (1)(1)
20:39:44 BLOC_D_SERIE_DU_JOUR              9m39s      9m37s      -2s  ✅  Psalm 93 - Port Harcourt HF
20:49:21 BLOC_D_SERIE_DU_JOUR              5m15s      5m13s      -2s  ✅  Yahweh Be Praised - Abuja HF
20:54:34 BLOC_D_SERIE_DU_JOUR              3m10s      3m12s      +2s  ✅  la Parole
20:57:46 BLOC_D_SERIE_DU_JOUR              5m29s      5m26s      -3s  ✅  Hébreux 10
21:03:12 BLOC_D_SERIE_DU_JOUR              6m47s      6m44s      -3s  ✅  Hébreux 11
21:09:56 BLOC_D_SERIE_DU_JOUR              5m04s      5m02s      -2s  ✅  Hébreux 12
21:14:58 BLOC_D_SERIE_DU_JOUR              3m36s      3m33s      -3s  ✅  Hébreux 13
21:18:31 BLOC_D_SERIE_DU_JOUR              2m25s      2m23s      -2s  ✅  Cantique des Cantiques 1
21:20:54 BLOC_D_SERIE_DU_JOUR              2m32s      2m30s      -2s  ✅  Cantique des Cantiques 2
21:23:24 BLOC_D_SERIE_DU_JOUR              0m05s      0m05s      +0s  ✅  jingle avant louange 04 suite de la selection musicale
21:23:29 BLOC_D_SERIE_DU_JOUR              6m02s      6m00s      -2s  ✅  Crown Him Lord of Lords - Nonso Njoku
21:29:29 BLOC_D_SERIE_DU_JOUR              7m20s      7m17s      -3s  ✅  The Glory -  PHF
21:36:46 BLOC_D_SERIE_DU_JOUR              9m43s      9m40s      -3s  ✅  Thy Throne Oh Lord - Ketu HF
21:46:26 BLOC_D_SERIE_DU_JOUR              8m21s      8m19s      -2s  ✅  My Heart Rejoices - Toronto HF
21:54:45 BLOC_D_SERIE_DU_JOUR              3m22s      3m19s      -3s  ✅  Ses cheveux étaient blancs..
21:58:04 BLOC_D_SERIE_DU_JOUR             10m25s     10m23s      -2s  ✅  Holy Are You - PHF
22:08:27 BLOC_D_SERIE_DU_JOUR              4m11s      4m09s      -2s  ✅  jai donné ma vie à jésus (1)
22:12:36 BLOC_D_SERIE_DU_JOUR              0m01s      0m01s      +0s  ✅  jingle avant bible 04 restons a lecoute des ecritures
22:12:37 BLOC_C_SERIE_DU_JOUR           1h13m29s   1h13m27s      -2s  ✅  nous faire part 4
23:26:04 BLOC_D_SERIE_DU_JOUR              3m45s      3m42s      -3s  ✅  1 Timothée 5
23:29:46 BLOC_D_SERIE_DU_JOUR              3m53s      3m50s      -3s  ✅  1 Timothée 6
23:33:36 BLOC_D_SERIE_DU_JOUR              3m44s      3m41s      -3s  ✅  Colossiens 3
23:37:17 BLOC_D_SERIE_DU_JOUR              2m56s      3m04s      +8s  ✅  Colossiens 4
23:40:21 BLOC_D_SERIE_DU_JOUR           1h12m47s          ?           ⏳ dernier titre (durée réelle inconnue)  nous faire part 5
----------------------------------------------------------------------------------------------------
Bilan : 194 titres, 0 anomalie(s) (titre coupé de plus de 10s ou trou d'antenne).
