====================================================================================================
MONITEUR RADIO — 2026-09-05 (synthèse des 3 rapports + plan, heures UTC)
====================================================================================================
État : ❌ incident(s) détecté(s)  ·  diffusion : 1 coupure(s)/trou(s), 2 double(s) message  ·  serveur : 62 incident(s)
SERVEUR (liquidsoap_events) :
   00:01:24  🌐 échec réseau AzuraCast/Liquidsoap  (×2)
   00:01:24  💥 crash Liquidsoap (redémarrage automatique)  (×2)
   00:01:29  🔇 bascule sur jingle d'erreur (silence potentiel)  (×2)
   11:59:51  🔇 bascule sur jingle d'erreur (silence potentiel)
   17:59:30  🔇 bascule sur jingle d'erreur (silence potentiel)  (×2)
   23:32:53  🌐 échec réseau AzuraCast/Liquidsoap  (×53)
RESET MINUIT : restart confirmé vers 00:02:06 · 3 contrôle(s) · ⚠️ doublon vu dans la file
INCIDENTS CORRÉLÉS (anomalie de diffusion ↔ cause serveur probable) :
   12:17:17  DOUBLE MESSAGE « message du jour rejoué »
          ↳ aucune cause serveur à proximité (voir CONTRÔLES APPROFONDIS et RÉEL vs PRÉVU ci-dessous)
   18:17:11  DOUBLE MESSAGE « message du jour rejoué »
          ↳ aucune cause serveur à proximité (voir CONTRÔLES APPROFONDIS et RÉEL vs PRÉVU ci-dessous)
   23:58:32  COUPÉ 462s « Abba, Singing a, I Will Sing - Ketu HF »
          ↳ aucune cause serveur à proximité (voir CONTRÔLES APPROFONDIS et RÉEL vs PRÉVU ci-dessous)
(Détail titre par titre, contrôles approfondis et RÉEL vs PRÉVU ci-dessous.)
Rapport de diffusion — 2026-09-05 (heures UTC)
292 titres joués | tolérance ±10s
====================================================================================================
HEURE    PLAYLIST                     FICHIER          RÉEL    ÉCART  STATUT  TITRE
----------------------------------------------------------------------------------------------------
00:01:36 ?                                 2m57s      2m57s      +0s  ✅  ?
00:04:33 BLOC_A_SERIE_DU_JOUR              0m10s      0m11s      +1s  ✅  jingle avant message 01 voici le message du jour
00:04:44 BLOC_A_SERIE_DU_JOUR             16m53s     16m50s      -3s  ✅  2-pqe c2
00:21:34 BLOC_A_SERIE_DU_JOUR              0m10s      0m08s      -2s  ✅  jingle avant bible 06 ouvrons les saintes ecritures
00:21:42 BLOC_A_SERIE_DU_JOUR              4m15s      4m13s      -2s  ✅  Philippiens 1
00:25:55 BLOC_A_SERIE_DU_JOUR              4m28s      4m25s      -3s  ✅  Philippiens 2
00:30:20 BLOC_A_SERIE_DU_JOUR              3m26s      3m23s      -3s  ✅  Philippiens 3
00:33:43 BLOC_A_SERIE_DU_JOUR              3m39s      3m37s      -2s  ✅  Philippiens 4
00:37:20 BLOC_A_SERIE_DU_JOUR              3m44s      3m42s      -2s  ✅  Ecclésiaste 7
00:41:02 BLOC_A_SERIE_DU_JOUR              2m51s      2m48s      -3s  ✅  Ecclésiaste 8
00:43:50 BLOC_A_SERIE_DU_JOUR              3m14s      3m12s      -2s  ✅  Ecclésiaste 9
00:47:02 BLOC_A_SERIE_DU_JOUR              2m29s      2m26s      -3s  ✅  Ecclésiaste 10
00:49:28 BLOC_A_SERIE_DU_JOUR              1m34s      1m32s      -2s  ✅  Ecclésiaste 11
00:51:00 BLOC_A_SERIE_DU_JOUR              2m16s      2m14s      -2s  ✅  Ecclésiaste 12
00:53:14 BLOC_A_SERIE_DU_JOUR              7m12s      7m09s      -3s  ✅  Josué 22
01:00:23 BLOC_A_SERIE_DU_JOUR              3m09s      3m06s      -3s  ✅  Josué 23
01:03:29 BLOC_A_SERIE_DU_JOUR              5m50s      5m48s      -2s  ✅  Josué 24
01:09:17 BLOC_A_SERIE_DU_JOUR              4m22s      4m19s      -3s  ✅  1 Chroniques 17
01:13:36 BLOC_A_SERIE_DU_JOUR              2m33s      2m30s      -3s  ✅  1 Chroniques 18
01:16:06 BLOC_A_SERIE_DU_JOUR              3m36s      3m34s      -2s  ✅  1 Chroniques 19
01:19:40 BLOC_A_SERIE_DU_JOUR              0m13s      0m10s      -3s  ✅  jingle avant louange 07 voici un temps de louange
01:19:50 BLOC_A_SERIE_DU_JOUR              7m04s      7m01s      -3s  ✅  We Bless You Wonderful God  - Winnipeg Fellowship
01:26:51 BLOC_A_SERIE_DU_JOUR              6m57s      6m55s      -2s  ✅  qui est digne d ouvrir le livre
01:33:46 BLOC_A_SERIE_DU_JOUR              2m16s      2m13s      -3s  ✅  cantique  nous sommes le sel de la terre
01:35:59 BLOC_A_SERIE_DU_JOUR              3m04s      3m01s      -3s  ✅  The Lord is my Light and Salvation - Nonso Njoku
01:39:00 BLOC_A_SERIE_DU_JOUR              5m04s      5m02s      -2s  ✅  I Enter The Holy of Holies - Port Harcourt HF
01:44:02 BLOC_A_SERIE_DU_JOUR              7m09s      7m07s      -2s  ✅  You're the Lamb (Abasiama Timothy)
01:51:09 BLOC_A_SERIE_DU_JOUR              6m06s      6m04s      -2s  ✅  cantique  ta bonte
01:57:13 BLOC_A_SERIE_DU_JOUR              5m13s      5m11s      -2s  ✅  Il s'appelait Emmanuel - Marcel Boungou + Paroles
02:02:24 BLOC_A_SERIE_DU_JOUR             11m54s     11m51s      -3s  ✅  Great & Marvelluos - Toronto HF
02:14:15 BLOC_A_SERIE_DU_JOUR              8m24s      8m21s      -3s  ✅  Bless Ye the Lord - PHF
02:22:36 BLOC_A_SERIE_DU_JOUR              0m13s      0m11s      -2s  ✅  jingle avant bible 07 place a la lecture de la bible
02:22:47 BLOC_A_SERIE_DU_JOUR              9m03s      9m01s      -2s  ✅  Deutéronome 4
02:31:48 BLOC_A_SERIE_DU_JOUR              5m33s      5m30s      -3s  ✅  Deutéronome 5
02:37:18 BLOC_A_SERIE_DU_JOUR              3m51s      3m48s      -3s  ✅  Deutéronome 6
02:41:06 BLOC_A_SERIE_DU_JOUR              5m08s      5m06s      -2s  ✅  Deutéronome 7
02:46:12 BLOC_A_SERIE_DU_JOUR              3m23s      3m20s      -3s  ✅  Deutéronome 8
02:49:32 BLOC_A_SERIE_DU_JOUR              5m27s      5m24s      -3s  ✅  Deutéronome 9
02:54:56 BLOC_A_SERIE_DU_JOUR              0m10s      0m08s      -2s  ✅  jingle avant louange 06 que la louange seleve
02:55:04 BLOC_A_SERIE_DU_JOUR              3m22s      3m20s      -2s  ✅  Ses cheveux étaient blancs..
02:58:24 BLOC_A_SERIE_DU_JOUR              9m31s      9m28s      -3s  ✅  15 at 01.33.50 (1)(1)
03:07:52 BLOC_A_SERIE_DU_JOUR             11m01s     10m58s      -3s  ✅  Great is, Ascribe - Ketu HF
03:18:50 BLOC_A_SERIE_DU_JOUR              5m18s      5m16s      -2s  ✅  Now is Come Salvation - Toronto HF
03:24:06 BLOC_A_SERIE_DU_JOUR              6m15s      6m13s      -2s  ✅  Oh Lord I Want to Know Your Glory - Port Harcourt HF
03:30:19 BLOC_A_SERIE_DU_JOUR              4m44s      4m42s      -2s  ✅  Je veux vivre ton royaume
03:35:01 BLOC_A_SERIE_DU_JOUR              4m48s      4m46s      -2s  ✅  Yeshua I'm Waiting for You  - Ketu HF
03:39:47 BLOC_A_SERIE_DU_JOUR              5m10s      5m08s      -2s  ✅  I Will Call Upon The Lord
03:44:55 BLOC_A_SERIE_DU_JOUR              7m36s      7m40s      +4s  ✅  There Is No Lie - SWBN TV
03:52:35 BLOC_A_SERIE_DU_JOUR              2m43s      2m40s      -3s  ✅  Aggée 1
03:55:15 BLOC_A_SERIE_DU_JOUR              3m58s      3m56s      -2s  ✅  Aggée 2
03:59:11 BLOC_A_SERIE_DU_JOUR              2m16s      2m13s      -3s  ✅  Hébreux 1
04:01:24 BLOC_A_SERIE_DU_JOUR              3m13s      3m10s      -3s  ✅  Hébreux 2
04:04:34 BLOC_A_SERIE_DU_JOUR              2m48s      2m46s      -2s  ✅  Hébreux 3
04:07:20 BLOC_A_SERIE_DU_JOUR              2m45s      2m42s      -3s  ✅  Hébreux 4
04:10:02 BLOC_A_SERIE_DU_JOUR              2m17s      2m14s      -3s  ✅  Hébreux 5
04:12:16 BLOC_A_SERIE_DU_JOUR              3m05s      3m03s      -2s  ✅  Hébreux 6
04:15:19 BLOC_A_SERIE_DU_JOUR              4m52s      4m50s      -2s  ✅  Hébreux 7
04:20:09 BLOC_A_SERIE_DU_JOUR              2m45s      2m41s      -4s  ✅  Hébreux 8
04:22:50 BLOC_A_SERIE_DU_JOUR              5m14s      5m12s      -2s  ✅  Hébreux 9
04:28:02 BLOC_A_SERIE_DU_JOUR              5m29s      5m26s      -3s  ✅  Hébreux 10
04:33:28 BLOC_A_SERIE_DU_JOUR              6m47s      6m45s      -2s  ✅  Hébreux 11
04:40:13 BLOC_A_SERIE_DU_JOUR              0m11s      0m08s      -3s  ✅  jingle avant louange 05 elevons nos coeurs vers dieu
04:40:21 BLOC_A_SERIE_DU_JOUR              6m02s      6m00s      -2s  ✅  Rejoice - PHF
04:46:21 BLOC_A_SERIE_DU_JOUR              5m15s      5m13s      -2s  ✅  Yahweh Be Praised - Abuja HF
04:51:34 BLOC_A_SERIE_DU_JOUR              4m04s      4m01s      -3s  ✅  Ascribe Greatness - PHF
04:55:35 BLOC_A_SERIE_DU_JOUR              5m52s      5m49s      -3s  ✅  Where Two or Three are Gathered - Calabar HF
05:01:24 BLOC_A_SERIE_DU_JOUR              3m24s      3m21s      -3s  ✅  Cantique sa miséricorde
05:04:45 BLOC_A_SERIE_DU_JOUR              6m04s      6m02s      -2s  ✅  Sing Unto the Lord a new Song  - Winnipeg Fellowship
05:10:47 BLOC_A_SERIE_DU_JOUR              9m04s      9m01s      -3s  ✅  You're the Lamb - Calabar HF
05:19:48 BLOC_A_SERIE_DU_JOUR              4m40s      4m37s      -3s  ✅  All in All - CHF
05:24:25 BLOC_A_SERIE_DU_JOUR              5m57s      5m54s      -3s  ✅  You are God - Winnipeg Fellowship
05:30:19 BLOC_A_SERIE_DU_JOUR              7m51s      7m48s      -3s  ✅  There is no name  - Winnipeg Fellowship
05:38:07 BLOC_A_SERIE_DU_JOUR              0m09s      0m10s      +1s  ✅  jingle id station 02 radio evangile du royaume
05:38:17 BLOC_A_SERIE_DU_JOUR              1m38s      1m35s      -3s  ✅  Psaumes 79
05:39:52 BLOC_A_SERIE_DU_JOUR              1m45s      1m43s      -2s  ✅  Psaumes 80
05:41:35 BLOC_A_SERIE_DU_JOUR              1m41s      1m39s      -2s  ✅  Psaumes 81
05:43:14 BLOC_A_SERIE_DU_JOUR              0m44s      0m42s      -2s  ✅  Psaumes 82
05:43:56 BLOC_A_SERIE_DU_JOUR              1m36s      1m34s      -2s  ✅  Psaumes 83
05:45:30 BLOC_A_SERIE_DU_JOUR              1m22s      1m19s      -3s  ✅  Psaumes 84
05:46:49 BLOC_A_SERIE_DU_JOUR              1m13s      1m10s      -3s  ✅  Psaumes 85
05:47:59 BLOC_A_SERIE_DU_JOUR              1m51s      1m49s      -2s  ✅  Psaumes 86
05:49:48 BLOC_A_SERIE_DU_JOUR              0m43s      0m41s      -2s  ✅  Psaumes 87
05:50:29 BLOC_A_SERIE_DU_JOUR              1m40s      1m37s      -3s  ✅  Psaumes 88
05:52:06 BLOC_A_SERIE_DU_JOUR              4m40s      4m38s      -2s  ✅  Psaumes 89
05:56:44 BLOC_A_SERIE_DU_JOUR              1m46s      1m43s      -3s  ✅  Psaumes 90
05:58:27 BLOC_A_SERIE_DU_JOUR              0m09s      0m09s      +0s  ✅  JINGLE
05:58:36 BLOC_A_SERIE_DU_JOUR              8m41s      8m39s      -2s  ✅  Unto Him (Vincent Opara)
06:07:15 BLOC_B_SERIE_DU_JOUR              0m11s      0m09s      -2s  ✅  jingle avant message 05 vous etes a lecoute de levangile du royaume
06:07:24 BLOC_B_SERIE_DU_JOUR             16m53s     16m50s      -3s  ✅  2-pqe c2
06:24:14 BLOC_B_SERIE_DU_JOUR              0m10s      0m08s      -2s  ✅  jingle avant bible 06 ouvrons les saintes ecritures
06:24:22 BLOC_B_SERIE_DU_JOUR              3m16s      3m13s      -3s  ✅  1 Timothée 1
06:27:35 BLOC_B_SERIE_DU_JOUR              2m10s      2m07s      -3s  ✅  1 Timothée 2
06:29:42 BLOC_B_SERIE_DU_JOUR              2m24s      2m22s      -2s  ✅  1 Timothée 3
06:32:04 BLOC_B_SERIE_DU_JOUR              2m29s      2m27s      -2s  ✅  1 Timothée 4
06:34:31 BLOC_B_SERIE_DU_JOUR              3m45s      3m42s      -3s  ✅  1 Timothée 5
06:38:13 BLOC_B_SERIE_DU_JOUR              3m53s      3m50s      -3s  ✅  1 Timothée 6
06:42:03 BLOC_B_SERIE_DU_JOUR              2m18s      2m15s      -3s  ✅  Néhémie 1
06:44:18 BLOC_B_SERIE_DU_JOUR              4m01s      3m59s      -2s  ✅  Néhémie 2
06:48:17 BLOC_B_SERIE_DU_JOUR              5m28s      5m25s      -3s  ✅  Néhémie 3
06:53:42 BLOC_B_SERIE_DU_JOUR              3m46s      3m44s      -2s  ✅  Néhémie 4
06:57:26 BLOC_B_SERIE_DU_JOUR              3m29s      3m26s      -3s  ✅  Néhémie 5
07:00:52 BLOC_B_SERIE_DU_JOUR              3m23s      3m21s      -2s  ✅  Néhémie 6
07:04:13 BLOC_B_SERIE_DU_JOUR              6m49s      6m46s      -3s  ✅  Néhémie 7
07:10:59 BLOC_B_SERIE_DU_JOUR              3m59s      3m56s      -3s  ✅  Néhémie 8
07:14:55 BLOC_B_SERIE_DU_JOUR              7m47s      7m45s      -2s  ✅  Néhémie 9
07:22:40 BLOC_B_SERIE_DU_JOUR              0m13s      0m10s      -3s  ✅  jingle avant louange 07 voici un temps de louange
07:22:50 BLOC_B_SERIE_DU_JOUR              4m33s      4m31s      -2s  ✅  God is Building - Will You Be - Ketu HF
07:27:21 BLOC_B_SERIE_DU_JOUR              4m19s      4m16s      -3s  ✅  I Know The Blood - PHF
07:31:37 BLOC_B_SERIE_DU_JOUR              6m07s      6m05s      -2s  ✅  There Is Forgiveness In Thee - SWBN TV
07:37:42 BLOC_B_SERIE_DU_JOUR              8m37s      8m35s      -2s  ✅  He Has Given Me & Emmanuel You Joy Over Us (Medley) (Abasiama Timothy & Imah Adegoke)
07:46:17 BLOC_B_SERIE_DU_JOUR              6m19s      6m16s      -3s  ✅  Unto Him - CHF
07:52:33 BLOC_B_SERIE_DU_JOUR              7m21s      7m19s      -2s  ✅  For By My God - Toronto & Winnipeg HF
07:59:52 BLOC_B_SERIE_DU_JOUR              8m22s      8m19s      -3s  ✅  Yeshua Hamashiach - Calabar HF
08:08:11 BLOC_B_SERIE_DU_JOUR             10m38s     10m36s      -2s  ✅  Be Exalted - PHF
08:18:47 BLOC_B_SERIE_DU_JOUR              5m28s      5m32s      +4s  ✅  même humilié
08:24:19 BLOC_B_SERIE_DU_JOUR              7m24s      7m22s      -2s  ✅  Exode 34
08:31:41 BLOC_B_SERIE_DU_JOUR              5m41s      5m38s      -3s  ✅  Exode 35
08:37:19 BLOC_B_SERIE_DU_JOUR              5m16s      5m14s      -2s  ✅  Exode 36
08:42:33 BLOC_B_SERIE_DU_JOUR              4m04s      4m02s      -2s  ✅  Exode 37
08:46:35 BLOC_B_SERIE_DU_JOUR              4m56s      4m53s      -3s  ✅  Exode 38
08:51:28 BLOC_B_SERIE_DU_JOUR              6m34s      6m32s      -2s  ✅  Exode 39
08:58:00 BLOC_B_SERIE_DU_JOUR              0m11s      0m08s      -3s  ✅  jingle avant louange 05 elevons nos coeurs vers dieu
08:58:08 BLOC_B_SERIE_DU_JOUR              5m58s      5m55s      -3s  ✅  In Jesus - PHF
09:04:03 BLOC_B_SERIE_DU_JOUR              5m21s      5m19s      -2s  ✅  By the word of the lord - Ketu HF
09:09:22 BLOC_B_SERIE_DU_JOUR              6m57s      6m55s      -2s  ✅  The Lord on High is Mightier - Toronto HF
09:16:17 BLOC_B_SERIE_DU_JOUR             10m47s     10m44s      -3s  ✅  Abba, Singing a, I Will Sing - Ketu HF
09:27:01 BLOC_B_SERIE_DU_JOUR              7m37s      7m34s      -3s  ✅  Cantiques  Il a pris mes iniquités
09:34:35 BLOC_B_SERIE_DU_JOUR              6m34s      6m32s      -2s  ✅  cantique  béni soit le dieu d israël
09:41:07 BLOC_B_SERIE_DU_JOUR              6m12s      6m09s      -3s  ✅  The King is Here (Abasiama Timothy)
09:47:16 BLOC_B_SERIE_DU_JOUR              9m38s      9m35s      -3s  ✅  Holy are You oh Lord (Olaedo Uzoma & Vincent Opara)
09:56:51 BLOC_B_SERIE_DU_JOUR              0m13s      0m11s      -2s  ✅  jingle avant bible 07 place a la lecture de la bible
09:57:02 BLOC_B_SERIE_DU_JOUR              7m02s      6m59s      -3s  ✅  Nombres 1
10:04:01 BLOC_B_SERIE_DU_JOUR              4m28s      4m25s      -3s  ✅  Nombres 2
10:08:26 BLOC_B_SERIE_DU_JOUR              7m05s      7m02s      -3s  ✅  Nombres 3
10:15:28 BLOC_B_SERIE_DU_JOUR              7m36s      7m33s      -3s  ✅  Nombres 4
10:23:01 BLOC_B_SERIE_DU_JOUR              4m56s      4m54s      -2s  ✅  Nombres 5
10:27:55 BLOC_B_SERIE_DU_JOUR              4m14s      4m12s      -2s  ✅  Nombres 6
10:32:07 BLOC_B_SERIE_DU_JOUR             11m21s     11m18s      -3s  ✅  Nombres 7
10:43:25 BLOC_B_SERIE_DU_JOUR              0m10s      0m08s      -2s  ✅  jingle avant louange 06 que la louange seleve
10:43:33 BLOC_B_SERIE_DU_JOUR              4m21s      4m18s      -3s  ✅  Sing Hallelujah - Abuja HF
10:47:51 BLOC_B_SERIE_DU_JOUR              2m57s      2m55s      -2s  ✅  You Are the Captain of the Host - Toronto HF
10:50:46 BLOC_B_SERIE_DU_JOUR              5m52s      5m50s      -2s  ✅  Not Naked (Abasiama Timothy)
10:56:36 BLOC_B_SERIE_DU_JOUR              7m25s      7m22s      -3s  ✅  Victorious Is the Lamb - Winnipeg Fellowship
11:03:58 BLOC_B_SERIE_DU_JOUR              5m50s      5m47s      -3s  ✅  Jesus I'm Waiting for You (Mary Umoh)
11:09:45 BLOC_B_SERIE_DU_JOUR              8m18s      8m16s      -2s  ✅  Yahweh Is Mighty - SWBN TV
11:18:01 BLOC_B_SERIE_DU_JOUR              6m06s      6m03s      -3s  ✅  Good God - Asaba Fellowship
11:24:04 BLOC_B_SERIE_DU_JOUR              9m43s      9m41s      -2s  ✅  Thy Throne Oh Lord - Ketu HF
11:33:45 BLOC_B_SERIE_DU_JOUR              4m18s      4m15s      -3s  ✅  You Are Worthy - Ketu HF
11:38:00 BLOC_B_SERIE_DU_JOUR              5m02s      5m00s      -2s  ✅  A Song Of Love
11:43:00 BLOC_B_SERIE_DU_JOUR              0m09s      0m10s      +1s  ✅  JINGLE
11:43:10 BLOC_B_SERIE_DU_JOUR              6m10s      6m08s      -2s  ✅  2 Samuel 14
11:49:18 BLOC_B_SERIE_DU_JOUR              6m19s      6m16s      -3s  ✅  2 Samuel 15
11:55:34 BLOC_B_SERIE_DU_JOUR              4m14s      4m12s      -2s  ✅  2 Samuel 16
11:59:46 BLOC_A_SERIE_DU_JOUR              0m10s      0m10s      +0s  ✅  jingle avant message 01 voici le message du jour
11:59:56 ?                                 0m09s      0m09s      +0s  ✅  AzuraCast is Live!
12:00:05 BLOC_C_SERIE_DU_JOUR              0m10s      0m10s      +0s  ✅  jingle avant message 01 voici le message du jour
12:00:15 BLOC_C_SERIE_DU_JOUR             16m53s     16m52s      -1s  ✅  2-pqe c2
12:17:07 BLOC_C_SERIE_DU_JOUR              0m10s      0m10s      +0s  ✅  jingle avant message 01 voici le message du jour
12:17:17 BLOC_C_SERIE_DU_JOUR             16m53s     16m51s      -2s  ✅  2-pqe c2
12:34:08 BLOC_C_SERIE_DU_JOUR              0m13s      0m10s      -3s  ✅  jingle avant bible 07 place a la lecture de la bible
12:34:18 BLOC_C_SERIE_DU_JOUR             10m04s     10m01s      -3s  ✅  1 Rois 1
12:44:19 BLOC_C_SERIE_DU_JOUR              9m12s      9m09s      -3s  ✅  1 Rois 2
12:53:28 BLOC_C_SERIE_DU_JOUR              5m20s      5m18s      -2s  ✅  1 Rois 3
12:58:46 BLOC_C_SERIE_DU_JOUR              4m57s      4m54s      -3s  ✅  1 Rois 4
13:03:40 BLOC_C_SERIE_DU_JOUR              3m08s      3m06s      -2s  ✅  1 Rois 5
13:06:46 BLOC_C_SERIE_DU_JOUR              5m43s      5m41s      -2s  ✅  1 Rois 6
13:12:27 BLOC_C_SERIE_DU_JOUR              8m47s      8m44s      -3s  ✅  1 Rois 7
13:21:11 BLOC_C_SERIE_DU_JOUR             12m29s     12m26s      -3s  ✅  1 Rois 8
13:33:37 BLOC_C_SERIE_DU_JOUR              0m13s      0m11s      -2s  ✅  jingle avant louange 07 voici un temps de louange
13:33:48 BLOC_C_SERIE_DU_JOUR              5m22s      5m21s      -1s  ✅  God's Got An Army - PHF
13:39:09 BLOC_C_SERIE_DU_JOUR              6m02s      5m58s      -4s  ✅  Crown Him Lord of Lords - Nonso Njoku
13:45:07 BLOC_C_SERIE_DU_JOUR              4m13s      4m10s      -3s  ✅  4 minutes
13:49:17 BLOC_C_SERIE_DU_JOUR              3m19s      3m16s      -3s  ✅  Awaken My Heart
13:52:33 BLOC_C_SERIE_DU_JOUR             10m25s     10m23s      -2s  ✅  Holy Are You - PHF
14:02:56 BLOC_C_SERIE_DU_JOUR              8m12s      8m09s      -3s  ✅  Jesus is Alpha - PHF
14:11:05 BLOC_C_SERIE_DU_JOUR              4m52s      4m50s      -2s  ✅  God is Moving Us On - Ketu HF
14:15:55 BLOC_C_SERIE_DU_JOUR              9m24s      9m22s      -2s  ✅  I See Your Face - Toronto HF
14:25:17 BLOC_C_SERIE_DU_JOUR              6m59s      6m56s      -3s  ✅  Hosanna - Toronto HF
14:32:13 BLOC_C_SERIE_DU_JOUR              0m10s      0m08s      -2s  ✅  jingle avant bible 06 ouvrons les saintes ecritures
14:32:21 BLOC_C_SERIE_DU_JOUR              5m51s      5m49s      -2s  ✅  Marc 15
14:38:10 BLOC_C_SERIE_DU_JOUR              2m50s      2m47s      -3s  ✅  Marc 16
14:40:57 BLOC_C_SERIE_DU_JOUR              5m09s      5m07s      -2s  ✅  Lamentations 1
14:46:04 BLOC_C_SERIE_DU_JOUR              5m15s      5m12s      -3s  ✅  Lamentations 2
14:51:16 BLOC_C_SERIE_DU_JOUR              6m02s      6m00s      -2s  ✅  Lamentations 3
14:57:16 BLOC_C_SERIE_DU_JOUR              3m56s      3m54s      -2s  ✅  Lamentations 4
15:01:10 BLOC_C_SERIE_DU_JOUR              0m11s      0m07s      -4s  ✅  jingle avant louange 05 elevons nos coeurs vers dieu
15:01:17 BLOC_C_SERIE_DU_JOUR              6m30s      6m28s      -2s  ✅  Praise the Lord of Host - Toronto HF
15:07:45 BLOC_C_SERIE_DU_JOUR              5m48s      5m46s      -2s  ✅  Forever You Reign - Abuja HF
15:13:31 BLOC_C_SERIE_DU_JOUR              5m47s      5m45s      -2s  ✅  We Ascribe Greatness - Abuja HF
15:19:16 BLOC_C_SERIE_DU_JOUR              5m07s      5m04s      -3s  ✅  We Shall Come - Asaba Fellowship
15:24:20 BLOC_C_SERIE_DU_JOUR              6m54s      6m51s      -3s  ✅  There is no Lie (Imah Adegoke & Mary Umoh)
15:31:11 BLOC_C_SERIE_DU_JOUR              4m20s      4m18s      -2s  ✅  There's A Mighty River Flowing - SWBN TV
15:35:29 BLOC_C_SERIE_DU_JOUR              5m45s      5m43s      -2s  ✅  How Precious Oh Lord
15:41:12 BLOC_C_SERIE_DU_JOUR              6m56s      6m53s      -3s  ✅  As We Worship In Ypur Presence
15:48:05 BLOC_C_SERIE_DU_JOUR             10m13s     10m17s      +4s  ✅  As We Worship - Toronto & Winnipeg HF
15:58:22 BLOC_C_SERIE_DU_JOUR              3m07s      3m04s      -3s  ✅  Joël 1
16:01:26 BLOC_C_SERIE_DU_JOUR              5m41s      5m39s      -2s  ✅  Joël 2
16:07:05 BLOC_C_SERIE_DU_JOUR              3m36s      3m33s      -3s  ✅  Joël 3
16:10:38 BLOC_C_SERIE_DU_JOUR              2m33s      2m31s      -2s  ✅  Ésaïe 55
16:13:09 BLOC_C_SERIE_DU_JOUR              2m24s      2m21s      -3s  ✅  Ésaïe 56
16:15:30 BLOC_C_SERIE_DU_JOUR              3m41s      3m39s      -2s  ✅  Ésaïe 57
16:19:09 BLOC_C_SERIE_DU_JOUR              3m12s      3m09s      -3s  ✅  Ésaïe 58
16:22:18 BLOC_C_SERIE_DU_JOUR              3m58s      3m55s      -3s  ✅  Ésaïe 59
16:26:13 BLOC_C_SERIE_DU_JOUR              4m03s      4m01s      -2s  ✅  Ésaïe 60
16:30:14 BLOC_C_SERIE_DU_JOUR              2m24s      2m20s      -4s  ✅  Ésaïe 61
16:32:34 BLOC_C_SERIE_DU_JOUR              2m20s      2m18s      -2s  ✅  Ésaïe 62
16:34:52 BLOC_C_SERIE_DU_JOUR              3m30s      3m27s      -3s  ✅  Ésaïe 63
16:38:19 BLOC_C_SERIE_DU_JOUR              2m02s      2m00s      -2s  ✅  Ésaïe 64
16:40:19 BLOC_C_SERIE_DU_JOUR              4m47s      4m53s      +6s  ✅  Ésaïe 65
16:45:12 BLOC_C_SERIE_DU_JOUR              6m09s      6m06s      -3s  ✅  Hymne des vainqueurs
16:51:18 BLOC_C_SERIE_DU_JOUR              5m33s      5m30s      -3s  ✅  He Shall Feed His Flock - I Want to walk  - Ketu HF
16:56:48 BLOC_C_SERIE_DU_JOUR              6m10s      6m07s      -3s  ✅  That I May Know Him - Toronto HF
17:02:55 BLOC_C_SERIE_DU_JOUR              4m53s      4m50s      -3s  ✅  Cantique Jahweh, Tu es élevé au dessus de tout (1)
17:07:45 BLOC_C_SERIE_DU_JOUR              6m13s      6m11s      -2s  ✅  Immortal God - Elohim Adonai - Abuja HF
17:13:56 BLOC_C_SERIE_DU_JOUR              8m30s      8m28s      -2s  ✅  We Worship Adonai - PHF
17:22:24 BLOC_C_SERIE_DU_JOUR              4m08s      4m05s      -3s  ✅  I Choose the Way of the Lord - Abuja HF
17:26:29 BLOC_C_SERIE_DU_JOUR              7m09s      7m06s      -3s  ✅  My God Is Good - Winnipeg Fellowship
17:33:35 BLOC_C_SERIE_DU_JOUR              6m35s      6m34s      -1s  ✅  cantique   ta lumière
17:40:09 BLOC_C_SERIE_DU_JOUR              4m05s      4m02s      -3s  ✅  Song Of Victory - Emmanuel Igunbor
17:44:11 BLOC_C_SERIE_DU_JOUR              0m09s      0m10s      +1s  ✅  jingle id station 02 radio evangile du royaume
17:44:21 BLOC_C_SERIE_DU_JOUR              8m13s      8m11s      -2s  ✅  Lévitique 25
17:52:32 BLOC_C_SERIE_DU_JOUR              6m53s      6m50s      -3s  ✅  Lévitique 26
17:59:22 BLOC_C_SERIE_DU_JOUR              0m13s      0m13s      +0s  ✅  jingle avant bible 07 place a la lecture de la bible
17:59:35 ?                                 0m30s      0m30s      +0s  ✅  AzuraCast is Live!
18:00:05 BLOC_D_SERIE_DU_JOUR              0m10s      0m08s      -2s  ✅  jingle avant message 04 bienvenue sur parole prophetique fm
18:00:13 BLOC_D_SERIE_DU_JOUR             16m53s     16m58s      +5s  ✅  2-pqe c2
18:17:11 BLOC_D_SERIE_DU_JOUR             16m53s     16m50s      -3s  ✅  2-pqe c2
18:34:01 BLOC_D_SERIE_DU_JOUR              0m09s      0m07s      -2s  ✅  jingle avant bible 08 prenons un moment pour ecouter la parole
18:34:08 BLOC_D_SERIE_DU_JOUR              2m12s      2m09s      -3s  ✅  2 Thessaloniciens 1
18:36:17 BLOC_D_SERIE_DU_JOUR              2m47s      2m45s      -2s  ✅  2 Thessaloniciens 2
18:39:02 BLOC_D_SERIE_DU_JOUR              2m35s      2m32s      -3s  ✅  2 Thessaloniciens 3
18:41:34 BLOC_D_SERIE_DU_JOUR              4m02s      3m59s      -3s  ✅  Esther 1
18:45:33 BLOC_D_SERIE_DU_JOUR              4m44s      4m42s      -2s  ✅  Esther 2
18:50:15 BLOC_D_SERIE_DU_JOUR              3m17s      3m13s      -4s  ✅  Esther 3
18:53:28 BLOC_D_SERIE_DU_JOUR              2m55s      2m53s      -2s  ✅  Esther 4
18:56:21 BLOC_D_SERIE_DU_JOUR              2m46s      2m43s      -3s  ✅  Esther 5
18:59:04 BLOC_D_SERIE_DU_JOUR              2m44s      2m41s      -3s  ✅  Esther 6
19:01:45 BLOC_D_SERIE_DU_JOUR              2m17s      2m15s      -2s  ✅  Esther 7
19:04:00 BLOC_D_SERIE_DU_JOUR              3m44s      3m41s      -3s  ✅  Esther 8
19:07:41 BLOC_D_SERIE_DU_JOUR              5m31s      5m29s      -2s  ✅  Esther 9
19:13:10 BLOC_D_SERIE_DU_JOUR              0m33s      0m31s      -2s  ✅  Esther 10
19:13:41 BLOC_D_SERIE_DU_JOUR              4m38s      4m35s      -3s  ✅  1 Samuel 18
19:18:16 BLOC_D_SERIE_DU_JOUR              4m10s      4m08s      -2s  ✅  1 Samuel 19
19:22:24 BLOC_D_SERIE_DU_JOUR              6m49s      6m47s      -2s  ✅  1 Samuel 20
19:29:11 BLOC_D_SERIE_DU_JOUR              0m13s      0m10s      -3s  ✅  jingle avant louange 07 voici un temps de louange
19:29:21 BLOC_D_SERIE_DU_JOUR              8m58s      8m55s      -3s  ✅  El Elyon - Toronto & Winnipeg HF
19:38:16 BLOC_D_SERIE_DU_JOUR              8m10s      8m08s      -2s  ✅  Agunechemba - SWBN TV
19:46:24 BLOC_D_SERIE_DU_JOUR             10m35s     10m32s      -3s  ✅  Baruch Ha'ba B'Shem Adonai/Blessed Is He Who Comes in the Name of the Lord - Port Harcourt HF
19:56:56 BLOC_D_SERIE_DU_JOUR              4m52s      4m51s      -1s  ✅  cantique   prends tout le contrôle
20:01:47 BLOC_D_SERIE_DU_JOUR              5m45s      5m42s      -3s  ✅  Ella Samuels - Oh Lord Our Maker
20:07:29 BLOC_D_SERIE_DU_JOUR              7m18s      7m15s      -3s  ✅  Holy is the Lord (Emmanuel Umoh)
20:14:44 BLOC_D_SERIE_DU_JOUR              3m10s      3m07s      -3s  ✅  la Parole
20:17:51 BLOC_D_SERIE_DU_JOUR              7m19s      7m17s      -2s  ✅  You Have sworn By Your Holiness - Chidera Bisong
20:25:08 BLOC_D_SERIE_DU_JOUR              0m13s      0m10s      -3s  ✅  jingle avant bible 07 place a la lecture de la bible
20:25:18 BLOC_D_SERIE_DU_JOUR              2m25s      2m22s      -3s  ✅  2 Corinthiens 13
20:27:40 BLOC_D_SERIE_DU_JOUR              3m17s      3m15s      -2s  ✅  Galates 1
20:30:55 BLOC_D_SERIE_DU_JOUR              4m08s      4m06s      -2s  ✅  Galates 2
20:35:01 BLOC_D_SERIE_DU_JOUR              4m50s      4m47s      -3s  ✅  Galates 3
20:39:48 BLOC_D_SERIE_DU_JOUR              4m30s      4m28s      -2s  ✅  Galates 4
20:44:16 BLOC_D_SERIE_DU_JOUR              4m04s      4m02s      -2s  ✅  Galates 5
20:48:18 BLOC_D_SERIE_DU_JOUR              2m46s      2m43s      -3s  ✅  Galates 6
20:51:01 BLOC_D_SERIE_DU_JOUR              8m26s      8m23s      -3s  ✅  Luc 12
20:59:24 BLOC_D_SERIE_DU_JOUR              0m10s      0m07s      -3s  ✅  jingle avant louange 06 que la louange seleve
20:59:31 BLOC_D_SERIE_DU_JOUR              7m46s      7m44s      -2s  ✅  Arise Out of Zion  - Winnipeg Fellowship
21:07:15 BLOC_D_SERIE_DU_JOUR              4m03s      4m01s      -2s  ✅  I Will Not Be Silent - Calabar HF
21:11:16 BLOC_D_SERIE_DU_JOUR              6m02s      6m00s      -2s  ✅  Satisfy My Soul - Calabar HF
21:17:16 BLOC_D_SERIE_DU_JOUR              8m21s      8m18s      -3s  ✅  In the Day of Your Power  - Winnipeg Fellowship
21:25:34 BLOC_D_SERIE_DU_JOUR              5m08s      5m06s      -2s  ✅  He Has Given Me - PHF
21:30:40 BLOC_D_SERIE_DU_JOUR              7m17s      7m15s      -2s  ✅  cantique  tes promesses  pub direct dec 2021 import (2)
21:37:55 BLOC_D_SERIE_DU_JOUR              8m21s      8m19s      -2s  ✅  My Heart Rejoices - Toronto HF
21:46:14 BLOC_D_SERIE_DU_JOUR              6m12s      6m17s      +5s  ✅  Praise the Lord All Ye Nations - Toronto HF
21:52:31 BLOC_D_SERIE_DU_JOUR              3m07s      3m05s      -2s  ✅  1 Corinthiens 16
21:55:36 BLOC_D_SERIE_DU_JOUR              7m41s      7m38s      -3s  ✅  Juges 6
22:03:14 BLOC_D_SERIE_DU_JOUR              5m33s      5m31s      -2s  ✅  Juges 7
22:08:45 BLOC_D_SERIE_DU_JOUR              5m42s      5m39s      -3s  ✅  Juges 8
22:14:24 BLOC_D_SERIE_DU_JOUR              9m48s      9m46s      -2s  ✅  Juges 9
22:24:10 BLOC_D_SERIE_DU_JOUR              2m48s      2m46s      -2s  ✅  Juges 10
22:26:56 BLOC_D_SERIE_DU_JOUR              7m02s      6m59s      -3s  ✅  Juges 11
22:33:55 BLOC_D_SERIE_DU_JOUR              0m11s      0m09s      -2s  ✅  jingle avant louange 05 elevons nos coeurs vers dieu
22:34:04 BLOC_D_SERIE_DU_JOUR              5m43s      5m40s      -3s  ✅  Cantique l Éternel est mon Berger (1)
22:39:44 BLOC_D_SERIE_DU_JOUR             11m53s     11m50s      -3s  ✅  Hashem - PHF
22:51:34 BLOC_D_SERIE_DU_JOUR              8m25s      8m22s      -3s  ✅  The Mountains, Come and, Oh City - Ketu HF
22:59:56 BLOC_D_SERIE_DU_JOUR              9m14s      9m14s      +0s  ✅  A jamais, tu seras l Agneau de Dieu
23:09:10 BLOC_D_SERIE_DU_JOUR              5m19s      5m15s      -4s  ✅  Gabrielle LIDJI - Mélodie Céleste  by LFXA(Light FX Animation)_2
23:14:25 BLOC_D_SERIE_DU_JOUR              4m11s      4m08s      -3s  ✅  jai donné ma vie à jésus (1)
23:18:33 BLOC_D_SERIE_DU_JOUR              5m04s      5m02s      -2s  ✅  Guide Me - El ELyon - Abuja HF
23:23:35 BLOC_D_SERIE_DU_JOUR              7m09s      7m06s      -3s  ✅  There is A Mighty River Flowing - Ketu HF
23:30:41 BLOC_E_LOUANGE_NUIT               7m37s      7m34s      -3s  ✅  Cantiques  Il a pris mes iniquités
23:38:15 BLOC_E_LOUANGE_NUIT               7m25s      7m23s      -2s  ✅  Victorious Is the Lamb - Winnipeg Fellowship
23:45:38 BLOC_E_LOUANGE_NUIT               6m02s      5m59s      -3s  ✅  Rejoice - PHF
23:51:37 BLOC_E_LOUANGE_NUIT               6m57s      6m55s      -2s  ✅  qui est digne d ouvrir le livre
23:58:32 BLOC_E_LOUANGE_NUIT              10m47s      3m05s    -462s  ❌ COUPÉ  Abba, Singing a, I Will Sing - Ketu HF
----------------------------------------------------------------------------------------------------
Bilan : 292 titres, 1 anomalie(s) (titre coupé de plus de 10s ou trou d'antenne). Gravité : 0 mineure(s) <1min · 1 sérieuse(s) 1-10min · 0 critique(s) >10min.

====================================================================================================
CONTRÔLES APPROFONDIS
====================================================================================================
MESSAGE DU JOUR « PQE C2 » : 6 diffusion(s) pour 4 prévue(s) ❌
   00:04:44  (étiquette BLOC_A_SERIE_DU_JOUR)
   06:07:24  (étiquette BLOC_B_SERIE_DU_JOUR)
   12:00:15  (étiquette BLOC_C_SERIE_DU_JOUR)
   12:17:17  (étiquette BLOC_C_SERIE_DU_JOUR)  ⚠️ DOUBLE RAPPROCHÉ (rejoué juste après la diffusion précédente)
   18:00:13  (étiquette BLOC_D_SERIE_DU_JOUR)
   18:17:11  (étiquette BLOC_D_SERIE_DU_JOUR)  ⚠️ DOUBLE RAPPROCHÉ (rejoué juste après la diffusion précédente)
   → diffusions en trop = reboucle d'un bloc avant la fin de sa fenêtre (l'étiquette playlist des fichiers partagés n'est pas fiable, se fier aux heures).
JINGLES : 30 joués / 36 prévus (83%) ⚠️   ·   BLOC_A 8/9 · BLOC_B 8/9 · BLOC_C 8/9 · BLOC_D 6/9
HORS FENÊTRE : aucun débordement de bloc détecté ✅
BOUCHE-TROUS : 3 titre(s) hors plan sans playlist ⚠️
   00:01:36  ?  (2m57s)
   11:59:56  AzuraCast is Live!  (0m09s)
   17:59:35  AzuraCast is Live!  (0m30s)
COUVERTURE : premier titre à 00:01:36 ✅ · dernier titre finit vers 00:09:19 (estimé) ✅

====================================================================================================
RÉEL vs PRÉVU — ce qui a joué vs ce que le plan prévoyait
====================================================================================================
----------------------------------------------------------------------------------------------------
BLOC_A  (00:00-06:00)  prévus  90 · atteignables  87 · joués  87 · conformité  99% · sautés  1 · en trop  1
   ⏭️  PRÉVU NON JOUÉ : jingle avant bible 08 prenons un moment pour ecouter la parole
   ➕  JOUÉ NON PRÉVU : ?
   ⏸️  FIN DE BLOC NON ATTEINTE (3 titres · ~22m18s) — marge anti-rebouclage au-delà de la fenêtre, normal : Psalm 93 - Port Harcourt HF · Igwe · Hallelujah - PHF
----------------------------------------------------------------------------------------------------
BLOC_B  (06:00-12:00)  prévus  74 · atteignables  67 · joués  68 · conformité  99% · sautés  1 · en trop  2
   ⏭️  PRÉVU NON JOUÉ : jingle avant bible 08 prenons un moment pour ecouter la parole
   ➕  JOUÉ NON PRÉVU : jingle avant message 01 voici le message du jour · AzuraCast is Live!
   ⏸️  FIN DE BLOC NON ATTEINTE (7 titres · ~37m52s) — marge anti-rebouclage au-delà de la fenêtre, normal : 2 Samuel 17 · jingle id station 01 la bonne nouvelle partout · Adorons l'Éternel GAEL - JÉSUS EST SEIGNEUR - · Mon modèle, c est Jésus · Great and Marvellous - Ketu HF · 6 minutes  …(+1)
----------------------------------------------------------------------------------------------------
BLOC_C  (12:00-18:00)  prévus  72 · atteignables  67 · joués  69 · conformité  97% · sautés  2 · en trop  4
   ⏭️  PRÉVU NON JOUÉ : jingle avant bible 08 prenons un moment pour ecouter la parole · jingle avant louange 06 que la louange seleve
   ➕  JOUÉ NON PRÉVU : jingle avant message 01 voici le message du jour · 2-pqe c2 · jingle avant bible 07 place a la lecture de la bible · AzuraCast is Live!
   ⏸️  FIN DE BLOC NON ATTEINTE (5 titres · ~29m57s) — marge anti-rebouclage au-delà de la fenêtre, normal : Lévitique 27 · jingle id station 01 la bonne nouvelle partout · Yahweh is Mighty (Imah Adegoke) · Le Bien-Etre Universel · Shine in Darkness O Lord  - Winnipeg Fellowship
   ⚠️  part non atteinte (~29m57s) excède la marge prévue (~14m55s) — reboucle ou coupure probable dans le bloc
----------------------------------------------------------------------------------------------------
BLOC_D  (18:00-23:30)  prévus  76 · atteignables  63 · joués  63 · conformité  98% · sautés  1 · en trop  1
   ⏭️  PRÉVU NON JOUÉ : jingle avant bible 06 ouvrons les saintes ecritures
   ➕  JOUÉ NON PRÉVU : 2-pqe c2
   ⏸️  FIN DE BLOC NON ATTEINTE (13 titres · ~45m52s) — marge anti-rebouclage au-delà de la fenêtre, normal : jingle id station 03 notre mission annonce levangile · Jude 1 · Jacques 3 · Jacques 4 · Jacques 5 · 1 Jean 1  …(+7)
   ⚠️  part non atteinte (~45m52s) excède la marge prévue (~32m07s) — reboucle ou coupure probable dans le bloc
----------------------------------------------------------------------------------------------------
CONFORMITÉ GLOBALE : 279/284 titres atteignables joués dans l'ordre = 98%  (8 titre(s) hors plan · 28 non atteint(s) en fin de bloc, marge normale)
