Rapport de diffusion — 2026-06-23 (heures UTC)
217 titres joués | tolérance ±10s
====================================================================================================
HEURE    PLAYLIST                     FICHIER          RÉEL    ÉCART  STATUT  TITRE
----------------------------------------------------------------------------------------------------
03:18:33 BLOC_A_SERIE_DU_JOUR              4m02s      4m00s      -2s  ✅  Esther 1
03:22:33 BLOC_A_SERIE_DU_JOUR              4m44s      4m41s      -3s  ✅  Esther 2
03:27:14 BLOC_A_SERIE_DU_JOUR              3m17s      3m14s      -3s  ✅  Esther 3
03:30:28 BLOC_A_SERIE_DU_JOUR              2m55s      2m53s      -2s  ✅  Esther 4
03:33:21 BLOC_A_SERIE_DU_JOUR              2m46s      2m42s      -4s  ✅  Esther 5
03:36:03 BLOC_A_SERIE_DU_JOUR              2m44s      2m42s      -2s  ✅  Esther 6
03:38:45 BLOC_A_SERIE_DU_JOUR              2m17s      2m14s      -3s  ✅  Esther 7
03:40:59 BLOC_A_SERIE_DU_JOUR              3m44s      3m42s      -2s  ✅  Esther 8
03:44:41 BLOC_A_SERIE_DU_JOUR              5m31s      5m29s      -2s  ✅  Esther 9
03:50:10 BLOC_A_SERIE_DU_JOUR              0m33s      0m31s      -2s  ✅  Esther 10
03:50:41 BLOC_A_SERIE_DU_JOUR              2m22s      2m18s      -4s  ✅  Amos 6
03:52:59 BLOC_A_SERIE_DU_JOUR              3m05s      3m03s      -2s  ✅  Amos 7
03:56:02 BLOC_A_SERIE_DU_JOUR              2m30s      2m28s      -2s  ✅  Amos 8
03:58:30 BLOC_A_SERIE_DU_JOUR              2m56s      2m54s      -2s  ✅  Amos 9
04:01:24 BLOC_A_SERIE_DU_JOUR              3m25s      3m22s      -3s  ✅  Lévitique 21
04:04:46 BLOC_A_SERIE_DU_JOUR              6m57s      6m54s      -3s  ✅  qui est digne d ouvrir le livre
04:11:40 BLOC_A_SERIE_DU_JOUR              6m12s      6m11s      -1s  ✅  The King is Here (Abasiama Timothy)
04:17:51 BLOC_A_SERIE_DU_JOUR              4m08s      4m04s      -4s  ✅  I Choose the Way of the Lord - Abuja HF
04:21:55 BLOC_A_SERIE_DU_JOUR              3m57s      3m54s      -3s  ✅  Jacques 1
04:25:49 BLOC_A_SERIE_DU_JOUR              3m51s      3m48s      -3s  ✅  Jacques 2
04:29:37 BLOC_A_SERIE_DU_JOUR              2m56s      2m53s      -3s  ✅  Jacques 3
04:32:30 BLOC_A_SERIE_DU_JOUR              2m47s      2m45s      -2s  ✅  Jacques 4
04:35:15 BLOC_A_SERIE_DU_JOUR              3m28s      3m25s      -3s  ✅  Jacques 5
04:38:40 BLOC_A_SERIE_DU_JOUR              4m27s      4m24s      -3s  ✅  Jude 1
04:43:04 BLOC_A_SERIE_DU_JOUR              5m42s      5m39s      -3s  ✅  2 Rois 6
04:48:43 BLOC_A_SERIE_DU_JOUR             10m24s     10m22s      -2s  ✅  Shine in Darkness O Lord  - Winnipeg Fellowship
04:59:05 BLOC_A_SERIE_DU_JOUR              9m38s      9m35s      -3s  ✅  Holy are You oh Lord (Olaedo Uzoma & Vincent Opara)
05:08:40 BLOC_A_SERIE_DU_JOUR              4m19s      4m16s      -3s  ✅  I Know The Blood - PHF
05:12:56 BLOC_A_SERIE_DU_JOUR              3m24s      3m22s      -2s  ✅  Cantique sa miséricorde
05:16:18 BLOC_A_SERIE_DU_JOUR              2m56s      2m54s      -2s  ✅  Sophonie 1
05:19:12 BLOC_A_SERIE_DU_JOUR              2m46s      2m43s      -3s  ✅  Sophonie 2
05:21:55 BLOC_A_SERIE_DU_JOUR              3m46s      3m43s      -3s  ✅  Sophonie 3
05:25:38 BLOC_A_SERIE_DU_JOUR              2m43s      2m41s      -2s  ✅  Aggée 1
05:28:19 BLOC_A_SERIE_DU_JOUR              3m58s      3m55s      -3s  ✅  Aggée 2
05:32:14 BLOC_A_SERIE_DU_JOUR              2m21s      2m19s      -2s  ✅  Ecclésiaste 1
05:34:33 BLOC_A_SERIE_DU_JOUR              5m52s      5m49s      -3s  ✅  Where Two or Three are Gathered - Calabar HF
05:40:22 BLOC_A_SERIE_DU_JOUR             10m38s     10m36s      -2s  ✅  Be Exalted - PHF
05:50:58 BLOC_A_SERIE_DU_JOUR              7m09s      7m07s      -2s  ✅  My God Is Good - Winnipeg Fellowship
05:58:05 BLOC_A_SERIE_DU_JOUR              2m54s      2m52s      -2s  ✅  2 Chroniques 12
06:00:57 BLOC_B_SERIE_DU_JOUR           1h12m47s   1h12m44s      -3s  ✅  nous faire part 5
07:13:41 BLOC_B_SERIE_DU_JOUR              5m26s      5m23s      -3s  ✅  Marc 8
07:19:04 BLOC_B_SERIE_DU_JOUR              6m45s      6m43s      -2s  ✅  Marc 9
07:25:47 BLOC_B_SERIE_DU_JOUR              7m16s      7m13s      -3s  ✅  Marc 10
07:33:00 BLOC_B_SERIE_DU_JOUR              4m42s      4m40s      -2s  ✅  Marc 11
07:37:40 BLOC_B_SERIE_DU_JOUR              7m12s      7m10s      -2s  ✅  Marc 12
07:44:50 BLOC_B_SERIE_DU_JOUR              5m09s      5m07s      -2s  ✅  Marc 13
07:49:57 BLOC_B_SERIE_DU_JOUR             10m25s     10m23s      -2s  ✅  Marc 14
08:00:20 BLOC_B_SERIE_DU_JOUR              5m51s      5m48s      -3s  ✅  Marc 15
08:06:08 BLOC_B_SERIE_DU_JOUR              8m22s      8m19s      -3s  ✅  Yeshua Hamashiach - Calabar HF
08:14:27 BLOC_B_SERIE_DU_JOUR              5m57s      5m55s      -2s  ✅  You are God - Winnipeg Fellowship
08:20:22 BLOC_B_SERIE_DU_JOUR              6m10s      6m06s      -4s  ✅  That I May Know Him - Toronto HF
08:26:28 BLOC_B_SERIE_DU_JOUR              8m37s      8m35s      -2s  ✅  He Has Given Me & Emmanuel You Joy Over Us (Medley) (Abasiama Timothy & Imah Adegoke)
08:35:03 BLOC_B_SERIE_DU_JOUR              4m52s      4m50s      -2s  ✅  God is Moving Us On - Ketu HF
08:39:53 BLOC_B_SERIE_DU_JOUR             11m01s     10m58s      -3s  ✅  Great is, Ascribe - Ketu HF
08:50:51 BLOC_B_SERIE_DU_JOUR              3m36s      3m34s      -2s  ✅  Daniel 1
08:54:25 BLOC_B_SERIE_DU_JOUR              9m09s      9m06s      -3s  ✅  Daniel 2
09:03:31 BLOC_B_SERIE_DU_JOUR              6m24s      6m21s      -3s  ✅  Daniel 3
09:09:52 BLOC_B_SERIE_DU_JOUR              7m32s      7m30s      -2s  ✅  Daniel 4
09:17:22 BLOC_B_SERIE_DU_JOUR              2m57s      2m55s      -2s  ✅  You Are the Captain of the Host - Toronto HF
09:20:17 BLOC_B_SERIE_DU_JOUR              4m52s      4m51s      -1s  ✅  cantique   prends tout le contrôle
09:25:08 BLOC_B_SERIE_DU_JOUR              5m45s      5m41s      -4s  ✅  How Precious Oh Lord
09:30:49 BLOC_B_SERIE_DU_JOUR              5m18s      5m16s      -2s  ✅  Now is Come Salvation - Toronto HF
09:36:05 BLOC_B_SERIE_DU_JOUR              6m02s      5m59s      -3s  ✅  Rejoice - PHF
09:42:04 BLOC_B_SERIE_DU_JOUR              6m59s      6m57s      -2s  ✅  Hosanna - Toronto HF
09:49:01 BLOC_B_SERIE_DU_JOUR              2m54s      2m51s      -3s  ✅  Malachie 1
09:51:52 BLOC_B_SERIE_DU_JOUR              3m17s      3m14s      -3s  ✅  Malachie 2
09:55:06 BLOC_B_SERIE_DU_JOUR              3m22s      3m19s      -3s  ✅  Malachie 3
09:58:25 BLOC_B_SERIE_DU_JOUR              1m05s      1m02s      -3s  ✅  Malachie 4
09:59:27 BLOC_B_SERIE_DU_JOUR              2m59s      2m57s      -2s  ✅  2 Timothée 1
10:02:24 BLOC_B_SERIE_DU_JOUR              3m52s      3m50s      -2s  ✅  2 Timothée 2
10:06:14 BLOC_B_SERIE_DU_JOUR              2m07s      2m04s      -3s  ✅  2 Jean 1
10:08:18 BLOC_B_SERIE_DU_JOUR              3m26s      3m24s      -2s  ✅  Éphésiens 1
10:11:42 BLOC_B_SERIE_DU_JOUR              3m16s      3m14s      -2s  ✅  Éphésiens 2
10:14:56 BLOC_B_SERIE_DU_JOUR              2m56s      2m53s      -3s  ✅  Éphésiens 3
10:17:49 BLOC_B_SERIE_DU_JOUR              4m53s      4m51s      -2s  ✅  Éphésiens 4
10:22:40 BLOC_B_SERIE_DU_JOUR              5m04s      5m02s      -2s  ✅  I Enter The Holy of Holies - Port Harcourt HF
10:27:42 BLOC_B_SERIE_DU_JOUR              0m07s      0m05s      -2s  ✅  Parole Prophétique FM
10:27:47 BLOC_B_SERIE_DU_JOUR              5m10s      5m07s      -3s  ✅  Igwe
10:32:54 BLOC_B_SERIE_DU_JOUR              5m51s      5m49s      -2s  ✅  Jean 1
10:38:43 BLOC_B_SERIE_DU_JOUR              2m52s      2m50s      -2s  ✅  Jean 2
10:41:33 BLOC_B_SERIE_DU_JOUR              7m37s      7m34s      -3s  ✅  Cantiques  Il a pris mes iniquités
10:49:07 BLOC_B_SERIE_DU_JOUR              5m13s      5m11s      -2s  ✅  Il s'appelait Emmanuel - Marcel Boungou + Paroles
10:54:18 BLOC_B_SERIE_DU_JOUR              0m05s      0m02s      -3s  ✅  Parole Prophétique FM
10:54:20 BLOC_B_SERIE_DU_JOUR              3m00s      2m58s      -2s  ✅  Jonas 1
10:57:18 BLOC_B_SERIE_DU_JOUR              1m22s      1m19s      -3s  ✅  Jonas 2
10:58:37 BLOC_B_SERIE_DU_JOUR              1m36s      1m35s      -1s  ✅  Jonas 3
11:00:12 BLOC_B_SERIE_DU_JOUR              1m57s      1m54s      -3s  ✅  Jonas 4
11:02:06 BLOC_B_SERIE_DU_JOUR              2m37s      2m34s      -3s  ✅  2 Timothée 3
11:04:40 BLOC_B_SERIE_DU_JOUR              3m09s      3m06s      -3s  ✅  2 Timothée 4
11:07:46 BLOC_B_SERIE_DU_JOUR              0m06s      0m06s      +0s  ✅  jingle avant bible 03 ecoutez la voix de dieu
11:07:52 BLOC_B_SERIE_DU_JOUR              8m31s      8m29s      -2s  ✅  Holy Holy - Abuja HF
11:16:21 BLOC_B_SERIE_DU_JOUR              7m09s      7m06s      -3s  ✅  There is A Mighty River Flowing - Ketu HF
11:23:27 BLOC_B_SERIE_DU_JOUR             10m47s     10m45s      -2s  ✅  Abba, Singing a, I Will Sing - Ketu HF
11:34:12 BLOC_B_SERIE_DU_JOUR              3m19s      3m16s      -3s  ✅  Awaken My Heart
11:37:28 BLOC_B_SERIE_DU_JOUR              5m45s      5m43s      -2s  ✅  Ella Samuels - Oh Lord Our Maker
11:43:11 BLOC_B_SERIE_DU_JOUR              6m35s      6m32s      -3s  ✅  cantique   ta lumière
11:49:43 BLOC_B_SERIE_DU_JOUR              0m05s      0m10s      +5s  ✅  jingle avant louange 04 suite de la selection musicale
11:49:53 BLOC_B_SERIE_DU_JOUR              0m07s      0m19s     +12s  ⚠️ TROU APRÈS  jingle avant louange 02 voici notre selection de cantiques
11:50:12 BLOC_D_SERIE_DU_JOUR              0m10s      0m10s      +0s  ✅  jingle avant message 01 voici le message du jour
11:50:22 BLOC_B_SERIE_DU_JOUR           1h12m47s     43m35s   -1752s  ❌ COUPÉ  nous faire part 5
12:33:57 BLOC_C_SERIE_DU_JOUR           1h12m47s   1h12m43s      -4s  ✅  nous faire part 5
13:46:40 BLOC_C_SERIE_DU_JOUR              3m42s      3m40s      -2s  ✅  2 Pierre 1
13:50:20 BLOC_C_SERIE_DU_JOUR              4m04s      4m01s      -3s  ✅  2 Pierre 2
13:54:21 BLOC_C_SERIE_DU_JOUR              3m17s      3m14s      -3s  ✅  2 Pierre 3
13:57:35 BLOC_C_SERIE_DU_JOUR              8m38s      8m36s      -2s  ✅  Luc 8
14:06:11 BLOC_C_SERIE_DU_JOUR              9m59s      9m56s      -3s  ✅  Luc 9
14:16:07 BLOC_C_SERIE_DU_JOUR              6m33s      6m30s      -3s  ✅  Luc 10
14:22:37 BLOC_C_SERIE_DU_JOUR              8m34s      8m32s      -2s  ✅  Luc 11
14:31:09 BLOC_C_SERIE_DU_JOUR              8m26s      8m23s      -3s  ✅  Luc 12
14:39:32 BLOC_C_SERIE_DU_JOUR              7m29s      7m27s      -2s  ✅  Hallelujah - PHF
14:46:59 BLOC_C_SERIE_DU_JOUR              9m04s      9m00s      -4s  ✅  You're the Lamb - Calabar HF
14:55:59 BLOC_C_SERIE_DU_JOUR              5m47s      5m45s      -2s  ✅  We Ascribe Greatness - Abuja HF
15:01:44 BLOC_C_SERIE_DU_JOUR              4m18s      4m16s      -2s  ✅  You Are Worthy - Ketu HF
15:06:00 BLOC_C_SERIE_DU_JOUR              8m30s      8m28s      -2s  ✅  We Worship Adonai - PHF
15:14:28 BLOC_C_SERIE_DU_JOUR              3m53s      3m50s      -3s  ✅  Actes 1
15:18:18 BLOC_C_SERIE_DU_JOUR              6m21s      6m19s      -2s  ✅  Actes 2
15:24:37 BLOC_C_SERIE_DU_JOUR              3m35s      3m33s      -2s  ✅  Actes 3
15:28:10 BLOC_C_SERIE_DU_JOUR              5m24s      5m21s      -3s  ✅  Actes 4
15:33:31 BLOC_C_SERIE_DU_JOUR              6m31s      6m29s      -2s  ✅  Actes 5
15:40:00 BLOC_C_SERIE_DU_JOUR              5m21s      5m18s      -3s  ✅  We Shall Not Fear - Nonso Njoku
15:45:18 BLOC_C_SERIE_DU_JOUR              4m44s      4m42s      -2s  ✅  Je veux vivre ton royaume
15:50:00 BLOC_C_SERIE_DU_JOUR              8m41s      8m39s      -2s  ✅  Unto Him (Vincent Opara)
15:58:39 BLOC_C_SERIE_DU_JOUR              2m20s      2m17s      -3s  ✅  cantique  heureux l homme qui ne marche pas selon
16:00:56 BLOC_C_SERIE_DU_JOUR              3m12s      3m10s      -2s  ✅  esprit de dieu
16:04:06 BLOC_C_SERIE_DU_JOUR              6m12s      6m09s      -3s  ✅  Praise the Lord All Ye Nations - Toronto HF
16:10:15 BLOC_C_SERIE_DU_JOUR              0m06s      0m06s      +0s  ✅  jingle avant bible 03 ecoutez la voix de dieu
16:10:21 BLOC_C_SERIE_DU_JOUR              2m16s      2m13s      -3s  ✅  Hébreux 1
16:12:34 BLOC_C_SERIE_DU_JOUR              3m13s      3m11s      -2s  ✅  Hébreux 2
16:15:45 BLOC_C_SERIE_DU_JOUR              2m48s      2m45s      -3s  ✅  Hébreux 3
16:18:30 BLOC_C_SERIE_DU_JOUR              2m45s      2m43s      -2s  ✅  Hébreux 4
16:21:13 BLOC_C_SERIE_DU_JOUR              2m17s      2m14s      -3s  ✅  Hébreux 5
16:23:27 BLOC_C_SERIE_DU_JOUR              3m05s      3m03s      -2s  ✅  Hébreux 6
16:26:30 BLOC_C_SERIE_DU_JOUR              4m52s      4m49s      -3s  ✅  Hébreux 7
16:31:19 BLOC_C_SERIE_DU_JOUR              2m45s      2m42s      -3s  ✅  Hébreux 8
16:34:01 BLOC_C_SERIE_DU_JOUR              5m14s      5m12s      -2s  ✅  Hébreux 9
16:39:13 BLOC_C_SERIE_DU_JOUR              7m17s      7m15s      -2s  ✅  cantique  tes promesses  pub direct dec 2021 import (2)
16:46:28 BLOC_C_SERIE_DU_JOUR             11m54s     11m51s      -3s  ✅  Great & Marvelluos - Toronto HF
16:58:19 BLOC_C_SERIE_DU_JOUR              5m19s      5m17s      -2s  ✅  Gabrielle LIDJI - Mélodie Céleste  by LFXA(Light FX Animation)_2
17:03:36 BLOC_C_SERIE_DU_JOUR              6m13s      6m11s      -2s  ✅  Immortal God - Elohim Adonai - Abuja HF
17:09:47 BLOC_C_SERIE_DU_JOUR             11m53s     11m50s      -3s  ✅  Hashem - PHF
17:21:37 BLOC_C_SERIE_DU_JOUR              3m17s      3m15s      -2s  ✅  Galates 1
17:24:52 BLOC_C_SERIE_DU_JOUR              4m08s      4m05s      -3s  ✅  Galates 2
17:28:57 BLOC_C_SERIE_DU_JOUR              4m50s      4m48s      -2s  ✅  Galates 3
17:33:45 BLOC_C_SERIE_DU_JOUR              4m30s      4m28s      -2s  ✅  Galates 4
17:38:13 BLOC_C_SERIE_DU_JOUR              6m06s      6m03s      -3s  ✅  Good God - Asaba Fellowship
17:44:16 BLOC_C_SERIE_DU_JOUR              7m04s      7m01s      -3s  ✅  We Bless You Wonderful God  - Winnipeg Fellowship
17:51:17 BLOC_C_SERIE_DU_JOUR              3m41s      3m39s      -2s  ✅  Adorons l'Éternel GAEL - JÉSUS EST SEIGNEUR -
17:54:56 BLOC_C_SERIE_DU_JOUR              4m13s      4m10s      -3s  ✅  4 minutes
17:59:06 BLOC_C_SERIE_DU_JOUR              6m06s      6m12s      +6s  ✅  cantique  ta bonte
18:05:18 BLOC_D_SERIE_DU_JOUR              6m02s      5m59s      -3s  ✅  Nombres 32
18:11:17 BLOC_D_SERIE_DU_JOUR              6m01s      5m59s      -2s  ✅  Nombres 33
18:17:16 BLOC_D_SERIE_DU_JOUR              3m28s      3m26s      -2s  ✅  Nombres 34
18:20:42 BLOC_D_SERIE_DU_JOUR              5m15s      5m12s      -3s  ✅  Nombres 35
18:25:54 BLOC_D_SERIE_DU_JOUR              2m23s      2m21s      -2s  ✅  Nombres 36
18:28:15 BLOC_D_SERIE_DU_JOUR              4m59s      4m56s      -3s  ✅  Genèse 34
18:33:11 BLOC_D_SERIE_DU_JOUR              4m50s      4m47s      -3s  ✅  Genèse 35
18:37:58 BLOC_D_SERIE_DU_JOUR              6m37s      6m34s      -3s  ✅  Genèse 36
18:44:32 BLOC_D_SERIE_DU_JOUR              5m55s      5m53s      -2s  ✅  Genèse 37
18:50:25 BLOC_D_SERIE_DU_JOUR              5m09s      5m05s      -4s  ✅  Genèse 38
18:55:30 BLOC_D_SERIE_DU_JOUR              0m05s      0m06s      +1s  ✅  jingle avant louange 04 suite de la selection musicale
18:55:36 BLOC_D_SERIE_DU_JOUR              4m53s      4m52s      -1s  ✅  Cantique Jahweh, Tu es élevé au dessus de tout (1)
19:00:28 BLOC_D_SERIE_DU_JOUR              5m02s      4m58s      -4s  ✅  A Song Of Love
19:05:26 BLOC_D_SERIE_DU_JOUR              7m21s      7m18s      -3s  ✅  For By My God - Toronto & Winnipeg HF
19:12:44 BLOC_D_SERIE_DU_JOUR              6m04s      6m02s      -2s  ✅  Sing Unto the Lord a new Song  - Winnipeg Fellowship
19:18:46 BLOC_D_SERIE_DU_JOUR              4m14s      4m11s      -3s  ✅  Mon modèle, c est Jésus
19:22:57 BLOC_D_SERIE_DU_JOUR              5m15s      5m13s      -2s  ✅  Yahweh Be Praised - Abuja HF
19:28:10 BLOC_D_SERIE_DU_JOUR              4m40s      4m37s      -3s  ✅  All in All - CHF
19:32:47 BLOC_D_SERIE_DU_JOUR              4m05s      4m03s      -2s  ✅  Song Of Victory - Emmanuel Igunbor
19:36:50 BLOC_D_SERIE_DU_JOUR              6m15s      6m13s      -2s  ✅  Oh Lord I Want to Know Your Glory - Port Harcourt HF
19:43:03 BLOC_D_SERIE_DU_JOUR              5m08s      5m06s      -2s  ✅  He Has Given Me - PHF
19:48:09 BLOC_D_SERIE_DU_JOUR              0m06s      0m06s      +0s  ✅  jingle avant bible 01 la foi vient de ce quon entend
19:48:15 BLOC_D_SERIE_DU_JOUR              4m38s      4m36s      -2s  ✅  1 Samuel 1
19:52:51 BLOC_D_SERIE_DU_JOUR              6m23s      6m21s      -2s  ✅  1 Samuel 2
19:59:12 BLOC_D_SERIE_DU_JOUR              3m29s      3m26s      -3s  ✅  1 Samuel 3
20:02:38 BLOC_D_SERIE_DU_JOUR              4m01s      3m59s      -2s  ✅  1 Samuel 4
20:06:37 BLOC_D_SERIE_DU_JOUR              2m25s      2m22s      -3s  ✅  1 Samuel 5
20:08:59 BLOC_D_SERIE_DU_JOUR              4m09s      4m13s      +4s  ✅  1 Samuel 6
20:13:12 BLOC_D_SERIE_DU_JOUR              6m56s      6m53s      -3s  ✅  As We Worship In Ypur Presence
20:20:05 BLOC_D_SERIE_DU_JOUR              6m41s      6m38s      -3s  ✅  6 minutes
20:26:43 BLOC_D_SERIE_DU_JOUR              5m21s      5m19s      -2s  ✅  By the word of the lord - Ketu HF
20:32:02 BLOC_D_SERIE_DU_JOUR              5m52s      5m50s      -2s  ✅  Not Naked (Abasiama Timothy)
20:37:52 BLOC_D_SERIE_DU_JOUR              2m16s      2m13s      -3s  ✅  cantique  nous sommes le sel de la terre
20:40:05 BLOC_D_SERIE_DU_JOUR              6m02s      6m00s      -2s  ✅  Satisfy My Soul - Calabar HF
20:46:05 BLOC_D_SERIE_DU_JOUR              7m19s      7m16s      -3s  ✅  You Have sworn By Your Holiness - Chidera Bisong
20:53:21 BLOC_D_SERIE_DU_JOUR              7m18s      7m16s      -2s  ✅  Holy is the Lord (Emmanuel Umoh)
21:00:37 BLOC_D_SERIE_DU_JOUR              8m21s      8m20s      -1s  ✅  My Heart Rejoices - Toronto HF
21:08:57 BLOC_D_SERIE_DU_JOUR              0m10s      0m11s      +1s  ✅  jingle avant message 01 voici le message du jour
21:09:08 BLOC_D_SERIE_DU_JOUR              3m16s      3m12s      -4s  ✅  1 Timothée 1
21:12:20 BLOC_D_SERIE_DU_JOUR              2m10s      2m07s      -3s  ✅  1 Timothée 2
21:14:27 BLOC_D_SERIE_DU_JOUR              2m24s      2m22s      -2s  ✅  1 Timothée 3
21:16:49 BLOC_D_SERIE_DU_JOUR              2m29s      2m27s      -2s  ✅  1 Timothée 4
21:19:16 BLOC_D_SERIE_DU_JOUR              3m45s      3m42s      -3s  ✅  1 Timothée 5
21:22:58 BLOC_D_SERIE_DU_JOUR              3m53s      3m50s      -3s  ✅  1 Timothée 6
21:26:48 BLOC_D_SERIE_DU_JOUR              3m07s      3m05s      -2s  ✅  Joël 1
21:29:53 BLOC_D_SERIE_DU_JOUR              5m41s      5m39s      -2s  ✅  Joël 2
21:35:32 BLOC_D_SERIE_DU_JOUR              3m36s      3m33s      -3s  ✅  Joël 3
21:39:05 BLOC_D_SERIE_DU_JOUR              2m12s      2m09s      -3s  ✅  2 Thessaloniciens 1
21:41:14 BLOC_D_SERIE_DU_JOUR              2m47s      2m45s      -2s  ✅  2 Thessaloniciens 2
21:43:59 BLOC_D_SERIE_DU_JOUR              2m35s      2m36s      +1s  ✅  2 Thessaloniciens 3
21:46:35 BLOC_D_SERIE_DU_JOUR              8m25s      8m23s      -2s  ✅  The Mountains, Come and, Oh City - Ketu HF
21:54:58 BLOC_D_SERIE_DU_JOUR              5m58s      5m55s      -3s  ✅  In Jesus - PHF
22:00:53 BLOC_D_SERIE_DU_JOUR              3m22s      3m19s      -3s  ✅  Ses cheveux étaient blancs..
22:04:12 BLOC_D_SERIE_DU_JOUR              5m43s      5m41s      -2s  ✅  Cantique l Éternel est mon Berger (1)
22:09:53 BLOC_D_SERIE_DU_JOUR              4m11s      4m08s      -3s  ✅  Cantique   Oh Éternel Dieu, Tu es le Dieu Incomparable
22:14:01 BLOC_D_SERIE_DU_JOUR              9m23s      9m21s      -2s  ✅  Thou art Worthy Lord - PHF
22:23:22 BLOC_D_SERIE_DU_JOUR              8m58s      8m55s      -3s  ✅  El Elyon - Toronto & Winnipeg HF
22:32:17 BLOC_D_SERIE_DU_JOUR              4m21s      4m19s      -2s  ✅  Sing Hallelujah - Abuja HF
22:36:36 BLOC_D_SERIE_DU_JOUR              0m05s      0m05s      +0s  ✅  jingle avant bible 05 poursuivons notre lecture
22:36:41 BLOC_D_SERIE_DU_JOUR              5m46s      5m43s      -3s  ✅  Juges 1
22:42:24 BLOC_D_SERIE_DU_JOUR              4m00s      3m58s      -2s  ✅  Juges 2
22:46:22 BLOC_D_SERIE_DU_JOUR              5m18s      5m16s      -2s  ✅  Juges 3
22:51:38 BLOC_D_SERIE_DU_JOUR              4m32s      4m37s      +5s  ✅  Juges 4
22:56:15 BLOC_D_SERIE_DU_JOUR             10m13s     10m10s      -3s  ✅  As We Worship - Toronto & Winnipeg HF
23:06:25 BLOC_D_SERIE_DU_JOUR              6m54s      6m52s      -2s  ✅  There is no Lie (Imah Adegoke & Mary Umoh)
23:13:17 BLOC_D_SERIE_DU_JOUR              6m02s      5m59s      -3s  ✅  Crown Him Lord of Lords - Nonso Njoku
23:19:16 BLOC_D_SERIE_DU_JOUR              0m10s      0m10s      +0s  ✅  jingle avant message 01 voici le message du jour
23:19:26 BLOC_D_SERIE_DU_JOUR           1h12m47s          ?           ⏳ dernier titre (durée réelle inconnue)  nous faire part 5
----------------------------------------------------------------------------------------------------
Bilan : 217 titres, 2 anomalie(s) (titre coupé de plus de 10s ou trou d'antenne).
