====================================================================================================
MONITEUR RADIO — 2026-08-11 (synthèse des 3 rapports + plan, heures UTC)
====================================================================================================
État : ❌ incident(s) détecté(s)  ·  diffusion : 1 coupure(s)/trou(s), 0 double(s) message  ·  serveur : 55 incident(s)
SERVEUR (liquidsoap_events) :
   00:01:23  💥 crash Liquidsoap (redémarrage automatique)  (×2)
   00:01:26  🔇 bascule sur jingle d'erreur (silence potentiel)  (×3)
   23:32:35  🌐 échec réseau AzuraCast/Liquidsoap  (×50)
RESET MINUIT : restart confirmé vers 00:02:05 · 3 contrôle(s) · file saine ✅
INCIDENTS CORRÉLÉS (anomalie de diffusion ↔ cause serveur probable) :
   23:56:19  COUPÉ 121s « Holy is the Lord (Emmanuel Umoh) »
          ↳ aucune cause serveur à proximité (voir CONTRÔLES APPROFONDIS et RÉEL vs PRÉVU ci-dessous)
(Détail titre par titre, contrôles approfondis et RÉEL vs PRÉVU ci-dessous.)
Rapport de diffusion — 2026-08-11 (heures UTC)
309 titres joués | tolérance ±10s
====================================================================================================
HEURE    PLAYLIST                     FICHIER          RÉEL    ÉCART  STATUT  TITRE
----------------------------------------------------------------------------------------------------
00:01:32 ?                                 1m36s      1m36s      +0s  ✅  ?
00:03:08 BLOC_A_SERIE_DU_JOUR              0m10s      0m11s      +1s  ✅  jingle avant message 01 voici le message du jour
00:03:19 BLOC_A_SERIE_DU_JOUR             26m00s     25m58s      -2s  ✅  la moisson 2 adé
00:29:17 BLOC_A_SERIE_DU_JOUR              0m10s      0m07s      -3s  ✅  jingle avant bible 06 ouvrons les saintes ecritures
00:29:24 BLOC_A_SERIE_DU_JOUR              3m34s      3m32s      -2s  ✅  Zacharie 1
00:32:56 BLOC_A_SERIE_DU_JOUR              1m51s      1m49s      -2s  ✅  Zacharie 2
00:34:45 BLOC_A_SERIE_DU_JOUR              1m46s      1m43s      -3s  ✅  Zacharie 3
00:36:28 BLOC_A_SERIE_DU_JOUR              2m06s      2m04s      -2s  ✅  Zacharie 4
00:38:32 BLOC_A_SERIE_DU_JOUR              1m38s      1m36s      -2s  ✅  Zacharie 5
00:40:08 BLOC_A_SERIE_DU_JOUR              2m22s      2m19s      -3s  ✅  Zacharie 6
00:42:27 BLOC_A_SERIE_DU_JOUR              2m07s      2m04s      -3s  ✅  Zacharie 7
00:44:31 BLOC_A_SERIE_DU_JOUR              3m51s      3m49s      -2s  ✅  Zacharie 8
00:48:20 BLOC_A_SERIE_DU_JOUR              3m12s      3m09s      -3s  ✅  Zacharie 9
00:51:29 BLOC_A_SERIE_DU_JOUR              2m13s      2m11s      -2s  ✅  Zacharie 10
00:53:40 BLOC_A_SERIE_DU_JOUR              2m53s      2m51s      -2s  ✅  Zacharie 11
00:56:31 BLOC_A_SERIE_DU_JOUR              2m38s      2m35s      -3s  ✅  Zacharie 12
00:59:06 BLOC_A_SERIE_DU_JOUR              1m43s      1m41s      -2s  ✅  Zacharie 13
01:00:47 BLOC_A_SERIE_DU_JOUR              4m06s      4m03s      -3s  ✅  Zacharie 14
01:04:50 BLOC_A_SERIE_DU_JOUR              2m33s      2m30s      -3s  ✅  Lévitique 2
01:07:20 BLOC_A_SERIE_DU_JOUR              2m41s      2m38s      -3s  ✅  Lévitique 3
01:09:58 BLOC_A_SERIE_DU_JOUR              6m13s      6m11s      -2s  ✅  Lévitique 4
01:16:09 BLOC_A_SERIE_DU_JOUR              3m52s      3m49s      -3s  ✅  Lévitique 5
01:19:58 BLOC_A_SERIE_DU_JOUR              4m38s      4m36s      -2s  ✅  Lévitique 6
01:24:34 BLOC_A_SERIE_DU_JOUR              0m13s      0m10s      -3s  ✅  jingle avant louange 07 voici un temps de louange
01:24:44 BLOC_A_SERIE_DU_JOUR             10m25s     10m24s      -1s  ✅  Holy Are You - PHF
01:35:08 BLOC_A_SERIE_DU_JOUR              9m31s      9m27s      -4s  ✅  15 at 01.33.50 (1)(1)
01:44:35 BLOC_A_SERIE_DU_JOUR              6m57s      6m55s      -2s  ✅  The Lord on High is Mightier - Toronto HF
01:51:30 BLOC_A_SERIE_DU_JOUR             10m38s     10m36s      -2s  ✅  Be Exalted - PHF
02:02:06 BLOC_A_SERIE_DU_JOUR              6m04s      6m02s      -2s  ✅  Sing Unto the Lord a new Song  - Winnipeg Fellowship
02:08:08 BLOC_A_SERIE_DU_JOUR              4m53s      4m50s      -3s  ✅  Cantique Jahweh, Tu es élevé au dessus de tout (1)
02:12:58 BLOC_A_SERIE_DU_JOUR              6m09s      6m07s      -2s  ✅  Hymne des vainqueurs
02:19:05 BLOC_A_SERIE_DU_JOUR              4m52s      4m49s      -3s  ✅  God is Moving Us On - Ketu HF
02:23:54 BLOC_A_SERIE_DU_JOUR              0m09s      0m07s      -2s  ✅  jingle avant bible 08 prenons un moment pour ecouter la parole
02:24:01 BLOC_A_SERIE_DU_JOUR              6m09s      6m08s      -1s  ✅  Daniel 5
02:30:09 BLOC_A_SERIE_DU_JOUR              5m34s      5m30s      -4s  ✅  Daniel 6
02:35:39 BLOC_A_SERIE_DU_JOUR              5m29s      5m27s      -2s  ✅  Daniel 7
02:41:06 BLOC_A_SERIE_DU_JOUR              4m51s      4m49s      -2s  ✅  Daniel 8
02:45:55 BLOC_A_SERIE_DU_JOUR              5m57s      5m54s      -3s  ✅  Daniel 9
02:51:49 BLOC_A_SERIE_DU_JOUR              0m11s      0m08s      -3s  ✅  jingle avant louange 05 elevons nos coeurs vers dieu
02:51:57 BLOC_A_SERIE_DU_JOUR              6m30s      6m28s      -2s  ✅  Praise the Lord of Host - Toronto HF
02:58:25 BLOC_A_SERIE_DU_JOUR              5m19s      5m17s      -2s  ✅  Gabrielle LIDJI - Mélodie Céleste  by LFXA(Light FX Animation)_2
03:03:42 BLOC_A_SERIE_DU_JOUR              4m21s      4m18s      -3s  ✅  Sing Hallelujah - Abuja HF
03:08:00 BLOC_A_SERIE_DU_JOUR              6m02s      6m00s      -2s  ✅  Satisfy My Soul - Calabar HF
03:14:00 BLOC_A_SERIE_DU_JOUR              9m43s      9m40s      -3s  ✅  Thy Throne Oh Lord - Ketu HF
03:23:40 BLOC_A_SERIE_DU_JOUR              7m19s      7m17s      -2s  ✅  You Have sworn By Your Holiness - Chidera Bisong
03:30:57 BLOC_A_SERIE_DU_JOUR             10m47s     10m44s      -3s  ✅  Abba, Singing a, I Will Sing - Ketu HF
03:41:41 BLOC_A_SERIE_DU_JOUR              5m52s      5m50s      -2s  ✅  Not Naked (Abasiama Timothy)
03:47:31 BLOC_A_SERIE_DU_JOUR              0m13s      0m10s      -3s  ✅  jingle avant bible 07 place a la lecture de la bible
03:47:41 BLOC_A_SERIE_DU_JOUR              3m17s      3m15s      -2s  ✅  Galates 1
03:50:56 BLOC_A_SERIE_DU_JOUR              4m08s      4m06s      -2s  ✅  Galates 2
03:55:02 BLOC_A_SERIE_DU_JOUR              4m50s      4m47s      -3s  ✅  Galates 3
03:59:49 BLOC_A_SERIE_DU_JOUR              4m30s      4m28s      -2s  ✅  Galates 4
04:04:17 BLOC_A_SERIE_DU_JOUR              4m04s      4m02s      -2s  ✅  Galates 5
04:08:19 BLOC_A_SERIE_DU_JOUR              2m46s      2m43s      -3s  ✅  Galates 6
04:11:02 BLOC_A_SERIE_DU_JOUR              2m37s      2m34s      -3s  ✅  Michée 6
04:13:36 BLOC_A_SERIE_DU_JOUR              3m27s      3m24s      -3s  ✅  Michée 7
04:17:00 BLOC_A_SERIE_DU_JOUR              3m57s      3m54s      -3s  ✅  Jacques 1
04:20:54 BLOC_A_SERIE_DU_JOUR              3m51s      3m49s      -2s  ✅  Jacques 2
04:24:43 BLOC_A_SERIE_DU_JOUR              2m56s      2m53s      -3s  ✅  Jacques 3
04:27:36 BLOC_A_SERIE_DU_JOUR              2m47s      2m44s      -3s  ✅  Jacques 4
04:30:20 BLOC_A_SERIE_DU_JOUR              0m10s      0m08s      -2s  ✅  jingle avant louange 06 que la louange seleve
04:30:28 BLOC_A_SERIE_DU_JOUR              9m23s      9m21s      -2s  ✅  Thou art Worthy Lord - PHF
04:39:49 BLOC_A_SERIE_DU_JOUR              7m57s      7m55s      -2s  ✅  Yahweh is Mighty (Imah Adegoke)
04:47:44 BLOC_A_SERIE_DU_JOUR             11m54s     11m51s      -3s  ✅  Great & Marvelluos - Toronto HF
04:59:35 BLOC_A_SERIE_DU_JOUR              5m33s      5m30s      -3s  ✅  He Shall Feed His Flock - I Want to walk  - Ketu HF
05:05:05 BLOC_A_SERIE_DU_JOUR              4m52s      4m50s      -2s  ✅  cantique   prends tout le contrôle
05:09:55 BLOC_A_SERIE_DU_JOUR              8m37s      8m35s      -2s  ✅  He Has Given Me & Emmanuel You Joy Over Us (Medley) (Abasiama Timothy & Imah Adegoke)
05:18:30 BLOC_A_SERIE_DU_JOUR              2m57s      2m55s      -2s  ✅  You Are the Captain of the Host - Toronto HF
05:21:25 BLOC_A_SERIE_DU_JOUR              3m22s      3m20s      -2s  ✅  Ses cheveux étaient blancs..
05:24:45 BLOC_A_SERIE_DU_JOUR              9m39s      9m36s      -3s  ✅  Psalm 93 - Port Harcourt HF
05:34:21 BLOC_A_SERIE_DU_JOUR              0m09s      0m10s      +1s  ✅  jingle id station 02 radio evangile du royaume
05:34:31 BLOC_A_SERIE_DU_JOUR              5m09s      5m07s      -2s  ✅  Lamentations 1
05:39:38 BLOC_A_SERIE_DU_JOUR              5m15s      5m12s      -3s  ✅  Lamentations 2
05:44:50 BLOC_A_SERIE_DU_JOUR              6m02s      5m59s      -3s  ✅  Lamentations 3
05:50:49 BLOC_A_SERIE_DU_JOUR              3m56s      3m54s      -2s  ✅  Lamentations 4
05:54:43 BLOC_A_SERIE_DU_JOUR              0m09s      0m09s      +0s  ✅  jingle id station 01 la bonne nouvelle partout
05:54:52 BLOC_A_SERIE_DU_JOUR              8m24s      8m22s      -2s  ✅  Bless Ye the Lord - PHF
06:03:14 BLOC_B_SERIE_DU_JOUR              0m10s      0m10s      +0s  ✅  jingle avant message 01 voici le message du jour
06:03:24 BLOC_B_SERIE_DU_JOUR             26m00s     26m05s      +5s  ✅  la moisson 2 adé
06:29:29 BLOC_B_SERIE_DU_JOUR              4m43s      4m40s      -3s  ✅  1 Rois 10
06:34:09 BLOC_B_SERIE_DU_JOUR              7m33s      7m30s      -3s  ✅  1 Rois 11
06:41:39 BLOC_B_SERIE_DU_JOUR              6m03s      6m01s      -2s  ✅  1 Rois 12
06:47:40 BLOC_B_SERIE_DU_JOUR              6m36s      6m34s      -2s  ✅  1 Rois 13
06:54:14 BLOC_B_SERIE_DU_JOUR              5m55s      5m52s      -3s  ✅  1 Rois 14
07:00:06 BLOC_B_SERIE_DU_JOUR              5m43s      5m40s      -3s  ✅  1 Rois 15
07:05:46 BLOC_B_SERIE_DU_JOUR              6m13s      6m10s      -3s  ✅  1 Rois 16
07:11:56 BLOC_B_SERIE_DU_JOUR              4m12s      4m10s      -2s  ✅  1 Rois 17
07:16:06 BLOC_B_SERIE_DU_JOUR              8m27s      8m24s      -3s  ✅  1 Rois 18
07:24:30 BLOC_B_SERIE_DU_JOUR              4m43s      4m41s      -2s  ✅  1 Rois 19
07:29:11 BLOC_B_SERIE_DU_JOUR              0m13s      0m10s      -3s  ✅  jingle avant louange 07 voici un temps de louange
07:29:21 BLOC_B_SERIE_DU_JOUR              8m22s      8m19s      -3s  ✅  Yeshua Hamashiach - Calabar HF
07:37:40 BLOC_B_SERIE_DU_JOUR              4m03s      4m01s      -2s  ✅  I Will Not Be Silent - Calabar HF
07:41:41 BLOC_B_SERIE_DU_JOUR              5m52s      5m49s      -3s  ✅  Where Two or Three are Gathered - Calabar HF
07:47:30 BLOC_B_SERIE_DU_JOUR              6m06s      6m04s      -2s  ✅  cantique  ta bonte
07:53:34 BLOC_B_SERIE_DU_JOUR              7m18s      7m15s      -3s  ✅  Holy is the Lord (Emmanuel Umoh)
08:00:49 BLOC_B_SERIE_DU_JOUR              7m51s      7m49s      -2s  ✅  There is no name  - Winnipeg Fellowship
08:08:38 BLOC_B_SERIE_DU_JOUR              3m12s      3m09s      -3s  ✅  esprit de dieu
08:11:47 BLOC_B_SERIE_DU_JOUR              8m25s      8m24s      -1s  ✅  The Mountains, Come and, Oh City - Ketu HF
08:20:11 BLOC_B_SERIE_DU_JOUR              4m20s      4m17s      -3s  ✅  There's A Mighty River Flowing - SWBN TV
08:24:28 BLOC_B_SERIE_DU_JOUR              7m36s      7m41s      +5s  ✅  There Is No Lie - SWBN TV
08:32:09 BLOC_B_SERIE_DU_JOUR              4m38s      4m35s      -3s  ✅  Josué 9
08:36:44 BLOC_B_SERIE_DU_JOUR              8m04s      8m02s      -2s  ✅  Josué 10
08:44:46 BLOC_B_SERIE_DU_JOUR              4m09s      4m06s      -3s  ✅  Josué 11
08:48:52 BLOC_B_SERIE_DU_JOUR              3m18s      3m16s      -2s  ✅  Josué 12
08:52:08 BLOC_B_SERIE_DU_JOUR              5m11s      5m08s      -3s  ✅  Josué 13
08:57:16 BLOC_B_SERIE_DU_JOUR              2m53s      2m53s      +0s  ✅  Josué 14
09:00:09 BLOC_B_SERIE_DU_JOUR              0m10s      0m07s      -3s  ✅  jingle avant louange 06 que la louange seleve
09:00:16 BLOC_B_SERIE_DU_JOUR              6m02s      5m58s      -4s  ✅  Rejoice - PHF
09:06:14 BLOC_B_SERIE_DU_JOUR             10m13s     10m10s      -3s  ✅  As We Worship - Toronto & Winnipeg HF
09:16:24 BLOC_B_SERIE_DU_JOUR              4m11s      4m09s      -2s  ✅  Cantique   Oh Éternel Dieu, Tu es le Dieu Incomparable
09:20:33 BLOC_B_SERIE_DU_JOUR              5m02s      5m00s      -2s  ✅  A Song Of Love
09:25:33 BLOC_B_SERIE_DU_JOUR              7m04s      7m01s      -3s  ✅  We Bless You Wonderful God  - Winnipeg Fellowship
09:32:34 BLOC_B_SERIE_DU_JOUR              6m19s      6m17s      -2s  ✅  Unto Him - CHF
09:38:51 BLOC_B_SERIE_DU_JOUR              4m48s      4m46s      -2s  ✅  Yeshua I'm Waiting for You  - Ketu HF
09:43:37 BLOC_B_SERIE_DU_JOUR              6m28s      6m25s      -3s  ✅  Le Bien-Etre Universel
09:50:02 BLOC_B_SERIE_DU_JOUR              7m20s      7m17s      -3s  ✅  The Glory -  PHF
09:57:19 BLOC_B_SERIE_DU_JOUR              0m13s      0m11s      -2s  ✅  jingle avant bible 07 place a la lecture de la bible
09:57:30 BLOC_B_SERIE_DU_JOUR              2m59s      2m56s      -3s  ✅  2 Timothée 1
10:00:26 BLOC_B_SERIE_DU_JOUR              3m52s      3m50s      -2s  ✅  2 Timothée 2
10:04:16 BLOC_B_SERIE_DU_JOUR              2m37s      2m34s      -3s  ✅  2 Timothée 3
10:06:50 BLOC_B_SERIE_DU_JOUR              3m09s      3m07s      -2s  ✅  2 Timothée 4
10:09:57 BLOC_B_SERIE_DU_JOUR              9m16s      9m14s      -2s  ✅  Genèse 41
10:19:11 BLOC_B_SERIE_DU_JOUR              6m00s      5m57s      -3s  ✅  Genèse 42
10:25:08 BLOC_B_SERIE_DU_JOUR              6m03s      6m00s      -3s  ✅  Genèse 43
10:31:08 BLOC_B_SERIE_DU_JOUR              5m32s      5m29s      -3s  ✅  Genèse 44
10:36:37 BLOC_B_SERIE_DU_JOUR              4m41s      4m38s      -3s  ✅  Genèse 45
10:41:15 BLOC_B_SERIE_DU_JOUR              0m11s      0m09s      -2s  ✅  jingle avant louange 05 elevons nos coeurs vers dieu
10:41:24 BLOC_B_SERIE_DU_JOUR              5m50s      5m47s      -3s  ✅  Jesus I'm Waiting for You (Mary Umoh)
10:47:11 BLOC_B_SERIE_DU_JOUR              4m08s      4m05s      -3s  ✅  I Choose the Way of the Lord - Abuja HF
10:51:16 BLOC_B_SERIE_DU_JOUR              7m37s      7m34s      -3s  ✅  Cantiques  Il a pris mes iniquités
10:58:50 BLOC_B_SERIE_DU_JOUR              5m15s      5m13s      -2s  ✅  Yahweh Be Praised - Abuja HF
11:04:03 BLOC_B_SERIE_DU_JOUR              9m23s      9m21s      -2s  ✅  10 minutes
11:13:24 BLOC_B_SERIE_DU_JOUR              7m09s      7m07s      -2s  ✅  My God Is Good - Winnipeg Fellowship
11:20:31 BLOC_B_SERIE_DU_JOUR              4m14s      4m11s      -3s  ✅  Mon modèle, c est Jésus
11:24:42 BLOC_B_SERIE_DU_JOUR              8m41s      8m38s      -3s  ✅  Unto Him (Vincent Opara)
11:33:20 BLOC_B_SERIE_DU_JOUR              5m45s      5m43s      -2s  ✅  How Precious Oh Lord
11:39:03 BLOC_B_SERIE_DU_JOUR              0m09s      0m10s      +1s  ✅  JINGLE
11:39:13 BLOC_B_SERIE_DU_JOUR              3m33s      3m30s      -3s  ✅  Apocalypse 6
11:42:43 BLOC_B_SERIE_DU_JOUR              3m14s      3m12s      -2s  ✅  Apocalypse 7
11:45:55 BLOC_B_SERIE_DU_JOUR              2m36s      2m33s      -3s  ✅  Apocalypse 8
11:48:28 BLOC_B_SERIE_DU_JOUR              3m50s      3m47s      -3s  ✅  Apocalypse 9
11:52:15 BLOC_B_SERIE_DU_JOUR              2m14s      2m12s      -2s  ✅  Apocalypse 10
11:54:27 BLOC_B_SERIE_DU_JOUR              3m52s      3m59s      +7s  ✅  Apocalypse 11
11:58:26 BLOC_B_SERIE_DU_JOUR              6m41s      6m38s      -3s  ✅  6 minutes
12:05:04 BLOC_C_SERIE_DU_JOUR              0m10s      0m11s      +1s  ✅  jingle avant message 01 voici le message du jour
12:05:15 BLOC_C_SERIE_DU_JOUR             26m00s     25m58s      -2s  ✅  la moisson 2 adé
12:31:13 BLOC_C_SERIE_DU_JOUR              0m13s      0m10s      -3s  ✅  jingle avant bible 07 place a la lecture de la bible
12:31:23 BLOC_C_SERIE_DU_JOUR              2m40s      2m37s      -3s  ✅  Amos 1
12:34:00 BLOC_C_SERIE_DU_JOUR              2m30s      2m28s      -2s  ✅  Amos 2
12:36:28 BLOC_C_SERIE_DU_JOUR              2m19s      2m17s      -2s  ✅  Amos 3
12:38:45 BLOC_C_SERIE_DU_JOUR              2m44s      2m41s      -3s  ✅  Amos 4
12:41:26 BLOC_C_SERIE_DU_JOUR              4m01s      3m59s      -2s  ✅  Amos 5
12:45:25 BLOC_C_SERIE_DU_JOUR              2m22s      2m19s      -3s  ✅  Amos 6
12:47:44 BLOC_C_SERIE_DU_JOUR              3m05s      3m02s      -3s  ✅  Amos 7
12:50:46 BLOC_C_SERIE_DU_JOUR              2m30s      2m28s      -2s  ✅  Amos 8
12:53:14 BLOC_C_SERIE_DU_JOUR              2m56s      2m54s      -2s  ✅  Amos 9
12:56:08 BLOC_C_SERIE_DU_JOUR              2m59s      2m56s      -3s  ✅  Philémon 1
12:59:04 BLOC_C_SERIE_DU_JOUR              3m26s      3m24s      -2s  ✅  Abdias 1
13:02:28 BLOC_C_SERIE_DU_JOUR              3m26s      3m24s      -2s  ✅  Éphésiens 1
13:05:52 BLOC_C_SERIE_DU_JOUR              3m16s      3m13s      -3s  ✅  Éphésiens 2
13:09:05 BLOC_C_SERIE_DU_JOUR              2m56s      2m54s      -2s  ✅  Éphésiens 3
13:11:59 BLOC_C_SERIE_DU_JOUR              4m53s      4m50s      -3s  ✅  Éphésiens 4
13:16:49 BLOC_C_SERIE_DU_JOUR              4m12s      4m10s      -2s  ✅  Éphésiens 5
13:20:59 BLOC_C_SERIE_DU_JOUR              3m21s      3m18s      -3s  ✅  Éphésiens 6
13:24:17 BLOC_C_SERIE_DU_JOUR              5m12s      5m10s      -2s  ✅  Romains 15
13:29:27 BLOC_C_SERIE_DU_JOUR              0m11s      0m09s      -2s  ✅  jingle avant louange 05 elevons nos coeurs vers dieu
13:29:36 BLOC_C_SERIE_DU_JOUR              6m56s      6m53s      -3s  ✅  As We Worship In Ypur Presence
13:36:29 BLOC_C_SERIE_DU_JOUR              8m31s      8m29s      -2s  ✅  Holy Holy - Abuja HF
13:44:58 BLOC_C_SERIE_DU_JOUR             10m24s     10m22s      -2s  ✅  Shine in Darkness O Lord  - Winnipeg Fellowship
13:55:20 BLOC_C_SERIE_DU_JOUR              7m21s      7m18s      -3s  ✅  For By My God - Toronto & Winnipeg HF
14:02:38 BLOC_C_SERIE_DU_JOUR              6m06s      6m03s      -3s  ✅  Good God - Asaba Fellowship
14:08:41 BLOC_C_SERIE_DU_JOUR              7m09s      7m07s      -2s  ✅  You're the Lamb (Abasiama Timothy)
14:15:48 BLOC_C_SERIE_DU_JOUR              5m47s      5m45s      -2s  ✅  We Ascribe Greatness - Abuja HF
14:21:33 BLOC_C_SERIE_DU_JOUR              5m48s      5m45s      -3s  ✅  Forever You Reign - Abuja HF
14:27:18 BLOC_C_SERIE_DU_JOUR              0m09s      0m07s      -2s  ✅  jingle avant bible 08 prenons un moment pour ecouter la parole
14:27:25 BLOC_C_SERIE_DU_JOUR              9m17s      9m15s      -2s  ✅  Luc 1
14:36:40 BLOC_C_SERIE_DU_JOUR              6m47s      6m44s      -3s  ✅  Luc 2
14:43:24 BLOC_C_SERIE_DU_JOUR              6m04s      6m02s      -2s  ✅  Luc 3
14:49:26 BLOC_C_SERIE_DU_JOUR              6m21s      6m26s      +5s  ✅  Luc 4
14:55:52 BLOC_C_SERIE_DU_JOUR              9m04s      9m01s      -3s  ✅  You're the Lamb - Calabar HF
15:04:53 BLOC_C_SERIE_DU_JOUR             11m53s     11m50s      -3s  ✅  Hashem - PHF
15:16:43 BLOC_C_SERIE_DU_JOUR              5m21s      5m19s      -2s  ✅  By the word of the lord - Ketu HF
15:22:02 BLOC_C_SERIE_DU_JOUR              8m18s      8m16s      -2s  ✅  Yahweh Is Mighty - SWBN TV
15:30:18 BLOC_C_SERIE_DU_JOUR              4m40s      4m37s      -3s  ✅  All in All - CHF
15:34:55 BLOC_C_SERIE_DU_JOUR              5m22s      5m20s      -2s  ✅  God's Got An Army - PHF
15:40:15 BLOC_C_SERIE_DU_JOUR              2m16s      2m13s      -3s  ✅  cantique  nous sommes le sel de la terre
15:42:28 BLOC_C_SERIE_DU_JOUR              3m41s      3m39s      -2s  ✅  Adorons l'Éternel GAEL - JÉSUS EST SEIGNEUR -
15:46:07 BLOC_C_SERIE_DU_JOUR             11m01s     10m58s      -3s  ✅  Great is, Ascribe - Ketu HF
15:57:05 BLOC_C_SERIE_DU_JOUR              0m10s      0m08s      -2s  ✅  jingle avant bible 06 ouvrons les saintes ecritures
15:57:13 BLOC_C_SERIE_DU_JOUR              3m40s      3m37s      -3s  ✅  1 Corinthiens 4
16:00:50 BLOC_C_SERIE_DU_JOUR              2m17s      2m15s      -2s  ✅  1 Corinthiens 5
16:03:05 BLOC_C_SERIE_DU_JOUR              3m19s      3m17s      -2s  ✅  1 Corinthiens 6
16:06:22 BLOC_C_SERIE_DU_JOUR              6m29s      6m26s      -3s  ✅  1 Corinthiens 7
16:12:48 BLOC_C_SERIE_DU_JOUR              2m04s      2m01s      -3s  ✅  1 Corinthiens 8
16:14:49 BLOC_C_SERIE_DU_JOUR              4m09s      4m06s      -3s  ✅  1 Corinthiens 9
16:18:55 BLOC_C_SERIE_DU_JOUR              4m48s      4m46s      -2s  ✅  1 Corinthiens 10
16:23:41 BLOC_C_SERIE_DU_JOUR              5m08s      5m06s      -2s  ✅  1 Corinthiens 11
16:28:47 BLOC_C_SERIE_DU_JOUR              4m41s      4m39s      -2s  ✅  1 Corinthiens 12
16:33:26 BLOC_C_SERIE_DU_JOUR              2m38s      2m35s      -3s  ✅  1 Corinthiens 13
16:36:01 BLOC_C_SERIE_DU_JOUR              6m31s      6m28s      -3s  ✅  1 Corinthiens 14
16:42:29 BLOC_C_SERIE_DU_JOUR              0m13s      0m11s      -2s  ✅  jingle avant louange 07 voici un temps de louange
16:42:40 BLOC_C_SERIE_DU_JOUR              8m21s      8m18s      -3s  ✅  My Heart Rejoices - Toronto HF
16:50:58 BLOC_C_SERIE_DU_JOUR              5m43s      5m41s      -2s  ✅  Cantique l Éternel est mon Berger (1)
16:56:39 BLOC_C_SERIE_DU_JOUR              5m10s      5m07s      -3s  ✅  I Will Call Upon The Lord
17:01:46 BLOC_C_SERIE_DU_JOUR              6m34s      6m32s      -2s  ✅  cantique  béni soit le dieu d israël
17:08:18 BLOC_C_SERIE_DU_JOUR              7m46s      7m43s      -3s  ✅  Arise Out of Zion  - Winnipeg Fellowship
17:16:01 BLOC_C_SERIE_DU_JOUR              5m18s      5m16s      -2s  ✅  Now is Come Salvation - Toronto HF
17:21:17 BLOC_C_SERIE_DU_JOUR              3m10s      3m07s      -3s  ✅  la Parole
17:24:24 BLOC_C_SERIE_DU_JOUR              8m10s      8m07s      -3s  ✅  Great and Marvellous - Ketu HF
17:32:31 BLOC_C_SERIE_DU_JOUR              7m17s      7m25s      +8s  ✅  cantique  tes promesses  pub direct dec 2021 import (2)
17:39:56 BLOC_C_SERIE_DU_JOUR              2m08s      2m05s      -3s  ✅  1 Chroniques 10
17:42:01 BLOC_C_SERIE_DU_JOUR              6m16s      6m14s      -2s  ✅  1 Chroniques 11
17:48:15 BLOC_C_SERIE_DU_JOUR              6m11s      6m08s      -3s  ✅  1 Chroniques 12
17:54:23 BLOC_C_SERIE_DU_JOUR              2m13s      2m10s      -3s  ✅  1 Chroniques 13
17:56:33 BLOC_C_SERIE_DU_JOUR              2m15s      2m12s      -3s  ✅  1 Chroniques 14
17:58:45 BLOC_C_SERIE_DU_JOUR              0m09s      0m10s      +1s  ✅  jingle id station 01 la bonne nouvelle partout
17:58:55 BLOC_C_SERIE_DU_JOUR              5m58s      5m55s      -3s  ✅  In Jesus - PHF
18:04:50 BLOC_D_SERIE_DU_JOUR              0m09s      0m06s      -3s  ✅  jingle avant message 03 vous ecoutez parole prophetique fm
18:04:56 BLOC_D_SERIE_DU_JOUR             26m00s     25m58s      -2s  ✅  la moisson 2 adé
18:30:54 BLOC_D_SERIE_DU_JOUR              0m10s      0m08s      -2s  ✅  jingle avant bible 06 ouvrons les saintes ecritures
18:31:02 BLOC_D_SERIE_DU_JOUR              4m27s      4m25s      -2s  ✅  Jude 1
18:35:27 BLOC_D_SERIE_DU_JOUR              2m56s      2m54s      -2s  ✅  Sophonie 1
18:38:21 BLOC_D_SERIE_DU_JOUR              2m46s      2m43s      -3s  ✅  Sophonie 2
18:41:04 BLOC_D_SERIE_DU_JOUR              3m46s      3m44s      -2s  ✅  Sophonie 3
18:44:48 BLOC_D_SERIE_DU_JOUR              5m52s      5m50s      -2s  ✅  Matthieu 25
18:50:38 BLOC_D_SERIE_DU_JOUR             10m10s     10m07s      -3s  ✅  Matthieu 26
19:00:45 BLOC_D_SERIE_DU_JOUR              8m43s      8m40s      -3s  ✅  Matthieu 27
19:09:25 BLOC_D_SERIE_DU_JOUR              2m44s      2m42s      -2s  ✅  Matthieu 28
19:12:07 BLOC_D_SERIE_DU_JOUR              3m42s      3m39s      -3s  ✅  2 Pierre 1
19:15:46 BLOC_D_SERIE_DU_JOUR              4m04s      4m01s      -3s  ✅  2 Pierre 2
19:19:47 BLOC_D_SERIE_DU_JOUR              3m17s      3m15s      -2s  ✅  2 Pierre 3
19:23:02 BLOC_D_SERIE_DU_JOUR              0m11s      0m08s      -3s  ✅  jingle avant louange 05 elevons nos coeurs vers dieu
19:23:10 BLOC_D_SERIE_DU_JOUR              6m07s      6m05s      -2s  ✅  There Is Forgiveness In Thee - SWBN TV
19:29:15 BLOC_D_SERIE_DU_JOUR              6m35s      6m32s      -3s  ✅  cantique   ta lumière
19:35:47 BLOC_D_SERIE_DU_JOUR              7m29s      7m27s      -2s  ✅  Hallelujah - PHF
19:43:14 BLOC_D_SERIE_DU_JOUR              3m19s      3m16s      -3s  ✅  Awaken My Heart
19:46:30 BLOC_D_SERIE_DU_JOUR              4m18s      4m16s      -2s  ✅  You Are Worthy - Ketu HF
19:50:46 BLOC_D_SERIE_DU_JOUR              5m04s      5m01s      -3s  ✅  I Enter The Holy of Holies - Port Harcourt HF
19:55:47 BLOC_D_SERIE_DU_JOUR              6m02s      6m00s      -2s  ✅  Crown Him Lord of Lords - Nonso Njoku
20:01:47 BLOC_D_SERIE_DU_JOUR              6m59s      6m56s      -3s  ✅  Hosanna - Toronto HF
20:08:43 BLOC_D_SERIE_DU_JOUR              4m05s      4m03s      -2s  ✅  Song Of Victory - Emmanuel Igunbor
20:12:46 BLOC_D_SERIE_DU_JOUR              6m13s      6m10s      -3s  ✅  Immortal God - Elohim Adonai - Abuja HF
20:18:56 BLOC_D_SERIE_DU_JOUR              0m13s      0m12s      -1s  ✅  jingle avant bible 07 place a la lecture de la bible
20:19:08 BLOC_D_SERIE_DU_JOUR              3m00s      2m57s      -3s  ✅  Jonas 1
20:22:05 BLOC_D_SERIE_DU_JOUR              1m22s      1m19s      -3s  ✅  Jonas 2
20:23:24 BLOC_D_SERIE_DU_JOUR              1m36s      1m33s      -3s  ✅  Jonas 3
20:24:57 BLOC_D_SERIE_DU_JOUR              1m57s      1m55s      -2s  ✅  Jonas 4
20:26:52 BLOC_D_SERIE_DU_JOUR              0m44s      0m41s      -3s  ✅  Psaumes 129
20:27:33 BLOC_D_SERIE_DU_JOUR              0m48s      0m46s      -2s  ✅  Psaumes 130
20:28:19 BLOC_D_SERIE_DU_JOUR              0m25s      0m22s      -3s  ✅  Psaumes 131
20:28:41 BLOC_D_SERIE_DU_JOUR              1m40s      1m37s      -3s  ✅  Psaumes 132
20:30:18 BLOC_D_SERIE_DU_JOUR              0m27s      0m25s      -2s  ✅  Psaumes 133
20:30:43 BLOC_D_SERIE_DU_JOUR              0m20s      0m17s      -3s  ✅  Psaumes 134
20:31:00 BLOC_D_SERIE_DU_JOUR              2m05s      2m03s      -2s  ✅  Psaumes 135
20:33:03 BLOC_D_SERIE_DU_JOUR              2m20s      2m17s      -3s  ✅  Psaumes 136
20:35:20 BLOC_D_SERIE_DU_JOUR              0m58s      0m55s      -3s  ✅  Psaumes 137
20:36:15 BLOC_D_SERIE_DU_JOUR              0m59s      0m56s      -3s  ✅  Psaumes 138
20:37:11 BLOC_D_SERIE_DU_JOUR              2m23s      2m21s      -2s  ✅  Psaumes 139
20:39:32 BLOC_D_SERIE_DU_JOUR              1m27s      1m24s      -3s  ✅  Psaumes 140
20:40:56 BLOC_D_SERIE_DU_JOUR              1m15s      1m13s      -2s  ✅  Psaumes 141
20:42:09 BLOC_D_SERIE_DU_JOUR              0m55s      0m53s      -2s  ✅  Psaumes 142
20:43:02 BLOC_D_SERIE_DU_JOUR              1m34s      1m32s      -2s  ✅  Psaumes 143
20:44:34 BLOC_D_SERIE_DU_JOUR              0m13s      0m10s      -3s  ✅  jingle avant louange 07 voici un temps de louange
20:44:44 BLOC_D_SERIE_DU_JOUR              6m54s      6m51s      -3s  ✅  There is no Lie (Imah Adegoke & Mary Umoh)
20:51:35 BLOC_D_SERIE_DU_JOUR              7m25s      7m23s      -2s  ✅  Victorious Is the Lamb - Winnipeg Fellowship
20:58:58 BLOC_D_SERIE_DU_JOUR              4m19s      4m16s      -3s  ✅  I Know The Blood - PHF
21:03:14 BLOC_D_SERIE_DU_JOUR              5m04s      5m02s      -2s  ✅  Guide Me - El ELyon - Abuja HF
21:08:16 BLOC_D_SERIE_DU_JOUR              3m24s      3m21s      -3s  ✅  Cantique sa miséricorde
21:11:37 BLOC_D_SERIE_DU_JOUR              5m10s      5m07s      -3s  ✅  Igwe
21:16:44 BLOC_D_SERIE_DU_JOUR              4m13s      4m11s      -2s  ✅  4 minutes
21:20:55 BLOC_D_SERIE_DU_JOUR              6m12s      6m09s      -3s  ✅  Praise the Lord All Ye Nations - Toronto HF
21:27:04 BLOC_D_SERIE_DU_JOUR              5m45s      5m43s      -2s  ✅  Ella Samuels - Oh Lord Our Maker
21:32:47 BLOC_D_SERIE_DU_JOUR              4m04s      4m08s      +4s  ✅  Ascribe Greatness - PHF
21:36:55 BLOC_D_SERIE_DU_JOUR              3m07s      3m05s      -2s  ✅  Joël 1
21:40:00 BLOC_D_SERIE_DU_JOUR              5m41s      5m38s      -3s  ✅  Joël 2
21:45:38 BLOC_D_SERIE_DU_JOUR              3m36s      3m34s      -2s  ✅  Joël 3
21:49:12 BLOC_D_SERIE_DU_JOUR              1m34s      1m31s      -3s  ✅  Ecclésiaste 11
21:50:43 BLOC_D_SERIE_DU_JOUR              2m16s      2m13s      -3s  ✅  Ecclésiaste 12
21:52:56 BLOC_D_SERIE_DU_JOUR              2m04s      2m02s      -2s  ✅  Osée 1
21:54:58 BLOC_D_SERIE_DU_JOUR              3m29s      3m26s      -3s  ✅  Osée 2
21:58:24 BLOC_D_SERIE_DU_JOUR              0m57s      0m55s      -2s  ✅  Osée 3
21:59:19 BLOC_D_SERIE_DU_JOUR              2m56s      2m54s      -2s  ✅  Osée 4
22:02:13 BLOC_D_SERIE_DU_JOUR              2m24s      2m21s      -3s  ✅  Osée 5
22:04:34 BLOC_D_SERIE_DU_JOUR              1m32s      1m29s      -3s  ✅  Osée 6
22:06:03 BLOC_D_SERIE_DU_JOUR              2m27s      2m24s      -3s  ✅  Osée 7
22:08:27 BLOC_D_SERIE_DU_JOUR              2m06s      2m04s      -2s  ✅  Osée 8
22:10:31 BLOC_D_SERIE_DU_JOUR              3m04s      3m01s      -3s  ✅  Osée 9
22:13:32 BLOC_D_SERIE_DU_JOUR              2m37s      2m42s      +5s  ✅  Osée 10
22:16:14 BLOC_D_SERIE_DU_JOUR              6m10s      6m08s      -2s  ✅  That I May Know Him - Toronto HF
22:22:22 BLOC_D_SERIE_DU_JOUR              9m24s      9m21s      -3s  ✅  I See Your Face - Toronto HF
22:31:43 BLOC_D_SERIE_DU_JOUR              8m12s      8m09s      -3s  ✅  Jesus is Alpha - PHF
22:39:52 BLOC_D_SERIE_DU_JOUR              2m20s      2m17s      -3s  ✅  cantique  heureux l homme qui ne marche pas selon
22:42:09 BLOC_D_SERIE_DU_JOUR              5m13s      5m11s      -2s  ✅  Il s'appelait Emmanuel - Marcel Boungou + Paroles
22:47:20 BLOC_D_SERIE_DU_JOUR              9m38s      9m35s      -3s  ✅  Holy are You oh Lord (Olaedo Uzoma & Vincent Opara)
22:56:55 BLOC_D_SERIE_DU_JOUR              5m08s      5m06s      -2s  ✅  He Has Given Me - PHF
23:02:01 BLOC_D_SERIE_DU_JOUR              5m57s      5m54s      -3s  ✅  You are God - Winnipeg Fellowship
23:07:55 BLOC_D_SERIE_DU_JOUR              0m09s      0m10s      +1s  ✅  JINGLE
23:08:05 BLOC_D_SERIE_DU_JOUR              3m53s      3m50s      -3s  ✅  Actes 1
23:11:55 BLOC_D_SERIE_DU_JOUR              6m21s      6m19s      -2s  ✅  Actes 2
23:18:14 BLOC_D_SERIE_DU_JOUR              3m35s      3m33s      -2s  ✅  Actes 3
23:21:47 BLOC_D_SERIE_DU_JOUR              5m24s      5m22s      -2s  ✅  Actes 4
23:27:09 BLOC_D_SERIE_DU_JOUR              0m09s      0m09s      +0s  ✅  jingle id station 01 la bonne nouvelle partout
23:27:18 BLOC_D_SERIE_DU_JOUR              4m44s      4m43s      -1s  ✅  Je veux vivre ton royaume
23:32:01 BLOC_E_LOUANGE_NUIT               5m58s      5m54s      -4s  ✅  In Jesus - PHF
23:37:55 BLOC_E_LOUANGE_NUIT               4m14s      4m12s      -2s  ✅  Mon modèle, c est Jésus
23:42:07 BLOC_E_LOUANGE_NUIT               3m22s      3m19s      -3s  ✅  Ses cheveux étaient blancs..
23:45:26 BLOC_E_LOUANGE_NUIT               5m47s      5m45s      -2s  ✅  We Ascribe Greatness - Abuja HF
23:51:11 BLOC_E_LOUANGE_NUIT               5m10s      5m08s      -2s  ✅  Igwe
23:56:19 BLOC_E_LOUANGE_NUIT               7m18s      5m17s    -121s  ❌ COUPÉ  Holy is the Lord (Emmanuel Umoh)
----------------------------------------------------------------------------------------------------
Bilan : 309 titres, 1 anomalie(s) (titre coupé de plus de 10s ou trou d'antenne). Gravité : 0 mineure(s) <1min · 1 sérieuse(s) 1-10min · 0 critique(s) >10min.

====================================================================================================
CONTRÔLES APPROFONDIS
====================================================================================================
MESSAGE DU JOUR « La moisson 2 » : 4 diffusion(s) pour 4 prévue(s) ✅
   00:03:19  (étiquette BLOC_A_SERIE_DU_JOUR)
   06:03:24  (étiquette BLOC_B_SERIE_DU_JOUR)
   12:05:15  (étiquette BLOC_C_SERIE_DU_JOUR)
   18:04:56  (étiquette BLOC_D_SERIE_DU_JOUR)
JINGLES : 29 joués / 36 prévus (81%) ⚠️   ·   BLOC_A 9/9 · BLOC_B 6/9 · BLOC_C 7/9 · BLOC_D 7/9
HORS FENÊTRE : aucun débordement de bloc détecté ✅
BOUCHE-TROUS : 1 titre(s) hors plan sans playlist ⚠️
   00:01:32  ?  (1m36s)
COUVERTURE : premier titre à 00:01:32 ✅ · dernier titre finit vers 00:03:37 (estimé) ✅

====================================================================================================
RÉEL vs PRÉVU — ce qui a joué vs ce que le plan prévoyait
====================================================================================================
----------------------------------------------------------------------------------------------------
BLOC_A  (00:00-06:00)  prévus  79 · atteignables  76 · joués  77 · conformité 100% · sautés  0 · en trop  1
   ➕  JOUÉ NON PRÉVU : ?
   ⏸️  FIN DE BLOC NON ATTEINTE (3 titres · ~18m11s) — marge anti-rebouclage au-delà de la fenêtre, normal : God is Building - Will You Be - Ketu HF · même humilié · Agunechemba - SWBN TV
----------------------------------------------------------------------------------------------------
BLOC_B  (06:00-12:00)  prévus  73 · atteignables  70 · joués  67 · conformité  96% · sautés  3 · en trop  0
   ⏭️  PRÉVU NON JOUÉ : jingle avant bible 08 prenons un moment pour ecouter la parole · jingle avant bible 06 ouvrons les saintes ecritures · jingle id station 02 radio evangile du royaume
   ⏸️  FIN DE BLOC NON ATTEINTE (3 titres · ~19m36s) — marge anti-rebouclage au-delà de la fenêtre, normal : The King is Here (Abasiama Timothy) · There is A Mighty River Flowing - Ketu HF · Oh Lord I Want to Know Your Glory - Port Harcourt HF
----------------------------------------------------------------------------------------------------
BLOC_C  (12:00-18:00)  prévus  78 · atteignables  75 · joués  73 · conformité  97% · sautés  2 · en trop  0
   ⏭️  PRÉVU NON JOUÉ : jingle avant louange 06 que la louange seleve · jingle id station 02 radio evangile du royaume
   ⏸️  FIN DE BLOC NON ATTEINTE (3 titres · ~24m56s) — marge anti-rebouclage au-delà de la fenêtre, normal : A jamais, tu seras l Agneau de Dieu · We Shall Come - Asaba Fellowship · Baruch Ha'ba B'Shem Adonai/Blessed Is He Who Comes in the Name of the Lord - Port Harcourt HF
----------------------------------------------------------------------------------------------------
BLOC_D  (18:00-23:30)  prévus  92 · atteignables  88 · joués  86 · conformité  98% · sautés  2 · en trop  0
   ⏭️  PRÉVU NON JOUÉ : jingle avant bible 08 prenons un moment pour ecouter la parole · jingle avant louange 06 que la louange seleve
   ⏸️  FIN DE BLOC NON ATTEINTE (4 titres · ~19m33s) — marge anti-rebouclage au-delà de la fenêtre, normal : jai donné ma vie à jésus (1) · We Shall Not Fear - Nonso Njoku · The Lord is my Light and Salvation - Nonso Njoku · qui est digne d ouvrir le livre
----------------------------------------------------------------------------------------------------
CONFORMITÉ GLOBALE : 302/309 titres atteignables joués dans l'ordre = 98%  (1 titre(s) hors plan · 13 non atteint(s) en fin de bloc, marge normale)
