Rapport de diffusion — 2026-06-20 (heures UTC)
222 titres joués | tolérance ±10s
====================================================================================================
HEURE    PLAYLIST                     FICHIER          RÉEL    ÉCART  STATUT  TITRE
----------------------------------------------------------------------------------------------------
03:31:58 BLOC_A_SERIE_DU_JOUR              2m21s      2m18s      -3s  ✅  Nahum 1
03:34:16 BLOC_A_SERIE_DU_JOUR              2m04s      2m01s      -3s  ✅  Nahum 2
03:36:17 BLOC_A_SERIE_DU_JOUR              3m02s      3m02s      +0s  ✅  Nahum 3
03:39:19 BLOC_A_SERIE_DU_JOUR              2m56s      2m53s      -3s  ✅  Sophonie 1
03:42:12 BLOC_A_SERIE_DU_JOUR              2m46s      2m42s      -4s  ✅  Sophonie 2
03:44:54 BLOC_A_SERIE_DU_JOUR              3m46s      3m44s      -2s  ✅  Sophonie 3
03:48:38 BLOC_A_SERIE_DU_JOUR              3m16s      3m14s      -2s  ✅  1 Jean 4
03:51:52 BLOC_A_SERIE_DU_JOUR              3m11s      3m09s      -2s  ✅  1 Jean 5
03:55:01 BLOC_A_SERIE_DU_JOUR              6m56s      6m54s      -2s  ✅  Nombres 22
04:01:55 BLOC_A_SERIE_DU_JOUR              4m50s      4m48s      -2s  ✅  Nombres 23
04:06:43 BLOC_A_SERIE_DU_JOUR              3m24s      3m21s      -3s  ✅  Cantique sa miséricorde
04:10:04 BLOC_A_SERIE_DU_JOUR              8m41s      8m38s      -3s  ✅  Unto Him (Vincent Opara)
04:18:42 BLOC_A_SERIE_DU_JOUR              6m12s      6m09s      -3s  ✅  The King is Here (Abasiama Timothy)
04:24:51 BLOC_A_SERIE_DU_JOUR              9m04s      9m01s      -3s  ✅  You're the Lamb - Calabar HF
04:33:52 BLOC_A_SERIE_DU_JOUR              4m15s      4m13s      -2s  ✅  Philippiens 1
04:38:05 BLOC_A_SERIE_DU_JOUR              4m28s      4m25s      -3s  ✅  Philippiens 2
04:42:30 BLOC_A_SERIE_DU_JOUR              3m26s      3m24s      -2s  ✅  Philippiens 3
04:45:54 BLOC_A_SERIE_DU_JOUR              3m39s      3m36s      -3s  ✅  Philippiens 4
04:49:30 BLOC_A_SERIE_DU_JOUR              4m35s      4m33s      -2s  ✅  Colossiens 1
04:54:03 BLOC_A_SERIE_DU_JOUR              4m44s      4m42s      -2s  ✅  Je veux vivre ton royaume
04:58:45 BLOC_A_SERIE_DU_JOUR              7m21s      7m18s      -3s  ✅  For By My God - Toronto & Winnipeg HF
05:06:03 BLOC_A_SERIE_DU_JOUR              6m06s      6m05s      -1s  ✅  Good God - Asaba Fellowship
05:12:08 BLOC_A_SERIE_DU_JOUR             10m59s     10m55s      -4s  ✅  Ézéchiel 16
05:23:03 BLOC_A_SERIE_DU_JOUR              4m55s      4m53s      -2s  ✅  Ézéchiel 17
05:27:56 BLOC_A_SERIE_DU_JOUR              5m23s      5m21s      -2s  ✅  Ézéchiel 18
05:33:17 BLOC_A_SERIE_DU_JOUR              2m02s      2m00s      -2s  ✅  Ézéchiel 19
05:35:17 BLOC_A_SERIE_DU_JOUR              8m25s      8m22s      -3s  ✅  Ézéchiel 20
05:43:39 BLOC_A_SERIE_DU_JOUR              5m35s      5m33s      -2s  ✅  Ézéchiel 21
05:49:12 BLOC_A_SERIE_DU_JOUR              7m46s      7m43s      -3s  ✅  Arise Out of Zion  - Winnipeg Fellowship
05:56:55 BLOC_A_SERIE_DU_JOUR              2m16s      2m13s      -3s  ✅  cantique  nous sommes le sel de la terre
05:59:08 BLOC_D_SERIE_DU_JOUR           1h12m03s   1h12m01s      -2s  ✅  nous faire part 1
07:11:09 BLOC_B_SERIE_DU_JOUR           1h13m31s   1h13m28s      -3s  ✅  nous faire part 2
08:24:37 BLOC_B_SERIE_DU_JOUR              2m20s      2m17s      -3s  ✅  Exode 11
08:26:54 BLOC_B_SERIE_DU_JOUR              8m38s      8m36s      -2s  ✅  Exode 12
08:35:30 BLOC_B_SERIE_DU_JOUR              4m17s      4m14s      -3s  ✅  Exode 13
08:39:44 BLOC_B_SERIE_DU_JOUR              6m00s      5m57s      -3s  ✅  Exode 14
08:45:41 BLOC_B_SERIE_DU_JOUR              5m12s      5m10s      -2s  ✅  Exode 15
08:50:51 BLOC_B_SERIE_DU_JOUR              7m23s      7m21s      -2s  ✅  Exode 16
08:58:12 BLOC_B_SERIE_DU_JOUR              3m21s      3m18s      -3s  ✅  Exode 17
09:01:30 BLOC_B_SERIE_DU_JOUR              5m03s      5m00s      -3s  ✅  Exode 18
09:06:30 BLOC_B_SERIE_DU_JOUR              4m26s      4m24s      -2s  ✅  Exode 19
09:10:54 BLOC_B_SERIE_DU_JOUR              4m11s      4m09s      -2s  ✅  Exode 20
09:15:03 BLOC_B_SERIE_DU_JOUR              5m43s      5m41s      -2s  ✅  Cantique l Éternel est mon Berger (1)
09:20:44 BLOC_B_SERIE_DU_JOUR              8m12s      8m09s      -3s  ✅  Jesus is Alpha - PHF
09:28:53 BLOC_B_SERIE_DU_JOUR              5m21s      5m18s      -3s  ✅  We Shall Not Fear - Nonso Njoku
09:34:11 BLOC_B_SERIE_DU_JOUR              2m40s      2m37s      -3s  ✅  Habacuc 1
09:36:48 BLOC_B_SERIE_DU_JOUR              3m24s      3m24s      +0s  ✅  Habacuc 2
09:40:12 BLOC_B_SERIE_DU_JOUR              3m11s      3m06s      -5s  ✅  Habacuc 3
09:43:18 BLOC_B_SERIE_DU_JOUR              3m46s      3m44s      -2s  ✅  Deutéronome 15
09:47:02 BLOC_B_SERIE_DU_JOUR              3m59s      3m56s      -3s  ✅  Deutéronome 16
09:50:58 BLOC_B_SERIE_DU_JOUR              3m44s      3m41s      -3s  ✅  Deutéronome 17
09:54:39 BLOC_B_SERIE_DU_JOUR              3m21s      3m18s      -3s  ✅  Deutéronome 18
09:57:57 BLOC_B_SERIE_DU_JOUR              5m58s      5m56s      -2s  ✅  In Jesus - PHF
10:03:53 BLOC_B_SERIE_DU_JOUR              2m20s      2m17s      -3s  ✅  cantique  heureux l homme qui ne marche pas selon
10:06:10 BLOC_B_SERIE_DU_JOUR              4m03s      4m02s      -1s  ✅  I Will Not Be Silent - Calabar HF
10:10:12 BLOC_B_SERIE_DU_JOUR              4m40s      4m35s      -5s  ✅  All in All - CHF
10:14:47 BLOC_B_SERIE_DU_JOUR              4m04s      4m01s      -3s  ✅  Ascribe Greatness - PHF
10:18:48 BLOC_B_SERIE_DU_JOUR              6m54s      6m52s      -2s  ✅  There is no Lie (Imah Adegoke & Mary Umoh)
10:25:40 BLOC_B_SERIE_DU_JOUR              5m57s      5m54s      -3s  ✅  You are God - Winnipeg Fellowship
10:31:34 BLOC_B_SERIE_DU_JOUR              2m25s      2m23s      -2s  ✅  Cantique des Cantiques 1
10:33:57 BLOC_B_SERIE_DU_JOUR              2m32s      2m29s      -3s  ✅  Cantique des Cantiques 2
10:36:26 BLOC_B_SERIE_DU_JOUR              1m53s      1m51s      -2s  ✅  Cantique des Cantiques 3
10:38:17 BLOC_B_SERIE_DU_JOUR              2m50s      2m47s      -3s  ✅  Cantique des Cantiques 4
10:41:04 BLOC_B_SERIE_DU_JOUR              2m54s      2m52s      -2s  ✅  Cantique des Cantiques 5
10:43:56 BLOC_B_SERIE_DU_JOUR              2m06s      2m03s      -3s  ✅  Cantique des Cantiques 6
10:45:59 BLOC_B_SERIE_DU_JOUR              1m57s      1m54s      -3s  ✅  Cantique des Cantiques 7
10:47:53 BLOC_B_SERIE_DU_JOUR              2m29s      2m28s      -1s  ✅  Cantique des Cantiques 8
10:50:21 BLOC_B_SERIE_DU_JOUR              2m12s      2m08s      -4s  ✅  2 Thessaloniciens 1
10:52:29 BLOC_B_SERIE_DU_JOUR              2m47s      2m45s      -2s  ✅  2 Thessaloniciens 2
10:55:14 BLOC_B_SERIE_DU_JOUR              2m35s      2m32s      -3s  ✅  2 Thessaloniciens 3
10:57:46 BLOC_B_SERIE_DU_JOUR              3m16s      3m13s      -3s  ✅  1 Timothée 1
11:00:59 BLOC_B_SERIE_DU_JOUR              2m10s      2m08s      -2s  ✅  1 Timothée 2
11:03:07 BLOC_B_SERIE_DU_JOUR              2m24s      2m21s      -3s  ✅  1 Timothée 3
11:05:28 BLOC_B_SERIE_DU_JOUR              2m29s      2m27s      -2s  ✅  1 Timothée 4
11:07:55 BLOC_B_SERIE_DU_JOUR             10m25s     10m23s      -2s  ✅  Holy Are You - PHF
11:18:18 BLOC_B_SERIE_DU_JOUR              5m52s      5m50s      -2s  ✅  Not Naked (Abasiama Timothy)
11:24:08 BLOC_B_SERIE_DU_JOUR              7m37s      7m34s      -3s  ✅  Cantiques  Il a pris mes iniquités
11:31:42 BLOC_B_SERIE_DU_JOUR              6m57s      6m54s      -3s  ✅  The Lord on High is Mightier - Toronto HF
11:38:36 BLOC_B_SERIE_DU_JOUR              7m19s      7m17s      -2s  ✅  You Have sworn By Your Holiness - Chidera Bisong
11:45:53 BLOC_B_SERIE_DU_JOUR              7m04s      7m01s      -3s  ✅  We Bless You Wonderful God  - Winnipeg Fellowship
11:52:54 BLOC_B_SERIE_DU_JOUR              4m36s      4m33s      -3s  ✅  Jean 10
11:57:27 BLOC_B_SERIE_DU_JOUR              6m58s      6m56s      -2s  ✅  Jean 11
12:04:23 BLOC_C_SERIE_DU_JOUR           1h13m31s   1h13m28s      -3s  ✅  nous faire part 2
13:17:51 BLOC_C_SERIE_DU_JOUR              2m20s      2m21s      +1s  ✅  Lamentations 5
13:20:12 BLOC_C_SERIE_DU_JOUR              2m57s      2m51s      -6s  ✅  Proverbes 17
13:23:03 BLOC_C_SERIE_DU_JOUR              2m16s      2m14s      -2s  ✅  Proverbes 18
13:25:17 BLOC_C_SERIE_DU_JOUR              3m01s      2m58s      -3s  ✅  Proverbes 19
13:28:15 BLOC_C_SERIE_DU_JOUR              2m55s      2m53s      -2s  ✅  Proverbes 20
13:31:08 BLOC_C_SERIE_DU_JOUR              3m08s      3m05s      -3s  ✅  Proverbes 21
13:34:13 BLOC_C_SERIE_DU_JOUR              2m52s      2m49s      -3s  ✅  Proverbes 22
13:37:02 BLOC_C_SERIE_DU_JOUR              3m16s      3m16s      +0s  ✅  Proverbes 23
13:40:18 BLOC_C_SERIE_DU_JOUR              3m13s      3m08s      -5s  ✅  Proverbes 24
13:43:26 BLOC_C_SERIE_DU_JOUR              2m58s      2m56s      -2s  ✅  Proverbes 25
13:46:22 BLOC_C_SERIE_DU_JOUR              2m45s      2m42s      -3s  ✅  Proverbes 26
13:49:04 BLOC_C_SERIE_DU_JOUR              2m40s      2m37s      -3s  ✅  Proverbes 27
13:51:41 BLOC_C_SERIE_DU_JOUR              3m06s      3m04s      -2s  ✅  Proverbes 28
13:54:45 BLOC_C_SERIE_DU_JOUR              2m39s      2m36s      -3s  ✅  Proverbes 29
13:57:21 BLOC_C_SERIE_DU_JOUR              3m27s      3m25s      -2s  ✅  Proverbes 30
14:00:46 BLOC_C_SERIE_DU_JOUR              2m34s      2m31s      -3s  ✅  Proverbes 31
14:03:17 BLOC_C_SERIE_DU_JOUR              4m56s      4m54s      -2s  ✅  Apocalypse 21
14:08:11 BLOC_C_SERIE_DU_JOUR              3m22s      3m19s      -3s  ✅  Ses cheveux étaient blancs..
14:11:30 BLOC_C_SERIE_DU_JOUR              6m28s      6m25s      -3s  ✅  Le Bien-Etre Universel
14:17:55 BLOC_C_SERIE_DU_JOUR              4m14s      4m12s      -2s  ✅  Mon modèle, c est Jésus
14:22:07 BLOC_C_SERIE_DU_JOUR              7m25s      7m22s      -3s  ✅  Victorious Is the Lamb - Winnipeg Fellowship
14:29:29 BLOC_C_SERIE_DU_JOUR              6m19s      6m17s      -2s  ✅  Unto Him - CHF
14:35:46 BLOC_C_SERIE_DU_JOUR              5m47s      5m44s      -3s  ✅  We Ascribe Greatness - Abuja HF
14:41:30 BLOC_C_SERIE_DU_JOUR              3m26s      3m24s      -2s  ✅  Éphésiens 1
14:44:54 BLOC_C_SERIE_DU_JOUR              3m16s      3m14s      -2s  ✅  Éphésiens 2
14:48:08 BLOC_C_SERIE_DU_JOUR              2m56s      2m53s      -3s  ✅  Éphésiens 3
14:51:01 BLOC_C_SERIE_DU_JOUR              4m53s      4m51s      -2s  ✅  Éphésiens 4
14:55:52 BLOC_C_SERIE_DU_JOUR              4m12s      4m10s      -2s  ✅  Éphésiens 5
15:00:02 BLOC_C_SERIE_DU_JOUR              3m21s      3m18s      -3s  ✅  Éphésiens 6
15:03:20 BLOC_C_SERIE_DU_JOUR              3m39s      3m36s      -3s  ✅  Ruth 1
15:06:56 BLOC_C_SERIE_DU_JOUR              6m15s      6m13s      -2s  ✅  Oh Lord I Want to Know Your Glory - Port Harcourt HF
15:13:09 BLOC_C_SERIE_DU_JOUR              5m45s      5m42s      -3s  ✅  How Precious Oh Lord
15:18:51 BLOC_C_SERIE_DU_JOUR              9m39s      9m37s      -2s  ✅  Psalm 93 - Port Harcourt HF
15:28:28 BLOC_C_SERIE_DU_JOUR              8m21s      8m18s      -3s  ✅  My Heart Rejoices - Toronto HF
15:36:46 BLOC_C_SERIE_DU_JOUR              7m09s      7m07s      -2s  ✅  My God Is Good - Winnipeg Fellowship
15:43:53 BLOC_C_SERIE_DU_JOUR              8m37s      8m35s      -2s  ✅  He Has Given Me & Emmanuel You Joy Over Us (Medley) (Abasiama Timothy & Imah Adegoke)
15:52:28 BLOC_C_SERIE_DU_JOUR              4m14s      4m12s      -2s  ✅  Josué 2
15:56:40 BLOC_C_SERIE_DU_JOUR              3m11s      3m08s      -3s  ✅  Josué 3
15:59:48 BLOC_C_SERIE_DU_JOUR              3m45s      3m42s      -3s  ✅  Josué 4
16:03:30 BLOC_C_SERIE_DU_JOUR              2m57s      2m54s      -3s  ✅  Josué 5
16:06:24 BLOC_C_SERIE_DU_JOUR              5m15s      5m13s      -2s  ✅  Josué 6
16:11:37 BLOC_C_SERIE_DU_JOUR              5m22s      5m19s      -3s  ✅  Josué 7
16:16:56 BLOC_C_SERIE_DU_JOUR              6m27s      6m24s      -3s  ✅  Josué 8
16:23:20 BLOC_C_SERIE_DU_JOUR              4m38s      4m35s      -3s  ✅  Josué 9
16:27:55 BLOC_C_SERIE_DU_JOUR              7m51s      7m49s      -2s  ✅  There is no name  - Winnipeg Fellowship
16:35:44 BLOC_C_SERIE_DU_JOUR              5m07s      5m04s      -3s  ✅  We Shall Come - Asaba Fellowship
16:40:48 BLOC_C_SERIE_DU_JOUR              6m04s      6m01s      -3s  ✅  Sing Unto the Lord a new Song  - Winnipeg Fellowship
16:46:49 BLOC_C_SERIE_DU_JOUR              5m48s      5m46s      -2s  ✅  Forever You Reign - Abuja HF
16:52:35 BLOC_C_SERIE_DU_JOUR              6m07s      6m05s      -2s  ✅  There Is Forgiveness In Thee - SWBN TV
16:58:40 BLOC_C_SERIE_DU_JOUR              5m10s      5m07s      -3s  ✅  I Will Call Upon The Lord
17:03:47 BLOC_C_SERIE_DU_JOUR              0m05s      0m05s      +0s  ✅  jingle avant bible 05 poursuivons notre lecture
17:03:52 BLOC_C_SERIE_DU_JOUR              4m48s      4m46s      -2s  ✅  1 Corinthiens 10
17:08:38 BLOC_C_SERIE_DU_JOUR              5m08s      5m06s      -2s  ✅  1 Corinthiens 11
17:13:44 BLOC_C_SERIE_DU_JOUR              4m41s      4m39s      -2s  ✅  1 Corinthiens 12
17:18:23 BLOC_C_SERIE_DU_JOUR              2m38s      2m35s      -3s  ✅  1 Corinthiens 13
17:20:58 BLOC_C_SERIE_DU_JOUR             11m01s     10m59s      -2s  ✅  Great is, Ascribe - Ketu HF
17:31:57 BLOC_C_SERIE_DU_JOUR              4m08s      4m05s      -3s  ✅  I Choose the Way of the Lord - Abuja HF
17:36:02 BLOC_C_SERIE_DU_JOUR              4m33s      4m31s      -2s  ✅  God is Building - Will You Be - Ketu HF
17:40:33 BLOC_C_SERIE_DU_JOUR              6m59s      6m56s      -3s  ✅  Hosanna - Toronto HF
17:47:29 BLOC_C_SERIE_DU_JOUR              0m07s      0m05s      -2s  ✅  Parole Prophétique FM
17:47:34 BLOC_C_SERIE_DU_JOUR              7m17s      7m20s      +3s  ✅  cantique  tes promesses  pub direct dec 2021 import (2)
17:54:54 BLOC_C_SERIE_DU_JOUR              0m04s      0m04s      +0s  ✅  jingle avant louange 03 continuons dans la louange
17:54:58 BLOC_C_SERIE_DU_JOUR              0m07s      0m15s      +8s  ✅  jingle avant louange 02 voici notre selection de cantiques
17:55:13 BLOC_C_SERIE_DU_JOUR              0m06s      0m13s      +7s  ✅  jingle avant bible 03 ecoutez la voix de dieu
17:55:26 BLOC_C_SERIE_DU_JOUR              0m06s      0m06s      +0s  ✅  jingle avant bible 01 la foi vient de ce quon entend
17:55:32 BLOC_C_SERIE_DU_JOUR              0m08s      0m09s      +1s  ✅  jingle avant message 02 enseignement parole de dieu
17:55:41 BLOC_C_SERIE_DU_JOUR              8m10s      8m08s      -2s  ✅  Agunechemba - SWBN TV
18:03:49 BLOC_C_SERIE_DU_JOUR              9m24s      9m22s      -2s  ✅  I See Your Face - Toronto HF
18:13:11 BLOC_D_SERIE_DU_JOUR              0m06s      0m06s      +0s  ✅  jingle avant bible 01 la foi vient de ce quon entend
18:13:17 BLOC_D_SERIE_DU_JOUR              1m43s      1m40s      -3s  ✅  Zacharie 13
18:14:57 BLOC_D_SERIE_DU_JOUR              4m06s      4m04s      -2s  ✅  Zacharie 14
18:19:01 BLOC_D_SERIE_DU_JOUR              1m11s      1m11s      +0s  ✅  Psaumes 28
18:20:12 BLOC_D_SERIE_DU_JOUR              1m05s      0m59s      -6s  ✅  Psaumes 29
18:21:11 BLOC_D_SERIE_DU_JOUR              1m17s      1m15s      -2s  ✅  Psaumes 30
18:22:26 BLOC_D_SERIE_DU_JOUR              3m00s      2m58s      -2s  ✅  Psaumes 31
18:25:24 BLOC_D_SERIE_DU_JOUR              1m25s      1m22s      -3s  ✅  Psaumes 32
18:26:46 BLOC_D_SERIE_DU_JOUR              2m04s      2m01s      -3s  ✅  Psaumes 33
18:28:47 BLOC_D_SERIE_DU_JOUR              2m05s      2m03s      -2s  ✅  Psaumes 34
18:30:50 BLOC_D_SERIE_DU_JOUR              3m04s      3m01s      -3s  ✅  Psaumes 35
18:33:51 BLOC_D_SERIE_DU_JOUR              1m18s      1m17s      -1s  ✅  Psaumes 36
18:35:08 BLOC_D_SERIE_DU_JOUR              3m49s      3m45s      -4s  ✅  Psaumes 37
18:38:53 BLOC_D_SERIE_DU_JOUR              1m58s      1m55s      -3s  ✅  Psaumes 38
18:40:48 BLOC_D_SERIE_DU_JOUR              1m32s      1m29s      -3s  ✅  Psaumes 39
18:42:17 BLOC_D_SERIE_DU_JOUR              2m20s      2m18s      -2s  ✅  Psaumes 40
18:44:35 BLOC_D_SERIE_DU_JOUR              1m21s      1m18s      -3s  ✅  Psaumes 41
18:45:53 BLOC_D_SERIE_DU_JOUR              1m31s      1m29s      -2s  ✅  Psaumes 42
18:47:22 BLOC_D_SERIE_DU_JOUR              0m46s      0m44s      -2s  ✅  Psaumes 43
18:48:06 BLOC_D_SERIE_DU_JOUR              2m30s      2m27s      -3s  ✅  Psaumes 44
18:50:33 BLOC_D_SERIE_DU_JOUR              2m02s      2m00s      -2s  ✅  Psaumes 45
18:52:33 BLOC_D_SERIE_DU_JOUR              1m13s      1m10s      -3s  ✅  Psaumes 46
18:53:43 BLOC_D_SERIE_DU_JOUR              0m49s      0m46s      -3s  ✅  Psaumes 47
18:54:29 BLOC_D_SERIE_DU_JOUR              1m26s      1m24s      -2s  ✅  Psaumes 48
18:55:53 BLOC_D_SERIE_DU_JOUR              1m52s      1m49s      -3s  ✅  Psaumes 49
18:57:42 BLOC_D_SERIE_DU_JOUR              2m10s      2m07s      -3s  ✅  Psaumes 50
18:59:49 BLOC_D_SERIE_DU_JOUR              1m59s      1m56s      -3s  ✅  Psaumes 51
19:01:45 BLOC_D_SERIE_DU_JOUR              0m06s      0m07s      +1s  ✅  jingle avant louange 01 place a la louange et adoration
19:01:52 BLOC_D_SERIE_DU_JOUR              8m25s      8m24s      -1s  ✅  The Mountains, Come and, Oh City - Ketu HF
19:10:16 BLOC_D_SERIE_DU_JOUR              5m50s      5m45s      -5s  ✅  Jesus I'm Waiting for You (Mary Umoh)
19:16:01 BLOC_D_SERIE_DU_JOUR             11m53s     11m50s      -3s  ✅  Hashem - PHF
19:27:51 BLOC_D_SERIE_DU_JOUR              5m18s      5m16s      -2s  ✅  Now is Come Salvation - Toronto HF
19:33:07 BLOC_D_SERIE_DU_JOUR              7m18s      7m16s      -2s  ✅  Holy is the Lord (Emmanuel Umoh)
19:40:23 BLOC_D_SERIE_DU_JOUR              6m02s      5m59s      -3s  ✅  Satisfy My Soul - Calabar HF
19:46:22 BLOC_D_SERIE_DU_JOUR              4m52s      4m56s      +4s  ✅  cantique   prends tout le contrôle
19:51:18 BLOC_D_SERIE_DU_JOUR              5m34s      5m31s      -3s  ✅  Daniel 6
19:56:49 BLOC_D_SERIE_DU_JOUR              5m29s      5m27s      -2s  ✅  Daniel 7
20:02:16 BLOC_D_SERIE_DU_JOUR              4m51s      4m49s      -2s  ✅  Daniel 8
20:07:05 BLOC_D_SERIE_DU_JOUR              5m57s      5m54s      -3s  ✅  Daniel 9
20:12:59 BLOC_D_SERIE_DU_JOUR              3m45s      3m43s      -2s  ✅  Daniel 10
20:16:42 BLOC_D_SERIE_DU_JOUR              0m05s      0m06s      +1s  ✅  jingle avant louange 04 suite de la selection musicale
20:16:48 BLOC_D_SERIE_DU_JOUR              9m23s      9m21s      -2s  ✅  10 minutes
20:26:09 BLOC_D_SERIE_DU_JOUR              5m10s      5m07s      -3s  ✅  Igwe
20:31:16 BLOC_D_SERIE_DU_JOUR              7m20s      7m18s      -2s  ✅  The Glory -  PHF
20:38:34 BLOC_D_SERIE_DU_JOUR              5m04s      5m02s      -2s  ✅  I Enter The Holy of Holies - Port Harcourt HF
20:43:36 BLOC_D_SERIE_DU_JOUR              5m22s      5m19s      -3s  ✅  God's Got An Army - PHF
20:48:55 BLOC_D_SERIE_DU_JOUR              4m11s      4m09s      -2s  ✅  Cantique   Oh Éternel Dieu, Tu es le Dieu Incomparable
20:53:04 BLOC_D_SERIE_DU_JOUR              8m58s      8m55s      -3s  ✅  El Elyon - Toronto & Winnipeg HF
21:01:59 BLOC_D_SERIE_DU_JOUR              3m19s      3m24s      +5s  ✅  Awaken My Heart
21:05:23 BLOC_D_SERIE_DU_JOUR              2m48s      2m46s      -2s  ✅  Juges 10
21:08:09 BLOC_D_SERIE_DU_JOUR              7m02s      7m01s      -1s  ✅  Juges 11
21:15:10 BLOC_D_SERIE_DU_JOUR              2m37s      2m32s      -5s  ✅  Juges 12
21:17:42 BLOC_D_SERIE_DU_JOUR              4m10s      4m08s      -2s  ✅  Juges 13
21:21:50 BLOC_D_SERIE_DU_JOUR              3m58s      3m56s      -2s  ✅  Juges 14
21:25:46 BLOC_D_SERIE_DU_JOUR              3m38s      3m35s      -3s  ✅  Juges 15
21:29:21 BLOC_D_SERIE_DU_JOUR              6m30s      6m28s      -2s  ✅  Juges 16
21:35:49 BLOC_D_SERIE_DU_JOUR              2m15s      2m12s      -3s  ✅  Juges 17
21:38:01 BLOC_D_SERIE_DU_JOUR              5m44s      5m41s      -3s  ✅  Juges 18
21:43:42 BLOC_D_SERIE_DU_JOUR              0m04s      0m04s      +0s  ✅  jingle avant louange 03 continuons dans la louange
21:43:46 BLOC_D_SERIE_DU_JOUR              2m57s      2m55s      -2s  ✅  You Are the Captain of the Host - Toronto HF
21:46:41 BLOC_D_SERIE_DU_JOUR              7m09s      7m07s      -2s  ✅  You're the Lamb (Abasiama Timothy)
21:53:48 BLOC_D_SERIE_DU_JOUR              4m11s      4m08s      -3s  ✅  jai donné ma vie à jésus (1)
21:57:56 BLOC_D_SERIE_DU_JOUR              3m04s      3m01s      -3s  ✅  The Lord is my Light and Salvation - Nonso Njoku
22:00:57 BLOC_D_SERIE_DU_JOUR              9m43s      9m41s      -2s  ✅  Thy Throne Oh Lord - Ketu HF
22:10:38 BLOC_D_SERIE_DU_JOUR              7m57s      7m54s      -3s  ✅  Yahweh is Mighty (Imah Adegoke)
22:18:32 BLOC_D_SERIE_DU_JOUR              8m31s      8m29s      -2s  ✅  Holy Holy - Abuja HF
22:27:01 BLOC_D_SERIE_DU_JOUR              5m45s      5m43s      -2s  ✅  Ella Samuels - Oh Lord Our Maker
22:32:44 BLOC_D_SERIE_DU_JOUR              0m01s      0m01s      +0s  ✅  jingle avant bible 04 restons a lecoute des ecritures
22:32:45 BLOC_B_SERIE_DU_JOUR           1h13m31s   1h13m29s      -2s  ✅  nous faire part 2
23:46:14 BLOC_D_SERIE_DU_JOUR              2m51s      2m59s      +8s  ✅  Ecclésiaste 8
23:49:13 BLOC_D_SERIE_DU_JOUR           1h08m39s          ?           ⏳ dernier titre (durée réelle inconnue)  nous faire part 3
----------------------------------------------------------------------------------------------------
Bilan : 222 titres, 0 anomalie(s) (titre coupé de plus de 10s ou trou d'antenne).
