====================================================================================================
MONITEUR RADIO — 2026-09-07 (synthèse des 3 rapports + plan, heures UTC)
====================================================================================================
État : ❌ incident(s) détecté(s)  ·  diffusion : 2 coupure(s)/trou(s), 0 double(s) message  ·  serveur : 5 incident(s)
SERVEUR (liquidsoap_events) :
   00:01:21  🌐 échec réseau AzuraCast/Liquidsoap  (×2)
   00:01:28  🔇 bascule sur jingle d'erreur (silence potentiel)  (×3)
RESET MINUIT : restart confirmé vers 00:02:03 · 3 contrôle(s) · ⚠️ doublon vu dans la file
INCIDENTS CORRÉLÉS (anomalie de diffusion ↔ cause serveur probable) :
   00:01:33  TROU 101s « jingle avant message 04 bienvenue sur parole prophetique fm »
          ↳ cause probable 00:01:28 : 🔇 bascule sur jingle d'erreur (silence potentiel)
   23:56:59  COUPÉ 141s « qui est digne d ouvrir le livre »
          ↳ aucune cause serveur à proximité (voir CONTRÔLES APPROFONDIS et RÉEL vs PRÉVU ci-dessous)
(Détail titre par titre, contrôles approfondis et RÉEL vs PRÉVU ci-dessous.)
Rapport de diffusion — 2026-09-07 (heures UTC)
320 titres joués | tolérance ±10s
====================================================================================================
HEURE    PLAYLIST                     FICHIER          RÉEL    ÉCART  STATUT  TITRE
----------------------------------------------------------------------------------------------------
00:01:33 BLOC_A_SERIE_DU_JOUR              0m10s      1m51s    +101s  ⚠️ TROU APRÈS  jingle avant message 04 bienvenue sur parole prophetique fm
00:03:24 BLOC_A_SERIE_DU_JOUR             10m07s     10m04s      -3s  ✅  2020 tian le pardon 2
00:13:28 BLOC_A_SERIE_DU_JOUR              0m10s      0m08s      -2s  ✅  jingle avant bible 06 ouvrons les saintes ecritures
00:13:36 BLOC_A_SERIE_DU_JOUR              4m54s      4m51s      -3s  ✅  Jean 9
00:18:27 BLOC_A_SERIE_DU_JOUR              4m36s      4m34s      -2s  ✅  Jean 10
00:23:01 BLOC_A_SERIE_DU_JOUR              6m58s      6m55s      -3s  ✅  Jean 11
00:29:56 BLOC_A_SERIE_DU_JOUR              6m14s      6m12s      -2s  ✅  Jean 12
00:36:08 BLOC_A_SERIE_DU_JOUR              4m51s      4m49s      -2s  ✅  Jean 13
00:40:57 BLOC_A_SERIE_DU_JOUR              3m52s      3m48s      -4s  ✅  Jean 14
00:44:45 BLOC_A_SERIE_DU_JOUR              3m22s      3m20s      -2s  ✅  Jean 15
00:48:05 BLOC_A_SERIE_DU_JOUR              4m20s      4m18s      -2s  ✅  Jean 16
00:52:23 BLOC_A_SERIE_DU_JOUR              3m14s      3m11s      -3s  ✅  Jean 17
00:55:34 BLOC_A_SERIE_DU_JOUR              5m40s      5m38s      -2s  ✅  Jean 18
01:01:12 BLOC_A_SERIE_DU_JOUR              6m09s      6m06s      -3s  ✅  Jean 19
01:07:18 BLOC_A_SERIE_DU_JOUR              4m27s      4m25s      -2s  ✅  Jean 20
01:11:43 BLOC_A_SERIE_DU_JOUR              0m11s      0m08s      -3s  ✅  jingle avant louange 05 elevons nos coeurs vers dieu
01:11:51 BLOC_A_SERIE_DU_JOUR              6m34s      6m31s      -3s  ✅  cantique  béni soit le dieu d israël
01:18:22 BLOC_A_SERIE_DU_JOUR              6m19s      6m17s      -2s  ✅  Unto Him - CHF
01:24:39 BLOC_A_SERIE_DU_JOUR              4m40s      4m37s      -3s  ✅  All in All - CHF
01:29:16 BLOC_A_SERIE_DU_JOUR              4m11s      4m09s      -2s  ✅  Cantique   Oh Éternel Dieu, Tu es le Dieu Incomparable
01:33:25 BLOC_A_SERIE_DU_JOUR              9m23s      9m21s      -2s  ✅  10 minutes
01:42:46 BLOC_A_SERIE_DU_JOUR              6m15s      6m12s      -3s  ✅  Oh Lord I Want to Know Your Glory - Port Harcourt HF
01:48:58 BLOC_A_SERIE_DU_JOUR              4m11s      4m09s      -2s  ✅  jai donné ma vie à jésus (1)
01:53:07 BLOC_A_SERIE_DU_JOUR             10m38s     10m35s      -3s  ✅  Be Exalted - PHF
02:03:42 BLOC_A_SERIE_DU_JOUR              3m41s      3m39s      -2s  ✅  Adorons l'Éternel GAEL - JÉSUS EST SEIGNEUR -
02:07:21 BLOC_A_SERIE_DU_JOUR              8m24s      8m21s      -3s  ✅  Bless Ye the Lord - PHF
02:15:42 BLOC_A_SERIE_DU_JOUR              0m13s      0m11s      -2s  ✅  jingle avant bible 07 place a la lecture de la bible
02:15:53 BLOC_A_SERIE_DU_JOUR              4m27s      4m24s      -3s  ✅  Jude 1
02:20:17 BLOC_A_SERIE_DU_JOUR              2m59s      2m57s      -2s  ✅  Philémon 1
02:23:14 BLOC_A_SERIE_DU_JOUR              3m46s      3m44s      -2s  ✅  Jérémie 40
02:26:58 BLOC_A_SERIE_DU_JOUR              3m43s      3m40s      -3s  ✅  Jérémie 41
02:30:38 BLOC_A_SERIE_DU_JOUR              3m58s      3m56s      -2s  ✅  Jérémie 42
02:34:34 BLOC_A_SERIE_DU_JOUR              2m34s      2m31s      -3s  ✅  Jérémie 43
02:37:05 BLOC_A_SERIE_DU_JOUR              6m43s      6m41s      -2s  ✅  Jérémie 44
02:43:46 BLOC_A_SERIE_DU_JOUR              1m02s      0m59s      -3s  ✅  Jérémie 45
02:44:45 BLOC_A_SERIE_DU_JOUR              0m13s      0m11s      -2s  ✅  jingle avant louange 07 voici un temps de louange
02:44:56 BLOC_A_SERIE_DU_JOUR             11m53s     11m50s      -3s  ✅  Hashem - PHF
02:56:46 BLOC_A_SERIE_DU_JOUR              2m20s      2m17s      -3s  ✅  cantique  heureux l homme qui ne marche pas selon
02:59:03 BLOC_A_SERIE_DU_JOUR              6m30s      6m27s      -3s  ✅  Praise the Lord of Host - Toronto HF
03:05:30 BLOC_A_SERIE_DU_JOUR              5m33s      5m31s      -2s  ✅  He Shall Feed His Flock - I Want to walk  - Ketu HF
03:11:01 BLOC_A_SERIE_DU_JOUR              6m41s      6m38s      -3s  ✅  6 minutes
03:17:39 BLOC_A_SERIE_DU_JOUR              6m02s      5m59s      -3s  ✅  Rejoice - PHF
03:23:38 BLOC_A_SERIE_DU_JOUR              6m54s      6m52s      -2s  ✅  There is no Lie (Imah Adegoke & Mary Umoh)
03:30:30 BLOC_A_SERIE_DU_JOUR              6m12s      6m09s      -3s  ✅  Praise the Lord All Ye Nations - Toronto HF
03:36:39 BLOC_A_SERIE_DU_JOUR              7m20s      7m25s      +5s  ✅  The Glory -  PHF
03:44:04 BLOC_A_SERIE_DU_JOUR              3m17s      3m14s      -3s  ✅  Esther 3
03:47:18 BLOC_A_SERIE_DU_JOUR              2m55s      2m53s      -2s  ✅  Esther 4
03:50:11 BLOC_A_SERIE_DU_JOUR              2m46s      2m42s      -4s  ✅  Esther 5
03:52:53 BLOC_A_SERIE_DU_JOUR              2m44s      2m41s      -3s  ✅  Esther 6
03:55:34 BLOC_A_SERIE_DU_JOUR              2m17s      2m15s      -2s  ✅  Esther 7
03:57:49 BLOC_A_SERIE_DU_JOUR              3m44s      3m42s      -2s  ✅  Esther 8
04:01:31 BLOC_A_SERIE_DU_JOUR              5m31s      5m28s      -3s  ✅  Esther 9
04:06:59 BLOC_A_SERIE_DU_JOUR              0m33s      0m31s      -2s  ✅  Esther 10
04:07:30 BLOC_A_SERIE_DU_JOUR              4m51s      4m49s      -2s  ✅  Actes 26
04:12:19 BLOC_A_SERIE_DU_JOUR              6m31s      6m29s      -2s  ✅  Actes 27
04:18:48 BLOC_A_SERIE_DU_JOUR              5m05s      5m02s      -3s  ✅  Actes 28
04:23:50 BLOC_A_SERIE_DU_JOUR              2m04s      2m02s      -2s  ✅  Osée 1
04:25:52 BLOC_A_SERIE_DU_JOUR              3m29s      3m26s      -3s  ✅  Osée 2
04:29:18 BLOC_A_SERIE_DU_JOUR              0m10s      0m08s      -2s  ✅  jingle avant louange 06 que la louange seleve
04:29:26 BLOC_A_SERIE_DU_JOUR              5m10s      5m08s      -2s  ✅  I Will Call Upon The Lord
04:34:34 BLOC_A_SERIE_DU_JOUR              7m37s      7m35s      -2s  ✅  Cantiques  Il a pris mes iniquités
04:42:09 BLOC_A_SERIE_DU_JOUR              5m15s      5m12s      -3s  ✅  Yahweh Be Praised - Abuja HF
04:47:21 BLOC_A_SERIE_DU_JOUR              2m16s      2m13s      -3s  ✅  cantique  nous sommes le sel de la terre
04:49:34 BLOC_A_SERIE_DU_JOUR              8m25s      8m22s      -3s  ✅  The Mountains, Come and, Oh City - Ketu HF
04:57:56 BLOC_A_SERIE_DU_JOUR              8m58s      8m55s      -3s  ✅  El Elyon - Toronto & Winnipeg HF
05:06:51 BLOC_A_SERIE_DU_JOUR              8m18s      8m18s      +0s  ✅  Yahweh Is Mighty - SWBN TV
05:15:09 BLOC_A_SERIE_DU_JOUR              9m23s      9m19s      -4s  ✅  Thou art Worthy Lord - PHF
05:24:28 BLOC_A_SERIE_DU_JOUR              6m13s      6m10s      -3s  ✅  Immortal God - Elohim Adonai - Abuja HF
05:30:38 BLOC_A_SERIE_DU_JOUR              0m12s      0m12s      +0s  ✅  jingle id station 03 notre mission annonce levangile
05:30:50 BLOC_A_SERIE_DU_JOUR              2m29s      2m27s      -2s  ✅  Cantique des Cantiques 8
05:33:17 BLOC_A_SERIE_DU_JOUR              2m07s      2m05s      -2s  ✅  2 Jean 1
05:35:22 BLOC_A_SERIE_DU_JOUR              3m16s      3m14s      -2s  ✅  1 Jean 4
05:38:36 BLOC_A_SERIE_DU_JOUR              3m11s      3m08s      -3s  ✅  1 Jean 5
05:41:44 BLOC_A_SERIE_DU_JOUR              2m05s      2m03s      -2s  ✅  3 Jean 1
05:43:47 BLOC_A_SERIE_DU_JOUR              2m20s      2m17s      -3s  ✅  Lamentations 5
05:46:04 BLOC_A_SERIE_DU_JOUR              3m32s      3m30s      -2s  ✅  Job 34
05:49:34 BLOC_A_SERIE_DU_JOUR              1m32s      1m29s      -3s  ✅  Job 35
05:51:03 BLOC_A_SERIE_DU_JOUR              0m09s      0m10s      +1s  ✅  jingle id station 01 la bonne nouvelle partout
05:51:13 BLOC_A_SERIE_DU_JOUR              6m35s      6m32s      -3s  ✅  cantique   ta lumière
05:57:45 BLOC_A_SERIE_DU_JOUR              5m02s      5m00s      -2s  ✅  A Song Of Love
06:02:45 BLOC_B_SERIE_DU_JOUR              0m10s      0m10s      +0s  ✅  jingle avant message 01 voici le message du jour
06:02:55 BLOC_B_SERIE_DU_JOUR             10m07s     10m05s      -2s  ✅  2020 tian le pardon 2
06:13:00 BLOC_B_SERIE_DU_JOUR              0m13s      0m11s      -2s  ✅  jingle avant bible 07 place a la lecture de la bible
06:13:11 BLOC_B_SERIE_DU_JOUR              4m37s      4m34s      -3s  ✅  1 Corinthiens 1
06:17:45 BLOC_B_SERIE_DU_JOUR              2m43s      2m41s      -2s  ✅  1 Corinthiens 2
06:20:26 BLOC_B_SERIE_DU_JOUR              3m26s      3m23s      -3s  ✅  1 Corinthiens 3
06:23:49 BLOC_B_SERIE_DU_JOUR              3m40s      3m38s      -2s  ✅  1 Corinthiens 4
06:27:27 BLOC_B_SERIE_DU_JOUR              2m17s      2m15s      -2s  ✅  1 Corinthiens 5
06:29:42 BLOC_B_SERIE_DU_JOUR              3m19s      3m16s      -3s  ✅  1 Corinthiens 6
06:32:58 BLOC_B_SERIE_DU_JOUR              6m29s      6m26s      -3s  ✅  1 Corinthiens 7
06:39:24 BLOC_B_SERIE_DU_JOUR              2m04s      2m02s      -2s  ✅  1 Corinthiens 8
06:41:26 BLOC_B_SERIE_DU_JOUR              4m09s      4m06s      -3s  ✅  1 Corinthiens 9
06:45:32 BLOC_B_SERIE_DU_JOUR              4m48s      4m46s      -2s  ✅  1 Corinthiens 10
06:50:18 BLOC_B_SERIE_DU_JOUR              5m08s      5m06s      -2s  ✅  1 Corinthiens 11
06:55:24 BLOC_B_SERIE_DU_JOUR              4m41s      4m39s      -2s  ✅  1 Corinthiens 12
07:00:03 BLOC_B_SERIE_DU_JOUR              2m38s      2m35s      -3s  ✅  1 Corinthiens 13
07:02:38 BLOC_B_SERIE_DU_JOUR              6m31s      6m28s      -3s  ✅  1 Corinthiens 14
07:09:06 BLOC_B_SERIE_DU_JOUR              8m34s      8m31s      -3s  ✅  1 Corinthiens 15
07:17:37 BLOC_B_SERIE_DU_JOUR              0m11s      0m09s      -2s  ✅  jingle avant louange 05 elevons nos coeurs vers dieu
07:17:46 BLOC_B_SERIE_DU_JOUR             11m54s     11m51s      -3s  ✅  Great & Marvelluos - Toronto HF
07:29:37 BLOC_B_SERIE_DU_JOUR              3m04s      3m01s      -3s  ✅  The Lord is my Light and Salvation - Nonso Njoku
07:32:38 BLOC_B_SERIE_DU_JOUR              6m02s      6m00s      -2s  ✅  Satisfy My Soul - Calabar HF
07:38:38 BLOC_B_SERIE_DU_JOUR             10m47s     10m44s      -3s  ✅  Abba, Singing a, I Will Sing - Ketu HF
07:49:22 BLOC_B_SERIE_DU_JOUR              7m25s      7m23s      -2s  ✅  Victorious Is the Lamb - Winnipeg Fellowship
07:56:45 BLOC_B_SERIE_DU_JOUR              7m46s      7m43s      -3s  ✅  Arise Out of Zion  - Winnipeg Fellowship
08:04:28 BLOC_B_SERIE_DU_JOUR             10m24s     10m22s      -2s  ✅  Shine in Darkness O Lord  - Winnipeg Fellowship
08:14:50 BLOC_B_SERIE_DU_JOUR              7m57s      7m55s      -2s  ✅  Yahweh is Mighty (Imah Adegoke)
08:22:45 BLOC_B_SERIE_DU_JOUR              0m10s      0m08s      -2s  ✅  jingle avant bible 06 ouvrons les saintes ecritures
08:22:53 BLOC_B_SERIE_DU_JOUR              3m34s      3m31s      -3s  ✅  Zacharie 1
08:26:24 BLOC_B_SERIE_DU_JOUR              1m51s      1m49s      -2s  ✅  Zacharie 2
08:28:13 BLOC_B_SERIE_DU_JOUR              1m46s      1m43s      -3s  ✅  Zacharie 3
08:29:56 BLOC_B_SERIE_DU_JOUR              2m06s      2m04s      -2s  ✅  Zacharie 4
08:32:00 BLOC_B_SERIE_DU_JOUR              1m38s      1m36s      -2s  ✅  Zacharie 5
08:33:36 BLOC_B_SERIE_DU_JOUR              2m22s      2m19s      -3s  ✅  Zacharie 6
08:35:55 BLOC_B_SERIE_DU_JOUR              2m07s      2m04s      -3s  ✅  Zacharie 7
08:37:59 BLOC_B_SERIE_DU_JOUR              3m51s      3m49s      -2s  ✅  Zacharie 8
08:41:48 BLOC_B_SERIE_DU_JOUR              3m12s      3m09s      -3s  ✅  Zacharie 9
08:44:57 BLOC_B_SERIE_DU_JOUR              2m13s      2m11s      -2s  ✅  Zacharie 10
08:47:08 BLOC_B_SERIE_DU_JOUR              2m53s      2m51s      -2s  ✅  Zacharie 11
08:49:59 BLOC_B_SERIE_DU_JOUR              2m38s      2m35s      -3s  ✅  Zacharie 12
08:52:34 BLOC_B_SERIE_DU_JOUR              0m10s      0m08s      -2s  ✅  jingle avant louange 06 que la louange seleve
08:52:42 BLOC_B_SERIE_DU_JOUR              9m31s      9m28s      -3s  ✅  15 at 01.33.50 (1)(1)
09:02:10 BLOC_B_SERIE_DU_JOUR              3m19s      3m16s      -3s  ✅  Awaken My Heart
09:05:26 BLOC_B_SERIE_DU_JOUR              4m14s      4m12s      -2s  ✅  Mon modèle, c est Jésus
09:09:38 BLOC_B_SERIE_DU_JOUR             11m01s     10m58s      -3s  ✅  Great is, Ascribe - Ketu HF
09:20:36 BLOC_B_SERIE_DU_JOUR              4m21s      4m18s      -3s  ✅  Sing Hallelujah - Abuja HF
09:24:54 BLOC_B_SERIE_DU_JOUR              8m10s      8m08s      -2s  ✅  Agunechemba - SWBN TV
09:33:02 BLOC_B_SERIE_DU_JOUR              5m45s      5m42s      -3s  ✅  How Precious Oh Lord
09:38:44 BLOC_B_SERIE_DU_JOUR              8m12s      8m10s      -2s  ✅  Jesus is Alpha - PHF
09:46:54 BLOC_B_SERIE_DU_JOUR              7m21s      7m18s      -3s  ✅  For By My God - Toronto & Winnipeg HF
09:54:12 BLOC_B_SERIE_DU_JOUR              0m09s      0m07s      -2s  ✅  jingle avant bible 08 prenons un moment pour ecouter la parole
09:54:19 BLOC_B_SERIE_DU_JOUR              2m37s      2m34s      -3s  ✅  Michée 1
09:56:53 BLOC_B_SERIE_DU_JOUR              2m20s      2m18s      -2s  ✅  Michée 2
09:59:11 BLOC_B_SERIE_DU_JOUR              2m05s      2m02s      -3s  ✅  Michée 3
10:01:13 BLOC_B_SERIE_DU_JOUR              2m34s      2m32s      -2s  ✅  Michée 4
10:03:45 BLOC_B_SERIE_DU_JOUR              2m20s      2m17s      -3s  ✅  Michée 5
10:06:02 BLOC_B_SERIE_DU_JOUR              2m37s      2m34s      -3s  ✅  Michée 6
10:08:36 BLOC_B_SERIE_DU_JOUR              3m27s      3m24s      -3s  ✅  Michée 7
10:12:00 BLOC_B_SERIE_DU_JOUR              4m38s      4m36s      -2s  ✅  1 Samuel 1
10:16:36 BLOC_B_SERIE_DU_JOUR              6m23s      6m21s      -2s  ✅  1 Samuel 2
10:22:57 BLOC_B_SERIE_DU_JOUR              3m29s      3m26s      -3s  ✅  1 Samuel 3
10:26:23 BLOC_B_SERIE_DU_JOUR              4m01s      3m59s      -2s  ✅  1 Samuel 4
10:30:22 BLOC_B_SERIE_DU_JOUR              2m25s      2m22s      -3s  ✅  1 Samuel 5
10:32:44 BLOC_B_SERIE_DU_JOUR              4m09s      4m07s      -2s  ✅  1 Samuel 6
10:36:51 BLOC_B_SERIE_DU_JOUR              2m51s      2m48s      -3s  ✅  1 Samuel 7
10:39:39 BLOC_B_SERIE_DU_JOUR              0m13s      0m10s      -3s  ✅  jingle avant louange 07 voici un temps de louange
10:39:49 BLOC_B_SERIE_DU_JOUR              4m33s      4m31s      -2s  ✅  God is Building - Will You Be - Ketu HF
10:44:20 BLOC_B_SERIE_DU_JOUR              5m07s      5m04s      -3s  ✅  We Shall Come - Asaba Fellowship
10:49:24 BLOC_B_SERIE_DU_JOUR              3m12s      3m10s      -2s  ✅  esprit de dieu
10:52:34 BLOC_B_SERIE_DU_JOUR              7m19s      7m16s      -3s  ✅  You Have sworn By Your Holiness - Chidera Bisong
10:59:50 BLOC_B_SERIE_DU_JOUR              8m21s      8m19s      -2s  ✅  In the Day of Your Power  - Winnipeg Fellowship
11:08:09 BLOC_B_SERIE_DU_JOUR              5m43s      5m40s      -3s  ✅  Cantique l Éternel est mon Berger (1)
11:13:49 BLOC_B_SERIE_DU_JOUR              5m13s      5m11s      -2s  ✅  Il s'appelait Emmanuel - Marcel Boungou + Paroles
11:19:00 BLOC_B_SERIE_DU_JOUR              4m44s      4m42s      -2s  ✅  Je veux vivre ton royaume
11:23:42 BLOC_B_SERIE_DU_JOUR              9m39s      9m37s      -2s  ✅  Psalm 93 - Port Harcourt HF
11:33:19 BLOC_B_SERIE_DU_JOUR              6m59s      7m06s      +7s  ✅  Hosanna - Toronto HF
11:40:25 BLOC_B_SERIE_DU_JOUR              2m26s      2m23s      -3s  ✅  Daniel 12
11:42:48 BLOC_B_SERIE_DU_JOUR              1m49s      1m47s      -2s  ✅  1 Thessaloniciens 1
11:44:35 BLOC_B_SERIE_DU_JOUR              3m29s      3m26s      -3s  ✅  1 Thessaloniciens 2
11:48:01 BLOC_B_SERIE_DU_JOUR              2m13s      2m11s      -2s  ✅  1 Thessaloniciens 3
11:50:12 BLOC_B_SERIE_DU_JOUR              3m03s      3m00s      -3s  ✅  1 Thessaloniciens 4
11:53:12 BLOC_B_SERIE_DU_JOUR              3m04s      3m01s      -3s  ✅  1 Thessaloniciens 5
11:56:13 BLOC_B_SERIE_DU_JOUR              2m40s      2m37s      -3s  ✅  Habacuc 1
11:58:50 BLOC_B_SERIE_DU_JOUR              3m24s      3m22s      -2s  ✅  Habacuc 2
12:02:12 BLOC_C_SERIE_DU_JOUR              0m10s      0m10s      +0s  ✅  jingle avant message 01 voici le message du jour
12:02:22 BLOC_C_SERIE_DU_JOUR             10m07s     10m05s      -2s  ✅  2020 tian le pardon 2
12:12:27 BLOC_C_SERIE_DU_JOUR              0m09s      0m07s      -2s  ✅  jingle avant bible 08 prenons un moment pour ecouter la parole
12:12:34 BLOC_C_SERIE_DU_JOUR              4m15s      4m12s      -3s  ✅  Philippiens 1
12:16:46 BLOC_C_SERIE_DU_JOUR              4m28s      4m26s      -2s  ✅  Philippiens 2
12:21:12 BLOC_C_SERIE_DU_JOUR              3m26s      3m23s      -3s  ✅  Philippiens 3
12:24:35 BLOC_C_SERIE_DU_JOUR              3m39s      3m36s      -3s  ✅  Philippiens 4
12:28:11 BLOC_C_SERIE_DU_JOUR              5m35s      5m33s      -2s  ✅  Ézéchiel 21
12:33:44 BLOC_C_SERIE_DU_JOUR              4m42s      4m39s      -3s  ✅  Ézéchiel 22
12:38:23 BLOC_C_SERIE_DU_JOUR              7m24s      7m21s      -3s  ✅  Ézéchiel 23
12:45:44 BLOC_C_SERIE_DU_JOUR              4m09s      4m06s      -3s  ✅  Ézéchiel 24
12:49:50 BLOC_C_SERIE_DU_JOUR              3m00s      2m57s      -3s  ✅  Ézéchiel 25
12:52:47 BLOC_C_SERIE_DU_JOUR              3m45s      3m43s      -2s  ✅  Ézéchiel 26
12:56:30 BLOC_C_SERIE_DU_JOUR              5m10s      5m08s      -2s  ✅  Ézéchiel 27
13:01:38 BLOC_C_SERIE_DU_JOUR              4m23s      4m21s      -2s  ✅  Ézéchiel 28
13:05:59 BLOC_C_SERIE_DU_JOUR              3m47s      3m44s      -3s  ✅  Ézéchiel 29
13:09:43 BLOC_C_SERIE_DU_JOUR              3m58s      3m55s      -3s  ✅  Ézéchiel 30
13:13:38 BLOC_C_SERIE_DU_JOUR              0m10s      0m08s      -2s  ✅  jingle avant louange 06 que la louange seleve
13:13:46 BLOC_C_SERIE_DU_JOUR              6m28s      6m26s      -2s  ✅  Le Bien-Etre Universel
13:20:12 BLOC_C_SERIE_DU_JOUR              5m52s      5m49s      -3s  ✅  Where Two or Three are Gathered - Calabar HF
13:26:01 BLOC_C_SERIE_DU_JOUR              7m18s      7m15s      -3s  ✅  Holy is the Lord (Emmanuel Umoh)
13:33:16 BLOC_C_SERIE_DU_JOUR             10m35s     10m32s      -3s  ✅  Baruch Ha'ba B'Shem Adonai/Blessed Is He Who Comes in the Name of the Lord - Port Harcourt HF
13:43:48 BLOC_C_SERIE_DU_JOUR              4m05s      4m03s      -2s  ✅  Song Of Victory - Emmanuel Igunbor
13:47:51 BLOC_C_SERIE_DU_JOUR              6m10s      6m07s      -3s  ✅  That I May Know Him - Toronto HF
13:53:58 BLOC_C_SERIE_DU_JOUR              3m22s      3m20s      -2s  ✅  Ses cheveux étaient blancs..
13:57:18 BLOC_C_SERIE_DU_JOUR              8m22s      8m19s      -3s  ✅  Yeshua Hamashiach - Calabar HF
14:05:37 BLOC_C_SERIE_DU_JOUR              6m06s      6m04s      -2s  ✅  Good God - Asaba Fellowship
14:11:41 BLOC_C_SERIE_DU_JOUR              0m10s      0m08s      -2s  ✅  jingle avant bible 06 ouvrons les saintes ecritures
14:11:49 BLOC_C_SERIE_DU_JOUR              3m07s      3m04s      -3s  ✅  Joël 1
14:14:53 BLOC_C_SERIE_DU_JOUR              5m41s      5m39s      -2s  ✅  Joël 2
14:20:32 BLOC_C_SERIE_DU_JOUR              3m36s      3m33s      -3s  ✅  Joël 3
14:24:05 BLOC_C_SERIE_DU_JOUR              3m00s      2m58s      -2s  ✅  Jonas 1
14:27:03 BLOC_C_SERIE_DU_JOUR              1m22s      1m19s      -3s  ✅  Jonas 2
14:28:22 BLOC_C_SERIE_DU_JOUR              1m36s      1m34s      -2s  ✅  Jonas 3
14:29:56 BLOC_C_SERIE_DU_JOUR              1m57s      1m55s      -2s  ✅  Jonas 4
14:31:51 BLOC_C_SERIE_DU_JOUR              2m32s      2m29s      -3s  ✅  Nombres 12
14:34:20 BLOC_C_SERIE_DU_JOUR              4m23s      4m21s      -2s  ✅  Nombres 13
14:38:41 BLOC_C_SERIE_DU_JOUR              6m43s      6m41s      -2s  ✅  Nombres 14
14:45:22 BLOC_C_SERIE_DU_JOUR              0m11s      0m08s      -3s  ✅  jingle avant louange 05 elevons nos coeurs vers dieu
14:45:30 BLOC_C_SERIE_DU_JOUR              5m19s      5m17s      -2s  ✅  Gabrielle LIDJI - Mélodie Céleste  by LFXA(Light FX Animation)_2
14:50:47 BLOC_C_SERIE_DU_JOUR              5m50s      5m47s      -3s  ✅  Jesus I'm Waiting for You (Mary Umoh)
14:56:34 BLOC_C_SERIE_DU_JOUR              4m52s      4m50s      -2s  ✅  God is Moving Us On - Ketu HF
15:01:24 BLOC_C_SERIE_DU_JOUR              7m09s      7m07s      -2s  ✅  My God Is Good - Winnipeg Fellowship
15:08:31 BLOC_C_SERIE_DU_JOUR              5m08s      5m05s      -3s  ✅  He Has Given Me - PHF
15:13:36 BLOC_C_SERIE_DU_JOUR              4m53s      4m51s      -2s  ✅  Cantique Jahweh, Tu es élevé au dessus de tout (1)
15:18:27 BLOC_C_SERIE_DU_JOUR              7m29s      7m26s      -3s  ✅  Hallelujah - PHF
15:25:53 BLOC_C_SERIE_DU_JOUR              6m12s      6m09s      -3s  ✅  The King is Here (Abasiama Timothy)
15:32:02 BLOC_C_SERIE_DU_JOUR             10m25s     10m23s      -2s  ✅  Holy Are You - PHF
15:42:25 BLOC_C_SERIE_DU_JOUR              5m21s      5m18s      -3s  ✅  We Shall Not Fear - Nonso Njoku
15:47:43 BLOC_C_SERIE_DU_JOUR              0m13s      0m11s      -2s  ✅  jingle avant bible 07 place a la lecture de la bible
15:47:54 BLOC_C_SERIE_DU_JOUR              5m40s      5m37s      -3s  ✅  Marc 1
15:53:31 BLOC_C_SERIE_DU_JOUR              4m21s      4m19s      -2s  ✅  Marc 2
15:57:50 BLOC_C_SERIE_DU_JOUR              4m15s      4m13s      -2s  ✅  Marc 3
16:02:03 BLOC_C_SERIE_DU_JOUR              5m27s      5m24s      -3s  ✅  Marc 4
16:07:27 BLOC_C_SERIE_DU_JOUR              5m38s      5m36s      -2s  ✅  Marc 5
16:13:03 BLOC_C_SERIE_DU_JOUR              7m58s      7m55s      -3s  ✅  Marc 6
16:20:58 BLOC_C_SERIE_DU_JOUR              4m56s      4m54s      -2s  ✅  Marc 7
16:25:52 BLOC_C_SERIE_DU_JOUR              5m26s      5m23s      -3s  ✅  Marc 8
16:31:15 BLOC_C_SERIE_DU_JOUR              6m45s      6m43s      -2s  ✅  Marc 9
16:37:58 BLOC_C_SERIE_DU_JOUR              0m13s      0m10s      -3s  ✅  jingle avant louange 07 voici un temps de louange
16:38:08 BLOC_C_SERIE_DU_JOUR              4m18s      4m16s      -2s  ✅  You Are Worthy - Ketu HF
16:42:24 BLOC_C_SERIE_DU_JOUR              7m36s      7m33s      -3s  ✅  There Is No Lie - SWBN TV
16:49:57 BLOC_C_SERIE_DU_JOUR              8m21s      8m19s      -2s  ✅  My Heart Rejoices - Toronto HF
16:58:16 BLOC_C_SERIE_DU_JOUR              4m03s      4m00s      -3s  ✅  I Will Not Be Silent - Calabar HF
17:02:16 BLOC_C_SERIE_DU_JOUR              6m06s      6m04s      -2s  ✅  cantique  ta bonte
17:08:20 BLOC_C_SERIE_DU_JOUR              6m57s      6m56s      -1s  ✅  The Lord on High is Mightier - Toronto HF
17:15:16 BLOC_C_SERIE_DU_JOUR              5m47s      5m44s      -3s  ✅  We Ascribe Greatness - Abuja HF
17:21:00 BLOC_C_SERIE_DU_JOUR              9m38s      9m35s      -3s  ✅  Holy are You oh Lord (Olaedo Uzoma & Vincent Opara)
17:30:35 BLOC_C_SERIE_DU_JOUR              7m04s      7m01s      -3s  ✅  We Bless You Wonderful God  - Winnipeg Fellowship
17:37:36 BLOC_C_SERIE_DU_JOUR              0m09s      0m10s      +1s  ✅  jingle id station 01 la bonne nouvelle partout
17:37:46 BLOC_C_SERIE_DU_JOUR              6m31s      6m29s      -2s  ✅  Lévitique 11
17:44:15 BLOC_C_SERIE_DU_JOUR              1m30s      1m27s      -3s  ✅  Lévitique 12
17:45:42 BLOC_C_SERIE_DU_JOUR             10m24s     10m22s      -2s  ✅  Lévitique 13
17:56:04 BLOC_C_SERIE_DU_JOUR              8m31s      8m34s      +3s  ✅  Lévitique 14
18:04:38 BLOC_D_SERIE_DU_JOUR             10m07s     10m12s      +5s  ✅  2020 tian le pardon 2
18:14:50 BLOC_D_SERIE_DU_JOUR              4m20s      4m17s      -3s  ✅  2 Corinthiens 1
18:19:07 BLOC_D_SERIE_DU_JOUR              2m49s      2m46s      -3s  ✅  2 Corinthiens 2
18:21:53 BLOC_D_SERIE_DU_JOUR              3m02s      3m00s      -2s  ✅  2 Corinthiens 3
18:24:53 BLOC_D_SERIE_DU_JOUR              3m24s      3m22s      -2s  ✅  2 Corinthiens 4
18:28:15 BLOC_D_SERIE_DU_JOUR              3m29s      3m26s      -3s  ✅  2 Corinthiens 5
18:31:41 BLOC_D_SERIE_DU_JOUR              3m03s      3m01s      -2s  ✅  2 Corinthiens 6
18:34:42 BLOC_D_SERIE_DU_JOUR              3m38s      3m36s      -2s  ✅  2 Corinthiens 7
18:38:18 BLOC_D_SERIE_DU_JOUR              4m06s      4m03s      -3s  ✅  2 Corinthiens 8
18:42:21 BLOC_D_SERIE_DU_JOUR              2m53s      2m52s      -1s  ✅  2 Corinthiens 9
18:45:13 BLOC_D_SERIE_DU_JOUR              3m24s      3m20s      -4s  ✅  2 Corinthiens 10
18:48:33 BLOC_D_SERIE_DU_JOUR              5m26s      5m24s      -2s  ✅  2 Corinthiens 11
18:53:57 BLOC_D_SERIE_DU_JOUR              4m28s      4m26s      -2s  ✅  2 Corinthiens 12
18:58:23 BLOC_D_SERIE_DU_JOUR              2m25s      2m22s      -3s  ✅  2 Corinthiens 13
19:00:45 BLOC_D_SERIE_DU_JOUR              5m43s      5m40s      -3s  ✅  1 Rois 15
19:06:25 BLOC_D_SERIE_DU_JOUR              6m13s      6m10s      -3s  ✅  1 Rois 16
19:12:35 BLOC_D_SERIE_DU_JOUR              0m11s      0m08s      -3s  ✅  jingle avant louange 05 elevons nos coeurs vers dieu
19:12:43 BLOC_D_SERIE_DU_JOUR              5m58s      5m56s      -2s  ✅  In Jesus - PHF
19:18:39 BLOC_D_SERIE_DU_JOUR              8m31s      8m28s      -3s  ✅  Holy Holy - Abuja HF
19:27:07 BLOC_D_SERIE_DU_JOUR              5m10s      5m08s      -2s  ✅  Igwe
19:32:15 BLOC_D_SERIE_DU_JOUR              5m04s      5m02s      -2s  ✅  I Enter The Holy of Holies - Port Harcourt HF
19:37:17 BLOC_D_SERIE_DU_JOUR              5m52s      5m50s      -2s  ✅  Not Naked (Abasiama Timothy)
19:43:07 BLOC_D_SERIE_DU_JOUR              9m04s      9m01s      -3s  ✅  You're the Lamb - Calabar HF
19:52:08 BLOC_D_SERIE_DU_JOUR              7m09s      7m06s      -3s  ✅  There is A Mighty River Flowing - Ketu HF
19:59:14 BLOC_D_SERIE_DU_JOUR              5m48s      5m46s      -2s  ✅  Forever You Reign - Abuja HF
20:05:00 BLOC_D_SERIE_DU_JOUR              5m04s      5m11s      +7s  ✅  Guide Me - El ELyon - Abuja HF
20:10:11 BLOC_D_SERIE_DU_JOUR              3m42s      3m38s      -4s  ✅  2 Pierre 1
20:13:49 BLOC_D_SERIE_DU_JOUR              4m04s      4m01s      -3s  ✅  2 Pierre 2
20:17:50 BLOC_D_SERIE_DU_JOUR              3m17s      3m14s      -3s  ✅  2 Pierre 3
20:21:04 BLOC_D_SERIE_DU_JOUR              2m43s      2m41s      -2s  ✅  Aggée 1
20:23:45 BLOC_D_SERIE_DU_JOUR              3m58s      3m55s      -3s  ✅  Aggée 2
20:27:40 BLOC_D_SERIE_DU_JOUR              4m11s      4m09s      -2s  ✅  2 Chroniques 31
20:31:49 BLOC_D_SERIE_DU_JOUR              6m19s      6m17s      -2s  ✅  2 Chroniques 32
20:38:06 BLOC_D_SERIE_DU_JOUR              0m13s      0m10s      -3s  ✅  jingle avant louange 07 voici un temps de louange
20:38:16 BLOC_D_SERIE_DU_JOUR              4m13s      4m11s      -2s  ✅  4 minutes
20:42:27 BLOC_D_SERIE_DU_JOUR              9m43s      9m40s      -3s  ✅  Thy Throne Oh Lord - Ketu HF
20:52:07 BLOC_D_SERIE_DU_JOUR              8m37s      8m35s      -2s  ✅  He Has Given Me & Emmanuel You Joy Over Us (Medley) (Abasiama Timothy & Imah Adegoke)
21:00:42 BLOC_D_SERIE_DU_JOUR              4m52s      4m50s      -2s  ✅  cantique   prends tout le contrôle
21:05:32 BLOC_D_SERIE_DU_JOUR              5m21s      5m19s      -2s  ✅  By the word of the lord - Ketu HF
21:10:51 BLOC_D_SERIE_DU_JOUR              7m51s      7m48s      -3s  ✅  There is no name  - Winnipeg Fellowship
21:18:39 BLOC_D_SERIE_DU_JOUR              8m10s      8m07s      -3s  ✅  Great and Marvellous - Ketu HF
21:26:46 BLOC_D_SERIE_DU_JOUR              6m57s      6m54s      -3s  ✅  qui est digne d ouvrir le livre
21:33:40 BLOC_D_SERIE_DU_JOUR              0m13s      0m11s      -2s  ✅  jingle avant bible 07 place a la lecture de la bible
21:33:51 BLOC_D_SERIE_DU_JOUR              3m16s      3m13s      -3s  ✅  1 Timothée 1
21:37:04 BLOC_D_SERIE_DU_JOUR              2m10s      2m08s      -2s  ✅  1 Timothée 2
21:39:12 BLOC_D_SERIE_DU_JOUR              2m24s      2m21s      -3s  ✅  1 Timothée 3
21:41:33 BLOC_D_SERIE_DU_JOUR              2m29s      2m27s      -2s  ✅  1 Timothée 4
21:44:00 BLOC_D_SERIE_DU_JOUR              3m45s      3m42s      -3s  ✅  1 Timothée 5
21:47:42 BLOC_D_SERIE_DU_JOUR              3m53s      3m50s      -3s  ✅  1 Timothée 6
21:51:32 BLOC_D_SERIE_DU_JOUR              1m22s      1m19s      -3s  ✅  Psaumes 92
21:52:51 BLOC_D_SERIE_DU_JOUR              0m42s      0m39s      -3s  ✅  Psaumes 93
21:53:30 BLOC_D_SERIE_DU_JOUR              2m07s      2m05s      -2s  ✅  Psaumes 94
21:55:35 BLOC_D_SERIE_DU_JOUR              1m13s      1m11s      -2s  ✅  Psaumes 95
21:56:46 BLOC_D_SERIE_DU_JOUR              1m30s      1m27s      -3s  ✅  Psaumes 96
21:58:13 BLOC_D_SERIE_DU_JOUR              1m18s      1m16s      -2s  ✅  Psaumes 97
21:59:29 BLOC_D_SERIE_DU_JOUR              1m05s      1m02s      -3s  ✅  Psaumes 98
22:00:31 BLOC_D_SERIE_DU_JOUR              1m06s      1m04s      -2s  ✅  Psaumes 99
22:01:35 BLOC_D_SERIE_DU_JOUR              0m37s      0m35s      -2s  ✅  Psaumes 100
22:02:10 BLOC_D_SERIE_DU_JOUR              1m07s      1m05s      -2s  ✅  Psaumes 101
22:03:15 BLOC_D_SERIE_DU_JOUR              2m38s      2m35s      -3s  ✅  Psaumes 102
22:05:50 BLOC_D_SERIE_DU_JOUR              2m09s      2m07s      -2s  ✅  Psaumes 103
22:07:57 BLOC_D_SERIE_DU_JOUR              3m33s      3m31s      -2s  ✅  Psaumes 104
22:11:28 BLOC_D_SERIE_DU_JOUR              3m50s      3m55s      +5s  ✅  Psaumes 105
22:15:23 BLOC_D_SERIE_DU_JOUR              6m02s      6m00s      -2s  ✅  Crown Him Lord of Lords - Nonso Njoku
22:21:23 BLOC_D_SERIE_DU_JOUR              5m22s      5m19s      -3s  ✅  God's Got An Army - PHF
22:26:42 BLOC_D_SERIE_DU_JOUR              7m09s      7m07s      -2s  ✅  You're the Lamb (Abasiama Timothy)
22:33:49 BLOC_D_SERIE_DU_JOUR              8m30s      8m28s      -2s  ✅  We Worship Adonai - PHF
22:42:17 BLOC_D_SERIE_DU_JOUR              6m07s      6m04s      -3s  ✅  There Is Forgiveness In Thee - SWBN TV
22:48:21 BLOC_D_SERIE_DU_JOUR              3m10s      3m08s      -2s  ✅  la Parole
22:51:29 BLOC_D_SERIE_DU_JOUR              7m17s      7m14s      -3s  ✅  cantique  tes promesses  pub direct dec 2021 import (2)
22:58:43 BLOC_D_SERIE_DU_JOUR              4m20s      4m18s      -2s  ✅  There's A Mighty River Flowing - SWBN TV
23:03:01 BLOC_D_SERIE_DU_JOUR              6m04s      6m02s      -2s  ✅  Sing Unto the Lord a new Song  - Winnipeg Fellowship
23:09:03 BLOC_D_SERIE_DU_JOUR              0m09s      0m10s      +1s  ✅  jingle id station 02 radio evangile du royaume
23:09:13 BLOC_D_SERIE_DU_JOUR              4m36s      4m34s      -2s  ✅  Néhémie 10
23:13:47 BLOC_D_SERIE_DU_JOUR              4m55s      4m52s      -3s  ✅  Néhémie 11
23:18:39 BLOC_D_SERIE_DU_JOUR              6m29s      6m26s      -3s  ✅  Néhémie 12
23:25:05 BLOC_D_SERIE_DU_JOUR              5m20s      5m18s      -2s  ✅  Néhémie 13
23:30:23 BLOC_E_LOUANGE_NUIT               5m50s      5m47s      -3s  ✅  Jesus I'm Waiting for You (Mary Umoh)
23:36:10 BLOC_E_LOUANGE_NUIT               7m37s      7m34s      -3s  ✅  Cantiques  Il a pris mes iniquités
23:43:44 BLOC_E_LOUANGE_NUIT               5m10s      5m08s      -2s  ✅  Igwe
23:48:52 BLOC_E_LOUANGE_NUIT               8m10s      8m07s      -3s  ✅  Agunechemba - SWBN TV
23:56:59 BLOC_E_LOUANGE_NUIT               6m57s      4m36s    -141s  ❌ COUPÉ  qui est digne d ouvrir le livre
----------------------------------------------------------------------------------------------------
Bilan : 320 titres, 2 anomalie(s) (titre coupé de plus de 10s ou trou d'antenne). Gravité : 0 mineure(s) <1min · 2 sérieuse(s) 1-10min · 0 critique(s) >10min.

====================================================================================================
CONTRÔLES APPROFONDIS
====================================================================================================
MESSAGE DU JOUR « Tian Le pardon 2 » : 4 diffusion(s) pour 4 prévue(s) ✅
   00:03:24  (étiquette BLOC_A_SERIE_DU_JOUR)
   06:02:55  (étiquette BLOC_B_SERIE_DU_JOUR)
   12:02:22  (étiquette BLOC_C_SERIE_DU_JOUR)
   18:04:38  (étiquette BLOC_D_SERIE_DU_JOUR)
JINGLES : 27 joués / 36 prévus (75%) ⚠️   ·   BLOC_A 8/9 · BLOC_B 7/9 · BLOC_C 8/9 · BLOC_D 4/9
HORS FENÊTRE : aucun débordement de bloc détecté ✅
BOUCHE-TROUS : aucun ✅
COUVERTURE : premier titre à 00:01:33 ✅ · dernier titre finit vers 00:03:56 (estimé) ✅

====================================================================================================
RÉEL vs PRÉVU — ce qui a joué vs ce que le plan prévoyait
====================================================================================================
----------------------------------------------------------------------------------------------------
BLOC_A  (00:00-06:00)  prévus  83 · atteignables  81 · joués  80 · conformité  99% · sautés  1 · en trop  0
   ⏭️  PRÉVU NON JOUÉ : jingle avant bible 08 prenons un moment pour ecouter la parole
   ⏸️  FIN DE BLOC NON ATTEINTE (2 titres · ~12m49s) — marge anti-rebouclage au-delà de la fenêtre, normal : I Choose the Way of the Lord - Abuja HF · Unto Him (Vincent Opara)
----------------------------------------------------------------------------------------------------
BLOC_B  (06:00-12:00)  prévus  92 · atteignables  85 · joués  84 · conformité  99% · sautés  1 · en trop  0
   ⏭️  PRÉVU NON JOUÉ : JINGLE
   ⏸️  FIN DE BLOC NON ATTEINTE (7 titres · ~34m24s) — marge anti-rebouclage au-delà de la fenêtre, normal : JINGLE · You Are the Captain of the Host - Toronto HF · As We Worship In Ypur Presence · You are God - Winnipeg Fellowship · Cantique sa miséricorde · Yeshua I'm Waiting for You  - Ketu HF  …(+1)
----------------------------------------------------------------------------------------------------
BLOC_C  (12:00-18:00)  prévus  80 · atteignables  74 · joués  74 · conformité 100% · sautés  0 · en trop  0
   ⏸️  FIN DE BLOC NON ATTEINTE (6 titres · ~27m08s) — marge anti-rebouclage au-delà de la fenêtre, normal : JINGLE · Hymne des vainqueurs · Ella Samuels - Oh Lord Our Maker · I Know The Blood - PHF · même humilié · Now is Come Salvation - Toronto HF
----------------------------------------------------------------------------------------------------
BLOC_D  (18:00-23:30)  prévus  85 · atteignables  81 · joués  77 · conformité  95% · sautés  4 · en trop  0
   ⏭️  PRÉVU NON JOUÉ : jingle avant message 03 vous ecoutez parole prophetique fm · jingle avant bible 08 prenons un moment pour ecouter la parole · jingle avant bible 06 ouvrons les saintes ecritures · jingle avant louange 06 que la louange seleve
   ⏸️  FIN DE BLOC NON ATTEINTE (4 titres · ~22m51s) — marge anti-rebouclage au-delà de la fenêtre, normal : JINGLE · I See Your Face - Toronto HF · Ascribe Greatness - PHF · A jamais, tu seras l Agneau de Dieu
----------------------------------------------------------------------------------------------------
CONFORMITÉ GLOBALE : 315/321 titres atteignables joués dans l'ordre = 98%  (0 titre(s) hors plan · 19 non atteint(s) en fin de bloc, marge normale)
