====================================================================================================
MONITEUR RADIO — 2026-10-05 (synthèse des 3 rapports + plan, heures UTC)
====================================================================================================
État : ❌ incident(s) détecté(s)  ·  diffusion : 2 coupure(s)/trou(s), 0 double(s) message  ·  serveur : 0 incident(s)
ATTENDU (sans effet à l'antenne, hors verdict) : 226 événement(s) serveur pendant la rotation (23h30-23h40) et le reset de minuit (00h00-00h03) · 2 titre(s) tronqué(s) par le redémarrage de minuit
SERVEUR : aucun incident hors fenêtres planifiées (ni crash, ni échec réseau, ni silence) ✅
   ↳ attendu, hors verdict : 00:01 🌐 échec réseau AzuraCast/Liquidsoap (×2) · 00:01 💥 crash Liquidsoap (redémarrage automatique) (×2) · 00:01 🔇 bascule sur jingle d'erreur (silence potentiel) (×3) · 23:32 🌐 échec réseau AzuraCast/Liquidsoap (×219)
RESET MINUIT : restart confirmé vers 00:02:12 · 3 contrôle(s) · file saine ✅
INCIDENTS CORRÉLÉS (anomalie de diffusion ↔ cause serveur probable) :
   00:01:41  TROU 96s « jingle avant message 05 vous etes a lecoute de levangile du royaume »
          ↳ cause probable 00:01:35 : 🔇 bascule sur jingle d'erreur (silence potentiel)
   12:00:08  TROU 22s « jingle avant message 05 vous etes a lecoute de levangile du royaume »
          ↳ aucune cause serveur à proximité (voir CONTRÔLES APPROFONDIS et RÉEL vs PRÉVU ci-dessous)
(Détail titre par titre, contrôles approfondis et RÉEL vs PRÉVU ci-dessous.)
Rapport de diffusion — 2026-10-05 (heures UTC)
323 titres joués | tolérance ±10s
====================================================================================================
HEURE    PLAYLIST                     FICHIER          RÉEL    ÉCART  STATUT  TITRE
----------------------------------------------------------------------------------------------------
00:00:10 015_REMPLISSAGE                   0m09s      1m31s     +82s  ⚠️ TROU APRÈS  jingle id station 02 radio evangile du royaume
00:01:41 BLOC_A_SERIE_DU_JOUR              0m11s      1m47s     +96s  ⚠️ TROU APRÈS  jingle avant message 05 vous etes a lecoute de levangile du royaume
00:03:28 BLOC_A_SERIE_DU_JOUR             25m57s     25m54s      -3s  ✅  la moisson 3 adé
00:29:22 BLOC_A_SERIE_DU_JOUR              0m09s      0m09s      +0s  ✅  jingle avant bible 08 prenons un moment pour ecouter la parole
00:29:31 BLOC_A_SERIE_DU_JOUR              4m56s      4m54s      -2s  ✅  Marc 7
00:34:25 BLOC_A_SERIE_DU_JOUR              5m26s      5m23s      -3s  ✅  Marc 8
00:39:48 BLOC_A_SERIE_DU_JOUR              6m45s      6m43s      -2s  ✅  Marc 9
00:46:31 BLOC_A_SERIE_DU_JOUR              7m16s      7m13s      -3s  ✅  Marc 10
00:53:44 BLOC_A_SERIE_DU_JOUR              4m42s      4m40s      -2s  ✅  Marc 11
00:58:24 BLOC_A_SERIE_DU_JOUR              7m12s      7m10s      -2s  ✅  Marc 12
01:05:34 BLOC_A_SERIE_DU_JOUR              5m09s      5m06s      -3s  ✅  Marc 13
01:10:40 BLOC_A_SERIE_DU_JOUR             10m25s     10m23s      -2s  ✅  Marc 14
01:21:03 BLOC_A_SERIE_DU_JOUR              5m51s      5m49s      -2s  ✅  Marc 15
01:26:52 BLOC_A_SERIE_DU_JOUR              0m10s      0m10s      +0s  ✅  jingle avant louange 06 que la louange seleve
01:27:02 BLOC_A_SERIE_DU_JOUR              5m28s      5m26s      -2s  ✅  même humilié
01:32:28 BLOC_A_SERIE_DU_JOUR              5m58s      5m55s      -3s  ✅  In Jesus - PHF
01:38:23 BLOC_A_SERIE_DU_JOUR              6m10s      6m07s      -3s  ✅  That I May Know Him - Toronto HF
01:44:30 BLOC_A_SERIE_DU_JOUR              9m14s      9m12s      -2s  ✅  A jamais, tu seras l Agneau de Dieu
01:53:42 BLOC_A_SERIE_DU_JOUR              5m21s      5m19s      -2s  ✅  By the word of the lord - Ketu HF
01:59:01 BLOC_A_SERIE_DU_JOUR              9m43s      9m40s      -3s  ✅  Thy Throne Oh Lord - Ketu HF
02:08:41 BLOC_A_SERIE_DU_JOUR              6m41s      6m38s      -3s  ✅  6 minutes
02:15:19 BLOC_A_SERIE_DU_JOUR              5m04s      5m02s      -2s  ✅  Guide Me - El ELyon - Abuja HF
02:20:21 BLOC_A_SERIE_DU_JOUR             10m25s     10m23s      -2s  ✅  Holy Are You - PHF
02:30:44 BLOC_A_SERIE_DU_JOUR              0m10s      0m11s      +1s  ✅  jingle avant bible 06 ouvrons les saintes ecritures
02:30:55 BLOC_A_SERIE_DU_JOUR              2m07s      2m05s      -2s  ✅  2 Jean 1
02:33:00 BLOC_A_SERIE_DU_JOUR              3m34s      3m31s      -3s  ✅  Zacharie 1
02:36:31 BLOC_A_SERIE_DU_JOUR              1m51s      1m49s      -2s  ✅  Zacharie 2
02:38:20 BLOC_A_SERIE_DU_JOUR              1m46s      1m43s      -3s  ✅  Zacharie 3
02:40:03 BLOC_A_SERIE_DU_JOUR              2m06s      2m04s      -2s  ✅  Zacharie 4
02:42:07 BLOC_A_SERIE_DU_JOUR              1m38s      1m36s      -2s  ✅  Zacharie 5
02:43:43 BLOC_A_SERIE_DU_JOUR              2m22s      2m19s      -3s  ✅  Zacharie 6
02:46:02 BLOC_A_SERIE_DU_JOUR              2m07s      2m05s      -2s  ✅  Zacharie 7
02:48:07 BLOC_A_SERIE_DU_JOUR              3m51s      3m48s      -3s  ✅  Zacharie 8
02:51:55 BLOC_A_SERIE_DU_JOUR              3m12s      3m09s      -3s  ✅  Zacharie 9
02:55:04 BLOC_A_SERIE_DU_JOUR              2m13s      2m11s      -2s  ✅  Zacharie 10
02:57:15 BLOC_A_SERIE_DU_JOUR              2m53s      2m51s      -2s  ✅  Zacharie 11
03:00:06 BLOC_A_SERIE_DU_JOUR              0m11s      0m11s      +0s  ✅  jingle avant louange 05 elevons nos coeurs vers dieu
03:00:17 BLOC_A_SERIE_DU_JOUR              7m09s      7m07s      -2s  ✅  You're the Lamb (Abasiama Timothy)
03:07:24 BLOC_A_SERIE_DU_JOUR              7m20s      7m17s      -3s  ✅  The Glory -  PHF
03:14:41 BLOC_A_SERIE_DU_JOUR             10m38s     10m37s      -1s  ✅  Be Exalted - PHF
03:25:18 BLOC_A_SERIE_DU_JOUR             10m35s     10m32s      -3s  ✅  Baruch Ha'ba B'Shem Adonai/Blessed Is He Who Comes in the Name of the Lord - Port Harcourt HF
03:35:50 BLOC_A_SERIE_DU_JOUR              9m31s      9m28s      -3s  ✅  15 at 01.33.50 (1)(1)
03:45:18 BLOC_A_SERIE_DU_JOUR              6m54s      6m51s      -3s  ✅  There is no Lie (Imah Adegoke & Mary Umoh)
03:52:09 BLOC_A_SERIE_DU_JOUR              5m08s      5m06s      -2s  ✅  He Has Given Me - PHF
03:57:15 BLOC_A_SERIE_DU_JOUR              0m13s      0m14s      +1s  ✅  jingle avant bible 07 place a la lecture de la bible
03:57:29 BLOC_A_SERIE_DU_JOUR              2m56s      2m54s      -2s  ✅  Osée 4
04:00:23 BLOC_A_SERIE_DU_JOUR              2m24s      2m20s      -4s  ✅  Osée 5
04:02:43 BLOC_A_SERIE_DU_JOUR              1m32s      1m30s      -2s  ✅  Osée 6
04:04:13 BLOC_A_SERIE_DU_JOUR              2m27s      2m24s      -3s  ✅  Osée 7
04:06:37 BLOC_A_SERIE_DU_JOUR              2m06s      2m03s      -3s  ✅  Osée 8
04:08:40 BLOC_A_SERIE_DU_JOUR              3m04s      3m02s      -2s  ✅  Osée 9
04:11:42 BLOC_A_SERIE_DU_JOUR              2m37s      2m34s      -3s  ✅  Osée 10
04:14:16 BLOC_A_SERIE_DU_JOUR              1m53s      1m51s      -2s  ✅  Osée 11
04:16:07 BLOC_A_SERIE_DU_JOUR              2m04s      2m02s      -2s  ✅  Osée 12
04:18:09 BLOC_A_SERIE_DU_JOUR              2m43s      2m40s      -3s  ✅  Osée 13
04:20:49 BLOC_A_SERIE_DU_JOUR              1m37s      1m35s      -2s  ✅  Osée 14
04:22:24 BLOC_A_SERIE_DU_JOUR              2m56s      2m54s      -2s  ✅  Sophonie 1
04:25:18 BLOC_A_SERIE_DU_JOUR              2m46s      2m43s      -3s  ✅  Sophonie 2
04:28:01 BLOC_A_SERIE_DU_JOUR              3m46s      3m44s      -2s  ✅  Sophonie 3
04:31:45 BLOC_A_SERIE_DU_JOUR              4m14s      4m11s      -3s  ✅  2 Samuel 16
04:35:56 BLOC_A_SERIE_DU_JOUR              5m34s      5m32s      -2s  ✅  2 Samuel 17
04:41:28 BLOC_A_SERIE_DU_JOUR              0m13s      0m13s      +0s  ✅  jingle avant louange 07 voici un temps de louange
04:41:41 BLOC_A_SERIE_DU_JOUR              2m16s      2m13s      -3s  ✅  cantique  nous sommes le sel de la terre
04:43:54 BLOC_A_SERIE_DU_JOUR              6m15s      6m14s      -1s  ✅  Oh Lord I Want to Know Your Glory - Port Harcourt HF
04:50:08 BLOC_A_SERIE_DU_JOUR              5m13s      5m10s      -3s  ✅  Il s'appelait Emmanuel - Marcel Boungou + Paroles
04:55:18 BLOC_A_SERIE_DU_JOUR              5m04s      5m02s      -2s  ✅  I Enter The Holy of Holies - Port Harcourt HF
05:00:20 BLOC_A_SERIE_DU_JOUR              5m45s      5m42s      -3s  ✅  How Precious Oh Lord
05:06:02 BLOC_A_SERIE_DU_JOUR              8m25s      8m22s      -3s  ✅  The Mountains, Come and, Oh City - Ketu HF
05:14:24 BLOC_A_SERIE_DU_JOUR              7m51s      7m49s      -2s  ✅  There is no name  - Winnipeg Fellowship
05:22:13 BLOC_A_SERIE_DU_JOUR              8m41s      8m38s      -3s  ✅  Unto Him (Vincent Opara)
05:30:51 BLOC_A_SERIE_DU_JOUR              4m13s      4m11s      -2s  ✅  4 minutes
05:35:02 BLOC_A_SERIE_DU_JOUR              8m58s      9m04s      +6s  ✅  El Elyon - Toronto & Winnipeg HF
05:44:06 BLOC_A_SERIE_DU_JOUR              2m20s      2m18s      -2s  ✅  Exode 11
05:46:24 BLOC_A_SERIE_DU_JOUR              8m38s      8m35s      -3s  ✅  Exode 12
05:54:59 BLOC_A_SERIE_DU_JOUR              4m17s      4m14s      -3s  ✅  Exode 13
05:59:13 015_REMPLISSAGE                   0m13s      0m13s      +0s  ✅  jingle avant louange 07 voici un temps de louange
05:59:26 015_REMPLISSAGE                   0m10s      0m11s      +1s  ✅  jingle avant louange 06 que la louange seleve
05:59:37 015_REMPLISSAGE                   0m09s      0m19s     +10s  ✅  jingle avant message 03 vous ecoutez parole prophetique fm
05:59:56 015_REMPLISSAGE                   0m13s      0m14s      +1s  ✅  jingle avant bible 07 place a la lecture de la bible
06:00:10 BLOC_B_SERIE_DU_JOUR              0m11s      0m11s      +0s  ✅  jingle avant message 05 vous etes a lecoute de levangile du royaume
06:00:21 BLOC_B_SERIE_DU_JOUR             25m57s     25m54s      -3s  ✅  la moisson 3 adé
06:26:15 BLOC_B_SERIE_DU_JOUR              0m09s      0m10s      +1s  ✅  jingle avant bible 08 prenons un moment pour ecouter la parole
06:26:25 BLOC_B_SERIE_DU_JOUR              2m40s      2m37s      -3s  ✅  Amos 1
06:29:02 BLOC_B_SERIE_DU_JOUR              2m30s      2m28s      -2s  ✅  Amos 2
06:31:30 BLOC_B_SERIE_DU_JOUR              2m19s      2m16s      -3s  ✅  Amos 3
06:33:46 BLOC_B_SERIE_DU_JOUR              2m44s      2m42s      -2s  ✅  Amos 4
06:36:28 BLOC_B_SERIE_DU_JOUR              4m01s      3m58s      -3s  ✅  Amos 5
06:40:26 BLOC_B_SERIE_DU_JOUR              2m22s      2m20s      -2s  ✅  Amos 6
06:42:46 BLOC_B_SERIE_DU_JOUR              3m05s      3m02s      -3s  ✅  Amos 7
06:45:48 BLOC_B_SERIE_DU_JOUR              2m30s      2m28s      -2s  ✅  Amos 8
06:48:16 BLOC_B_SERIE_DU_JOUR              2m56s      2m54s      -2s  ✅  Amos 9
06:51:10 BLOC_B_SERIE_DU_JOUR              1m49s      1m46s      -3s  ✅  1 Thessaloniciens 1
06:52:56 BLOC_B_SERIE_DU_JOUR              3m29s      3m27s      -2s  ✅  1 Thessaloniciens 2
06:56:23 BLOC_B_SERIE_DU_JOUR              2m13s      2m10s      -3s  ✅  1 Thessaloniciens 3
06:58:33 BLOC_B_SERIE_DU_JOUR              3m03s      3m00s      -3s  ✅  1 Thessaloniciens 4
07:01:33 BLOC_B_SERIE_DU_JOUR              3m04s      3m02s      -2s  ✅  1 Thessaloniciens 5
07:04:35 BLOC_B_SERIE_DU_JOUR              1m30s      1m28s      -2s  ✅  Lévitique 12
07:06:03 BLOC_B_SERIE_DU_JOUR             10m24s     10m21s      -3s  ✅  Lévitique 13
07:16:24 BLOC_B_SERIE_DU_JOUR              8m31s      8m28s      -3s  ✅  Lévitique 14
07:24:52 BLOC_B_SERIE_DU_JOUR              0m10s      0m11s      +1s  ✅  jingle avant louange 06 que la louange seleve
07:25:03 BLOC_B_SERIE_DU_JOUR              7m57s      7m55s      -2s  ✅  Yahweh is Mighty (Imah Adegoke)
07:32:58 BLOC_B_SERIE_DU_JOUR              8m10s      8m08s      -2s  ✅  Agunechemba - SWBN TV
07:41:06 BLOC_B_SERIE_DU_JOUR              3m10s      3m07s      -3s  ✅  la Parole
07:44:13 BLOC_B_SERIE_DU_JOUR              6m35s      6m33s      -2s  ✅  cantique   ta lumière
07:50:46 BLOC_B_SERIE_DU_JOUR              6m19s      6m16s      -3s  ✅  Unto Him - CHF
07:57:02 BLOC_B_SERIE_DU_JOUR              7m21s      7m18s      -3s  ✅  For By My God - Toronto & Winnipeg HF
08:04:20 BLOC_B_SERIE_DU_JOUR             10m47s     10m45s      -2s  ✅  Abba, Singing a, I Will Sing - Ketu HF
08:15:05 BLOC_B_SERIE_DU_JOUR             11m54s     11m51s      -3s  ✅  Great & Marvelluos - Toronto HF
08:26:56 BLOC_B_SERIE_DU_JOUR              0m10s      0m11s      +1s  ✅  jingle avant bible 06 ouvrons les saintes ecritures
08:27:07 BLOC_B_SERIE_DU_JOUR              2m04s      2m01s      -3s  ✅  Nahum 2
08:29:08 BLOC_B_SERIE_DU_JOUR              3m02s      3m00s      -2s  ✅  Nahum 3
08:32:08 BLOC_B_SERIE_DU_JOUR              3m25s      3m23s      -2s  ✅  2 Rois 24
08:35:31 BLOC_B_SERIE_DU_JOUR              5m32s      5m29s      -3s  ✅  2 Rois 25
08:41:00 BLOC_B_SERIE_DU_JOUR              1m55s      1m52s      -3s  ✅  Esdras 1
08:42:52 BLOC_B_SERIE_DU_JOUR              6m11s      6m08s      -3s  ✅  Esdras 2
08:49:00 BLOC_B_SERIE_DU_JOUR              2m56s      2m54s      -2s  ✅  Esdras 3
08:51:54 BLOC_B_SERIE_DU_JOUR              4m24s      4m22s      -2s  ✅  Esdras 4
08:56:16 BLOC_B_SERIE_DU_JOUR              0m11s      0m11s      +0s  ✅  jingle avant louange 05 elevons nos coeurs vers dieu
08:56:27 BLOC_B_SERIE_DU_JOUR              6m34s      6m31s      -3s  ✅  cantique  béni soit le dieu d israël
09:02:58 BLOC_B_SERIE_DU_JOUR              6m30s      6m28s      -2s  ✅  Praise the Lord of Host - Toronto HF
09:09:26 BLOC_B_SERIE_DU_JOUR              4m05s      4m03s      -2s  ✅  Song Of Victory - Emmanuel Igunbor
09:13:29 BLOC_B_SERIE_DU_JOUR              5m07s      5m04s      -3s  ✅  We Shall Come - Asaba Fellowship
09:18:33 BLOC_B_SERIE_DU_JOUR              6m09s      6m07s      -2s  ✅  Hymne des vainqueurs
09:24:40 BLOC_B_SERIE_DU_JOUR              3m19s      3m16s      -3s  ✅  Awaken My Heart
09:27:56 BLOC_B_SERIE_DU_JOUR              4m21s      4m18s      -3s  ✅  Sing Hallelujah - Abuja HF
09:32:14 BLOC_B_SERIE_DU_JOUR              6m13s      6m11s      -2s  ✅  Immortal God - Elohim Adonai - Abuja HF
09:38:25 BLOC_B_SERIE_DU_JOUR              3m04s      3m01s      -3s  ✅  The Lord is my Light and Salvation - Nonso Njoku
09:41:26 BLOC_B_SERIE_DU_JOUR              4m20s      4m18s      -2s  ✅  There's A Mighty River Flowing - SWBN TV
09:45:44 BLOC_B_SERIE_DU_JOUR              8m24s      8m21s      -3s  ✅  Bless Ye the Lord - PHF
09:54:05 BLOC_B_SERIE_DU_JOUR              0m13s      0m13s      +0s  ✅  jingle avant bible 07 place a la lecture de la bible
09:54:18 BLOC_B_SERIE_DU_JOUR              1m40s      1m38s      -2s  ✅  1 Jean 1
09:55:56 BLOC_B_SERIE_DU_JOUR              4m39s      4m37s      -2s  ✅  1 Jean 2
10:00:33 BLOC_B_SERIE_DU_JOUR              3m34s      3m31s      -3s  ✅  1 Jean 3
10:04:04 BLOC_B_SERIE_DU_JOUR              3m16s      3m14s      -2s  ✅  1 Jean 4
10:07:18 BLOC_B_SERIE_DU_JOUR              3m11s      3m09s      -2s  ✅  1 Jean 5
10:10:27 BLOC_B_SERIE_DU_JOUR              5m51s      5m48s      -3s  ✅  Jean 1
10:16:15 BLOC_B_SERIE_DU_JOUR              2m52s      2m50s      -2s  ✅  Jean 2
10:19:05 BLOC_B_SERIE_DU_JOUR              4m30s      4m28s      -2s  ✅  Jean 3
10:23:33 BLOC_B_SERIE_DU_JOUR              6m42s      6m39s      -3s  ✅  Jean 4
10:30:12 BLOC_B_SERIE_DU_JOUR              5m23s      5m21s      -2s  ✅  Jean 5
10:35:33 BLOC_B_SERIE_DU_JOUR              8m24s      8m21s      -3s  ✅  Jean 6
10:43:54 BLOC_B_SERIE_DU_JOUR              0m13s      0m13s      +0s  ✅  jingle avant louange 07 voici un temps de louange
10:44:07 BLOC_B_SERIE_DU_JOUR              9m39s      9m37s      -2s  ✅  Psalm 93 - Port Harcourt HF
10:53:44 BLOC_B_SERIE_DU_JOUR              6m06s      6m03s      -3s  ✅  Good God - Asaba Fellowship
10:59:47 BLOC_B_SERIE_DU_JOUR              5m43s      5m40s      -3s  ✅  Cantique l Éternel est mon Berger (1)
11:05:27 BLOC_B_SERIE_DU_JOUR              2m20s      2m18s      -2s  ✅  cantique  heureux l homme qui ne marche pas selon
11:07:45 BLOC_B_SERIE_DU_JOUR              6m02s      5m59s      -3s  ✅  Rejoice - PHF
11:13:44 BLOC_B_SERIE_DU_JOUR              9m38s      9m36s      -2s  ✅  Holy are You oh Lord (Olaedo Uzoma & Vincent Opara)
11:23:20 BLOC_B_SERIE_DU_JOUR              5m10s      5m07s      -3s  ✅  Igwe
11:28:27 BLOC_B_SERIE_DU_JOUR              6m56s      6m54s      -2s  ✅  As We Worship In Ypur Presence
11:35:21 BLOC_B_SERIE_DU_JOUR              5m52s      5m49s      -3s  ✅  Where Two or Three are Gathered - Calabar HF
11:41:10 BLOC_B_SERIE_DU_JOUR              0m12s      0m12s      +0s  ✅  jingle id station 03 notre mission annonce levangile
11:41:22 BLOC_B_SERIE_DU_JOUR              2m05s      2m03s      -2s  ✅  Psaumes 34
11:43:25 BLOC_B_SERIE_DU_JOUR              3m04s      3m01s      -3s  ✅  Psaumes 35
11:46:26 BLOC_B_SERIE_DU_JOUR              1m18s      1m15s      -3s  ✅  Psaumes 36
11:47:41 BLOC_B_SERIE_DU_JOUR              3m49s      3m47s      -2s  ✅  Psaumes 37
11:51:28 BLOC_B_SERIE_DU_JOUR              1m58s      1m55s      -3s  ✅  Psaumes 38
11:53:23 BLOC_B_SERIE_DU_JOUR              1m32s      1m29s      -3s  ✅  Psaumes 39
11:54:52 BLOC_B_SERIE_DU_JOUR              2m20s      2m18s      -2s  ✅  Psaumes 40
11:57:10 BLOC_B_SERIE_DU_JOUR              1m21s      1m18s      -3s  ✅  Psaumes 41
11:58:28 BLOC_B_SERIE_DU_JOUR              1m31s      1m29s      -2s  ✅  Psaumes 42
11:59:57 015_REMPLISSAGE                   0m09s      0m11s      +2s  ✅  JINGLE
12:00:08 015_REMPLISSAGE                   0m11s      0m33s     +22s  ⚠️ TROU APRÈS  jingle avant message 05 vous etes a lecoute de levangile du royaume
12:00:41 015_REMPLISSAGE                   0m12s      0m12s      +0s  ✅  jingle id station 03 notre mission annonce levangile
12:00:53 BLOC_C_SERIE_DU_JOUR             25m57s     25m54s      -3s  ✅  la moisson 3 adé
12:26:47 BLOC_C_SERIE_DU_JOUR              0m13s      0m13s      +0s  ✅  jingle avant bible 07 place a la lecture de la bible
12:27:00 BLOC_C_SERIE_DU_JOUR              4m33s      4m31s      -2s  ✅  1 Pierre 1
12:31:31 BLOC_C_SERIE_DU_JOUR              4m17s      4m14s      -3s  ✅  1 Pierre 2
12:35:45 BLOC_C_SERIE_DU_JOUR              3m50s      3m47s      -3s  ✅  1 Pierre 3
12:39:32 BLOC_C_SERIE_DU_JOUR              3m13s      3m10s      -3s  ✅  1 Pierre 4
12:42:42 BLOC_C_SERIE_DU_JOUR              2m15s      2m13s      -2s  ✅  1 Pierre 5
12:44:55 BLOC_C_SERIE_DU_JOUR              2m40s      2m37s      -3s  ✅  Habacuc 1
12:47:32 BLOC_C_SERIE_DU_JOUR              3m24s      3m21s      -3s  ✅  Habacuc 2
12:50:53 BLOC_C_SERIE_DU_JOUR              3m11s      3m09s      -2s  ✅  Habacuc 3
12:54:02 BLOC_C_SERIE_DU_JOUR              2m12s      2m09s      -3s  ✅  2 Thessaloniciens 1
12:56:11 BLOC_C_SERIE_DU_JOUR              2m47s      2m45s      -2s  ✅  2 Thessaloniciens 2
12:58:56 BLOC_C_SERIE_DU_JOUR              2m35s      2m32s      -3s  ✅  2 Thessaloniciens 3
13:01:28 BLOC_C_SERIE_DU_JOUR              8m58s      8m55s      -3s  ✅  1 Rois 22
13:10:23 BLOC_C_SERIE_DU_JOUR              4m27s      4m25s      -2s  ✅  Jude 1
13:14:48 BLOC_C_SERIE_DU_JOUR              3m26s      3m23s      -3s  ✅  Abdias 1
13:18:11 BLOC_C_SERIE_DU_JOUR              6m09s      6m07s      -2s  ✅  Actes 19
13:24:18 BLOC_C_SERIE_DU_JOUR              0m10s      0m11s      +1s  ✅  jingle avant louange 06 que la louange seleve
13:24:29 BLOC_C_SERIE_DU_JOUR              4m18s      4m16s      -2s  ✅  You Are Worthy - Ketu HF
13:28:45 BLOC_C_SERIE_DU_JOUR              4m44s      4m41s      -3s  ✅  Je veux vivre ton royaume
13:33:26 BLOC_C_SERIE_DU_JOUR             10m24s     10m22s      -2s  ✅  Shine in Darkness O Lord  - Winnipeg Fellowship
13:43:48 BLOC_C_SERIE_DU_JOUR              4m04s      4m01s      -3s  ✅  Ascribe Greatness - PHF
13:47:49 BLOC_C_SERIE_DU_JOUR              8m10s      8m08s      -2s  ✅  Great and Marvellous - Ketu HF
13:55:57 BLOC_C_SERIE_DU_JOUR             11m01s     10m58s      -3s  ✅  Great is, Ascribe - Ketu HF
14:06:55 BLOC_C_SERIE_DU_JOUR              6m28s      6m25s      -3s  ✅  Le Bien-Etre Universel
14:13:20 BLOC_C_SERIE_DU_JOUR              8m21s      8m19s      -2s  ✅  In the Day of Your Power  - Winnipeg Fellowship
14:21:39 BLOC_C_SERIE_DU_JOUR              0m10s      0m10s      +0s  ✅  jingle avant bible 06 ouvrons les saintes ecritures
14:21:49 BLOC_C_SERIE_DU_JOUR              4m35s      4m33s      -2s  ✅  Colossiens 1
14:26:22 BLOC_C_SERIE_DU_JOUR              3m46s      3m44s      -2s  ✅  Colossiens 2
14:30:06 BLOC_C_SERIE_DU_JOUR              3m44s      3m41s      -3s  ✅  Colossiens 3
14:33:47 BLOC_C_SERIE_DU_JOUR              2m56s      2m54s      -2s  ✅  Colossiens 4
14:36:41 BLOC_C_SERIE_DU_JOUR              2m18s      2m15s      -3s  ✅  Néhémie 1
14:38:56 BLOC_C_SERIE_DU_JOUR              4m01s      3m59s      -2s  ✅  Néhémie 2
14:42:55 BLOC_C_SERIE_DU_JOUR              5m28s      5m25s      -3s  ✅  Néhémie 3
14:48:20 BLOC_C_SERIE_DU_JOUR              3m46s      3m44s      -2s  ✅  Néhémie 4
14:52:04 BLOC_C_SERIE_DU_JOUR              0m13s      0m13s      +0s  ✅  jingle avant louange 07 voici un temps de louange
14:52:17 BLOC_C_SERIE_DU_JOUR              2m57s      2m55s      -2s  ✅  You Are the Captain of the Host - Toronto HF
14:55:12 BLOC_C_SERIE_DU_JOUR              7m09s      7m06s      -3s  ✅  There is A Mighty River Flowing - Ketu HF
15:02:18 BLOC_C_SERIE_DU_JOUR              4m03s      4m00s      -3s  ✅  I Will Not Be Silent - Calabar HF
15:06:18 BLOC_C_SERIE_DU_JOUR              4m11s      4m09s      -2s  ✅  jai donné ma vie à jésus (1)
15:10:27 BLOC_C_SERIE_DU_JOUR              7m46s      7m43s      -3s  ✅  Arise Out of Zion  - Winnipeg Fellowship
15:18:10 BLOC_C_SERIE_DU_JOUR              5m33s      5m31s      -2s  ✅  He Shall Feed His Flock - I Want to walk  - Ketu HF
15:23:41 BLOC_C_SERIE_DU_JOUR              5m45s      5m42s      -3s  ✅  Ella Samuels - Oh Lord Our Maker
15:29:23 BLOC_C_SERIE_DU_JOUR              5m50s      5m48s      -2s  ✅  Jesus I'm Waiting for You (Mary Umoh)
15:35:11 BLOC_C_SERIE_DU_JOUR              6m02s      5m59s      -3s  ✅  Satisfy My Soul - Calabar HF
15:41:10 BLOC_C_SERIE_DU_JOUR              7m09s      7m07s      -2s  ✅  My God Is Good - Winnipeg Fellowship
15:48:17 BLOC_C_SERIE_DU_JOUR              0m09s      0m09s      +0s  ✅  jingle avant bible 08 prenons un moment pour ecouter la parole
15:48:26 BLOC_C_SERIE_DU_JOUR              4m37s      4m35s      -2s  ✅  1 Corinthiens 1
15:53:01 BLOC_C_SERIE_DU_JOUR              2m43s      2m40s      -3s  ✅  1 Corinthiens 2
15:55:41 BLOC_C_SERIE_DU_JOUR              3m26s      3m24s      -2s  ✅  1 Corinthiens 3
15:59:05 BLOC_C_SERIE_DU_JOUR              3m40s      3m37s      -3s  ✅  1 Corinthiens 4
16:02:42 BLOC_C_SERIE_DU_JOUR              2m17s      2m15s      -2s  ✅  1 Corinthiens 5
16:04:57 BLOC_C_SERIE_DU_JOUR              3m19s      3m16s      -3s  ✅  1 Corinthiens 6
16:08:13 BLOC_C_SERIE_DU_JOUR              6m29s      6m27s      -2s  ✅  1 Corinthiens 7
16:14:40 BLOC_C_SERIE_DU_JOUR              2m04s      2m01s      -3s  ✅  1 Corinthiens 8
16:16:41 BLOC_C_SERIE_DU_JOUR              4m09s      4m06s      -3s  ✅  1 Corinthiens 9
16:20:47 BLOC_C_SERIE_DU_JOUR              4m48s      4m46s      -2s  ✅  1 Corinthiens 10
16:25:33 BLOC_C_SERIE_DU_JOUR              5m08s      5m06s      -2s  ✅  1 Corinthiens 11
16:30:39 BLOC_C_SERIE_DU_JOUR              0m11s      0m11s      +0s  ✅  jingle avant louange 05 elevons nos coeurs vers dieu
16:30:50 BLOC_C_SERIE_DU_JOUR              5m22s      5m20s      -2s  ✅  God's Got An Army - PHF
16:36:10 BLOC_C_SERIE_DU_JOUR              4m53s      4m50s      -3s  ✅  Cantique Jahweh, Tu es élevé au dessus de tout (1)
16:41:00 BLOC_C_SERIE_DU_JOUR              4m33s      4m31s      -2s  ✅  God is Building - Will You Be - Ketu HF
16:45:31 BLOC_C_SERIE_DU_JOUR              3m41s      3m39s      -2s  ✅  Adorons l'Éternel GAEL - JÉSUS EST SEIGNEUR -
16:49:10 BLOC_C_SERIE_DU_JOUR              8m22s      8m19s      -3s  ✅  Yeshua Hamashiach - Calabar HF
16:57:29 BLOC_C_SERIE_DU_JOUR              5m52s      5m50s      -2s  ✅  Not Naked (Abasiama Timothy)
17:03:19 BLOC_C_SERIE_DU_JOUR              5m21s      5m19s      -2s  ✅  We Shall Not Fear - Nonso Njoku
17:08:38 BLOC_C_SERIE_DU_JOUR              6m59s      6m56s      -3s  ✅  Hosanna - Toronto HF
17:15:34 BLOC_C_SERIE_DU_JOUR              5m19s      5m17s      -2s  ✅  Gabrielle LIDJI - Mélodie Céleste  by LFXA(Light FX Animation)_2
17:20:51 BLOC_C_SERIE_DU_JOUR              9m24s      9m22s      -2s  ✅  I See Your Face - Toronto HF
17:30:13 BLOC_C_SERIE_DU_JOUR              0m09s      0m09s      +0s  ✅  JINGLE
17:30:22 BLOC_C_SERIE_DU_JOUR              3m27s      3m24s      -3s  ✅  Michée 7
17:33:46 BLOC_C_SERIE_DU_JOUR              2m05s      2m02s      -3s  ✅  3 Jean 1
17:35:48 BLOC_C_SERIE_DU_JOUR              2m59s      2m57s      -2s  ✅  2 Timothée 1
17:38:45 BLOC_C_SERIE_DU_JOUR              3m52s      3m49s      -3s  ✅  2 Timothée 2
17:42:34 BLOC_C_SERIE_DU_JOUR              2m37s      2m35s      -2s  ✅  2 Timothée 3
17:45:09 BLOC_C_SERIE_DU_JOUR              3m09s      3m06s      -3s  ✅  2 Timothée 4
17:48:15 BLOC_C_SERIE_DU_JOUR              2m59s      2m57s      -2s  ✅  Philémon 1
17:51:12 BLOC_C_SERIE_DU_JOUR              0m09s      0m09s      +0s  ✅  jingle id station 02 radio evangile du royaume
17:51:21 BLOC_C_SERIE_DU_JOUR              6m07s      6m05s      -2s  ✅  There Is Forgiveness In Thee - SWBN TV
17:57:26 BLOC_C_SERIE_DU_JOUR             11m53s     12m01s      +8s  ✅  Hashem - PHF
18:09:27 BLOC_D_SERIE_DU_JOUR             25m57s     25m54s      -3s  ✅  la moisson 3 adé
18:35:21 BLOC_D_SERIE_DU_JOUR              0m10s      0m10s      +0s  ✅  jingle avant bible 06 ouvrons les saintes ecritures
18:35:31 BLOC_D_SERIE_DU_JOUR              2m25s      2m23s      -2s  ✅  Cantique des Cantiques 1
18:37:54 BLOC_D_SERIE_DU_JOUR              2m32s      2m30s      -2s  ✅  Cantique des Cantiques 2
18:40:24 BLOC_D_SERIE_DU_JOUR              1m53s      1m51s      -2s  ✅  Cantique des Cantiques 3
18:42:15 BLOC_D_SERIE_DU_JOUR              2m50s      2m47s      -3s  ✅  Cantique des Cantiques 4
18:45:02 BLOC_D_SERIE_DU_JOUR              2m54s      2m51s      -3s  ✅  Cantique des Cantiques 5
18:47:53 BLOC_D_SERIE_DU_JOUR              2m06s      2m04s      -2s  ✅  Cantique des Cantiques 6
18:49:57 BLOC_D_SERIE_DU_JOUR              1m57s      1m54s      -3s  ✅  Cantique des Cantiques 7
18:51:51 BLOC_D_SERIE_DU_JOUR              2m29s      2m26s      -3s  ✅  Cantique des Cantiques 8
18:54:17 BLOC_D_SERIE_DU_JOUR              2m24s      2m21s      -3s  ✅  Ésaïe 56
18:56:38 BLOC_D_SERIE_DU_JOUR              3m41s      3m39s      -2s  ✅  Ésaïe 57
19:00:17 BLOC_D_SERIE_DU_JOUR              3m12s      3m09s      -3s  ✅  Ésaïe 58
19:03:26 BLOC_D_SERIE_DU_JOUR              3m58s      3m56s      -2s  ✅  Ésaïe 59
19:07:22 BLOC_D_SERIE_DU_JOUR              4m03s      4m00s      -3s  ✅  Ésaïe 60
19:11:22 BLOC_D_SERIE_DU_JOUR              2m24s      2m21s      -3s  ✅  Ésaïe 61
19:13:43 BLOC_D_SERIE_DU_JOUR              2m20s      2m17s      -3s  ✅  Ésaïe 62
19:16:00 BLOC_D_SERIE_DU_JOUR              3m30s      3m28s      -2s  ✅  Ésaïe 63
19:19:28 BLOC_D_SERIE_DU_JOUR              2m02s      1m59s      -3s  ✅  Ésaïe 64
19:21:27 BLOC_D_SERIE_DU_JOUR              4m47s      4m45s      -2s  ✅  Ésaïe 65
19:26:12 BLOC_D_SERIE_DU_JOUR              0m11s      0m11s      +0s  ✅  jingle avant louange 05 elevons nos coeurs vers dieu
19:26:23 BLOC_D_SERIE_DU_JOUR              8m37s      8m35s      -2s  ✅  He Has Given Me & Emmanuel You Joy Over Us (Medley) (Abasiama Timothy & Imah Adegoke)
19:34:58 BLOC_D_SERIE_DU_JOUR              8m30s      8m28s      -2s  ✅  We Worship Adonai - PHF
19:43:26 BLOC_D_SERIE_DU_JOUR              4m08s      4m05s      -3s  ✅  I Choose the Way of the Lord - Abuja HF
19:47:31 BLOC_D_SERIE_DU_JOUR              4m52s      4m50s      -2s  ✅  cantique   prends tout le contrôle
19:52:21 BLOC_D_SERIE_DU_JOUR              8m21s      8m18s      -3s  ✅  My Heart Rejoices - Toronto HF
20:00:39 BLOC_D_SERIE_DU_JOUR              6m57s      6m55s      -2s  ✅  qui est digne d ouvrir le livre
20:07:34 BLOC_D_SERIE_DU_JOUR              6m02s      5m59s      -3s  ✅  Crown Him Lord of Lords - Nonso Njoku
20:13:33 BLOC_D_SERIE_DU_JOUR              4m19s      4m16s      -3s  ✅  I Know The Blood - PHF
20:17:49 BLOC_D_SERIE_DU_JOUR              0m09s      0m10s      +1s  ✅  jingle avant bible 08 prenons un moment pour ecouter la parole
20:17:59 BLOC_D_SERIE_DU_JOUR              2m46s      2m43s      -3s  ✅  Galates 6
20:20:42 BLOC_D_SERIE_DU_JOUR              6m24s      6m22s      -2s  ✅  Ézéchiel 36
20:27:04 BLOC_D_SERIE_DU_JOUR              5m03s      5m00s      -3s  ✅  Ézéchiel 37
20:32:04 BLOC_D_SERIE_DU_JOUR              4m13s      4m10s      -3s  ✅  Ézéchiel 38
20:36:14 BLOC_D_SERIE_DU_JOUR              4m57s      4m55s      -2s  ✅  Ézéchiel 39
20:41:09 BLOC_D_SERIE_DU_JOUR              7m58s      7m55s      -3s  ✅  Ézéchiel 40
20:49:04 BLOC_D_SERIE_DU_JOUR              0m13s      0m13s      +0s  ✅  jingle avant louange 07 voici un temps de louange
20:49:17 BLOC_D_SERIE_DU_JOUR              5m57s      5m56s      -1s  ✅  You are God - Winnipeg Fellowship
20:55:13 BLOC_D_SERIE_DU_JOUR              5m10s      5m06s      -4s  ✅  I Will Call Upon The Lord
21:00:19 BLOC_D_SERIE_DU_JOUR              4m11s      4m08s      -3s  ✅  Cantique   Oh Éternel Dieu, Tu es le Dieu Incomparable
21:04:27 BLOC_D_SERIE_DU_JOUR              6m57s      6m55s      -2s  ✅  The Lord on High is Mightier - Toronto HF
21:11:22 BLOC_D_SERIE_DU_JOUR              5m02s      5m00s      -2s  ✅  A Song Of Love
21:16:22 BLOC_D_SERIE_DU_JOUR              7m17s      7m15s      -2s  ✅  cantique  tes promesses  pub direct dec 2021 import (2)
21:23:37 BLOC_D_SERIE_DU_JOUR              3m12s      3m10s      -2s  ✅  esprit de dieu
21:26:47 BLOC_D_SERIE_DU_JOUR              7m18s      7m15s      -3s  ✅  Holy is the Lord (Emmanuel Umoh)
21:34:02 BLOC_D_SERIE_DU_JOUR              4m14s      4m12s      -2s  ✅  Mon modèle, c est Jésus
21:38:14 BLOC_D_SERIE_DU_JOUR              7m25s      7m22s      -3s  ✅  Victorious Is the Lamb - Winnipeg Fellowship
21:45:36 BLOC_D_SERIE_DU_JOUR              0m13s      0m13s      +0s  ✅  jingle avant bible 07 place a la lecture de la bible
21:45:49 BLOC_D_SERIE_DU_JOUR              3m26s      3m24s      -2s  ✅  Éphésiens 1
21:49:13 BLOC_D_SERIE_DU_JOUR              3m16s      3m14s      -2s  ✅  Éphésiens 2
21:52:27 BLOC_D_SERIE_DU_JOUR              2m56s      2m53s      -3s  ✅  Éphésiens 3
21:55:20 BLOC_D_SERIE_DU_JOUR              4m53s      4m53s      +0s  ✅  Éphésiens 4
22:00:13 BLOC_D_SERIE_DU_JOUR              4m12s      4m08s      -4s  ✅  Éphésiens 5
22:04:21 BLOC_D_SERIE_DU_JOUR              3m21s      3m18s      -3s  ✅  Éphésiens 6
22:07:39 BLOC_D_SERIE_DU_JOUR              6m18s      6m16s      -2s  ✅  Luc 24
22:13:55 BLOC_D_SERIE_DU_JOUR              2m43s      2m40s      -3s  ✅  Aggée 1
22:16:35 BLOC_D_SERIE_DU_JOUR              3m58s      3m56s      -2s  ✅  Aggée 2
22:20:31 BLOC_D_SERIE_DU_JOUR              3m57s      3m54s      -3s  ✅  Apocalypse 1
22:24:25 BLOC_D_SERIE_DU_JOUR              0m10s      0m11s      +1s  ✅  jingle avant louange 06 que la louange seleve
22:24:36 BLOC_D_SERIE_DU_JOUR              9m04s      9m01s      -3s  ✅  You're the Lamb - Calabar HF
22:33:37 BLOC_D_SERIE_DU_JOUR              8m31s      8m28s      -3s  ✅  Holy Holy - Abuja HF
22:42:05 BLOC_D_SERIE_DU_JOUR              5m15s      5m13s      -2s  ✅  Yahweh Be Praised - Abuja HF
22:47:18 BLOC_D_SERIE_DU_JOUR              7m37s      7m34s      -3s  ✅  Cantiques  Il a pris mes iniquités
22:54:52 BLOC_D_SERIE_DU_JOUR              5m48s      5m46s      -2s  ✅  Forever You Reign - Abuja HF
23:00:38 BLOC_D_SERIE_DU_JOUR              7m29s      7m26s      -3s  ✅  Hallelujah - PHF
23:08:04 BLOC_D_SERIE_DU_JOUR              4m48s      4m46s      -2s  ✅  Yeshua I'm Waiting for You  - Ketu HF
23:12:50 BLOC_D_SERIE_DU_JOUR              3m24s      3m21s      -3s  ✅  Cantique sa miséricorde
23:16:11 BLOC_D_SERIE_DU_JOUR              0m09s      0m10s      +1s  ✅  jingle id station 02 radio evangile du royaume
23:16:21 BLOC_D_SERIE_DU_JOUR              2m40s      2m38s      -2s  ✅  Proverbes 27
23:18:59 BLOC_D_SERIE_DU_JOUR              3m06s      3m03s      -3s  ✅  Proverbes 28
23:22:02 BLOC_D_SERIE_DU_JOUR              2m39s      2m37s      -2s  ✅  Proverbes 29
23:24:39 BLOC_D_SERIE_DU_JOUR              3m27s      3m24s      -3s  ✅  Proverbes 30
23:28:03 BLOC_D_SERIE_DU_JOUR              2m34s      2m32s      -2s  ✅  Proverbes 31
23:30:35 BLOC_E_LOUANGE_NUIT               4m08s      4m05s      -3s  ✅  I Choose the Way of the Lord - Abuja HF
23:34:40 BLOC_E_LOUANGE_NUIT               3m24s      3m21s      -3s  ✅  Cantique sa miséricorde
23:38:01 BLOC_E_LOUANGE_NUIT               6m07s      6m05s      -2s  ✅  There Is Forgiveness In Thee - SWBN TV
23:44:06 BLOC_E_LOUANGE_NUIT               7m20s      7m17s      -3s  ✅  The Glory -  PHF
23:51:23 BLOC_E_LOUANGE_NUIT               6m34s      6m32s      -2s  ✅  cantique  béni soit le dieu d israël
23:57:55 BLOC_E_LOUANGE_NUIT               2m20s      3m49s     +89s  ⚠️ TROU APRÈS  cantique  heureux l homme qui ne marche pas selon
----------------------------------------------------------------------------------------------------
Bilan : 323 titres, 4 anomalie(s) (titre coupé de plus de 10s ou trou d'antenne). Gravité : 1 mineure(s) <1min · 3 sérieuse(s) 1-10min · 0 critique(s) >10min.

====================================================================================================
CONTRÔLES APPROFONDIS
====================================================================================================
MESSAGE DU JOUR « La moisson 3 » : 4 diffusion(s) pour 4 prévue(s) ✅
   00:03:28  (étiquette BLOC_A_SERIE_DU_JOUR)
   06:00:21  (étiquette BLOC_B_SERIE_DU_JOUR)
   12:00:53  (étiquette BLOC_C_SERIE_DU_JOUR)
   18:09:27  (étiquette BLOC_D_SERIE_DU_JOUR)
JINGLES : 38 joués / 36 prévus (106%) ✅   ·   BLOC_A 12/9 · BLOC_B 9/9 · BLOC_C 10/9 · BLOC_D 7/9
HORS FENÊTRE : 1 titre(s) d'un bloc joués hors de sa plage ⚠️
   12:00:41  jingle id station 03 notre mission annonce levangile — prévu dans BLOC_B (06:00-12:00)
BOUCHE-TROUS : aucun ✅
COUVERTURE : premier titre à 00:00:10 ✅ · dernier titre finit vers 00:00:15 (estimé) ✅

====================================================================================================
RÉEL vs PRÉVU — ce qui a joué vs ce que le plan prévoyait
====================================================================================================
----------------------------------------------------------------------------------------------------
BLOC_A  (00:00-06:00)  prévus  81 · atteignables  75 · joués  79 · conformité  99% · sautés  1 · en trop  5
   ⏭️  PRÉVU NON JOUÉ : JINGLE
   ➕  JOUÉ NON PRÉVU : jingle id station 02 radio evangile du royaume · jingle avant louange 07 voici un temps de louange · jingle avant louange 06 que la louange seleve · jingle avant message 03 vous ecoutez parole prophetique fm · jingle avant bible 07 place a la lecture de la bible
   ⏸️  FIN DE BLOC NON ATTEINTE (6 titres · ~29m45s) — marge anti-rebouclage au-delà de la fenêtre, normal : Exode 14 · JINGLE · We Bless You Wonderful God  - Winnipeg Fellowship · Yahweh Is Mighty - SWBN TV · Ses cheveux étaient blancs.. · God is Moving Us On - Ketu HF
----------------------------------------------------------------------------------------------------
BLOC_B  (06:00-12:00)  prévus  87 · atteignables  83 · joués  83 · conformité 100% · sautés  0 · en trop  0
   ⏸️  FIN DE BLOC NON ATTEINTE (4 titres · ~26m02s) — marge anti-rebouclage au-delà de la fenêtre, normal : All in All - CHF · The King is Here (Abasiama Timothy) · We Ascribe Greatness - Abuja HF · 10 minutes
----------------------------------------------------------------------------------------------------
BLOC_C  (12:00-18:00)  prévus  82 · atteignables  81 · joués  82 · conformité 100% · sautés  0 · en trop  1
   ➕  JOUÉ NON PRÉVU : jingle id station 03 notre mission annonce levangile
   ⏸️  FIN DE BLOC NON ATTEINTE (1 titres · ~6m04s) — marge anti-rebouclage au-delà de la fenêtre, normal : Sing Unto the Lord a new Song  - Winnipeg Fellowship
----------------------------------------------------------------------------------------------------
BLOC_D  (18:00-23:30)  prévus  80 · atteignables  74 · joués  73 · conformité  99% · sautés  1 · en trop  0
   ⏭️  PRÉVU NON JOUÉ : jingle avant message 01 voici le message du jour
   ⏸️  FIN DE BLOC NON ATTEINTE (6 titres · ~29m23s) — marge anti-rebouclage au-delà de la fenêtre, normal : Romains 14 · JINGLE · cantique  ta bonte · Jesus is Alpha - PHF · Praise the Lord All Ye Nations - Toronto HF · Now is Come Salvation - Toronto HF
----------------------------------------------------------------------------------------------------
CONFORMITÉ GLOBALE : 311/313 titres atteignables joués dans l'ordre = 99%  (6 titre(s) hors plan · 17 non atteint(s) en fin de bloc, marge normale)
