Rapport de diffusion — 2026-06-06 (heures UTC)
149 titres joués | tolérance ±10s
====================================================================================================
HEURE    PLAYLIST                     FICHIER          RÉEL    ÉCART  STATUT  TITRE
----------------------------------------------------------------------------------------------------
00:01:46 BLOC_D_SERIE_DU_JOUR              4m13s      4m16s      +3s  ✅  4 minutes
00:06:02 BLOC_D_SERIE_DU_JOUR             29m09s      9m23s   -1186s  ❌ COUPÉ  aa la révélation de la victoire du fils mâle
00:15:25 BLOC_A_SERIE_DU_JOUR              0m08s      0m05s      -3s  ✅  jingle avant message 02 enseignement parole de dieu
00:15:30 BLOC_A_SERIE_DU_JOUR           1h02m06s   1h02m43s     +37s  ⚠️ TROU APRÈS  2
01:18:13 BLOC_A_SERIE_DU_JOUR              3m36s   1h06m24s   +3768s  ⚠️ TROU APRÈS  Daniel
02:24:37 BLOC_A_SERIE_DU_JOUR              2m18s     32m53s   +1835s  ⚠️ TROU APRÈS  Nehemie
02:57:30 BLOC_A_SERIE_DU_JOUR              4m35s     14m51s    +616s  ⚠️ TROU APRÈS  Colossiens
03:12:21 BLOC_A_SERIE_DU_JOUR              3m52s      3m50s      -2s  ✅  Bible_fr_01_gen_006
03:16:11 BLOC_A_SERIE_DU_JOUR              3m31s      3m29s      -2s  ✅  Bible_fr_01_gen_007
03:19:40 BLOC_A_SERIE_DU_JOUR              3m28s      3m25s      -3s  ✅  Bible_fr_01_gen_008
03:23:05 BLOC_A_SERIE_DU_JOUR              4m09s      4m07s      -2s  ✅  Bible_fr_01_gen_009
03:27:12 BLOC_A_SERIE_DU_JOUR              3m50s      3m47s      -3s  ✅  Bible_fr_01_gen_010
03:30:59 BLOC_A_SERIE_DU_JOUR              5m23s      5m21s      -2s  ✅  Jean
03:36:20 BLOC_A_SERIE_DU_JOUR              5m51s      5m49s      -2s  ✅  Jean 1
03:42:09 BLOC_A_SERIE_DU_JOUR              2m52s      2m49s      -3s  ✅  Jean 2
03:44:58 BLOC_A_SERIE_DU_JOUR              4m30s      4m27s      -3s  ✅  Jean 3
03:49:25 BLOC_A_SERIE_DU_JOUR              6m42s      6m40s      -2s  ✅  Jean 4
03:56:05 BLOC_A_SERIE_DU_JOUR              5m19s      5m17s      -2s  ✅  Gabrielle LIDJI - Mélodie Céleste  by LFXA(Light FX Animation)_2
04:01:22 BLOC_A_SERIE_DU_JOUR              5m10s     15m22s    +612s  ⚠️ TROU APRÈS  Igwe
04:16:44 BLOC_A_SERIE_DU_JOUR              3m22s      6m40s    +198s  ⚠️ TROU APRÈS  Ses cheveux étaient blancs..
04:23:24 BLOC_A_SERIE_DU_JOUR              5m13s     10m21s    +308s  ⚠️ TROU APRÈS  Il s'appelait Emmanuel - Marcel Boungou + Paroles
04:33:45 BLOC_A_SERIE_DU_JOUR              3m41s      3m39s      -2s  ✅  Adorons l'Éternel GAEL - JÉSUS EST SEIGNEUR -
04:37:24 BLOC_A_SERIE_DU_JOUR              6m09s     18m21s    +732s  ⚠️ TROU APRÈS  Hymne des vainqueurs
04:55:45 BLOC_A_SERIE_DU_JOUR              6m28s     12m50s    +382s  ⚠️ TROU APRÈS  Le Bien-Etre Universel
05:08:35 BLOC_A_SERIE_DU_JOUR              6m41s     19m54s    +793s  ⚠️ TROU APRÈS  6 minutes
05:28:29 BLOC_A_SERIE_DU_JOUR              4m13s      8m21s    +248s  ⚠️ TROU APRÈS  4 minutes
05:36:50 BLOC_A_SERIE_DU_JOUR              9m23s      9m24s      +1s  ✅  10 minutes
05:46:14 BLOC_A_SERIE_DU_JOUR           1h02m06s      0m56s   -3670s  ❌ COUPÉ  2
05:47:10 BLOC_A_SERIE_DU_JOUR              0m07s      0m05s      -2s  ✅  Parole Prophétique FM
05:47:15 BLOC_A_SERIE_DU_JOUR           1h02m06s      0m55s   -3671s  ❌ COUPÉ  2
05:48:10 BLOC_A_SERIE_DU_JOUR              6m57s     13m49s    +412s  ⚠️ TROU APRÈS  qui est digne d ouvrir le livre
06:01:59 BLOC_A_SERIE_DU_JOUR              6m34s      6m31s      -3s  ✅  cantique  béni soit le dieu d israël
06:08:30 BLOC_B_SERIE_DU_JOUR              0m08s      0m12s      +4s  ✅  jingle avant message 02 enseignement parole de dieu
06:08:42 BLOC_B_SERIE_DU_JOUR           1h02m06s   1h02m36s     +30s  ⚠️ TROU APRÈS  2
07:11:18 BLOC_B_SERIE_DU_JOUR              3m07s   1h00m46s   +3459s  ⚠️ TROU APRÈS  Esaie
08:12:04 BLOC_B_SERIE_DU_JOUR              3m17s     23m20s   +1203s  ⚠️ TROU APRÈS  Galates
08:35:24 BLOC_B_SERIE_DU_JOUR              2m34s      2m32s      -2s  ✅  2 Chronicles
08:37:56 BLOC_B_SERIE_DU_JOUR              2m26s      2m23s      -3s  ✅  Daniel
08:40:19 BLOC_B_SERIE_DU_JOUR              3m53s     48m37s   +2684s  ⚠️ TROU APRÈS  Actes
09:28:56 BLOC_B_SERIE_DU_JOUR              1m40s     16m08s    +868s  ⚠️ TROU APRÈS  1 John
09:45:04 BLOC_B_SERIE_DU_JOUR              5m19s     15m51s    +632s  ⚠️ TROU APRÈS  Gabrielle LIDJI - Mélodie Céleste  by LFXA(Light FX Animation)_2
10:00:55 BLOC_B_SERIE_DU_JOUR              5m10s     20m33s    +923s  ⚠️ TROU APRÈS  Igwe
10:21:28 BLOC_B_SERIE_DU_JOUR           1h02m06s      0m42s   -3684s  ❌ COUPÉ  2
10:22:10 BLOC_B_SERIE_DU_JOUR              3m22s      3m20s      -2s  ✅  Ses cheveux étaient blancs..
10:25:30 BLOC_B_SERIE_DU_JOUR              5m13s      5m10s      -3s  ✅  Il s'appelait Emmanuel - Marcel Boungou + Paroles
10:30:40 BLOC_B_SERIE_DU_JOUR              3m41s      3m39s      -2s  ✅  Adorons l'Éternel GAEL - JÉSUS EST SEIGNEUR -
10:34:19 BLOC_B_SERIE_DU_JOUR              6m09s      6m07s      -2s  ✅  Hymne des vainqueurs
10:40:26 BLOC_B_SERIE_DU_JOUR              6m28s      6m25s      -3s  ✅  Le Bien-Etre Universel
10:46:51 BLOC_B_SERIE_DU_JOUR              6m41s     19m55s    +794s  ⚠️ TROU APRÈS  6 minutes
11:06:46 BLOC_B_SERIE_DU_JOUR              4m13s      8m21s    +248s  ⚠️ TROU APRÈS  4 minutes
11:15:07 BLOC_B_SERIE_DU_JOUR              9m23s      9m23s      +0s  ✅  10 minutes
11:24:30 BLOC_B_SERIE_DU_JOUR           1h02m06s      0m50s   -3676s  ❌ COUPÉ  2
11:25:20 BLOC_B_SERIE_DU_JOUR           1h02m06s      0m54s   -3672s  ❌ COUPÉ  2
11:26:14 BLOC_B_SERIE_DU_JOUR           1h02m06s      1m01s   -3665s  ❌ COUPÉ  2
11:27:15 BLOC_B_SERIE_DU_JOUR           1h02m06s      0m55s   -3671s  ❌ COUPÉ  2
11:28:10 BLOC_B_SERIE_DU_JOUR              6m57s     13m49s    +412s  ⚠️ TROU APRÈS  qui est digne d ouvrir le livre
11:41:59 BLOC_B_SERIE_DU_JOUR              6m34s     26m05s   +1171s  ⚠️ TROU APRÈS  cantique  béni soit le dieu d israël
12:08:04 BLOC_C_SERIE_DU_JOUR              0m08s      0m08s      +0s  ✅  jingle avant message 02 enseignement parole de dieu
12:08:12 BLOC_C_SERIE_DU_JOUR           1h02m06s   1h02m05s      -1s  ✅  2
13:10:17 BLOC_C_SERIE_DU_JOUR              8m24s      8m20s      -4s  ✅  Jean 6
13:18:37 BLOC_C_SERIE_DU_JOUR              6m07s      6m05s      -2s  ✅  Jean 7
13:24:42 BLOC_C_SERIE_DU_JOUR              7m26s      7m23s      -3s  ✅  Jean 8
13:32:05 BLOC_C_SERIE_DU_JOUR              4m54s      4m51s      -3s  ✅  Jean 9
13:36:56 BLOC_C_SERIE_DU_JOUR              4m36s      4m34s      -2s  ✅  Jean 10
13:41:30 BLOC_C_SERIE_DU_JOUR              6m58s      6m55s      -3s  ✅  Jean 11
13:48:25 BLOC_C_SERIE_DU_JOUR              6m14s      6m12s      -2s  ✅  Jean 12
13:54:37 BLOC_C_SERIE_DU_JOUR              4m51s      4m48s      -3s  ✅  Jean 13
13:59:25 BLOC_C_SERIE_DU_JOUR              3m52s      3m49s      -3s  ✅  Jean 14
14:03:14 BLOC_C_SERIE_DU_JOUR              3m22s      3m20s      -2s  ✅  Jean 15
14:06:34 BLOC_C_SERIE_DU_JOUR              4m20s      4m18s      -2s  ✅  Jean 16
14:10:52 BLOC_C_SERIE_DU_JOUR              5m10s      5m07s      -3s  ✅  Igwe
14:15:59 BLOC_C_SERIE_DU_JOUR              2m32s     31m14s   +1722s  ⚠️ TROU APRÈS  Apocalypse
14:47:13 BLOC_C_SERIE_DU_JOUR              0m08s      0m03s      -5s  ✅  jingle avant message 02 enseignement parole de dieu
14:47:16 BLOC_C_SERIE_DU_JOUR           1h02m06s      0m55s   -3671s  ❌ COUPÉ  2
14:48:11 BLOC_C_SERIE_DU_JOUR              2m21s      7m20s    +299s  ⚠️ TROU APRÈS  Nahum
14:55:31 BLOC_C_SERIE_DU_JOUR              1m51s     35m25s   +2014s  ⚠️ TROU APRÈS  Zacharie
15:30:56 BLOC_C_SERIE_DU_JOUR              5m09s      5m07s      -2s  ✅  Lamentation
15:36:03 BLOC_C_SERIE_DU_JOUR              3m07s     19m46s    +999s  ⚠️ TROU APRÈS  2 Chronicles
15:55:49 BLOC_C_SERIE_DU_JOUR              5m19s      5m17s      -2s  ✅  Gabrielle LIDJI - Mélodie Céleste  by LFXA(Light FX Animation)_2
16:01:06 BLOC_C_SERIE_DU_JOUR              3m22s      6m39s    +197s  ⚠️ TROU APRÈS  Ses cheveux étaient blancs..
16:07:45 BLOC_C_SERIE_DU_JOUR              5m13s     10m21s    +308s  ⚠️ TROU APRÈS  Il s'appelait Emmanuel - Marcel Boungou + Paroles
16:18:06 BLOC_C_SERIE_DU_JOUR              3m41s      7m18s    +217s  ⚠️ TROU APRÈS  Adorons l'Éternel GAEL - JÉSUS EST SEIGNEUR -
16:25:24 BLOC_C_SERIE_DU_JOUR              6m09s     12m14s    +365s  ⚠️ TROU APRÈS  Hymne des vainqueurs
16:37:38 BLOC_C_SERIE_DU_JOUR              6m28s     12m50s    +382s  ⚠️ TROU APRÈS  Le Bien-Etre Universel
16:50:28 BLOC_C_SERIE_DU_JOUR              6m41s     19m55s    +794s  ⚠️ TROU APRÈS  6 minutes
17:10:23 BLOC_C_SERIE_DU_JOUR              4m13s     12m34s    +501s  ⚠️ TROU APRÈS  4 minutes
17:22:57 BLOC_C_SERIE_DU_JOUR           1h02m06s      0m13s   -3713s  ❌ COUPÉ  2
17:23:10 BLOC_C_SERIE_DU_JOUR              0m07s      0m05s      -2s  ✅  Parole Prophétique FM
17:23:15 BLOC_C_SERIE_DU_JOUR           1h02m06s      0m55s   -3671s  ❌ COUPÉ  2
17:24:10 BLOC_C_SERIE_DU_JOUR              0m07s      0m05s      -2s  ✅  Parole Prophétique FM
17:24:15 BLOC_C_SERIE_DU_JOUR           1h02m06s      1m01s   -3665s  ❌ COUPÉ  2
17:25:16 BLOC_C_SERIE_DU_JOUR              6m57s     13m49s    +412s  ⚠️ TROU APRÈS  qui est digne d ouvrir le livre
17:39:05 BLOC_C_SERIE_DU_JOUR              6m34s      6m32s      -2s  ✅  cantique  béni soit le dieu d israël
17:45:37 BLOC_C_SERIE_DU_JOUR              3m12s      6m19s    +187s  ⚠️ TROU APRÈS  esprit de dieu
17:51:56 BLOC_C_SERIE_DU_JOUR              2m20s      6m52s    +272s  ⚠️ TROU APRÈS  cantique  heureux l homme qui ne marche pas selon
17:58:48 BLOC_C_SERIE_DU_JOUR              4m11s      4m08s      -3s  ✅  jai donné ma vie à jésus (1)
18:02:56 BLOC_D_SERIE_DU_JOUR              0m08s      0m12s      +4s  ✅  jingle avant message 02 enseignement parole de dieu
18:03:08 BLOC_D_SERIE_DU_JOUR           1h02m06s   1h02m10s      +4s  ✅  2
19:05:18 BLOC_D_SERIE_DU_JOUR              2m21s      7m19s    +298s  ⚠️ TROU APRÈS  Nahum
19:12:37 BLOC_D_SERIE_DU_JOUR              5m09s     24m06s   +1137s  ⚠️ TROU APRÈS  Marc
19:36:43 BLOC_D_SERIE_DU_JOUR              4m42s      4m39s      -3s  ✅  Marc 11
19:41:22 BLOC_D_SERIE_DU_JOUR              2m37s     17m42s    +905s  ⚠️ TROU APRÈS  Michee
19:59:04 BLOC_D_SERIE_DU_JOUR              3m41s      6m05s    +144s  ⚠️ TROU APRÈS  Job
20:05:09 BLOC_D_SERIE_DU_JOUR           1h02m06s      0m08s   -3718s  ❌ COUPÉ  2
20:05:17 BLOC_D_SERIE_DU_JOUR              5m28s      5m26s      -2s  ✅  même humilié
20:10:43 BLOC_D_SERIE_DU_JOUR              9m23s      9m20s      -3s  ✅  10 minutes
20:20:03 BLOC_D_SERIE_DU_JOUR              6m28s      6m26s      -2s  ✅  Le Bien-Etre Universel
20:26:29 BLOC_D_SERIE_DU_JOUR              6m06s      6m04s      -2s  ✅  cantique  ta bonte
20:32:33 BLOC_D_SERIE_DU_JOUR              6m09s      6m07s      -2s  ✅  Hymne des vainqueurs
20:38:40 BLOC_D_SERIE_DU_JOUR              4m11s      4m08s      -3s  ✅  jai donné ma vie à jésus (1)
20:42:48 BLOC_D_SERIE_DU_JOUR              6m34s      6m31s      -3s  ✅  cantique  béni soit le dieu d israël
20:49:19 BLOC_D_SERIE_DU_JOUR              3m12s      3m10s      -2s  ✅  esprit de dieu
20:52:29 BLOC_D_SERIE_DU_JOUR              5m19s      5m16s      -3s  ✅  Gabrielle LIDJI - Mélodie Céleste  by LFXA(Light FX Animation)_2
20:57:45 BLOC_D_SERIE_DU_JOUR              6m41s      6m39s      -2s  ✅  6 minutes
21:04:24 BLOC_D_SERIE_DU_JOUR              4m13s      4m12s      -1s  ✅  4 minutes
21:08:36 BLOC_D_SERIE_DU_JOUR           1h02m06s      0m43s   -3683s  ❌ COUPÉ  2
21:09:19 BLOC_D_SERIE_DU_JOUR              4m37s      4m34s      -3s  ✅  Lévitique 15
21:13:53 BLOC_D_SERIE_DU_JOUR              5m55s      5m53s      -2s  ✅  Lévitique 16
21:19:46 BLOC_D_SERIE_DU_JOUR              2m44s      2m42s      -2s  ✅  Lévitique 17
21:22:28 BLOC_D_SERIE_DU_JOUR              3m54s      3m51s      -3s  ✅  Lévitique 18
21:26:19 BLOC_D_SERIE_DU_JOUR              5m37s      5m34s      -3s  ✅  Lévitique 19
21:31:53 BLOC_D_SERIE_DU_JOUR              4m35s      4m32s      -3s  ✅  Lévitique 20
21:36:25 BLOC_D_SERIE_DU_JOUR              3m25s      3m25s      +0s  ✅  Lévitique 21
21:39:50 BLOC_D_SERIE_DU_JOUR           1h02m06s      0m34s   -3692s  ❌ COUPÉ  2
21:40:24 BLOC_D_SERIE_DU_JOUR              6m09s      6m06s      -3s  ✅  Hymne des vainqueurs
21:46:30 BLOC_D_SERIE_DU_JOUR              2m20s      2m22s      +2s  ✅  cantique  heureux l homme qui ne marche pas selon
21:48:52 BLOC_D_SERIE_DU_JOUR           1h02m06s      0m22s   -3704s  ❌ COUPÉ  2
21:49:14 BLOC_D_SERIE_DU_JOUR              7m17s      7m14s      -3s  ✅  cantique  tes promesses  pub direct dec 2021 import (2)
21:56:28 BLOC_D_SERIE_DU_JOUR              4m52s      4m51s      -1s  ✅  cantique   prends tout le contrôle
22:01:19 BLOC_D_SERIE_DU_JOUR              3m12s      3m09s      -3s  ✅  esprit de dieu
22:04:28 BLOC_D_SERIE_DU_JOUR              5m19s      5m17s      -2s  ✅  Gabrielle LIDJI - Mélodie Céleste  by LFXA(Light FX Animation)_2
22:09:45 BLOC_D_SERIE_DU_JOUR              5m28s      5m27s      -1s  ✅  même humilié
22:15:12 BLOC_D_SERIE_DU_JOUR              0m05s      0m06s      +1s  ✅  Parole Prophétique FM
22:15:18 BLOC_D_SERIE_DU_JOUR              5m10s      5m08s      -2s  ✅  Igwe
22:20:26 BLOC_D_SERIE_DU_JOUR              6m57s      6m54s      -3s  ✅  qui est digne d ouvrir le livre
22:27:20 BLOC_D_SERIE_DU_JOUR              4m13s      4m11s      -2s  ✅  4 minutes
22:31:31 BLOC_D_SERIE_DU_JOUR              6m06s      6m04s      -2s  ✅  cantique  ta bonte
22:37:35 BLOC_D_SERIE_DU_JOUR              2m16s      2m13s      -3s  ✅  cantique  nous sommes le sel de la terre
22:39:48 BLOC_D_SERIE_DU_JOUR              9m23s      9m26s      +3s  ✅  10 minutes
22:49:14 BLOC_D_SERIE_DU_JOUR              3m26s     21m49s   +1103s  ⚠️ TROU APRÈS  Ephesiaens
23:11:03 BLOC_D_SERIE_DU_JOUR              2m12s      7m26s    +314s  ⚠️ TROU APRÈS  2 Thessaloniciens
23:18:29 BLOC_D_SERIE_DU_JOUR              3m16s     15m49s    +753s  ⚠️ TROU APRÈS  2 Chronicles
23:34:18 BLOC_D_SERIE_DU_JOUR           1h02m06s      1m00s   -3666s  ❌ COUPÉ  2
23:35:18 BLOC_D_SERIE_DU_JOUR              5m28s      5m25s      -3s  ✅  même humilié
23:40:43 BLOC_D_SERIE_DU_JOUR              9m23s      9m21s      -2s  ✅  10 minutes
23:50:04 BLOC_D_SERIE_DU_JOUR              5m13s      5m11s      -2s  ✅  Il s'appelait Emmanuel - Marcel Boungou + Paroles
23:55:15 BLOC_D_SERIE_DU_JOUR              4m11s      4m11s      +0s  ✅  jai donné ma vie à jésus (1)
23:59:26 BLOC_D_SERIE_DU_JOUR           1h02m06s      0m02s   -3724s  ❌ COUPÉ  2
23:59:28 ?                                 0m37s          ?           ⏳ dernier titre (durée réelle inconnue)  AzuraCast is Live!
----------------------------------------------------------------------------------------------------
Bilan : 149 titres, 62 anomalie(s) (titre coupé de plus de 10s ou trou d'antenne).
