====================================================================================================
MONITEUR RADIO — 2026-10-01 (synthèse des 3 rapports + plan, heures UTC)
====================================================================================================
État : ⚠️ RAS — seules les suites connues du reset/rotation  ·  diffusion : 0 coupure(s)/trou(s), 0 double(s) message  ·  serveur : 0 incident(s)
ATTENDU (sans effet à l'antenne, hors verdict) : 67 événement(s) serveur pendant la rotation (23h30-23h40) et le reset de minuit (00h00-00h03) · 1 titre(s) tronqué(s) par le redémarrage de minuit
SERVEUR : aucun incident hors fenêtres planifiées (ni crash, ni échec réseau, ni silence) ✅
   ↳ attendu, hors verdict : 00:01 🔇 bascule sur jingle d'erreur (silence potentiel) (×3) · 23:32 🌐 échec réseau AzuraCast/Liquidsoap (×64)
RESET MINUIT : restart confirmé vers 00:02:10 · 3 contrôle(s) · file saine ✅
INCIDENTS CORRÉLÉS : aucune anomalie de diffusion à corréler ✅
(Détail titre par titre, contrôles approfondis et RÉEL vs PRÉVU ci-dessous.)
Rapport de diffusion — 2026-10-01 (heures UTC)
271 titres joués | tolérance ±10s
====================================================================================================
HEURE    PLAYLIST                     FICHIER          RÉEL    ÉCART  STATUT  TITRE
----------------------------------------------------------------------------------------------------
00:01:38 ?                                 2m57s      2m57s      +0s  ✅  ?
00:04:35 BLOC_A_SERIE_DU_JOUR              0m10s      0m11s      +1s  ✅  jingle avant message 01 voici le message du jour
00:04:46 BLOC_A_SERIE_DU_JOUR           1h06m21s   1h06m19s      -2s  ✅  bosson 1 la marche avec dieu(2)
01:11:05 BLOC_A_SERIE_DU_JOUR              0m09s      0m09s      +0s  ✅  jingle avant bible 08 prenons un moment pour ecouter la parole
01:11:14 BLOC_A_SERIE_DU_JOUR              2m18s      2m16s      -2s  ✅  Néhémie 1
01:13:30 BLOC_A_SERIE_DU_JOUR              4m01s      3m59s      -2s  ✅  Néhémie 2
01:17:29 BLOC_A_SERIE_DU_JOUR              5m28s      5m25s      -3s  ✅  Néhémie 3
01:22:54 BLOC_A_SERIE_DU_JOUR              3m46s      3m43s      -3s  ✅  Néhémie 4
01:26:37 BLOC_A_SERIE_DU_JOUR              3m29s      3m26s      -3s  ✅  Néhémie 5
01:30:03 BLOC_A_SERIE_DU_JOUR              3m23s      3m21s      -2s  ✅  Néhémie 6
01:33:24 BLOC_A_SERIE_DU_JOUR              6m49s      6m47s      -2s  ✅  Néhémie 7
01:40:11 BLOC_A_SERIE_DU_JOUR              3m59s      3m56s      -3s  ✅  Néhémie 8
01:44:07 BLOC_A_SERIE_DU_JOUR              7m47s      7m44s      -3s  ✅  Néhémie 9
01:51:51 BLOC_A_SERIE_DU_JOUR              4m36s      4m34s      -2s  ✅  Néhémie 10
01:56:25 BLOC_A_SERIE_DU_JOUR              4m55s      4m52s      -3s  ✅  Néhémie 11
02:01:17 BLOC_A_SERIE_DU_JOUR              0m10s      0m11s      +1s  ✅  jingle avant louange 06 que la louange seleve
02:01:28 BLOC_A_SERIE_DU_JOUR              3m10s      3m07s      -3s  ✅  la Parole
02:04:35 BLOC_A_SERIE_DU_JOUR              2m20s      2m17s      -3s  ✅  cantique  heureux l homme qui ne marche pas selon
02:06:52 BLOC_A_SERIE_DU_JOUR              7m04s      7m01s      -3s  ✅  We Bless You Wonderful God  - Winnipeg Fellowship
02:13:53 BLOC_A_SERIE_DU_JOUR              6m07s      6m05s      -2s  ✅  There Is Forgiveness In Thee - SWBN TV
02:19:58 BLOC_A_SERIE_DU_JOUR              4m11s      4m09s      -2s  ✅  Cantique   Oh Éternel Dieu, Tu es le Dieu Incomparable
02:24:07 BLOC_A_SERIE_DU_JOUR             10m47s     10m44s      -3s  ✅  Abba, Singing a, I Will Sing - Ketu HF
02:34:51 BLOC_A_SERIE_DU_JOUR              3m22s      3m19s      -3s  ✅  Ses cheveux étaient blancs..
02:38:10 BLOC_A_SERIE_DU_JOUR              4m04s      4m02s      -2s  ✅  Ascribe Greatness - PHF
02:42:12 BLOC_A_SERIE_DU_JOUR              3m12s      3m10s      -2s  ✅  esprit de dieu
02:45:22 BLOC_A_SERIE_DU_JOUR              4m19s      4m16s      -3s  ✅  I Know The Blood - PHF
02:49:38 BLOC_A_SERIE_DU_JOUR              4m40s      4m37s      -3s  ✅  All in All - CHF
02:54:15 BLOC_A_SERIE_DU_JOUR              0m13s      0m13s      +0s  ✅  jingle avant bible 07 place a la lecture de la bible
02:54:28 BLOC_A_SERIE_DU_JOUR              5m02s      5m00s      -2s  ✅  2 Chroniques 30
02:59:28 BLOC_A_SERIE_DU_JOUR              4m11s      4m09s      -2s  ✅  2 Chroniques 31
03:03:37 BLOC_A_SERIE_DU_JOUR              6m19s      6m16s      -3s  ✅  2 Chroniques 32
03:09:53 BLOC_A_SERIE_DU_JOUR              4m24s      4m22s      -2s  ✅  2 Chroniques 33
03:14:15 BLOC_A_SERIE_DU_JOUR              6m43s      6m40s      -3s  ✅  2 Chroniques 34
03:20:55 BLOC_A_SERIE_DU_JOUR              0m13s      0m14s      +1s  ✅  jingle avant louange 07 voici un temps de louange
03:21:09 BLOC_A_SERIE_DU_JOUR              5m13s      5m10s      -3s  ✅  Il s'appelait Emmanuel - Marcel Boungou + Paroles
03:26:19 BLOC_A_SERIE_DU_JOUR              5m10s      5m08s      -2s  ✅  Igwe
03:31:27 BLOC_A_SERIE_DU_JOUR              8m21s      8m18s      -3s  ✅  My Heart Rejoices - Toronto HF
03:39:45 BLOC_A_SERIE_DU_JOUR              5m15s      5m13s      -2s  ✅  Yahweh Be Praised - Abuja HF
03:44:58 BLOC_A_SERIE_DU_JOUR              4m08s      4m05s      -3s  ✅  I Choose the Way of the Lord - Abuja HF
03:49:03 BLOC_A_SERIE_DU_JOUR              5m43s      5m41s      -2s  ✅  Cantique l Éternel est mon Berger (1)
03:54:44 BLOC_A_SERIE_DU_JOUR              6m06s      6m03s      -3s  ✅  Good God - Asaba Fellowship
04:00:47 BLOC_A_SERIE_DU_JOUR              6m13s      6m11s      -2s  ✅  Immortal God - Elohim Adonai - Abuja HF
04:06:58 BLOC_A_SERIE_DU_JOUR              5m04s      5m02s      -2s  ✅  Guide Me - El ELyon - Abuja HF
04:12:00 BLOC_A_SERIE_DU_JOUR              0m10s      0m10s      +0s  ✅  jingle avant bible 06 ouvrons les saintes ecritures
04:12:10 BLOC_A_SERIE_DU_JOUR              3m57s      3m55s      -2s  ✅  Jacques 1
04:16:05 BLOC_A_SERIE_DU_JOUR              3m51s      3m48s      -3s  ✅  Jacques 2
04:19:53 BLOC_A_SERIE_DU_JOUR              2m56s      2m53s      -3s  ✅  Jacques 3
04:22:46 BLOC_A_SERIE_DU_JOUR              2m47s      2m45s      -2s  ✅  Jacques 4
04:25:31 BLOC_A_SERIE_DU_JOUR              3m28s      3m25s      -3s  ✅  Jacques 5
04:28:56 BLOC_A_SERIE_DU_JOUR              2m21s      2m18s      -3s  ✅  Nahum 1
04:31:14 BLOC_A_SERIE_DU_JOUR              2m04s      2m01s      -3s  ✅  Nahum 2
04:33:15 BLOC_A_SERIE_DU_JOUR              3m02s      3m00s      -2s  ✅  Nahum 3
04:36:15 BLOC_A_SERIE_DU_JOUR              4m33s      4m30s      -3s  ✅  1 Pierre 1
04:40:45 BLOC_A_SERIE_DU_JOUR              4m17s      4m15s      -2s  ✅  1 Pierre 2
04:45:00 BLOC_A_SERIE_DU_JOUR              3m50s      3m46s      -4s  ✅  1 Pierre 3
04:48:46 BLOC_A_SERIE_DU_JOUR              0m11s      0m12s      +1s  ✅  jingle avant louange 05 elevons nos coeurs vers dieu
04:48:58 BLOC_A_SERIE_DU_JOUR              8m21s      8m18s      -3s  ✅  In the Day of Your Power  - Winnipeg Fellowship
04:57:16 BLOC_A_SERIE_DU_JOUR              5m57s      5m54s      -3s  ✅  You are God - Winnipeg Fellowship
05:03:10 BLOC_A_SERIE_DU_JOUR              5m21s      5m19s      -2s  ✅  By the word of the lord - Ketu HF
05:08:29 BLOC_A_SERIE_DU_JOUR              5m47s      5m45s      -2s  ✅  We Ascribe Greatness - Abuja HF
05:14:14 BLOC_A_SERIE_DU_JOUR              5m45s      5m43s      -2s  ✅  Ella Samuels - Oh Lord Our Maker
05:19:57 BLOC_A_SERIE_DU_JOUR              7m36s      7m33s      -3s  ✅  There Is No Lie - SWBN TV
05:27:30 BLOC_A_SERIE_DU_JOUR              3m04s      3m01s      -3s  ✅  The Lord is my Light and Salvation - Nonso Njoku
05:30:31 BLOC_A_SERIE_DU_JOUR              6m10s      6m07s      -3s  ✅  That I May Know Him - Toronto HF
05:36:38 BLOC_A_SERIE_DU_JOUR              5m50s      5m47s      -3s  ✅  Jesus I'm Waiting for You (Mary Umoh)
05:42:25 BLOC_A_SERIE_DU_JOUR              0m12s      0m12s      +0s  ✅  jingle id station 03 notre mission annonce levangile
05:42:37 BLOC_A_SERIE_DU_JOUR              3m25s      3m23s      -2s  ✅  1 Chroniques 22
05:46:00 BLOC_A_SERIE_DU_JOUR              4m05s      4m02s      -3s  ✅  1 Chroniques 23
05:50:02 BLOC_A_SERIE_DU_JOUR              3m54s      3m52s      -2s  ✅  1 Chroniques 24
05:53:54 BLOC_A_SERIE_DU_JOUR              3m39s      3m37s      -2s  ✅  1 Chroniques 25
05:57:31 BLOC_A_SERIE_DU_JOUR              4m53s      4m50s      -3s  ✅  1 Chroniques 26
06:02:21 BLOC_B_SERIE_DU_JOUR              0m11s      0m11s      +0s  ✅  jingle avant message 05 vous etes a lecoute de levangile du royaume
06:02:32 BLOC_B_SERIE_DU_JOUR           1h06m21s   1h06m19s      -2s  ✅  bosson 1 la marche avec dieu(2)
07:08:51 BLOC_B_SERIE_DU_JOUR              0m13s      0m13s      +0s  ✅  jingle avant bible 07 place a la lecture de la bible
07:09:04 BLOC_B_SERIE_DU_JOUR              2m59s      2m57s      -2s  ✅  Philémon 1
07:12:01 BLOC_B_SERIE_DU_JOUR              4m33s      4m30s      -3s  ✅  Ésaïe 43
07:16:31 BLOC_B_SERIE_DU_JOUR              5m55s      5m53s      -2s  ✅  Ésaïe 44
07:22:24 BLOC_B_SERIE_DU_JOUR              5m11s      5m08s      -3s  ✅  Ésaïe 45
07:27:32 BLOC_B_SERIE_DU_JOUR              2m25s      2m22s      -3s  ✅  Ésaïe 46
07:29:54 BLOC_B_SERIE_DU_JOUR              3m04s      3m02s      -2s  ✅  Ésaïe 47
07:32:56 BLOC_B_SERIE_DU_JOUR              4m00s      3m58s      -2s  ✅  Ésaïe 48
07:36:54 BLOC_B_SERIE_DU_JOUR              5m13s      5m10s      -3s  ✅  Ésaïe 49
07:42:04 BLOC_B_SERIE_DU_JOUR              2m34s      2m32s      -2s  ✅  Ésaïe 50
07:44:36 BLOC_B_SERIE_DU_JOUR              4m41s      4m38s      -3s  ✅  Ésaïe 51
07:49:14 BLOC_B_SERIE_DU_JOUR              2m44s      2m42s      -2s  ✅  Ésaïe 52
07:51:56 BLOC_B_SERIE_DU_JOUR              2m31s      2m29s      -2s  ✅  Ésaïe 53
07:54:25 BLOC_B_SERIE_DU_JOUR              3m12s      3m10s      -2s  ✅  Ésaïe 54
07:57:35 BLOC_B_SERIE_DU_JOUR              0m11s      0m11s      +0s  ✅  jingle avant louange 05 elevons nos coeurs vers dieu
07:57:46 BLOC_B_SERIE_DU_JOUR              5m02s      5m00s      -2s  ✅  A Song Of Love
08:02:46 BLOC_B_SERIE_DU_JOUR             11m54s     11m51s      -3s  ✅  Great & Marvelluos - Toronto HF
08:14:37 BLOC_B_SERIE_DU_JOUR              4m03s      4m01s      -2s  ✅  I Will Not Be Silent - Calabar HF
08:18:38 BLOC_B_SERIE_DU_JOUR              8m58s      8m55s      -3s  ✅  El Elyon - Toronto & Winnipeg HF
08:27:33 BLOC_B_SERIE_DU_JOUR              6m02s      6m00s      -2s  ✅  Satisfy My Soul - Calabar HF
08:33:33 BLOC_B_SERIE_DU_JOUR              3m24s      3m21s      -3s  ✅  Cantique sa miséricorde
08:36:54 BLOC_B_SERIE_DU_JOUR              6m56s      6m53s      -3s  ✅  As We Worship In Ypur Presence
08:43:47 BLOC_B_SERIE_DU_JOUR              8m10s      8m08s      -2s  ✅  Agunechemba - SWBN TV
08:51:55 BLOC_B_SERIE_DU_JOUR              0m09s      0m10s      +1s  ✅  jingle avant bible 08 prenons un moment pour ecouter la parole
08:52:05 BLOC_B_SERIE_DU_JOUR              4m45s      4m42s      -3s  ✅  Romains 1
08:56:47 BLOC_B_SERIE_DU_JOUR              3m58s      3m56s      -2s  ✅  Romains 2
09:00:43 BLOC_B_SERIE_DU_JOUR              4m06s      4m03s      -3s  ✅  Romains 3
09:04:46 BLOC_B_SERIE_DU_JOUR              3m39s      3m36s      -3s  ✅  Romains 4
09:08:22 BLOC_B_SERIE_DU_JOUR              3m34s      3m32s      -2s  ✅  Romains 5
09:11:54 BLOC_B_SERIE_DU_JOUR              3m15s      3m15s      +0s  ✅  Romains 6
09:15:09 BLOC_B_SERIE_DU_JOUR              3m46s      3m41s      -5s  ✅  Romains 7
09:18:50 BLOC_B_SERIE_DU_JOUR              0m13s      0m14s      +1s  ✅  jingle avant louange 07 voici un temps de louange
09:19:04 BLOC_B_SERIE_DU_JOUR              5m07s      5m04s      -3s  ✅  We Shall Come - Asaba Fellowship
09:24:08 BLOC_B_SERIE_DU_JOUR              4m33s      4m30s      -3s  ✅  God is Building - Will You Be - Ketu HF
09:28:38 BLOC_B_SERIE_DU_JOUR              6m19s      6m17s      -2s  ✅  Unto Him - CHF
09:34:55 BLOC_B_SERIE_DU_JOUR              5m04s      5m02s      -2s  ✅  I Enter The Holy of Holies - Port Harcourt HF
09:39:57 BLOC_B_SERIE_DU_JOUR              8m10s      8m07s      -3s  ✅  Great and Marvellous - Ketu HF
09:48:04 BLOC_B_SERIE_DU_JOUR              5m45s      5m43s      -2s  ✅  How Precious Oh Lord
09:53:47 BLOC_B_SERIE_DU_JOUR              9m39s      9m36s      -3s  ✅  Psalm 93 - Port Harcourt HF
10:03:23 BLOC_B_SERIE_DU_JOUR              8m25s      8m22s      -3s  ✅  The Mountains, Come and, Oh City - Ketu HF
10:11:45 BLOC_B_SERIE_DU_JOUR              0m10s      0m11s      +1s  ✅  jingle avant bible 06 ouvrons les saintes ecritures
10:11:56 BLOC_B_SERIE_DU_JOUR              3m00s      2m58s      -2s  ✅  Jonas 1
10:14:54 BLOC_B_SERIE_DU_JOUR              1m22s      1m19s      -3s  ✅  Jonas 2
10:16:13 BLOC_B_SERIE_DU_JOUR              1m36s      1m33s      -3s  ✅  Jonas 3
10:17:46 BLOC_B_SERIE_DU_JOUR              1m57s      1m55s      -2s  ✅  Jonas 4
10:19:41 BLOC_B_SERIE_DU_JOUR              5m40s      5m38s      -2s  ✅  Marc 1
10:25:19 BLOC_B_SERIE_DU_JOUR              4m21s      4m18s      -3s  ✅  Marc 2
10:29:37 BLOC_B_SERIE_DU_JOUR              4m15s      4m13s      -2s  ✅  Marc 3
10:33:50 BLOC_B_SERIE_DU_JOUR              5m27s      5m25s      -2s  ✅  Marc 4
10:39:15 BLOC_B_SERIE_DU_JOUR              5m38s      5m35s      -3s  ✅  Marc 5
10:44:50 BLOC_B_SERIE_DU_JOUR              7m58s      7m56s      -2s  ✅  Marc 6
10:52:46 BLOC_B_SERIE_DU_JOUR              0m10s      0m10s      +0s  ✅  jingle avant louange 06 que la louange seleve
10:52:56 BLOC_B_SERIE_DU_JOUR              5m18s      5m16s      -2s  ✅  Now is Come Salvation - Toronto HF
10:58:12 BLOC_B_SERIE_DU_JOUR              5m10s      5m08s      -2s  ✅  I Will Call Upon The Lord
11:03:20 BLOC_B_SERIE_DU_JOUR             10m25s     10m23s      -2s  ✅  Holy Are You - PHF
11:13:43 BLOC_B_SERIE_DU_JOUR              9m23s      9m21s      -2s  ✅  10 minutes
11:23:04 BLOC_B_SERIE_DU_JOUR              4m44s      4m42s      -2s  ✅  Je veux vivre ton royaume
11:27:46 BLOC_B_SERIE_DU_JOUR              5m52s      5m50s      -2s  ✅  Not Naked (Abasiama Timothy)
11:33:36 BLOC_B_SERIE_DU_JOUR              6m28s      6m25s      -3s  ✅  Le Bien-Etre Universel
11:40:01 BLOC_B_SERIE_DU_JOUR              9m31s      9m28s      -3s  ✅  15 at 01.33.50 (1)(1)
11:49:29 BLOC_B_SERIE_DU_JOUR              0m09s      0m09s      +0s  ✅  JINGLE
11:49:38 BLOC_B_SERIE_DU_JOUR              4m37s      4m35s      -2s  ✅  1 Corinthiens 1
11:54:13 BLOC_B_SERIE_DU_JOUR              2m43s      2m40s      -3s  ✅  1 Corinthiens 2
11:56:53 BLOC_B_SERIE_DU_JOUR              3m26s      3m24s      -2s  ✅  1 Corinthiens 3
12:00:17 BLOC_C_SERIE_DU_JOUR              0m10s      0m10s      +0s  ✅  jingle avant message 04 bienvenue sur parole prophetique fm
12:00:27 BLOC_C_SERIE_DU_JOUR           1h06m21s   1h06m19s      -2s  ✅  bosson 1 la marche avec dieu(2)
13:06:46 BLOC_C_SERIE_DU_JOUR              0m09s      0m09s      +0s  ✅  jingle avant bible 08 prenons un moment pour ecouter la parole
13:06:55 BLOC_C_SERIE_DU_JOUR              4m51s      4m49s      -2s  ✅  Jean 13
13:11:44 BLOC_C_SERIE_DU_JOUR              3m52s      3m49s      -3s  ✅  Jean 14
13:15:33 BLOC_C_SERIE_DU_JOUR              3m22s      3m20s      -2s  ✅  Jean 15
13:18:53 BLOC_C_SERIE_DU_JOUR              4m20s      4m17s      -3s  ✅  Jean 16
13:23:10 BLOC_C_SERIE_DU_JOUR              3m14s      3m12s      -2s  ✅  Jean 17
13:26:22 BLOC_C_SERIE_DU_JOUR              5m40s      5m37s      -3s  ✅  Jean 18
13:31:59 BLOC_C_SERIE_DU_JOUR              6m09s      6m07s      -2s  ✅  Jean 19
13:38:06 BLOC_C_SERIE_DU_JOUR              4m27s      4m24s      -3s  ✅  Jean 20
13:42:30 BLOC_C_SERIE_DU_JOUR              4m04s      4m02s      -2s  ✅  Jean 21
13:46:32 BLOC_C_SERIE_DU_JOUR              3m42s      3m39s      -3s  ✅  2 Pierre 1
13:50:11 BLOC_C_SERIE_DU_JOUR              4m04s      4m01s      -3s  ✅  2 Pierre 2
13:54:12 BLOC_C_SERIE_DU_JOUR              3m17s      3m14s      -3s  ✅  2 Pierre 3
13:57:26 BLOC_C_SERIE_DU_JOUR              0m13s      0m14s      +1s  ✅  jingle avant louange 07 voici un temps de louange
13:57:40 BLOC_C_SERIE_DU_JOUR              4m53s      4m50s      -3s  ✅  Cantique Jahweh, Tu es élevé au dessus de tout (1)
14:02:30 BLOC_C_SERIE_DU_JOUR              6m04s      6m01s      -3s  ✅  Sing Unto the Lord a new Song  - Winnipeg Fellowship
14:08:31 BLOC_C_SERIE_DU_JOUR              3m19s      3m17s      -2s  ✅  Awaken My Heart
14:11:48 BLOC_C_SERIE_DU_JOUR              4m48s      4m46s      -2s  ✅  Yeshua I'm Waiting for You  - Ketu HF
14:16:34 BLOC_C_SERIE_DU_JOUR             11m53s     11m50s      -3s  ✅  Hashem - PHF
14:28:24 BLOC_C_SERIE_DU_JOUR              6m02s      5m59s      -3s  ✅  Rejoice - PHF
14:34:23 BLOC_C_SERIE_DU_JOUR              5m52s      5m50s      -2s  ✅  Where Two or Three are Gathered - Calabar HF
14:40:13 BLOC_C_SERIE_DU_JOUR              8m31s      8m28s      -3s  ✅  Holy Holy - Abuja HF
14:48:41 BLOC_C_SERIE_DU_JOUR              0m13s      0m14s      +1s  ✅  jingle avant bible 07 place a la lecture de la bible
14:48:55 BLOC_C_SERIE_DU_JOUR              3m26s      3m23s      -3s  ✅  Abdias 1
14:52:18 BLOC_C_SERIE_DU_JOUR              2m37s      2m35s      -2s  ✅  Michée 1
14:54:53 BLOC_C_SERIE_DU_JOUR              2m20s      2m17s      -3s  ✅  Michée 2
14:57:10 BLOC_C_SERIE_DU_JOUR              2m05s      2m02s      -3s  ✅  Michée 3
14:59:12 BLOC_C_SERIE_DU_JOUR              2m34s      2m32s      -2s  ✅  Michée 4
15:01:44 BLOC_C_SERIE_DU_JOUR              2m20s      2m17s      -3s  ✅  Michée 5
15:04:01 BLOC_C_SERIE_DU_JOUR              2m37s      2m35s      -2s  ✅  Michée 6
15:06:36 BLOC_C_SERIE_DU_JOUR              3m27s      3m24s      -3s  ✅  Michée 7
15:10:00 BLOC_C_SERIE_DU_JOUR              2m40s      2m37s      -3s  ✅  Habacuc 1
15:12:37 BLOC_C_SERIE_DU_JOUR              3m24s      3m32s      +8s  ✅  Habacuc 2
15:16:09 BLOC_C_SERIE_DU_JOUR              8m41s      8m39s      -2s  ✅  Unto Him (Vincent Opara)
15:24:48 BLOC_C_SERIE_DU_JOUR              7m17s      7m14s      -3s  ✅  cantique  tes promesses  pub direct dec 2021 import (2)
15:32:02 BLOC_C_SERIE_DU_JOUR              7m18s      7m17s      -1s  ✅  Holy is the Lord (Emmanuel Umoh)
15:39:19 BLOC_C_SERIE_DU_JOUR             10m24s     10m20s      -4s  ✅  Shine in Darkness O Lord  - Winnipeg Fellowship
15:49:39 BLOC_C_SERIE_DU_JOUR              7m09s      7m07s      -2s  ✅  My God Is Good - Winnipeg Fellowship
15:56:46 BLOC_C_SERIE_DU_JOUR              5m28s      5m26s      -2s  ✅  même humilié
16:02:12 BLOC_C_SERIE_DU_JOUR              7m21s      7m18s      -3s  ✅  For By My God - Toronto & Winnipeg HF
16:09:30 BLOC_C_SERIE_DU_JOUR              0m10s      0m10s      +0s  ✅  jingle avant bible 06 ouvrons les saintes ecritures
16:09:40 BLOC_C_SERIE_DU_JOUR              3m07s      3m05s      -2s  ✅  Joël 1
16:12:45 BLOC_C_SERIE_DU_JOUR              5m41s      5m39s      -2s  ✅  Joël 2
16:18:24 BLOC_C_SERIE_DU_JOUR              3m36s      3m33s      -3s  ✅  Joël 3
16:21:57 BLOC_C_SERIE_DU_JOUR              4m58s      4m56s      -2s  ✅  2 Samuel 24
16:26:53 BLOC_C_SERIE_DU_JOUR              7m07s      7m04s      -3s  ✅  Luc 6
16:33:57 BLOC_C_SERIE_DU_JOUR              7m35s      7m32s      -3s  ✅  Luc 7
16:41:29 BLOC_C_SERIE_DU_JOUR              8m38s      8m36s      -2s  ✅  Luc 8
16:50:05 BLOC_C_SERIE_DU_JOUR              0m10s      0m11s      +1s  ✅  jingle avant louange 06 que la louange seleve
16:50:16 BLOC_C_SERIE_DU_JOUR              7m37s      7m34s      -3s  ✅  Cantiques  Il a pris mes iniquités
16:57:50 BLOC_C_SERIE_DU_JOUR              4m21s      4m18s      -3s  ✅  Sing Hallelujah - Abuja HF
17:02:08 BLOC_C_SERIE_DU_JOUR              7m09s      7m08s      -1s  ✅  You're the Lamb (Abasiama Timothy)
17:09:16 BLOC_C_SERIE_DU_JOUR              6m57s      6m53s      -4s  ✅  qui est digne d ouvrir le livre
17:16:09 BLOC_C_SERIE_DU_JOUR              6m09s      6m07s      -2s  ✅  Hymne des vainqueurs
17:22:16 BLOC_C_SERIE_DU_JOUR              7m20s      7m18s      -2s  ✅  The Glory -  PHF
17:29:34 BLOC_C_SERIE_DU_JOUR              5m08s      5m06s      -2s  ✅  He Has Given Me - PHF
17:34:40 BLOC_C_SERIE_DU_JOUR              6m02s      5m59s      -3s  ✅  Crown Him Lord of Lords - Nonso Njoku
17:40:39 BLOC_C_SERIE_DU_JOUR              0m09s      0m09s      +0s  ✅  JINGLE
17:40:48 BLOC_C_SERIE_DU_JOUR              2m35s      2m33s      -2s  ✅  2 Thessaloniciens 3
17:43:21 BLOC_C_SERIE_DU_JOUR              4m20s      4m17s      -3s  ✅  2 Corinthiens 1
17:47:38 BLOC_C_SERIE_DU_JOUR              2m49s      2m47s      -2s  ✅  2 Corinthiens 2
17:50:25 BLOC_C_SERIE_DU_JOUR              3m02s      2m59s      -3s  ✅  2 Corinthiens 3
17:53:24 BLOC_C_SERIE_DU_JOUR              3m24s      3m22s      -2s  ✅  2 Corinthiens 4
17:56:46 BLOC_C_SERIE_DU_JOUR              3m29s      3m27s      -2s  ✅  2 Corinthiens 5
18:00:13 BLOC_D_SERIE_DU_JOUR              0m09s      0m09s      +0s  ✅  jingle avant message 03 vous ecoutez parole prophetique fm
18:00:22 BLOC_D_SERIE_DU_JOUR           1h06m21s   1h06m29s      +8s  ✅  bosson 1 la marche avec dieu(2)
19:06:51 BLOC_D_SERIE_DU_JOUR              3m39s      3m36s      -3s  ✅  Ruth 1
19:10:27 BLOC_D_SERIE_DU_JOUR              4m14s      4m11s      -3s  ✅  Ruth 2
19:14:38 BLOC_D_SERIE_DU_JOUR              3m00s      2m57s      -3s  ✅  Ruth 3
19:17:35 BLOC_D_SERIE_DU_JOUR              3m43s      3m41s      -2s  ✅  Ruth 4
19:21:16 BLOC_D_SERIE_DU_JOUR              6m09s      6m07s      -2s  ✅  Daniel 5
19:27:23 BLOC_D_SERIE_DU_JOUR              5m34s      5m31s      -3s  ✅  Daniel 6
19:32:54 BLOC_D_SERIE_DU_JOUR              5m29s      5m27s      -2s  ✅  Daniel 7
19:38:21 BLOC_D_SERIE_DU_JOUR              4m51s      4m49s      -2s  ✅  Daniel 8
19:43:10 BLOC_D_SERIE_DU_JOUR              5m57s      5m54s      -3s  ✅  Daniel 9
19:49:04 BLOC_D_SERIE_DU_JOUR              3m45s      3m43s      -2s  ✅  Daniel 10
19:52:47 BLOC_D_SERIE_DU_JOUR              0m10s      0m11s      +1s  ✅  jingle avant louange 06 que la louange seleve
19:52:58 BLOC_D_SERIE_DU_JOUR              4m13s      4m10s      -3s  ✅  4 minutes
19:57:08 BLOC_D_SERIE_DU_JOUR              5m19s      5m17s      -2s  ✅  Gabrielle LIDJI - Mélodie Céleste  by LFXA(Light FX Animation)_2
20:02:25 BLOC_D_SERIE_DU_JOUR              6m12s      6m10s      -2s  ✅  Praise the Lord All Ye Nations - Toronto HF
20:08:35 BLOC_D_SERIE_DU_JOUR              3m41s      3m38s      -3s  ✅  Adorons l'Éternel GAEL - JÉSUS EST SEIGNEUR -
20:12:13 BLOC_D_SERIE_DU_JOUR              6m35s      6m33s      -2s  ✅  cantique   ta lumière
20:18:46 BLOC_D_SERIE_DU_JOUR              4m18s      4m16s      -2s  ✅  You Are Worthy - Ketu HF
20:23:02 BLOC_D_SERIE_DU_JOUR             10m38s     10m36s      -2s  ✅  Be Exalted - PHF
20:33:38 BLOC_D_SERIE_DU_JOUR             10m35s     10m32s      -3s  ✅  Baruch Ha'ba B'Shem Adonai/Blessed Is He Who Comes in the Name of the Lord - Port Harcourt HF
20:44:10 BLOC_D_SERIE_DU_JOUR              0m10s      0m11s      +1s  ✅  jingle avant bible 06 ouvrons les saintes ecritures
20:44:21 BLOC_D_SERIE_DU_JOUR              2m16s      2m13s      -3s  ✅  Hébreux 1
20:46:34 BLOC_D_SERIE_DU_JOUR              3m13s      3m11s      -2s  ✅  Hébreux 2
20:49:45 BLOC_D_SERIE_DU_JOUR              2m48s      2m45s      -3s  ✅  Hébreux 3
20:52:30 BLOC_D_SERIE_DU_JOUR              2m45s      2m43s      -2s  ✅  Hébreux 4
20:55:13 BLOC_D_SERIE_DU_JOUR              2m17s      2m14s      -3s  ✅  Hébreux 5
20:57:27 BLOC_D_SERIE_DU_JOUR              3m05s      3m03s      -2s  ✅  Hébreux 6
21:00:30 BLOC_D_SERIE_DU_JOUR              4m52s      4m49s      -3s  ✅  Hébreux 7
21:05:19 BLOC_D_SERIE_DU_JOUR              2m45s      2m42s      -3s  ✅  Hébreux 8
21:08:01 BLOC_D_SERIE_DU_JOUR              0m11s      0m11s      +0s  ✅  jingle avant louange 05 elevons nos coeurs vers dieu
21:08:12 BLOC_D_SERIE_DU_JOUR              6m59s      6m58s      -1s  ✅  Hosanna - Toronto HF
21:15:10 BLOC_D_SERIE_DU_JOUR              4m05s      4m01s      -4s  ✅  Song Of Victory - Emmanuel Igunbor
21:19:11 BLOC_D_SERIE_DU_JOUR              9m14s      9m12s      -2s  ✅  A jamais, tu seras l Agneau de Dieu
21:28:23 BLOC_D_SERIE_DU_JOUR              5m58s      5m55s      -3s  ✅  In Jesus - PHF
21:34:18 BLOC_D_SERIE_DU_JOUR              7m29s      7m27s      -2s  ✅  Hallelujah - PHF
21:41:45 BLOC_D_SERIE_DU_JOUR              6m06s      6m04s      -2s  ✅  cantique  ta bonte
21:47:49 BLOC_D_SERIE_DU_JOUR             10m13s     10m10s      -3s  ✅  As We Worship - Toronto & Winnipeg HF
21:57:59 BLOC_D_SERIE_DU_JOUR              0m13s      0m13s      +0s  ✅  jingle avant bible 07 place a la lecture de la bible
21:58:12 BLOC_D_SERIE_DU_JOUR              1m55s      1m52s      -3s  ✅  Esdras 1
22:00:04 BLOC_D_SERIE_DU_JOUR              6m11s      6m09s      -2s  ✅  Esdras 2
22:06:13 BLOC_D_SERIE_DU_JOUR              2m56s      2m54s      -2s  ✅  Esdras 3
22:09:07 BLOC_D_SERIE_DU_JOUR              4m24s      4m21s      -3s  ✅  Esdras 4
22:13:28 BLOC_D_SERIE_DU_JOUR              3m08s      3m05s      -3s  ✅  Esdras 5
22:16:33 BLOC_D_SERIE_DU_JOUR              4m12s      4m10s      -2s  ✅  Esdras 6
22:20:43 BLOC_D_SERIE_DU_JOUR              4m34s      4m31s      -3s  ✅  Esdras 7
22:25:14 BLOC_D_SERIE_DU_JOUR              5m42s      5m40s      -2s  ✅  Esdras 8
22:30:54 BLOC_D_SERIE_DU_JOUR              0m13s      0m13s      +0s  ✅  jingle avant louange 07 voici un temps de louange
22:31:07 BLOC_D_SERIE_DU_JOUR              4m52s      4m50s      -2s  ✅  cantique   prends tout le contrôle
22:35:57 BLOC_D_SERIE_DU_JOUR              2m16s      2m13s      -3s  ✅  cantique  nous sommes le sel de la terre
22:38:10 BLOC_D_SERIE_DU_JOUR              4m52s      4m50s      -2s  ✅  God is Moving Us On - Ketu HF
22:43:00 BLOC_D_SERIE_DU_JOUR              9m04s      9m01s      -3s  ✅  You're the Lamb - Calabar HF
22:52:01 BLOC_D_SERIE_DU_JOUR              7m57s      7m55s      -2s  ✅  Yahweh is Mighty (Imah Adegoke)
22:59:56 BLOC_D_SERIE_DU_JOUR              6m12s      6m10s      -2s  ✅  The King is Here (Abasiama Timothy)
23:06:06 BLOC_D_SERIE_DU_JOUR              9m43s      9m40s      -3s  ✅  Thy Throne Oh Lord - Ketu HF
23:15:46 BLOC_D_SERIE_DU_JOUR              0m09s      0m10s      +1s  ✅  jingle id station 02 radio evangile du royaume
23:15:56 BLOC_D_SERIE_DU_JOUR              2m25s      2m23s      -2s  ✅  Cantique des Cantiques 1
23:18:19 BLOC_D_SERIE_DU_JOUR              2m32s      2m29s      -3s  ✅  Cantique des Cantiques 2
23:20:48 BLOC_D_SERIE_DU_JOUR              1m53s      1m51s      -2s  ✅  Cantique des Cantiques 3
23:22:39 BLOC_D_SERIE_DU_JOUR              2m50s      2m47s      -3s  ✅  Cantique des Cantiques 4
23:25:26 BLOC_D_SERIE_DU_JOUR              2m54s      2m52s      -2s  ✅  Cantique des Cantiques 5
23:28:18 BLOC_D_SERIE_DU_JOUR              2m06s      2m03s      -3s  ✅  Cantique des Cantiques 6
23:30:21 BLOC_E_LOUANGE_NUIT               9m31s      9m28s      -3s  ✅  15 at 01.33.50 (1)(1)
23:39:49 BLOC_E_LOUANGE_NUIT               5m02s      5m00s      -2s  ✅  A Song Of Love
23:44:49 BLOC_E_LOUANGE_NUIT               3m22s      3m20s      -2s  ✅  Ses cheveux étaient blancs..
23:48:09 BLOC_E_LOUANGE_NUIT               6m56s      6m53s      -3s  ✅  As We Worship In Ypur Presence
23:55:02 BLOC_E_LOUANGE_NUIT               2m16s      2m13s      -3s  ✅  cantique  nous sommes le sel de la terre
23:57:15 BLOC_E_LOUANGE_NUIT               5m02s      4m20s     -42s  ❌ COUPÉ  A Song Of Love
----------------------------------------------------------------------------------------------------
Bilan : 271 titres, 1 anomalie(s) (titre coupé de plus de 10s ou trou d'antenne). Gravité : 1 mineure(s) <1min · 0 sérieuse(s) 1-10min · 0 critique(s) >10min.

====================================================================================================
CONTRÔLES APPROFONDIS
====================================================================================================
MESSAGE DU JOUR « Bosson 1 la marche avec Dieu 2 » : 4 diffusion(s) pour 4 prévue(s) ✅
   00:04:46  (étiquette BLOC_A_SERIE_DU_JOUR)
   06:02:32  (étiquette BLOC_B_SERIE_DU_JOUR)
   12:00:27  (étiquette BLOC_C_SERIE_DU_JOUR)
   18:00:22  (étiquette BLOC_D_SERIE_DU_JOUR)
JINGLES : 30 joués / 36 prévus (83%) ⚠️   ·   BLOC_A 8/9 · BLOC_B 8/9 · BLOC_C 7/9 · BLOC_D 7/9
HORS FENÊTRE : aucun débordement de bloc détecté ✅
BOUCHE-TROUS : 1 titre(s) hors plan sans playlist ⚠️
   00:01:38  ?  (2m57s)
COUVERTURE : premier titre à 00:01:38 ✅ · dernier titre finit vers 00:02:17 (estimé) ✅

====================================================================================================
RÉEL vs PRÉVU — ce qui a joué vs ce que le plan prévoyait
====================================================================================================
----------------------------------------------------------------------------------------------------
BLOC_A  (00:00-06:00)  prévus  74 · atteignables  70 · joués  71 · conformité 100% · sautés  0 · en trop  1
   ➕  JOUÉ NON PRÉVU : ?
   ⏸️  FIN DE BLOC NON ATTEINTE (4 titres · ~24m46s) — marge anti-rebouclage au-delà de la fenêtre, normal : jingle id station 01 la bonne nouvelle partout · There is no name  - Winnipeg Fellowship · Yeshua Hamashiach - Calabar HF · Bless Ye the Lord - PHF
----------------------------------------------------------------------------------------------------
BLOC_B  (06:00-12:00)  prévus  74 · atteignables  66 · joués  66 · conformité 100% · sautés  0 · en trop  0
   ⏸️  FIN DE BLOC NON ATTEINTE (8 titres · ~37m04s) — marge anti-rebouclage au-delà de la fenêtre, normal : 1 Corinthiens 4 · 1 Corinthiens 5 · jingle id station 03 notre mission annonce levangile · jai donné ma vie à jésus (1) · Mon modèle, c est Jésus · There is A Mighty River Flowing - Ketu HF  …(+2)
----------------------------------------------------------------------------------------------------
BLOC_C  (12:00-18:00)  prévus  71 · atteignables  67 · joués  66 · conformité  99% · sautés  1 · en trop  0
   ⏭️  PRÉVU NON JOUÉ : jingle avant louange 05 elevons nos coeurs vers dieu
   ⏸️  FIN DE BLOC NON ATTEINTE (4 titres · ~21m07s) — marge anti-rebouclage au-delà de la fenêtre, normal : JINGLE · Oh Lord I Want to Know Your Glory - Port Harcourt HF · The Lord on High is Mightier - Toronto HF · Arise Out of Zion  - Winnipeg Fellowship
----------------------------------------------------------------------------------------------------
BLOC_D  (18:00-23:30)  prévus  67 · atteignables  63 · joués  62 · conformité  98% · sautés  1 · en trop  0
   ⏭️  PRÉVU NON JOUÉ : jingle avant bible 08 prenons un moment pour ecouter la parole
   ⏸️  FIN DE BLOC NON ATTEINTE (4 titres · ~21m00s) — marge anti-rebouclage au-delà de la fenêtre, normal : JINGLE · 6 minutes · He Has Given Me & Emmanuel You Joy Over Us (Medley) (Abasiama Timothy & Imah Adegoke) · He Shall Feed His Flock - I Want to walk  - Ketu HF
----------------------------------------------------------------------------------------------------
CONFORMITÉ GLOBALE : 264/266 titres atteignables joués dans l'ordre = 99%  (1 titre(s) hors plan · 20 non atteint(s) en fin de bloc, marge normale)
