====================================================================================================
MONITEUR RADIO — 2026-09-27 (synthèse des 3 rapports + plan, heures UTC)
====================================================================================================
État : ❌ incident(s) détecté(s)  ·  diffusion : 1 coupure(s)/trou(s), 0 double(s) message  ·  serveur : 0 incident(s)
ATTENDU (sans effet à l'antenne, hors verdict) : 261 événement(s) serveur pendant la rotation (23h30-23h40) et le reset de minuit (00h00-00h03)
SERVEUR : aucun incident hors fenêtres planifiées (ni crash, ni échec réseau, ni silence) ✅
   ↳ attendu, hors verdict : 00:01 🌐 échec réseau AzuraCast/Liquidsoap (×2) · 00:01 💥 crash Liquidsoap (redémarrage automatique) (×2) · 00:01 🔇 bascule sur jingle d'erreur (silence potentiel) (×3) · 23:32 🌐 échec réseau AzuraCast/Liquidsoap (×254)
RESET MINUIT : restart confirmé vers 00:02:11 · 3 contrôle(s) · file saine ✅
INCIDENTS CORRÉLÉS (anomalie de diffusion ↔ cause serveur probable) :
   00:02:35  TROU 33s « Psaumes 53 »
          ↳ cause probable 00:01:36 : 🔇 bascule sur jingle d'erreur (silence potentiel)
(Détail titre par titre, contrôles approfondis et RÉEL vs PRÉVU ci-dessous.)
Rapport de diffusion — 2026-09-27 (heures UTC)
278 titres joués | tolérance ±10s
====================================================================================================
HEURE    PLAYLIST                     FICHIER          RÉEL    ÉCART  STATUT  TITRE
----------------------------------------------------------------------------------------------------
00:01:41 ?                                 0m54s      0m54s      +0s  ✅  AzuraCast is Live!
00:02:35 015_REMPLISSAGE                   0m56s      1m29s     +33s  ⚠️ TROU APRÈS  Psaumes 53
00:04:04 BLOC_A_SERIE_DU_JOUR           1h02m06s   1h02m03s      -3s  ✅  2
01:06:07 BLOC_A_SERIE_DU_JOUR              0m13s      0m13s      +0s  ✅  jingle avant bible 07 place a la lecture de la bible
01:06:20 BLOC_A_SERIE_DU_JOUR              1m49s      1m47s      -2s  ✅  1 Thessaloniciens 1
01:08:07 BLOC_A_SERIE_DU_JOUR              3m29s      3m27s      -2s  ✅  1 Thessaloniciens 2
01:11:34 BLOC_A_SERIE_DU_JOUR              2m13s      2m10s      -3s  ✅  1 Thessaloniciens 3
01:13:44 BLOC_A_SERIE_DU_JOUR              3m03s      3m00s      -3s  ✅  1 Thessaloniciens 4
01:16:44 BLOC_A_SERIE_DU_JOUR              3m04s      3m02s      -2s  ✅  1 Thessaloniciens 5
01:19:46 BLOC_A_SERIE_DU_JOUR              2m07s      2m05s      -2s  ✅  2 Jean 1
01:21:51 BLOC_A_SERIE_DU_JOUR              2m56s      2m53s      -3s  ✅  Sophonie 1
01:24:44 BLOC_A_SERIE_DU_JOUR              2m46s      2m44s      -2s  ✅  Sophonie 2
01:27:28 BLOC_A_SERIE_DU_JOUR              3m46s      3m43s      -3s  ✅  Sophonie 3
01:31:11 BLOC_A_SERIE_DU_JOUR              3m50s      3m47s      -3s  ✅  1 Pierre 3
01:34:58 BLOC_A_SERIE_DU_JOUR              3m13s      3m11s      -2s  ✅  1 Pierre 4
01:38:09 BLOC_A_SERIE_DU_JOUR              2m15s      2m13s      -2s  ✅  1 Pierre 5
01:40:22 BLOC_A_SERIE_DU_JOUR              4m06s      4m03s      -3s  ✅  2 Corinthiens 8
01:44:25 BLOC_A_SERIE_DU_JOUR              2m53s      2m51s      -2s  ✅  2 Corinthiens 9
01:47:16 BLOC_A_SERIE_DU_JOUR              3m24s      3m21s      -3s  ✅  2 Corinthiens 10
01:50:37 BLOC_A_SERIE_DU_JOUR              5m26s      5m24s      -2s  ✅  2 Corinthiens 11
01:56:01 BLOC_A_SERIE_DU_JOUR              0m11s      0m11s      +0s  ✅  jingle avant louange 05 elevons nos coeurs vers dieu
01:56:12 BLOC_A_SERIE_DU_JOUR              3m22s      3m20s      -2s  ✅  Ses cheveux étaient blancs..
01:59:32 BLOC_A_SERIE_DU_JOUR             10m25s     10m23s      -2s  ✅  Holy Are You - PHF
02:09:55 BLOC_A_SERIE_DU_JOUR              7m04s      7m01s      -3s  ✅  We Bless You Wonderful God  - Winnipeg Fellowship
02:16:56 BLOC_A_SERIE_DU_JOUR              9m14s      9m13s      -1s  ✅  A jamais, tu seras l Agneau de Dieu
02:26:09 BLOC_A_SERIE_DU_JOUR              4m04s      4m03s      -1s  ✅  Ascribe Greatness - PHF
02:30:12 BLOC_A_SERIE_DU_JOUR              8m12s      8m07s      -5s  ✅  Jesus is Alpha - PHF
02:38:19 BLOC_A_SERIE_DU_JOUR              5m04s      5m02s      -2s  ✅  I Enter The Holy of Holies - Port Harcourt HF
02:43:21 BLOC_A_SERIE_DU_JOUR              3m04s      3m01s      -3s  ✅  The Lord is my Light and Salvation - Nonso Njoku
02:46:22 BLOC_A_SERIE_DU_JOUR              0m10s      0m11s      +1s  ✅  jingle avant bible 06 ouvrons les saintes ecritures
02:46:33 BLOC_A_SERIE_DU_JOUR              5m09s      5m07s      -2s  ✅  Lamentations 1
02:51:40 BLOC_A_SERIE_DU_JOUR              5m15s      5m12s      -3s  ✅  Lamentations 2
02:56:52 BLOC_A_SERIE_DU_JOUR              6m02s      5m59s      -3s  ✅  Lamentations 3
03:02:51 BLOC_A_SERIE_DU_JOUR              3m56s      3m54s      -2s  ✅  Lamentations 4
03:06:45 BLOC_A_SERIE_DU_JOUR              2m20s      2m17s      -3s  ✅  Lamentations 5
03:09:02 BLOC_A_SERIE_DU_JOUR              2m18s      2m16s      -2s  ✅  Néhémie 1
03:11:18 BLOC_A_SERIE_DU_JOUR              0m13s      0m13s      +0s  ✅  jingle avant louange 07 voici un temps de louange
03:11:31 BLOC_A_SERIE_DU_JOUR              9m04s      9m01s      -3s  ✅  You're the Lamb - Calabar HF
03:20:32 BLOC_A_SERIE_DU_JOUR              6m02s      6m00s      -2s  ✅  Satisfy My Soul - Calabar HF
03:26:32 BLOC_A_SERIE_DU_JOUR              4m05s      4m03s      -2s  ✅  Song Of Victory - Emmanuel Igunbor
03:30:35 BLOC_A_SERIE_DU_JOUR              4m18s      4m16s      -2s  ✅  You Are Worthy - Ketu HF
03:34:51 BLOC_A_SERIE_DU_JOUR              7m29s      7m26s      -3s  ✅  Hallelujah - PHF
03:42:17 BLOC_A_SERIE_DU_JOUR              7m46s      7m43s      -3s  ✅  Arise Out of Zion  - Winnipeg Fellowship
03:50:00 BLOC_A_SERIE_DU_JOUR              6m13s      6m11s      -2s  ✅  Immortal God - Elohim Adonai - Abuja HF
03:56:11 BLOC_A_SERIE_DU_JOUR              8m10s      8m17s      +7s  ✅  Agunechemba - SWBN TV
04:04:28 BLOC_A_SERIE_DU_JOUR              5m08s      5m06s      -2s  ✅  1 Corinthiens 11
04:09:34 BLOC_A_SERIE_DU_JOUR              4m41s      4m39s      -2s  ✅  1 Corinthiens 12
04:14:13 BLOC_A_SERIE_DU_JOUR              2m38s      2m35s      -3s  ✅  1 Corinthiens 13
04:16:48 BLOC_A_SERIE_DU_JOUR              6m31s      6m28s      -3s  ✅  1 Corinthiens 14
04:23:16 BLOC_A_SERIE_DU_JOUR              8m34s      8m32s      -2s  ✅  1 Corinthiens 15
04:31:48 BLOC_A_SERIE_DU_JOUR              3m07s      3m05s      -2s  ✅  1 Corinthiens 16
04:34:53 BLOC_A_SERIE_DU_JOUR              9m17s      9m15s      -2s  ✅  Luc 1
04:44:08 BLOC_A_SERIE_DU_JOUR              0m10s      0m10s      +0s  ✅  jingle avant louange 06 que la louange seleve
04:44:18 BLOC_A_SERIE_DU_JOUR              7m57s      7m55s      -2s  ✅  Yahweh is Mighty (Imah Adegoke)
04:52:13 BLOC_A_SERIE_DU_JOUR              5m52s      5m50s      -2s  ✅  Not Naked (Abasiama Timothy)
04:58:03 BLOC_A_SERIE_DU_JOUR              6m57s      6m55s      -2s  ✅  The Lord on High is Mightier - Toronto HF
05:04:58 BLOC_A_SERIE_DU_JOUR              4m11s      4m09s      -2s  ✅  jai donné ma vie à jésus (1)
05:09:07 BLOC_A_SERIE_DU_JOUR              6m04s      6m03s      -1s  ✅  Sing Unto the Lord a new Song  - Winnipeg Fellowship
05:15:10 BLOC_A_SERIE_DU_JOUR              8m18s      8m13s      -5s  ✅  Yahweh Is Mighty - SWBN TV
05:23:23 BLOC_A_SERIE_DU_JOUR              5m22s      5m20s      -2s  ✅  God's Got An Army - PHF
05:28:43 BLOC_A_SERIE_DU_JOUR             11m01s     10m58s      -3s  ✅  Great is, Ascribe - Ketu HF
05:39:41 BLOC_A_SERIE_DU_JOUR              0m09s      0m09s      +0s  ✅  JINGLE
05:39:50 BLOC_A_SERIE_DU_JOUR              6m03s      6m01s      -2s  ✅  2 Rois 5
05:45:51 BLOC_A_SERIE_DU_JOUR              5m42s      5m39s      -3s  ✅  2 Rois 6
05:51:30 BLOC_A_SERIE_DU_JOUR              4m28s      4m26s      -2s  ✅  2 Rois 7
05:55:56 BLOC_A_SERIE_DU_JOUR              5m34s      5m32s      -2s  ✅  2 Rois 8
06:01:28 BLOC_B_SERIE_DU_JOUR              0m09s      0m09s      +0s  ✅  jingle avant message 03 vous ecoutez parole prophetique fm
06:01:37 BLOC_B_SERIE_DU_JOUR           1h02m06s   1h02m03s      -3s  ✅  2
07:03:40 BLOC_B_SERIE_DU_JOUR              0m13s      0m14s      +1s  ✅  jingle avant bible 07 place a la lecture de la bible
07:03:54 BLOC_B_SERIE_DU_JOUR              4m28s      4m25s      -3s  ✅  Philippiens 2
07:08:19 BLOC_B_SERIE_DU_JOUR              3m26s      3m23s      -3s  ✅  Philippiens 3
07:11:42 BLOC_B_SERIE_DU_JOUR              3m39s      3m37s      -2s  ✅  Philippiens 4
07:15:19 BLOC_B_SERIE_DU_JOUR              4m27s      4m24s      -3s  ✅  Jude 1
07:19:43 BLOC_B_SERIE_DU_JOUR              2m40s      2m37s      -3s  ✅  Habacuc 1
07:22:20 BLOC_B_SERIE_DU_JOUR              3m24s      3m21s      -3s  ✅  Habacuc 2
07:25:41 BLOC_B_SERIE_DU_JOUR              3m11s      3m09s      -2s  ✅  Habacuc 3
07:28:50 BLOC_B_SERIE_DU_JOUR              3m04s      3m02s      -2s  ✅  Osée 9
07:31:52 BLOC_B_SERIE_DU_JOUR              2m37s      2m34s      -3s  ✅  Osée 10
07:34:26 BLOC_B_SERIE_DU_JOUR              1m53s      1m51s      -2s  ✅  Osée 11
07:36:17 BLOC_B_SERIE_DU_JOUR              2m04s      2m01s      -3s  ✅  Osée 12
07:38:18 BLOC_B_SERIE_DU_JOUR              2m43s      2m41s      -2s  ✅  Osée 13
07:40:59 BLOC_B_SERIE_DU_JOUR              1m37s      1m35s      -2s  ✅  Osée 14
07:42:34 BLOC_B_SERIE_DU_JOUR              3m26s      3m23s      -3s  ✅  Éphésiens 1
07:45:57 BLOC_B_SERIE_DU_JOUR              3m16s      3m14s      -2s  ✅  Éphésiens 2
07:49:11 BLOC_B_SERIE_DU_JOUR              2m56s      2m54s      -2s  ✅  Éphésiens 3
07:52:05 BLOC_B_SERIE_DU_JOUR              4m53s      4m50s      -3s  ✅  Éphésiens 4
07:56:55 BLOC_B_SERIE_DU_JOUR              0m13s      0m14s      +1s  ✅  jingle avant louange 07 voici un temps de louange
07:57:09 BLOC_B_SERIE_DU_JOUR              5m28s      5m25s      -3s  ✅  même humilié
08:02:34 BLOC_B_SERIE_DU_JOUR              3m12s      3m10s      -2s  ✅  esprit de dieu
08:05:44 BLOC_B_SERIE_DU_JOUR              9m31s      9m29s      -2s  ✅  15 at 01.33.50 (1)(1)
08:15:13 BLOC_B_SERIE_DU_JOUR              7m25s      7m21s      -4s  ✅  Victorious Is the Lamb - Winnipeg Fellowship
08:22:34 BLOC_B_SERIE_DU_JOUR              4m44s      4m42s      -2s  ✅  Je veux vivre ton royaume
08:27:16 BLOC_B_SERIE_DU_JOUR              4m11s      4m09s      -2s  ✅  Cantique   Oh Éternel Dieu, Tu es le Dieu Incomparable
08:31:25 BLOC_B_SERIE_DU_JOUR             10m35s     10m32s      -3s  ✅  Baruch Ha'ba B'Shem Adonai/Blessed Is He Who Comes in the Name of the Lord - Port Harcourt HF
08:41:57 BLOC_B_SERIE_DU_JOUR              5m13s      5m11s      -2s  ✅  Il s'appelait Emmanuel - Marcel Boungou + Paroles
08:47:08 BLOC_B_SERIE_DU_JOUR              0m09s      0m09s      +0s  ✅  jingle avant bible 08 prenons un moment pour ecouter la parole
08:47:17 BLOC_B_SERIE_DU_JOUR              2m54s      2m53s      -1s  ✅  Malachie 1
08:50:10 BLOC_B_SERIE_DU_JOUR              3m17s      3m13s      -4s  ✅  Malachie 2
08:53:23 BLOC_B_SERIE_DU_JOUR              3m22s      3m19s      -3s  ✅  Malachie 3
08:56:42 BLOC_B_SERIE_DU_JOUR              1m05s      1m02s      -3s  ✅  Malachie 4
08:57:44 BLOC_B_SERIE_DU_JOUR              7m02s      6m59s      -3s  ✅  Nombres 1
09:04:43 BLOC_B_SERIE_DU_JOUR              4m28s      4m27s      -1s  ✅  Nombres 2
09:09:10 BLOC_B_SERIE_DU_JOUR              7m05s      7m01s      -4s  ✅  Nombres 3
09:16:11 BLOC_B_SERIE_DU_JOUR              0m11s      0m11s      +0s  ✅  jingle avant louange 05 elevons nos coeurs vers dieu
09:16:22 BLOC_B_SERIE_DU_JOUR              5m47s      5m45s      -2s  ✅  We Ascribe Greatness - Abuja HF
09:22:07 BLOC_B_SERIE_DU_JOUR              3m41s      3m39s      -2s  ✅  Adorons l'Éternel GAEL - JÉSUS EST SEIGNEUR -
09:25:46 BLOC_B_SERIE_DU_JOUR              4m20s      4m17s      -3s  ✅  There's A Mighty River Flowing - SWBN TV
09:30:03 BLOC_B_SERIE_DU_JOUR              3m24s      3m22s      -2s  ✅  Cantique sa miséricorde
09:33:25 BLOC_B_SERIE_DU_JOUR              6m34s      6m31s      -3s  ✅  cantique  béni soit le dieu d israël
09:39:56 BLOC_B_SERIE_DU_JOUR              2m20s      2m17s      -3s  ✅  cantique  heureux l homme qui ne marche pas selon
09:42:13 BLOC_B_SERIE_DU_JOUR              2m16s      2m13s      -3s  ✅  cantique  nous sommes le sel de la terre
09:44:26 BLOC_B_SERIE_DU_JOUR              4m52s      4m50s      -2s  ✅  cantique   prends tout le contrôle
09:49:16 BLOC_B_SERIE_DU_JOUR              7m09s      7m07s      -2s  ✅  You're the Lamb (Abasiama Timothy)
09:56:23 BLOC_B_SERIE_DU_JOUR             10m13s     10m10s      -3s  ✅  As We Worship - Toronto & Winnipeg HF
10:06:33 BLOC_B_SERIE_DU_JOUR              0m10s      0m10s      +0s  ✅  jingle avant bible 06 ouvrons les saintes ecritures
10:06:43 BLOC_B_SERIE_DU_JOUR              2m25s      2m25s      +0s  ✅  Cantique des Cantiques 1
10:09:08 BLOC_B_SERIE_DU_JOUR              2m32s      2m28s      -4s  ✅  Cantique des Cantiques 2
10:11:36 BLOC_B_SERIE_DU_JOUR              1m53s      1m51s      -2s  ✅  Cantique des Cantiques 3
10:13:27 BLOC_B_SERIE_DU_JOUR              2m50s      2m47s      -3s  ✅  Cantique des Cantiques 4
10:16:14 BLOC_B_SERIE_DU_JOUR              2m54s      2m52s      -2s  ✅  Cantique des Cantiques 5
10:19:06 BLOC_B_SERIE_DU_JOUR              2m06s      2m03s      -3s  ✅  Cantique des Cantiques 6
10:21:09 BLOC_B_SERIE_DU_JOUR              1m57s      1m54s      -3s  ✅  Cantique des Cantiques 7
10:23:03 BLOC_B_SERIE_DU_JOUR              2m29s      2m26s      -3s  ✅  Cantique des Cantiques 8
10:25:29 BLOC_B_SERIE_DU_JOUR              2m02s      2m00s      -2s  ✅  Ézéchiel 19
10:27:29 BLOC_B_SERIE_DU_JOUR              8m25s      8m22s      -3s  ✅  Ézéchiel 20
10:35:51 BLOC_B_SERIE_DU_JOUR              5m35s      5m32s      -3s  ✅  Ézéchiel 21
10:41:23 BLOC_B_SERIE_DU_JOUR              4m42s      4m40s      -2s  ✅  Ézéchiel 22
10:46:03 BLOC_B_SERIE_DU_JOUR              0m10s      0m10s      +0s  ✅  jingle avant louange 06 que la louange seleve
10:46:13 BLOC_B_SERIE_DU_JOUR              6m28s      6m26s      -2s  ✅  Le Bien-Etre Universel
10:52:39 BLOC_B_SERIE_DU_JOUR              6m06s      6m03s      -3s  ✅  Good God - Asaba Fellowship
10:58:42 BLOC_B_SERIE_DU_JOUR              6m41s      6m38s      -3s  ✅  6 minutes
11:05:20 BLOC_B_SERIE_DU_JOUR              4m21s      4m19s      -2s  ✅  Sing Hallelujah - Abuja HF
11:09:39 BLOC_B_SERIE_DU_JOUR              5m07s      5m04s      -3s  ✅  We Shall Come - Asaba Fellowship
11:14:43 BLOC_B_SERIE_DU_JOUR              8m10s      8m07s      -3s  ✅  Great and Marvellous - Ketu HF
11:22:50 BLOC_B_SERIE_DU_JOUR              7m17s      7m15s      -2s  ✅  cantique  tes promesses  pub direct dec 2021 import (2)
11:30:05 BLOC_B_SERIE_DU_JOUR              6m57s      6m54s      -3s  ✅  qui est digne d ouvrir le livre
11:36:59 BLOC_B_SERIE_DU_JOUR              0m09s      0m10s      +1s  ✅  jingle id station 02 radio evangile du royaume
11:37:09 BLOC_B_SERIE_DU_JOUR              3m36s      3m33s      -3s  ✅  Joël 3
11:40:42 BLOC_B_SERIE_DU_JOUR              3m39s      3m37s      -2s  ✅  Ruth 1
11:44:19 BLOC_B_SERIE_DU_JOUR              4m14s      4m11s      -3s  ✅  Ruth 2
11:48:30 BLOC_B_SERIE_DU_JOUR              3m00s      2m57s      -3s  ✅  Ruth 3
11:51:27 BLOC_B_SERIE_DU_JOUR              3m43s      3m51s      +8s  ✅  Ruth 4
11:55:18 BLOC_B_SERIE_DU_JOUR              8m25s      8m22s      -3s  ✅  The Mountains, Come and, Oh City - Ketu HF
12:03:40 BLOC_C_SERIE_DU_JOUR              0m10s      0m10s      +0s  ✅  jingle avant message 04 bienvenue sur parole prophetique fm
12:03:50 BLOC_C_SERIE_DU_JOUR           1h02m06s   1h02m03s      -3s  ✅  2
13:05:53 BLOC_C_SERIE_DU_JOUR              0m09s      0m10s      +1s  ✅  jingle avant bible 08 prenons un moment pour ecouter la parole
13:06:03 BLOC_C_SERIE_DU_JOUR              2m59s      2m56s      -3s  ✅  2 Timothée 1
13:08:59 BLOC_C_SERIE_DU_JOUR              3m52s      3m50s      -2s  ✅  2 Timothée 2
13:12:49 BLOC_C_SERIE_DU_JOUR              2m37s      2m34s      -3s  ✅  2 Timothée 3
13:15:23 BLOC_C_SERIE_DU_JOUR              3m09s      3m07s      -2s  ✅  2 Timothée 4
13:18:30 BLOC_C_SERIE_DU_JOUR              7m02s      6m59s      -3s  ✅  Juges 11
13:25:29 BLOC_C_SERIE_DU_JOUR              2m37s      2m34s      -3s  ✅  Juges 12
13:28:03 BLOC_C_SERIE_DU_JOUR              4m10s      4m07s      -3s  ✅  Juges 13
13:32:10 BLOC_C_SERIE_DU_JOUR              3m58s      3m56s      -2s  ✅  Juges 14
13:36:06 BLOC_C_SERIE_DU_JOUR              3m38s      3m36s      -2s  ✅  Juges 15
13:39:42 BLOC_C_SERIE_DU_JOUR              6m30s      6m28s      -2s  ✅  Juges 16
13:46:10 BLOC_C_SERIE_DU_JOUR              2m15s      2m12s      -3s  ✅  Juges 17
13:48:22 BLOC_C_SERIE_DU_JOUR              5m44s      5m41s      -3s  ✅  Juges 18
13:54:03 BLOC_C_SERIE_DU_JOUR              6m04s      6m01s      -3s  ✅  Juges 19
14:00:04 BLOC_C_SERIE_DU_JOUR              0m13s      0m14s      +1s  ✅  jingle avant louange 07 voici un temps de louange
14:00:18 BLOC_C_SERIE_DU_JOUR              6m56s      6m53s      -3s  ✅  As We Worship In Ypur Presence
14:07:11 BLOC_C_SERIE_DU_JOUR              4m14s      4m11s      -3s  ✅  Mon modèle, c est Jésus
14:11:22 BLOC_C_SERIE_DU_JOUR              5m50s      5m48s      -2s  ✅  Jesus I'm Waiting for You (Mary Umoh)
14:17:10 BLOC_C_SERIE_DU_JOUR              8m22s      8m19s      -3s  ✅  Yeshua Hamashiach - Calabar HF
14:25:29 BLOC_C_SERIE_DU_JOUR              4m03s      4m01s      -2s  ✅  I Will Not Be Silent - Calabar HF
14:29:30 BLOC_C_SERIE_DU_JOUR              8m31s      8m29s      -2s  ✅  Holy Holy - Abuja HF
14:37:59 BLOC_C_SERIE_DU_JOUR              7m09s      7m06s      -3s  ✅  My God Is Good - Winnipeg Fellowship
14:45:05 BLOC_C_SERIE_DU_JOUR              6m09s      6m07s      -2s  ✅  Hymne des vainqueurs
14:51:12 BLOC_C_SERIE_DU_JOUR              0m10s      0m11s      +1s  ✅  jingle avant bible 06 ouvrons les saintes ecritures
14:51:23 BLOC_C_SERIE_DU_JOUR              2m59s      2m56s      -3s  ✅  Philémon 1
14:54:19 BLOC_C_SERIE_DU_JOUR              3m26s      3m24s      -2s  ✅  Abdias 1
14:57:43 BLOC_C_SERIE_DU_JOUR              1m51s      1m48s      -3s  ✅  Zacharie 2
14:59:31 BLOC_C_SERIE_DU_JOUR              1m46s      1m44s      -2s  ✅  Zacharie 3
15:01:15 BLOC_C_SERIE_DU_JOUR              2m06s      2m03s      -3s  ✅  Zacharie 4
15:03:18 BLOC_C_SERIE_DU_JOUR              1m38s      1m36s      -2s  ✅  Zacharie 5
15:04:54 BLOC_C_SERIE_DU_JOUR              2m22s      2m19s      -3s  ✅  Zacharie 6
15:07:13 BLOC_C_SERIE_DU_JOUR              2m07s      2m05s      -2s  ✅  Zacharie 7
15:09:18 BLOC_C_SERIE_DU_JOUR              3m51s      3m50s      -1s  ✅  Zacharie 8
15:13:08 BLOC_C_SERIE_DU_JOUR              3m12s      3m08s      -4s  ✅  Zacharie 9
15:16:16 BLOC_C_SERIE_DU_JOUR              0m11s      0m11s      +0s  ✅  jingle avant louange 05 elevons nos coeurs vers dieu
15:16:27 BLOC_C_SERIE_DU_JOUR              5m45s      5m43s      -2s  ✅  How Precious Oh Lord
15:22:10 BLOC_C_SERIE_DU_JOUR              3m10s      3m07s      -3s  ✅  la Parole
15:25:17 BLOC_C_SERIE_DU_JOUR              8m58s      8m55s      -3s  ✅  El Elyon - Toronto & Winnipeg HF
15:34:12 BLOC_C_SERIE_DU_JOUR             11m53s     11m50s      -3s  ✅  Hashem - PHF
15:46:02 BLOC_C_SERIE_DU_JOUR              4m19s      4m16s      -3s  ✅  I Know The Blood - PHF
15:50:18 BLOC_C_SERIE_DU_JOUR              8m24s      8m21s      -3s  ✅  Bless Ye the Lord - PHF
15:58:39 BLOC_C_SERIE_DU_JOUR              9m24s      9m22s      -2s  ✅  I See Your Face - Toronto HF
16:08:01 BLOC_C_SERIE_DU_JOUR              0m13s      0m13s      +0s  ✅  jingle avant bible 07 place a la lecture de la bible
16:08:14 BLOC_C_SERIE_DU_JOUR              3m33s      3m30s      -3s  ✅  Exode 1
16:11:44 BLOC_C_SERIE_DU_JOUR              4m28s      4m26s      -2s  ✅  Exode 2
16:16:10 BLOC_C_SERIE_DU_JOUR              5m36s      5m34s      -2s  ✅  Exode 3
16:21:44 BLOC_C_SERIE_DU_JOUR              6m31s      6m29s      -2s  ✅  Exode 4
16:28:13 BLOC_C_SERIE_DU_JOUR              4m25s      4m22s      -3s  ✅  Exode 5
16:32:35 BLOC_C_SERIE_DU_JOUR              6m05s      6m03s      -2s  ✅  Exode 6
16:38:38 BLOC_C_SERIE_DU_JOUR              5m21s      5m19s      -2s  ✅  Exode 7
16:43:57 BLOC_C_SERIE_DU_JOUR              6m57s      6m54s      -3s  ✅  Exode 8
16:50:51 BLOC_C_SERIE_DU_JOUR              0m10s      0m11s      +1s  ✅  jingle avant louange 06 que la louange seleve
16:51:02 BLOC_C_SERIE_DU_JOUR              5m10s      5m08s      -2s  ✅  Igwe
16:56:10 BLOC_C_SERIE_DU_JOUR              2m57s      2m55s      -2s  ✅  You Are the Captain of the Host - Toronto HF
16:59:05 BLOC_C_SERIE_DU_JOUR              5m57s      5m54s      -3s  ✅  You are God - Winnipeg Fellowship
17:04:59 BLOC_C_SERIE_DU_JOUR              5m21s      5m19s      -2s  ✅  We Shall Not Fear - Nonso Njoku
17:10:18 BLOC_C_SERIE_DU_JOUR             10m24s     10m21s      -3s  ✅  Shine in Darkness O Lord  - Winnipeg Fellowship
17:20:39 BLOC_C_SERIE_DU_JOUR              4m52s      4m50s      -2s  ✅  God is Moving Us On - Ketu HF
17:25:29 BLOC_C_SERIE_DU_JOUR              5m52s      5m49s      -3s  ✅  Where Two or Three are Gathered - Calabar HF
17:31:18 BLOC_C_SERIE_DU_JOUR              6m30s      6m27s      -3s  ✅  Praise the Lord of Host - Toronto HF
17:37:45 BLOC_C_SERIE_DU_JOUR              8m41s      8m38s      -3s  ✅  Unto Him (Vincent Opara)
17:46:23 BLOC_C_SERIE_DU_JOUR              0m09s      0m10s      +1s  ✅  JINGLE
17:46:33 BLOC_C_SERIE_DU_JOUR              2m25s      2m22s      -3s  ✅  1 Samuel 5
17:48:55 BLOC_C_SERIE_DU_JOUR              4m09s      4m07s      -2s  ✅  1 Samuel 6
17:53:02 BLOC_C_SERIE_DU_JOUR              2m51s      2m48s      -3s  ✅  1 Samuel 7
17:55:50 BLOC_C_SERIE_DU_JOUR              2m47s      2m45s      -2s  ✅  1 Samuel 8
17:58:35 BLOC_C_SERIE_DU_JOUR              5m18s      5m16s      -2s  ✅  1 Samuel 9
18:03:51 BLOC_D_SERIE_DU_JOUR              0m11s      0m11s      +0s  ✅  jingle avant message 05 vous etes a lecoute de levangile du royaume
18:04:02 BLOC_D_SERIE_DU_JOUR           1h02m06s   1h02m03s      -3s  ✅  2
19:06:05 BLOC_D_SERIE_DU_JOUR              0m09s      0m10s      +1s  ✅  jingle avant bible 08 prenons un moment pour ecouter la parole
19:06:15 BLOC_D_SERIE_DU_JOUR              2m30s      2m28s      -2s  ✅  Amos 8
19:08:43 BLOC_D_SERIE_DU_JOUR              2m56s      2m53s      -3s  ✅  Amos 9
19:11:36 BLOC_D_SERIE_DU_JOUR              2m37s      2m35s      -2s  ✅  Michée 1
19:14:11 BLOC_D_SERIE_DU_JOUR              2m20s      2m18s      -2s  ✅  Michée 2
19:16:29 BLOC_D_SERIE_DU_JOUR              2m05s      2m02s      -3s  ✅  Michée 3
19:18:31 BLOC_D_SERIE_DU_JOUR              2m34s      2m32s      -2s  ✅  Michée 4
19:21:03 BLOC_D_SERIE_DU_JOUR              2m20s      2m17s      -3s  ✅  Michée 5
19:23:20 BLOC_D_SERIE_DU_JOUR              2m37s      2m34s      -3s  ✅  Michée 6
19:25:54 BLOC_D_SERIE_DU_JOUR              3m27s      3m24s      -3s  ✅  Michée 7
19:29:18 BLOC_D_SERIE_DU_JOUR              2m21s      2m19s      -2s  ✅  Ecclésiaste 1
19:31:37 BLOC_D_SERIE_DU_JOUR              4m17s      4m15s      -2s  ✅  Ecclésiaste 2
19:35:52 BLOC_D_SERIE_DU_JOUR              2m50s      2m47s      -3s  ✅  Ecclésiaste 3
19:38:39 BLOC_D_SERIE_DU_JOUR              2m23s      2m20s      -3s  ✅  Ecclésiaste 4
19:40:59 BLOC_D_SERIE_DU_JOUR              3m17s      3m15s      -2s  ✅  Ecclésiaste 5
19:44:14 BLOC_D_SERIE_DU_JOUR              1m50s      1m47s      -3s  ✅  Ecclésiaste 6
19:46:01 BLOC_D_SERIE_DU_JOUR              3m44s      3m42s      -2s  ✅  Ecclésiaste 7
19:49:43 BLOC_D_SERIE_DU_JOUR              2m51s      2m49s      -2s  ✅  Ecclésiaste 8
19:52:32 BLOC_D_SERIE_DU_JOUR              0m13s      0m13s      +0s  ✅  jingle avant louange 07 voici un temps de louange
19:52:45 BLOC_D_SERIE_DU_JOUR              9m23s      9m21s      -2s  ✅  Thou art Worthy Lord - PHF
20:02:06 BLOC_D_SERIE_DU_JOUR              9m43s      9m40s      -3s  ✅  Thy Throne Oh Lord - Ketu HF
20:11:46 BLOC_D_SERIE_DU_JOUR              5m18s      5m16s      -2s  ✅  Now is Come Salvation - Toronto HF
20:17:02 BLOC_D_SERIE_DU_JOUR              5m58s      5m55s      -3s  ✅  In Jesus - PHF
20:22:57 BLOC_D_SERIE_DU_JOUR              7m19s      7m17s      -2s  ✅  You Have sworn By Your Holiness - Chidera Bisong
20:30:14 BLOC_D_SERIE_DU_JOUR              6m07s      6m04s      -3s  ✅  There Is Forgiveness In Thee - SWBN TV
20:36:18 BLOC_D_SERIE_DU_JOUR              7m36s      7m34s      -2s  ✅  There Is No Lie - SWBN TV
20:43:52 BLOC_D_SERIE_DU_JOUR              0m13s      0m13s      +0s  ✅  jingle avant bible 07 place a la lecture de la bible
20:44:05 BLOC_D_SERIE_DU_JOUR              3m20s      3m18s      -2s  ✅  2 Samuel 10
20:47:23 BLOC_D_SERIE_DU_JOUR              4m43s      4m40s      -3s  ✅  2 Samuel 11
20:52:03 BLOC_D_SERIE_DU_JOUR              5m45s      5m42s      -3s  ✅  2 Samuel 12
20:57:45 BLOC_D_SERIE_DU_JOUR              7m03s      7m01s      -2s  ✅  2 Samuel 13
21:04:46 BLOC_D_SERIE_DU_JOUR              6m10s      6m08s      -2s  ✅  2 Samuel 14
21:10:54 BLOC_D_SERIE_DU_JOUR              0m10s      0m11s      +1s  ✅  jingle avant louange 06 que la louange seleve
21:11:05 BLOC_D_SERIE_DU_JOUR              5m10s      5m07s      -3s  ✅  I Will Call Upon The Lord
21:16:12 BLOC_D_SERIE_DU_JOUR              7m37s      7m35s      -2s  ✅  Cantiques  Il a pris mes iniquités
21:23:47 BLOC_D_SERIE_DU_JOUR              4m08s      4m05s      -3s  ✅  I Choose the Way of the Lord - Abuja HF
21:27:52 BLOC_D_SERIE_DU_JOUR              4m40s      4m37s      -3s  ✅  All in All - CHF
21:32:29 BLOC_D_SERIE_DU_JOUR              6m35s      6m32s      -3s  ✅  cantique   ta lumière
21:39:01 BLOC_D_SERIE_DU_JOUR              6m15s      6m14s      -1s  ✅  Oh Lord I Want to Know Your Glory - Port Harcourt HF
21:45:15 BLOC_D_SERIE_DU_JOUR              7m51s      7m47s      -4s  ✅  There is no name  - Winnipeg Fellowship
21:53:02 BLOC_D_SERIE_DU_JOUR              6m54s      6m52s      -2s  ✅  There is no Lie (Imah Adegoke & Mary Umoh)
21:59:54 BLOC_D_SERIE_DU_JOUR              0m10s      0m10s      +0s  ✅  jingle avant bible 06 ouvrons les saintes ecritures
22:00:04 BLOC_D_SERIE_DU_JOUR              4m30s      4m28s      -2s  ✅  Jean 3
22:04:32 BLOC_D_SERIE_DU_JOUR              6m42s      6m39s      -3s  ✅  Jean 4
22:11:11 BLOC_D_SERIE_DU_JOUR              5m23s      5m21s      -2s  ✅  Jean 5
22:16:32 BLOC_D_SERIE_DU_JOUR              8m24s      8m21s      -3s  ✅  Jean 6
22:24:53 BLOC_D_SERIE_DU_JOUR              6m07s      6m05s      -2s  ✅  Jean 7
22:30:58 BLOC_D_SERIE_DU_JOUR              7m26s      7m24s      -2s  ✅  Jean 8
22:38:22 BLOC_D_SERIE_DU_JOUR              0m11s      0m11s      +0s  ✅  jingle avant louange 05 elevons nos coeurs vers dieu
22:38:33 BLOC_D_SERIE_DU_JOUR              5m04s      5m02s      -2s  ✅  Guide Me - El ELyon - Abuja HF
22:43:35 BLOC_D_SERIE_DU_JOUR              9m38s      9m35s      -3s  ✅  Holy are You oh Lord (Olaedo Uzoma & Vincent Opara)
22:53:10 BLOC_D_SERIE_DU_JOUR              4m13s      4m10s      -3s  ✅  4 minutes
22:57:20 BLOC_D_SERIE_DU_JOUR              5m15s      5m13s      -2s  ✅  Yahweh Be Praised - Abuja HF
23:02:33 BLOC_D_SERIE_DU_JOUR              4m53s      4m50s      -3s  ✅  Cantique Jahweh, Tu es élevé au dessus de tout (1)
23:07:23 BLOC_D_SERIE_DU_JOUR              8m37s      8m35s      -2s  ✅  He Has Given Me & Emmanuel You Joy Over Us (Medley) (Abasiama Timothy & Imah Adegoke)
23:15:58 BLOC_D_SERIE_DU_JOUR              5m02s      5m00s      -2s  ✅  A Song Of Love
23:20:58 BLOC_D_SERIE_DU_JOUR              6m06s      6m04s      -2s  ✅  cantique  ta bonte
23:27:02 BLOC_D_SERIE_DU_JOUR              0m09s      0m10s      +1s  ✅  JINGLE
23:27:12 BLOC_D_SERIE_DU_JOUR              4m28s      4m26s      -2s  ✅  1 Chroniques 15
23:31:38 BLOC_E_LOUANGE_NUIT               6m02s      5m59s      -3s  ✅  Rejoice - PHF
23:37:37 BLOC_E_LOUANGE_NUIT               3m12s      3m10s      -2s  ✅  esprit de dieu
23:40:47 BLOC_E_LOUANGE_NUIT               5m43s      5m40s      -3s  ✅  Cantique l Éternel est mon Berger (1)
23:46:27 BLOC_E_LOUANGE_NUIT               6m02s      6m00s      -2s  ✅  Satisfy My Soul - Calabar HF
23:52:27 BLOC_E_LOUANGE_NUIT               9m14s      9m09s      -5s  ✅  A jamais, tu seras l Agneau de Dieu
----------------------------------------------------------------------------------------------------
Bilan : 278 titres, 1 anomalie(s) (titre coupé de plus de 10s ou trou d'antenne). Gravité : 1 mineure(s) <1min · 0 sérieuse(s) 1-10min · 0 critique(s) >10min.

====================================================================================================
CONTRÔLES APPROFONDIS
====================================================================================================
MESSAGE DU JOUR « 2017 ndimy distraction comme aux jours de Noé et Lot 1-2 » : 4 diffusion(s) pour 4 prévue(s) ✅
   00:04:04  (étiquette BLOC_A_SERIE_DU_JOUR)
   06:01:37  (étiquette BLOC_B_SERIE_DU_JOUR)
   12:03:50  (étiquette BLOC_C_SERIE_DU_JOUR)
   18:04:02  (étiquette BLOC_D_SERIE_DU_JOUR)
JINGLES : 30 joués / 36 prévus (83%) ⚠️   ·   BLOC_A 6/9 · BLOC_B 8/9 · BLOC_C 8/9 · BLOC_D 8/9
HORS FENÊTRE : aucun débordement de bloc détecté ✅
BOUCHE-TROUS : 1 titre(s) hors plan sans playlist ⚠️
   00:01:41  AzuraCast is Live!  (0m54s)
COUVERTURE : premier titre à 00:01:41 ✅ · dernier titre finit vers 00:01:41 (estimé) ✅

====================================================================================================
RÉEL vs PRÉVU — ce qui a joué vs ce que le plan prévoyait
====================================================================================================
----------------------------------------------------------------------------------------------------
BLOC_A  (00:00-06:00)  prévus  70 · atteignables  66 · joués  66 · conformité  97% · sautés  2 · en trop  2
   ⏭️  PRÉVU NON JOUÉ : jingle avant message 01 voici le message du jour · jingle avant bible 08 prenons un moment pour ecouter la parole
   ➕  JOUÉ NON PRÉVU : AzuraCast is Live! · Psaumes 53
   ⏸️  FIN DE BLOC NON ATTEINTE (4 titres · ~24m33s) — marge anti-rebouclage au-delà de la fenêtre, normal : jingle id station 03 notre mission annonce levangile · We Worship Adonai - PHF · Praise the Lord All Ye Nations - Toronto HF · Psalm 93 - Port Harcourt HF
----------------------------------------------------------------------------------------------------
BLOC_B  (06:00-12:00)  prévus  80 · atteignables  78 · joués  77 · conformité  99% · sautés  1 · en trop  0
   ⏭️  PRÉVU NON JOUÉ : jingle id station 01 la bonne nouvelle partout
   ⏸️  FIN DE BLOC NON ATTEINTE (2 titres · ~13m06s) — marge anti-rebouclage au-delà de la fenêtre, normal : Ella Samuels - Oh Lord Our Maker · For By My God - Toronto & Winnipeg HF
----------------------------------------------------------------------------------------------------
BLOC_C  (12:00-18:00)  prévus  75 · atteignables  69 · joués  69 · conformité 100% · sautés  0 · en trop  0
   ⏸️  FIN DE BLOC NON ATTEINTE (6 titres · ~30m26s) — marge anti-rebouclage au-delà de la fenêtre, normal : jingle id station 02 radio evangile du royaume · Yeshua I'm Waiting for You  - Ketu HF · Awaken My Heart · Rejoice - PHF · By the word of the lord - Ketu HF · Abba, Singing a, I Will Sing - Ketu HF
----------------------------------------------------------------------------------------------------
BLOC_D  (18:00-23:30)  prévus  68 · atteignables  61 · joués  61 · conformité 100% · sautés  0 · en trop  0
   ⏸️  FIN DE BLOC NON ATTEINTE (7 titres · ~32m24s) — marge anti-rebouclage au-delà de la fenêtre, normal : 1 Chroniques 16 · 1 Chroniques 17 · 1 Chroniques 18 · jingle id station 01 la bonne nouvelle partout · God is Building - Will You Be - Ketu HF · 10 minutes  …(+1)
----------------------------------------------------------------------------------------------------
CONFORMITÉ GLOBALE : 271/274 titres atteignables joués dans l'ordre = 99%  (2 titre(s) hors plan · 19 non atteint(s) en fin de bloc, marge normale)
