====================================================================================================
MONITEUR RADIO — 2026-08-21 (synthèse des 3 rapports + plan, heures UTC)
====================================================================================================
État : ❌ incident(s) détecté(s)  ·  diffusion : 1 coupure(s)/trou(s), 0 double(s) message  ·  serveur : 268 incident(s)
SERVEUR (liquidsoap_events) :
   00:01:23  💥 crash Liquidsoap (redémarrage automatique)  (×2)
   00:01:27  🔇 bascule sur jingle d'erreur (silence potentiel)  (×3)
   11:59:15  🔇 bascule sur jingle d'erreur (silence potentiel)  (×2)
   23:32:13  🌐 échec réseau AzuraCast/Liquidsoap  (×261)
RESET MINUIT : restart confirmé vers 00:02:05 · 3 contrôle(s) · ⚠️ doublon vu dans la file
GARDE DE FRONTIÈRE : 3 snapshot(s) · ⚠️ doublon(s) vu(s) dans la file
INCIDENTS CORRÉLÉS (anomalie de diffusion ↔ cause serveur probable) :
   23:55:54  TROU 42s « cantique   prends tout le contrôle »
          ↳ aucune cause serveur à proximité (voir CONTRÔLES APPROFONDIS et RÉEL vs PRÉVU ci-dessous)
(Détail titre par titre, contrôles approfondis et RÉEL vs PRÉVU ci-dessous.)
Rapport de diffusion — 2026-08-21 (heures UTC)
279 titres joués | tolérance ±10s
====================================================================================================
HEURE    PLAYLIST                     FICHIER          RÉEL    ÉCART  STATUT  TITRE
----------------------------------------------------------------------------------------------------
00:01:33 ?                                 2m12s      2m12s      +0s  ✅  ?
00:03:45 BLOC_A_SERIE_DU_JOUR              0m10s      0m07s      -3s  ✅  jingle avant message 04 bienvenue sur parole prophetique fm
00:03:52 BLOC_A_SERIE_DU_JOUR           1h13m12s   1h13m10s      -2s  ✅  19 2
01:17:02 BLOC_A_SERIE_DU_JOUR              0m10s      0m08s      -2s  ✅  jingle avant bible 06 ouvrons les saintes ecritures
01:17:10 BLOC_A_SERIE_DU_JOUR              3m16s      3m13s      -3s  ✅  1 Timothée 1
01:20:23 BLOC_A_SERIE_DU_JOUR              2m10s      2m07s      -3s  ✅  1 Timothée 2
01:22:30 BLOC_A_SERIE_DU_JOUR              2m24s      2m21s      -3s  ✅  1 Timothée 3
01:24:51 BLOC_A_SERIE_DU_JOUR              2m29s      2m27s      -2s  ✅  1 Timothée 4
01:27:18 BLOC_A_SERIE_DU_JOUR              3m45s      3m42s      -3s  ✅  1 Timothée 5
01:31:00 BLOC_A_SERIE_DU_JOUR              3m53s      3m51s      -2s  ✅  1 Timothée 6
01:34:51 BLOC_A_SERIE_DU_JOUR              1m49s      1m46s      -3s  ✅  1 Thessaloniciens 1
01:36:37 BLOC_A_SERIE_DU_JOUR              3m29s      3m27s      -2s  ✅  1 Thessaloniciens 2
01:40:04 BLOC_A_SERIE_DU_JOUR              2m13s      2m10s      -3s  ✅  1 Thessaloniciens 3
01:42:14 BLOC_A_SERIE_DU_JOUR              3m03s      3m01s      -2s  ✅  1 Thessaloniciens 4
01:45:15 BLOC_A_SERIE_DU_JOUR              3m04s      3m01s      -3s  ✅  1 Thessaloniciens 5
01:48:16 BLOC_A_SERIE_DU_JOUR              1m22s      1m19s      -3s  ✅  Psaumes 84
01:49:35 BLOC_A_SERIE_DU_JOUR              1m13s      1m11s      -2s  ✅  Psaumes 85
01:50:46 BLOC_A_SERIE_DU_JOUR              1m51s      1m49s      -2s  ✅  Psaumes 86
01:52:35 BLOC_A_SERIE_DU_JOUR              0m43s      0m40s      -3s  ✅  Psaumes 87
01:53:15 BLOC_A_SERIE_DU_JOUR              1m40s      1m37s      -3s  ✅  Psaumes 88
01:54:52 BLOC_A_SERIE_DU_JOUR              4m40s      4m38s      -2s  ✅  Psaumes 89
01:59:30 BLOC_A_SERIE_DU_JOUR              1m46s      1m43s      -3s  ✅  Psaumes 90
02:01:13 BLOC_A_SERIE_DU_JOUR              1m31s      1m29s      -2s  ✅  Psaumes 91
02:02:42 BLOC_A_SERIE_DU_JOUR              1m22s      1m19s      -3s  ✅  Psaumes 92
02:04:01 BLOC_A_SERIE_DU_JOUR              0m42s      0m39s      -3s  ✅  Psaumes 93
02:04:40 BLOC_A_SERIE_DU_JOUR              0m11s      0m08s      -3s  ✅  jingle avant louange 05 elevons nos coeurs vers dieu
02:04:48 BLOC_A_SERIE_DU_JOUR              7m18s      7m16s      -2s  ✅  Holy is the Lord (Emmanuel Umoh)
02:12:04 BLOC_A_SERIE_DU_JOUR              3m41s      3m39s      -2s  ✅  Adorons l'Éternel GAEL - JÉSUS EST SEIGNEUR -
02:15:43 BLOC_A_SERIE_DU_JOUR             10m38s     10m36s      -2s  ✅  Be Exalted - PHF
02:26:19 BLOC_A_SERIE_DU_JOUR              3m12s      3m09s      -3s  ✅  esprit de dieu
02:29:28 BLOC_A_SERIE_DU_JOUR              5m13s      5m11s      -2s  ✅  Il s'appelait Emmanuel - Marcel Boungou + Paroles
02:34:39 BLOC_A_SERIE_DU_JOUR              8m30s      8m28s      -2s  ✅  We Worship Adonai - PHF
02:43:07 BLOC_A_SERIE_DU_JOUR              7m51s      7m48s      -3s  ✅  There is no name  - Winnipeg Fellowship
02:50:55 BLOC_A_SERIE_DU_JOUR              6m28s      6m25s      -3s  ✅  Le Bien-Etre Universel
02:57:20 BLOC_A_SERIE_DU_JOUR              0m09s      0m07s      -2s  ✅  jingle avant bible 08 prenons un moment pour ecouter la parole
02:57:27 BLOC_A_SERIE_DU_JOUR              5m00s      4m57s      -3s  ✅  Deutéronome 29
03:02:24 BLOC_A_SERIE_DU_JOUR              3m52s      3m50s      -2s  ✅  Deutéronome 30
03:06:14 BLOC_A_SERIE_DU_JOUR              5m56s      5m54s      -2s  ✅  Deutéronome 31
03:12:08 BLOC_A_SERIE_DU_JOUR              7m45s      7m42s      -3s  ✅  Deutéronome 32
03:19:50 BLOC_A_SERIE_DU_JOUR              4m49s      4m47s      -2s  ✅  Deutéronome 33
03:24:37 BLOC_A_SERIE_DU_JOUR              0m13s      0m10s      -3s  ✅  jingle avant louange 07 voici un temps de louange
03:24:47 BLOC_A_SERIE_DU_JOUR              9m24s      9m22s      -2s  ✅  I See Your Face - Toronto HF
03:34:09 BLOC_A_SERIE_DU_JOUR              9m23s      9m21s      -2s  ✅  Thou art Worthy Lord - PHF
03:43:30 BLOC_A_SERIE_DU_JOUR              5m45s      5m42s      -3s  ✅  Ella Samuels - Oh Lord Our Maker
03:49:12 BLOC_A_SERIE_DU_JOUR              4m52s      4m50s      -2s  ✅  cantique   prends tout le contrôle
03:54:02 BLOC_A_SERIE_DU_JOUR              6m09s      6m09s      +0s  ✅  Hymne des vainqueurs
04:00:11 BLOC_A_SERIE_DU_JOUR              6m04s      6m00s      -4s  ✅  Sing Unto the Lord a new Song  - Winnipeg Fellowship
04:06:11 BLOC_A_SERIE_DU_JOUR              5m47s      5m44s      -3s  ✅  We Ascribe Greatness - Abuja HF
04:11:55 BLOC_A_SERIE_DU_JOUR              4m52s      4m50s      -2s  ✅  God is Moving Us On - Ketu HF
04:16:45 BLOC_A_SERIE_DU_JOUR              0m13s      0m11s      -2s  ✅  jingle avant bible 07 place a la lecture de la bible
04:16:56 BLOC_A_SERIE_DU_JOUR              1m52s      1m50s      -2s  ✅  Josué 20
04:18:46 BLOC_A_SERIE_DU_JOUR              5m34s      5m31s      -3s  ✅  Josué 21
04:24:17 BLOC_A_SERIE_DU_JOUR              7m12s      7m10s      -2s  ✅  Josué 22
04:31:27 BLOC_A_SERIE_DU_JOUR              3m09s      3m06s      -3s  ✅  Josué 23
04:34:33 BLOC_A_SERIE_DU_JOUR              5m50s      5m47s      -3s  ✅  Josué 24
04:40:20 BLOC_A_SERIE_DU_JOUR              5m41s      5m38s      -3s  ✅  1 Chroniques 1
04:45:58 BLOC_A_SERIE_DU_JOUR              6m19s      6m17s      -2s  ✅  1 Chroniques 2
04:52:15 BLOC_A_SERIE_DU_JOUR              3m15s      3m13s      -2s  ✅  1 Chroniques 3
04:55:28 BLOC_A_SERIE_DU_JOUR              0m10s      0m08s      -2s  ✅  jingle avant louange 06 que la louange seleve
04:55:36 BLOC_A_SERIE_DU_JOUR              5m10s      5m08s      -2s  ✅  Igwe
05:00:44 BLOC_A_SERIE_DU_JOUR              4m08s      4m05s      -3s  ✅  I Choose the Way of the Lord - Abuja HF
05:04:49 BLOC_A_SERIE_DU_JOUR              8m10s      8m08s      -2s  ✅  Agunechemba - SWBN TV
05:12:57 BLOC_A_SERIE_DU_JOUR             11m53s     11m50s      -3s  ✅  Hashem - PHF
05:24:47 BLOC_A_SERIE_DU_JOUR              5m07s      5m04s      -3s  ✅  We Shall Come - Asaba Fellowship
05:29:51 BLOC_A_SERIE_DU_JOUR              9m14s      9m12s      -2s  ✅  A jamais, tu seras l Agneau de Dieu
05:39:03 BLOC_A_SERIE_DU_JOUR              5m28s      5m25s      -3s  ✅  même humilié
05:44:28 BLOC_A_SERIE_DU_JOUR              0m09s      0m10s      +1s  ✅  JINGLE
05:44:38 BLOC_A_SERIE_DU_JOUR              5m57s      5m54s      -3s  ✅  Daniel 9
05:50:32 BLOC_A_SERIE_DU_JOUR              3m45s      3m43s      -2s  ✅  Daniel 10
05:54:15 BLOC_A_SERIE_DU_JOUR              8m26s      8m24s      -2s  ✅  Daniel 11
06:02:39 BLOC_B_SERIE_DU_JOUR              0m11s      0m08s      -3s  ✅  jingle avant message 05 vous etes a lecoute de levangile du royaume
06:02:47 BLOC_B_SERIE_DU_JOUR           1h13m12s   1h13m10s      -2s  ✅  19 2
07:15:57 BLOC_B_SERIE_DU_JOUR              0m09s      0m06s      -3s  ✅  jingle avant bible 08 prenons un moment pour ecouter la parole
07:16:03 BLOC_B_SERIE_DU_JOUR              3m26s      3m24s      -2s  ✅  Abdias 1
07:19:27 BLOC_B_SERIE_DU_JOUR              4m24s      4m21s      -3s  ✅  2 Chroniques 33
07:23:48 BLOC_B_SERIE_DU_JOUR              6m43s      6m41s      -2s  ✅  2 Chroniques 34
07:30:29 BLOC_B_SERIE_DU_JOUR              5m26s      5m23s      -3s  ✅  2 Chroniques 35
07:35:52 BLOC_B_SERIE_DU_JOUR              4m20s      4m18s      -2s  ✅  2 Chroniques 36
07:40:10 BLOC_B_SERIE_DU_JOUR              5m29s      5m26s      -3s  ✅  Hébreux 10
07:45:36 BLOC_B_SERIE_DU_JOUR              6m47s      6m45s      -2s  ✅  Hébreux 11
07:52:21 BLOC_B_SERIE_DU_JOUR              5m04s      5m01s      -3s  ✅  Hébreux 12
07:57:22 BLOC_B_SERIE_DU_JOUR              3m36s      3m34s      -2s  ✅  Hébreux 13
08:00:56 BLOC_B_SERIE_DU_JOUR              3m39s      3m36s      -3s  ✅  Ruth 1
08:04:32 BLOC_B_SERIE_DU_JOUR              0m13s      0m10s      -3s  ✅  jingle avant louange 07 voici un temps de louange
08:04:42 BLOC_B_SERIE_DU_JOUR              2m57s      2m55s      -2s  ✅  You Are the Captain of the Host - Toronto HF
08:07:37 BLOC_B_SERIE_DU_JOUR             10m35s     10m33s      -2s  ✅  Baruch Ha'ba B'Shem Adonai/Blessed Is He Who Comes in the Name of the Lord - Port Harcourt HF
08:18:10 BLOC_B_SERIE_DU_JOUR              7m09s      7m06s      -3s  ✅  There is A Mighty River Flowing - Ketu HF
08:25:16 BLOC_B_SERIE_DU_JOUR              4m18s      4m16s      -2s  ✅  You Are Worthy - Ketu HF
08:29:32 BLOC_B_SERIE_DU_JOUR              5m52s      5m49s      -3s  ✅  Where Two or Three are Gathered - Calabar HF
08:35:21 BLOC_B_SERIE_DU_JOUR              7m09s      7m06s      -3s  ✅  You're the Lamb (Abasiama Timothy)
08:42:27 BLOC_B_SERIE_DU_JOUR              5m52s      5m50s      -2s  ✅  Not Naked (Abasiama Timothy)
08:48:17 BLOC_B_SERIE_DU_JOUR              4m48s      4m46s      -2s  ✅  Yeshua I'm Waiting for You  - Ketu HF
08:53:03 BLOC_B_SERIE_DU_JOUR              0m10s      0m08s      -2s  ✅  jingle avant bible 06 ouvrons les saintes ecritures
08:53:11 BLOC_B_SERIE_DU_JOUR              3m32s      3m30s      -2s  ✅  Job 34
08:56:41 BLOC_B_SERIE_DU_JOUR              1m32s      1m29s      -3s  ✅  Job 35
08:58:10 BLOC_B_SERIE_DU_JOUR              2m56s      2m53s      -3s  ✅  Job 36
09:01:03 BLOC_B_SERIE_DU_JOUR              2m25s      2m22s      -3s  ✅  Job 37
09:03:25 BLOC_B_SERIE_DU_JOUR              3m53s      3m51s      -2s  ✅  Job 38
09:07:16 BLOC_B_SERIE_DU_JOUR              2m57s      2m55s      -2s  ✅  Job 39
09:10:11 BLOC_B_SERIE_DU_JOUR              2m19s      2m16s      -3s  ✅  Job 40
09:12:27 BLOC_B_SERIE_DU_JOUR              3m14s      3m11s      -3s  ✅  Job 41
09:15:38 BLOC_B_SERIE_DU_JOUR              2m40s      2m38s      -2s  ✅  Job 42
09:18:16 BLOC_B_SERIE_DU_JOUR              0m10s      0m08s      -2s  ✅  jingle avant louange 06 que la louange seleve
09:18:24 BLOC_B_SERIE_DU_JOUR              4m40s      4m37s      -3s  ✅  All in All - CHF
09:23:01 BLOC_B_SERIE_DU_JOUR              6m06s      6m04s      -2s  ✅  cantique  ta bonte
09:29:05 BLOC_B_SERIE_DU_JOUR              5m10s      5m08s      -2s  ✅  I Will Call Upon The Lord
09:34:13 BLOC_B_SERIE_DU_JOUR              9m43s      9m40s      -3s  ✅  Thy Throne Oh Lord - Ketu HF
09:43:53 BLOC_B_SERIE_DU_JOUR              7m20s      7m18s      -2s  ✅  The Glory -  PHF
09:51:11 BLOC_B_SERIE_DU_JOUR              6m06s      6m03s      -3s  ✅  Good God - Asaba Fellowship
09:57:14 BLOC_B_SERIE_DU_JOUR              8m25s      8m22s      -3s  ✅  The Mountains, Come and, Oh City - Ketu HF
10:05:36 BLOC_B_SERIE_DU_JOUR              4m14s      4m22s      +8s  ✅  Mon modèle, c est Jésus
10:09:58 BLOC_B_SERIE_DU_JOUR              5m15s      5m13s      -2s  ✅  Nombres 35
10:15:11 BLOC_B_SERIE_DU_JOUR              2m23s      2m21s      -2s  ✅  Nombres 36
10:17:32 BLOC_B_SERIE_DU_JOUR              1m57s      1m54s      -3s  ✅  Cantique des Cantiques 7
10:19:26 BLOC_B_SERIE_DU_JOUR              2m29s      2m26s      -3s  ✅  Cantique des Cantiques 8
10:21:52 BLOC_B_SERIE_DU_JOUR              4m08s      4m06s      -2s  ✅  2 Rois 12
10:25:58 BLOC_B_SERIE_DU_JOUR              4m37s      4m35s      -2s  ✅  2 Rois 13
10:30:33 BLOC_B_SERIE_DU_JOUR              5m07s      5m04s      -3s  ✅  2 Rois 14
10:35:37 BLOC_B_SERIE_DU_JOUR              6m21s      6m19s      -2s  ✅  2 Rois 15
10:41:56 BLOC_B_SERIE_DU_JOUR              3m41s      3m39s      -2s  ✅  2 Rois 16
10:45:35 BLOC_B_SERIE_DU_JOUR              0m11s      0m08s      -3s  ✅  jingle avant louange 05 elevons nos coeurs vers dieu
10:45:43 BLOC_B_SERIE_DU_JOUR              4m44s      4m42s      -2s  ✅  Je veux vivre ton royaume
10:50:25 BLOC_B_SERIE_DU_JOUR              5m02s      5m00s      -2s  ✅  A Song Of Love
10:55:25 BLOC_B_SERIE_DU_JOUR              5m04s      5m02s      -2s  ✅  Guide Me - El ELyon - Abuja HF
11:00:27 BLOC_B_SERIE_DU_JOUR              7m25s      7m22s      -3s  ✅  Victorious Is the Lamb - Winnipeg Fellowship
11:07:49 BLOC_B_SERIE_DU_JOUR              9m04s      9m01s      -3s  ✅  You're the Lamb - Calabar HF
11:16:50 BLOC_B_SERIE_DU_JOUR              6m54s      6m51s      -3s  ✅  There is no Lie (Imah Adegoke & Mary Umoh)
11:23:41 BLOC_B_SERIE_DU_JOUR              6m41s      6m39s      -2s  ✅  6 minutes
11:30:20 BLOC_B_SERIE_DU_JOUR             10m25s     10m22s      -3s  ✅  Holy Are You - PHF
11:40:42 BLOC_B_SERIE_DU_JOUR              0m09s      0m10s      +1s  ✅  JINGLE
11:40:52 BLOC_B_SERIE_DU_JOUR              2m05s      2m02s      -3s  ✅  3 Jean 1
11:42:54 BLOC_B_SERIE_DU_JOUR              3m22s      3m20s      -2s  ✅  Apocalypse 12
11:46:14 BLOC_B_SERIE_DU_JOUR              3m32s      3m30s      -2s  ✅  Apocalypse 13
11:49:44 BLOC_B_SERIE_DU_JOUR              4m26s      4m23s      -3s  ✅  Apocalypse 14
11:54:07 BLOC_B_SERIE_DU_JOUR              1m38s      1m35s      -3s  ✅  Apocalypse 15
11:55:42 BLOC_B_SERIE_DU_JOUR              3m30s      3m28s      -2s  ✅  Apocalypse 16
11:59:10 BLOC_A_SERIE_DU_JOUR              0m10s      0m10s      +0s  ✅  jingle avant message 04 bienvenue sur parole prophetique fm
11:59:20 ?                                 0m45s      0m53s      +8s  ✅  AzuraCast is Live!
12:00:13 BLOC_C_SERIE_DU_JOUR           1h13m12s   1h13m08s      -4s  ✅  19 2
13:13:21 BLOC_C_SERIE_DU_JOUR              0m10s      0m08s      -2s  ✅  jingle avant message 04 bienvenue sur parole prophetique fm
13:13:29 BLOC_C_SERIE_DU_JOUR              0m09s      0m07s      -2s  ✅  jingle avant bible 08 prenons un moment pour ecouter la parole
13:13:36 BLOC_C_SERIE_DU_JOUR              3m36s      3m33s      -3s  ✅  Joël 3
13:17:09 BLOC_C_SERIE_DU_JOUR              4m15s      4m12s      -3s  ✅  Philippiens 1
13:21:21 BLOC_C_SERIE_DU_JOUR              4m28s      4m26s      -2s  ✅  Philippiens 2
13:25:47 BLOC_C_SERIE_DU_JOUR              3m26s      3m23s      -3s  ✅  Philippiens 3
13:29:10 BLOC_C_SERIE_DU_JOUR              3m39s      3m36s      -3s  ✅  Philippiens 4
13:32:46 BLOC_C_SERIE_DU_JOUR              2m59s      2m57s      -2s  ✅  2 Timothée 1
13:35:43 BLOC_C_SERIE_DU_JOUR              3m52s      3m50s      -2s  ✅  2 Timothée 2
13:39:33 BLOC_C_SERIE_DU_JOUR              2m37s      2m34s      -3s  ✅  2 Timothée 3
13:42:07 BLOC_C_SERIE_DU_JOUR              3m09s      3m07s      -2s  ✅  2 Timothée 4
13:45:14 BLOC_C_SERIE_DU_JOUR              2m18s      2m15s      -3s  ✅  Néhémie 1
13:47:29 BLOC_C_SERIE_DU_JOUR              4m01s      3m59s      -2s  ✅  Néhémie 2
13:51:28 BLOC_C_SERIE_DU_JOUR              5m28s      5m25s      -3s  ✅  Néhémie 3
13:56:53 BLOC_C_SERIE_DU_JOUR              3m46s      3m43s      -3s  ✅  Néhémie 4
14:00:36 BLOC_C_SERIE_DU_JOUR              3m29s      3m26s      -3s  ✅  Néhémie 5
14:04:02 BLOC_C_SERIE_DU_JOUR              0m11s      0m09s      -2s  ✅  jingle avant louange 05 elevons nos coeurs vers dieu
14:04:11 BLOC_C_SERIE_DU_JOUR              5m15s      5m13s      -2s  ✅  Yahweh Be Praised - Abuja HF
14:09:24 BLOC_C_SERIE_DU_JOUR             10m13s     10m10s      -3s  ✅  As We Worship - Toronto & Winnipeg HF
14:19:34 BLOC_C_SERIE_DU_JOUR              5m18s      5m15s      -3s  ✅  Now is Come Salvation - Toronto HF
14:24:49 BLOC_C_SERIE_DU_JOUR              7m29s      7m27s      -2s  ✅  Hallelujah - PHF
14:32:16 BLOC_C_SERIE_DU_JOUR              4m05s      4m02s      -3s  ✅  Song Of Victory - Emmanuel Igunbor
14:36:18 BLOC_C_SERIE_DU_JOUR              5m33s      5m31s      -2s  ✅  He Shall Feed His Flock - I Want to walk  - Ketu HF
14:41:49 BLOC_C_SERIE_DU_JOUR              5m04s      5m02s      -2s  ✅  I Enter The Holy of Holies - Port Harcourt HF
14:46:51 BLOC_C_SERIE_DU_JOUR              6m10s      6m07s      -3s  ✅  That I May Know Him - Toronto HF
14:52:58 BLOC_C_SERIE_DU_JOUR              0m13s      0m10s      -3s  ✅  jingle avant bible 07 place a la lecture de la bible
14:53:08 BLOC_C_SERIE_DU_JOUR              1m40s      1m38s      -2s  ✅  1 Jean 1
14:54:46 BLOC_C_SERIE_DU_JOUR              4m39s      4m36s      -3s  ✅  1 Jean 2
14:59:22 BLOC_C_SERIE_DU_JOUR              3m34s      3m32s      -2s  ✅  1 Jean 3
15:02:54 BLOC_C_SERIE_DU_JOUR              3m16s      3m14s      -2s  ✅  1 Jean 4
15:06:08 BLOC_C_SERIE_DU_JOUR              3m11s      3m08s      -3s  ✅  1 Jean 5
15:09:16 BLOC_C_SERIE_DU_JOUR              3m34s      3m32s      -2s  ✅  Zacharie 1
15:12:48 BLOC_C_SERIE_DU_JOUR              1m51s      1m49s      -2s  ✅  Zacharie 2
15:14:37 BLOC_C_SERIE_DU_JOUR              1m46s      1m43s      -3s  ✅  Zacharie 3
15:16:20 BLOC_C_SERIE_DU_JOUR              2m06s      2m04s      -2s  ✅  Zacharie 4
15:18:24 BLOC_C_SERIE_DU_JOUR              0m10s      0m08s      -2s  ✅  jingle avant louange 06 que la louange seleve
15:18:32 BLOC_C_SERIE_DU_JOUR              2m20s      2m17s      -3s  ✅  cantique  heureux l homme qui ne marche pas selon
15:20:49 BLOC_C_SERIE_DU_JOUR              6m59s      6m56s      -3s  ✅  Hosanna - Toronto HF
15:27:45 BLOC_C_SERIE_DU_JOUR              4m11s      4m08s      -3s  ✅  jai donné ma vie à jésus (1)
15:31:53 BLOC_C_SERIE_DU_JOUR              9m23s      9m21s      -2s  ✅  10 minutes
15:41:14 BLOC_C_SERIE_DU_JOUR              6m35s      6m33s      -2s  ✅  cantique   ta lumière
15:47:47 BLOC_C_SERIE_DU_JOUR             10m24s     10m21s      -3s  ✅  Shine in Darkness O Lord  - Winnipeg Fellowship
15:58:08 BLOC_C_SERIE_DU_JOUR              3m19s      3m16s      -3s  ✅  Awaken My Heart
16:01:24 BLOC_C_SERIE_DU_JOUR              6m34s      6m39s      +5s  ✅  cantique  béni soit le dieu d israël
16:08:03 BLOC_C_SERIE_DU_JOUR              2m54s      2m51s      -3s  ✅  Malachie 1
16:10:54 BLOC_C_SERIE_DU_JOUR              3m17s      3m14s      -3s  ✅  Malachie 2
16:14:08 BLOC_C_SERIE_DU_JOUR              3m22s      3m19s      -3s  ✅  Malachie 3
16:17:27 BLOC_C_SERIE_DU_JOUR              1m05s      1m03s      -2s  ✅  Malachie 4
16:18:30 BLOC_C_SERIE_DU_JOUR              4m33s      4m30s      -3s  ✅  1 Pierre 1
16:23:00 BLOC_C_SERIE_DU_JOUR              4m17s      4m14s      -3s  ✅  1 Pierre 2
16:27:14 BLOC_C_SERIE_DU_JOUR              3m50s      3m47s      -3s  ✅  1 Pierre 3
16:31:01 BLOC_C_SERIE_DU_JOUR              3m13s      3m11s      -2s  ✅  1 Pierre 4
16:34:12 BLOC_C_SERIE_DU_JOUR              2m15s      2m13s      -2s  ✅  1 Pierre 5
16:36:25 BLOC_C_SERIE_DU_JOUR              6m09s      6m06s      -3s  ✅  Jean 19
16:42:31 BLOC_C_SERIE_DU_JOUR              4m27s      4m25s      -2s  ✅  Jean 20
16:46:56 BLOC_C_SERIE_DU_JOUR              0m13s      0m11s      -2s  ✅  jingle avant louange 07 voici un temps de louange
16:47:07 BLOC_C_SERIE_DU_JOUR              8m31s      8m28s      -3s  ✅  Holy Holy - Abuja HF
16:55:35 BLOC_C_SERIE_DU_JOUR              5m19s      5m17s      -2s  ✅  Gabrielle LIDJI - Mélodie Céleste  by LFXA(Light FX Animation)_2
17:00:52 BLOC_C_SERIE_DU_JOUR              7m19s      7m16s      -3s  ✅  You Have sworn By Your Holiness - Chidera Bisong
17:08:08 BLOC_C_SERIE_DU_JOUR              7m46s      7m44s      -2s  ✅  Arise Out of Zion  - Winnipeg Fellowship
17:15:52 BLOC_C_SERIE_DU_JOUR              6m12s      6m09s      -3s  ✅  Praise the Lord All Ye Nations - Toronto HF
17:22:01 BLOC_C_SERIE_DU_JOUR              6m07s      6m05s      -2s  ✅  There Is Forgiveness In Thee - SWBN TV
17:28:06 BLOC_C_SERIE_DU_JOUR              5m21s      5m18s      -3s  ✅  We Shall Not Fear - Nonso Njoku
17:33:24 BLOC_C_SERIE_DU_JOUR              5m48s      5m46s      -2s  ✅  Forever You Reign - Abuja HF
17:39:10 BLOC_C_SERIE_DU_JOUR              0m09s      0m09s      +0s  ✅  JINGLE
17:39:19 BLOC_C_SERIE_DU_JOUR              3m00s      2m58s      -2s  ✅  Jonas 1
17:42:17 BLOC_C_SERIE_DU_JOUR              1m22s      1m19s      -3s  ✅  Jonas 2
17:43:36 BLOC_C_SERIE_DU_JOUR              1m36s      1m34s      -2s  ✅  Jonas 3
17:45:10 BLOC_C_SERIE_DU_JOUR              1m57s      1m55s      -2s  ✅  Jonas 4
17:47:05 BLOC_C_SERIE_DU_JOUR              2m43s      2m40s      -3s  ✅  Tite 1
17:49:45 BLOC_C_SERIE_DU_JOUR              2m10s      2m08s      -2s  ✅  Tite 2
17:51:53 BLOC_C_SERIE_DU_JOUR              2m22s      2m19s      -3s  ✅  Tite 3
17:54:12 BLOC_C_SERIE_DU_JOUR              4m14s      4m12s      -2s  ✅  Matthieu 14
17:58:24 BLOC_C_SERIE_DU_JOUR              0m09s      0m09s      +0s  ✅  jingle id station 01 la bonne nouvelle partout
17:58:33 BLOC_C_SERIE_DU_JOUR              5m50s      5m54s      +4s  ✅  Jesus I'm Waiting for You (Mary Umoh)
18:04:27 BLOC_D_SERIE_DU_JOUR           1h13m12s   1h13m10s      -2s  ✅  19 2
19:17:37 BLOC_D_SERIE_DU_JOUR              0m09s      0m06s      -3s  ✅  jingle avant bible 08 prenons un moment pour ecouter la parole
19:17:43 BLOC_D_SERIE_DU_JOUR              4m35s      4m33s      -2s  ✅  Colossiens 1
19:22:16 BLOC_D_SERIE_DU_JOUR              3m46s      3m44s      -2s  ✅  Colossiens 2
19:26:00 BLOC_D_SERIE_DU_JOUR              3m44s      3m41s      -3s  ✅  Colossiens 3
19:29:41 BLOC_D_SERIE_DU_JOUR              2m56s      2m53s      -3s  ✅  Colossiens 4
19:32:34 BLOC_D_SERIE_DU_JOUR              3m47s      3m45s      -2s  ✅  Ézéchiel 29
19:36:19 BLOC_D_SERIE_DU_JOUR              3m58s      3m56s      -2s  ✅  Ézéchiel 30
19:40:15 BLOC_D_SERIE_DU_JOUR              3m27s      3m24s      -3s  ✅  Ézéchiel 31
19:43:39 BLOC_D_SERIE_DU_JOUR              5m28s      5m25s      -3s  ✅  Ézéchiel 32
19:49:04 BLOC_D_SERIE_DU_JOUR              5m45s      5m43s      -2s  ✅  Ézéchiel 33
19:54:47 BLOC_D_SERIE_DU_JOUR              5m22s      5m28s      +6s  ✅  Ézéchiel 34
20:00:15 BLOC_D_SERIE_DU_JOUR              6m02s      5m59s      -3s  ✅  Crown Him Lord of Lords - Nonso Njoku
20:06:14 BLOC_D_SERIE_DU_JOUR              7m37s      7m34s      -3s  ✅  Cantiques  Il a pris mes iniquités
20:13:48 BLOC_D_SERIE_DU_JOUR             10m47s     10m44s      -3s  ✅  Abba, Singing a, I Will Sing - Ketu HF
20:24:32 BLOC_D_SERIE_DU_JOUR              9m39s      9m37s      -2s  ✅  Psalm 93 - Port Harcourt HF
20:34:09 BLOC_D_SERIE_DU_JOUR              3m04s      3m01s      -3s  ✅  The Lord is my Light and Salvation - Nonso Njoku
20:37:10 BLOC_D_SERIE_DU_JOUR              6m02s      6m00s      -2s  ✅  Satisfy My Soul - Calabar HF
20:43:10 BLOC_D_SERIE_DU_JOUR              0m13s      0m10s      -3s  ✅  jingle avant bible 07 place a la lecture de la bible
20:43:20 BLOC_D_SERIE_DU_JOUR              2m40s      2m37s      -3s  ✅  Amos 1
20:45:57 BLOC_D_SERIE_DU_JOUR              2m30s      2m28s      -2s  ✅  Amos 2
20:48:25 BLOC_D_SERIE_DU_JOUR              2m19s      2m17s      -2s  ✅  Amos 3
20:50:42 BLOC_D_SERIE_DU_JOUR              2m44s      2m41s      -3s  ✅  Amos 4
20:53:23 BLOC_D_SERIE_DU_JOUR              4m01s      3m59s      -2s  ✅  Amos 5
20:57:22 BLOC_D_SERIE_DU_JOUR              2m22s      2m19s      -3s  ✅  Amos 6
20:59:41 BLOC_D_SERIE_DU_JOUR              3m05s      3m02s      -3s  ✅  Amos 7
21:02:43 BLOC_D_SERIE_DU_JOUR              2m30s      2m28s      -2s  ✅  Amos 8
21:05:11 BLOC_D_SERIE_DU_JOUR              0m10s      0m08s      -2s  ✅  jingle avant louange 06 que la louange seleve
21:05:19 BLOC_D_SERIE_DU_JOUR              9m38s      9m35s      -3s  ✅  Holy are You oh Lord (Olaedo Uzoma & Vincent Opara)
21:14:54 BLOC_D_SERIE_DU_JOUR              4m03s      4m01s      -2s  ✅  I Will Not Be Silent - Calabar HF
21:18:55 BLOC_D_SERIE_DU_JOUR              5m43s      5m40s      -3s  ✅  Cantique l Éternel est mon Berger (1)
21:24:35 BLOC_D_SERIE_DU_JOUR              4m11s      4m09s      -2s  ✅  Cantique   Oh Éternel Dieu, Tu es le Dieu Incomparable
21:28:44 BLOC_D_SERIE_DU_JOUR              8m37s      8m35s      -2s  ✅  He Has Given Me & Emmanuel You Joy Over Us (Medley) (Abasiama Timothy & Imah Adegoke)
21:37:19 BLOC_D_SERIE_DU_JOUR              8m58s      8m55s      -3s  ✅  El Elyon - Toronto & Winnipeg HF
21:46:14 BLOC_D_SERIE_DU_JOUR              4m33s      4m31s      -2s  ✅  God is Building - Will You Be - Ketu HF
21:50:45 BLOC_D_SERIE_DU_JOUR              0m10s      0m07s      -3s  ✅  jingle avant bible 06 ouvrons les saintes ecritures
21:50:52 BLOC_D_SERIE_DU_JOUR              6m04s      6m02s      -2s  ✅  Juges 19
21:56:54 BLOC_D_SERIE_DU_JOUR              7m49s      7m46s      -3s  ✅  Juges 20
22:04:40 BLOC_D_SERIE_DU_JOUR              4m02s      3m59s      -3s  ✅  Juges 21
22:08:39 BLOC_D_SERIE_DU_JOUR              4m27s      4m25s      -2s  ✅  Jude 1
22:13:04 BLOC_D_SERIE_DU_JOUR              2m34s      2m32s      -2s  ✅  Proverbes 31
22:15:36 BLOC_D_SERIE_DU_JOUR              2m02s      1m59s      -3s  ✅  1 Samuel 29
22:17:35 BLOC_D_SERIE_DU_JOUR              4m57s      4m54s      -3s  ✅  1 Samuel 30
22:22:29 BLOC_D_SERIE_DU_JOUR              2m02s      2m00s      -2s  ✅  1 Samuel 31
22:24:29 BLOC_D_SERIE_DU_JOUR              0m13s      0m10s      -3s  ✅  jingle avant louange 07 voici un temps de louange
22:24:39 BLOC_D_SERIE_DU_JOUR              6m13s      6m10s      -3s  ✅  Immortal God - Elohim Adonai - Abuja HF
22:30:49 BLOC_D_SERIE_DU_JOUR              6m02s      6m00s      -2s  ✅  Rejoice - PHF
22:36:49 BLOC_D_SERIE_DU_JOUR              7m09s      7m07s      -2s  ✅  My God Is Good - Winnipeg Fellowship
22:43:56 BLOC_D_SERIE_DU_JOUR              2m16s      2m13s      -3s  ✅  cantique  nous sommes le sel de la terre
22:46:09 BLOC_D_SERIE_DU_JOUR              4m53s      4m50s      -3s  ✅  Cantique Jahweh, Tu es élevé au dessus de tout (1)
22:50:59 BLOC_D_SERIE_DU_JOUR              5m08s      5m06s      -2s  ✅  He Has Given Me - PHF
22:56:05 BLOC_D_SERIE_DU_JOUR              9m31s      9m28s      -3s  ✅  15 at 01.33.50 (1)(1)
23:05:33 BLOC_D_SERIE_DU_JOUR              6m15s      6m22s      +7s  ✅  Oh Lord I Want to Know Your Glory - Port Harcourt HF
23:11:55 BLOC_D_SERIE_DU_JOUR              2m21s      2m19s      -2s  ✅  Ecclésiaste 1
23:14:14 BLOC_D_SERIE_DU_JOUR              4m17s      4m15s      -2s  ✅  Ecclésiaste 2
23:18:29 BLOC_D_SERIE_DU_JOUR              2m50s      2m48s      -2s  ✅  Ecclésiaste 3
23:21:17 BLOC_D_SERIE_DU_JOUR              2m23s      2m20s      -3s  ✅  Ecclésiaste 4
23:23:37 BLOC_D_SERIE_DU_JOUR              3m17s      3m15s      -2s  ✅  Ecclésiaste 5
23:26:52 BLOC_D_SERIE_DU_JOUR              0m09s      0m10s      +1s  ✅  jingle id station 02 radio evangile du royaume
23:27:02 BLOC_D_SERIE_DU_JOUR              7m21s      7m18s      -3s  ✅  For By My God - Toronto & Winnipeg HF
23:34:20 BLOC_E_LOUANGE_NUIT               5m19s      5m17s      -2s  ✅  Gabrielle LIDJI - Mélodie Céleste  by LFXA(Light FX Animation)_2
23:39:37 BLOC_E_LOUANGE_NUIT               6m02s      6m00s      -2s  ✅  Satisfy My Soul - Calabar HF
23:45:37 BLOC_E_LOUANGE_NUIT               4m11s      4m08s      -3s  ✅  jai donné ma vie à jésus (1)
23:49:45 BLOC_E_LOUANGE_NUIT               6m12s      6m09s      -3s  ✅  Praise the Lord All Ye Nations - Toronto HF
23:55:54 BLOC_E_LOUANGE_NUIT               4m52s      5m34s     +42s  ⚠️ TROU APRÈS  cantique   prends tout le contrôle
----------------------------------------------------------------------------------------------------
Bilan : 279 titres, 1 anomalie(s) (titre coupé de plus de 10s ou trou d'antenne). Gravité : 1 mineure(s) <1min · 0 sérieuse(s) 1-10min · 0 critique(s) >10min.

====================================================================================================
CONTRÔLES APPROFONDIS
====================================================================================================
MESSAGE DU JOUR « APS La moisson 2 » : 4 diffusion(s) pour 4 prévue(s) ✅
   00:03:52  (étiquette BLOC_A_SERIE_DU_JOUR)
   06:02:47  (étiquette BLOC_B_SERIE_DU_JOUR)
   12:00:13  (étiquette BLOC_C_SERIE_DU_JOUR)
   18:04:27  (étiquette BLOC_D_SERIE_DU_JOUR)
JINGLES : 30 joués / 36 prévus (83%) ⚠️   ·   BLOC_A 8/9 · BLOC_B 8/9 · BLOC_C 8/9 · BLOC_D 6/9
HORS FENÊTRE : aucun débordement de bloc détecté ✅
BOUCHE-TROUS : 2 titre(s) hors plan sans playlist ⚠️
   00:01:33  ?  (2m12s)
   11:59:20  AzuraCast is Live!  (0m45s)
COUVERTURE : premier titre à 00:01:33 ✅ · dernier titre finit vers 00:00:46 (estimé) ✅

====================================================================================================
RÉEL vs PRÉVU — ce qui a joué vs ce que le plan prévoyait
====================================================================================================
----------------------------------------------------------------------------------------------------
BLOC_A  (00:00-06:00)  prévus  74 · atteignables  69 · joués  70 · conformité 100% · sautés  0 · en trop  1
   ➕  JOUÉ NON PRÉVU : ?
   ⏸️  FIN DE BLOC NON ATTEINTE (5 titres · ~27m31s) — marge anti-rebouclage au-delà de la fenêtre, normal : JINGLE · Ascribe Greatness - PHF · Great and Marvellous - Ketu HF · As We Worship In Ypur Presence · Jesus is Alpha - PHF
----------------------------------------------------------------------------------------------------
BLOC_B  (06:00-12:00)  prévus  71 · atteignables  67 · joués  68 · conformité  99% · sautés  1 · en trop  2
   ⏭️  PRÉVU NON JOUÉ : jingle avant bible 07 place a la lecture de la bible
   ➕  JOUÉ NON PRÉVU : jingle avant message 04 bienvenue sur parole prophetique fm · AzuraCast is Live!
   ⏸️  FIN DE BLOC NON ATTEINTE (4 titres · ~20m15s) — marge anti-rebouclage au-delà de la fenêtre, normal : jingle id station 02 radio evangile du royaume · Yahweh is Mighty (Imah Adegoke) · The King is Here (Abasiama Timothy) · You are God - Winnipeg Fellowship
----------------------------------------------------------------------------------------------------
BLOC_C  (12:00-18:00)  prévus  80 · atteignables  77 · joués  76 · conformité  97% · sautés  2 · en trop  1
   ⏭️  PRÉVU NON JOUÉ : APS La moisson 2 · jingle avant bible 06 ouvrons les saintes ecritures
   ➕  JOUÉ NON PRÉVU : 19 2
   ⏸️  FIN DE BLOC NON ATTEINTE (3 titres · ~19m46s) — marge anti-rebouclage au-delà de la fenêtre, normal : In the Day of Your Power  - Winnipeg Fellowship · Sing Hallelujah - Abuja HF · We Bless You Wonderful God  - Winnipeg Fellowship
----------------------------------------------------------------------------------------------------
BLOC_D  (18:00-23:30)  prévus  64 · atteignables  63 · joués  60 · conformité  95% · sautés  3 · en trop  0
   ⏭️  PRÉVU NON JOUÉ : jingle avant message 03 vous ecoutez parole prophetique fm · jingle avant louange 05 elevons nos coeurs vers dieu · JINGLE
   ⏸️  FIN DE BLOC NON ATTEINTE (1 titres · ~11m01s) — marge anti-rebouclage au-delà de la fenêtre, normal : Great is, Ascribe - Ketu HF
----------------------------------------------------------------------------------------------------
CONFORMITÉ GLOBALE : 270/276 titres atteignables joués dans l'ordre = 98%  (4 titre(s) hors plan · 13 non atteint(s) en fin de bloc, marge normale)
