Rapport de diffusion — 2026-07-09 (heures UTC)
308 titres joués | tolérance ±10s
====================================================================================================
HEURE    PLAYLIST                     FICHIER          RÉEL    ÉCART  STATUT  TITRE
----------------------------------------------------------------------------------------------------
00:01:38 ?                                 1m35s      1m35s      +0s  ✅  ?
00:03:13 BLOC_A_SERIE_DU_JOUR              0m08s      0m09s      +1s  ✅  jingle avant message 02 enseignement parole de dieu
00:03:22 BLOC_A_SERIE_DU_JOUR             22m31s     22m28s      -3s  ✅  1-pqe c1
00:25:50 BLOC_A_SERIE_DU_JOUR              0m06s      0m07s      +1s  ✅  jingle avant bible 01 la foi vient de ce quon entend
00:25:57 BLOC_A_SERIE_DU_JOUR              1m36s      1m33s      -3s  ✅  Proverbes 9
00:27:30 BLOC_A_SERIE_DU_JOUR              3m14s      3m12s      -2s  ✅  Proverbes 10
00:30:42 BLOC_A_SERIE_DU_JOUR              3m12s      3m10s      -2s  ✅  Proverbes 11
00:33:52 BLOC_A_SERIE_DU_JOUR              2m57s      2m54s      -3s  ✅  Proverbes 12
00:36:46 BLOC_A_SERIE_DU_JOUR              2m40s      2m38s      -2s  ✅  Proverbes 13
00:39:24 BLOC_A_SERIE_DU_JOUR              3m35s      3m33s      -2s  ✅  Proverbes 14
00:42:57 BLOC_A_SERIE_DU_JOUR              3m26s      3m23s      -3s  ✅  Proverbes 15
00:46:20 BLOC_A_SERIE_DU_JOUR              3m18s      3m16s      -2s  ✅  Proverbes 16
00:49:36 BLOC_A_SERIE_DU_JOUR              2m57s      2m54s      -3s  ✅  Proverbes 17
00:52:30 BLOC_A_SERIE_DU_JOUR              2m16s      2m14s      -2s  ✅  Proverbes 18
00:54:44 BLOC_A_SERIE_DU_JOUR              3m01s      2m58s      -3s  ✅  Proverbes 19
00:57:42 BLOC_A_SERIE_DU_JOUR              2m55s      2m53s      -2s  ✅  Proverbes 20
01:00:35 BLOC_A_SERIE_DU_JOUR              3m08s      3m06s      -2s  ✅  Proverbes 21
01:03:41 BLOC_A_SERIE_DU_JOUR              2m52s      2m49s      -3s  ✅  Proverbes 22
01:06:30 BLOC_A_SERIE_DU_JOUR              3m16s      3m13s      -3s  ✅  Proverbes 23
01:09:43 BLOC_A_SERIE_DU_JOUR              3m13s      3m11s      -2s  ✅  Proverbes 24
01:12:54 BLOC_A_SERIE_DU_JOUR              2m58s      2m55s      -3s  ✅  Proverbes 25
01:15:49 BLOC_A_SERIE_DU_JOUR              2m45s      2m42s      -3s  ✅  Proverbes 26
01:18:31 BLOC_A_SERIE_DU_JOUR              2m40s      2m37s      -3s  ✅  Proverbes 27
01:21:08 BLOC_A_SERIE_DU_JOUR              3m06s      3m04s      -2s  ✅  Proverbes 28
01:24:12 BLOC_A_SERIE_DU_JOUR              0m07s      0m08s      +1s  ✅  jingle avant louange 02 voici notre selection de cantiques
01:24:20 BLOC_A_SERIE_DU_JOUR              5m22s      5m19s      -3s  ✅  God's Got An Army - PHF
01:29:39 BLOC_A_SERIE_DU_JOUR              4m13s      4m11s      -2s  ✅  4 minutes
01:33:50 BLOC_A_SERIE_DU_JOUR              7m29s      7m26s      -3s  ✅  Hallelujah - PHF
01:41:16 BLOC_A_SERIE_DU_JOUR              3m19s      3m16s      -3s  ✅  Awaken My Heart
01:44:32 BLOC_A_SERIE_DU_JOUR              5m52s      5m49s      -3s  ✅  Where Two or Three are Gathered - Calabar HF
01:50:21 BLOC_A_SERIE_DU_JOUR              4m40s      4m37s      -3s  ✅  All in All - CHF
01:54:58 BLOC_A_SERIE_DU_JOUR              5m33s      5m31s      -2s  ✅  He Shall Feed His Flock - I Want to walk  - Ketu HF
02:00:29 BLOC_A_SERIE_DU_JOUR              7m17s      7m14s      -3s  ✅  cantique  tes promesses  pub direct dec 2021 import (2)
02:07:43 BLOC_A_SERIE_DU_JOUR              5m21s      5m19s      -2s  ✅  We Shall Not Fear - Nonso Njoku
02:13:02 BLOC_A_SERIE_DU_JOUR              6m12s      6m09s      -3s  ✅  The King is Here (Abasiama Timothy)
02:19:11 BLOC_A_SERIE_DU_JOUR              4m53s      4m56s      +3s  ✅  Cantique Jahweh, Tu es élevé au dessus de tout (1)
02:24:07 BLOC_A_SERIE_DU_JOUR              3m04s      3m02s      -2s  ✅  Ésaïe 47
02:27:09 BLOC_A_SERIE_DU_JOUR              4m00s      3m57s      -3s  ✅  Ésaïe 48
02:31:06 BLOC_A_SERIE_DU_JOUR              5m13s      5m10s      -3s  ✅  Ésaïe 49
02:36:16 BLOC_A_SERIE_DU_JOUR              2m34s      2m32s      -2s  ✅  Ésaïe 50
02:38:48 BLOC_A_SERIE_DU_JOUR              4m41s      4m39s      -2s  ✅  Ésaïe 51
02:43:27 BLOC_A_SERIE_DU_JOUR              2m44s      2m42s      -2s  ✅  Ésaïe 52
02:46:09 BLOC_A_SERIE_DU_JOUR              2m31s      2m29s      -2s  ✅  Ésaïe 53
02:48:38 BLOC_A_SERIE_DU_JOUR              3m12s      3m09s      -3s  ✅  Ésaïe 54
02:51:47 BLOC_A_SERIE_DU_JOUR              2m33s      2m30s      -3s  ✅  Ésaïe 55
02:54:17 BLOC_A_SERIE_DU_JOUR              0m06s      0m06s      +0s  ✅  jingle avant louange 01 place a la louange et adoration
02:54:23 BLOC_A_SERIE_DU_JOUR              2m20s      2m18s      -2s  ✅  cantique  heureux l homme qui ne marche pas selon
02:56:41 BLOC_A_SERIE_DU_JOUR              3m12s      3m10s      -2s  ✅  esprit de dieu
02:59:51 BLOC_A_SERIE_DU_JOUR              8m10s      8m07s      -3s  ✅  Great and Marvellous - Ketu HF
03:07:58 BLOC_A_SERIE_DU_JOUR              4m08s      4m05s      -3s  ✅  I Choose the Way of the Lord - Abuja HF
03:12:03 BLOC_A_SERIE_DU_JOUR              6m13s      6m10s      -3s  ✅  Immortal God - Elohim Adonai - Abuja HF
03:18:13 BLOC_A_SERIE_DU_JOUR              3m10s      3m07s      -3s  ✅  la Parole
03:21:20 BLOC_A_SERIE_DU_JOUR              6m04s      6m02s      -2s  ✅  Sing Unto the Lord a new Song  - Winnipeg Fellowship
03:27:22 BLOC_A_SERIE_DU_JOUR              4m05s      4m03s      -2s  ✅  Song Of Victory - Emmanuel Igunbor
03:31:25 BLOC_A_SERIE_DU_JOUR             10m47s     10m45s      -2s  ✅  Abba, Singing a, I Will Sing - Ketu HF
03:42:10 BLOC_A_SERIE_DU_JOUR              6m34s      6m31s      -3s  ✅  cantique  béni soit le dieu d israël
03:48:41 BLOC_A_SERIE_DU_JOUR              4m20s      4m18s      -2s  ✅  There's A Mighty River Flowing - SWBN TV
03:52:59 BLOC_A_SERIE_DU_JOUR              0m07s      0m07s      +0s  ✅  jingle avant bible 02 voici la lecture de la bible
03:53:06 BLOC_A_SERIE_DU_JOUR              4m07s      4m05s      -2s  ✅  Jérémie 26
03:57:11 BLOC_A_SERIE_DU_JOUR              3m55s      3m53s      -2s  ✅  Jérémie 27
04:01:04 BLOC_A_SERIE_DU_JOUR              3m03s      3m01s      -2s  ✅  Jérémie 28
04:04:05 BLOC_A_SERIE_DU_JOUR              5m38s      5m35s      -3s  ✅  Jérémie 29
04:09:40 BLOC_A_SERIE_DU_JOUR              4m01s      3m58s      -3s  ✅  Jérémie 30
04:13:38 BLOC_A_SERIE_DU_JOUR              7m15s      7m13s      -2s  ✅  Jérémie 31
04:20:51 BLOC_A_SERIE_DU_JOUR              7m42s      7m39s      -3s  ✅  Jérémie 32
04:28:30 BLOC_A_SERIE_DU_JOUR              4m46s      4m43s      -3s  ✅  Jérémie 33
04:33:13 BLOC_A_SERIE_DU_JOUR              4m35s      4m40s      +5s  ✅  Jérémie 34
04:37:53 BLOC_A_SERIE_DU_JOUR             10m13s     10m10s      -3s  ✅  As We Worship - Toronto & Winnipeg HF
04:48:03 BLOC_A_SERIE_DU_JOUR              7m37s      7m34s      -3s  ✅  Cantiques  Il a pris mes iniquités
04:55:37 BLOC_A_SERIE_DU_JOUR              3m04s      3m01s      -3s  ✅  The Lord is my Light and Salvation - Nonso Njoku
04:58:38 BLOC_A_SERIE_DU_JOUR              6m28s      6m25s      -3s  ✅  Le Bien-Etre Universel
05:05:03 BLOC_A_SERIE_DU_JOUR              6m12s      6m10s      -2s  ✅  Praise the Lord All Ye Nations - Toronto HF
05:11:13 BLOC_A_SERIE_DU_JOUR             11m53s     11m50s      -3s  ✅  Hashem - PHF
05:23:03 BLOC_A_SERIE_DU_JOUR              6m54s      6m51s      -3s  ✅  There is no Lie (Imah Adegoke & Mary Umoh)
05:29:54 BLOC_A_SERIE_DU_JOUR              5m10s      5m08s      -2s  ✅  I Will Call Upon The Lord
05:35:02 BLOC_A_SERIE_DU_JOUR              0m07s      0m07s      +0s  ✅  LA BONNE NOUVELLE PARTOUT
05:35:09 BLOC_A_SERIE_DU_JOUR              4m04s      4m02s      -2s  ✅  Galates 5
05:39:11 BLOC_A_SERIE_DU_JOUR              2m46s      2m51s      +5s  ✅  Galates 6
05:42:02 BLOC_A_SERIE_DU_JOUR              2m59s      2m56s      -3s  ✅  2 Timothée 1
05:44:58 BLOC_A_SERIE_DU_JOUR              3m52s      3m50s      -2s  ✅  2 Timothée 2
05:48:48 BLOC_A_SERIE_DU_JOUR              2m37s      2m34s      -3s  ✅  2 Timothée 3
05:51:22 BLOC_A_SERIE_DU_JOUR              3m09s      3m06s      -3s  ✅  2 Timothée 4
05:54:28 BLOC_A_SERIE_DU_JOUR              0m07s      0m08s      +1s  ✅  JINGLE
05:54:36 BLOC_A_SERIE_DU_JOUR              9m24s      9m21s      -3s  ✅  I See Your Face - Toronto HF
06:03:57 BLOC_B_SERIE_DU_JOUR              0m08s      0m09s      +1s  ✅  jingle avant message 02 enseignement parole de dieu
06:04:06 BLOC_B_SERIE_DU_JOUR             22m31s     22m34s      +3s  ✅  1-pqe c1
06:26:40 BLOC_B_SERIE_DU_JOUR              2m17s      2m15s      -2s  ✅  Esther 7
06:28:55 BLOC_B_SERIE_DU_JOUR              3m44s      3m41s      -3s  ✅  Esther 8
06:32:36 BLOC_B_SERIE_DU_JOUR              5m31s      5m29s      -2s  ✅  Esther 9
06:38:05 BLOC_B_SERIE_DU_JOUR              0m33s      0m33s      +0s  ✅  Esther 10
06:38:38 BLOC_A_SERIE_DU_JOUR              0m08s      0m09s      +1s  ✅  jingle avant message 02 enseignement parole de dieu
06:38:47 BLOC_B_SERIE_DU_JOUR              3m00s      2m57s      -3s  ✅  Jonas 1
06:41:44 BLOC_B_SERIE_DU_JOUR              1m22s      1m19s      -3s  ✅  Jonas 2
06:43:03 BLOC_B_SERIE_DU_JOUR              1m36s      1m34s      -2s  ✅  Jonas 3
06:44:37 BLOC_B_SERIE_DU_JOUR              1m57s      1m55s      -2s  ✅  Jonas 4
06:46:32 BLOC_B_SERIE_DU_JOUR              3m11s      3m09s      -2s  ✅  Habacuc 3
06:49:41 BLOC_B_SERIE_DU_JOUR              0m05s      0m05s      +0s  ✅  jingle avant bible 05 poursuivons notre lecture
06:49:46 BLOC_B_SERIE_DU_JOUR             10m04s     10m01s      -3s  ✅  1 Rois 1
06:59:47 BLOC_B_SERIE_DU_JOUR              9m12s      9m09s      -3s  ✅  1 Rois 2
07:08:56 BLOC_B_SERIE_DU_JOUR              5m20s      5m18s      -2s  ✅  1 Rois 3
07:14:14 BLOC_B_SERIE_DU_JOUR              4m57s      4m54s      -3s  ✅  1 Rois 4
07:19:08 BLOC_B_SERIE_DU_JOUR              3m08s      3m06s      -2s  ✅  1 Rois 5
07:22:14 BLOC_B_SERIE_DU_JOUR              5m43s      5m41s      -2s  ✅  1 Rois 6
07:27:55 BLOC_B_SERIE_DU_JOUR              0m07s      0m07s      +0s  ✅  jingle avant louange 02 voici notre selection de cantiques
07:28:02 BLOC_B_SERIE_DU_JOUR              3m24s      3m22s      -2s  ✅  Cantique sa miséricorde
07:31:24 BLOC_B_SERIE_DU_JOUR              5m02s      5m00s      -2s  ✅  A Song Of Love
07:36:24 BLOC_B_SERIE_DU_JOUR              6m06s      6m03s      -3s  ✅  Good God - Asaba Fellowship
07:42:27 BLOC_B_SERIE_DU_JOUR             10m25s     10m23s      -2s  ✅  Holy Are You - PHF
07:52:50 BLOC_B_SERIE_DU_JOUR              5m08s      5m06s      -2s  ✅  He Has Given Me - PHF
07:57:56 BLOC_B_SERIE_DU_JOUR              6m07s      6m05s      -2s  ✅  There Is Forgiveness In Thee - SWBN TV
08:04:01 BLOC_B_SERIE_DU_JOUR              6m09s      6m08s      -1s  ✅  Hymne des vainqueurs
08:10:09 BLOC_B_SERIE_DU_JOUR              8m22s      8m18s      -4s  ✅  Yeshua Hamashiach - Calabar HF
08:18:27 BLOC_B_SERIE_DU_JOUR              7m25s      7m29s      +4s  ✅  Victorious Is the Lamb - Winnipeg Fellowship
08:25:56 BLOC_B_SERIE_DU_JOUR              0m07s      0m14s      +7s  ✅  LA BONNE NOUVELLE PARTOUT
08:26:10 BLOC_B_SERIE_DU_JOUR              0m07s      0m07s      +0s  ✅  jingle id station 04 au travail a la maison en deplacement
08:26:17 BLOC_B_SERIE_DU_JOUR              3m56s      3m55s      -1s  ✅  Lamentations 4
08:30:12 BLOC_B_SERIE_DU_JOUR              2m20s      2m16s      -4s  ✅  Lamentations 5
08:32:28 BLOC_B_SERIE_DU_JOUR              5m30s      5m27s      -3s  ✅  Lévitique 7
08:37:55 BLOC_B_SERIE_DU_JOUR              5m25s      5m22s      -3s  ✅  Lévitique 8
08:43:17 BLOC_B_SERIE_DU_JOUR              3m36s      3m34s      -2s  ✅  Lévitique 9
08:46:51 BLOC_B_SERIE_DU_JOUR              4m02s      3m59s      -3s  ✅  Lévitique 10
08:50:50 BLOC_B_SERIE_DU_JOUR              6m31s      6m29s      -2s  ✅  Lévitique 11
08:57:19 BLOC_B_SERIE_DU_JOUR              0m06s      0m06s      +0s  ✅  jingle avant louange 01 place a la louange et adoration
08:57:25 BLOC_B_SERIE_DU_JOUR              8m30s      8m28s      -2s  ✅  We Worship Adonai - PHF
09:05:53 BLOC_B_SERIE_DU_JOUR              7m19s      7m17s      -2s  ✅  You Have sworn By Your Holiness - Chidera Bisong
09:13:10 BLOC_B_SERIE_DU_JOUR              5m50s      5m47s      -3s  ✅  Jesus I'm Waiting for You (Mary Umoh)
09:18:57 BLOC_B_SERIE_DU_JOUR              5m15s      5m13s      -2s  ✅  Yahweh Be Praised - Abuja HF
09:24:10 BLOC_B_SERIE_DU_JOUR              4m03s      4m00s      -3s  ✅  I Will Not Be Silent - Calabar HF
09:28:10 BLOC_B_SERIE_DU_JOUR              4m04s      4m02s      -2s  ✅  Ascribe Greatness - PHF
09:32:12 BLOC_B_SERIE_DU_JOUR              8m18s      8m15s      -3s  ✅  Yahweh Is Mighty - SWBN TV
09:40:27 BLOC_B_SERIE_DU_JOUR              4m18s      4m16s      -2s  ✅  You Are Worthy - Ketu HF
09:44:43 BLOC_B_SERIE_DU_JOUR              6m41s      6m38s      -3s  ✅  6 minutes
09:51:21 BLOC_B_SERIE_DU_JOUR              7m57s      7m55s      -2s  ✅  Yahweh is Mighty (Imah Adegoke)
09:59:16 BLOC_B_SERIE_DU_JOUR              0m07s      0m08s      +1s  ✅  jingle avant bible 02 voici la lecture de la bible
09:59:24 BLOC_B_SERIE_DU_JOUR              3m03s      3m01s      -2s  ✅  2 Corinthiens 6
10:02:25 BLOC_B_SERIE_DU_JOUR              3m38s      3m35s      -3s  ✅  2 Corinthiens 7
10:06:00 BLOC_B_SERIE_DU_JOUR              4m06s      4m04s      -2s  ✅  2 Corinthiens 8
10:10:04 BLOC_B_SERIE_DU_JOUR              2m53s      2m51s      -2s  ✅  2 Corinthiens 9
10:12:55 BLOC_B_SERIE_DU_JOUR              3m24s      3m21s      -3s  ✅  2 Corinthiens 10
10:16:16 BLOC_B_SERIE_DU_JOUR              5m26s      5m24s      -2s  ✅  2 Corinthiens 11
10:21:40 BLOC_B_SERIE_DU_JOUR              4m28s      4m25s      -3s  ✅  2 Corinthiens 12
10:26:05 BLOC_B_SERIE_DU_JOUR              2m25s      2m22s      -3s  ✅  2 Corinthiens 13
10:28:27 BLOC_B_SERIE_DU_JOUR              3m50s      3m48s      -2s  ✅  Apocalypse 9
10:32:15 BLOC_B_SERIE_DU_JOUR              2m14s      2m11s      -3s  ✅  Apocalypse 10
10:34:26 BLOC_B_SERIE_DU_JOUR              3m52s      3m49s      -3s  ✅  Apocalypse 11
10:38:15 BLOC_B_SERIE_DU_JOUR              3m22s      3m20s      -2s  ✅  Apocalypse 12
10:41:35 BLOC_B_SERIE_DU_JOUR              0m09s      0m10s      +1s  ✅  jingle id station 02 radio evangile du royaume
10:41:45 BLOC_B_SERIE_DU_JOUR              5m18s      5m16s      -2s  ✅  Now is Come Salvation - Toronto HF
10:47:01 BLOC_B_SERIE_DU_JOUR              5m04s      5m02s      -2s  ✅  I Enter The Holy of Holies - Port Harcourt HF
10:52:03 BLOC_B_SERIE_DU_JOUR              5m21s      5m18s      -3s  ✅  By the word of the lord - Ketu HF
10:57:21 BLOC_B_SERIE_DU_JOUR              4m44s      4m42s      -2s  ✅  Je veux vivre ton royaume
11:02:03 BLOC_B_SERIE_DU_JOUR              7m46s      7m44s      -2s  ✅  Arise Out of Zion  - Winnipeg Fellowship
11:09:47 BLOC_B_SERIE_DU_JOUR              5m47s      5m45s      -2s  ✅  We Ascribe Greatness - Abuja HF
11:15:32 BLOC_B_SERIE_DU_JOUR              9m39s      9m37s      -2s  ✅  Psalm 93 - Port Harcourt HF
11:25:09 BLOC_B_SERIE_DU_JOUR              4m52s      4m49s      -3s  ✅  God is Moving Us On - Ketu HF
11:29:58 BLOC_B_SERIE_DU_JOUR              5m28s      5m26s      -2s  ✅  même humilié
11:35:24 BLOC_B_SERIE_DU_JOUR             11m54s     11m51s      -3s  ✅  Great & Marvelluos - Toronto HF
11:47:15 BLOC_B_SERIE_DU_JOUR              0m07s      0m07s      +0s  ✅  JINGLE
11:47:22 BLOC_B_SERIE_DU_JOUR              2m43s      2m41s      -2s  ✅  Tite 1
11:50:03 BLOC_B_SERIE_DU_JOUR              2m10s      2m08s      -2s  ✅  Tite 2
11:52:11 BLOC_B_SERIE_DU_JOUR              2m22s      2m19s      -3s  ✅  Tite 3
11:54:30 BLOC_B_SERIE_DU_JOUR              0m04s      0m05s      +1s  ✅  Jingle - Le Royaume
11:54:35 BLOC_B_SERIE_DU_JOUR              2m25s      2m23s      -2s  ✅  Cantique des Cantiques 1
11:56:58 BLOC_B_SERIE_DU_JOUR              2m32s      2m29s      -3s  ✅  Cantique des Cantiques 2
11:59:27 BLOC_B_SERIE_DU_JOUR              0m08s      0m08s      +0s  ✅  jingle avant message 02 enseignement parole de dieu
11:59:35 ?                                 0m30s      0m30s      +0s  ✅  AzuraCast is Live!
12:00:05 BLOC_C_SERIE_DU_JOUR              0m08s      0m09s      +1s  ✅  jingle avant message 02 enseignement parole de dieu
12:00:14 BLOC_C_SERIE_DU_JOUR             22m31s     22m28s      -3s  ✅  1-pqe c1
12:22:42 BLOC_C_SERIE_DU_JOUR              0m08s      0m08s      +0s  ✅  jingle avant message 02 enseignement parole de dieu
12:22:50 BLOC_C_SERIE_DU_JOUR             22m31s     22m29s      -2s  ✅  1-pqe c1
12:45:19 BLOC_C_SERIE_DU_JOUR              0m07s      0m08s      +1s  ✅  jingle avant bible 02 voici la lecture de la bible
12:45:27 BLOC_C_SERIE_DU_JOUR              0m07s      0m07s      +0s  ✅  jingle musical spirituel parole qui brille 02
12:45:34 BLOC_C_SERIE_DU_JOUR              4m37s      4m35s      -2s  ✅  1 Corinthiens 1
12:50:09 BLOC_C_SERIE_DU_JOUR              2m43s      2m40s      -3s  ✅  1 Corinthiens 2
12:52:49 BLOC_C_SERIE_DU_JOUR              3m26s      3m23s      -3s  ✅  1 Corinthiens 3
12:56:12 BLOC_C_SERIE_DU_JOUR              3m40s      3m38s      -2s  ✅  1 Corinthiens 4
12:59:50 BLOC_C_SERIE_DU_JOUR              2m17s      2m15s      -2s  ✅  1 Corinthiens 5
13:02:05 BLOC_C_SERIE_DU_JOUR              3m19s      3m16s      -3s  ✅  1 Corinthiens 6
13:05:21 BLOC_C_SERIE_DU_JOUR              6m29s      6m26s      -3s  ✅  1 Corinthiens 7
13:11:47 BLOC_C_SERIE_DU_JOUR              2m04s      2m02s      -2s  ✅  1 Corinthiens 8
13:13:49 BLOC_C_SERIE_DU_JOUR              4m09s      4m06s      -3s  ✅  1 Corinthiens 9
13:17:55 BLOC_C_SERIE_DU_JOUR              4m48s      4m46s      -2s  ✅  1 Corinthiens 10
13:22:41 BLOC_C_SERIE_DU_JOUR              5m08s      5m06s      -2s  ✅  1 Corinthiens 11
13:27:47 BLOC_C_SERIE_DU_JOUR              4m41s      4m39s      -2s  ✅  1 Corinthiens 12
13:32:26 BLOC_C_SERIE_DU_JOUR              2m38s      2m35s      -3s  ✅  1 Corinthiens 13
13:35:01 BLOC_C_SERIE_DU_JOUR              6m31s      6m28s      -3s  ✅  1 Corinthiens 14
13:41:29 BLOC_C_SERIE_DU_JOUR              0m07s      0m08s      +1s  ✅  jingle avant louange 02 voici notre selection de cantiques
13:41:37 BLOC_C_SERIE_DU_JOUR              6m06s      6m04s      -2s  ✅  cantique  ta bonte
13:47:41 BLOC_C_SERIE_DU_JOUR              8m31s      8m29s      -2s  ✅  Holy Holy - Abuja HF
13:56:10 BLOC_C_SERIE_DU_JOUR              4m52s      4m50s      -2s  ✅  cantique   prends tout le contrôle
14:01:00 BLOC_C_SERIE_DU_JOUR             11m01s     10m58s      -3s  ✅  Great is, Ascribe - Ketu HF
14:11:58 BLOC_C_SERIE_DU_JOUR              9m43s      9m40s      -3s  ✅  Thy Throne Oh Lord - Ketu HF
14:21:38 BLOC_C_SERIE_DU_JOUR              6m56s      6m54s      -2s  ✅  As We Worship In Ypur Presence
14:28:32 BLOC_C_SERIE_DU_JOUR              8m12s      8m09s      -3s  ✅  Jesus is Alpha - PHF
14:36:41 BLOC_C_SERIE_DU_JOUR              8m21s      8m19s      -2s  ✅  In the Day of Your Power  - Winnipeg Fellowship
14:45:00 BLOC_C_SERIE_DU_JOUR              0m06s      0m06s      +0s  ✅  jingle avant bible 03 ecoutez la voix de dieu
14:45:06 BLOC_C_SERIE_DU_JOUR              2m12s      2m09s      -3s  ✅  2 Thessaloniciens 1
14:47:15 BLOC_C_SERIE_DU_JOUR              2m47s      2m45s      -2s  ✅  2 Thessaloniciens 2
14:50:00 BLOC_C_SERIE_DU_JOUR              2m35s      2m32s      -3s  ✅  2 Thessaloniciens 3
14:52:32 BLOC_C_SERIE_DU_JOUR              1m11s      1m08s      -3s  ✅  Psaumes 28
14:53:40 BLOC_C_SERIE_DU_JOUR              1m05s      1m03s      -2s  ✅  Psaumes 29
14:54:43 BLOC_C_SERIE_DU_JOUR              1m17s      1m15s      -2s  ✅  Psaumes 30
14:55:58 BLOC_C_SERIE_DU_JOUR              3m00s      2m57s      -3s  ✅  Psaumes 31
14:58:55 BLOC_C_SERIE_DU_JOUR              1m25s      1m23s      -2s  ✅  Psaumes 32
15:00:18 BLOC_C_SERIE_DU_JOUR              2m04s      2m01s      -3s  ✅  Psaumes 33
15:02:19 BLOC_C_SERIE_DU_JOUR              2m05s      2m02s      -3s  ✅  Psaumes 34
15:04:21 BLOC_C_SERIE_DU_JOUR              3m04s      3m02s      -2s  ✅  Psaumes 35
15:07:23 BLOC_C_SERIE_DU_JOUR              1m18s      1m15s      -3s  ✅  Psaumes 36
15:08:38 BLOC_C_SERIE_DU_JOUR              3m49s      3m46s      -3s  ✅  Psaumes 37
15:12:24 BLOC_C_SERIE_DU_JOUR              1m58s      2m02s      +4s  ✅  Psaumes 38
15:14:26 BLOC_C_SERIE_DU_JOUR              5m43s      5m42s      -1s  ✅  Cantique l Éternel est mon Berger (1)
15:20:08 BLOC_C_SERIE_DU_JOUR              7m09s      7m05s      -4s  ✅  There is A Mighty River Flowing - Ketu HF
15:27:13 BLOC_C_SERIE_DU_JOUR              5m10s      5m07s      -3s  ✅  Igwe
15:32:20 BLOC_C_SERIE_DU_JOUR              9m31s      9m28s      -3s  ✅  15 at 01.33.50 (1)(1)
15:41:48 BLOC_C_SERIE_DU_JOUR              9m14s      9m12s      -2s  ✅  A jamais, tu seras l Agneau de Dieu
15:51:00 BLOC_C_SERIE_DU_JOUR              4m14s      4m12s      -2s  ✅  Mon modèle, c est Jésus
15:55:12 BLOC_C_SERIE_DU_JOUR              4m48s      4m46s      -2s  ✅  Yeshua I'm Waiting for You  - Ketu HF
15:59:58 BLOC_C_SERIE_DU_JOUR              4m19s      4m16s      -3s  ✅  I Know The Blood - PHF
16:04:14 BLOC_C_SERIE_DU_JOUR              6m02s      5m59s      -3s  ✅  Crown Him Lord of Lords - Nonso Njoku
16:10:13 BLOC_C_SERIE_DU_JOUR              4m33s      4m31s      -2s  ✅  God is Building - Will You Be - Ketu HF
16:14:44 BLOC_C_SERIE_DU_JOUR              0m06s      0m06s      +0s  ✅  jingle avant bible 01 la foi vient de ce quon entend
16:14:50 BLOC_C_SERIE_DU_JOUR              3m44s      3m42s      -2s  ✅  Romains 16
16:18:32 BLOC_C_SERIE_DU_JOUR              6m27s      6m25s      -2s  ✅  2 Chroniques 29
16:24:57 BLOC_C_SERIE_DU_JOUR              5m02s      4m59s      -3s  ✅  2 Chroniques 30
16:29:56 BLOC_C_SERIE_DU_JOUR              4m11s      4m09s      -2s  ✅  2 Chroniques 31
16:34:05 BLOC_C_SERIE_DU_JOUR              6m19s      6m17s      -2s  ✅  2 Chroniques 32
16:40:22 BLOC_C_SERIE_DU_JOUR              4m24s      4m21s      -3s  ✅  2 Chroniques 33
16:44:43 BLOC_C_SERIE_DU_JOUR              6m43s      6m41s      -2s  ✅  2 Chroniques 34
16:51:24 BLOC_C_SERIE_DU_JOUR              5m26s      5m32s      +6s  ✅  2 Chroniques 35
16:56:56 BLOC_C_SERIE_DU_JOUR              5m07s      5m04s      -3s  ✅  We Shall Come - Asaba Fellowship
17:02:00 BLOC_C_SERIE_DU_JOUR              9m04s      9m01s      -3s  ✅  You're the Lamb - Calabar HF
17:11:01 BLOC_C_SERIE_DU_JOUR              8m37s      8m35s      -2s  ✅  He Has Given Me & Emmanuel You Joy Over Us (Medley) (Abasiama Timothy & Imah Adegoke)
17:19:36 BLOC_C_SERIE_DU_JOUR             10m24s     10m21s      -3s  ✅  Shine in Darkness O Lord  - Winnipeg Fellowship
17:29:57 BLOC_C_SERIE_DU_JOUR              6m19s      6m17s      -2s  ✅  Unto Him - CHF
17:36:14 BLOC_C_SERIE_DU_JOUR              5m45s      5m42s      -3s  ✅  How Precious Oh Lord
17:41:56 BLOC_C_SERIE_DU_JOUR              3m41s      3m39s      -2s  ✅  Adorons l'Éternel GAEL - JÉSUS EST SEIGNEUR -
17:45:35 BLOC_C_SERIE_DU_JOUR              7m51s      7m48s      -3s  ✅  There is no name  - Winnipeg Fellowship
17:53:23 BLOC_C_SERIE_DU_JOUR              0m07s      0m08s      +1s  ✅  JINGLE
17:53:31 BLOC_C_SERIE_DU_JOUR              5m42s      5m47s      +5s  ✅  Esdras 8
17:59:18 ?                                 0m47s      0m47s      +0s  ✅  AzuraCast is Live!
18:00:05 BLOC_D_SERIE_DU_JOUR              0m10s      0m10s      +0s  ✅  jingle avant message 01 voici le message du jour
18:00:15 BLOC_D_SERIE_DU_JOUR             22m31s     22m39s      +8s  ✅  1-pqe c1
18:22:54 BLOC_D_SERIE_DU_JOUR             22m31s     22m29s      -2s  ✅  1-pqe c1
18:45:23 BLOC_D_SERIE_DU_JOUR              0m06s      0m22s     +16s  ⚠️ TROU APRÈS  jingle avant bible 03 ecoutez la voix de dieu
18:45:45 BLOC_D_SERIE_DU_JOUR              0m06s      0m11s      +5s  ✅  jingle avant bible 03 ecoutez la voix de dieu
18:45:56 BLOC_D_SERIE_DU_JOUR              4m02s      7m59s    +237s  ⚠️ TROU APRÈS  Juges 21
18:53:55 BLOC_D_SERIE_DU_JOUR              4m39s      4m37s      -2s  ✅  1 Samuel 23
18:58:32 BLOC_D_SERIE_DU_JOUR              3m34s      3m31s      -3s  ✅  1 Samuel 24
19:02:03 BLOC_D_SERIE_DU_JOUR              7m22s      7m20s      -2s  ✅  1 Samuel 25
19:09:23 BLOC_D_SERIE_DU_JOUR              4m35s      4m32s      -3s  ✅  1 Samuel 26
19:13:55 BLOC_D_SERIE_DU_JOUR              2m05s      2m03s      -2s  ✅  1 Samuel 27
19:15:58 BLOC_D_SERIE_DU_JOUR              4m23s      4m20s      -3s  ✅  1 Samuel 28
19:20:18 BLOC_D_SERIE_DU_JOUR              2m02s      1m59s      -3s  ✅  1 Samuel 29
19:22:17 BLOC_D_SERIE_DU_JOUR              4m57s      4m54s      -3s  ✅  1 Samuel 30
19:27:11 BLOC_D_SERIE_DU_JOUR              2m02s      2m00s      -2s  ✅  1 Samuel 31
19:29:11 BLOC_D_SERIE_DU_JOUR              6m33s      6m30s      -3s  ✅  Luc 10
19:35:41 BLOC_D_SERIE_DU_JOUR              8m34s      8m37s      +3s  ✅  Luc 11
19:44:18 BLOC_D_SERIE_DU_JOUR              5m45s      5m43s      -2s  ✅  Ella Samuels - Oh Lord Our Maker
19:50:01 BLOC_D_SERIE_DU_JOUR              4m21s      4m18s      -3s  ✅  Sing Hallelujah - Abuja HF
19:54:19 BLOC_D_SERIE_DU_JOUR              6m30s      6m28s      -2s  ✅  Praise the Lord of Host - Toronto HF
20:00:47 BLOC_D_SERIE_DU_JOUR              5m57s      5m54s      -3s  ✅  You are God - Winnipeg Fellowship
20:06:41 BLOC_D_SERIE_DU_JOUR              8m58s      8m55s      -3s  ✅  El Elyon - Toronto & Winnipeg HF
20:15:36 BLOC_D_SERIE_DU_JOUR              6m02s      6m00s      -2s  ✅  Rejoice - PHF
20:21:36 BLOC_D_SERIE_DU_JOUR              6m57s      6m54s      -3s  ✅  qui est digne d ouvrir le livre
20:28:30 BLOC_D_SERIE_DU_JOUR              5m48s      5m46s      -2s  ✅  Forever You Reign - Abuja HF
20:34:16 BLOC_D_SERIE_DU_JOUR              3m22s      3m19s      -3s  ✅  Ses cheveux étaient blancs..
20:37:35 BLOC_D_SERIE_DU_JOUR              0m06s      0m07s      +1s  ✅  jingle avant bible 01 la foi vient de ce quon entend
20:37:42 BLOC_D_SERIE_DU_JOUR              4m33s      4m30s      -3s  ✅  1 Pierre 1
20:42:12 BLOC_D_SERIE_DU_JOUR              4m17s      4m14s      -3s  ✅  1 Pierre 2
20:46:26 BLOC_D_SERIE_DU_JOUR              3m50s      3m47s      -3s  ✅  1 Pierre 3
20:50:13 BLOC_D_SERIE_DU_JOUR              3m13s      3m11s      -2s  ✅  1 Pierre 4
20:53:24 BLOC_D_SERIE_DU_JOUR              2m15s      2m12s      -3s  ✅  1 Pierre 5
20:55:36 BLOC_D_SERIE_DU_JOUR              3m51s      3m49s      -2s  ✅  Jacques 2
20:59:25 BLOC_D_SERIE_DU_JOUR              2m56s      2m53s      -3s  ✅  Jacques 3
21:02:18 BLOC_D_SERIE_DU_JOUR              2m47s      2m52s      +5s  ✅  Jacques 4
21:05:10 BLOC_D_SERIE_DU_JOUR              5m19s      5m17s      -2s  ✅  Gabrielle LIDJI - Mélodie Céleste  by LFXA(Light FX Animation)_2
21:10:27 BLOC_D_SERIE_DU_JOUR              4m11s      4m08s      -3s  ✅  Cantique   Oh Éternel Dieu, Tu es le Dieu Incomparable
21:14:35 BLOC_D_SERIE_DU_JOUR              6m57s      6m55s      -2s  ✅  The Lord on High is Mightier - Toronto HF
21:21:30 BLOC_D_SERIE_DU_JOUR              2m16s      2m13s      -3s  ✅  cantique  nous sommes le sel de la terre
21:23:43 BLOC_D_SERIE_DU_JOUR              8m41s      8m38s      -3s  ✅  Unto Him (Vincent Opara)
21:32:21 BLOC_D_SERIE_DU_JOUR              5m04s      5m02s      -2s  ✅  Guide Me - El ELyon - Abuja HF
21:37:23 BLOC_D_SERIE_DU_JOUR              5m52s      5m50s      -2s  ✅  Not Naked (Abasiama Timothy)
21:43:13 BLOC_D_SERIE_DU_JOUR             10m38s     10m36s      -2s  ✅  Be Exalted - PHF
21:53:49 BLOC_D_SERIE_DU_JOUR              8m25s      8m30s      +5s  ✅  The Mountains, Come and, Oh City - Ketu HF
22:02:19 BLOC_D_SERIE_DU_JOUR              2m59s      2m57s      -2s  ✅  Philémon 1
22:05:16 BLOC_D_SERIE_DU_JOUR              3m07s      3m04s      -3s  ✅  Joël 1
22:08:20 BLOC_D_SERIE_DU_JOUR              5m41s      5m39s      -2s  ✅  Joël 2
22:13:59 BLOC_D_SERIE_DU_JOUR              3m36s      3m33s      -3s  ✅  Joël 3
22:17:32 BLOC_D_SERIE_DU_JOUR              2m07s      2m05s      -2s  ✅  2 Jean 1
22:19:37 BLOC_D_SERIE_DU_JOUR              8m43s      8m40s      -3s  ✅  Matthieu 27
22:28:17 BLOC_D_SERIE_DU_JOUR              2m44s      2m47s      +3s  ✅  Matthieu 28
22:31:04 BLOC_D_SERIE_DU_JOUR              3m42s      3m39s      -3s  ✅  2 Pierre 1
22:34:43 BLOC_D_SERIE_DU_JOUR              4m04s      4m02s      -2s  ✅  2 Pierre 2
22:38:45 BLOC_D_SERIE_DU_JOUR              3m17s      3m22s      +5s  ✅  2 Pierre 3
22:42:07 BLOC_D_SERIE_DU_JOUR              4m11s      4m08s      -3s  ✅  jai donné ma vie à jésus (1)
22:46:15 BLOC_D_SERIE_DU_JOUR              2m57s      2m56s      -1s  ✅  You Are the Captain of the Host - Toronto HF
22:49:11 BLOC_D_SERIE_DU_JOUR              9m23s      9m20s      -3s  ✅  10 minutes
22:58:31 BLOC_D_SERIE_DU_JOUR              7m21s      7m18s      -3s  ✅  For By My God - Toronto & Winnipeg HF
23:05:49 BLOC_D_SERIE_DU_JOUR              8m21s      8m18s      -3s  ✅  My Heart Rejoices - Toronto HF
23:14:07 BLOC_D_SERIE_DU_JOUR              7m09s      7m07s      -2s  ✅  You're the Lamb (Abasiama Timothy)
23:21:14 BLOC_D_SERIE_DU_JOUR              7m04s      7m01s      -3s  ✅  We Bless You Wonderful God  - Winnipeg Fellowship
23:28:15 BLOC_D_SERIE_DU_JOUR              5m58s      5m55s      -3s  ✅  In Jesus - PHF
23:34:10 BLOC_E_LOUANGE_NUIT               4m11s      4m09s      -2s  ✅  Cantique   Oh Éternel Dieu, Tu es le Dieu Incomparable
23:38:19 BLOC_E_LOUANGE_NUIT               8m12s      8m09s      -3s  ✅  Jesus is Alpha - PHF
23:46:28 BLOC_E_LOUANGE_NUIT               4m08s      4m05s      -3s  ✅  I Choose the Way of the Lord - Abuja HF
23:50:33 BLOC_E_LOUANGE_NUIT               4m52s      4m50s      -2s  ✅  cantique   prends tout le contrôle
23:55:23 BLOC_E_LOUANGE_NUIT               4m04s      4m01s      -3s  ✅  Ascribe Greatness - PHF
23:59:24 BLOC_D_SERIE_DU_JOUR              4m39s      2m14s    -145s  ❌ COUPÉ  1 Samuel 23
----------------------------------------------------------------------------------------------------
Bilan : 308 titres, 3 anomalie(s) (titre coupé de plus de 10s ou trou d'antenne). Gravité : 1 mineure(s) <1min · 2 sérieuse(s) 1-10min · 0 critique(s) >10min.

====================================================================================================
CONTRÔLES APPROFONDIS
====================================================================================================
MESSAGE DU JOUR « PQE C1 » : 0 diffusion(s) pour 4 prévue(s) ❌
JINGLES : 30 joués / 36 prévus (83%) ⚠️   ·   BLOC_A 7/9 · BLOC_B 11/9 · BLOC_C 8/9 · BLOC_D 4/9
HORS FENÊTRE : aucun débordement de bloc détecté ✅
BOUCHE-TROUS : 3 titre(s) hors plan sans playlist ⚠️
   00:01:38  ?  (1m35s)
   11:59:35  AzuraCast is Live!  (0m30s)
   17:59:18  AzuraCast is Live!  (0m47s)
COUVERTURE : premier titre à 00:01:38 ✅ · dernier titre finit vers 00:20:23 (estimé) ✅

====================================================================================================
RÉEL vs PRÉVU — ce qui a joué vs ce que le plan prévoyait
====================================================================================================
----------------------------------------------------------------------------------------------------
BLOC_A  (00:00-06:00)  prévus  88 · atteignables  88 · joués  86 · conformité  93% · sautés  6 · en trop  4
   ⏭️  PRÉVU NON JOUÉ : PQE C1 · jingle avant bible 03 ecoutez la voix de dieu · jingle musical spirituel parole qui brille 02 · jingle avant louange 02 voici notre selection de cantiques · There Is No Lie - SWBN TV · Holy are You oh Lord (Olaedo Uzoma & Vincent Opara)
   ➕  JOUÉ NON PRÉVU : ? · 1-pqe c1 · jingle avant message 05 vous etes a lecoute de levangile du royaume · 2-pqe c2
----------------------------------------------------------------------------------------------------
BLOC_B  (06:00-12:00)  prévus  91 · atteignables  91 · joués  82 · conformité  86% · sautés 13 · en trop  4
   ⏭️  PRÉVU NON JOUÉ : PQE C1 · jingle avant bible 03 ecoutez la voix de dieu · jingle avant bible 04 restons a lecoute des ecritures · jingle avant bible 01 la foi vient de ce quon entend · LA BONNE NOUVELLE PARTOUT · Cantique des Cantiques 3  …(+7)
   ➕  JOUÉ NON PRÉVU : 1-pqe c1 · jingle avant message 02 enseignement parole de dieu · jingle avant message 02 enseignement parole de dieu · AzuraCast is Live!
----------------------------------------------------------------------------------------------------
BLOC_C  (12:00-18:00)  prévus  82 · atteignables  82 · joués  74 · conformité  85% · sautés 12 · en trop  4
   ⏭️  PRÉVU NON JOUÉ : PQE C1 · jingle avant louange 01 place a la louange et adoration · jingle avant message 05 vous etes a lecoute de levangile du royaume · Esdras 9 · Esdras 10 · Aggée 1  …(+6)
   ➕  JOUÉ NON PRÉVU : 1-pqe c1 · jingle avant message 02 enseignement parole de dieu · 1-pqe c1 · AzuraCast is Live!
----------------------------------------------------------------------------------------------------
BLOC_D  (18:00-23:30)  prévus  86 · atteignables  67 · joués  62 · conformité  90% · sautés  7 · en trop  2
   ⏭️  PRÉVU NON JOUÉ : PQE C1 · jingle avant louange 03 continuons dans la louange · jingle avant louange 01 place a la louange et adoration · jingle avant louange 02 voici notre selection de cantiques · jingle avant bible 02 voici la lecture de la bible · jingle avant louange 04 suite de la selection musicale  …(+1)
   ➕  JOUÉ NON PRÉVU : 1-pqe c1 · 1-pqe c1
   ⏸️  FIN DE BLOC NON ATTEINTE (19 titres · ~39m13s) — marge anti-rebouclage au-delà de la fenêtre, normal : jingle avant message 05 vous etes a lecoute de levangile du royaume · 1 Jean 1 · 1 Jean 2 · 1 Jean 3 · 1 Jean 4 · 1 Jean 5  …(+13)
   ⚠️  part non atteinte (~39m13s) excède la marge prévue (~18m45s) — reboucle ou coupure probable dans le bloc
----------------------------------------------------------------------------------------------------
CONFORMITÉ GLOBALE : 290/328 titres atteignables joués dans l'ordre = 88%  (14 titre(s) hors plan · 19 non atteint(s) en fin de bloc, marge normale)
