Rapport de diffusion — 2026-06-21 (heures UTC)
250 titres joués | tolérance ±10s
====================================================================================================
HEURE    PLAYLIST                     FICHIER          RÉEL    ÉCART  STATUT  TITRE
----------------------------------------------------------------------------------------------------
02:06:27 BLOC_A_SERIE_DU_JOUR              3m57s      3m55s      -2s  ✅  Jacques 1
02:10:22 BLOC_A_SERIE_DU_JOUR              3m51s      3m48s      -3s  ✅  Jacques 2
02:14:10 BLOC_A_SERIE_DU_JOUR              2m56s      2m52s      -4s  ✅  Jacques 3
02:17:02 BLOC_A_SERIE_DU_JOUR              2m47s      2m44s      -3s  ✅  Jacques 4
02:19:46 BLOC_A_SERIE_DU_JOUR              3m28s      3m26s      -2s  ✅  Jacques 5
02:23:12 BLOC_A_SERIE_DU_JOUR              3m24s      3m22s      -2s  ✅  Deutéronome 19
02:26:34 BLOC_A_SERIE_DU_JOUR              3m24s      3m21s      -3s  ✅  Deutéronome 20
02:29:55 BLOC_A_SERIE_DU_JOUR              3m52s      3m50s      -2s  ✅  Deutéronome 21
02:33:45 BLOC_A_SERIE_DU_JOUR              4m30s      4m27s      -3s  ✅  Deutéronome 22
02:38:12 BLOC_A_SERIE_DU_JOUR              3m43s      3m41s      -2s  ✅  Deutéronome 23
02:41:53 BLOC_A_SERIE_DU_JOUR              3m42s      3m40s      -2s  ✅  Deutéronome 24
02:45:33 BLOC_A_SERIE_DU_JOUR              3m01s      2m59s      -2s  ✅  Deutéronome 25
02:48:32 BLOC_A_SERIE_DU_JOUR              3m42s      3m40s      -2s  ✅  Deutéronome 26
02:52:12 BLOC_A_SERIE_DU_JOUR              3m42s      3m39s      -3s  ✅  Deutéronome 27
02:55:51 BLOC_A_SERIE_DU_JOUR              2m16s      2m13s      -3s  ✅  cantique  nous sommes le sel de la terre
02:58:04 BLOC_A_SERIE_DU_JOUR              6m57s      6m55s      -2s  ✅  qui est digne d ouvrir le livre
03:04:59 BLOC_A_SERIE_DU_JOUR              8m21s      8m18s      -3s  ✅  In the Day of Your Power  - Winnipeg Fellowship
03:13:17 BLOC_A_SERIE_DU_JOUR              2m56s      2m54s      -2s  ✅  Sophonie 1
03:16:11 BLOC_A_SERIE_DU_JOUR              2m46s      2m43s      -3s  ✅  Sophonie 2
03:18:54 BLOC_A_SERIE_DU_JOUR              3m46s      3m44s      -2s  ✅  Sophonie 3
03:22:38 BLOC_A_SERIE_DU_JOUR              8m26s      8m24s      -2s  ✅  Daniel 11
03:31:02 BLOC_A_SERIE_DU_JOUR              2m26s      2m23s      -3s  ✅  Daniel 12
03:33:25 BLOC_A_SERIE_DU_JOUR              3m26s      3m24s      -2s  ✅  Abdias 1
03:36:49 BLOC_A_SERIE_DU_JOUR              6m50s      6m50s      +0s  ✅  Matthieu 21
03:43:39 BLOC_A_SERIE_DU_JOUR              5m15s      5m13s      -2s  ✅  Yahweh Be Praised - Abuja HF
03:48:52 BLOC_A_SERIE_DU_JOUR              4m35s      4m33s      -2s  ✅  1 Samuel 26
03:53:25 BLOC_A_SERIE_DU_JOUR              2m05s      2m02s      -3s  ✅  1 Samuel 27
03:55:27 BLOC_A_SERIE_DU_JOUR              4m23s      4m21s      -2s  ✅  1 Samuel 28
03:59:48 BLOC_A_SERIE_DU_JOUR              2m02s      1m59s      -3s  ✅  1 Samuel 29
04:01:47 BLOC_A_SERIE_DU_JOUR              4m57s      4m54s      -3s  ✅  1 Samuel 30
04:06:41 BLOC_A_SERIE_DU_JOUR              2m02s      1m59s      -3s  ✅  1 Samuel 31
04:08:40 BLOC_A_SERIE_DU_JOUR              8m47s      8m45s      -2s  ✅  Genèse 31
04:17:25 BLOC_A_SERIE_DU_JOUR              5m08s      5m05s      -3s  ✅  Genèse 32
04:22:30 BLOC_A_SERIE_DU_JOUR              3m13s      3m11s      -2s  ✅  Genèse 33
04:25:41 BLOC_A_SERIE_DU_JOUR              4m13s      4m10s      -3s  ✅  4 minutes
04:29:51 BLOC_A_SERIE_DU_JOUR              3m24s      3m21s      -3s  ✅  Cantique sa miséricorde
04:33:12 BLOC_A_SERIE_DU_JOUR              7m36s      7m34s      -2s  ✅  There Is No Lie - SWBN TV
04:40:46 BLOC_A_SERIE_DU_JOUR              7m21s      7m18s      -3s  ✅  For By My God - Toronto & Winnipeg HF
04:48:04 BLOC_A_SERIE_DU_JOUR              2m43s      2m41s      -2s  ✅  Tite 1
04:50:45 BLOC_A_SERIE_DU_JOUR              2m10s      2m07s      -3s  ✅  Tite 2
04:52:52 BLOC_A_SERIE_DU_JOUR              2m22s      2m21s      -1s  ✅  Tite 3
04:55:13 BLOC_A_SERIE_DU_JOUR              4m06s      4m02s      -4s  ✅  Romains 3
04:59:15 BLOC_A_SERIE_DU_JOUR              3m39s      3m36s      -3s  ✅  Romains 4
05:02:51 BLOC_A_SERIE_DU_JOUR              3m34s      3m32s      -2s  ✅  Romains 5
05:06:23 BLOC_A_SERIE_DU_JOUR              6m13s      6m10s      -3s  ✅  Immortal God - Elohim Adonai - Abuja HF
05:12:33 BLOC_A_SERIE_DU_JOUR              5m52s      5m50s      -2s  ✅  Where Two or Three are Gathered - Calabar HF
05:18:23 BLOC_A_SERIE_DU_JOUR              7m09s      7m06s      -3s  ✅  There is A Mighty River Flowing - Ketu HF
05:25:29 BLOC_A_SERIE_DU_JOUR             10m25s     10m23s      -2s  ✅  Holy Are You - PHF
05:35:52 BLOC_A_SERIE_DU_JOUR              4m04s      4m01s      -3s  ✅  Ascribe Greatness - PHF
05:39:53 BLOC_A_SERIE_DU_JOUR             10m38s     10m36s      -2s  ✅  Be Exalted - PHF
05:50:29 BLOC_A_SERIE_DU_JOUR              7m04s      7m01s      -3s  ✅  We Bless You Wonderful God  - Winnipeg Fellowship
05:57:30 BLOC_A_SERIE_DU_JOUR              3m22s      3m20s      -2s  ✅  Ses cheveux étaient blancs..
06:00:50 BLOC_B_SERIE_DU_JOUR           1h08m39s   1h08m37s      -2s  ✅  nous faire part 3
07:09:27 BLOC_B_SERIE_DU_JOUR              4m51s      4m48s      -3s  ✅  Jean 13
07:14:15 BLOC_B_SERIE_DU_JOUR              3m52s      3m49s      -3s  ✅  Jean 14
07:18:04 BLOC_B_SERIE_DU_JOUR              3m22s      3m20s      -2s  ✅  Jean 15
07:21:24 BLOC_B_SERIE_DU_JOUR              4m20s      4m17s      -3s  ✅  Jean 16
07:25:41 BLOC_B_SERIE_DU_JOUR              3m14s      3m12s      -2s  ✅  Jean 17
07:28:53 BLOC_B_SERIE_DU_JOUR              5m40s      5m37s      -3s  ✅  Jean 18
07:34:30 BLOC_B_SERIE_DU_JOUR              6m09s      6m07s      -2s  ✅  Jean 19
07:40:37 BLOC_B_SERIE_DU_JOUR              4m27s      4m24s      -3s  ✅  Jean 20
07:45:01 BLOC_B_SERIE_DU_JOUR              4m04s      4m02s      -2s  ✅  Jean 21
07:49:03 BLOC_B_SERIE_DU_JOUR              3m36s      3m33s      -3s  ✅  Lévitique 9
07:52:36 BLOC_B_SERIE_DU_JOUR              4m02s      4m00s      -2s  ✅  Lévitique 10
07:56:36 BLOC_B_SERIE_DU_JOUR              6m31s      6m28s      -3s  ✅  Lévitique 11
08:03:04 BLOC_B_SERIE_DU_JOUR              8m10s      8m08s      -2s  ✅  Great and Marvellous - Ketu HF
08:11:12 BLOC_B_SERIE_DU_JOUR              6m41s      6m38s      -3s  ✅  6 minutes
08:17:50 BLOC_B_SERIE_DU_JOUR              3m41s      3m39s      -2s  ✅  Adorons l'Éternel GAEL - JÉSUS EST SEIGNEUR -
08:21:29 BLOC_B_SERIE_DU_JOUR             10m35s     10m32s      -3s  ✅  Baruch Ha'ba B'Shem Adonai/Blessed Is He Who Comes in the Name of the Lord - Port Harcourt HF
08:32:01 BLOC_B_SERIE_DU_JOUR              1m55s      1m52s      -3s  ✅  Esdras 1
08:33:53 BLOC_B_SERIE_DU_JOUR              6m11s      6m09s      -2s  ✅  Esdras 2
08:40:02 BLOC_B_SERIE_DU_JOUR              2m56s      2m53s      -3s  ✅  Esdras 3
08:42:55 BLOC_B_SERIE_DU_JOUR              4m24s      4m22s      -2s  ✅  Esdras 4
08:47:17 BLOC_B_SERIE_DU_JOUR              3m08s      3m05s      -3s  ✅  Esdras 5
08:50:22 BLOC_B_SERIE_DU_JOUR              4m12s      4m10s      -2s  ✅  Esdras 6
08:54:32 BLOC_B_SERIE_DU_JOUR              4m34s      4m31s      -3s  ✅  Esdras 7
08:59:03 BLOC_B_SERIE_DU_JOUR              4m53s      4m50s      -3s  ✅  Cantique Jahweh, Tu es élevé au dessus de tout (1)
09:03:53 BLOC_B_SERIE_DU_JOUR              5m08s      5m06s      -2s  ✅  He Has Given Me - PHF
09:08:59 BLOC_B_SERIE_DU_JOUR              4m03s      4m01s      -2s  ✅  I Will Not Be Silent - Calabar HF
09:13:00 BLOC_B_SERIE_DU_JOUR              6m02s      5m59s      -3s  ✅  Rejoice - PHF
09:18:59 BLOC_B_SERIE_DU_JOUR              9m38s      9m36s      -2s  ✅  Holy are You oh Lord (Olaedo Uzoma & Vincent Opara)
09:28:35 BLOC_B_SERIE_DU_JOUR              4m11s      4m09s      -2s  ✅  Nombres 24
09:32:44 BLOC_B_SERIE_DU_JOUR              2m41s      2m39s      -2s  ✅  Nombres 25
09:35:23 BLOC_B_SERIE_DU_JOUR              9m41s      9m38s      -3s  ✅  Nombres 26
09:45:01 BLOC_B_SERIE_DU_JOUR              3m37s      3m35s      -2s  ✅  Nombres 27
09:48:36 BLOC_B_SERIE_DU_JOUR              4m29s      4m27s      -2s  ✅  Nombres 28
09:53:03 BLOC_B_SERIE_DU_JOUR              5m20s      5m17s      -3s  ✅  Nombres 29
09:58:20 BLOC_B_SERIE_DU_JOUR              2m47s      2m45s      -2s  ✅  Nombres 30
10:01:05 BLOC_B_SERIE_DU_JOUR              6m36s      6m33s      -3s  ✅  Nombres 31
10:07:38 BLOC_B_SERIE_DU_JOUR              9m23s      9m21s      -2s  ✅  Thou art Worthy Lord - PHF
10:16:59 BLOC_B_SERIE_DU_JOUR              6m06s      6m03s      -3s  ✅  Good God - Asaba Fellowship
10:23:02 BLOC_B_SERIE_DU_JOUR              6m12s      6m09s      -3s  ✅  Praise the Lord All Ye Nations - Toronto HF
10:29:11 BLOC_B_SERIE_DU_JOUR             10m24s     10m22s      -2s  ✅  Shine in Darkness O Lord  - Winnipeg Fellowship
10:39:33 BLOC_B_SERIE_DU_JOUR              8m41s      8m38s      -3s  ✅  Unto Him (Vincent Opara)
10:48:11 BLOC_B_SERIE_DU_JOUR              3m10s      3m07s      -3s  ✅  la Parole
10:51:18 BLOC_B_SERIE_DU_JOUR              2m40s      2m37s      -3s  ✅  Habacuc 1
10:53:55 BLOC_B_SERIE_DU_JOUR              3m24s      3m22s      -2s  ✅  Habacuc 2
10:57:17 BLOC_B_SERIE_DU_JOUR              3m11s      3m11s      +0s  ✅  Habacuc 3
11:00:28 BLOC_B_SERIE_DU_JOUR              2m37s      2m32s      -5s  ✅  Michée 1
11:03:00 BLOC_B_SERIE_DU_JOUR              2m20s      2m18s      -2s  ✅  Michée 2
11:05:18 BLOC_B_SERIE_DU_JOUR              2m05s      2m02s      -3s  ✅  Michée 3
11:07:20 BLOC_B_SERIE_DU_JOUR              6m02s      5m59s      -3s  ✅  Crown Him Lord of Lords - Nonso Njoku
11:13:19 BLOC_B_SERIE_DU_JOUR              5m21s      5m18s      -3s  ✅  We Shall Not Fear - Nonso Njoku
11:18:37 BLOC_B_SERIE_DU_JOUR              5m58s      5m55s      -3s  ✅  In Jesus - PHF
11:24:32 BLOC_B_SERIE_DU_JOUR              0m07s      0m05s      -2s  ✅  Parole Prophétique FM
11:24:37 BLOC_B_SERIE_DU_JOUR              6m59s      6m57s      -2s  ✅  Hosanna - Toronto HF
11:31:34 BLOC_B_SERIE_DU_JOUR              7m09s      7m06s      -3s  ✅  My God Is Good - Winnipeg Fellowship
11:38:40 BLOC_B_SERIE_DU_JOUR              5m10s      5m08s      -2s  ✅  I Will Call Upon The Lord
11:43:48 BLOC_B_SERIE_DU_JOUR              6m56s      6m54s      -2s  ✅  As We Worship In Ypur Presence
11:50:42 BLOC_B_SERIE_DU_JOUR              0m05s      0m09s      +4s  ✅  jingle avant louange 04 suite de la selection musicale
11:50:51 BLOC_B_SERIE_DU_JOUR              0m07s      0m14s      +7s  ✅  jingle avant louange 02 voici notre selection de cantiques
11:51:05 BLOC_B_SERIE_DU_JOUR              0m01s      0m13s     +12s  ⚠️ TROU APRÈS  jingle avant bible 04 restons a lecoute des ecritures
11:51:18 BLOC_B_SERIE_DU_JOUR              4m51s      4m54s      +3s  ✅  Jean 13
11:56:12 BLOC_B_SERIE_DU_JOUR              0m07s      0m08s      +1s  ✅  jingle avant bible 02 voici la lecture de la bible
11:56:20 BLOC_B_SERIE_DU_JOUR              0m06s      0m06s      +0s  ✅  jingle avant bible 01 la foi vient de ce quon entend
11:56:26 BLOC_B_SERIE_DU_JOUR              0m10s      0m11s      +1s  ✅  jingle avant message 01 voici le message du jour
11:56:37 BLOC_B_SERIE_DU_JOUR              4m11s      4m09s      -2s  ✅  Cantique   Oh Éternel Dieu, Tu es le Dieu Incomparable
12:00:46 BLOC_C_SERIE_DU_JOUR              0m08s      0m08s      +0s  ✅  jingle avant message 02 enseignement parole de dieu
12:00:54 BLOC_C_SERIE_DU_JOUR           1h08m39s   1h08m37s      -2s  ✅  nous faire part 3
13:09:31 BLOC_C_SERIE_DU_JOUR              3m23s      3m21s      -2s  ✅  Néhémie 6
13:12:52 BLOC_C_SERIE_DU_JOUR              6m49s      6m47s      -2s  ✅  Néhémie 7
13:19:39 BLOC_C_SERIE_DU_JOUR              3m59s      3m55s      -4s  ✅  Néhémie 8
13:23:34 BLOC_C_SERIE_DU_JOUR              7m47s      7m45s      -2s  ✅  Néhémie 9
13:31:19 BLOC_C_SERIE_DU_JOUR              4m36s      4m33s      -3s  ✅  Néhémie 10
13:35:52 BLOC_C_SERIE_DU_JOUR              4m55s      4m53s      -2s  ✅  Néhémie 11
13:40:45 BLOC_C_SERIE_DU_JOUR              6m29s      6m26s      -3s  ✅  Néhémie 12
13:47:11 BLOC_C_SERIE_DU_JOUR              5m20s      5m18s      -2s  ✅  Néhémie 13
13:52:29 BLOC_C_SERIE_DU_JOUR              1m40s      1m37s      -3s  ✅  1 Jean 1
13:54:06 BLOC_C_SERIE_DU_JOUR              4m39s      4m36s      -3s  ✅  1 Jean 2
13:58:42 BLOC_C_SERIE_DU_JOUR              6m54s      6m52s      -2s  ✅  There is no Lie (Imah Adegoke & Mary Umoh)
14:05:34 BLOC_C_SERIE_DU_JOUR              9m04s      9m01s      -3s  ✅  You're the Lamb - Calabar HF
14:14:35 BLOC_C_SERIE_DU_JOUR              8m21s      8m19s      -2s  ✅  My Heart Rejoices - Toronto HF
14:22:54 BLOC_C_SERIE_DU_JOUR              6m15s      6m13s      -2s  ✅  Oh Lord I Want to Know Your Glory - Port Harcourt HF
14:29:07 BLOC_C_SERIE_DU_JOUR              5m02s      5m00s      -2s  ✅  A Song Of Love
14:34:07 BLOC_C_SERIE_DU_JOUR              2m20s      2m16s      -4s  ✅  cantique  heureux l homme qui ne marche pas selon
14:36:23 BLOC_C_SERIE_DU_JOUR              4m52s      4m50s      -2s  ✅  God is Moving Us On - Ketu HF
14:41:13 BLOC_C_SERIE_DU_JOUR              2m40s      2m38s      -2s  ✅  Amos 1
14:43:51 BLOC_C_SERIE_DU_JOUR              2m30s      2m28s      -2s  ✅  Amos 2
14:46:19 BLOC_C_SERIE_DU_JOUR              2m19s      2m16s      -3s  ✅  Amos 3
14:48:35 BLOC_C_SERIE_DU_JOUR              2m44s      2m41s      -3s  ✅  Amos 4
14:51:16 BLOC_C_SERIE_DU_JOUR              4m01s      4m00s      -1s  ✅  Amos 5
14:55:16 BLOC_C_SERIE_DU_JOUR              2m22s      2m18s      -4s  ✅  Amos 6
14:57:34 BLOC_C_SERIE_DU_JOUR              3m05s      3m03s      -2s  ✅  Amos 7
15:00:37 BLOC_C_SERIE_DU_JOUR              2m30s      2m27s      -3s  ✅  Amos 8
15:03:04 BLOC_C_SERIE_DU_JOUR              2m56s      2m54s      -2s  ✅  Amos 9
15:05:58 BLOC_C_SERIE_DU_JOUR              7m19s      7m17s      -2s  ✅  You Have sworn By Your Holiness - Chidera Bisong
15:13:15 BLOC_C_SERIE_DU_JOUR              4m18s      4m15s      -3s  ✅  You Are Worthy - Ketu HF
15:17:30 BLOC_C_SERIE_DU_JOUR              6m10s      6m07s      -3s  ✅  That I May Know Him - Toronto HF
15:23:37 BLOC_C_SERIE_DU_JOUR              4m21s      4m19s      -2s  ✅  Sing Hallelujah - Abuja HF
15:27:56 BLOC_C_SERIE_DU_JOUR              6m34s      6m27s      -7s  ✅  cantique  béni soit le dieu d israël
15:34:23 BLOC_C_SERIE_DU_JOUR              4m47s      4m46s      -1s  ✅  1 Rois 9
15:39:09 BLOC_C_SERIE_DU_JOUR              4m43s      4m39s      -4s  ✅  1 Rois 10
15:43:48 BLOC_C_SERIE_DU_JOUR              7m33s      7m30s      -3s  ✅  1 Rois 11
15:51:18 BLOC_C_SERIE_DU_JOUR              6m03s      6m01s      -2s  ✅  1 Rois 12
15:57:19 BLOC_C_SERIE_DU_JOUR              6m36s      6m33s      -3s  ✅  1 Rois 13
16:03:52 BLOC_C_SERIE_DU_JOUR              5m55s      5m53s      -2s  ✅  1 Rois 14
16:09:45 BLOC_C_SERIE_DU_JOUR              5m43s      5m40s      -3s  ✅  1 Rois 15
16:15:25 BLOC_C_SERIE_DU_JOUR              5m57s      5m54s      -3s  ✅  You are God - Winnipeg Fellowship
16:21:19 BLOC_C_SERIE_DU_JOUR              4m19s      4m16s      -3s  ✅  I Know The Blood - PHF
16:25:35 BLOC_C_SERIE_DU_JOUR              3m12s      3m10s      -2s  ✅  esprit de dieu
16:28:45 BLOC_C_SERIE_DU_JOUR              6m28s      6m27s      -1s  ✅  Le Bien-Etre Universel
16:35:12 BLOC_C_SERIE_DU_JOUR              4m40s      4m35s      -5s  ✅  All in All - CHF
16:39:47 BLOC_C_SERIE_DU_JOUR             11m54s     11m51s      -3s  ✅  Great & Marvelluos - Toronto HF
16:51:38 BLOC_C_SERIE_DU_JOUR              5m28s      5m26s      -2s  ✅  même humilié
16:57:04 BLOC_C_SERIE_DU_JOUR              4m14s      4m11s      -3s  ✅  Ruth 2
17:01:15 BLOC_C_SERIE_DU_JOUR              3m00s      2m58s      -2s  ✅  Ruth 3
17:04:13 BLOC_C_SERIE_DU_JOUR              3m43s      3m40s      -3s  ✅  Ruth 4
17:07:53 BLOC_C_SERIE_DU_JOUR              4m20s      4m18s      -2s  ✅  2 Corinthiens 1
17:12:11 BLOC_C_SERIE_DU_JOUR              2m49s      2m46s      -3s  ✅  2 Corinthiens 2
17:14:57 BLOC_C_SERIE_DU_JOUR             11m01s     10m58s      -3s  ✅  Great is, Ascribe - Ketu HF
17:25:55 BLOC_C_SERIE_DU_JOUR              5m19s      5m17s      -2s  ✅  Gabrielle LIDJI - Mélodie Céleste  by LFXA(Light FX Animation)_2
17:31:12 BLOC_C_SERIE_DU_JOUR              0m05s      0m10s      +5s  ✅  jingle avant louange 04 suite de la selection musicale
17:31:22 BLOC_C_SERIE_DU_JOUR              0m07s      0m14s      +7s  ✅  jingle avant louange 02 voici notre selection de cantiques
17:31:36 BLOC_C_SERIE_DU_JOUR              0m01s      0m08s      +7s  ✅  jingle avant bible 04 restons a lecoute des ecritures
17:31:44 BLOC_C_SERIE_DU_JOUR              0m07s      0m08s      +1s  ✅  jingle avant bible 02 voici la lecture de la bible
17:31:52 BLOC_C_SERIE_DU_JOUR              0m06s      0m06s      +0s  ✅  jingle avant bible 01 la foi vient de ce quon entend
17:31:58 BLOC_C_SERIE_DU_JOUR              8m31s      8m29s      -2s  ✅  Holy Holy - Abuja HF
17:40:27 BLOC_C_SERIE_DU_JOUR              5m18s      5m16s      -2s  ✅  Now is Come Salvation - Toronto HF
17:45:43 BLOC_C_SERIE_DU_JOUR              3m04s      3m01s      -3s  ✅  The Lord is my Light and Salvation - Nonso Njoku
17:48:44 BLOC_C_SERIE_DU_JOUR              5m45s      5m42s      -3s  ✅  Ella Samuels - Oh Lord Our Maker
17:54:26 BLOC_C_SERIE_DU_JOUR              7m18s      7m15s      -3s  ✅  Holy is the Lord (Emmanuel Umoh)
18:01:41 BLOC_D_SERIE_DU_JOUR              0m07s      0m08s      +1s  ✅  jingle avant bible 02 voici la lecture de la bible
18:01:49 BLOC_D_SERIE_DU_JOUR              1m05s      1m03s      -2s  ✅  Malachie 4
18:02:52 BLOC_D_SERIE_DU_JOUR              4m42s      4m39s      -3s  ✅  Ézéchiel 22
18:07:31 BLOC_D_SERIE_DU_JOUR              7m24s      7m21s      -3s  ✅  Ézéchiel 23
18:14:52 BLOC_D_SERIE_DU_JOUR              4m09s      4m06s      -3s  ✅  Ézéchiel 24
18:18:58 BLOC_D_SERIE_DU_JOUR              3m00s      2m57s      -3s  ✅  Ézéchiel 25
18:21:55 BLOC_D_SERIE_DU_JOUR              3m45s      3m43s      -2s  ✅  Ézéchiel 26
18:25:38 BLOC_D_SERIE_DU_JOUR              5m10s      5m08s      -2s  ✅  Ézéchiel 27
18:30:46 BLOC_D_SERIE_DU_JOUR              4m23s      4m21s      -2s  ✅  Ézéchiel 28
18:35:07 BLOC_D_SERIE_DU_JOUR              3m47s      3m44s      -3s  ✅  Ézéchiel 29
18:38:51 BLOC_D_SERIE_DU_JOUR              3m58s      3m55s      -3s  ✅  Ézéchiel 30
18:42:46 BLOC_D_SERIE_DU_JOUR              3m27s      3m25s      -2s  ✅  Ézéchiel 31
18:46:11 BLOC_D_SERIE_DU_JOUR              5m28s      5m25s      -3s  ✅  Ézéchiel 32
18:51:36 BLOC_D_SERIE_DU_JOUR              0m04s      0m05s      +1s  ✅  jingle avant louange 03 continuons dans la louange
18:51:41 BLOC_D_SERIE_DU_JOUR              5m48s      5m46s      -2s  ✅  Forever You Reign - Abuja HF
18:57:27 BLOC_D_SERIE_DU_JOUR              5m45s      5m42s      -3s  ✅  How Precious Oh Lord
19:03:09 BLOC_D_SERIE_DU_JOUR              5m50s      5m47s      -3s  ✅  Jesus I'm Waiting for You (Mary Umoh)
19:08:56 BLOC_D_SERIE_DU_JOUR              4m48s      4m46s      -2s  ✅  Yeshua I'm Waiting for You  - Ketu HF
19:13:42 BLOC_D_SERIE_DU_JOUR             11m53s     11m50s      -3s  ✅  Hashem - PHF
19:25:32 BLOC_D_SERIE_DU_JOUR              7m25s      7m23s      -2s  ✅  Victorious Is the Lamb - Winnipeg Fellowship
19:32:55 BLOC_D_SERIE_DU_JOUR              6m07s      6m04s      -3s  ✅  There Is Forgiveness In Thee - SWBN TV
19:38:59 BLOC_D_SERIE_DU_JOUR              5m04s      5m02s      -2s  ✅  Guide Me - El ELyon - Abuja HF
19:44:01 BLOC_D_SERIE_DU_JOUR              0m06s      0m06s      +0s  ✅  jingle avant bible 01 la foi vient de ce quon entend
19:44:07 BLOC_D_SERIE_DU_JOUR              1m49s      1m47s      -2s  ✅  1 Thessaloniciens 1
19:45:54 BLOC_D_SERIE_DU_JOUR              3m29s      3m27s      -2s  ✅  1 Thessaloniciens 2
19:49:21 BLOC_D_SERIE_DU_JOUR              2m13s      2m09s      -4s  ✅  1 Thessaloniciens 3
19:51:30 BLOC_D_SERIE_DU_JOUR              3m03s      3m01s      -2s  ✅  1 Thessaloniciens 4
19:54:31 BLOC_D_SERIE_DU_JOUR              3m04s      3m02s      -2s  ✅  1 Thessaloniciens 5
19:57:33 BLOC_D_SERIE_DU_JOUR              1m32s      1m29s      -3s  ✅  Osée 6
19:59:02 BLOC_D_SERIE_DU_JOUR              2m27s      2m24s      -3s  ✅  Osée 7
20:01:26 BLOC_D_SERIE_DU_JOUR              2m06s      2m04s      -2s  ✅  Osée 8
20:03:30 BLOC_D_SERIE_DU_JOUR              3m04s      3m01s      -3s  ✅  Osée 9
20:06:31 BLOC_D_SERIE_DU_JOUR              2m37s      2m41s      +4s  ✅  Osée 10
20:09:12 BLOC_D_SERIE_DU_JOUR              4m44s      4m42s      -2s  ✅  Je veux vivre ton royaume
20:13:54 BLOC_D_SERIE_DU_JOUR              7m37s      7m34s      -3s  ✅  Cantiques  Il a pris mes iniquités
20:21:28 BLOC_D_SERIE_DU_JOUR              8m30s      8m28s      -2s  ✅  We Worship Adonai - PHF
20:29:56 BLOC_D_SERIE_DU_JOUR              5m52s      5m49s      -3s  ✅  Not Naked (Abasiama Timothy)
20:35:45 BLOC_D_SERIE_DU_JOUR              5m13s      5m11s      -2s  ✅  Il s'appelait Emmanuel - Marcel Boungou + Paroles
20:40:56 BLOC_D_SERIE_DU_JOUR              8m18s      8m17s      -1s  ✅  Yahweh Is Mighty - SWBN TV
20:49:13 BLOC_D_SERIE_DU_JOUR              7m46s      7m42s      -4s  ✅  Arise Out of Zion  - Winnipeg Fellowship
20:56:55 BLOC_D_SERIE_DU_JOUR              5m21s      5m25s      +4s  ✅  By the word of the lord - Ketu HF
21:02:20 BLOC_D_SERIE_DU_JOUR              4m33s      4m31s      -2s  ✅  1 Pierre 1
21:06:51 BLOC_D_SERIE_DU_JOUR              4m17s      4m14s      -3s  ✅  1 Pierre 2
21:11:05 BLOC_D_SERIE_DU_JOUR              3m50s      3m47s      -3s  ✅  1 Pierre 3
21:14:52 BLOC_D_SERIE_DU_JOUR              3m13s      3m10s      -3s  ✅  1 Pierre 4
21:18:02 BLOC_D_SERIE_DU_JOUR              2m15s      2m14s      -1s  ✅  1 Pierre 5
21:20:16 BLOC_D_SERIE_DU_JOUR              2m21s      2m18s      -3s  ✅  Ecclésiaste 1
21:22:34 BLOC_D_SERIE_DU_JOUR              4m17s      4m15s      -2s  ✅  Ecclésiaste 2
21:26:49 BLOC_D_SERIE_DU_JOUR              2m50s      2m47s      -3s  ✅  Ecclésiaste 3
21:29:36 BLOC_D_SERIE_DU_JOUR              2m23s      2m20s      -3s  ✅  Ecclésiaste 4
21:31:56 BLOC_D_SERIE_DU_JOUR              3m17s      3m16s      -1s  ✅  Ecclésiaste 5
21:35:12 BLOC_D_SERIE_DU_JOUR              1m50s      1m46s      -4s  ✅  Ecclésiaste 6
21:36:58 BLOC_D_SERIE_DU_JOUR              3m44s      3m47s      +3s  ✅  Ecclésiaste 7
21:40:45 BLOC_D_SERIE_DU_JOUR              5m10s      5m08s      -2s  ✅  Igwe
21:45:53 BLOC_D_SERIE_DU_JOUR              9m31s      9m28s      -3s  ✅  15 at 01.33.50 (1)(1)
21:55:21 BLOC_D_SERIE_DU_JOUR              7m29s      7m26s      -3s  ✅  Hallelujah - PHF
22:02:47 BLOC_D_SERIE_DU_JOUR              8m25s      8m23s      -2s  ✅  The Mountains, Come and, Oh City - Ketu HF
22:11:10 BLOC_D_SERIE_DU_JOUR              4m20s      4m17s      -3s  ✅  There's A Mighty River Flowing - SWBN TV
22:15:27 BLOC_D_SERIE_DU_JOUR             10m47s     10m45s      -2s  ✅  Abba, Singing a, I Will Sing - Ketu HF
22:26:12 BLOC_D_SERIE_DU_JOUR              9m24s      9m26s      +2s  ✅  I See Your Face - Toronto HF
22:35:38 BLOC_D_SERIE_DU_JOUR              5m56s      5m54s      -2s  ✅  Exode 21
22:41:32 BLOC_D_SERIE_DU_JOUR              5m07s      5m05s      -2s  ✅  Exode 22
22:46:37 BLOC_D_SERIE_DU_JOUR              5m46s      5m43s      -3s  ✅  Exode 23
22:52:20 BLOC_D_SERIE_DU_JOUR              0m07s      0m08s      +1s  ✅  jingle avant louange 02 voici notre selection de cantiques
22:52:28 BLOC_D_SERIE_DU_JOUR              6m09s      6m07s      -2s  ✅  Hymne des vainqueurs
22:58:35 BLOC_D_SERIE_DU_JOUR              9m39s      9m36s      -3s  ✅  Psalm 93 - Port Harcourt HF
23:08:11 BLOC_D_SERIE_DU_JOUR              8m24s      8m22s      -2s  ✅  Bless Ye the Lord - PHF
23:16:33 BLOC_D_SERIE_DU_JOUR              0m10s      0m10s      +0s  ✅  jingle avant message 01 voici le message du jour
23:16:43 BLOC_D_SERIE_DU_JOUR           1h08m39s          ?           ⏳ dernier titre (durée réelle inconnue)  nous faire part 3
----------------------------------------------------------------------------------------------------
Bilan : 250 titres, 1 anomalie(s) (titre coupé de plus de 10s ou trou d'antenne).
