Rapport de diffusion — 2026-06-04 (heures UTC)
288 titres joués | tolérance ±10s
====================================================================================================
HEURE    PLAYLIST                     FICHIER          RÉEL    ÉCART  STATUT  TITRE
----------------------------------------------------------------------------------------------------
00:00:21 BLOC_D_SERIE_DU_JOUR              9m23s      9m23s      +0s  ✅  10 minutes
00:09:44 BLOC_D_SERIE_DU_JOUR           1h13m31s      0m34s   -4377s  ❌ COUPÉ  la résurrection des morts et la délivrance de lesclavage de la corruption part1
00:10:18 BLOC_A_SERIE_DU_JOUR              6m06s      6m03s      -3s  ✅  cantique  ta bonte
00:16:21 BLOC_A_SERIE_DU_JOUR              6m09s      6m07s      -2s  ✅  Hymne des vainqueurs
00:22:28 BLOC_A_SERIE_DU_JOUR              2m20s      2m17s      -3s  ✅  cantique  heureux l homme qui ne marche pas selon
00:24:45 BLOC_A_SERIE_DU_JOUR              6m34s      6m32s      -2s  ✅  cantique  béni soit le dieu d israël
00:31:17 BLOC_A_SERIE_DU_JOUR              5m19s      5m17s      -2s  ✅  Gabrielle LIDJI - Mélodie Céleste  by LFXA(Light FX Animation)_2
00:36:34 BLOC_A_SERIE_DU_JOUR              9m23s      9m20s      -3s  ✅  10 minutes
00:45:54 BLOC_A_SERIE_DU_JOUR              6m41s      6m43s      +2s  ✅  6 minutes
00:52:37 BLOC_A_SERIE_DU_JOUR           1h13m31s      0m33s   -4378s  ❌ COUPÉ  la résurrection des morts et la délivrance de lesclavage de la corruption part1
00:53:10 BLOC_A_SERIE_DU_JOUR              3m41s      3m39s      -2s  ✅  Adorons l'Éternel GAEL - JÉSUS EST SEIGNEUR -
00:56:49 BLOC_A_SERIE_DU_JOUR              0m04s      0m03s      -1s  ✅  Jingle - Le Royaume
00:56:52 BLOC_A_SERIE_DU_JOUR           1h13m31s      0m18s   -4393s  ❌ COUPÉ  la résurrection des morts et la délivrance de lesclavage de la corruption part1
00:57:10 BLOC_A_SERIE_DU_JOUR              5m21s      5m19s      -2s  ✅  1 Chronicles
01:02:29 BLOC_A_SERIE_DU_JOUR              3m53s      3m50s      -3s  ✅  1 Timothee
01:06:19 BLOC_A_SERIE_DU_JOUR              5m40s      5m37s      -3s  ✅  Marc
01:11:56 BLOC_A_SERIE_DU_JOUR              4m29s      4m27s      -2s  ✅  Nombres 28
01:16:23 BLOC_A_SERIE_DU_JOUR              3m53s      3m55s      +2s  ✅  Esaie
01:20:18 BLOC_A_SERIE_DU_JOUR              3m12s      3m09s      -3s  ✅  esprit de dieu
01:23:27 BLOC_A_SERIE_DU_JOUR              4m52s      4m50s      -2s  ✅  cantique   prends tout le contrôle
01:28:17 BLOC_A_SERIE_DU_JOUR              0m07s      0m05s      -2s  ✅  Parole Prophétique FM
01:28:22 BLOC_A_SERIE_DU_JOUR           1h13m31s      0m48s   -4363s  ❌ COUPÉ  la résurrection des morts et la délivrance de lesclavage de la corruption part1
01:29:10 BLOC_A_SERIE_DU_JOUR              6m06s      6m04s      -2s  ✅  cantique  ta bonte
01:35:14 BLOC_A_SERIE_DU_JOUR              4m11s      4m08s      -3s  ✅  jai donné ma vie à jésus (1)
01:39:22 BLOC_A_SERIE_DU_JOUR              5m28s      5m26s      -2s  ✅  même humilié
01:44:48 BLOC_A_SERIE_DU_JOUR              7m17s      7m22s      +5s  ✅  cantique  tes promesses  pub direct dec 2021 import (2)
01:52:10 BLOC_A_SERIE_DU_JOUR           1h13m31s   1h13m31s      +0s  ✅  la résurrection des morts et la délivrance de lesclavage de la corruption part1
03:05:41 BLOC_A_SERIE_DU_JOUR           1h13m31s      0m29s   -4382s  ❌ COUPÉ  la résurrection des morts et la délivrance de lesclavage de la corruption part1
03:06:10 BLOC_A_SERIE_DU_JOUR              0m58s      1m00s      +2s  ✅  La Bible
03:07:10 BLOC_A_SERIE_DU_JOUR              4m12s      4m10s      -2s  ✅  Esaie
03:11:20 BLOC_A_SERIE_DU_JOUR              3m40s      3m38s      -2s  ✅  Matthieu
03:14:58 BLOC_A_SERIE_DU_JOUR              2m33s      2m30s      -3s  ✅  1 Samuel
03:17:28 BLOC_A_SERIE_DU_JOUR              3m48s      3m46s      -2s  ✅  2 Chronicles
03:21:14 BLOC_A_SERIE_DU_JOUR              6m32s      6m29s      -3s  ✅  Actes
03:27:43 BLOC_A_SERIE_DU_JOUR              1m29s      1m27s      -2s  ✅  La Bible
03:29:10 BLOC_A_SERIE_DU_JOUR              7m36s      7m33s      -3s  ✅  Nombres 4
03:36:43 BLOC_A_SERIE_DU_JOUR              4m00s      3m57s      -3s  ✅  Ezechiel
03:40:40 BLOC_A_SERIE_DU_JOUR              3m51s      3m49s      -2s  ✅  Bible_fr_05_deuter_006
03:44:29 BLOC_A_SERIE_DU_JOUR              1m43s      1m40s      -3s  ✅  Job
03:46:09 BLOC_A_SERIE_DU_JOUR              3m34s      3m32s      -2s  ✅  Apocalypse
03:49:41 BLOC_A_SERIE_DU_JOUR              2m34s      2m31s      -3s  ✅  2 Chronicles
03:52:12 BLOC_A_SERIE_DU_JOUR              1m57s      1m55s      -2s  ✅  Job
03:54:07 BLOC_A_SERIE_DU_JOUR              6m58s      6m55s      -3s  ✅  Lévitique 23
04:01:02 BLOC_A_SERIE_DU_JOUR              2m44s      2m42s      -2s  ✅  Esther 6
04:03:44 BLOC_A_SERIE_DU_JOUR              5m03s      5m00s      -3s  ✅  Ezechiel
04:08:44 BLOC_A_SERIE_DU_JOUR              0m07s      0m05s      -2s  ✅  Parole Prophétique FM
04:08:49 BLOC_A_SERIE_DU_JOUR           1h13m31s      0m27s   -4384s  ❌ COUPÉ  la résurrection des morts et la délivrance de lesclavage de la corruption part1
04:09:16 BLOC_A_SERIE_DU_JOUR              5m13s      5m11s      -2s  ✅  Il s'appelait Emmanuel - Marcel Boungou + Paroles
04:14:27 BLOC_A_SERIE_DU_JOUR              6m41s      6m38s      -3s  ✅  6 minutes
04:21:05 BLOC_A_SERIE_DU_JOUR              5m28s      5m25s      -3s  ✅  même humilié
04:26:30 BLOC_A_SERIE_DU_JOUR              4m13s      4m11s      -2s  ✅  4 minutes
04:30:41 BLOC_A_SERIE_DU_JOUR              5m10s      5m07s      -3s  ✅  Igwe
04:35:48 BLOC_A_SERIE_DU_JOUR              2m20s      2m17s      -3s  ✅  cantique  heureux l homme qui ne marche pas selon
04:38:05 BLOC_A_SERIE_DU_JOUR              3m22s      3m20s      -2s  ✅  Ses cheveux étaient blancs..
04:41:25 BLOC_A_SERIE_DU_JOUR              7m17s      7m15s      -2s  ✅  cantique  tes promesses  pub direct dec 2021 import (2)
04:48:40 BLOC_A_SERIE_DU_JOUR              6m35s      6m33s      -2s  ✅  cantique   ta lumière
04:55:13 BLOC_A_SERIE_DU_JOUR              6m57s      6m54s      -3s  ✅  qui est digne d ouvrir le livre
05:02:07 BLOC_A_SERIE_DU_JOUR              6m06s      6m04s      -2s  ✅  cantique  ta bonte
05:08:11 BLOC_A_SERIE_DU_JOUR              2m16s      2m16s      +0s  ✅  cantique  nous sommes le sel de la terre
05:10:27 BLOC_A_SERIE_DU_JOUR           1h13m31s      0m44s   -4367s  ❌ COUPÉ  la résurrection des morts et la délivrance de lesclavage de la corruption part1
05:11:11 BLOC_A_SERIE_DU_JOUR              4m56s      4m53s      -3s  ✅  Marc
05:16:04 BLOC_A_SERIE_DU_JOUR              3m14s      3m12s      -2s  ✅  Job
05:19:16 BLOC_A_SERIE_DU_JOUR              3m44s      3m41s      -3s  ✅  Ecclesiaste
05:22:57 BLOC_A_SERIE_DU_JOUR              2m27s      4m16s    +109s  ⚠️ TROU APRÈS  La Bible
05:27:13 BLOC_A_SERIE_DU_JOUR              3m15s      3m13s      -2s  ✅  Romains
05:30:26 BLOC_A_SERIE_DU_JOUR              1m36s      1m33s      -3s  ✅  Job
05:31:59 BLOC_A_SERIE_DU_JOUR              3m51s      3m49s      -2s  ✅  Bible_fr_06_joshua_017
05:35:48 BLOC_A_SERIE_DU_JOUR              6m09s      6m07s      -2s  ✅  Jean 19
05:41:55 BLOC_A_SERIE_DU_JOUR              0m07s      0m05s      -2s  ✅  JINGLE
05:42:00 BLOC_A_SERIE_DU_JOUR           1h13m31s      0m10s   -4401s  ❌ COUPÉ  la résurrection des morts et la délivrance de lesclavage de la corruption part1
05:42:10 BLOC_A_SERIE_DU_JOUR              6m28s      6m25s      -3s  ✅  Le Bien-Etre Universel
05:48:35 BLOC_A_SERIE_DU_JOUR              0m07s      0m05s      -2s  ✅  Parole Prophétique FM
05:48:40 BLOC_A_SERIE_DU_JOUR           1h13m31s      0m33s   -4378s  ❌ COUPÉ  la résurrection des morts et la délivrance de lesclavage de la corruption part1
05:49:13 BLOC_A_SERIE_DU_JOUR              4m52s      4m50s      -2s  ✅  cantique   prends tout le contrôle
05:54:03 BLOC_A_SERIE_DU_JOUR              4m11s      4m08s      -3s  ✅  jai donné ma vie à jésus (1)
05:58:11 BLOC_A_SERIE_DU_JOUR              5m19s      5m16s      -3s  ✅  Gabrielle LIDJI - Mélodie Céleste  by LFXA(Light FX Animation)_2
06:03:27 BLOC_B_SERIE_DU_JOUR              0m06s      0m04s      -2s  ✅  JINGLE
06:03:31 BLOC_A_SERIE_DU_JOUR           1h13m31s   1h14m11s     +40s  ⚠️ TROU APRÈS  la résurrection des morts et la délivrance de lesclavage de la corruption part1
07:17:42 BLOC_B_SERIE_DU_JOUR           1h13m31s      0m29s   -4382s  ❌ COUPÉ  la résurrection des morts et la délivrance de lesclavage de la corruption part1
07:18:11 BLOC_B_SERIE_DU_JOUR              3m35s      4m21s     +46s  ⚠️ TROU APRÈS  La Bible
07:22:32 BLOC_B_SERIE_DU_JOUR              5m55s      5m53s      -2s  ✅  Esaie
07:28:25 BLOC_B_SERIE_DU_JOUR              4m21s      4m19s      -2s  ✅  Bible_fr_01_gen_004
07:32:44 BLOC_B_SERIE_DU_JOUR              4m14s      4m12s      -2s  ✅  Bible_fr_01_gen_011
07:36:56 BLOC_B_SERIE_DU_JOUR              6m21s      6m18s      -3s  ✅  Luc
07:43:14 BLOC_B_SERIE_DU_JOUR              1m30s      1m28s      -2s  ✅  La Bible
07:44:42 BLOC_B_SERIE_DU_JOUR              2m17s      2m14s      -3s  ✅  Hebreux
07:46:56 BLOC_B_SERIE_DU_JOUR              2m31s      2m29s      -2s  ✅  Esaie
07:49:25 BLOC_B_SERIE_DU_JOUR              5m42s      5m39s      -3s  ✅  Jeremie
07:55:04 BLOC_B_SERIE_DU_JOUR              5m00s      4m58s      -2s  ✅  La Bible
08:00:02 BLOC_B_SERIE_DU_JOUR              5m09s      5m07s      -2s  ✅  Marc
08:05:09 BLOC_B_SERIE_DU_JOUR              5m42s      5m39s      -3s  ✅  Bible_fr_07_judges_008
08:10:48 BLOC_B_SERIE_DU_JOUR              2m47s      2m44s      -3s  ✅  2 Thessaloniciens
08:13:32 BLOC_B_SERIE_DU_JOUR              4m54s      4m55s      +1s  ✅  Esaie
08:18:27 BLOC_B_SERIE_DU_JOUR           1h13m31s      0m46s   -4365s  ❌ COUPÉ  la résurrection des morts et la délivrance de lesclavage de la corruption part1
08:19:13 BLOC_B_SERIE_DU_JOUR              5m13s      5m11s      -2s  ✅  Il s'appelait Emmanuel - Marcel Boungou + Paroles
08:24:24 BLOC_B_SERIE_DU_JOUR              2m20s      2m17s      -3s  ✅  cantique  heureux l homme qui ne marche pas selon
08:26:41 BLOC_B_SERIE_DU_JOUR              2m16s      2m13s      -3s  ✅  cantique  nous sommes le sel de la terre
08:28:54 BLOC_B_SERIE_DU_JOUR              0m05s      0m03s      -2s  ✅  Parole Prophétique FM
08:28:57 BLOC_B_SERIE_DU_JOUR           1h13m31s      0m13s   -4398s  ❌ COUPÉ  la résurrection des morts et la délivrance de lesclavage de la corruption part1
08:29:10 BLOC_B_SERIE_DU_JOUR              5m19s      5m16s      -3s  ✅  Gabrielle LIDJI - Mélodie Céleste  by LFXA(Light FX Animation)_2
08:34:26 BLOC_B_SERIE_DU_JOUR              4m52s      4m50s      -2s  ✅  cantique   prends tout le contrôle
08:39:16 BLOC_B_SERIE_DU_JOUR              6m34s      6m31s      -3s  ✅  cantique  béni soit le dieu d israël
08:45:47 BLOC_B_SERIE_DU_JOUR              6m57s      6m55s      -2s  ✅  qui est digne d ouvrir le livre
08:52:42 BLOC_B_SERIE_DU_JOUR              4m11s      4m08s      -3s  ✅  jai donné ma vie à jésus (1)
08:56:50 BLOC_B_SERIE_DU_JOUR              6m41s      6m38s      -3s  ✅  6 minutes
09:03:28 BLOC_B_SERIE_DU_JOUR              9m23s      9m21s      -2s  ✅  10 minutes
09:12:49 BLOC_B_SERIE_DU_JOUR              5m28s      5m26s      -2s  ✅  même humilié
09:18:15 BLOC_B_SERIE_DU_JOUR              7m17s      7m14s      -3s  ✅  cantique  tes promesses  pub direct dec 2021 import (2)
09:25:29 BLOC_B_SERIE_DU_JOUR              0m09s      0m07s      -2s  ✅  JINGLE
09:25:36 BLOC_B_SERIE_DU_JOUR           1h13m31s      0m34s   -4377s  ❌ COUPÉ  la résurrection des morts et la délivrance de lesclavage de la corruption part1
09:26:10 BLOC_B_SERIE_DU_JOUR              0m54s      0m52s      -2s  ✅  La Bible
09:27:02 BLOC_B_SERIE_DU_JOUR           1h13m31s      0m09s   -4402s  ❌ COUPÉ  la résurrection des morts et la délivrance de lesclavage de la corruption part1
09:27:11 BLOC_B_SERIE_DU_JOUR              4m09s      4m06s      -3s  ✅  1 Corinthiens
09:31:17 BLOC_B_SERIE_DU_JOUR              4m04s      5m03s     +59s  ⚠️ TROU APRÈS  La Bible
09:36:20 BLOC_B_SERIE_DU_JOUR              6m33s      6m31s      -2s  ✅  Bible_fr_01_gen_019
09:42:51 BLOC_B_SERIE_DU_JOUR              0m41s      0m38s      -3s  ✅  La Bible
09:43:29 BLOC_B_SERIE_DU_JOUR              2m40s      2m38s      -2s  ✅  Habacuc
09:46:07 BLOC_B_SERIE_DU_JOUR              6m21s      6m18s      -3s  ✅  Actes
09:52:25 BLOC_B_SERIE_DU_JOUR              5m57s      5m59s      +2s  ✅  La Bible
09:58:24 BLOC_B_SERIE_DU_JOUR           1h13m31s      0m49s   -4362s  ❌ COUPÉ  la résurrection des morts et la délivrance de lesclavage de la corruption part1
09:59:13 BLOC_B_SERIE_DU_JOUR           1h13m31s      1m12s   -4339s  ❌ COUPÉ  la résurrection des morts et la délivrance de lesclavage de la corruption part1
10:00:25 BLOC_B_SERIE_DU_JOUR              5m13s      5m11s      -2s  ✅  Il s'appelait Emmanuel - Marcel Boungou + Paroles
10:05:36 BLOC_B_SERIE_DU_JOUR              6m35s      6m33s      -2s  ✅  cantique   ta lumière
10:12:09 BLOC_B_SERIE_DU_JOUR              6m28s      6m24s      -4s  ✅  Le Bien-Etre Universel
10:18:33 BLOC_B_SERIE_DU_JOUR              6m57s      6m55s      -2s  ✅  qui est digne d ouvrir le livre
10:25:28 BLOC_B_SERIE_DU_JOUR              4m52s      4m50s      -2s  ✅  cantique   prends tout le contrôle
10:30:18 BLOC_B_SERIE_DU_JOUR              5m10s      5m07s      -3s  ✅  Igwe
10:35:25 BLOC_B_SERIE_DU_JOUR              3m12s      3m10s      -2s  ✅  esprit de dieu
10:38:35 BLOC_B_SERIE_DU_JOUR              6m06s      6m04s      -2s  ✅  cantique  ta bonte
10:44:39 BLOC_B_SERIE_DU_JOUR              5m28s      5m26s      -2s  ✅  même humilié
10:50:05 BLOC_B_SERIE_DU_JOUR              6m34s      6m31s      -3s  ✅  cantique  béni soit le dieu d israël
10:56:36 BLOC_B_SERIE_DU_JOUR              3m22s      3m20s      -2s  ✅  Ses cheveux étaient blancs..
10:59:56 BLOC_B_SERIE_DU_JOUR              0m07s      0m04s      -3s  ✅  JINGLE
11:00:00 BLOC_B_SERIE_DU_JOUR           1h13m31s      0m25s   -4386s  ❌ COUPÉ  la résurrection des morts et la délivrance de lesclavage de la corruption part1
11:00:25 BLOC_B_SERIE_DU_JOUR              2m48s      2m45s      -3s  ✅  Hebreux
11:03:10 BLOC_B_SERIE_DU_JOUR              3m49s      3m46s      -3s  ✅  La Bible
11:06:56 BLOC_B_SERIE_DU_JOUR              3m25s      3m23s      -2s  ✅  Lévitique 21
11:10:19 BLOC_B_SERIE_DU_JOUR              4m58s      4m55s      -3s  ✅  Jeremie
11:15:14 BLOC_B_SERIE_DU_JOUR              0m37s      0m35s      -2s  ✅  La Bible
11:15:49 BLOC_B_SERIE_DU_JOUR              3m46s      3m43s      -3s  ✅  Jeremie
11:19:32 BLOC_B_SERIE_DU_JOUR              7m51s      7m49s      -2s  ✅  2 Roi
11:27:21 BLOC_B_SERIE_DU_JOUR              3m21s      3m18s      -3s  ✅  2 Chronicles
11:30:39 BLOC_B_SERIE_DU_JOUR              0m59s      0m57s      -2s  ✅  La Bible
11:31:36 BLOC_B_SERIE_DU_JOUR              4m41s      4m38s      -3s  ✅  Bible_fr_01_gen_045
11:36:14 BLOC_B_SERIE_DU_JOUR              4m05s      4m03s      -2s  ✅  1 Chronicles
11:40:17 BLOC_B_SERIE_DU_JOUR              4m51s      4m48s      -3s  ✅  1 Samuel
11:45:05 BLOC_B_SERIE_DU_JOUR              0m04s      0m11s      +7s  ✅  c est aussi pour les enfants 3
11:45:16 BLOC_B_SERIE_DU_JOUR              4m11s      4m11s      +0s  ✅  jai donné ma vie à jésus (1)
11:49:27 BLOC_B_SERIE_DU_JOUR           1h13m31s      0m53s   -4358s  ❌ COUPÉ  la résurrection des morts et la délivrance de lesclavage de la corruption part1
11:50:20 BLOC_B_SERIE_DU_JOUR              2m20s      2m16s      -4s  ✅  cantique  heureux l homme qui ne marche pas selon
11:52:36 BLOC_B_SERIE_DU_JOUR              6m57s      6m54s      -3s  ✅  qui est digne d ouvrir le livre
11:59:30 BLOC_B_SERIE_DU_JOUR              5m10s      5m08s      -2s  ✅  Igwe
12:04:38 BLOC_C_SERIE_DU_JOUR              5m08s      5m05s      -3s  ✅  2 Chroniques 24
12:09:43 BLOC_C_SERIE_DU_JOUR              5m20s      5m22s      +2s  ✅  Nombres 29
12:15:05 BLOC_B_SERIE_DU_JOUR           1h13m31s      0m11s   -4400s  ❌ COUPÉ  la résurrection des morts et la délivrance de lesclavage de la corruption part1
12:15:16 BLOC_C_SERIE_DU_JOUR              4m13s      4m10s      -3s  ✅  4 minutes
12:19:26 BLOC_C_SERIE_DU_JOUR              4m52s      4m50s      -2s  ✅  cantique   prends tout le contrôle
12:24:16 BLOC_C_SERIE_DU_JOUR              5m13s      5m11s      -2s  ✅  Il s'appelait Emmanuel - Marcel Boungou + Paroles
12:29:27 BLOC_C_SERIE_DU_JOUR              4m11s      4m08s      -3s  ✅  jai donné ma vie à jésus (1)
12:33:35 BLOC_C_SERIE_DU_JOUR              6m28s      6m25s      -3s  ✅  Le Bien-Etre Universel
12:40:00 BLOC_C_SERIE_DU_JOUR              3m12s      3m15s      +3s  ✅  esprit de dieu
12:43:15 BLOC_C_SERIE_DU_JOUR           1h13m31s      0m54s   -4357s  ❌ COUPÉ  la résurrection des morts et la délivrance de lesclavage de la corruption part1
12:44:09 BLOC_C_SERIE_DU_JOUR              5m19s      5m17s      -2s  ✅  Gabrielle LIDJI - Mélodie Céleste  by LFXA(Light FX Animation)_2
12:49:26 BLOC_C_SERIE_DU_JOUR              9m23s      9m21s      -2s  ✅  10 minutes
12:58:47 BLOC_C_SERIE_DU_JOUR              3m41s      3m38s      -3s  ✅  Adorons l'Éternel GAEL - JÉSUS EST SEIGNEUR -
13:02:25 BLOC_C_SERIE_DU_JOUR              6m09s      6m08s      -1s  ✅  Hymne des vainqueurs
13:08:33 BLOC_C_SERIE_DU_JOUR              5m10s      5m07s      -3s  ✅  Igwe
13:13:40 BLOC_C_SERIE_DU_JOUR              6m34s      6m40s      +6s  ✅  cantique  béni soit le dieu d israël
13:20:20 BLOC_C_SERIE_DU_JOUR              2m45s      2m41s      -4s  ✅  Hebreux
13:23:01 BLOC_C_SERIE_DU_JOUR              4m24s      4m22s      -2s  ✅  Esdras
13:27:23 BLOC_C_SERIE_DU_JOUR              0m50s      0m51s      +1s  ✅  La Bible
13:28:14 BLOC_C_SERIE_DU_JOUR              6m03s      6m00s      -3s  ✅  Bible_fr_01_gen_043
13:34:14 BLOC_C_SERIE_DU_JOUR              5m31s      5m29s      -2s  ✅  Esther 9
13:39:43 BLOC_C_SERIE_DU_JOUR              2m03s      2m03s      +0s  ✅  La Bible
13:41:46 BLOC_C_SERIE_DU_JOUR           1h13m31s      0m25s   -4386s  ❌ COUPÉ  la résurrection des morts et la délivrance de lesclavage de la corruption part1
13:42:11 BLOC_C_SERIE_DU_JOUR              5m19s      5m22s      +3s  ✅  Gabrielle LIDJI - Mélodie Céleste  by LFXA(Light FX Animation)_2
13:47:33 BLOC_C_SERIE_DU_JOUR           1h13m31s      0m39s   -4372s  ❌ COUPÉ  la résurrection des morts et la délivrance de lesclavage de la corruption part1
13:48:12 BLOC_C_SERIE_DU_JOUR              6m09s      6m06s      -3s  ✅  Hymne des vainqueurs
13:54:18 BLOC_C_SERIE_DU_JOUR              3m12s      3m10s      -2s  ✅  esprit de dieu
13:57:28 BLOC_C_SERIE_DU_JOUR              2m20s      2m17s      -3s  ✅  cantique  heureux l homme qui ne marche pas selon
13:59:45 BLOC_C_SERIE_DU_JOUR              4m13s      4m11s      -2s  ✅  4 minutes
14:03:56 BLOC_C_SERIE_DU_JOUR              9m23s      9m22s      -1s  ✅  10 minutes
14:13:18 BLOC_C_SERIE_DU_JOUR           1h19m00s   1h18m58s      -2s  ✅  part2
15:32:16 BLOC_C_SERIE_DU_JOUR              0m09s      0m06s      -3s  ✅  JINGLE
15:32:22 BLOC_C_SERIE_DU_JOUR           1h19m00s      0m50s   -4690s  ❌ COUPÉ  part2
15:33:12 BLOC_C_SERIE_DU_JOUR              3m58s      3m55s      -3s  ✅  Ezechiel
15:37:07 BLOC_C_SERIE_DU_JOUR              2m24s      2m22s      -2s  ✅  Esaie
15:39:29 BLOC_C_SERIE_DU_JOUR              6m18s      6m15s      -3s  ✅  La Bible
15:45:44 BLOC_C_SERIE_DU_JOUR              4m14s      4m12s      -2s  ✅  2 Samuel
15:49:56 BLOC_C_SERIE_DU_JOUR              3m25s      3m22s      -3s  ✅  2 Roi
15:53:18 BLOC_C_SERIE_DU_JOUR              8m09s      8m06s      -3s  ✅  Jeremie
16:01:24 BLOC_C_SERIE_DU_JOUR              4m00s      3m58s      -2s  ✅  Esaie
16:05:22 BLOC_C_SERIE_DU_JOUR              7m40s      7m38s      -2s  ✅  Actes
16:13:00 BLOC_C_SERIE_DU_JOUR              2m25s      2m22s      -3s  ✅  Esaie
16:15:22 BLOC_C_SERIE_DU_JOUR              3m06s      3m04s      -2s  ✅  Apocalypse
16:18:26 BLOC_C_SERIE_DU_JOUR              4m21s      4m19s      -2s  ✅  Marc
16:22:45 BLOC_C_SERIE_DU_JOUR              1m38s      1m35s      -3s  ✅  La Bible
16:24:20 BLOC_C_SERIE_DU_JOUR              5m05s      5m02s      -3s  ✅  Actes
16:29:22 BLOC_C_SERIE_DU_JOUR              5m14s      5m12s      -2s  ✅  Bible_fr_07_judges_005
16:34:34 BLOC_C_SERIE_DU_JOUR              0m03s      0m03s      +0s  ✅  JINGLE
16:34:37 BLOC_C_SERIE_DU_JOUR           1h19m00s      0m39s   -4701s  ❌ COUPÉ  part2
16:35:16 BLOC_C_SERIE_DU_JOUR              6m06s      6m04s      -2s  ✅  cantique  ta bonte
16:41:20 BLOC_C_SERIE_DU_JOUR              2m10s      2m07s      -3s  ✅  La Bible
16:43:27 BLOC_C_SERIE_DU_JOUR              5m09s      5m06s      -3s  ✅  Marc
16:48:33 BLOC_C_SERIE_DU_JOUR              3m38s      3m36s      -2s  ✅  Bible_fr_07_judges_015
16:52:09 BLOC_C_SERIE_DU_JOUR              4m09s      4m07s      -2s  ✅  1 Samuel
16:56:16 BLOC_C_SERIE_DU_JOUR              6m00s      5m57s      -3s  ✅  Bible_fr_01_gen_042
17:02:13 BLOC_C_SERIE_DU_JOUR             12m29s     12m27s      -2s  ✅  1 Roi
17:14:40 BLOC_C_SERIE_DU_JOUR              6m06s      6m04s      -2s  ✅  cantique  ta bonte
17:20:44 BLOC_C_SERIE_DU_JOUR              6m09s      6m07s      -2s  ✅  Hymne des vainqueurs
17:26:51 BLOC_C_SERIE_DU_JOUR              0m07s      0m04s      -3s  ✅  LA BONNE NOUVELLE PARTOUT
17:26:55 BLOC_C_SERIE_DU_JOUR           1h19m00s      0m17s   -4723s  ❌ COUPÉ  part2
17:27:12 BLOC_C_SERIE_DU_JOUR              5m15s      5m13s      -2s  ✅  Bible_fr_01_gen_046
17:32:25 BLOC_C_SERIE_DU_JOUR              7m12s      7m09s      -3s  ✅  Marc
17:39:34 BLOC_C_SERIE_DU_JOUR              5m35s      5m33s      -2s  ✅  Ezechiel
17:45:07 BLOC_C_SERIE_DU_JOUR              7m12s      7m09s      -3s  ✅  Bible_fr_06_joshua_022
17:52:16 BLOC_C_SERIE_DU_JOUR              5m22s      5m20s      -2s  ✅  actes 020
17:57:36 BLOC_C_SERIE_DU_JOUR              1m01s      0m58s      -3s  ✅  Esaie
17:58:34 BLOC_C_SERIE_DU_JOUR              6m31s      6m29s      -2s  ✅  Lévitique 11
18:05:03 BLOC_D_SERIE_DU_JOUR              0m03s      0m06s      +3s  ✅  JINGLE
18:05:09 BLOC_D_SERIE_DU_JOUR           1h19m00s   1h20m06s     +66s  ⚠️ TROU APRÈS  part2
19:25:15 BLOC_D_SERIE_DU_JOUR              4m55s      4m53s      -2s  ✅  Matthieu
19:30:08 BLOC_D_SERIE_DU_JOUR              3m47s      3m44s      -3s  ✅  Ezechiel
19:33:52 BLOC_D_SERIE_DU_JOUR              3m15s      3m13s      -2s  ✅  1 Chronicles
19:37:05 BLOC_D_SERIE_DU_JOUR              2m34s      2m31s      -3s  ✅  Michee
19:39:36 BLOC_D_SERIE_DU_JOUR              4m53s      4m50s      -3s  ✅  1 Chronicles
19:44:26 BLOC_D_SERIE_DU_JOUR              3m03s      3m01s      -2s  ✅  Jeremie
19:47:27 BLOC_D_SERIE_DU_JOUR              4m25s      4m22s      -3s  ✅  1 Chronicles
19:51:49 BLOC_D_SERIE_DU_JOUR              2m50s      2m47s      -3s  ✅  La Bible
19:54:36 BLOC_D_SERIE_DU_JOUR              4m42s      4m40s      -2s  ✅  Ezechiel
19:59:16 BLOC_D_SERIE_DU_JOUR              6m19s      6m16s      -3s  ✅  1 Chronicles
20:05:32 BLOC_D_SERIE_DU_JOUR              2m37s      2m35s      -2s  ✅  Michee
20:08:07 BLOC_D_SERIE_DU_JOUR              0m41s      0m38s      -3s  ✅  La Bible
20:08:45 BLOC_D_SERIE_DU_JOUR              4m59s      4m57s      -2s  ✅  2 Chronicles
20:13:42 BLOC_D_SERIE_DU_JOUR              3m28s      3m25s      -3s  ✅  Jacques 5
20:17:07 BLOC_D_SERIE_DU_JOUR              3m18s      3m16s      -2s  ✅  La Bible
20:20:23 BLOC_D_SERIE_DU_JOUR              3m57s      7m43s    +226s  ⚠️ TROU APRÈS  Jacques
20:28:06 BLOC_D_SERIE_DU_JOUR              5m28s      5m25s      -3s  ✅  même humilié
20:33:31 BLOC_D_SERIE_DU_JOUR              6m35s      6m33s      -2s  ✅  cantique   ta lumière
20:40:04 BLOC_D_SERIE_DU_JOUR              4m11s      4m08s      -3s  ✅  jai donné ma vie à jésus (1)
20:44:12 BLOC_D_SERIE_DU_JOUR              6m41s      6m38s      -3s  ✅  6 minutes
20:50:50 BLOC_D_SERIE_DU_JOUR              6m06s      6m04s      -2s  ✅  cantique  ta bonte
20:56:54 BLOC_D_SERIE_DU_JOUR              0m07s      0m05s      -2s  ✅  Parole Prophétique FM
20:56:59 BLOC_D_SERIE_DU_JOUR           1h19m00s      0m11s   -4729s  ❌ COUPÉ  part2
20:57:10 BLOC_D_SERIE_DU_JOUR              5m13s      5m11s      -2s  ✅  Il s'appelait Emmanuel - Marcel Boungou + Paroles
21:02:21 BLOC_D_SERIE_DU_JOUR              2m16s      2m13s      -3s  ✅  cantique  nous sommes le sel de la terre
21:04:34 BLOC_D_SERIE_DU_JOUR              3m12s      3m10s      -2s  ✅  esprit de dieu
21:07:44 BLOC_D_SERIE_DU_JOUR              4m52s      4m50s      -2s  ✅  cantique   prends tout le contrôle
21:12:34 BLOC_D_SERIE_DU_JOUR              6m57s      6m54s      -3s  ✅  qui est digne d ouvrir le livre
21:19:28 BLOC_D_SERIE_DU_JOUR              0m05s      0m03s      -2s  ✅  Parole Prophétique FM
21:19:31 BLOC_D_SERIE_DU_JOUR           1h19m00s      0m50s   -4690s  ❌ COUPÉ  part2
21:20:21 BLOC_D_SERIE_DU_JOUR              4m13s      4m11s      -2s  ✅  4 minutes
21:24:32 BLOC_D_SERIE_DU_JOUR              2m20s      2m17s      -3s  ✅  cantique  heureux l homme qui ne marche pas selon
21:26:49 BLOC_D_SERIE_DU_JOUR              7m17s      7m15s      -2s  ✅  cantique  tes promesses  pub direct dec 2021 import (2)
21:34:04 BLOC_D_SERIE_DU_JOUR              1m22s      1m19s      -3s  ✅  La Bible
21:35:23 BLOC_D_SERIE_DU_JOUR              4m14s      4m11s      -3s  ✅  Nombres 6
21:39:34 BLOC_D_SERIE_DU_JOUR              2m40s      2m38s      -2s  ✅  Amos
21:42:12 BLOC_D_SERIE_DU_JOUR              0m55s      0m52s      -3s  ✅  La Bible
21:43:04 BLOC_D_SERIE_DU_JOUR           1h19m00s      0m06s   -4734s  ❌ COUPÉ  part2
21:43:10 BLOC_D_SERIE_DU_JOUR              4m32s      4m29s      -3s  ✅  Actes
21:47:39 BLOC_D_SERIE_DU_JOUR             10m10s     10m08s      -2s  ✅  Matthieu
21:57:47 BLOC_D_SERIE_DU_JOUR              7m04s      7m01s      -3s  ✅  La Bible
22:04:48 BLOC_D_SERIE_DU_JOUR              5m13s      5m13s      +0s  ✅  Il s'appelait Emmanuel - Marcel Boungou + Paroles
22:10:01 BLOC_D_SERIE_DU_JOUR           1h19m00s      0m21s   -4719s  ❌ COUPÉ  part2
22:10:22 BLOC_D_SERIE_DU_JOUR              2m16s      2m12s      -4s  ✅  cantique  nous sommes le sel de la terre
22:12:34 BLOC_D_SERIE_DU_JOUR              6m57s      6m55s      -2s  ✅  qui est digne d ouvrir le livre
22:19:29 BLOC_D_SERIE_DU_JOUR              5m10s      5m08s      -2s  ✅  Igwe
22:24:37 BLOC_D_SERIE_DU_JOUR              9m23s      9m20s      -3s  ✅  10 minutes
22:33:57 BLOC_D_SERIE_DU_JOUR              6m09s      6m07s      -2s  ✅  Hymne des vainqueurs
22:40:04 BLOC_D_SERIE_DU_JOUR              6m35s      6m33s      -2s  ✅  cantique   ta lumière
22:46:37 BLOC_D_SERIE_DU_JOUR              4m52s      4m50s      -2s  ✅  cantique   prends tout le contrôle
22:51:27 BLOC_D_SERIE_DU_JOUR              3m22s      3m20s      -2s  ✅  Ses cheveux étaient blancs..
22:54:47 BLOC_D_SERIE_DU_JOUR              5m28s      5m26s      -2s  ✅  même humilié
23:00:13 BLOC_D_SERIE_DU_JOUR              6m28s      6m24s      -4s  ✅  Le Bien-Etre Universel
23:06:37 BLOC_D_SERIE_DU_JOUR              1m06s      1m04s      -2s  ✅  La Bible
23:07:41 BLOC_D_SERIE_DU_JOUR              3m53s      3m50s      -3s  ✅  1 Timothee
23:11:31 BLOC_D_SERIE_DU_JOUR              5m04s      5m01s      -3s  ✅  Jeremie
23:16:32 BLOC_D_SERIE_DU_JOUR              5m48s      5m46s      -2s  ✅  Bible_fr_01_gen_026
23:22:18 BLOC_D_SERIE_DU_JOUR              4m26s      4m23s      -3s  ✅  Apocalypse
23:26:41 BLOC_D_SERIE_DU_JOUR              4m38s      4m36s      -2s  ✅  1 Samuel
23:31:17 BLOC_D_SERIE_DU_JOUR              3m13s      3m11s      -2s  ✅  La Bible
23:34:28 BLOC_D_SERIE_DU_JOUR              2m35s      2m32s      -3s  ✅  2 Chronicles
23:37:00 BLOC_D_SERIE_DU_JOUR              3m51s      3m49s      -2s  ✅  Bible_fr_05_deuter_006
23:40:49 BLOC_D_SERIE_DU_JOUR              3m26s      3m24s      -2s  ✅  Romains
23:44:13 BLOC_D_SERIE_DU_JOUR              2m31s      2m28s      -3s  ✅  Esaie
23:46:41 BLOC_D_SERIE_DU_JOUR              8m00s      7m58s      -2s  ✅  Bible_fr_01_gen_027
23:54:39 BLOC_D_SERIE_DU_JOUR              4m13s      4m10s      -3s  ✅  4 minutes
23:58:49 BLOC_D_SERIE_DU_JOUR              6m28s          ?           ⏳ dernier titre (durée réelle inconnue)  Le Bien-Etre Universel
----------------------------------------------------------------------------------------------------
Bilan : 288 titres, 35 anomalie(s) (titre coupé de plus de 10s ou trou d'antenne).
