====================================================================================================
MONITEUR RADIO — 2026-09-09 (synthèse des 3 rapports + plan, heures UTC)
====================================================================================================
État : ❌ incident(s) détecté(s)  ·  diffusion : 1 coupure(s)/trou(s), 1 double(s) message  ·  serveur : 35 incident(s)
SERVEUR (liquidsoap_events) :
   00:01:30  🔇 bascule sur jingle d'erreur (silence potentiel)  (×3)
   23:32:51  🌐 échec réseau AzuraCast/Liquidsoap  (×32)
RESET MINUIT : restart confirmé vers 00:02:04 · 3 contrôle(s) · file saine ✅
INCIDENTS CORRÉLÉS (anomalie de diffusion ↔ cause serveur probable) :
   06:13:35  DOUBLE MESSAGE « message du jour rejoué »
          ↳ aucune cause serveur à proximité (voir CONTRÔLES APPROFONDIS et RÉEL vs PRÉVU ci-dessous)
   23:53:06  COUPÉ 149s « Great is, Ascribe - Ketu HF »
          ↳ aucune cause serveur à proximité (voir CONTRÔLES APPROFONDIS et RÉEL vs PRÉVU ci-dessous)
(Détail titre par titre, contrôles approfondis et RÉEL vs PRÉVU ci-dessous.)
Rapport de diffusion — 2026-09-09 (heures UTC)
337 titres joués | tolérance ±10s
====================================================================================================
HEURE    PLAYLIST                     FICHIER          RÉEL    ÉCART  STATUT  TITRE
----------------------------------------------------------------------------------------------------
00:01:42 ?                                 3m49s      3m49s      +0s  ✅  ?
00:05:31 BLOC_A_SERIE_DU_JOUR             13m20s     13m24s      +4s  ✅  2020 tian le pardon 4
00:18:55 BLOC_A_SERIE_DU_JOUR              2m56s      2m54s      -2s  ✅  Psaumes 109
00:21:49 BLOC_A_SERIE_DU_JOUR              0m50s      0m47s      -3s  ✅  Psaumes 110
00:22:36 BLOC_A_SERIE_DU_JOUR              1m06s      1m04s      -2s  ✅  Psaumes 111
00:23:40 BLOC_A_SERIE_DU_JOUR              1m09s      1m06s      -3s  ✅  Psaumes 112
00:24:46 BLOC_A_SERIE_DU_JOUR              0m51s      0m49s      -2s  ✅  Psaumes 113
00:25:35 BLOC_A_SERIE_DU_JOUR              0m45s      0m42s      -3s  ✅  Psaumes 114
00:26:17 BLOC_A_SERIE_DU_JOUR              1m49s      1m47s      -2s  ✅  Psaumes 115
00:28:04 BLOC_A_SERIE_DU_JOUR              1m49s      1m46s      -3s  ✅  Psaumes 116
00:29:50 BLOC_A_SERIE_DU_JOUR              0m16s      0m13s      -3s  ✅  Psaumes 117
00:30:03 BLOC_A_SERIE_DU_JOUR              2m49s      2m47s      -2s  ✅  Psaumes 118
00:32:50 BLOC_A_SERIE_DU_JOUR             14m57s     14m54s      -3s  ✅  Psaumes 119
00:47:44 BLOC_A_SERIE_DU_JOUR              0m37s      0m35s      -2s  ✅  Psaumes 120
00:48:19 BLOC_A_SERIE_DU_JOUR              0m41s      0m39s      -2s  ✅  Psaumes 121
00:48:58 BLOC_A_SERIE_DU_JOUR              0m48s      0m45s      -3s  ✅  Psaumes 122
00:49:43 BLOC_A_SERIE_DU_JOUR              0m31s      0m29s      -2s  ✅  Psaumes 123
00:50:12 BLOC_A_SERIE_DU_JOUR              0m42s      0m39s      -3s  ✅  Psaumes 124
00:50:51 BLOC_A_SERIE_DU_JOUR              0m41s      0m39s      -2s  ✅  Psaumes 125
00:51:30 BLOC_A_SERIE_DU_JOUR              0m39s      0m36s      -3s  ✅  Psaumes 126
00:52:06 BLOC_A_SERIE_DU_JOUR              0m41s      0m38s      -3s  ✅  Psaumes 127
00:52:44 BLOC_A_SERIE_DU_JOUR              0m35s      0m32s      -3s  ✅  Psaumes 128
00:53:16 BLOC_A_SERIE_DU_JOUR              0m44s      0m42s      -2s  ✅  Psaumes 129
00:53:58 BLOC_A_SERIE_DU_JOUR              0m48s      0m45s      -3s  ✅  Psaumes 130
00:54:43 BLOC_A_SERIE_DU_JOUR              0m25s      0m22s      -3s  ✅  Psaumes 131
00:55:05 BLOC_A_SERIE_DU_JOUR              1m40s      1m37s      -3s  ✅  Psaumes 132
00:56:42 BLOC_A_SERIE_DU_JOUR              0m27s      0m25s      -2s  ✅  Psaumes 133
00:57:07 BLOC_A_SERIE_DU_JOUR              0m20s      0m17s      -3s  ✅  Psaumes 134
00:57:24 BLOC_A_SERIE_DU_JOUR              2m05s      2m03s      -2s  ✅  Psaumes 135
00:59:27 BLOC_A_SERIE_DU_JOUR              2m20s      2m17s      -3s  ✅  Psaumes 136
01:01:44 BLOC_A_SERIE_DU_JOUR              0m58s      0m55s      -3s  ✅  Psaumes 137
01:02:39 BLOC_A_SERIE_DU_JOUR              0m59s      0m56s      -3s  ✅  Psaumes 138
01:03:35 BLOC_A_SERIE_DU_JOUR              2m23s      2m21s      -2s  ✅  Psaumes 139
01:05:56 BLOC_A_SERIE_DU_JOUR              1m27s      1m24s      -3s  ✅  Psaumes 140
01:07:20 BLOC_A_SERIE_DU_JOUR              1m15s      1m13s      -2s  ✅  Psaumes 141
01:08:33 BLOC_A_SERIE_DU_JOUR              0m55s      0m53s      -2s  ✅  Psaumes 142
01:09:26 BLOC_A_SERIE_DU_JOUR              1m34s      1m32s      -2s  ✅  Psaumes 143
01:10:58 BLOC_A_SERIE_DU_JOUR              1m47s      1m44s      -3s  ✅  Psaumes 144
01:12:42 BLOC_A_SERIE_DU_JOUR              2m00s      1m58s      -2s  ✅  Psaumes 145
01:14:40 BLOC_A_SERIE_DU_JOUR              1m06s      1m03s      -3s  ✅  Psaumes 146
01:15:43 BLOC_A_SERIE_DU_JOUR              0m10s      0m08s      -2s  ✅  jingle avant louange 06 que la louange seleve
01:15:51 BLOC_A_SERIE_DU_JOUR              9m39s      9m37s      -2s  ✅  Psalm 93 - Port Harcourt HF
01:25:28 BLOC_A_SERIE_DU_JOUR              7m57s      7m55s      -2s  ✅  Yahweh is Mighty (Imah Adegoke)
01:33:23 BLOC_A_SERIE_DU_JOUR              6m59s      6m56s      -3s  ✅  Hosanna - Toronto HF
01:40:19 BLOC_A_SERIE_DU_JOUR              7m09s      7m07s      -2s  ✅  My God Is Good - Winnipeg Fellowship
01:47:26 BLOC_A_SERIE_DU_JOUR              9m04s      9m01s      -3s  ✅  You're the Lamb - Calabar HF
01:56:27 BLOC_A_SERIE_DU_JOUR              2m16s      2m13s      -3s  ✅  cantique  nous sommes le sel de la terre
01:58:40 BLOC_A_SERIE_DU_JOUR              5m02s      5m00s      -2s  ✅  A Song Of Love
02:03:40 BLOC_A_SERIE_DU_JOUR             11m54s     11m51s      -3s  ✅  Great & Marvelluos - Toronto HF
02:15:31 BLOC_A_SERIE_DU_JOUR              0m10s      0m08s      -2s  ✅  jingle avant bible 06 ouvrons les saintes ecritures
02:15:39 BLOC_A_SERIE_DU_JOUR              4m27s      4m24s      -3s  ✅  Jude 1
02:20:03 BLOC_A_SERIE_DU_JOUR              4m51s      4m49s      -2s  ✅  1 Samuel 10
02:24:52 BLOC_A_SERIE_DU_JOUR              2m50s      2m48s      -2s  ✅  1 Samuel 11
02:27:40 BLOC_A_SERIE_DU_JOUR              4m21s      4m19s      -2s  ✅  1 Samuel 12
02:31:59 BLOC_A_SERIE_DU_JOUR              3m50s      3m47s      -3s  ✅  1 Samuel 13
02:35:46 BLOC_A_SERIE_DU_JOUR              9m14s      9m23s      +9s  ✅  1 Samuel 14
02:45:09 BLOC_A_SERIE_DU_JOUR              5m43s      5m40s      -3s  ✅  Cantique l Éternel est mon Berger (1)
02:50:49 BLOC_A_SERIE_DU_JOUR              6m28s      6m25s      -3s  ✅  Le Bien-Etre Universel
02:57:14 BLOC_A_SERIE_DU_JOUR              6m04s      6m02s      -2s  ✅  Sing Unto the Lord a new Song  - Winnipeg Fellowship
03:03:16 BLOC_A_SERIE_DU_JOUR              6m35s      6m33s      -2s  ✅  cantique   ta lumière
03:09:49 BLOC_A_SERIE_DU_JOUR             10m13s     10m10s      -3s  ✅  As We Worship - Toronto & Winnipeg HF
03:19:59 BLOC_A_SERIE_DU_JOUR              9m38s      9m35s      -3s  ✅  Holy are You oh Lord (Olaedo Uzoma & Vincent Opara)
03:29:34 BLOC_A_SERIE_DU_JOUR              5m08s      5m06s      -2s  ✅  He Has Given Me - PHF
03:34:40 BLOC_A_SERIE_DU_JOUR              5m45s      5m42s      -3s  ✅  How Precious Oh Lord
03:40:22 BLOC_A_SERIE_DU_JOUR              9m23s      9m32s      +9s  ✅  10 minutes
03:49:54 BLOC_A_SERIE_DU_JOUR              2m18s      2m15s      -3s  ✅  Néhémie 1
03:52:09 BLOC_A_SERIE_DU_JOUR              4m01s      3m59s      -2s  ✅  Néhémie 2
03:56:08 BLOC_A_SERIE_DU_JOUR              5m28s      5m25s      -3s  ✅  Néhémie 3
04:01:33 BLOC_A_SERIE_DU_JOUR              3m46s      3m44s      -2s  ✅  Néhémie 4
04:05:17 BLOC_A_SERIE_DU_JOUR              3m29s      3m26s      -3s  ✅  Néhémie 5
04:08:43 BLOC_A_SERIE_DU_JOUR              3m23s      3m20s      -3s  ✅  Néhémie 6
04:12:03 BLOC_A_SERIE_DU_JOUR              6m49s      6m47s      -2s  ✅  Néhémie 7
04:18:50 BLOC_A_SERIE_DU_JOUR              3m59s      3m56s      -3s  ✅  Néhémie 8
04:22:46 BLOC_A_SERIE_DU_JOUR              7m47s      7m45s      -2s  ✅  Néhémie 9
04:30:31 BLOC_A_SERIE_DU_JOUR              4m36s      4m42s      +6s  ✅  Néhémie 10
04:35:13 BLOC_A_SERIE_DU_JOUR              6m34s      6m31s      -3s  ✅  cantique  béni soit le dieu d israël
04:41:44 BLOC_A_SERIE_DU_JOUR              8m24s      8m21s      -3s  ✅  Bless Ye the Lord - PHF
04:50:05 BLOC_A_SERIE_DU_JOUR             10m35s     10m33s      -2s  ✅  Baruch Ha'ba B'Shem Adonai/Blessed Is He Who Comes in the Name of the Lord - Port Harcourt HF
05:00:38 BLOC_A_SERIE_DU_JOUR             11m53s     11m50s      -3s  ✅  Hashem - PHF
05:12:28 BLOC_A_SERIE_DU_JOUR              8m10s      8m07s      -3s  ✅  Great and Marvellous - Ketu HF
05:20:35 BLOC_A_SERIE_DU_JOUR              6m02s      6m00s      -2s  ✅  Rejoice - PHF
05:26:35 BLOC_A_SERIE_DU_JOUR              3m19s      3m16s      -3s  ✅  Awaken My Heart
05:29:51 BLOC_A_SERIE_DU_JOUR              5m10s      5m07s      -3s  ✅  Igwe
05:34:58 BLOC_A_SERIE_DU_JOUR              0m12s      0m13s      +1s  ✅  jingle id station 03 notre mission annonce levangile
05:35:11 BLOC_A_SERIE_DU_JOUR              5m51s      5m48s      -3s  ✅  Jean 1
05:40:59 BLOC_A_SERIE_DU_JOUR              2m52s      2m50s      -2s  ✅  Jean 2
05:43:49 BLOC_A_SERIE_DU_JOUR              4m30s      4m27s      -3s  ✅  Jean 3
05:48:16 BLOC_A_SERIE_DU_JOUR              6m42s      6m40s      -2s  ✅  Jean 4
05:54:56 BLOC_A_SERIE_DU_JOUR              0m09s      0m09s      +0s  ✅  jingle id station 01 la bonne nouvelle partout
05:55:05 BLOC_A_SERIE_DU_JOUR              4m52s      4m50s      -2s  ✅  God is Moving Us On - Ketu HF
05:59:55 BLOC_A_SERIE_DU_JOUR              0m10s      0m10s      +0s  ✅  jingle avant message 04 bienvenue sur parole prophetique fm
06:00:05 BLOC_B_SERIE_DU_JOUR              0m09s      0m07s      -2s  ✅  jingle avant message 03 vous ecoutez parole prophetique fm
06:00:12 BLOC_B_SERIE_DU_JOUR             13m20s     13m17s      -3s  ✅  2020 tian le pardon 4
06:13:29 BLOC_B_SERIE_DU_JOUR              0m09s      0m06s      -3s  ✅  jingle avant message 03 vous ecoutez parole prophetique fm
06:13:35 BLOC_B_SERIE_DU_JOUR             13m20s     13m18s      -2s  ✅  2020 tian le pardon 4
06:26:53 BLOC_B_SERIE_DU_JOUR              0m10s      0m08s      -2s  ✅  jingle avant bible 06 ouvrons les saintes ecritures
06:27:01 BLOC_B_SERIE_DU_JOUR              2m54s      2m51s      -3s  ✅  Malachie 1
06:29:52 BLOC_B_SERIE_DU_JOUR              3m17s      3m14s      -3s  ✅  Malachie 2
06:33:06 BLOC_B_SERIE_DU_JOUR              3m22s      3m19s      -3s  ✅  Malachie 3
06:36:25 BLOC_B_SERIE_DU_JOUR              1m05s      1m02s      -3s  ✅  Malachie 4
06:37:27 BLOC_B_SERIE_DU_JOUR              2m56s      2m54s      -2s  ✅  Job 36
06:40:21 BLOC_B_SERIE_DU_JOUR              2m25s      2m22s      -3s  ✅  Job 37
06:42:43 BLOC_B_SERIE_DU_JOUR              3m53s      3m50s      -3s  ✅  Job 38
06:46:33 BLOC_B_SERIE_DU_JOUR              2m57s      2m55s      -2s  ✅  Job 39
06:49:28 BLOC_B_SERIE_DU_JOUR              2m19s      2m16s      -3s  ✅  Job 40
06:51:44 BLOC_B_SERIE_DU_JOUR              3m14s      3m12s      -2s  ✅  Job 41
06:54:56 BLOC_B_SERIE_DU_JOUR              2m40s      2m38s      -2s  ✅  Job 42
06:57:34 BLOC_B_SERIE_DU_JOUR              2m21s      2m18s      -3s  ✅  Nahum 1
06:59:52 BLOC_B_SERIE_DU_JOUR              2m04s      2m01s      -3s  ✅  Nahum 2
07:01:53 BLOC_B_SERIE_DU_JOUR              3m02s      3m00s      -2s  ✅  Nahum 3
07:04:53 BLOC_B_SERIE_DU_JOUR              2m25s      2m23s      -2s  ✅  Cantique des Cantiques 1
07:07:16 BLOC_B_SERIE_DU_JOUR              2m32s      2m30s      -2s  ✅  Cantique des Cantiques 2
07:09:46 BLOC_B_SERIE_DU_JOUR              1m53s      1m51s      -2s  ✅  Cantique des Cantiques 3
07:11:37 BLOC_B_SERIE_DU_JOUR              2m50s      2m47s      -3s  ✅  Cantique des Cantiques 4
07:14:24 BLOC_B_SERIE_DU_JOUR              2m54s      2m51s      -3s  ✅  Cantique des Cantiques 5
07:17:15 BLOC_B_SERIE_DU_JOUR              2m06s      2m04s      -2s  ✅  Cantique des Cantiques 6
07:19:19 BLOC_B_SERIE_DU_JOUR              1m57s      1m54s      -3s  ✅  Cantique des Cantiques 7
07:21:13 BLOC_B_SERIE_DU_JOUR              2m29s      2m26s      -3s  ✅  Cantique des Cantiques 8
07:23:39 BLOC_B_SERIE_DU_JOUR              4m34s      4m32s      -2s  ✅  Esdras 7
07:28:11 BLOC_B_SERIE_DU_JOUR              0m10s      0m07s      -3s  ✅  jingle avant louange 06 que la louange seleve
07:28:18 BLOC_B_SERIE_DU_JOUR              6m07s      6m05s      -2s  ✅  There Is Forgiveness In Thee - SWBN TV
07:34:23 BLOC_B_SERIE_DU_JOUR              6m09s      6m07s      -2s  ✅  Hymne des vainqueurs
07:40:30 BLOC_B_SERIE_DU_JOUR             10m38s     10m36s      -2s  ✅  Be Exalted - PHF
07:51:06 BLOC_B_SERIE_DU_JOUR              4m20s      4m18s      -2s  ✅  There's A Mighty River Flowing - SWBN TV
07:55:24 BLOC_B_SERIE_DU_JOUR              3m24s      3m21s      -3s  ✅  Cantique sa miséricorde
07:58:45 BLOC_B_SERIE_DU_JOUR             10m25s     10m24s      -1s  ✅  Holy Are You - PHF
08:09:09 BLOC_B_SERIE_DU_JOUR              4m53s      4m49s      -4s  ✅  Cantique Jahweh, Tu es élevé au dessus de tout (1)
08:13:58 BLOC_B_SERIE_DU_JOUR              8m37s      8m35s      -2s  ✅  He Has Given Me & Emmanuel You Joy Over Us (Medley) (Abasiama Timothy & Imah Adegoke)
08:22:33 BLOC_B_SERIE_DU_JOUR              7m29s      7m26s      -3s  ✅  Hallelujah - PHF
08:29:59 BLOC_B_SERIE_DU_JOUR              0m13s      0m12s      -1s  ✅  jingle avant bible 07 place a la lecture de la bible
08:30:11 BLOC_B_SERIE_DU_JOUR              2m56s      2m52s      -4s  ✅  Sophonie 1
08:33:03 BLOC_B_SERIE_DU_JOUR              2m46s      2m44s      -2s  ✅  Sophonie 2
08:35:47 BLOC_B_SERIE_DU_JOUR              3m46s      3m43s      -3s  ✅  Sophonie 3
08:39:30 BLOC_B_SERIE_DU_JOUR              2m21s      2m19s      -2s  ✅  Ecclésiaste 1
08:41:49 BLOC_B_SERIE_DU_JOUR              4m17s      4m15s      -2s  ✅  Ecclésiaste 2
08:46:04 BLOC_B_SERIE_DU_JOUR              2m50s      2m47s      -3s  ✅  Ecclésiaste 3
08:48:51 BLOC_B_SERIE_DU_JOUR              2m23s      2m21s      -2s  ✅  Ecclésiaste 4
08:51:12 BLOC_B_SERIE_DU_JOUR              3m17s      3m15s      -2s  ✅  Ecclésiaste 5
08:54:27 BLOC_B_SERIE_DU_JOUR              1m50s      1m47s      -3s  ✅  Ecclésiaste 6
08:56:14 BLOC_B_SERIE_DU_JOUR              3m44s      3m41s      -3s  ✅  Ecclésiaste 7
08:59:55 BLOC_B_SERIE_DU_JOUR              0m13s      0m11s      -2s  ✅  jingle avant louange 07 voici un temps de louange
09:00:06 BLOC_B_SERIE_DU_JOUR              4m04s      4m01s      -3s  ✅  Ascribe Greatness - PHF
09:04:07 BLOC_B_SERIE_DU_JOUR              8m41s      8m38s      -3s  ✅  Unto Him (Vincent Opara)
09:12:45 BLOC_B_SERIE_DU_JOUR              3m41s      3m39s      -2s  ✅  Adorons l'Éternel GAEL - JÉSUS EST SEIGNEUR -
09:16:24 BLOC_B_SERIE_DU_JOUR              6m06s      6m04s      -2s  ✅  cantique  ta bonte
09:22:28 BLOC_B_SERIE_DU_JOUR              7m25s      7m22s      -3s  ✅  Victorious Is the Lamb - Winnipeg Fellowship
09:29:50 BLOC_B_SERIE_DU_JOUR              8m21s      8m20s      -1s  ✅  In the Day of Your Power  - Winnipeg Fellowship
09:38:10 BLOC_B_SERIE_DU_JOUR              5m47s      5m44s      -3s  ✅  We Ascribe Greatness - Abuja HF
09:43:54 BLOC_B_SERIE_DU_JOUR              8m30s      8m28s      -2s  ✅  We Worship Adonai - PHF
09:52:22 BLOC_B_SERIE_DU_JOUR              8m25s      8m22s      -3s  ✅  The Mountains, Come and, Oh City - Ketu HF
10:00:44 BLOC_B_SERIE_DU_JOUR              0m09s      0m07s      -2s  ✅  jingle avant bible 08 prenons un moment pour ecouter la parole
10:00:51 BLOC_B_SERIE_DU_JOUR              3m26s      3m23s      -3s  ✅  Éphésiens 1
10:04:14 BLOC_B_SERIE_DU_JOUR              3m16s      3m14s      -2s  ✅  Éphésiens 2
10:07:28 BLOC_B_SERIE_DU_JOUR              2m56s      2m54s      -2s  ✅  Éphésiens 3
10:10:22 BLOC_B_SERIE_DU_JOUR              4m53s      4m51s      -2s  ✅  Éphésiens 4
10:15:13 BLOC_B_SERIE_DU_JOUR              4m12s      4m09s      -3s  ✅  Éphésiens 5
10:19:22 BLOC_B_SERIE_DU_JOUR              3m21s      3m18s      -3s  ✅  Éphésiens 6
10:22:40 BLOC_B_SERIE_DU_JOUR              3m16s      3m13s      -3s  ✅  1 Timothée 1
10:25:53 BLOC_B_SERIE_DU_JOUR              2m10s      2m07s      -3s  ✅  1 Timothée 2
10:28:00 BLOC_B_SERIE_DU_JOUR              2m24s      2m22s      -2s  ✅  1 Timothée 3
10:30:22 BLOC_B_SERIE_DU_JOUR              2m29s      2m27s      -2s  ✅  1 Timothée 4
10:32:49 BLOC_B_SERIE_DU_JOUR              3m45s      3m42s      -3s  ✅  1 Timothée 5
10:36:31 BLOC_B_SERIE_DU_JOUR              3m53s      3m50s      -3s  ✅  1 Timothée 6
10:40:21 BLOC_B_SERIE_DU_JOUR              4m33s      4m30s      -3s  ✅  1 Pierre 1
10:44:51 BLOC_B_SERIE_DU_JOUR              0m11s      0m09s      -2s  ✅  jingle avant louange 05 elevons nos coeurs vers dieu
10:45:00 BLOC_B_SERIE_DU_JOUR              6m02s      5m59s      -3s  ✅  Crown Him Lord of Lords - Nonso Njoku
10:50:59 BLOC_B_SERIE_DU_JOUR              5m58s      5m55s      -3s  ✅  In Jesus - PHF
10:56:54 BLOC_B_SERIE_DU_JOUR              6m02s      6m00s      -2s  ✅  Satisfy My Soul - Calabar HF
11:02:54 BLOC_B_SERIE_DU_JOUR              3m10s      3m07s      -3s  ✅  la Parole
11:06:01 BLOC_B_SERIE_DU_JOUR              4m13s      4m12s      -1s  ✅  4 minutes
11:10:13 BLOC_B_SERIE_DU_JOUR              5m33s      5m29s      -4s  ✅  He Shall Feed His Flock - I Want to walk  - Ketu HF
11:15:42 BLOC_B_SERIE_DU_JOUR              4m48s      4m46s      -2s  ✅  Yeshua I'm Waiting for You  - Ketu HF
11:20:28 BLOC_B_SERIE_DU_JOUR              6m12s      6m09s      -3s  ✅  The King is Here (Abasiama Timothy)
11:26:37 BLOC_B_SERIE_DU_JOUR              5m52s      5m49s      -3s  ✅  Where Two or Three are Gathered - Calabar HF
11:32:26 BLOC_B_SERIE_DU_JOUR              9m43s      9m41s      -2s  ✅  Thy Throne Oh Lord - Ketu HF
11:42:07 BLOC_B_SERIE_DU_JOUR              6m13s      6m10s      -3s  ✅  Immortal God - Elohim Adonai - Abuja HF
11:48:17 BLOC_B_SERIE_DU_JOUR              0m09s      0m09s      +0s  ✅  jingle id station 01 la bonne nouvelle partout
11:48:26 BLOC_B_SERIE_DU_JOUR              3m17s      3m15s      -2s  ✅  Galates 1
11:51:41 BLOC_B_SERIE_DU_JOUR              4m08s      4m06s      -2s  ✅  Galates 2
11:55:47 BLOC_B_SERIE_DU_JOUR              4m50s      4m56s      +6s  ✅  Galates 3
12:00:43 BLOC_C_SERIE_DU_JOUR             13m20s     13m17s      -3s  ✅  2020 tian le pardon 4
12:14:00 BLOC_C_SERIE_DU_JOUR              0m10s      0m08s      -2s  ✅  jingle avant bible 06 ouvrons les saintes ecritures
12:14:08 BLOC_C_SERIE_DU_JOUR              3m01s      2m59s      -2s  ✅  Deutéronome 25
12:17:07 BLOC_C_SERIE_DU_JOUR              3m42s      3m39s      -3s  ✅  Deutéronome 26
12:20:46 BLOC_C_SERIE_DU_JOUR              3m42s      3m40s      -2s  ✅  Deutéronome 27
12:24:26 BLOC_C_SERIE_DU_JOUR             11m07s     11m05s      -2s  ✅  Deutéronome 28
12:35:31 BLOC_C_SERIE_DU_JOUR              5m00s      4m57s      -3s  ✅  Deutéronome 29
12:40:28 BLOC_C_SERIE_DU_JOUR              3m52s      3m50s      -2s  ✅  Deutéronome 30
12:44:18 BLOC_C_SERIE_DU_JOUR              5m56s      5m54s      -2s  ✅  Deutéronome 31
12:50:12 BLOC_C_SERIE_DU_JOUR              7m45s      7m42s      -3s  ✅  Deutéronome 32
12:57:54 BLOC_C_SERIE_DU_JOUR              4m49s      4m47s      -2s  ✅  Deutéronome 33
13:02:41 BLOC_C_SERIE_DU_JOUR              1m57s      1m54s      -3s  ✅  Deutéronome 34
13:04:35 BLOC_C_SERIE_DU_JOUR              2m07s      2m05s      -2s  ✅  2 Jean 1
13:06:40 BLOC_C_SERIE_DU_JOUR              4m03s      4m00s      -3s  ✅  Apocalypse 19
13:10:40 BLOC_C_SERIE_DU_JOUR              3m06s      3m03s      -3s  ✅  Apocalypse 20
13:13:43 BLOC_C_SERIE_DU_JOUR              0m10s      0m08s      -2s  ✅  jingle avant louange 06 que la louange seleve
13:13:51 BLOC_C_SERIE_DU_JOUR              6m41s      6m39s      -2s  ✅  6 minutes
13:20:30 BLOC_C_SERIE_DU_JOUR              3m22s      3m19s      -3s  ✅  Ses cheveux étaient blancs..
13:23:49 BLOC_C_SERIE_DU_JOUR              8m10s      8m08s      -2s  ✅  Agunechemba - SWBN TV
13:31:57 BLOC_C_SERIE_DU_JOUR              6m56s      6m53s      -3s  ✅  As We Worship In Ypur Presence
13:38:50 BLOC_C_SERIE_DU_JOUR              4m19s      4m17s      -2s  ✅  I Know The Blood - PHF
13:43:07 BLOC_C_SERIE_DU_JOUR              4m21s      4m18s      -3s  ✅  Sing Hallelujah - Abuja HF
13:47:25 BLOC_C_SERIE_DU_JOUR              9m23s      9m21s      -2s  ✅  Thou art Worthy Lord - PHF
13:56:46 BLOC_C_SERIE_DU_JOUR              8m18s      8m15s      -3s  ✅  Yahweh Is Mighty - SWBN TV
14:05:01 BLOC_C_SERIE_DU_JOUR              2m57s      2m55s      -2s  ✅  You Are the Captain of the Host - Toronto HF
14:07:56 BLOC_C_SERIE_DU_JOUR              5m19s      5m17s      -2s  ✅  Gabrielle LIDJI - Mélodie Céleste  by LFXA(Light FX Animation)_2
14:13:13 BLOC_C_SERIE_DU_JOUR              0m13s      0m10s      -3s  ✅  jingle avant bible 07 place a la lecture de la bible
14:13:23 BLOC_C_SERIE_DU_JOUR              3m58s      3m56s      -2s  ✅  Ézéchiel 41
14:17:19 BLOC_C_SERIE_DU_JOUR              3m09s      3m07s      -2s  ✅  Ézéchiel 42
14:20:26 BLOC_C_SERIE_DU_JOUR              4m37s      4m34s      -3s  ✅  Ézéchiel 43
14:25:00 BLOC_C_SERIE_DU_JOUR              5m32s      5m30s      -2s  ✅  Ézéchiel 44
14:30:30 BLOC_C_SERIE_DU_JOUR              4m20s      4m17s      -3s  ✅  Ézéchiel 45
14:34:47 BLOC_C_SERIE_DU_JOUR              4m20s      4m17s      -3s  ✅  Ézéchiel 46
14:39:04 BLOC_C_SERIE_DU_JOUR              4m08s      4m05s      -3s  ✅  Ézéchiel 47
14:43:09 BLOC_C_SERIE_DU_JOUR              0m13s      0m11s      -2s  ✅  jingle avant louange 07 voici un temps de louange
14:43:20 BLOC_C_SERIE_DU_JOUR              4m03s      4m00s      -3s  ✅  I Will Not Be Silent - Calabar HF
14:47:20 BLOC_C_SERIE_DU_JOUR              5m28s      5m26s      -2s  ✅  même humilié
14:52:46 BLOC_C_SERIE_DU_JOUR              5m45s      5m42s      -3s  ✅  Ella Samuels - Oh Lord Our Maker
14:58:28 BLOC_C_SERIE_DU_JOUR              9m14s      9m12s      -2s  ✅  A jamais, tu seras l Agneau de Dieu
15:07:40 BLOC_C_SERIE_DU_JOUR              7m20s      7m18s      -2s  ✅  The Glory -  PHF
15:14:58 BLOC_C_SERIE_DU_JOUR              4m11s      4m08s      -3s  ✅  Cantique   Oh Éternel Dieu, Tu es le Dieu Incomparable
15:19:06 BLOC_C_SERIE_DU_JOUR              7m21s      7m18s      -3s  ✅  For By My God - Toronto & Winnipeg HF
15:26:24 BLOC_C_SERIE_DU_JOUR              4m14s      4m12s      -2s  ✅  Mon modèle, c est Jésus
15:30:36 BLOC_C_SERIE_DU_JOUR              5m21s      5m19s      -2s  ✅  By the word of the lord - Ketu HF
15:35:55 BLOC_C_SERIE_DU_JOUR              3m04s      3m01s      -3s  ✅  The Lord is my Light and Salvation - Nonso Njoku
15:38:56 BLOC_C_SERIE_DU_JOUR              4m40s      4m37s      -3s  ✅  All in All - CHF
15:43:33 BLOC_C_SERIE_DU_JOUR              0m09s      0m07s      -2s  ✅  jingle avant bible 08 prenons un moment pour ecouter la parole
15:43:40 BLOC_C_SERIE_DU_JOUR              2m59s      2m56s      -3s  ✅  2 Timothée 1
15:46:36 BLOC_C_SERIE_DU_JOUR              3m52s      3m50s      -2s  ✅  2 Timothée 2
15:50:26 BLOC_C_SERIE_DU_JOUR              2m37s      2m34s      -3s  ✅  2 Timothée 3
15:53:00 BLOC_C_SERIE_DU_JOUR              3m09s      3m07s      -2s  ✅  2 Timothée 4
15:56:07 BLOC_C_SERIE_DU_JOUR              2m43s      2m40s      -3s  ✅  Aggée 1
15:58:47 BLOC_C_SERIE_DU_JOUR              3m58s      3m55s      -3s  ✅  Aggée 2
16:02:42 BLOC_C_SERIE_DU_JOUR              1m49s      1m47s      -2s  ✅  1 Thessaloniciens 1
16:04:29 BLOC_C_SERIE_DU_JOUR              3m29s      3m26s      -3s  ✅  1 Thessaloniciens 2
16:07:55 BLOC_C_SERIE_DU_JOUR              2m13s      2m10s      -3s  ✅  1 Thessaloniciens 3
16:10:05 BLOC_C_SERIE_DU_JOUR              3m03s      3m02s      -1s  ✅  1 Thessaloniciens 4
16:13:07 BLOC_C_SERIE_DU_JOUR              3m04s      3m01s      -3s  ✅  1 Thessaloniciens 5
16:16:08 BLOC_C_SERIE_DU_JOUR              2m43s      2m40s      -3s  ✅  Tite 1
16:18:48 BLOC_C_SERIE_DU_JOUR              2m10s      2m08s      -2s  ✅  Tite 2
16:20:56 BLOC_C_SERIE_DU_JOUR              2m22s      2m19s      -3s  ✅  Tite 3
16:23:15 BLOC_C_SERIE_DU_JOUR              3m57s      3m55s      -2s  ✅  Jacques 1
16:27:10 BLOC_C_SERIE_DU_JOUR              0m11s      0m08s      -3s  ✅  jingle avant louange 05 elevons nos coeurs vers dieu
16:27:18 BLOC_C_SERIE_DU_JOUR             10m24s     10m21s      -3s  ✅  Shine in Darkness O Lord  - Winnipeg Fellowship
16:37:39 BLOC_C_SERIE_DU_JOUR              2m20s      2m18s      -2s  ✅  cantique  heureux l homme qui ne marche pas selon
16:39:57 BLOC_C_SERIE_DU_JOUR              3m12s      3m10s      -2s  ✅  esprit de dieu
16:43:07 BLOC_C_SERIE_DU_JOUR              6m30s      6m27s      -3s  ✅  Praise the Lord of Host - Toronto HF
16:49:34 BLOC_C_SERIE_DU_JOUR              9m24s      9m21s      -3s  ✅  I See Your Face - Toronto HF
16:58:55 BLOC_C_SERIE_DU_JOUR              7m09s      7m07s      -2s  ✅  You're the Lamb (Abasiama Timothy)
17:06:02 BLOC_C_SERIE_DU_JOUR              6m54s      6m52s      -2s  ✅  There is no Lie (Imah Adegoke & Mary Umoh)
17:12:54 BLOC_C_SERIE_DU_JOUR              7m18s      7m16s      -2s  ✅  Holy is the Lord (Emmanuel Umoh)
17:20:10 BLOC_C_SERIE_DU_JOUR              5m04s      5m10s      +6s  ✅  I Enter The Holy of Holies - Port Harcourt HF
17:25:20 BLOC_C_SERIE_DU_JOUR              3m56s      3m54s      -2s  ✅  Lamentations 4
17:29:14 BLOC_C_SERIE_DU_JOUR              2m20s      2m17s      -3s  ✅  Lamentations 5
17:31:31 BLOC_C_SERIE_DU_JOUR              2m37s      2m35s      -2s  ✅  Michée 1
17:34:06 BLOC_C_SERIE_DU_JOUR              2m20s      2m18s      -2s  ✅  Michée 2
17:36:24 BLOC_C_SERIE_DU_JOUR              2m05s      2m02s      -3s  ✅  Michée 3
17:38:26 BLOC_C_SERIE_DU_JOUR              2m34s      2m31s      -3s  ✅  Michée 4
17:40:57 BLOC_C_SERIE_DU_JOUR              2m20s      2m18s      -2s  ✅  Michée 5
17:43:15 BLOC_C_SERIE_DU_JOUR              2m37s      2m34s      -3s  ✅  Michée 6
17:45:49 BLOC_C_SERIE_DU_JOUR              0m09s      0m09s      +0s  ✅  jingle id station 01 la bonne nouvelle partout
17:45:58 BLOC_C_SERIE_DU_JOUR              6m19s      6m17s      -2s  ✅  Unto Him - CHF
17:52:15 BLOC_C_SERIE_DU_JOUR              6m15s      6m13s      -2s  ✅  Oh Lord I Want to Know Your Glory - Port Harcourt HF
17:58:28 BLOC_C_SERIE_DU_JOUR              7m46s      7m44s      -2s  ✅  Arise Out of Zion  - Winnipeg Fellowship
18:06:12 BLOC_D_SERIE_DU_JOUR              0m10s      0m10s      +0s  ✅  jingle avant message 01 voici le message du jour
18:06:22 BLOC_D_SERIE_DU_JOUR             13m20s     13m18s      -2s  ✅  2020 tian le pardon 4
18:19:40 BLOC_D_SERIE_DU_JOUR              0m09s      0m06s      -3s  ✅  jingle avant bible 08 prenons un moment pour ecouter la parole
18:19:46 BLOC_D_SERIE_DU_JOUR              3m00s      2m58s      -2s  ✅  Jonas 1
18:22:44 BLOC_D_SERIE_DU_JOUR              1m22s      1m19s      -3s  ✅  Jonas 2
18:24:03 BLOC_D_SERIE_DU_JOUR              1m36s      1m34s      -2s  ✅  Jonas 3
18:25:37 BLOC_D_SERIE_DU_JOUR              1m57s      1m55s      -2s  ✅  Jonas 4
18:27:32 BLOC_D_SERIE_DU_JOUR              4m35s      4m32s      -3s  ✅  Colossiens 1
18:32:04 BLOC_D_SERIE_DU_JOUR              3m46s      3m44s      -2s  ✅  Colossiens 2
18:35:48 BLOC_D_SERIE_DU_JOUR              3m44s      3m41s      -3s  ✅  Colossiens 3
18:39:29 BLOC_D_SERIE_DU_JOUR              2m56s      2m54s      -2s  ✅  Colossiens 4
18:42:23 BLOC_D_SERIE_DU_JOUR              3m07s      3m05s      -2s  ✅  1 Corinthiens 16
18:45:28 BLOC_D_SERIE_DU_JOUR              3m42s      3m39s      -3s  ✅  2 Pierre 1
18:49:07 BLOC_D_SERIE_DU_JOUR              4m04s      4m01s      -3s  ✅  2 Pierre 2
18:53:08 BLOC_D_SERIE_DU_JOUR              3m17s      3m14s      -3s  ✅  2 Pierre 3
18:56:22 BLOC_D_SERIE_DU_JOUR              2m30s      2m28s      -2s  ✅  Amos 8
18:58:50 BLOC_D_SERIE_DU_JOUR              2m56s      2m54s      -2s  ✅  Amos 9
19:01:44 BLOC_D_SERIE_DU_JOUR              5m46s      5m44s      -2s  ✅  Juges 1
19:07:28 BLOC_D_SERIE_DU_JOUR              4m00s      3m57s      -3s  ✅  Juges 2
19:11:25 BLOC_D_SERIE_DU_JOUR              5m18s      5m16s      -2s  ✅  Juges 3
19:16:41 BLOC_D_SERIE_DU_JOUR              0m13s      0m11s      -2s  ✅  jingle avant louange 07 voici un temps de louange
19:16:52 BLOC_D_SERIE_DU_JOUR              6m57s      6m54s      -3s  ✅  The Lord on High is Mightier - Toronto HF
19:23:46 BLOC_D_SERIE_DU_JOUR              5m21s      5m18s      -3s  ✅  We Shall Not Fear - Nonso Njoku
19:29:04 BLOC_D_SERIE_DU_JOUR              7m37s      7m35s      -2s  ✅  Cantiques  Il a pris mes iniquités
19:36:39 BLOC_D_SERIE_DU_JOUR              8m22s      8m19s      -3s  ✅  Yeshua Hamashiach - Calabar HF
19:44:58 BLOC_D_SERIE_DU_JOUR              6m06s      6m04s      -2s  ✅  Good God - Asaba Fellowship
19:51:02 BLOC_D_SERIE_DU_JOUR              8m31s      8m29s      -2s  ✅  Holy Holy - Abuja HF
19:59:31 BLOC_D_SERIE_DU_JOUR              5m04s      5m01s      -3s  ✅  Guide Me - El ELyon - Abuja HF
20:04:32 BLOC_D_SERIE_DU_JOUR              4m52s      4m50s      -2s  ✅  cantique   prends tout le contrôle
20:09:22 BLOC_D_SERIE_DU_JOUR              0m13s      0m11s      -2s  ✅  jingle avant bible 07 place a la lecture de la bible
20:09:33 BLOC_D_SERIE_DU_JOUR              3m37s      3m36s      -1s  ✅  Nombres 27
20:13:09 BLOC_D_SERIE_DU_JOUR              4m29s      4m25s      -4s  ✅  Nombres 28
20:17:34 BLOC_D_SERIE_DU_JOUR              5m20s      5m18s      -2s  ✅  Nombres 29
20:22:52 BLOC_D_SERIE_DU_JOUR              2m47s      2m44s      -3s  ✅  Nombres 30
20:25:36 BLOC_D_SERIE_DU_JOUR              6m36s      6m33s      -3s  ✅  Nombres 31
20:32:09 BLOC_D_SERIE_DU_JOUR              6m02s      6m00s      -2s  ✅  Nombres 32
20:38:09 BLOC_D_SERIE_DU_JOUR              0m11s      0m08s      -3s  ✅  jingle avant louange 05 elevons nos coeurs vers dieu
20:38:17 BLOC_D_SERIE_DU_JOUR              7m17s      7m15s      -2s  ✅  cantique  tes promesses  pub direct dec 2021 import (2)
20:45:32 BLOC_D_SERIE_DU_JOUR              8m58s      8m55s      -3s  ✅  El Elyon - Toronto & Winnipeg HF
20:54:27 BLOC_D_SERIE_DU_JOUR              6m10s      6m07s      -3s  ✅  That I May Know Him - Toronto HF
21:00:34 BLOC_D_SERIE_DU_JOUR              5m13s      5m11s      -2s  ✅  Il s'appelait Emmanuel - Marcel Boungou + Paroles
21:05:45 BLOC_D_SERIE_DU_JOUR              4m33s      4m32s      -1s  ✅  God is Building - Will You Be - Ketu HF
21:10:17 BLOC_D_SERIE_DU_JOUR              4m18s      4m14s      -4s  ✅  You Are Worthy - Ketu HF
21:14:31 BLOC_D_SERIE_DU_JOUR              9m31s      9m28s      -3s  ✅  15 at 01.33.50 (1)(1)
21:23:59 BLOC_D_SERIE_DU_JOUR              5m50s      5m48s      -2s  ✅  Jesus I'm Waiting for You (Mary Umoh)
21:29:47 BLOC_D_SERIE_DU_JOUR              5m22s      5m28s      +6s  ✅  God's Got An Army - PHF
21:35:15 BLOC_D_SERIE_DU_JOUR              5m50s      5m47s      -3s  ✅  2 Samuel 22
21:41:02 BLOC_D_SERIE_DU_JOUR              5m49s      5m47s      -2s  ✅  2 Samuel 23
21:46:49 BLOC_D_SERIE_DU_JOUR              4m58s      4m55s      -3s  ✅  2 Samuel 24
21:51:44 BLOC_D_SERIE_DU_JOUR              3m53s      3m51s      -2s  ✅  Actes 1
21:55:35 BLOC_D_SERIE_DU_JOUR              6m21s      6m19s      -2s  ✅  Actes 2
22:01:54 BLOC_D_SERIE_DU_JOUR              3m35s      3m32s      -3s  ✅  Actes 3
22:05:26 BLOC_D_SERIE_DU_JOUR              5m24s      5m22s      -2s  ✅  Actes 4
22:10:48 BLOC_D_SERIE_DU_JOUR              6m31s      6m29s      -2s  ✅  Actes 5
22:17:17 BLOC_D_SERIE_DU_JOUR              0m10s      0m08s      -2s  ✅  jingle avant louange 06 que la louange seleve
22:17:25 BLOC_D_SERIE_DU_JOUR              7m09s      7m06s      -3s  ✅  There is A Mighty River Flowing - Ketu HF
22:24:31 BLOC_D_SERIE_DU_JOUR              5m10s      5m08s      -2s  ✅  I Will Call Upon The Lord
22:29:39 BLOC_D_SERIE_DU_JOUR              4m08s      4m05s      -3s  ✅  I Choose the Way of the Lord - Abuja HF
22:33:44 BLOC_D_SERIE_DU_JOUR              5m52s      5m50s      -2s  ✅  Not Naked (Abasiama Timothy)
22:39:34 BLOC_D_SERIE_DU_JOUR              5m15s      5m13s      -2s  ✅  Yahweh Be Praised - Abuja HF
22:44:47 BLOC_D_SERIE_DU_JOUR              7m36s      7m33s      -3s  ✅  There Is No Lie - SWBN TV
22:52:20 BLOC_D_SERIE_DU_JOUR              4m44s      4m42s      -2s  ✅  Je veux vivre ton royaume
22:57:02 BLOC_D_SERIE_DU_JOUR              5m48s      5m46s      -2s  ✅  Forever You Reign - Abuja HF
23:02:48 BLOC_D_SERIE_DU_JOUR              4m11s      4m08s      -3s  ✅  jai donné ma vie à jésus (1)
23:06:56 BLOC_D_SERIE_DU_JOUR             10m47s     10m44s      -3s  ✅  Abba, Singing a, I Will Sing - Ketu HF
23:17:40 BLOC_D_SERIE_DU_JOUR              0m09s      0m10s      +1s  ✅  jingle id station 02 radio evangile du royaume
23:17:50 BLOC_D_SERIE_DU_JOUR             10m31s     10m29s      -2s  ✅  Jérémie 51
23:28:19 BLOC_D_SERIE_DU_JOUR              5m36s      5m33s      -3s  ✅  Jérémie 52
23:33:52 BLOC_E_LOUANGE_NUIT               3m22s      3m20s      -2s  ✅  Ses cheveux étaient blancs..
23:37:12 BLOC_E_LOUANGE_NUIT               4m11s      4m08s      -3s  ✅  jai donné ma vie à jésus (1)
23:41:20 BLOC_E_LOUANGE_NUIT               5m45s      5m42s      -3s  ✅  How Precious Oh Lord
23:47:02 BLOC_E_LOUANGE_NUIT               6m06s      6m04s      -2s  ✅  cantique  ta bonte
23:53:06 BLOC_E_LOUANGE_NUIT              11m01s      8m32s    -149s  ❌ COUPÉ  Great is, Ascribe - Ketu HF
----------------------------------------------------------------------------------------------------
Bilan : 337 titres, 1 anomalie(s) (titre coupé de plus de 10s ou trou d'antenne). Gravité : 0 mineure(s) <1min · 1 sérieuse(s) 1-10min · 0 critique(s) >10min.

====================================================================================================
CONTRÔLES APPROFONDIS
====================================================================================================
MESSAGE DU JOUR « Tian Le pardon 4 » : 5 diffusion(s) pour 4 prévue(s) ❌
   00:05:31  (étiquette BLOC_A_SERIE_DU_JOUR)
   06:00:12  (étiquette BLOC_B_SERIE_DU_JOUR)
   06:13:35  (étiquette BLOC_B_SERIE_DU_JOUR)  ⚠️ DOUBLE RAPPROCHÉ (rejoué juste après la diffusion précédente)
   12:00:43  (étiquette BLOC_C_SERIE_DU_JOUR)
   18:06:22  (étiquette BLOC_D_SERIE_DU_JOUR)
   → diffusions en trop = reboucle d'un bloc avant la fin de sa fenêtre (l'étiquette playlist des fichiers partagés n'est pas fiable, se fier aux heures).
JINGLES : 28 joués / 36 prévus (78%) ⚠️   ·   BLOC_A 5/9 · BLOC_B 9/9 · BLOC_C 7/9 · BLOC_D 7/9
HORS FENÊTRE : aucun débordement de bloc détecté ✅
BOUCHE-TROUS : 1 titre(s) hors plan sans playlist ⚠️
   00:01:42  ?  (3m49s)
COUVERTURE : premier titre à 00:01:42 ✅ · dernier titre finit vers 00:04:07 (estimé) ✅

====================================================================================================
RÉEL vs PRÉVU — ce qui a joué vs ce que le plan prévoyait
====================================================================================================
----------------------------------------------------------------------------------------------------
BLOC_A  (00:00-06:00)  prévus  97 · atteignables  94 · joués  91 · conformité  95% · sautés  5 · en trop  2
   ⏭️  PRÉVU NON JOUÉ : jingle avant message 04 bienvenue sur parole prophetique fm · jingle avant bible 08 prenons un moment pour ecouter la parole · jingle avant louange 07 voici un temps de louange · jingle avant bible 07 place a la lecture de la bible · jingle avant louange 05 elevons nos coeurs vers dieu
   ➕  JOUÉ NON PRÉVU : ? · jingle avant message 04 bienvenue sur parole prophetique fm
   ⏸️  FIN DE BLOC NON ATTEINTE (3 titres · ~20m47s) — marge anti-rebouclage au-delà de la fenêtre, normal : We Shall Come - Asaba Fellowship · You Have sworn By Your Holiness - Chidera Bisong · My Heart Rejoices - Toronto HF
----------------------------------------------------------------------------------------------------
BLOC_B  (06:00-12:00)  prévus  94 · atteignables  87 · joués  89 · conformité 100% · sautés  0 · en trop  2
   ➕  JOUÉ NON PRÉVU : jingle avant message 03 vous ecoutez parole prophetique fm · 2020 tian le pardon 4
   ⏸️  FIN DE BLOC NON ATTEINTE (7 titres · ~34m01s) — marge anti-rebouclage au-delà de la fenêtre, normal : Galates 4 · Galates 5 · jingle id station 02 radio evangile du royaume · We Bless You Wonderful God  - Winnipeg Fellowship · Jesus is Alpha - PHF · Song Of Victory - Emmanuel Igunbor  …(+1)
----------------------------------------------------------------------------------------------------
BLOC_C  (12:00-18:00)  prévus  87 · atteignables  86 · joués  84 · conformité  98% · sautés  2 · en trop  0
   ⏭️  PRÉVU NON JOUÉ : jingle avant message 05 vous etes a lecoute de levangile du royaume · JINGLE
   ⏸️  FIN DE BLOC NON ATTEINTE (1 titres · ~6m57s) — marge anti-rebouclage au-delà de la fenêtre, normal : qui est digne d ouvrir le livre
----------------------------------------------------------------------------------------------------
BLOC_D  (18:00-23:30)  prévus  74 · atteignables  69 · joués  68 · conformité  99% · sautés  1 · en trop  0
   ⏭️  PRÉVU NON JOUÉ : jingle avant bible 06 ouvrons les saintes ecritures
   ⏸️  FIN DE BLOC NON ATTEINTE (5 titres · ~27m45s) — marge anti-rebouclage au-delà de la fenêtre, normal : Abdias 1 · jingle id station 01 la bonne nouvelle partout · There is no name  - Winnipeg Fellowship · Great is, Ascribe - Ketu HF · Now is Come Salvation - Toronto HF
----------------------------------------------------------------------------------------------------
CONFORMITÉ GLOBALE : 328/336 titres atteignables joués dans l'ordre = 98%  (4 titre(s) hors plan · 16 non atteint(s) en fin de bloc, marge normale)
