====================================================================================================
MONITEUR RADIO — 2026-07-27 (synthèse des 3 rapports + plan, heures UTC)
====================================================================================================
État : ❌ incident(s) détecté(s)  ·  diffusion : 2 coupure(s)/trou(s), 0 double(s) message  ·  serveur : 108 incident(s)
SERVEUR (liquidsoap_events) :
   00:01:18  🌐 échec réseau AzuraCast/Liquidsoap  (×2)
   00:01:18  💥 crash Liquidsoap (redémarrage automatique)  (×2)
   00:01:22  🔇 bascule sur jingle d'erreur (silence potentiel)  (×3)
   23:32:28  🌐 échec réseau AzuraCast/Liquidsoap  (×101)
RESET MINUIT : restart confirmé vers 00:02:00 · 3 contrôle(s) · ⚠️ doublon vu dans la file
INCIDENTS CORRÉLÉS (anomalie de diffusion ↔ cause serveur probable) :
   00:01:28  TROU 99s « jingle avant message 03 vous ecoutez parole prophetique fm »
          ↳ cause probable 00:01:22 : 🔇 bascule sur jingle d'erreur (silence potentiel)
   23:56:48  COUPÉ 131s « There is no Lie (Imah Adegoke & Mary Umoh) »
          ↳ aucune cause serveur à proximité (voir CONTRÔLES APPROFONDIS et RÉEL vs PRÉVU ci-dessous)
(Détail titre par titre, contrôles approfondis et RÉEL vs PRÉVU ci-dessous.)
Rapport de diffusion — 2026-07-27 (heures UTC)
314 titres joués | tolérance ±10s
====================================================================================================
HEURE    PLAYLIST                     FICHIER          RÉEL    ÉCART  STATUT  TITRE
----------------------------------------------------------------------------------------------------
00:01:28 BLOC_A_SERIE_DU_JOUR              0m09s      1m48s     +99s  ⚠️ TROU APRÈS  jingle avant message 03 vous ecoutez parole prophetique fm
00:03:16 BLOC_A_SERIE_DU_JOUR              9m37s      9m43s      +6s  ✅  amc tian combat spirituel 4
00:12:59 BLOC_A_SERIE_DU_JOUR              2m22s      2m20s      -2s  ✅  Ésaïe 27
00:15:19 BLOC_A_SERIE_DU_JOUR              5m10s      5m07s      -3s  ✅  Ésaïe 28
00:20:26 BLOC_A_SERIE_DU_JOUR              4m23s      4m20s      -3s  ✅  Ésaïe 29
00:24:46 BLOC_A_SERIE_DU_JOUR              6m02s      6m00s      -2s  ✅  Ésaïe 30
00:30:46 BLOC_A_SERIE_DU_JOUR              2m03s      2m00s      -3s  ✅  Ésaïe 31
00:32:46 BLOC_A_SERIE_DU_JOUR              2m50s      2m47s      -3s  ✅  Ésaïe 32
00:35:33 BLOC_A_SERIE_DU_JOUR              4m09s      4m07s      -2s  ✅  Ésaïe 33
00:39:40 BLOC_A_SERIE_DU_JOUR              2m57s      2m54s      -3s  ✅  Ésaïe 34
00:42:34 BLOC_A_SERIE_DU_JOUR              1m58s      1m55s      -3s  ✅  Ésaïe 35
00:44:29 BLOC_A_SERIE_DU_JOUR              4m07s      4m05s      -2s  ✅  Ésaïe 36
00:48:34 BLOC_A_SERIE_DU_JOUR              7m01s      6m58s      -3s  ✅  Ésaïe 37
00:55:32 BLOC_A_SERIE_DU_JOUR              3m53s      3m50s      -3s  ✅  Ésaïe 38
00:59:22 BLOC_A_SERIE_DU_JOUR              1m42s      1m40s      -2s  ✅  Ésaïe 39
01:01:02 BLOC_A_SERIE_DU_JOUR              5m12s      5m10s      -2s  ✅  Ésaïe 40
01:06:12 BLOC_A_SERIE_DU_JOUR              5m25s      5m23s      -2s  ✅  Ésaïe 41
01:11:35 BLOC_A_SERIE_DU_JOUR              0m11s      0m08s      -3s  ✅  jingle avant louange 05 elevons nos coeurs vers dieu
01:11:43 BLOC_A_SERIE_DU_JOUR              6m07s      6m05s      -2s  ✅  There Is Forgiveness In Thee - SWBN TV
01:17:48 BLOC_A_SERIE_DU_JOUR              3m12s      3m10s      -2s  ✅  esprit de dieu
01:20:58 BLOC_A_SERIE_DU_JOUR              7m29s      7m26s      -3s  ✅  Hallelujah - PHF
01:28:24 BLOC_A_SERIE_DU_JOUR              6m02s      6m00s      -2s  ✅  Crown Him Lord of Lords - Nonso Njoku
01:34:24 BLOC_A_SERIE_DU_JOUR              5m48s      5m47s      -1s  ✅  Forever You Reign - Abuja HF
01:40:11 BLOC_A_SERIE_DU_JOUR              8m21s      8m17s      -4s  ✅  My Heart Rejoices - Toronto HF
01:48:28 BLOC_A_SERIE_DU_JOUR              6m30s      6m27s      -3s  ✅  Praise the Lord of Host - Toronto HF
01:54:55 BLOC_A_SERIE_DU_JOUR              7m09s      7m07s      -2s  ✅  You're the Lamb (Abasiama Timothy)
02:02:02 BLOC_A_SERIE_DU_JOUR              5m33s      5m30s      -3s  ✅  He Shall Feed His Flock - I Want to walk  - Ketu HF
02:07:32 BLOC_A_SERIE_DU_JOUR              6m10s      6m07s      -3s  ✅  That I May Know Him - Toronto HF
02:13:39 BLOC_A_SERIE_DU_JOUR              0m09s      0m07s      -2s  ✅  jingle avant bible 08 prenons un moment pour ecouter la parole
02:13:46 BLOC_A_SERIE_DU_JOUR              3m26s      3m23s      -3s  ✅  Abdias 1
02:17:09 BLOC_A_SERIE_DU_JOUR              5m20s      5m18s      -2s  ✅  Nombres 29
02:22:27 BLOC_A_SERIE_DU_JOUR              2m47s      2m45s      -2s  ✅  Nombres 30
02:25:12 BLOC_A_SERIE_DU_JOUR              6m36s      6m32s      -4s  ✅  Nombres 31
02:31:44 BLOC_A_SERIE_DU_JOUR              6m02s      6m00s      -2s  ✅  Nombres 32
02:37:44 BLOC_A_SERIE_DU_JOUR              6m01s      5m58s      -3s  ✅  Nombres 33
02:43:42 BLOC_A_SERIE_DU_JOUR              0m13s      0m11s      -2s  ✅  jingle avant louange 07 voici un temps de louange
02:43:53 BLOC_A_SERIE_DU_JOUR              7m21s      7m18s      -3s  ✅  For By My God - Toronto & Winnipeg HF
02:51:11 BLOC_A_SERIE_DU_JOUR              5m22s      5m19s      -3s  ✅  God's Got An Army - PHF
02:56:30 BLOC_A_SERIE_DU_JOUR              9m43s      9m41s      -2s  ✅  Thy Throne Oh Lord - Ketu HF
03:06:11 BLOC_A_SERIE_DU_JOUR              9m39s      9m36s      -3s  ✅  Psalm 93 - Port Harcourt HF
03:15:47 BLOC_A_SERIE_DU_JOUR              5m19s      5m17s      -2s  ✅  Gabrielle LIDJI - Mélodie Céleste  by LFXA(Light FX Animation)_2
03:21:04 BLOC_A_SERIE_DU_JOUR              8m21s      8m18s      -3s  ✅  In the Day of Your Power  - Winnipeg Fellowship
03:29:22 BLOC_A_SERIE_DU_JOUR              5m21s      5m19s      -2s  ✅  We Shall Not Fear - Nonso Njoku
03:34:41 BLOC_A_SERIE_DU_JOUR              5m02s      5m00s      -2s  ✅  A Song Of Love
03:39:41 BLOC_A_SERIE_DU_JOUR              7m36s      7m33s      -3s  ✅  There Is No Lie - SWBN TV
03:47:14 BLOC_A_SERIE_DU_JOUR              0m13s      0m10s      -3s  ✅  jingle avant bible 07 place a la lecture de la bible
03:47:24 BLOC_A_SERIE_DU_JOUR              4m33s      4m31s      -2s  ✅  1 Pierre 1
03:51:55 BLOC_A_SERIE_DU_JOUR              4m17s      4m14s      -3s  ✅  1 Pierre 2
03:56:09 BLOC_A_SERIE_DU_JOUR              3m50s      3m47s      -3s  ✅  1 Pierre 3
03:59:56 BLOC_A_SERIE_DU_JOUR              3m13s      3m11s      -2s  ✅  1 Pierre 4
04:03:07 BLOC_A_SERIE_DU_JOUR              2m15s      2m12s      -3s  ✅  1 Pierre 5
04:05:19 BLOC_A_SERIE_DU_JOUR              3m13s      3m11s      -2s  ✅  Proverbes 24
04:08:30 BLOC_A_SERIE_DU_JOUR              2m58s      2m55s      -3s  ✅  Proverbes 25
04:11:25 BLOC_A_SERIE_DU_JOUR              2m45s      2m42s      -3s  ✅  Proverbes 26
04:14:07 BLOC_A_SERIE_DU_JOUR              2m40s      2m37s      -3s  ✅  Proverbes 27
04:16:44 BLOC_A_SERIE_DU_JOUR              3m06s      3m04s      -2s  ✅  Proverbes 28
04:19:48 BLOC_A_SERIE_DU_JOUR              2m39s      2m36s      -3s  ✅  Proverbes 29
04:22:24 BLOC_A_SERIE_DU_JOUR              3m27s      3m25s      -2s  ✅  Proverbes 30
04:25:49 BLOC_A_SERIE_DU_JOUR              2m34s      2m32s      -2s  ✅  Proverbes 31
04:28:21 BLOC_A_SERIE_DU_JOUR              4m21s      4m18s      -3s  ✅  Marc 2
04:32:39 BLOC_A_SERIE_DU_JOUR              0m10s      0m08s      -2s  ✅  jingle avant louange 06 que la louange seleve
04:32:47 BLOC_A_SERIE_DU_JOUR             11m53s     11m50s      -3s  ✅  Hashem - PHF
04:44:37 BLOC_A_SERIE_DU_JOUR              7m17s      7m15s      -2s  ✅  cantique  tes promesses  pub direct dec 2021 import (2)
04:51:52 BLOC_A_SERIE_DU_JOUR              4m52s      4m50s      -2s  ✅  cantique   prends tout le contrôle
04:56:42 BLOC_A_SERIE_DU_JOUR              8m25s      8m23s      -2s  ✅  The Mountains, Come and, Oh City - Ketu HF
05:05:05 BLOC_A_SERIE_DU_JOUR              5m10s      5m08s      -2s  ✅  I Will Call Upon The Lord
05:10:13 BLOC_A_SERIE_DU_JOUR              8m18s      8m15s      -3s  ✅  Yahweh Is Mighty - SWBN TV
05:18:28 BLOC_A_SERIE_DU_JOUR              4m53s      4m50s      -3s  ✅  Cantique Jahweh, Tu es élevé au dessus de tout (1)
05:23:18 BLOC_A_SERIE_DU_JOUR              6m02s      6m00s      -2s  ✅  Satisfy My Soul - Calabar HF
05:29:18 BLOC_A_SERIE_DU_JOUR             10m35s     10m32s      -3s  ✅  Baruch Ha'ba B'Shem Adonai/Blessed Is He Who Comes in the Name of the Lord - Port Harcourt HF
05:39:50 BLOC_A_SERIE_DU_JOUR              0m09s      0m09s      +0s  ✅  jingle id station 01 la bonne nouvelle partout
05:39:59 BLOC_A_SERIE_DU_JOUR              5m03s      5m01s      -2s  ✅  Ézéchiel 37
05:45:00 BLOC_A_SERIE_DU_JOUR              4m13s      4m11s      -2s  ✅  Ézéchiel 38
05:49:11 BLOC_A_SERIE_DU_JOUR              4m57s      4m54s      -3s  ✅  Ézéchiel 39
05:54:05 BLOC_A_SERIE_DU_JOUR              7m58s      7m55s      -3s  ✅  Ézéchiel 40
06:02:00 BLOC_B_SERIE_DU_JOUR              0m10s      0m11s      +1s  ✅  jingle avant message 01 voici le message du jour
06:02:11 BLOC_B_SERIE_DU_JOUR              9m37s      9m35s      -2s  ✅  amc tian combat spirituel 4
06:11:46 BLOC_B_SERIE_DU_JOUR              0m13s      0m10s      -3s  ✅  jingle avant bible 07 place a la lecture de la bible
06:11:56 BLOC_B_SERIE_DU_JOUR              4m03s      4m00s      -3s  ✅  Apocalypse 19
06:15:56 BLOC_B_SERIE_DU_JOUR              3m06s      3m04s      -2s  ✅  Apocalypse 20
06:19:00 BLOC_B_SERIE_DU_JOUR              4m56s      4m54s      -2s  ✅  Apocalypse 21
06:23:54 BLOC_B_SERIE_DU_JOUR              3m34s      3m31s      -3s  ✅  Apocalypse 22
06:27:25 BLOC_B_SERIE_DU_JOUR              0m33s      0m31s      -2s  ✅  Esther 10
06:27:56 BLOC_B_SERIE_DU_JOUR              2m54s      2m51s      -3s  ✅  Malachie 1
06:30:47 BLOC_B_SERIE_DU_JOUR              3m17s      3m14s      -3s  ✅  Malachie 2
06:34:01 BLOC_B_SERIE_DU_JOUR              3m22s      3m19s      -3s  ✅  Malachie 3
06:37:20 BLOC_B_SERIE_DU_JOUR              1m05s      1m03s      -2s  ✅  Malachie 4
06:38:23 BLOC_B_SERIE_DU_JOUR              3m07s      3m05s      -2s  ✅  Joël 1
06:41:28 BLOC_B_SERIE_DU_JOUR              5m41s      5m38s      -3s  ✅  Joël 2
06:47:06 BLOC_B_SERIE_DU_JOUR              3m36s      3m34s      -2s  ✅  Joël 3
06:50:40 BLOC_B_SERIE_DU_JOUR              5m20s      5m17s      -3s  ✅  Néhémie 13
06:55:57 BLOC_B_SERIE_DU_JOUR              3m27s      3m25s      -2s  ✅  Matthieu 1
06:59:22 BLOC_B_SERIE_DU_JOUR              3m40s      3m37s      -3s  ✅  Matthieu 2
07:02:59 BLOC_B_SERIE_DU_JOUR              2m25s      2m24s      -1s  ✅  Matthieu 3
07:05:23 BLOC_B_SERIE_DU_JOUR              3m18s      3m15s      -3s  ✅  Matthieu 4
07:08:38 BLOC_B_SERIE_DU_JOUR              6m28s      6m26s      -2s  ✅  Matthieu 5
07:15:04 BLOC_B_SERIE_DU_JOUR              0m11s      0m09s      -2s  ✅  jingle avant louange 05 elevons nos coeurs vers dieu
07:15:13 BLOC_B_SERIE_DU_JOUR              5m04s      5m02s      -2s  ✅  Guide Me - El ELyon - Abuja HF
07:20:15 BLOC_B_SERIE_DU_JOUR              8m22s      8m19s      -3s  ✅  Yeshua Hamashiach - Calabar HF
07:28:34 BLOC_B_SERIE_DU_JOUR              5m07s      5m03s      -4s  ✅  We Shall Come - Asaba Fellowship
07:33:37 BLOC_B_SERIE_DU_JOUR              6m12s      6m10s      -2s  ✅  Praise the Lord All Ye Nations - Toronto HF
07:39:47 BLOC_B_SERIE_DU_JOUR              4m20s      4m18s      -2s  ✅  There's A Mighty River Flowing - SWBN TV
07:44:05 BLOC_B_SERIE_DU_JOUR              5m43s      5m40s      -3s  ✅  Cantique l Éternel est mon Berger (1)
07:49:45 BLOC_B_SERIE_DU_JOUR              5m47s      5m45s      -2s  ✅  We Ascribe Greatness - Abuja HF
07:55:30 BLOC_B_SERIE_DU_JOUR              9m23s      9m21s      -2s  ✅  10 minutes
08:04:51 BLOC_B_SERIE_DU_JOUR              2m57s      2m55s      -2s  ✅  You Are the Captain of the Host - Toronto HF
08:07:46 BLOC_B_SERIE_DU_JOUR              5m52s      5m50s      -2s  ✅  Not Naked (Abasiama Timothy)
08:13:36 BLOC_B_SERIE_DU_JOUR              0m09s      0m06s      -3s  ✅  jingle avant bible 08 prenons un moment pour ecouter la parole
08:13:42 BLOC_B_SERIE_DU_JOUR              2m04s      2m02s      -2s  ✅  Osée 1
08:15:44 BLOC_B_SERIE_DU_JOUR              3m29s      3m27s      -2s  ✅  Osée 2
08:19:11 BLOC_B_SERIE_DU_JOUR              0m57s      0m54s      -3s  ✅  Osée 3
08:20:05 BLOC_B_SERIE_DU_JOUR              2m56s      2m54s      -2s  ✅  Osée 4
08:22:59 BLOC_B_SERIE_DU_JOUR              2m24s      2m21s      -3s  ✅  Osée 5
08:25:20 BLOC_B_SERIE_DU_JOUR              1m32s      1m29s      -3s  ✅  Osée 6
08:26:49 BLOC_B_SERIE_DU_JOUR              2m27s      2m24s      -3s  ✅  Osée 7
08:29:13 BLOC_B_SERIE_DU_JOUR              2m06s      2m03s      -3s  ✅  Osée 8
08:31:16 BLOC_B_SERIE_DU_JOUR              3m04s      3m02s      -2s  ✅  Osée 9
08:34:18 BLOC_B_SERIE_DU_JOUR              2m37s      2m34s      -3s  ✅  Osée 10
08:36:52 BLOC_B_SERIE_DU_JOUR              1m53s      1m51s      -2s  ✅  Osée 11
08:38:43 BLOC_B_SERIE_DU_JOUR              2m04s      2m02s      -2s  ✅  Osée 12
08:40:45 BLOC_B_SERIE_DU_JOUR              2m43s      2m40s      -3s  ✅  Osée 13
08:43:25 BLOC_B_SERIE_DU_JOUR              0m13s      0m10s      -3s  ✅  jingle avant louange 07 voici un temps de louange
08:43:35 BLOC_B_SERIE_DU_JOUR              8m12s      8m10s      -2s  ✅  Jesus is Alpha - PHF
08:51:45 BLOC_B_SERIE_DU_JOUR             10m38s     10m36s      -2s  ✅  Be Exalted - PHF
09:02:21 BLOC_B_SERIE_DU_JOUR              7m37s      7m34s      -3s  ✅  Cantiques  Il a pris mes iniquités
09:09:55 BLOC_B_SERIE_DU_JOUR              4m13s      4m10s      -3s  ✅  4 minutes
09:14:05 BLOC_B_SERIE_DU_JOUR              3m41s      3m39s      -2s  ✅  Adorons l'Éternel GAEL - JÉSUS EST SEIGNEUR -
09:17:44 BLOC_B_SERIE_DU_JOUR              4m14s      4m12s      -2s  ✅  Mon modèle, c est Jésus
09:21:56 BLOC_B_SERIE_DU_JOUR              7m46s      7m43s      -3s  ✅  Arise Out of Zion  - Winnipeg Fellowship
09:29:39 BLOC_B_SERIE_DU_JOUR              6m12s      6m10s      -2s  ✅  The King is Here (Abasiama Timothy)
09:35:49 BLOC_B_SERIE_DU_JOUR              9m38s      9m35s      -3s  ✅  Holy are You oh Lord (Olaedo Uzoma & Vincent Opara)
09:45:24 BLOC_B_SERIE_DU_JOUR              0m10s      0m08s      -2s  ✅  jingle avant bible 06 ouvrons les saintes ecritures
09:45:32 BLOC_B_SERIE_DU_JOUR              2m16s      2m13s      -3s  ✅  Hébreux 1
09:47:45 BLOC_B_SERIE_DU_JOUR              3m13s      3m11s      -2s  ✅  Hébreux 2
09:50:56 BLOC_B_SERIE_DU_JOUR              2m48s      2m45s      -3s  ✅  Hébreux 3
09:53:41 BLOC_B_SERIE_DU_JOUR              2m45s      2m42s      -3s  ✅  Hébreux 4
09:56:23 BLOC_B_SERIE_DU_JOUR              2m17s      2m15s      -2s  ✅  Hébreux 5
09:58:38 BLOC_B_SERIE_DU_JOUR              3m05s      3m02s      -3s  ✅  Hébreux 6
10:01:40 BLOC_B_SERIE_DU_JOUR              4m52s      4m49s      -3s  ✅  Hébreux 7
10:06:29 BLOC_B_SERIE_DU_JOUR              2m45s      2m43s      -2s  ✅  Hébreux 8
10:09:12 BLOC_B_SERIE_DU_JOUR              5m14s      5m12s      -2s  ✅  Hébreux 9
10:14:24 BLOC_B_SERIE_DU_JOUR              5m29s      5m26s      -3s  ✅  Hébreux 10
10:19:50 BLOC_B_SERIE_DU_JOUR              6m47s      6m44s      -3s  ✅  Hébreux 11
10:26:34 BLOC_B_SERIE_DU_JOUR              5m04s      5m02s      -2s  ✅  Hébreux 12
10:31:36 BLOC_B_SERIE_DU_JOUR              0m10s      0m08s      -2s  ✅  jingle avant louange 06 que la louange seleve
10:31:44 BLOC_B_SERIE_DU_JOUR              6m15s      6m13s      -2s  ✅  Oh Lord I Want to Know Your Glory - Port Harcourt HF
10:37:57 BLOC_B_SERIE_DU_JOUR              5m18s      5m16s      -2s  ✅  Now is Come Salvation - Toronto HF
10:43:13 BLOC_B_SERIE_DU_JOUR              9m31s      9m27s      -4s  ✅  15 at 01.33.50 (1)(1)
10:52:40 BLOC_B_SERIE_DU_JOUR              4m11s      4m08s      -3s  ✅  jai donné ma vie à jésus (1)
10:56:48 BLOC_B_SERIE_DU_JOUR              5m13s      5m11s      -2s  ✅  Il s'appelait Emmanuel - Marcel Boungou + Paroles
11:01:59 BLOC_B_SERIE_DU_JOUR              7m09s      7m07s      -2s  ✅  There is A Mighty River Flowing - Ketu HF
11:09:06 BLOC_B_SERIE_DU_JOUR              4m03s      4m01s      -2s  ✅  I Will Not Be Silent - Calabar HF
11:13:07 BLOC_B_SERIE_DU_JOUR              3m10s      3m06s      -4s  ✅  la Parole
11:16:13 BLOC_B_SERIE_DU_JOUR              6m02s      6m00s      -2s  ✅  Rejoice - PHF
11:22:13 BLOC_B_SERIE_DU_JOUR              5m21s      5m19s      -2s  ✅  By the word of the lord - Ketu HF
11:27:32 BLOC_B_SERIE_DU_JOUR              6m19s      6m16s      -3s  ✅  Unto Him - CHF
11:33:48 BLOC_B_SERIE_DU_JOUR              0m09s      0m10s      +1s  ✅  jingle id station 02 radio evangile du royaume
11:33:58 BLOC_B_SERIE_DU_JOUR              3m42s      3m40s      -2s  ✅  2 Pierre 1
11:37:38 BLOC_B_SERIE_DU_JOUR              4m04s      4m01s      -3s  ✅  2 Pierre 2
11:41:39 BLOC_B_SERIE_DU_JOUR              3m17s      3m14s      -3s  ✅  2 Pierre 3
11:44:53 BLOC_B_SERIE_DU_JOUR              1m30s      1m28s      -2s  ✅  Lévitique 12
11:46:21 BLOC_B_SERIE_DU_JOUR             10m24s     10m22s      -2s  ✅  Lévitique 13
11:56:43 BLOC_B_SERIE_DU_JOUR              0m09s      0m09s      +0s  ✅  jingle id station 01 la bonne nouvelle partout
11:56:52 BLOC_B_SERIE_DU_JOUR              4m48s      4m52s      +4s  ✅  Yeshua I'm Waiting for You  - Ketu HF
12:01:44 BLOC_C_SERIE_DU_JOUR              9m37s      9m35s      -2s  ✅  amc tian combat spirituel 4
12:11:19 BLOC_C_SERIE_DU_JOUR              0m09s      0m07s      -2s  ✅  jingle avant bible 08 prenons un moment pour ecouter la parole
12:11:26 BLOC_C_SERIE_DU_JOUR              4m37s      4m34s      -3s  ✅  1 Corinthiens 1
12:16:00 BLOC_C_SERIE_DU_JOUR              2m43s      2m41s      -2s  ✅  1 Corinthiens 2
12:18:41 BLOC_C_SERIE_DU_JOUR              3m26s      3m23s      -3s  ✅  1 Corinthiens 3
12:22:04 BLOC_C_SERIE_DU_JOUR              3m40s      3m38s      -2s  ✅  1 Corinthiens 4
12:25:42 BLOC_C_SERIE_DU_JOUR              2m17s      2m15s      -2s  ✅  1 Corinthiens 5
12:27:57 BLOC_C_SERIE_DU_JOUR              3m19s      3m16s      -3s  ✅  1 Corinthiens 6
12:31:13 BLOC_C_SERIE_DU_JOUR              6m29s      6m26s      -3s  ✅  1 Corinthiens 7
12:37:39 BLOC_C_SERIE_DU_JOUR              2m04s      2m02s      -2s  ✅  1 Corinthiens 8
12:39:41 BLOC_C_SERIE_DU_JOUR              4m09s      4m06s      -3s  ✅  1 Corinthiens 9
12:43:47 BLOC_C_SERIE_DU_JOUR              4m48s      4m46s      -2s  ✅  1 Corinthiens 10
12:48:33 BLOC_C_SERIE_DU_JOUR              5m08s      5m06s      -2s  ✅  1 Corinthiens 11
12:53:39 BLOC_C_SERIE_DU_JOUR              4m41s      4m39s      -2s  ✅  1 Corinthiens 12
12:58:18 BLOC_C_SERIE_DU_JOUR              2m38s      2m35s      -3s  ✅  1 Corinthiens 13
13:00:53 BLOC_C_SERIE_DU_JOUR              6m31s      6m28s      -3s  ✅  1 Corinthiens 14
13:07:21 BLOC_C_SERIE_DU_JOUR              8m34s      8m40s      +6s  ✅  1 Corinthiens 15
13:16:01 BLOC_C_SERIE_DU_JOUR              6m06s      6m03s      -3s  ✅  Good God - Asaba Fellowship
13:22:04 BLOC_C_SERIE_DU_JOUR              6m09s      6m07s      -2s  ✅  Hymne des vainqueurs
13:28:11 BLOC_C_SERIE_DU_JOUR              4m33s      4m31s      -2s  ✅  God is Building - Will You Be - Ketu HF
13:32:42 BLOC_C_SERIE_DU_JOUR              8m24s      8m21s      -3s  ✅  Bless Ye the Lord - PHF
13:41:03 BLOC_C_SERIE_DU_JOUR              3m04s      3m01s      -3s  ✅  The Lord is my Light and Salvation - Nonso Njoku
13:44:04 BLOC_C_SERIE_DU_JOUR              8m31s      8m29s      -2s  ✅  Holy Holy - Abuja HF
13:52:33 BLOC_C_SERIE_DU_JOUR              8m58s      8m55s      -3s  ✅  El Elyon - Toronto & Winnipeg HF
14:01:28 BLOC_C_SERIE_DU_JOUR              7m09s      7m07s      -2s  ✅  My God Is Good - Winnipeg Fellowship
14:08:35 BLOC_C_SERIE_DU_JOUR              5m10s      5m07s      -3s  ✅  Igwe
14:13:42 BLOC_C_SERIE_DU_JOUR              2m16s      2m14s      -2s  ✅  cantique  nous sommes le sel de la terre
14:15:56 BLOC_C_SERIE_DU_JOUR              0m10s      0m07s      -3s  ✅  jingle avant bible 06 ouvrons les saintes ecritures
14:16:03 BLOC_C_SERIE_DU_JOUR              3m26s      3m24s      -2s  ✅  Éphésiens 1
14:19:27 BLOC_C_SERIE_DU_JOUR              3m16s      3m14s      -2s  ✅  Éphésiens 2
14:22:41 BLOC_C_SERIE_DU_JOUR              2m56s      2m53s      -3s  ✅  Éphésiens 3
14:25:34 BLOC_C_SERIE_DU_JOUR              4m53s      4m51s      -2s  ✅  Éphésiens 4
14:30:25 BLOC_C_SERIE_DU_JOUR              4m12s      4m10s      -2s  ✅  Éphésiens 5
14:34:35 BLOC_C_SERIE_DU_JOUR              3m21s      3m18s      -3s  ✅  Éphésiens 6
14:37:53 BLOC_C_SERIE_DU_JOUR              6m58s      6m55s      -3s  ✅  Jean 11
14:44:48 BLOC_C_SERIE_DU_JOUR              6m14s      6m12s      -2s  ✅  Jean 12
14:51:00 BLOC_C_SERIE_DU_JOUR              0m10s      0m09s      -1s  ✅  jingle avant louange 06 que la louange seleve
14:51:09 BLOC_C_SERIE_DU_JOUR              4m04s      4m02s      -2s  ✅  Ascribe Greatness - PHF
14:55:11 BLOC_C_SERIE_DU_JOUR             11m54s     11m50s      -4s  ✅  Great & Marvelluos - Toronto HF
15:07:01 BLOC_C_SERIE_DU_JOUR              3m19s      3m16s      -3s  ✅  Awaken My Heart
15:10:17 BLOC_C_SERIE_DU_JOUR              3m22s      3m19s      -3s  ✅  Ses cheveux étaient blancs..
15:13:36 BLOC_C_SERIE_DU_JOUR              8m10s      8m08s      -2s  ✅  Agunechemba - SWBN TV
15:21:44 BLOC_C_SERIE_DU_JOUR              7m19s      7m17s      -2s  ✅  You Have sworn By Your Holiness - Chidera Bisong
15:29:01 BLOC_C_SERIE_DU_JOUR              5m52s      5m49s      -3s  ✅  Where Two or Three are Gathered - Calabar HF
15:34:50 BLOC_C_SERIE_DU_JOUR              6m59s      6m56s      -3s  ✅  Hosanna - Toronto HF
15:41:46 BLOC_C_SERIE_DU_JOUR             10m24s     10m22s      -2s  ✅  Shine in Darkness O Lord  - Winnipeg Fellowship
15:52:08 BLOC_C_SERIE_DU_JOUR              0m13s      0m10s      -3s  ✅  jingle avant bible 07 place a la lecture de la bible
15:52:18 BLOC_C_SERIE_DU_JOUR              1m55s      1m52s      -3s  ✅  Esdras 1
15:54:10 BLOC_C_SERIE_DU_JOUR              6m11s      6m09s      -2s  ✅  Esdras 2
16:00:19 BLOC_C_SERIE_DU_JOUR              2m56s      2m53s      -3s  ✅  Esdras 3
16:03:12 BLOC_C_SERIE_DU_JOUR              4m24s      4m22s      -2s  ✅  Esdras 4
16:07:34 BLOC_C_SERIE_DU_JOUR              3m08s      3m05s      -3s  ✅  Esdras 5
16:10:39 BLOC_C_SERIE_DU_JOUR              4m12s      4m10s      -2s  ✅  Esdras 6
16:14:49 BLOC_C_SERIE_DU_JOUR              4m34s      4m31s      -3s  ✅  Esdras 7
16:19:20 BLOC_C_SERIE_DU_JOUR              5m42s      5m40s      -2s  ✅  Esdras 8
16:25:00 BLOC_C_SERIE_DU_JOUR              3m34s      3m32s      -2s  ✅  Esdras 9
16:28:32 BLOC_C_SERIE_DU_JOUR              6m21s      6m18s      -3s  ✅  Esdras 10
16:34:50 BLOC_C_SERIE_DU_JOUR              7m32s      7m30s      -2s  ✅  Daniel 4
16:42:20 BLOC_C_SERIE_DU_JOUR              0m13s      0m10s      -3s  ✅  jingle avant louange 07 voici un temps de louange
16:42:30 BLOC_C_SERIE_DU_JOUR              4m08s      4m05s      -3s  ✅  I Choose the Way of the Lord - Abuja HF
16:46:35 BLOC_C_SERIE_DU_JOUR             10m13s     10m10s      -3s  ✅  As We Worship - Toronto & Winnipeg HF
16:56:45 BLOC_C_SERIE_DU_JOUR              7m51s      7m48s      -3s  ✅  There is no name  - Winnipeg Fellowship
17:04:33 BLOC_C_SERIE_DU_JOUR              5m15s      5m13s      -2s  ✅  Yahweh Be Praised - Abuja HF
17:09:46 BLOC_C_SERIE_DU_JOUR              5m45s      5m43s      -2s  ✅  Ella Samuels - Oh Lord Our Maker
17:15:29 BLOC_C_SERIE_DU_JOUR              7m57s      7m55s      -2s  ✅  Yahweh is Mighty (Imah Adegoke)
17:23:24 BLOC_C_SERIE_DU_JOUR              5m57s      5m53s      -4s  ✅  You are God - Winnipeg Fellowship
17:29:17 BLOC_C_SERIE_DU_JOUR              6m34s      6m32s      -2s  ✅  cantique  béni soit le dieu d israël
17:35:49 BLOC_C_SERIE_DU_JOUR              5m28s      5m35s      +7s  ✅  même humilié
17:41:24 BLOC_C_SERIE_DU_JOUR              5m00s      4m57s      -3s  ✅  Deutéronome 29
17:46:21 BLOC_C_SERIE_DU_JOUR              3m52s      3m51s      -1s  ✅  Deutéronome 30
17:50:12 BLOC_C_SERIE_DU_JOUR              5m56s      5m53s      -3s  ✅  Deutéronome 31
17:56:05 BLOC_C_SERIE_DU_JOUR              7m45s      7m42s      -3s  ✅  Deutéronome 32
18:03:47 BLOC_D_SERIE_DU_JOUR              0m10s      0m08s      -2s  ✅  jingle avant message 04 bienvenue sur parole prophetique fm
18:03:55 BLOC_D_SERIE_DU_JOUR              9m37s      9m42s      +5s  ✅  amc tian combat spirituel 4
18:13:37 BLOC_D_SERIE_DU_JOUR              4m27s      4m25s      -2s  ✅  Jude 1
18:18:02 BLOC_D_SERIE_DU_JOUR              4m40s      4m37s      -3s  ✅  Romains 9
18:22:39 BLOC_D_SERIE_DU_JOUR              3m06s      3m04s      -2s  ✅  Romains 10
18:25:43 BLOC_D_SERIE_DU_JOUR              5m37s      5m34s      -3s  ✅  Romains 11
18:31:17 BLOC_D_SERIE_DU_JOUR              3m06s      3m03s      -3s  ✅  Romains 12
18:34:20 BLOC_D_SERIE_DU_JOUR              2m36s      2m33s      -3s  ✅  Romains 13
18:36:53 BLOC_D_SERIE_DU_JOUR              3m26s      3m24s      -2s  ✅  Romains 14
18:40:17 BLOC_D_SERIE_DU_JOUR              5m12s      5m10s      -2s  ✅  Romains 15
18:45:27 BLOC_D_SERIE_DU_JOUR              3m44s      3m43s      -1s  ✅  Romains 16
18:49:10 BLOC_D_SERIE_DU_JOUR              6m33s      6m29s      -4s  ✅  Luc 10
18:55:39 BLOC_D_SERIE_DU_JOUR              8m34s      8m31s      -3s  ✅  Luc 11
19:04:10 BLOC_D_SERIE_DU_JOUR              8m26s      8m23s      -3s  ✅  Luc 12
19:12:33 BLOC_D_SERIE_DU_JOUR              0m10s      0m08s      -2s  ✅  jingle avant louange 06 que la louange seleve
19:12:41 BLOC_D_SERIE_DU_JOUR              6m54s      6m52s      -2s  ✅  There is no Lie (Imah Adegoke & Mary Umoh)
19:19:33 BLOC_D_SERIE_DU_JOUR              8m37s      8m35s      -2s  ✅  He Has Given Me & Emmanuel You Joy Over Us (Medley) (Abasiama Timothy & Imah Adegoke)
19:28:08 BLOC_D_SERIE_DU_JOUR              6m56s      6m53s      -3s  ✅  As We Worship In Ypur Presence
19:35:01 BLOC_D_SERIE_DU_JOUR              4m05s      4m03s      -2s  ✅  Song Of Victory - Emmanuel Igunbor
19:39:04 BLOC_D_SERIE_DU_JOUR              4m21s      4m18s      -3s  ✅  Sing Hallelujah - Abuja HF
19:43:22 BLOC_D_SERIE_DU_JOUR             10m47s     10m45s      -2s  ✅  Abba, Singing a, I Will Sing - Ketu HF
19:54:07 BLOC_D_SERIE_DU_JOUR              4m44s      4m42s      -2s  ✅  Je veux vivre ton royaume
19:58:49 BLOC_D_SERIE_DU_JOUR              9m23s      9m21s      -2s  ✅  Thou art Worthy Lord - PHF
20:08:10 BLOC_D_SERIE_DU_JOUR              0m09s      0m06s      -3s  ✅  jingle avant bible 08 prenons un moment pour ecouter la parole
20:08:16 BLOC_D_SERIE_DU_JOUR              4m38s      4m36s      -2s  ✅  1 Samuel 1
20:12:52 BLOC_D_SERIE_DU_JOUR              6m23s      6m21s      -2s  ✅  1 Samuel 2
20:19:13 BLOC_D_SERIE_DU_JOUR              3m29s      3m26s      -3s  ✅  1 Samuel 3
20:22:39 BLOC_D_SERIE_DU_JOUR              4m01s      3m58s      -3s  ✅  1 Samuel 4
20:26:37 BLOC_D_SERIE_DU_JOUR              2m25s      2m23s      -2s  ✅  1 Samuel 5
20:29:00 BLOC_D_SERIE_DU_JOUR              4m09s      4m06s      -3s  ✅  1 Samuel 6
20:33:06 BLOC_D_SERIE_DU_JOUR              2m51s      2m49s      -2s  ✅  1 Samuel 7
20:35:55 BLOC_D_SERIE_DU_JOUR              0m11s      0m08s      -3s  ✅  jingle avant louange 05 elevons nos coeurs vers dieu
20:36:03 BLOC_D_SERIE_DU_JOUR              8m10s      8m07s      -3s  ✅  Great and Marvellous - Ketu HF
20:44:10 BLOC_D_SERIE_DU_JOUR              4m52s      4m50s      -2s  ✅  God is Moving Us On - Ketu HF
20:49:00 BLOC_D_SERIE_DU_JOUR              4m11s      4m09s      -2s  ✅  Cantique   Oh Éternel Dieu, Tu es le Dieu Incomparable
20:53:09 BLOC_D_SERIE_DU_JOUR              4m18s      4m15s      -3s  ✅  You Are Worthy - Ketu HF
20:57:24 BLOC_D_SERIE_DU_JOUR              7m20s      7m18s      -2s  ✅  The Glory -  PHF
21:04:42 BLOC_D_SERIE_DU_JOUR              6m35s      6m32s      -3s  ✅  cantique   ta lumière
21:11:14 BLOC_D_SERIE_DU_JOUR              7m18s      7m16s      -2s  ✅  Holy is the Lord (Emmanuel Umoh)
21:18:30 BLOC_D_SERIE_DU_JOUR              6m57s      6m54s      -3s  ✅  qui est digne d ouvrir le livre
21:25:24 BLOC_D_SERIE_DU_JOUR             11m01s     10m58s      -3s  ✅  Great is, Ascribe - Ketu HF
21:36:22 BLOC_D_SERIE_DU_JOUR              0m13s      0m11s      -2s  ✅  jingle avant bible 07 place a la lecture de la bible
21:36:33 BLOC_D_SERIE_DU_JOUR              4m35s      4m33s      -2s  ✅  Colossiens 1
21:41:06 BLOC_D_SERIE_DU_JOUR              3m46s      3m43s      -3s  ✅  Colossiens 2
21:44:49 BLOC_D_SERIE_DU_JOUR              3m44s      3m42s      -2s  ✅  Colossiens 3
21:48:31 BLOC_D_SERIE_DU_JOUR              2m56s      2m53s      -3s  ✅  Colossiens 4
21:51:24 BLOC_D_SERIE_DU_JOUR              2m43s      2m41s      -2s  ✅  Tite 1
21:54:05 BLOC_D_SERIE_DU_JOUR              2m10s      2m07s      -3s  ✅  Tite 2
21:56:12 BLOC_D_SERIE_DU_JOUR              2m22s      2m20s      -2s  ✅  Tite 3
21:58:32 BLOC_D_SERIE_DU_JOUR              3m44s      3m41s      -3s  ✅  Ecclésiaste 7
22:02:13 BLOC_D_SERIE_DU_JOUR              2m51s      2m49s      -2s  ✅  Ecclésiaste 8
22:05:02 BLOC_D_SERIE_DU_JOUR              3m14s      3m11s      -3s  ✅  Ecclésiaste 9
22:08:13 BLOC_D_SERIE_DU_JOUR              2m29s      2m27s      -2s  ✅  Ecclésiaste 10
22:10:40 BLOC_D_SERIE_DU_JOUR              1m34s      1m32s      -2s  ✅  Ecclésiaste 11
22:12:12 BLOC_D_SERIE_DU_JOUR              2m16s      2m13s      -3s  ✅  Ecclésiaste 12
22:14:25 BLOC_D_SERIE_DU_JOUR              2m05s      2m03s      -2s  ✅  3 Jean 1
22:16:28 BLOC_D_SERIE_DU_JOUR              0m13s      0m10s      -3s  ✅  jingle avant louange 07 voici un temps de louange
22:16:38 BLOC_D_SERIE_DU_JOUR              9m24s      9m21s      -3s  ✅  I See Your Face - Toronto HF
22:25:59 BLOC_D_SERIE_DU_JOUR              9m14s      9m14s      +0s  ✅  A jamais, tu seras l Agneau de Dieu
22:35:13 BLOC_D_SERIE_DU_JOUR              4m19s      4m15s      -4s  ✅  I Know The Blood - PHF
22:39:28 BLOC_D_SERIE_DU_JOUR              6m04s      6m01s      -3s  ✅  Sing Unto the Lord a new Song  - Winnipeg Fellowship
22:45:29 BLOC_D_SERIE_DU_JOUR              3m24s      3m21s      -3s  ✅  Cantique sa miséricorde
22:48:50 BLOC_D_SERIE_DU_JOUR              7m25s      7m23s      -2s  ✅  Victorious Is the Lamb - Winnipeg Fellowship
22:56:13 BLOC_D_SERIE_DU_JOUR              6m41s      6m38s      -3s  ✅  6 minutes
23:02:51 BLOC_D_SERIE_DU_JOUR              5m45s      5m42s      -3s  ✅  How Precious Oh Lord
23:08:33 BLOC_D_SERIE_DU_JOUR              5m08s      5m06s      -2s  ✅  He Has Given Me - PHF
23:13:39 BLOC_D_SERIE_DU_JOUR              0m09s      0m10s      +1s  ✅  jingle id station 02 radio evangile du royaume
23:13:49 BLOC_D_SERIE_DU_JOUR              2m40s      2m37s      -3s  ✅  Habacuc 1
23:16:26 BLOC_D_SERIE_DU_JOUR              3m24s      3m21s      -3s  ✅  Habacuc 2
23:19:47 BLOC_D_SERIE_DU_JOUR              3m11s      3m09s      -2s  ✅  Habacuc 3
23:22:56 BLOC_D_SERIE_DU_JOUR              4m11s      4m08s      -3s  ✅  2 Rois 21
23:27:04 BLOC_D_SERIE_DU_JOUR              4m02s      4m00s      -2s  ✅  2 Rois 22
23:31:04 BLOC_E_LOUANGE_NUIT               4m19s      4m16s      -3s  ✅  I Know The Blood - PHF
23:35:20 BLOC_E_LOUANGE_NUIT               4m53s      4m51s      -2s  ✅  Cantique Jahweh, Tu es élevé au dessus de tout (1)
23:40:11 BLOC_E_LOUANGE_NUIT               8m25s      8m21s      -4s  ✅  The Mountains, Come and, Oh City - Ketu HF
23:48:32 BLOC_E_LOUANGE_NUIT               4m11s      4m08s      -3s  ✅  jai donné ma vie à jésus (1)
23:52:40 BLOC_E_LOUANGE_NUIT               4m11s      4m08s      -3s  ✅  Cantique   Oh Éternel Dieu, Tu es le Dieu Incomparable
23:56:48 BLOC_E_LOUANGE_NUIT               6m54s      4m43s    -131s  ❌ COUPÉ  There is no Lie (Imah Adegoke & Mary Umoh)
----------------------------------------------------------------------------------------------------
Bilan : 314 titres, 2 anomalie(s) (titre coupé de plus de 10s ou trou d'antenne). Gravité : 0 mineure(s) <1min · 2 sérieuse(s) 1-10min · 0 critique(s) >10min.

====================================================================================================
CONTRÔLES APPROFONDIS
====================================================================================================
MESSAGE DU JOUR « Combat spirituel 4 » : 4 diffusion(s) pour 4 prévue(s) ✅
   00:03:16  (étiquette BLOC_A_SERIE_DU_JOUR)
   06:02:11  (étiquette BLOC_B_SERIE_DU_JOUR)
   12:01:44  (étiquette BLOC_C_SERIE_DU_JOUR)
   18:03:55  (étiquette BLOC_D_SERIE_DU_JOUR)
JINGLES : 28 joués / 36 prévus (78%) ⚠️   ·   BLOC_A 7/9 · BLOC_B 9/9 · BLOC_C 5/9 · BLOC_D 7/9
HORS FENÊTRE : aucun débordement de bloc détecté ✅
BOUCHE-TROUS : aucun ✅
COUVERTURE : premier titre à 00:01:28 ✅ · dernier titre finit vers 00:03:42 (estimé) ✅

====================================================================================================
RÉEL vs PRÉVU — ce qui a joué vs ce que le plan prévoyait
====================================================================================================
----------------------------------------------------------------------------------------------------
BLOC_A  (00:00-06:00)  prévus  82 · atteignables  76 · joués  75 · conformité  99% · sautés  1 · en trop  0
   ⏭️  PRÉVU NON JOUÉ : jingle avant bible 06 ouvrons les saintes ecritures
   ⏸️  FIN DE BLOC NON ATTEINTE (6 titres · ~27m25s) — marge anti-rebouclage au-delà de la fenêtre, normal : jingle id station 03 notre mission annonce levangile · cantique  heureux l homme qui ne marche pas selon · Unto Him (Vincent Opara) · I Enter The Holy of Holies - Port Harcourt HF · Le Bien-Etre Universel · All in All - CHF
----------------------------------------------------------------------------------------------------
BLOC_B  (06:00-12:00)  prévus  92 · atteignables  89 · joués  89 · conformité 100% · sautés  0 · en trop  0
   ⏸️  FIN DE BLOC NON ATTEINTE (3 titres · ~22m31s) — marge anti-rebouclage au-delà de la fenêtre, normal : We Worship Adonai - PHF · We Bless You Wonderful God  - Winnipeg Fellowship · The Lord on High is Mightier - Toronto HF
----------------------------------------------------------------------------------------------------
BLOC_C  (12:00-18:00)  prévus  80 · atteignables  75 · joués  72 · conformité  96% · sautés  3 · en trop  0
   ⏭️  PRÉVU NON JOUÉ : jingle avant message 03 vous ecoutez parole prophetique fm · jingle avant louange 05 elevons nos coeurs vers dieu · JINGLE
   ⏸️  FIN DE BLOC NON ATTEINTE (5 titres · ~28m51s) — marge anti-rebouclage au-delà de la fenêtre, normal : jingle id station 01 la bonne nouvelle partout · Immortal God - Elohim Adonai - Abuja HF · Holy Are You - PHF · In Jesus - PHF · cantique  ta bonte
----------------------------------------------------------------------------------------------------
BLOC_D  (18:00-23:30)  prévus  78 · atteignables  73 · joués  72 · conformité  99% · sautés  1 · en trop  0
   ⏭️  PRÉVU NON JOUÉ : jingle avant bible 06 ouvrons les saintes ecritures
   ⏸️  FIN DE BLOC NON ATTEINTE (5 titres · ~30m30s) — marge anti-rebouclage au-delà de la fenêtre, normal : 2 Rois 23 · jingle id station 01 la bonne nouvelle partout · Jesus I'm Waiting for You (Mary Umoh) · You're the Lamb - Calabar HF · There Is No Lie - SWBN TV
----------------------------------------------------------------------------------------------------
CONFORMITÉ GLOBALE : 308/313 titres atteignables joués dans l'ordre = 98%  (0 titre(s) hors plan · 19 non atteint(s) en fin de bloc, marge normale)
