Rapport de diffusion — 2026-07-06 (heures UTC)
322 titres joués | tolérance ±10s
====================================================================================================
HEURE    PLAYLIST                     FICHIER          RÉEL    ÉCART  STATUT  TITRE
----------------------------------------------------------------------------------------------------
00:01:33 ?                                 0m09s      0m09s      +0s  ✅  AzuraCast is Live!
00:01:42 BLOC_A_SERIE_DU_JOUR              0m08s      1m44s     +96s  ⚠️ TROU APRÈS  jingle avant message 02 enseignement parole de dieu
00:03:26 BLOC_A_SERIE_DU_JOUR             20m13s     20m12s      -1s  ✅  pqe j6
00:23:38 BLOC_A_SERIE_DU_JOUR              0m08s      0m09s      +1s  ✅  jingle avant message 02 enseignement parole de dieu
00:23:47 BLOC_A_SERIE_DU_JOUR              4m45s      4m42s      -3s  ✅  Romains 1
00:28:29 BLOC_A_SERIE_DU_JOUR              3m58s      3m56s      -2s  ✅  Romains 2
00:32:25 BLOC_A_SERIE_DU_JOUR              4m06s      4m04s      -2s  ✅  Romains 3
00:36:29 BLOC_A_SERIE_DU_JOUR              3m39s      3m36s      -3s  ✅  Romains 4
00:40:05 BLOC_A_SERIE_DU_JOUR              3m34s      3m31s      -3s  ✅  Romains 5
00:43:36 BLOC_A_SERIE_DU_JOUR              3m15s      3m13s      -2s  ✅  Romains 6
00:46:49 BLOC_A_SERIE_DU_JOUR              3m46s      3m44s      -2s  ✅  Romains 7
00:50:33 BLOC_A_SERIE_DU_JOUR              5m42s      5m39s      -3s  ✅  Romains 8
00:56:12 BLOC_A_SERIE_DU_JOUR              4m40s      4m37s      -3s  ✅  Romains 9
01:00:49 BLOC_A_SERIE_DU_JOUR              3m06s      3m04s      -2s  ✅  Romains 10
01:03:53 BLOC_A_SERIE_DU_JOUR              5m37s      5m34s      -3s  ✅  Romains 11
01:09:27 BLOC_A_SERIE_DU_JOUR              3m06s      3m03s      -3s  ✅  Romains 12
01:12:30 BLOC_A_SERIE_DU_JOUR              2m36s      2m33s      -3s  ✅  Romains 13
01:15:03 BLOC_A_SERIE_DU_JOUR              3m26s      3m24s      -2s  ✅  Romains 14
01:18:27 BLOC_A_SERIE_DU_JOUR              5m12s      5m10s      -2s  ✅  Romains 15
01:23:37 BLOC_A_SERIE_DU_JOUR              0m06s      0m06s      +0s  ✅  jingle avant louange 01 place a la louange et adoration
01:23:43 BLOC_A_SERIE_DU_JOUR              5m10s      5m08s      -2s  ✅  Igwe
01:28:51 BLOC_A_SERIE_DU_JOUR              4m44s      4m42s      -2s  ✅  Je veux vivre ton royaume
01:33:33 BLOC_A_SERIE_DU_JOUR              2m16s      2m13s      -3s  ✅  cantique  nous sommes le sel de la terre
01:35:46 BLOC_A_SERIE_DU_JOUR              3m12s      3m10s      -2s  ✅  esprit de dieu
01:38:56 BLOC_A_SERIE_DU_JOUR              4m21s      4m18s      -3s  ✅  Sing Hallelujah - Abuja HF
01:43:14 BLOC_A_SERIE_DU_JOUR              4m04s      4m02s      -2s  ✅  Ascribe Greatness - PHF
01:47:16 BLOC_A_SERIE_DU_JOUR              9m43s      9m40s      -3s  ✅  Thy Throne Oh Lord - Ketu HF
01:56:56 BLOC_A_SERIE_DU_JOUR              5m07s      5m04s      -3s  ✅  We Shall Come - Asaba Fellowship
02:02:00 BLOC_A_SERIE_DU_JOUR              8m25s      8m22s      -3s  ✅  The Mountains, Come and, Oh City - Ketu HF
02:10:22 BLOC_A_SERIE_DU_JOUR              8m18s      8m16s      -2s  ✅  Yahweh Is Mighty - SWBN TV
02:18:38 BLOC_A_SERIE_DU_JOUR              5m19s      5m16s      -3s  ✅  Gabrielle LIDJI - Mélodie Céleste  by LFXA(Light FX Animation)_2
02:23:54 BLOC_A_SERIE_DU_JOUR              0m07s      0m08s      +1s  ✅  jingle avant bible 02 voici la lecture de la bible
02:24:02 BLOC_A_SERIE_DU_JOUR              4m35s      4m33s      -2s  ✅  Jérémie 13
02:28:35 BLOC_A_SERIE_DU_JOUR              4m22s      4m20s      -2s  ✅  Jérémie 14
02:32:55 BLOC_A_SERIE_DU_JOUR              4m05s      4m03s      -2s  ✅  Jérémie 15
02:36:58 BLOC_A_SERIE_DU_JOUR              4m07s      4m04s      -3s  ✅  Jérémie 16
02:41:02 BLOC_A_SERIE_DU_JOUR              4m58s      4m56s      -2s  ✅  Jérémie 17
02:45:58 BLOC_A_SERIE_DU_JOUR              3m54s      3m51s      -3s  ✅  Jérémie 18
02:49:49 BLOC_A_SERIE_DU_JOUR              3m01s      2m58s      -3s  ✅  Jérémie 19
02:52:47 BLOC_A_SERIE_DU_JOUR              0m07s      0m08s      +1s  ✅  jingle avant louange 02 voici notre selection de cantiques
02:52:55 BLOC_A_SERIE_DU_JOUR              5m47s      5m45s      -2s  ✅  We Ascribe Greatness - Abuja HF
02:58:40 BLOC_A_SERIE_DU_JOUR              9m31s      9m28s      -3s  ✅  15 at 01.33.50 (1)(1)
03:08:08 BLOC_A_SERIE_DU_JOUR              5m33s      5m30s      -3s  ✅  He Shall Feed His Flock - I Want to walk  - Ketu HF
03:13:38 BLOC_A_SERIE_DU_JOUR              6m15s      6m13s      -2s  ✅  Oh Lord I Want to Know Your Glory - Port Harcourt HF
03:19:51 BLOC_A_SERIE_DU_JOUR             11m54s     11m52s      -2s  ✅  Great & Marvelluos - Toronto HF
03:31:43 BLOC_A_SERIE_DU_JOUR              7m37s      7m34s      -3s  ✅  Cantiques  Il a pris mes iniquités
03:39:17 BLOC_A_SERIE_DU_JOUR              6m07s      6m05s      -2s  ✅  There Is Forgiveness In Thee - SWBN TV
03:45:22 BLOC_A_SERIE_DU_JOUR              9m39s      9m36s      -3s  ✅  Psalm 93 - Port Harcourt HF
03:54:58 BLOC_A_SERIE_DU_JOUR              0m06s      0m06s      +0s  ✅  jingle avant bible 03 ecoutez la voix de dieu
03:55:04 BLOC_A_SERIE_DU_JOUR              2m47s      2m44s      -3s  ✅  2 Thessaloniciens 2
03:57:48 BLOC_A_SERIE_DU_JOUR              2m35s      2m33s      -2s  ✅  2 Thessaloniciens 3
04:00:21 BLOC_A_SERIE_DU_JOUR              2m43s      2m40s      -3s  ✅  Tite 1
04:03:01 BLOC_A_SERIE_DU_JOUR              2m10s      2m09s      -1s  ✅  Tite 2
04:05:10 BLOC_A_SERIE_DU_JOUR              2m22s      2m18s      -4s  ✅  Tite 3
04:07:28 BLOC_A_SERIE_DU_JOUR              0m45s      0m42s      -3s  ✅  Psaumes 1
04:08:10 BLOC_A_SERIE_DU_JOUR              1m15s      1m13s      -2s  ✅  Psaumes 2
04:09:23 BLOC_A_SERIE_DU_JOUR              0m49s      0m46s      -3s  ✅  Psaumes 3
04:10:09 BLOC_A_SERIE_DU_JOUR              0m59s      0m57s      -2s  ✅  Psaumes 4
04:11:06 BLOC_A_SERIE_DU_JOUR              1m33s      1m30s      -3s  ✅  Psaumes 5
04:12:36 BLOC_A_SERIE_DU_JOUR              1m00s      0m58s      -2s  ✅  Psaumes 6
04:13:34 BLOC_A_SERIE_DU_JOUR              1m52s      1m49s      -3s  ✅  Psaumes 7
04:15:23 BLOC_A_SERIE_DU_JOUR              0m54s      0m52s      -2s  ✅  Psaumes 8
04:16:15 BLOC_A_SERIE_DU_JOUR              1m57s      1m55s      -2s  ✅  Psaumes 9
04:18:10 BLOC_A_SERIE_DU_JOUR              2m04s      2m01s      -3s  ✅  Psaumes 10
04:20:11 BLOC_A_SERIE_DU_JOUR              0m52s      0m49s      -3s  ✅  Psaumes 11
04:21:00 BLOC_A_SERIE_DU_JOUR              0m58s      0m56s      -2s  ✅  Psaumes 12
04:21:56 BLOC_A_SERIE_DU_JOUR              0m43s      0m40s      -3s  ✅  Psaumes 13
04:22:36 BLOC_A_SERIE_DU_JOUR              0m59s      0m57s      -2s  ✅  Psaumes 14
04:23:33 BLOC_A_SERIE_DU_JOUR              0m42s      0m40s      -2s  ✅  Psaumes 15
04:24:13 BLOC_A_SERIE_DU_JOUR              1m06s      1m04s      -2s  ✅  Psaumes 16
04:25:17 BLOC_A_SERIE_DU_JOUR              1m45s      1m43s      -2s  ✅  Psaumes 17
04:27:00 BLOC_A_SERIE_DU_JOUR              5m00s      4m58s      -2s  ✅  Psaumes 18
04:31:58 BLOC_A_SERIE_DU_JOUR              1m37s      1m34s      -3s  ✅  Psaumes 19
04:33:32 BLOC_A_SERIE_DU_JOUR              0m58s      0m56s      -2s  ✅  Psaumes 20
04:34:28 BLOC_A_SERIE_DU_JOUR              1m25s      1m22s      -3s  ✅  Psaumes 21
04:35:50 BLOC_A_SERIE_DU_JOUR              3m21s      3m24s      +3s  ✅  Psaumes 22
04:39:14 BLOC_A_SERIE_DU_JOUR              5m10s      5m07s      -3s  ✅  I Will Call Upon The Lord
04:44:21 BLOC_A_SERIE_DU_JOUR             10m24s     10m21s      -3s  ✅  Shine in Darkness O Lord  - Winnipeg Fellowship
04:54:42 BLOC_A_SERIE_DU_JOUR              4m11s      4m08s      -3s  ✅  jai donné ma vie à jésus (1)
04:58:50 BLOC_A_SERIE_DU_JOUR              5m50s      5m48s      -2s  ✅  Jesus I'm Waiting for You (Mary Umoh)
05:04:38 BLOC_A_SERIE_DU_JOUR              3m04s      3m01s      -3s  ✅  The Lord is my Light and Salvation - Nonso Njoku
05:07:39 BLOC_A_SERIE_DU_JOUR              8m21s      8m18s      -3s  ✅  My Heart Rejoices - Toronto HF
05:15:57 BLOC_A_SERIE_DU_JOUR              7m19s      7m17s      -2s  ✅  You Have sworn By Your Holiness - Chidera Bisong
05:23:14 BLOC_A_SERIE_DU_JOUR              5m08s      5m06s      -2s  ✅  He Has Given Me - PHF
05:28:20 BLOC_A_SERIE_DU_JOUR              9m23s      9m21s      -2s  ✅  10 minutes
05:37:41 BLOC_A_SERIE_DU_JOUR              0m06s      0m06s      +0s  ✅  jingle avant bible 01 la foi vient de ce quon entend
05:37:47 BLOC_A_SERIE_DU_JOUR              3m26s      3m23s      -3s  ✅  Abdias 1
05:41:10 BLOC_A_SERIE_DU_JOUR              4m04s      4m03s      -1s  ✅  Galates 5
05:45:13 BLOC_A_SERIE_DU_JOUR              2m46s      2m42s      -4s  ✅  Galates 6
05:47:55 BLOC_A_SERIE_DU_JOUR              7m03s      7m01s      -2s  ✅  2 Samuel 13
05:54:56 BLOC_A_SERIE_DU_JOUR              6m10s      6m08s      -2s  ✅  2 Samuel 14
06:01:04 BLOC_B_SERIE_DU_JOUR              0m10s      0m10s      +0s  ✅  jingle avant message 01 voici le message du jour
06:01:14 BLOC_B_SERIE_DU_JOUR             20m13s     20m11s      -2s  ✅  pqe j6
06:21:25 BLOC_B_SERIE_DU_JOUR              0m07s      0m08s      +1s  ✅  jingle avant bible 02 voici la lecture de la bible
06:21:33 BLOC_B_SERIE_DU_JOUR              2m37s      2m34s      -3s  ✅  Michée 1
06:24:07 BLOC_B_SERIE_DU_JOUR              2m20s      2m18s      -2s  ✅  Michée 2
06:26:25 BLOC_B_SERIE_DU_JOUR              2m05s      2m02s      -3s  ✅  Michée 3
06:28:27 BLOC_B_SERIE_DU_JOUR              2m34s      2m32s      -2s  ✅  Michée 4
06:30:59 BLOC_B_SERIE_DU_JOUR              2m20s      2m17s      -3s  ✅  Michée 5
06:33:16 BLOC_B_SERIE_DU_JOUR              2m37s      2m34s      -3s  ✅  Michée 6
06:35:50 BLOC_B_SERIE_DU_JOUR              3m27s      3m25s      -2s  ✅  Michée 7
06:39:15 BLOC_B_SERIE_DU_JOUR              3m53s      3m50s      -3s  ✅  Ésaïe 38
06:43:05 BLOC_B_SERIE_DU_JOUR              1m42s      1m40s      -2s  ✅  Ésaïe 39
06:44:45 BLOC_B_SERIE_DU_JOUR              5m12s      5m09s      -3s  ✅  Ésaïe 40
06:49:54 BLOC_B_SERIE_DU_JOUR              5m25s      5m23s      -2s  ✅  Ésaïe 41
06:55:17 BLOC_B_SERIE_DU_JOUR              4m30s      4m27s      -3s  ✅  Ésaïe 42
06:59:44 BLOC_B_SERIE_DU_JOUR              4m33s      4m31s      -2s  ✅  Ésaïe 43
07:04:15 BLOC_B_SERIE_DU_JOUR              5m55s      5m54s      -1s  ✅  Ésaïe 44
07:10:09 BLOC_B_SERIE_DU_JOUR              5m11s      5m07s      -4s  ✅  Ésaïe 45
07:15:16 BLOC_B_SERIE_DU_JOUR              2m25s      2m22s      -3s  ✅  Ésaïe 46
07:17:38 BLOC_B_SERIE_DU_JOUR              0m07s      0m08s      +1s  ✅  jingle avant louange 02 voici notre selection de cantiques
07:17:46 BLOC_B_SERIE_DU_JOUR              5m21s      5m18s      -3s  ✅  We Shall Not Fear - Nonso Njoku
07:23:04 BLOC_B_SERIE_DU_JOUR              6m06s      6m04s      -2s  ✅  cantique  ta bonte
07:29:08 BLOC_B_SERIE_DU_JOUR              6m12s      6m10s      -2s  ✅  Praise the Lord All Ye Nations - Toronto HF
07:35:18 BLOC_B_SERIE_DU_JOUR              4m03s      4m00s      -3s  ✅  I Will Not Be Silent - Calabar HF
07:39:18 BLOC_B_SERIE_DU_JOUR              8m22s      8m20s      -2s  ✅  Yeshua Hamashiach - Calabar HF
07:47:38 BLOC_B_SERIE_DU_JOUR              5m43s      5m40s      -3s  ✅  Cantique l Éternel est mon Berger (1)
07:53:18 BLOC_B_SERIE_DU_JOUR              7m36s      7m34s      -2s  ✅  There Is No Lie - SWBN TV
08:00:52 BLOC_B_SERIE_DU_JOUR              5m04s      5m02s      -2s  ✅  Guide Me - El ELyon - Abuja HF
08:05:54 BLOC_B_SERIE_DU_JOUR              5m45s      5m42s      -3s  ✅  Ella Samuels - Oh Lord Our Maker
08:11:36 BLOC_B_SERIE_DU_JOUR              4m52s      4m56s      +4s  ✅  God is Moving Us On - Ketu HF
08:16:32 BLOC_B_SERIE_DU_JOUR              2m04s      2m02s      -2s  ✅  Osée 1
08:18:34 BLOC_B_SERIE_DU_JOUR              3m29s      3m26s      -3s  ✅  Osée 2
08:22:00 BLOC_B_SERIE_DU_JOUR              0m57s      0m55s      -2s  ✅  Osée 3
08:22:55 BLOC_B_SERIE_DU_JOUR              2m56s      2m54s      -2s  ✅  Osée 4
08:25:49 BLOC_B_SERIE_DU_JOUR              2m24s      2m21s      -3s  ✅  Osée 5
08:28:10 BLOC_B_SERIE_DU_JOUR              1m32s      1m29s      -3s  ✅  Osée 6
08:29:39 BLOC_B_SERIE_DU_JOUR              2m27s      2m24s      -3s  ✅  Osée 7
08:32:03 BLOC_B_SERIE_DU_JOUR              2m06s      2m04s      -2s  ✅  Osée 8
08:34:07 BLOC_B_SERIE_DU_JOUR              3m04s      3m02s      -2s  ✅  Osée 9
08:37:09 BLOC_B_SERIE_DU_JOUR              2m37s      2m33s      -4s  ✅  Osée 10
08:39:42 BLOC_B_SERIE_DU_JOUR              1m53s      1m51s      -2s  ✅  Osée 11
08:41:33 BLOC_B_SERIE_DU_JOUR              2m04s      2m02s      -2s  ✅  Osée 12
08:43:35 BLOC_B_SERIE_DU_JOUR              2m43s      2m46s      +3s  ✅  Osée 13
08:46:21 BLOC_B_SERIE_DU_JOUR              0m07s      0m08s      +1s  ✅  Parole Prophétique FM
08:46:29 BLOC_B_SERIE_DU_JOUR              6m13s      6m10s      -3s  ✅  Immortal God - Elohim Adonai - Abuja HF
08:52:39 BLOC_B_SERIE_DU_JOUR              6m57s      6m55s      -2s  ✅  qui est digne d ouvrir le livre
08:59:34 BLOC_B_SERIE_DU_JOUR              8m58s      8m55s      -3s  ✅  El Elyon - Toronto & Winnipeg HF
09:08:29 BLOC_B_SERIE_DU_JOUR              8m10s      8m07s      -3s  ✅  Great and Marvellous - Ketu HF
09:16:36 BLOC_B_SERIE_DU_JOUR              4m40s      4m37s      -3s  ✅  All in All - CHF
09:21:13 BLOC_B_SERIE_DU_JOUR              3m22s      3m19s      -3s  ✅  Ses cheveux étaient blancs..
09:24:32 BLOC_B_SERIE_DU_JOUR              6m04s      6m02s      -2s  ✅  Sing Unto the Lord a new Song  - Winnipeg Fellowship
09:30:34 BLOC_B_SERIE_DU_JOUR              8m37s      8m37s      +0s  ✅  He Has Given Me & Emmanuel You Joy Over Us (Medley) (Abasiama Timothy & Imah Adegoke)
09:39:11 BLOC_B_SERIE_DU_JOUR              6m56s      6m58s      +2s  ✅  As We Worship In Ypur Presence
09:46:09 BLOC_B_SERIE_DU_JOUR              2m51s      2m48s      -3s  ✅  1 Samuel 7
09:48:57 BLOC_B_SERIE_DU_JOUR              2m47s      2m45s      -2s  ✅  1 Samuel 8
09:51:42 BLOC_B_SERIE_DU_JOUR              5m18s      5m15s      -3s  ✅  1 Samuel 9
09:56:57 BLOC_B_SERIE_DU_JOUR              4m51s      4m49s      -2s  ✅  1 Samuel 10
10:01:46 BLOC_B_SERIE_DU_JOUR              2m50s      2m47s      -3s  ✅  1 Samuel 11
10:04:33 BLOC_B_SERIE_DU_JOUR              4m21s      4m19s      -2s  ✅  1 Samuel 12
10:08:52 BLOC_B_SERIE_DU_JOUR              3m50s      3m48s      -2s  ✅  1 Samuel 13
10:12:40 BLOC_B_SERIE_DU_JOUR              9m14s      9m12s      -2s  ✅  1 Samuel 14
10:21:52 BLOC_B_SERIE_DU_JOUR              5m59s      5m57s      -2s  ✅  1 Samuel 15
10:27:49 BLOC_B_SERIE_DU_JOUR              4m08s      4m09s      +1s  ✅  1 Samuel 16
10:31:58 BLOC_B_SERIE_DU_JOUR              2m57s      2m55s      -2s  ✅  You Are the Captain of the Host - Toronto HF
10:34:53 BLOC_B_SERIE_DU_JOUR              5m48s      5m46s      -2s  ✅  Forever You Reign - Abuja HF
10:40:39 BLOC_B_SERIE_DU_JOUR             11m01s     10m58s      -3s  ✅  Great is, Ascribe - Ketu HF
10:51:37 BLOC_B_SERIE_DU_JOUR              6m34s      6m32s      -2s  ✅  cantique  béni soit le dieu d israël
10:58:09 BLOC_B_SERIE_DU_JOUR              6m12s      6m09s      -3s  ✅  The King is Here (Abasiama Timothy)
11:04:18 BLOC_B_SERIE_DU_JOUR              5m58s      5m56s      -2s  ✅  In Jesus - PHF
11:10:14 BLOC_B_SERIE_DU_JOUR              4m48s      4m45s      -3s  ✅  Yeshua I'm Waiting for You  - Ketu HF
11:14:59 BLOC_B_SERIE_DU_JOUR              7m20s      7m18s      -2s  ✅  The Glory -  PHF
11:22:17 BLOC_B_SERIE_DU_JOUR              7m04s      7m01s      -3s  ✅  We Bless You Wonderful God  - Winnipeg Fellowship
11:29:18 BLOC_B_SERIE_DU_JOUR              0m01s      0m02s      +1s  ✅  jingle avant bible 04 restons a lecoute des ecritures
11:29:20 BLOC_A_SERIE_DU_JOUR             20m13s     20m10s      -3s  ✅  pqe j6
11:49:30 BLOC_B_SERIE_DU_JOUR              4m27s      4m25s      -2s  ✅  Jude 1
11:53:55 BLOC_B_SERIE_DU_JOUR              4m20s      4m17s      -3s  ✅  2 Corinthiens 1
11:58:12 BLOC_B_SERIE_DU_JOUR              2m49s      2m46s      -3s  ✅  2 Corinthiens 2
12:00:58 BLOC_C_SERIE_DU_JOUR              0m08s      0m09s      +1s  ✅  jingle avant message 02 enseignement parole de dieu
12:01:07 BLOC_C_SERIE_DU_JOUR             20m13s     20m15s      +2s  ✅  pqe j6
12:21:22 BLOC_C_SERIE_DU_JOUR              3m47s      3m45s      -2s  ✅  Ézéchiel 29
12:25:07 BLOC_C_SERIE_DU_JOUR              3m58s      3m55s      -3s  ✅  Ézéchiel 30
12:29:02 BLOC_C_SERIE_DU_JOUR              3m27s      3m25s      -2s  ✅  Ézéchiel 31
12:32:27 BLOC_C_SERIE_DU_JOUR              5m28s      5m25s      -3s  ✅  Ézéchiel 32
12:37:52 BLOC_C_SERIE_DU_JOUR              5m45s      5m43s      -2s  ✅  Ézéchiel 33
12:43:35 BLOC_C_SERIE_DU_JOUR              5m22s      5m19s      -3s  ✅  Ézéchiel 34
12:48:54 BLOC_C_SERIE_DU_JOUR              2m14s      2m12s      -2s  ✅  Ézéchiel 35
12:51:06 BLOC_C_SERIE_DU_JOUR              6m24s      6m21s      -3s  ✅  Ézéchiel 36
12:57:27 BLOC_C_SERIE_DU_JOUR              5m03s      5m00s      -3s  ✅  Ézéchiel 37
13:02:27 BLOC_C_SERIE_DU_JOUR              4m13s      4m11s      -2s  ✅  Ézéchiel 38
13:06:38 BLOC_C_SERIE_DU_JOUR              4m57s      4m54s      -3s  ✅  Ézéchiel 39
13:11:32 BLOC_C_SERIE_DU_JOUR              7m58s      7m55s      -3s  ✅  Ézéchiel 40
13:19:27 BLOC_C_SERIE_DU_JOUR              0m07s      0m08s      +1s  ✅  jingle avant louange 02 voici notre selection de cantiques
13:19:35 BLOC_C_SERIE_DU_JOUR              7m09s      7m07s      -2s  ✅  You're the Lamb (Abasiama Timothy)
13:26:42 BLOC_C_SERIE_DU_JOUR              5m18s      5m16s      -2s  ✅  Now is Come Salvation - Toronto HF
13:31:58 BLOC_C_SERIE_DU_JOUR              9m24s      9m21s      -3s  ✅  I See Your Face - Toronto HF
13:41:19 BLOC_C_SERIE_DU_JOUR              3m10s      3m07s      -3s  ✅  la Parole
13:44:26 BLOC_C_SERIE_DU_JOUR              4m19s      4m17s      -2s  ✅  I Know The Blood - PHF
13:48:43 BLOC_C_SERIE_DU_JOUR              6m02s      5m59s      -3s  ✅  Crown Him Lord of Lords - Nonso Njoku
13:54:42 BLOC_C_SERIE_DU_JOUR              8m24s      8m21s      -3s  ✅  Bless Ye the Lord - PHF
14:03:03 BLOC_C_SERIE_DU_JOUR              5m52s      5m49s      -3s  ✅  Where Two or Three are Gathered - Calabar HF
14:08:52 BLOC_C_SERIE_DU_JOUR              4m08s      4m05s      -3s  ✅  I Choose the Way of the Lord - Abuja HF
14:12:57 BLOC_C_SERIE_DU_JOUR              6m28s      6m27s      -1s  ✅  Le Bien-Etre Universel
14:19:24 BLOC_B_SERIE_DU_JOUR              0m10s      0m11s      +1s  ✅  jingle avant message 01 voici le message du jour
14:19:35 BLOC_C_SERIE_DU_JOUR              3m00s      2m57s      -3s  ✅  Jonas 1
14:22:32 BLOC_C_SERIE_DU_JOUR              1m22s      1m20s      -2s  ✅  Jonas 2
14:23:52 BLOC_C_SERIE_DU_JOUR              1m36s      1m33s      -3s  ✅  Jonas 3
14:25:25 BLOC_C_SERIE_DU_JOUR              1m57s      1m55s      -2s  ✅  Jonas 4
14:27:20 BLOC_C_SERIE_DU_JOUR              4m02s      3m59s      -3s  ✅  Esther 1
14:31:19 BLOC_C_SERIE_DU_JOUR              4m44s      4m41s      -3s  ✅  Esther 2
14:36:00 BLOC_C_SERIE_DU_JOUR              3m17s      3m15s      -2s  ✅  Esther 3
14:39:15 BLOC_C_SERIE_DU_JOUR              2m55s      2m53s      -2s  ✅  Esther 4
14:42:08 BLOC_C_SERIE_DU_JOUR              2m46s      2m42s      -4s  ✅  Esther 5
14:44:50 BLOC_C_SERIE_DU_JOUR              2m44s      2m47s      +3s  ✅  Esther 6
14:47:37 BLOC_C_SERIE_DU_JOUR              8m10s      8m08s      -2s  ✅  Agunechemba - SWBN TV
14:55:45 BLOC_C_SERIE_DU_JOUR              4m33s      4m31s      -2s  ✅  God is Building - Will You Be - Ketu HF
15:00:16 BLOC_C_SERIE_DU_JOUR             10m25s     10m23s      -2s  ✅  Holy Are You - PHF
15:10:39 BLOC_C_SERIE_DU_JOUR              9m38s      9m36s      -2s  ✅  Holy are You oh Lord (Olaedo Uzoma & Vincent Opara)
15:20:15 BLOC_C_SERIE_DU_JOUR              4m20s      4m17s      -3s  ✅  There's A Mighty River Flowing - SWBN TV
15:24:32 BLOC_C_SERIE_DU_JOUR              4m05s      4m03s      -2s  ✅  Song Of Victory - Emmanuel Igunbor
15:28:35 BLOC_C_SERIE_DU_JOUR              4m53s      4m50s      -3s  ✅  Cantique Jahweh, Tu es élevé au dessus de tout (1)
15:33:25 BLOC_C_SERIE_DU_JOUR              5m04s      5m02s      -2s  ✅  I Enter The Holy of Holies - Port Harcourt HF
15:38:27 BLOC_C_SERIE_DU_JOUR              4m52s      4m50s      -2s  ✅  cantique   prends tout le contrôle
15:43:17 BLOC_C_SERIE_DU_JOUR              7m09s      7m14s      +5s  ✅  There is A Mighty River Flowing - Ketu HF
15:50:31 BLOC_C_SERIE_DU_JOUR              2m56s      2m54s      -2s  ✅  Sophonie 1
15:53:25 BLOC_C_SERIE_DU_JOUR              2m46s      2m43s      -3s  ✅  Sophonie 2
15:56:08 BLOC_C_SERIE_DU_JOUR              3m46s      3m44s      -2s  ✅  Sophonie 3
15:59:52 BLOC_C_SERIE_DU_JOUR              2m41s      2m39s      -2s  ✅  Nombres 25
16:02:31 BLOC_C_SERIE_DU_JOUR              9m41s      9m39s      -2s  ✅  Nombres 26
16:12:10 BLOC_C_SERIE_DU_JOUR              3m37s      3m34s      -3s  ✅  Nombres 27
16:15:44 BLOC_C_SERIE_DU_JOUR              4m29s      4m28s      -1s  ✅  Nombres 28
16:20:12 BLOC_C_SERIE_DU_JOUR              5m20s      5m17s      -3s  ✅  Nombres 29
16:25:29 BLOC_C_SERIE_DU_JOUR              2m47s      2m44s      -3s  ✅  Nombres 30
16:28:13 BLOC_C_SERIE_DU_JOUR              6m36s      6m33s      -3s  ✅  Nombres 31
16:34:46 BLOC_C_SERIE_DU_JOUR              0m05s      0m06s      +1s  ✅  jingle avant louange 04 suite de la selection musicale
16:34:52 BLOC_C_SERIE_DU_JOUR              9m14s      9m12s      -2s  ✅  A jamais, tu seras l Agneau de Dieu
16:44:04 BLOC_C_SERIE_DU_JOUR              2m20s      2m17s      -3s  ✅  cantique  heureux l homme qui ne marche pas selon
16:46:21 BLOC_C_SERIE_DU_JOUR              7m17s      7m15s      -2s  ✅  cantique  tes promesses  pub direct dec 2021 import (2)
16:53:36 BLOC_C_SERIE_DU_JOUR              6m57s      6m55s      -2s  ✅  The Lord on High is Mightier - Toronto HF
17:00:31 BLOC_C_SERIE_DU_JOUR              6m10s      6m06s      -4s  ✅  That I May Know Him - Toronto HF
17:06:37 BLOC_C_SERIE_DU_JOUR              4m13s      4m11s      -2s  ✅  4 minutes
17:10:48 BLOC_C_SERIE_DU_JOUR              6m54s      6m51s      -3s  ✅  There is no Lie (Imah Adegoke & Mary Umoh)
17:17:39 BLOC_C_SERIE_DU_JOUR              6m35s      6m33s      -2s  ✅  cantique   ta lumière
17:24:12 BLOC_C_SERIE_DU_JOUR              5m21s      5m19s      -2s  ✅  By the word of the lord - Ketu HF
17:29:31 BLOC_C_SERIE_DU_JOUR              7m57s      8m01s      +4s  ✅  Yahweh is Mighty (Imah Adegoke)
17:37:32 BLOC_C_SERIE_DU_JOUR              2m40s      2m39s      -1s  ✅  Amos 1
17:40:11 BLOC_C_SERIE_DU_JOUR              2m30s      2m26s      -4s  ✅  Amos 2
17:42:37 BLOC_C_SERIE_DU_JOUR              2m19s      2m17s      -2s  ✅  Amos 3
17:44:54 BLOC_C_SERIE_DU_JOUR              2m44s      2m41s      -3s  ✅  Amos 4
17:47:35 BLOC_C_SERIE_DU_JOUR              4m01s      3m59s      -2s  ✅  Amos 5
17:51:34 BLOC_C_SERIE_DU_JOUR              2m22s      2m19s      -3s  ✅  Amos 6
17:53:53 BLOC_C_SERIE_DU_JOUR              3m05s      3m02s      -3s  ✅  Amos 7
17:56:55 BLOC_C_SERIE_DU_JOUR              0m04s      0m05s      +1s  ✅  jingle avant louange 03 continuons dans la louange
17:57:00 BLOC_C_SERIE_DU_JOUR              3m19s      3m16s      -3s  ✅  Awaken My Heart
18:00:16 BLOC_D_SERIE_DU_JOUR              0m08s      0m08s      +0s  ✅  jingle avant message 02 enseignement parole de dieu
18:00:24 BLOC_D_SERIE_DU_JOUR             20m13s     20m11s      -2s  ✅  pqe j6
18:20:35 BLOC_D_SERIE_DU_JOUR              0m05s      0m05s      +0s  ✅  jingle avant bible 05 poursuivons notre lecture
18:20:40 BLOC_D_SERIE_DU_JOUR              4m43s      4m41s      -2s  ✅  2 Rois 3
18:25:21 BLOC_D_SERIE_DU_JOUR              7m47s      7m44s      -3s  ✅  2 Rois 4
18:33:05 BLOC_D_SERIE_DU_JOUR              6m03s      6m00s      -3s  ✅  2 Rois 5
18:39:05 BLOC_D_SERIE_DU_JOUR              5m42s      5m39s      -3s  ✅  2 Rois 6
18:44:44 BLOC_D_SERIE_DU_JOUR              4m28s      4m27s      -1s  ✅  2 Rois 7
18:49:11 BLOC_D_SERIE_DU_JOUR              5m34s      5m31s      -3s  ✅  2 Rois 8
18:54:42 BLOC_D_SERIE_DU_JOUR              7m22s      7m20s      -2s  ✅  2 Rois 9
19:02:02 BLOC_D_SERIE_DU_JOUR              6m58s      6m56s      -2s  ✅  2 Rois 10
19:08:58 BLOC_D_SERIE_DU_JOUR              4m05s      4m10s      +5s  ✅  2 Rois 11
19:13:08 BLOC_D_SERIE_DU_JOUR              5m13s      5m11s      -2s  ✅  Il s'appelait Emmanuel - Marcel Boungou + Paroles
19:18:19 BLOC_D_SERIE_DU_JOUR              8m30s      8m28s      -2s  ✅  We Worship Adonai - PHF
19:26:47 BLOC_D_SERIE_DU_JOUR              8m31s      8m29s      -2s  ✅  Holy Holy - Abuja HF
19:35:16 BLOC_D_SERIE_DU_JOUR              7m25s      7m21s      -4s  ✅  Victorious Is the Lamb - Winnipeg Fellowship
19:42:37 BLOC_D_SERIE_DU_JOUR              8m21s      8m19s      -2s  ✅  In the Day of Your Power  - Winnipeg Fellowship
19:50:56 BLOC_D_SERIE_DU_JOUR              7m18s      7m15s      -3s  ✅  Holy is the Lord (Emmanuel Umoh)
19:58:11 BLOC_D_SERIE_DU_JOUR              5m15s      5m13s      -2s  ✅  Yahweh Be Praised - Abuja HF
20:03:24 BLOC_D_SERIE_DU_JOUR              5m22s      5m20s      -2s  ✅  God's Got An Army - PHF
20:08:44 BLOC_D_SERIE_DU_JOUR              0m06s      0m06s      +0s  ✅  jingle avant bible 01 la foi vient de ce quon entend
20:08:50 BLOC_D_SERIE_DU_JOUR              1m43s      1m41s      -2s  ✅  Zacharie 13
20:10:31 BLOC_D_SERIE_DU_JOUR              4m06s      4m03s      -3s  ✅  Zacharie 14
20:14:34 BLOC_D_SERIE_DU_JOUR              3m34s      3m32s      -2s  ✅  Esdras 9
20:18:06 BLOC_D_SERIE_DU_JOUR              6m21s      6m18s      -3s  ✅  Esdras 10
20:24:24 BLOC_D_SERIE_DU_JOUR              3m34s      3m32s      -2s  ✅  2 Chroniques 21
20:27:56 BLOC_D_SERIE_DU_JOUR              2m34s      2m31s      -3s  ✅  2 Chroniques 22
20:30:27 BLOC_D_SERIE_DU_JOUR              4m22s      4m26s      +4s  ✅  2 Chroniques 23
20:34:53 BLOC_D_SERIE_DU_JOUR              7m46s      7m43s      -3s  ✅  Arise Out of Zion  - Winnipeg Fellowship
20:42:36 BLOC_D_SERIE_DU_JOUR              7m51s      7m49s      -2s  ✅  There is no name  - Winnipeg Fellowship
20:50:25 BLOC_D_SERIE_DU_JOUR              8m41s      8m38s      -3s  ✅  Unto Him (Vincent Opara)
20:59:03 BLOC_D_SERIE_DU_JOUR              5m45s      5m42s      -3s  ✅  How Precious Oh Lord
21:04:45 BLOC_D_SERIE_DU_JOUR             10m35s     10m33s      -2s  ✅  Baruch Ha'ba B'Shem Adonai/Blessed Is He Who Comes in the Name of the Lord - Port Harcourt HF
21:15:18 BLOC_D_SERIE_DU_JOUR              3m24s      3m21s      -3s  ✅  Cantique sa miséricorde
21:18:39 BLOC_D_SERIE_DU_JOUR              6m59s      6m56s      -3s  ✅  Hosanna - Toronto HF
21:25:35 BLOC_D_SERIE_DU_JOUR              4m11s      4m10s      -1s  ✅  Cantique   Oh Éternel Dieu, Tu es le Dieu Incomparable
21:29:45 BLOC_C_SERIE_DU_JOUR              0m08s      0m09s      +1s  ✅  jingle avant message 02 enseignement parole de dieu
21:29:54 BLOC_D_SERIE_DU_JOUR              2m57s      2m55s      -2s  ✅  Job 6
21:32:49 BLOC_D_SERIE_DU_JOUR              2m21s      2m21s      +0s  ✅  Job 7
21:35:10 BLOC_D_SERIE_DU_JOUR              2m06s      2m01s      -5s  ✅  Job 8
21:37:11 BLOC_D_SERIE_DU_JOUR              3m12s      3m10s      -2s  ✅  Job 9
21:40:21 BLOC_D_SERIE_DU_JOUR              2m20s      2m17s      -3s  ✅  Job 10
21:42:38 BLOC_D_SERIE_DU_JOUR              1m57s      1m55s      -2s  ✅  Job 11
21:44:33 BLOC_D_SERIE_DU_JOUR              2m35s      2m33s      -2s  ✅  Job 12
21:47:06 BLOC_D_SERIE_DU_JOUR              2m37s      2m35s      -2s  ✅  Job 13
21:49:41 BLOC_D_SERIE_DU_JOUR              2m25s      2m22s      -3s  ✅  Job 14
21:52:03 BLOC_D_SERIE_DU_JOUR              3m21s      3m18s      -3s  ✅  Job 15
21:55:21 BLOC_D_SERIE_DU_JOUR              2m15s      2m13s      -2s  ✅  Job 16
21:57:34 BLOC_D_SERIE_DU_JOUR              1m36s      1m33s      -3s  ✅  Job 17
21:59:07 BLOC_D_SERIE_DU_JOUR              2m02s      2m00s      -2s  ✅  Job 18
22:01:07 BLOC_D_SERIE_DU_JOUR              3m05s      3m02s      -3s  ✅  Job 19
22:04:09 BLOC_D_SERIE_DU_JOUR              2m59s      2m57s      -2s  ✅  Job 20
22:07:06 BLOC_D_SERIE_DU_JOUR              3m12s      3m11s      -1s  ✅  Job 21
22:10:17 BLOC_D_SERIE_DU_JOUR              0m05s      0m05s      +0s  ✅  jingle avant louange 04 suite de la selection musicale
22:10:22 BLOC_D_SERIE_DU_JOUR              5m02s      5m00s      -2s  ✅  A Song Of Love
22:15:22 BLOC_D_SERIE_DU_JOUR              5m52s      5m50s      -2s  ✅  Not Naked (Abasiama Timothy)
22:21:12 BLOC_D_SERIE_DU_JOUR              7m21s      7m18s      -3s  ✅  For By My God - Toronto & Winnipeg HF
22:28:30 BLOC_D_SERIE_DU_JOUR              7m09s      7m06s      -3s  ✅  My God Is Good - Winnipeg Fellowship
22:35:36 BLOC_D_SERIE_DU_JOUR              6m30s      6m28s      -2s  ✅  Praise the Lord of Host - Toronto HF
22:42:04 BLOC_D_SERIE_DU_JOUR              7m29s      7m26s      -3s  ✅  Hallelujah - PHF
22:49:30 BLOC_D_SERIE_DU_JOUR              4m18s      4m16s      -2s  ✅  You Are Worthy - Ketu HF
22:53:46 BLOC_D_SERIE_DU_JOUR              5m28s      5m26s      -2s  ✅  même humilié
22:59:12 BLOC_D_SERIE_DU_JOUR              6m19s      6m22s      +3s  ✅  Unto Him - CHF
23:05:34 BLOC_D_SERIE_DU_JOUR              2m07s      2m05s      -2s  ✅  2 Jean 1
23:07:39 BLOC_D_SERIE_DU_JOUR              2m59s      2m57s      -2s  ✅  2 Timothée 1
23:10:36 BLOC_D_SERIE_DU_JOUR              3m52s      3m49s      -3s  ✅  2 Timothée 2
23:14:25 BLOC_D_SERIE_DU_JOUR              2m37s      2m34s      -3s  ✅  2 Timothée 3
23:16:59 BLOC_D_SERIE_DU_JOUR              3m09s      3m07s      -2s  ✅  2 Timothée 4
23:20:06 BLOC_D_SERIE_DU_JOUR              4m36s      4m33s      -3s  ✅  Néhémie 10
23:24:39 BLOC_D_SERIE_DU_JOUR              0m04s      0m04s      +0s  ✅  jingle avant louange 03 continuons dans la louange
23:24:43 BLOC_D_SERIE_DU_JOUR              4m14s      4m12s      -2s  ✅  Mon modèle, c est Jésus
23:28:55 BLOC_D_SERIE_DU_JOUR              6m09s      6m07s      -2s  ✅  Hymne des vainqueurs
23:35:02 BLOC_E_LOUANGE_NUIT               5m50s      5m47s      -3s  ✅  Jesus I'm Waiting for You (Mary Umoh)
23:40:49 BLOC_E_LOUANGE_NUIT               6m09s      6m07s      -2s  ✅  Hymne des vainqueurs
23:46:56 BLOC_E_LOUANGE_NUIT               6m07s      6m05s      -2s  ✅  There Is Forgiveness In Thee - SWBN TV
23:53:01 BLOC_E_LOUANGE_NUIT               0m07s      0m05s      -2s  ✅  Parole Prophétique FM
23:53:06 BLOC_E_LOUANGE_NUIT               5m45s      5m42s      -3s  ✅  How Precious Oh Lord
23:58:48 BLOC_E_LOUANGE_NUIT               7m17s          ?           ⏳ dernier titre (durée réelle inconnue)  cantique  tes promesses  pub direct dec 2021 import (2)
----------------------------------------------------------------------------------------------------
Bilan : 322 titres, 1 anomalie(s) (titre coupé de plus de 10s ou trou d'antenne). Gravité : 0 mineure(s) <1min · 1 sérieuse(s) 1-10min · 0 critique(s) >10min.

====================================================================================================
CONTRÔLES APPROFONDIS
====================================================================================================
MESSAGE DU JOUR « PQE J 6 » : 5 diffusion(s) pour 4 prévue(s) ❌
   00:03:26  (étiquette BLOC_A_SERIE_DU_JOUR)
   06:01:14  (étiquette BLOC_B_SERIE_DU_JOUR)
   11:29:20  (étiquette BLOC_A_SERIE_DU_JOUR)
   12:01:07  (étiquette BLOC_C_SERIE_DU_JOUR)  ⚠️ DOUBLE RAPPROCHÉ (rejoué juste après la diffusion précédente)
   18:00:24  (étiquette BLOC_D_SERIE_DU_JOUR)
   → diffusions en trop = reboucle d'un bloc avant la fin de sa fenêtre (l'étiquette playlist des fichiers partagés n'est pas fiable, se fier aux heures).
JINGLES : 22 joués / 36 prévus (61%) ⚠️   ·   BLOC_A 7/9 · BLOC_B 4/9 · BLOC_C 5/9 · BLOC_D 6/9
HORS FENÊTRE : 1 titre(s) d'un bloc joués hors de sa plage ⚠️
   14:19:24  jingle avant message 01 voici le message du jour — prévu dans BLOC_B (06:00-12:00)
BOUCHE-TROUS : 1 titre(s) hors plan sans playlist ⚠️
   00:01:33  AzuraCast is Live!  (0m09s)
COUVERTURE : premier titre à 00:01:33 ✅ · dernier titre finit vers 00:06:05 (estimé) ✅

====================================================================================================
RÉEL vs PRÉVU — ce qui a joué vs ce que le plan prévoyait
====================================================================================================
----------------------------------------------------------------------------------------------------
BLOC_A  (00:00-06:00)  prévus  95 · joués  91 · conformité  94% · sautés  6 · en trop  2
   ⏭️  PRÉVU NON JOUÉ : jingle avant bible 04 restons a lecoute des ecritures · jingle avant louange 03 continuons dans la louange · jingle avant louange 04 suite de la selection musicale · You're the Lamb - Calabar HF · Good God - Asaba Fellowship · Abba, Singing a, I Will Sing - Ketu HF
   ➕  JOUÉ NON PRÉVU : AzuraCast is Live! · jingle avant message 02 enseignement parole de dieu
----------------------------------------------------------------------------------------------------
BLOC_B  (06:00-12:00)  prévus  88 · joués  77 · conformité  86% · sautés 12 · en trop  1
   ⏭️  PRÉVU NON JOUÉ : jingle avant bible 01 la foi vient de ce quon entend · jingle avant louange 04 suite de la selection musicale · Parole Prophétique FM · jingle avant bible 03 ecoutez la voix de dieu · jingle avant louange 03 continuons dans la louange · 2 Corinthiens 3  …(+6)
   ➕  JOUÉ NON PRÉVU : pqe j6
----------------------------------------------------------------------------------------------------
BLOC_C  (12:00-18:00)  prévus  84 · joués  76 · conformité  89% · sautés  9 · en trop  1
   ⏭️  PRÉVU NON JOUÉ : jingle avant bible 05 poursuivons notre lecture · jingle avant bible 04 restons a lecoute des ecritures · jingle avant louange 01 place a la louange et adoration · jingle avant bible 02 voici la lecture de la bible · jingle avant bible 01 la foi vient de ce quon entend · Adorons l'Éternel GAEL - JÉSUS EST SEIGNEUR -  …(+3)
   ➕  JOUÉ NON PRÉVU : jingle avant message 01 voici le message du jour
----------------------------------------------------------------------------------------------------
BLOC_D  (18:00-23:30)  prévus  77 · joués  72 · conformité  92% · sautés  6 · en trop  1
   ⏭️  PRÉVU NON JOUÉ : jingle avant louange 02 voici notre selection de cantiques · jingle avant louange 01 place a la louange et adoration · jingle avant bible 04 restons a lecoute des ecritures · jingle avant bible 03 ecoutez la voix de dieu · As We Worship - Toronto & Winnipeg HF · You are God - Winnipeg Fellowship
   ➕  JOUÉ NON PRÉVU : jingle avant message 02 enseignement parole de dieu
----------------------------------------------------------------------------------------------------
CONFORMITÉ GLOBALE : 311/344 titres prévus joués dans l'ordre = 90%  (5 titre(s) hors plan)
