====================================================================================================
MONITEUR RADIO — 2026-09-17 (synthèse des 3 rapports + plan, heures UTC)
====================================================================================================
État : ❌ incident(s) détecté(s)  ·  diffusion : 1 coupure(s)/trou(s), 0 double(s) message  ·  serveur : 0 incident(s)
ATTENDU (sans effet à l'antenne, hors verdict) : 314 événement(s) serveur pendant la rotation (23h30-23h40) et le reset de minuit (00h00-00h03) · 1 titre(s) tronqué(s) par le redémarrage de minuit
SERVEUR : aucun incident hors fenêtres planifiées (ni crash, ni échec réseau, ni silence) ✅
   ↳ attendu, hors verdict : 00:01 🔇 bascule sur jingle d'erreur (silence potentiel) (×2) · 23:32 🌐 échec réseau AzuraCast/Liquidsoap (×312)
RESET MINUIT : restart confirmé vers 00:02:10 · 3 contrôle(s) · file saine ✅
INCIDENTS CORRÉLÉS (anomalie de diffusion ↔ cause serveur probable) :
   00:01:50  TROU 96s « jingle avant message 01 voici le message du jour »
          ↳ cause probable 00:01:34 : 🔇 bascule sur jingle d'erreur (silence potentiel)
(Détail titre par titre, contrôles approfondis et RÉEL vs PRÉVU ci-dessous.)
Rapport de diffusion — 2026-09-17 (heures UTC)
339 titres joués | tolérance ±10s
====================================================================================================
HEURE    PLAYLIST                     FICHIER          RÉEL    ÉCART  STATUT  TITRE
----------------------------------------------------------------------------------------------------
00:01:40 015_REMPLISSAGE                   0m09s      0m10s      +1s  ✅  jingle id station 02 radio evangile du royaume
00:01:50 BLOC_A_SERIE_DU_JOUR              0m10s      1m46s     +96s  ⚠️ TROU APRÈS  jingle avant message 01 voici le message du jour
00:03:36 BLOC_A_SERIE_DU_JOUR              9m37s      9m35s      -2s  ✅  amc tian combat spirituel 2
00:13:11 BLOC_A_SERIE_DU_JOUR              0m09s      0m10s      +1s  ✅  jingle avant bible 08 prenons un moment pour ecouter la parole
00:13:21 BLOC_A_SERIE_DU_JOUR              3m58s      3m55s      -3s  ✅  Jérémie 8
00:17:16 BLOC_A_SERIE_DU_JOUR              4m37s      4m35s      -2s  ✅  Jérémie 9
00:21:51 BLOC_A_SERIE_DU_JOUR              3m54s      3m52s      -2s  ✅  Jérémie 10
00:25:43 BLOC_A_SERIE_DU_JOUR              4m11s      4m08s      -3s  ✅  Jérémie 11
00:29:51 BLOC_A_SERIE_DU_JOUR              3m15s      3m13s      -2s  ✅  Jérémie 12
00:33:04 BLOC_A_SERIE_DU_JOUR              4m35s      4m33s      -2s  ✅  Jérémie 13
00:37:37 BLOC_A_SERIE_DU_JOUR              4m22s      4m20s      -2s  ✅  Jérémie 14
00:41:57 BLOC_A_SERIE_DU_JOUR              4m05s      4m03s      -2s  ✅  Jérémie 15
00:46:00 BLOC_A_SERIE_DU_JOUR              4m07s      4m04s      -3s  ✅  Jérémie 16
00:50:04 BLOC_A_SERIE_DU_JOUR              4m58s      4m56s      -2s  ✅  Jérémie 17
00:55:00 BLOC_A_SERIE_DU_JOUR              3m54s      3m51s      -3s  ✅  Jérémie 18
00:58:51 BLOC_A_SERIE_DU_JOUR              3m01s      2m58s      -3s  ✅  Jérémie 19
01:01:49 BLOC_A_SERIE_DU_JOUR              3m26s      3m24s      -2s  ✅  Jérémie 20
01:05:13 BLOC_A_SERIE_DU_JOUR              2m54s      2m51s      -3s  ✅  Jérémie 21
01:08:04 BLOC_A_SERIE_DU_JOUR              5m04s      5m02s      -2s  ✅  Jérémie 22
01:13:06 BLOC_A_SERIE_DU_JOUR              0m11s      0m11s      +0s  ✅  jingle avant louange 05 elevons nos coeurs vers dieu
01:13:17 BLOC_A_SERIE_DU_JOUR              5m21s      5m18s      -3s  ✅  We Shall Not Fear - Nonso Njoku
01:18:35 BLOC_A_SERIE_DU_JOUR              6m02s      6m00s      -2s  ✅  Rejoice - PHF
01:24:35 BLOC_A_SERIE_DU_JOUR              8m21s      8m18s      -3s  ✅  In the Day of Your Power  - Winnipeg Fellowship
01:32:53 BLOC_A_SERIE_DU_JOUR              4m04s      4m02s      -2s  ✅  Ascribe Greatness - PHF
01:36:55 BLOC_A_SERIE_DU_JOUR              4m20s      4m18s      -2s  ✅  There's A Mighty River Flowing - SWBN TV
01:41:13 BLOC_A_SERIE_DU_JOUR              8m24s      8m21s      -3s  ✅  Bless Ye the Lord - PHF
01:49:34 BLOC_A_SERIE_DU_JOUR              6m12s      6m09s      -3s  ✅  Praise the Lord All Ye Nations - Toronto HF
01:55:43 BLOC_A_SERIE_DU_JOUR              3m10s      3m08s      -2s  ✅  la Parole
01:58:51 BLOC_A_SERIE_DU_JOUR              4m40s      4m37s      -3s  ✅  All in All - CHF
02:03:28 BLOC_A_SERIE_DU_JOUR              5m58s      5m55s      -3s  ✅  In Jesus - PHF
02:09:23 BLOC_A_SERIE_DU_JOUR              8m25s      8m22s      -3s  ✅  The Mountains, Come and, Oh City - Ketu HF
02:17:45 BLOC_A_SERIE_DU_JOUR              0m13s      0m13s      +0s  ✅  jingle avant bible 07 place a la lecture de la bible
02:17:58 BLOC_A_SERIE_DU_JOUR              1m49s      1m47s      -2s  ✅  1 Thessaloniciens 1
02:19:45 BLOC_A_SERIE_DU_JOUR              3m29s      3m27s      -2s  ✅  1 Thessaloniciens 2
02:23:12 BLOC_A_SERIE_DU_JOUR              2m13s      2m10s      -3s  ✅  1 Thessaloniciens 3
02:25:22 BLOC_A_SERIE_DU_JOUR              3m03s      3m00s      -3s  ✅  1 Thessaloniciens 4
02:28:22 BLOC_A_SERIE_DU_JOUR              3m04s      3m02s      -2s  ✅  1 Thessaloniciens 5
02:31:24 BLOC_A_SERIE_DU_JOUR              2m59s      2m56s      -3s  ✅  Philémon 1
02:34:20 BLOC_A_SERIE_DU_JOUR              4m03s      4m00s      -3s  ✅  Apocalypse 19
02:38:20 BLOC_A_SERIE_DU_JOUR              3m06s      3m04s      -2s  ✅  Apocalypse 20
02:41:24 BLOC_A_SERIE_DU_JOUR              4m56s      4m54s      -2s  ✅  Apocalypse 21
02:46:18 BLOC_A_SERIE_DU_JOUR              3m34s      3m31s      -3s  ✅  Apocalypse 22
02:49:49 BLOC_A_SERIE_DU_JOUR              0m13s      0m14s      +1s  ✅  jingle avant louange 07 voici un temps de louange
02:50:03 BLOC_A_SERIE_DU_JOUR              5m07s      5m05s      -2s  ✅  We Shall Come - Asaba Fellowship
02:55:08 BLOC_A_SERIE_DU_JOUR              5m19s      5m16s      -3s  ✅  Gabrielle LIDJI - Mélodie Céleste  by LFXA(Light FX Animation)_2
03:00:24 BLOC_A_SERIE_DU_JOUR              5m18s      5m15s      -3s  ✅  Now is Come Salvation - Toronto HF
03:05:39 BLOC_A_SERIE_DU_JOUR              6m13s      6m11s      -2s  ✅  Immortal God - Elohim Adonai - Abuja HF
03:11:50 BLOC_A_SERIE_DU_JOUR              3m24s      3m22s      -2s  ✅  Cantique sa miséricorde
03:15:12 BLOC_A_SERIE_DU_JOUR              2m16s      2m12s      -4s  ✅  cantique  nous sommes le sel de la terre
03:17:24 BLOC_A_SERIE_DU_JOUR              5m04s      5m02s      -2s  ✅  I Enter The Holy of Holies - Port Harcourt HF
03:22:26 BLOC_A_SERIE_DU_JOUR              6m57s      6m55s      -2s  ✅  The Lord on High is Mightier - Toronto HF
03:29:21 BLOC_A_SERIE_DU_JOUR              4m03s      4m00s      -3s  ✅  I Will Not Be Silent - Calabar HF
03:33:21 BLOC_A_SERIE_DU_JOUR              5m10s      5m08s      -2s  ✅  I Will Call Upon The Lord
03:38:29 BLOC_A_SERIE_DU_JOUR              4m11s      4m08s      -3s  ✅  jai donné ma vie à jésus (1)
03:42:37 BLOC_A_SERIE_DU_JOUR              6m56s      6m53s      -3s  ✅  As We Worship In Ypur Presence
03:49:30 BLOC_A_SERIE_DU_JOUR              0m10s      0m11s      +1s  ✅  jingle avant bible 06 ouvrons les saintes ecritures
03:49:41 BLOC_A_SERIE_DU_JOUR              2m43s      2m41s      -2s  ✅  1 Corinthiens 2
03:52:22 BLOC_A_SERIE_DU_JOUR              3m26s      3m23s      -3s  ✅  1 Corinthiens 3
03:55:45 BLOC_A_SERIE_DU_JOUR              3m40s      3m38s      -2s  ✅  1 Corinthiens 4
03:59:23 BLOC_A_SERIE_DU_JOUR              2m17s      2m15s      -2s  ✅  1 Corinthiens 5
04:01:38 BLOC_A_SERIE_DU_JOUR              3m19s      3m16s      -3s  ✅  1 Corinthiens 6
04:04:54 BLOC_A_SERIE_DU_JOUR              6m29s      6m26s      -3s  ✅  1 Corinthiens 7
04:11:20 BLOC_A_SERIE_DU_JOUR              2m04s      2m02s      -2s  ✅  1 Corinthiens 8
04:13:22 BLOC_A_SERIE_DU_JOUR              4m09s      4m06s      -3s  ✅  1 Corinthiens 9
04:17:28 BLOC_A_SERIE_DU_JOUR              4m48s      4m46s      -2s  ✅  1 Corinthiens 10
04:22:14 BLOC_A_SERIE_DU_JOUR              5m08s      5m06s      -2s  ✅  1 Corinthiens 11
04:27:20 BLOC_A_SERIE_DU_JOUR              4m41s      4m38s      -3s  ✅  1 Corinthiens 12
04:31:58 BLOC_A_SERIE_DU_JOUR              2m38s      2m36s      -2s  ✅  1 Corinthiens 13
04:34:34 BLOC_A_SERIE_DU_JOUR              0m10s      0m10s      +0s  ✅  jingle avant louange 06 que la louange seleve
04:34:44 BLOC_A_SERIE_DU_JOUR              4m53s      4m51s      -2s  ✅  Cantique Jahweh, Tu es élevé au dessus de tout (1)
04:39:35 BLOC_A_SERIE_DU_JOUR              7m46s      7m43s      -3s  ✅  Arise Out of Zion  - Winnipeg Fellowship
04:47:18 BLOC_A_SERIE_DU_JOUR              7m18s      7m15s      -3s  ✅  Holy is the Lord (Emmanuel Umoh)
04:54:33 BLOC_A_SERIE_DU_JOUR              7m51s      7m49s      -2s  ✅  There is no name  - Winnipeg Fellowship
05:02:22 BLOC_A_SERIE_DU_JOUR              5m22s      5m19s      -3s  ✅  God's Got An Army - PHF
05:07:41 BLOC_A_SERIE_DU_JOUR              8m22s      8m20s      -2s  ✅  Yeshua Hamashiach - Calabar HF
05:16:01 BLOC_A_SERIE_DU_JOUR              9m31s      9m28s      -3s  ✅  15 at 01.33.50 (1)(1)
05:25:29 BLOC_A_SERIE_DU_JOUR              5m52s      5m50s      -2s  ✅  Not Naked (Abasiama Timothy)
05:31:19 BLOC_A_SERIE_DU_JOUR              5m48s      5m45s      -3s  ✅  Forever You Reign - Abuja HF
05:37:04 BLOC_A_SERIE_DU_JOUR              0m09s      0m10s      +1s  ✅  JINGLE
05:37:14 BLOC_A_SERIE_DU_JOUR              2m21s      2m19s      -2s  ✅  Ecclésiaste 1
05:39:33 BLOC_A_SERIE_DU_JOUR              4m17s      4m15s      -2s  ✅  Ecclésiaste 2
05:43:48 BLOC_A_SERIE_DU_JOUR              2m50s      2m47s      -3s  ✅  Ecclésiaste 3
05:46:35 BLOC_A_SERIE_DU_JOUR              2m23s      2m20s      -3s  ✅  Ecclésiaste 4
05:48:55 BLOC_A_SERIE_DU_JOUR              3m17s      3m15s      -2s  ✅  Ecclésiaste 5
05:52:10 BLOC_A_SERIE_DU_JOUR              1m50s      1m47s      -3s  ✅  Ecclésiaste 6
05:53:57 BLOC_A_SERIE_DU_JOUR              3m44s      3m42s      -2s  ✅  Ecclésiaste 7
05:57:39 BLOC_A_SERIE_DU_JOUR              0m09s      0m10s      +1s  ✅  JINGLE
05:57:49 BLOC_A_SERIE_DU_JOUR              5m10s      5m07s      -3s  ✅  Igwe
06:02:56 BLOC_B_SERIE_DU_JOUR              0m09s      0m09s      +0s  ✅  jingle avant message 03 vous ecoutez parole prophetique fm
06:03:05 BLOC_B_SERIE_DU_JOUR              9m37s      9m36s      -1s  ✅  amc tian combat spirituel 2
06:12:41 BLOC_B_SERIE_DU_JOUR              0m13s      0m13s      +0s  ✅  jingle avant bible 07 place a la lecture de la bible
06:12:54 BLOC_B_SERIE_DU_JOUR              4m51s      4m49s      -2s  ✅  Daniel 8
06:17:43 BLOC_B_SERIE_DU_JOUR              5m57s      5m54s      -3s  ✅  Daniel 9
06:23:37 BLOC_B_SERIE_DU_JOUR              3m45s      3m43s      -2s  ✅  Daniel 10
06:27:20 BLOC_B_SERIE_DU_JOUR              8m26s      8m24s      -2s  ✅  Daniel 11
06:35:44 BLOC_B_SERIE_DU_JOUR              2m26s      2m24s      -2s  ✅  Daniel 12
06:38:08 BLOC_B_SERIE_DU_JOUR              2m37s      2m34s      -3s  ✅  Michée 1
06:40:42 BLOC_B_SERIE_DU_JOUR              2m20s      2m18s      -2s  ✅  Michée 2
06:43:00 BLOC_B_SERIE_DU_JOUR              2m05s      2m02s      -3s  ✅  Michée 3
06:45:02 BLOC_B_SERIE_DU_JOUR              2m34s      2m31s      -3s  ✅  Michée 4
06:47:33 BLOC_B_SERIE_DU_JOUR              2m20s      2m18s      -2s  ✅  Michée 5
06:49:51 BLOC_B_SERIE_DU_JOUR              2m37s      2m34s      -3s  ✅  Michée 6
06:52:25 BLOC_B_SERIE_DU_JOUR              3m27s      3m24s      -3s  ✅  Michée 7
06:55:49 BLOC_B_SERIE_DU_JOUR              2m59s      2m57s      -2s  ✅  2 Timothée 1
06:58:46 BLOC_B_SERIE_DU_JOUR              3m52s      3m50s      -2s  ✅  2 Timothée 2
07:02:36 BLOC_B_SERIE_DU_JOUR              2m37s      2m34s      -3s  ✅  2 Timothée 3
07:05:10 BLOC_B_SERIE_DU_JOUR              3m09s      3m06s      -3s  ✅  2 Timothée 4
07:08:16 BLOC_B_SERIE_DU_JOUR              4m09s      4m06s      -3s  ✅  Ézéchiel 24
07:12:22 BLOC_B_SERIE_DU_JOUR              0m13s      0m13s      +0s  ✅  jingle avant louange 07 voici un temps de louange
07:12:35 BLOC_B_SERIE_DU_JOUR              5m15s      5m13s      -2s  ✅  Yahweh Be Praised - Abuja HF
07:17:48 BLOC_B_SERIE_DU_JOUR              3m19s      3m16s      -3s  ✅  Awaken My Heart
07:21:04 BLOC_B_SERIE_DU_JOUR              4m11s      4m09s      -2s  ✅  Cantique   Oh Éternel Dieu, Tu es le Dieu Incomparable
07:25:13 BLOC_B_SERIE_DU_JOUR              5m28s      5m26s      -2s  ✅  même humilié
07:30:39 BLOC_B_SERIE_DU_JOUR              6m06s      6m03s      -3s  ✅  Good God - Asaba Fellowship
07:36:42 BLOC_B_SERIE_DU_JOUR             11m53s     11m50s      -3s  ✅  Hashem - PHF
07:48:32 BLOC_B_SERIE_DU_JOUR              6m28s      6m25s      -3s  ✅  Le Bien-Etre Universel
07:54:57 BLOC_B_SERIE_DU_JOUR              9m04s      9m01s      -3s  ✅  You're the Lamb - Calabar HF
08:03:58 BLOC_B_SERIE_DU_JOUR              6m07s      6m05s      -2s  ✅  There Is Forgiveness In Thee - SWBN TV
08:10:03 BLOC_B_SERIE_DU_JOUR              9m39s      9m36s      -3s  ✅  Psalm 93 - Port Harcourt HF
08:19:39 BLOC_B_SERIE_DU_JOUR              0m10s      0m11s      +1s  ✅  jingle avant bible 06 ouvrons les saintes ecritures
08:19:50 BLOC_B_SERIE_DU_JOUR              2m54s      2m51s      -3s  ✅  Malachie 1
08:22:41 BLOC_B_SERIE_DU_JOUR              3m17s      3m14s      -3s  ✅  Malachie 2
08:25:55 BLOC_B_SERIE_DU_JOUR              3m22s      3m19s      -3s  ✅  Malachie 3
08:29:14 BLOC_B_SERIE_DU_JOUR              1m05s      1m03s      -2s  ✅  Malachie 4
08:30:17 BLOC_B_SERIE_DU_JOUR              4m27s      4m24s      -3s  ✅  Jude 1
08:34:41 BLOC_B_SERIE_DU_JOUR              2m07s      2m05s      -2s  ✅  2 Jean 1
08:36:46 BLOC_B_SERIE_DU_JOUR              7m33s      7m30s      -3s  ✅  1 Rois 11
08:44:16 BLOC_B_SERIE_DU_JOUR              6m03s      6m01s      -2s  ✅  1 Rois 12
08:50:17 BLOC_B_SERIE_DU_JOUR              0m11s      0m11s      +0s  ✅  jingle avant louange 05 elevons nos coeurs vers dieu
08:50:28 BLOC_B_SERIE_DU_JOUR              4m33s      4m31s      -2s  ✅  God is Building - Will You Be - Ketu HF
08:54:59 BLOC_B_SERIE_DU_JOUR              8m12s      8m10s      -2s  ✅  Jesus is Alpha - PHF
09:03:09 BLOC_B_SERIE_DU_JOUR              6m02s      6m00s      -2s  ✅  Crown Him Lord of Lords - Nonso Njoku
09:09:09 BLOC_B_SERIE_DU_JOUR              8m10s      8m06s      -4s  ✅  Great and Marvellous - Ketu HF
09:17:15 BLOC_B_SERIE_DU_JOUR              2m57s      2m57s      +0s  ✅  You Are the Captain of the Host - Toronto HF
09:20:12 BLOC_B_SERIE_DU_JOUR              7m29s      7m25s      -4s  ✅  Hallelujah - PHF
09:27:37 BLOC_B_SERIE_DU_JOUR              9m43s      9m40s      -3s  ✅  Thy Throne Oh Lord - Ketu HF
09:37:17 BLOC_B_SERIE_DU_JOUR              5m04s      5m01s      -3s  ✅  Guide Me - El ELyon - Abuja HF
09:42:18 BLOC_B_SERIE_DU_JOUR              7m04s      7m02s      -2s  ✅  We Bless You Wonderful God  - Winnipeg Fellowship
09:49:20 BLOC_B_SERIE_DU_JOUR              0m09s      0m09s      +0s  ✅  jingle avant bible 08 prenons un moment pour ecouter la parole
09:49:29 BLOC_B_SERIE_DU_JOUR              1m52s      1m50s      -2s  ✅  Psaumes 147
09:51:19 BLOC_B_SERIE_DU_JOUR              1m27s      1m25s      -2s  ✅  Psaumes 148
09:52:44 BLOC_B_SERIE_DU_JOUR              1m00s      0m58s      -2s  ✅  Psaumes 149
09:53:42 BLOC_B_SERIE_DU_JOUR              0m41s      0m38s      -3s  ✅  Psaumes 150
09:54:20 BLOC_B_SERIE_DU_JOUR              2m25s      2m23s      -2s  ✅  Cantique des Cantiques 1
09:56:43 BLOC_B_SERIE_DU_JOUR              2m32s      2m29s      -3s  ✅  Cantique des Cantiques 2
09:59:12 BLOC_B_SERIE_DU_JOUR              1m53s      1m51s      -2s  ✅  Cantique des Cantiques 3
10:01:03 BLOC_B_SERIE_DU_JOUR              2m50s      2m47s      -3s  ✅  Cantique des Cantiques 4
10:03:50 BLOC_B_SERIE_DU_JOUR              2m54s      2m52s      -2s  ✅  Cantique des Cantiques 5
10:06:42 BLOC_B_SERIE_DU_JOUR              2m06s      2m03s      -3s  ✅  Cantique des Cantiques 6
10:08:45 BLOC_B_SERIE_DU_JOUR              1m57s      1m54s      -3s  ✅  Cantique des Cantiques 7
10:10:39 BLOC_B_SERIE_DU_JOUR              2m29s      2m27s      -2s  ✅  Cantique des Cantiques 8
10:13:06 BLOC_B_SERIE_DU_JOUR              2m48s      2m46s      -2s  ✅  Juges 10
10:15:52 BLOC_B_SERIE_DU_JOUR              7m02s      6m59s      -3s  ✅  Juges 11
10:22:51 BLOC_B_SERIE_DU_JOUR              2m37s      2m34s      -3s  ✅  Juges 12
10:25:25 BLOC_B_SERIE_DU_JOUR              4m10s      4m08s      -2s  ✅  Juges 13
10:29:33 BLOC_B_SERIE_DU_JOUR              3m58s      3m56s      -2s  ✅  Juges 14
10:33:29 BLOC_B_SERIE_DU_JOUR              0m10s      0m10s      +0s  ✅  jingle avant louange 06 que la louange seleve
10:33:39 BLOC_B_SERIE_DU_JOUR              5m45s      5m43s      -2s  ✅  Ella Samuels - Oh Lord Our Maker
10:39:22 BLOC_B_SERIE_DU_JOUR              7m19s      7m16s      -3s  ✅  You Have sworn By Your Holiness - Chidera Bisong
10:46:38 BLOC_B_SERIE_DU_JOUR              4m44s      4m42s      -2s  ✅  Je veux vivre ton royaume
10:51:20 BLOC_B_SERIE_DU_JOUR              7m09s      7m07s      -2s  ✅  You're the Lamb (Abasiama Timothy)
10:58:27 BLOC_B_SERIE_DU_JOUR              3m04s      3m01s      -3s  ✅  The Lord is my Light and Salvation - Nonso Njoku
11:01:28 BLOC_B_SERIE_DU_JOUR              8m31s      8m29s      -2s  ✅  Holy Holy - Abuja HF
11:09:57 BLOC_B_SERIE_DU_JOUR              7m37s      7m34s      -3s  ✅  Cantiques  Il a pris mes iniquités
11:17:31 BLOC_B_SERIE_DU_JOUR              7m36s      7m33s      -3s  ✅  There Is No Lie - SWBN TV
11:25:04 BLOC_B_SERIE_DU_JOUR              9m23s      9m21s      -2s  ✅  10 minutes
11:34:25 BLOC_B_SERIE_DU_JOUR              0m09s      0m09s      +0s  ✅  jingle id station 01 la bonne nouvelle partout
11:34:34 BLOC_B_SERIE_DU_JOUR              3m12s      3m10s      -2s  ✅  Proverbes 11
11:37:44 BLOC_B_SERIE_DU_JOUR              2m57s      2m55s      -2s  ✅  Proverbes 12
11:40:39 BLOC_B_SERIE_DU_JOUR              2m40s      2m37s      -3s  ✅  Proverbes 13
11:43:16 BLOC_B_SERIE_DU_JOUR              3m35s      3m33s      -2s  ✅  Proverbes 14
11:46:49 BLOC_B_SERIE_DU_JOUR              3m26s      3m24s      -2s  ✅  Proverbes 15
11:50:13 BLOC_B_SERIE_DU_JOUR              3m18s      3m15s      -3s  ✅  Proverbes 16
11:53:28 BLOC_B_SERIE_DU_JOUR              2m57s      2m55s      -2s  ✅  Proverbes 17
11:56:23 BLOC_B_SERIE_DU_JOUR              0m09s      0m09s      +0s  ✅  jingle id station 02 radio evangile du royaume
11:56:32 BLOC_B_SERIE_DU_JOUR              6m34s      6m32s      -2s  ✅  cantique  béni soit le dieu d israël
12:03:04 BLOC_C_SERIE_DU_JOUR              0m10s      0m10s      +0s  ✅  jingle avant message 04 bienvenue sur parole prophetique fm
12:03:14 BLOC_C_SERIE_DU_JOUR              9m37s      9m35s      -2s  ✅  amc tian combat spirituel 2
12:12:49 BLOC_C_SERIE_DU_JOUR              0m09s      0m10s      +1s  ✅  jingle avant bible 08 prenons un moment pour ecouter la parole
12:12:59 BLOC_C_SERIE_DU_JOUR              2m43s      2m40s      -3s  ✅  Tite 1
12:15:39 BLOC_C_SERIE_DU_JOUR              2m10s      2m08s      -2s  ✅  Tite 2
12:17:47 BLOC_C_SERIE_DU_JOUR              2m22s      2m20s      -2s  ✅  Tite 3
12:20:07 BLOC_C_SERIE_DU_JOUR              3m17s      3m14s      -3s  ✅  Galates 1
12:23:21 BLOC_C_SERIE_DU_JOUR              4m08s      4m06s      -2s  ✅  Galates 2
12:27:27 BLOC_C_SERIE_DU_JOUR              4m50s      4m47s      -3s  ✅  Galates 3
12:32:14 BLOC_C_SERIE_DU_JOUR              4m30s      4m28s      -2s  ✅  Galates 4
12:36:42 BLOC_C_SERIE_DU_JOUR              4m04s      4m02s      -2s  ✅  Galates 5
12:40:44 BLOC_C_SERIE_DU_JOUR              2m46s      2m43s      -3s  ✅  Galates 6
12:43:27 BLOC_C_SERIE_DU_JOUR              2m18s      2m15s      -3s  ✅  Néhémie 1
12:45:42 BLOC_C_SERIE_DU_JOUR              4m01s      3m59s      -2s  ✅  Néhémie 2
12:49:41 BLOC_C_SERIE_DU_JOUR              5m28s      5m27s      -1s  ✅  Néhémie 3
12:55:08 BLOC_C_SERIE_DU_JOUR              3m46s      3m42s      -4s  ✅  Néhémie 4
12:58:50 BLOC_C_SERIE_DU_JOUR              3m29s      3m26s      -3s  ✅  Néhémie 5
13:02:16 BLOC_C_SERIE_DU_JOUR              3m23s      3m21s      -2s  ✅  Néhémie 6
13:05:37 BLOC_C_SERIE_DU_JOUR              6m49s      6m46s      -3s  ✅  Néhémie 7
13:12:23 BLOC_C_SERIE_DU_JOUR              0m10s      0m11s      +1s  ✅  jingle avant louange 06 que la louange seleve
13:12:34 BLOC_C_SERIE_DU_JOUR              6m12s      6m10s      -2s  ✅  The King is Here (Abasiama Timothy)
13:18:44 BLOC_C_SERIE_DU_JOUR              6m19s      6m16s      -3s  ✅  Unto Him - CHF
13:25:00 BLOC_C_SERIE_DU_JOUR              7m21s      7m19s      -2s  ✅  For By My God - Toronto & Winnipeg HF
13:32:19 BLOC_C_SERIE_DU_JOUR              6m30s      6m27s      -3s  ✅  Praise the Lord of Host - Toronto HF
13:38:46 BLOC_C_SERIE_DU_JOUR              8m58s      8m55s      -3s  ✅  El Elyon - Toronto & Winnipeg HF
13:47:41 BLOC_C_SERIE_DU_JOUR             10m13s     10m10s      -3s  ✅  As We Worship - Toronto & Winnipeg HF
13:57:51 BLOC_C_SERIE_DU_JOUR              6m06s      6m04s      -2s  ✅  cantique  ta bonte
14:03:55 BLOC_C_SERIE_DU_JOUR              7m25s      7m23s      -2s  ✅  Victorious Is the Lamb - Winnipeg Fellowship
14:11:18 BLOC_C_SERIE_DU_JOUR              0m13s      0m13s      +0s  ✅  jingle avant bible 07 place a la lecture de la bible
14:11:31 BLOC_C_SERIE_DU_JOUR              2m22s      2m19s      -3s  ✅  Ésaïe 27
14:13:50 BLOC_C_SERIE_DU_JOUR              5m10s      5m08s      -2s  ✅  Ésaïe 28
14:18:58 BLOC_C_SERIE_DU_JOUR              4m23s      4m20s      -3s  ✅  Ésaïe 29
14:23:18 BLOC_C_SERIE_DU_JOUR              6m02s      6m00s      -2s  ✅  Ésaïe 30
14:29:18 BLOC_C_SERIE_DU_JOUR              2m03s      2m00s      -3s  ✅  Ésaïe 31
14:31:18 BLOC_C_SERIE_DU_JOUR              2m50s      2m47s      -3s  ✅  Ésaïe 32
14:34:05 BLOC_C_SERIE_DU_JOUR              4m09s      4m06s      -3s  ✅  Ésaïe 33
14:38:11 BLOC_C_SERIE_DU_JOUR              2m57s      2m55s      -2s  ✅  Ésaïe 34
14:41:06 BLOC_C_SERIE_DU_JOUR              0m11s      0m11s      +0s  ✅  jingle avant louange 05 elevons nos coeurs vers dieu
14:41:17 BLOC_C_SERIE_DU_JOUR              6m59s      6m57s      -2s  ✅  Hosanna - Toronto HF
14:48:14 BLOC_C_SERIE_DU_JOUR              5m45s      5m42s      -3s  ✅  How Precious Oh Lord
14:53:56 BLOC_C_SERIE_DU_JOUR              6m09s      6m07s      -2s  ✅  Hymne des vainqueurs
15:00:03 BLOC_C_SERIE_DU_JOUR              2m20s      2m17s      -3s  ✅  cantique  heureux l homme qui ne marche pas selon
15:02:20 BLOC_C_SERIE_DU_JOUR              9m14s      9m12s      -2s  ✅  A jamais, tu seras l Agneau de Dieu
15:11:32 BLOC_C_SERIE_DU_JOUR              6m15s      6m13s      -2s  ✅  Oh Lord I Want to Know Your Glory - Port Harcourt HF
15:17:45 BLOC_C_SERIE_DU_JOUR              5m21s      5m18s      -3s  ✅  By the word of the lord - Ketu HF
15:23:03 BLOC_C_SERIE_DU_JOUR              7m09s      7m09s      +0s  ✅  My God Is Good - Winnipeg Fellowship
15:30:12 BLOC_C_SERIE_DU_JOUR              5m33s      5m29s      -4s  ✅  He Shall Feed His Flock - I Want to walk  - Ketu HF
15:35:41 BLOC_C_SERIE_DU_JOUR             11m54s     11m51s      -3s  ✅  Great & Marvelluos - Toronto HF
15:47:32 BLOC_C_SERIE_DU_JOUR              0m10s      0m11s      +1s  ✅  jingle avant bible 06 ouvrons les saintes ecritures
15:47:43 BLOC_C_SERIE_DU_JOUR              4m33s      4m30s      -3s  ✅  1 Pierre 1
15:52:13 BLOC_C_SERIE_DU_JOUR              4m17s      4m14s      -3s  ✅  1 Pierre 2
15:56:27 BLOC_C_SERIE_DU_JOUR              3m50s      3m48s      -2s  ✅  1 Pierre 3
16:00:15 BLOC_C_SERIE_DU_JOUR              3m13s      3m10s      -3s  ✅  1 Pierre 4
16:03:25 BLOC_C_SERIE_DU_JOUR              2m15s      2m12s      -3s  ✅  1 Pierre 5
16:05:37 BLOC_C_SERIE_DU_JOUR              4m14s      4m12s      -2s  ✅  Josué 2
16:09:49 BLOC_C_SERIE_DU_JOUR              3m11s      3m09s      -2s  ✅  Josué 3
16:12:58 BLOC_C_SERIE_DU_JOUR              3m45s      3m42s      -3s  ✅  Josué 4
16:16:40 BLOC_C_SERIE_DU_JOUR              2m57s      2m54s      -3s  ✅  Josué 5
16:19:34 BLOC_C_SERIE_DU_JOUR              5m15s      5m12s      -3s  ✅  Josué 6
16:24:46 BLOC_C_SERIE_DU_JOUR              5m22s      5m20s      -2s  ✅  Josué 7
16:30:06 BLOC_C_SERIE_DU_JOUR              6m27s      6m24s      -3s  ✅  Josué 8
16:36:30 BLOC_C_SERIE_DU_JOUR              0m13s      0m13s      +0s  ✅  jingle avant louange 07 voici un temps de louange
16:36:43 BLOC_C_SERIE_DU_JOUR              6m04s      6m02s      -2s  ✅  Sing Unto the Lord a new Song  - Winnipeg Fellowship
16:42:45 BLOC_C_SERIE_DU_JOUR              8m37s      8m34s      -3s  ✅  He Has Given Me & Emmanuel You Joy Over Us (Medley) (Abasiama Timothy & Imah Adegoke)
16:51:19 BLOC_C_SERIE_DU_JOUR              6m41s      6m39s      -2s  ✅  6 minutes
16:57:58 BLOC_C_SERIE_DU_JOUR              5m08s      5m06s      -2s  ✅  He Has Given Me - PHF
17:03:04 BLOC_C_SERIE_DU_JOUR              6m10s      6m09s      -1s  ✅  That I May Know Him - Toronto HF
17:09:13 BLOC_C_SERIE_DU_JOUR              5m02s      4m58s      -4s  ✅  A Song Of Love
17:14:11 BLOC_C_SERIE_DU_JOUR              9m23s      9m20s      -3s  ✅  Thou art Worthy Lord - PHF
17:23:31 BLOC_C_SERIE_DU_JOUR             11m01s     10m59s      -2s  ✅  Great is, Ascribe - Ketu HF
17:34:30 BLOC_C_SERIE_DU_JOUR              8m21s      8m18s      -3s  ✅  My Heart Rejoices - Toronto HF
17:42:48 BLOC_C_SERIE_DU_JOUR              0m12s      0m12s      +0s  ✅  jingle id station 03 notre mission annonce levangile
17:43:00 BLOC_C_SERIE_DU_JOUR              3m16s      3m13s      -3s  ✅  1 Timothée 1
17:46:13 BLOC_C_SERIE_DU_JOUR              2m10s      2m07s      -3s  ✅  1 Timothée 2
17:48:20 BLOC_C_SERIE_DU_JOUR              2m24s      2m22s      -2s  ✅  1 Timothée 3
17:50:42 BLOC_C_SERIE_DU_JOUR              2m29s      2m27s      -2s  ✅  1 Timothée 4
17:53:09 BLOC_C_SERIE_DU_JOUR              3m45s      3m42s      -3s  ✅  1 Timothée 5
17:56:51 BLOC_C_SERIE_DU_JOUR              3m53s      3m50s      -3s  ✅  1 Timothée 6
18:00:41 BLOC_D_SERIE_DU_JOUR              0m10s      0m10s      +0s  ✅  jingle avant message 04 bienvenue sur parole prophetique fm
18:00:51 BLOC_D_SERIE_DU_JOUR              9m37s      9m35s      -2s  ✅  amc tian combat spirituel 2
18:10:26 BLOC_D_SERIE_DU_JOUR              0m09s      0m10s      +1s  ✅  jingle avant bible 08 prenons un moment pour ecouter la parole
18:10:36 BLOC_D_SERIE_DU_JOUR              3m00s      2m57s      -3s  ✅  Jonas 1
18:13:33 BLOC_D_SERIE_DU_JOUR              1m22s      1m20s      -2s  ✅  Jonas 2
18:14:53 BLOC_D_SERIE_DU_JOUR              1m36s      1m33s      -3s  ✅  Jonas 3
18:16:26 BLOC_D_SERIE_DU_JOUR              1m57s      1m55s      -2s  ✅  Jonas 4
18:18:21 BLOC_D_SERIE_DU_JOUR              4m35s      4m33s      -2s  ✅  Colossiens 1
18:22:54 BLOC_D_SERIE_DU_JOUR              3m46s      3m44s      -2s  ✅  Colossiens 2
18:26:38 BLOC_D_SERIE_DU_JOUR              3m44s      3m41s      -3s  ✅  Colossiens 3
18:30:19 BLOC_D_SERIE_DU_JOUR              2m56s      2m53s      -3s  ✅  Colossiens 4
18:33:12 BLOC_D_SERIE_DU_JOUR              4m53s      4m51s      -2s  ✅  1 Chroniques 26
18:38:03 BLOC_D_SERIE_DU_JOUR              5m21s      5m18s      -3s  ✅  1 Chroniques 27
18:43:21 BLOC_D_SERIE_DU_JOUR              4m41s      4m39s      -2s  ✅  1 Chroniques 28
18:48:00 BLOC_D_SERIE_DU_JOUR              5m47s      5m44s      -3s  ✅  1 Chroniques 29
18:53:44 BLOC_D_SERIE_DU_JOUR              1m55s      1m52s      -3s  ✅  Esdras 1
18:55:36 BLOC_D_SERIE_DU_JOUR              6m11s      6m09s      -2s  ✅  Esdras 2
19:01:45 BLOC_D_SERIE_DU_JOUR              2m56s      2m53s      -3s  ✅  Esdras 3
19:04:38 BLOC_D_SERIE_DU_JOUR              0m11s      0m12s      +1s  ✅  jingle avant louange 05 elevons nos coeurs vers dieu
19:04:50 BLOC_D_SERIE_DU_JOUR              4m18s      4m15s      -3s  ✅  You Are Worthy - Ketu HF
19:09:05 BLOC_D_SERIE_DU_JOUR              7m09s      7m07s      -2s  ✅  There is A Mighty River Flowing - Ketu HF
19:16:12 BLOC_D_SERIE_DU_JOUR              6m02s      6m00s      -2s  ✅  Satisfy My Soul - Calabar HF
19:22:12 BLOC_D_SERIE_DU_JOUR              5m43s      5m40s      -3s  ✅  Cantique l Éternel est mon Berger (1)
19:27:52 BLOC_D_SERIE_DU_JOUR              4m14s      4m12s      -2s  ✅  Mon modèle, c est Jésus
19:32:04 BLOC_D_SERIE_DU_JOUR             10m47s     10m44s      -3s  ✅  Abba, Singing a, I Will Sing - Ketu HF
19:42:48 BLOC_D_SERIE_DU_JOUR              8m30s      8m28s      -2s  ✅  We Worship Adonai - PHF
19:51:16 BLOC_D_SERIE_DU_JOUR              8m10s      8m08s      -2s  ✅  Agunechemba - SWBN TV
19:59:24 BLOC_D_SERIE_DU_JOUR              0m10s      0m10s      +0s  ✅  jingle avant bible 06 ouvrons les saintes ecritures
19:59:34 BLOC_D_SERIE_DU_JOUR              3m34s      3m33s      -1s  ✅  Zacharie 1
20:03:07 BLOC_D_SERIE_DU_JOUR              1m51s      1m48s      -3s  ✅  Zacharie 2
20:04:55 BLOC_D_SERIE_DU_JOUR              1m46s      1m43s      -3s  ✅  Zacharie 3
20:06:38 BLOC_D_SERIE_DU_JOUR              2m06s      2m04s      -2s  ✅  Zacharie 4
20:08:42 BLOC_D_SERIE_DU_JOUR              1m38s      1m36s      -2s  ✅  Zacharie 5
20:10:18 BLOC_D_SERIE_DU_JOUR              2m22s      2m19s      -3s  ✅  Zacharie 6
20:12:37 BLOC_D_SERIE_DU_JOUR              2m07s      2m04s      -3s  ✅  Zacharie 7
20:14:41 BLOC_D_SERIE_DU_JOUR              3m51s      3m49s      -2s  ✅  Zacharie 8
20:18:30 BLOC_D_SERIE_DU_JOUR              3m12s      3m09s      -3s  ✅  Zacharie 9
20:21:39 BLOC_D_SERIE_DU_JOUR              2m13s      2m11s      -2s  ✅  Zacharie 10
20:23:50 BLOC_D_SERIE_DU_JOUR              2m53s      2m51s      -2s  ✅  Zacharie 11
20:26:41 BLOC_D_SERIE_DU_JOUR              0m10s      0m11s      +1s  ✅  jingle avant louange 06 que la louange seleve
20:26:52 BLOC_D_SERIE_DU_JOUR              4m13s      4m10s      -3s  ✅  4 minutes
20:31:02 BLOC_D_SERIE_DU_JOUR              5m50s      5m47s      -3s  ✅  Jesus I'm Waiting for You (Mary Umoh)
20:36:49 BLOC_D_SERIE_DU_JOUR              8m18s      8m16s      -2s  ✅  Yahweh Is Mighty - SWBN TV
20:45:05 BLOC_D_SERIE_DU_JOUR              5m57s      5m54s      -3s  ✅  You are God - Winnipeg Fellowship
20:50:59 BLOC_D_SERIE_DU_JOUR              9m24s      9m23s      -1s  ✅  I See Your Face - Toronto HF
21:00:22 BLOC_D_SERIE_DU_JOUR              4m21s      4m17s      -4s  ✅  Sing Hallelujah - Abuja HF
21:04:39 BLOC_D_SERIE_DU_JOUR              9m38s      9m35s      -3s  ✅  Holy are You oh Lord (Olaedo Uzoma & Vincent Opara)
21:14:14 BLOC_D_SERIE_DU_JOUR              6m54s      6m52s      -2s  ✅  There is no Lie (Imah Adegoke & Mary Umoh)
21:21:06 BLOC_D_SERIE_DU_JOUR              0m13s      0m13s      +0s  ✅  jingle avant bible 07 place a la lecture de la bible
21:21:19 BLOC_D_SERIE_DU_JOUR              4m53s      4m51s      -2s  ✅  Éphésiens 4
21:26:10 BLOC_D_SERIE_DU_JOUR              4m12s      4m10s      -2s  ✅  Éphésiens 5
21:30:20 BLOC_D_SERIE_DU_JOUR              3m21s      3m17s      -4s  ✅  Éphésiens 6
21:33:37 BLOC_D_SERIE_DU_JOUR              5m40s      5m39s      -1s  ✅  Marc 1
21:39:16 BLOC_D_SERIE_DU_JOUR              4m21s      4m18s      -3s  ✅  Marc 2
21:43:34 BLOC_D_SERIE_DU_JOUR              4m15s      4m12s      -3s  ✅  Marc 3
21:47:46 BLOC_D_SERIE_DU_JOUR              5m27s      5m24s      -3s  ✅  Marc 4
21:53:10 BLOC_D_SERIE_DU_JOUR              5m38s      5m36s      -2s  ✅  Marc 5
21:58:46 BLOC_D_SERIE_DU_JOUR              7m58s      7m56s      -2s  ✅  Marc 6
22:06:42 BLOC_D_SERIE_DU_JOUR              0m13s      0m13s      +0s  ✅  jingle avant louange 07 voici un temps de louange
22:06:55 BLOC_D_SERIE_DU_JOUR              3m22s      3m21s      -1s  ✅  Ses cheveux étaient blancs..
22:10:16 BLOC_D_SERIE_DU_JOUR              8m41s      8m37s      -4s  ✅  Unto Him (Vincent Opara)
22:18:53 BLOC_D_SERIE_DU_JOUR              4m52s      4m50s      -2s  ✅  cantique   prends tout le contrôle
22:23:43 BLOC_D_SERIE_DU_JOUR              6m35s      6m33s      -2s  ✅  cantique   ta lumière
22:30:16 BLOC_D_SERIE_DU_JOUR             10m38s     10m35s      -3s  ✅  Be Exalted - PHF
22:40:51 BLOC_D_SERIE_DU_JOUR              4m08s      4m05s      -3s  ✅  I Choose the Way of the Lord - Abuja HF
22:44:56 BLOC_D_SERIE_DU_JOUR              4m52s      4m50s      -2s  ✅  God is Moving Us On - Ketu HF
22:49:46 BLOC_D_SERIE_DU_JOUR              3m41s      3m39s      -2s  ✅  Adorons l'Éternel GAEL - JÉSUS EST SEIGNEUR -
22:53:25 BLOC_D_SERIE_DU_JOUR             10m24s     10m22s      -2s  ✅  Shine in Darkness O Lord  - Winnipeg Fellowship
23:03:47 BLOC_D_SERIE_DU_JOUR              0m09s      0m09s      +0s  ✅  JINGLE
23:03:56 BLOC_D_SERIE_DU_JOUR              2m20s      2m18s      -2s  ✅  Job 10
23:06:14 BLOC_D_SERIE_DU_JOUR              1m57s      1m55s      -2s  ✅  Job 11
23:08:09 BLOC_D_SERIE_DU_JOUR              2m35s      2m32s      -3s  ✅  Job 12
23:10:41 BLOC_D_SERIE_DU_JOUR              2m37s      2m35s      -2s  ✅  Job 13
23:13:16 BLOC_D_SERIE_DU_JOUR              2m25s      2m23s      -2s  ✅  Job 14
23:15:39 BLOC_D_SERIE_DU_JOUR              3m21s      3m18s      -3s  ✅  Job 15
23:18:57 BLOC_D_SERIE_DU_JOUR              2m15s      2m13s      -2s  ✅  Job 16
23:21:10 BLOC_D_SERIE_DU_JOUR              1m36s      1m33s      -3s  ✅  Job 17
23:22:43 BLOC_D_SERIE_DU_JOUR              0m12s      0m12s      +0s  ✅  jingle id station 03 notre mission annonce levangile
23:22:55 BLOC_D_SERIE_DU_JOUR              5m47s      5m45s      -2s  ✅  We Ascribe Greatness - Abuja HF
23:28:40 BLOC_D_SERIE_DU_JOUR              2m20s      2m17s      -3s  ✅  cantique  heureux l homme qui ne marche pas selon
23:30:57 BLOC_E_LOUANGE_NUIT               4m44s      4m42s      -2s  ✅  Je veux vivre ton royaume
23:35:39 BLOC_E_LOUANGE_NUIT               6m30s      6m28s      -2s  ✅  Praise the Lord of Host - Toronto HF
23:42:07 BLOC_E_LOUANGE_NUIT               5m10s      5m07s      -3s  ✅  Igwe
23:47:14 BLOC_E_LOUANGE_NUIT               7m51s      7m48s      -3s  ✅  There is no name  - Winnipeg Fellowship
23:55:02 BLOC_E_LOUANGE_NUIT               9m31s      6m46s    -165s  ❌ COUPÉ  15 at 01.33.50 (1)(1)
----------------------------------------------------------------------------------------------------
Bilan : 339 titres, 2 anomalie(s) (titre coupé de plus de 10s ou trou d'antenne). Gravité : 0 mineure(s) <1min · 2 sérieuse(s) 1-10min · 0 critique(s) >10min.

====================================================================================================
CONTRÔLES APPROFONDIS
====================================================================================================
MESSAGE DU JOUR « Combat spirituel 2 » : 4 diffusion(s) pour 4 prévue(s) ✅
   00:03:36  (étiquette BLOC_A_SERIE_DU_JOUR)
   06:03:05  (étiquette BLOC_B_SERIE_DU_JOUR)
   12:03:14  (étiquette BLOC_C_SERIE_DU_JOUR)
   18:00:51  (étiquette BLOC_D_SERIE_DU_JOUR)
JINGLES : 36 joués / 36 prévus (100%) ✅   ·   BLOC_A 10/9 · BLOC_B 9/9 · BLOC_C 8/9 · BLOC_D 9/9
HORS FENÊTRE : aucun débordement de bloc détecté ✅
BOUCHE-TROUS : aucun ✅
COUVERTURE : premier titre à 00:01:40 ✅ · dernier titre finit vers 00:04:33 (estimé) ✅

====================================================================================================
RÉEL vs PRÉVU — ce qui a joué vs ce que le plan prévoyait
====================================================================================================
----------------------------------------------------------------------------------------------------
BLOC_A  (00:00-06:00)  prévus  91 · atteignables  87 · joués  88 · conformité 100% · sautés  0 · en trop  1
   ➕  JOUÉ NON PRÉVU : jingle id station 02 radio evangile du royaume
   ⏸️  FIN DE BLOC NON ATTEINTE (4 titres · ~27m39s) — marge anti-rebouclage au-delà de la fenêtre, normal : cantique  tes promesses  pub direct dec 2021 import (2) · Song Of Victory - Emmanuel Igunbor · Where Two or Three are Gathered - Calabar HF · Holy Are You - PHF
----------------------------------------------------------------------------------------------------
BLOC_B  (06:00-12:00)  prévus  91 · atteignables  88 · joués  88 · conformité 100% · sautés  0 · en trop  0
   ⏸️  FIN DE BLOC NON ATTEINTE (3 titres · ~22m43s) — marge anti-rebouclage au-delà de la fenêtre, normal : Yeshua I'm Waiting for You  - Ketu HF · Baruch Ha'ba B'Shem Adonai/Blessed Is He Who Comes in the Name of the Lord - Port Harcourt HF · The Glory -  PHF
----------------------------------------------------------------------------------------------------
BLOC_C  (12:00-18:00)  prévus  85 · atteignables  78 · joués  78 · conformité 100% · sautés  0 · en trop  0
   ⏸️  FIN DE BLOC NON ATTEINTE (7 titres · ~32m17s) — marge anti-rebouclage au-delà de la fenêtre, normal : Deutéronome 22 · jingle id station 02 radio evangile du royaume · qui est digne d ouvrir le livre · esprit de dieu · Yahweh is Mighty (Imah Adegoke) · Il s'appelait Emmanuel - Marcel Boungou + Paroles  …(+1)
----------------------------------------------------------------------------------------------------
BLOC_D  (18:00-23:30)  prévus  83 · atteignables  80 · joués  80 · conformité 100% · sautés  0 · en trop  0
   ⏸️  FIN DE BLOC NON ATTEINTE (3 titres · ~14m42s) — marge anti-rebouclage au-delà de la fenêtre, normal : cantique  béni soit le dieu d israël · Cantique sa miséricorde · Je veux vivre ton royaume
----------------------------------------------------------------------------------------------------
CONFORMITÉ GLOBALE : 333/333 titres atteignables joués dans l'ordre = 100%  (1 titre(s) hors plan · 17 non atteint(s) en fin de bloc, marge normale)
