Rapport de diffusion — 2026-06-09 (heures UTC)
137 titres joués | tolérance ±10s
====================================================================================================
HEURE    PLAYLIST                     FICHIER          RÉEL    ÉCART  STATUT  TITRE
----------------------------------------------------------------------------------------------------
00:02:54 BLOC_A_SERIE_DU_JOUR              6m09s     12m14s    +365s  ⚠️ TROU APRÈS  Hymne des vainqueurs
00:15:08 BLOC_A_SERIE_DU_JOUR              5m10s      5m07s      -3s  ✅  Igwe
00:20:15 BLOC_A_SERIE_DU_JOUR              0m10s      0m13s      +3s  ✅  jingle avant message 01 voici le message du jour
00:20:28 BLOC_D_SERIE_DU_JOUR           2h36m21s      0m43s   -9338s  ❌ COUPÉ  bosson 1 la marche avec dieu
00:21:11 BLOC_A_SERIE_DU_JOUR              4m59s      4m57s      -2s  ✅  Lévitique 27
00:26:08 BLOC_A_SERIE_DU_JOUR              4m27s      4m24s      -3s  ✅  Jude
00:30:32 BLOC_A_SERIE_DU_JOUR              3m07s     12m17s    +550s  ⚠️ TROU APRÈS  Joel
00:42:49 BLOC_A_SERIE_DU_JOUR              6m32s     41m28s   +2096s  ⚠️ TROU APRÈS  Actes
01:24:17 BLOC_A_SERIE_DU_JOUR              0m07s      0m05s      -2s  ✅  jingle avant louange 02 voici notre selection de cantiques
01:24:22 BLOC_A_SERIE_DU_JOUR           2h36m21s      0m51s   -9330s  ❌ COUPÉ  bosson 1 la marche avec dieu
01:25:13 BLOC_A_SERIE_DU_JOUR              5m19s      5m16s      -3s  ✅  Gabrielle LIDJI - Mélodie Céleste  by LFXA(Light FX Animation)_2
01:30:29 BLOC_A_SERIE_DU_JOUR              3m12s      3m10s      -2s  ✅  esprit de dieu
01:33:39 BLOC_A_SERIE_DU_JOUR              4m52s      4m50s      -2s  ✅  cantique   prends tout le contrôle
01:38:29 BLOC_A_SERIE_DU_JOUR              7m17s      7m15s      -2s  ✅  cantique  tes promesses  pub direct dec 2021 import (2)
01:45:44 BLOC_A_SERIE_DU_JOUR              2m16s      2m13s      -3s  ✅  cantique  nous sommes le sel de la terre
01:47:57 BLOC_A_SERIE_DU_JOUR              4m13s      4m11s      -2s  ✅  4 minutes
01:52:08 BLOC_A_SERIE_DU_JOUR              5m28s      5m25s      -3s  ✅  même humilié
01:57:33 BLOC_A_SERIE_DU_JOUR              5m10s      5m08s      -2s  ✅  Igwe
02:02:41 BLOC_A_SERIE_DU_JOUR              6m35s      6m32s      -3s  ✅  cantique   ta lumière
02:09:13 BLOC_A_SERIE_DU_JOUR              0m05s      0m03s      -2s  ✅  Parole Prophétique FM
02:09:16 BLOC_A_SERIE_DU_JOUR           2h36m21s      1m00s   -9321s  ❌ COUPÉ  bosson 1 la marche avec dieu
02:10:16 BLOC_A_SERIE_DU_JOUR              6m57s      6m54s      -3s  ✅  qui est digne d ouvrir le livre
02:17:10 BLOC_A_SERIE_DU_JOUR              3m22s      3m20s      -2s  ✅  Ses cheveux étaient blancs..
02:20:30 BLOC_A_SERIE_DU_JOUR              4m11s      4m08s      -3s  ✅  jai donné ma vie à jésus (1)
02:24:38 BLOC_A_SERIE_DU_JOUR              3m41s      3m42s      +1s  ✅  Adorons l'Éternel GAEL - JÉSUS EST SEIGNEUR -
02:28:20 BLOC_A_SERIE_DU_JOUR           2h36m21s      0m49s   -9332s  ❌ COUPÉ  bosson 1 la marche avec dieu
02:29:09 BLOC_A_SERIE_DU_JOUR              4m11s      4m09s      -2s  ✅  2 Chroniques 7
02:33:18 BLOC_A_SERIE_DU_JOUR              4m22s      4m20s      -2s  ✅  2 Chroniques 23
02:37:38 BLOC_A_SERIE_DU_JOUR              5m08s      5m05s      -3s  ✅  2 Chroniques 24
02:42:43 BLOC_A_SERIE_DU_JOUR              5m13s      5m11s      -2s  ✅  2 Chroniques 25
02:47:54 BLOC_A_SERIE_DU_JOUR              4m04s      4m02s      -2s  ✅  2 Chroniques 26
02:51:56 BLOC_A_SERIE_DU_JOUR              1m21s      1m18s      -3s  ✅  2 Chroniques 27
02:53:14 BLOC_A_SERIE_DU_JOUR              4m55s      4m53s      -2s  ✅  2 Chroniques 28
02:58:07 BLOC_A_SERIE_DU_JOUR              6m27s      6m29s      +2s  ✅  2 Chroniques 29
03:04:36 BLOC_A_SERIE_DU_JOUR           2h36m21s      0m37s   -9344s  ❌ COUPÉ  bosson 1 la marche avec dieu
03:05:13 BLOC_A_SERIE_DU_JOUR              0m08s      0m06s      -2s  ✅  jingle avant message 02 enseignement parole de dieu
03:05:19 BLOC_A_SERIE_DU_JOUR           2h36m21s      0m56s   -9325s  ❌ COUPÉ  bosson 1 la marche avec dieu
03:06:15 BLOC_A_SERIE_DU_JOUR           2h36m21s      0m56s   -9325s  ❌ COUPÉ  bosson 1 la marche avec dieu
03:07:11 BLOC_A_SERIE_DU_JOUR              2m12s      7m26s    +314s  ⚠️ TROU APRÈS  2 Thessaloniciens
03:14:37 BLOC_A_SERIE_DU_JOUR              4m35s     52m45s   +2890s  ⚠️ TROU APRÈS  Ezechiel
04:07:22 BLOC_A_SERIE_DU_JOUR              0m07s      0m05s      -2s  ✅  jingle avant louange 02 voici notre selection de cantiques
04:07:27 BLOC_A_SERIE_DU_JOUR           2h36m21s      0m43s   -9338s  ❌ COUPÉ  bosson 1 la marche avec dieu
04:08:10 BLOC_A_SERIE_DU_JOUR              5m13s      5m11s      -2s  ✅  Il s'appelait Emmanuel - Marcel Boungou + Paroles
04:13:21 BLOC_A_SERIE_DU_JOUR              7m17s      7m14s      -3s  ✅  cantique  tes promesses  pub direct dec 2021 import (2)
04:20:35 BLOC_A_SERIE_DU_JOUR              6m34s      6m33s      -1s  ✅  cantique  béni soit le dieu d israël
04:27:08 BLOC_A_SERIE_DU_JOUR              5m19s      5m16s      -3s  ✅  Gabrielle LIDJI - Mélodie Céleste  by LFXA(Light FX Animation)_2
04:32:24 BLOC_A_SERIE_DU_JOUR              3m12s      3m10s      -2s  ✅  esprit de dieu
04:35:34 BLOC_A_SERIE_DU_JOUR              3m22s      3m19s      -3s  ✅  Ses cheveux étaient blancs..
04:38:53 BLOC_A_SERIE_DU_JOUR              3m41s      3m39s      -2s  ✅  Adorons l'Éternel GAEL - JÉSUS EST SEIGNEUR -
04:42:32 BLOC_A_SERIE_DU_JOUR              6m09s      6m07s      -2s  ✅  Hymne des vainqueurs
04:48:39 BLOC_A_SERIE_DU_JOUR              9m23s      9m21s      -2s  ✅  10 minutes
04:58:00 BLOC_A_SERIE_DU_JOUR              4m13s      4m10s      -3s  ✅  4 minutes
05:02:10 BLOC_A_SERIE_DU_JOUR              2m16s      2m16s      +0s  ✅  cantique  nous sommes le sel de la terre
05:04:26 BLOC_A_SERIE_DU_JOUR           2h36m21s      0m50s   -9331s  ❌ COUPÉ  bosson 1 la marche avec dieu
05:05:16 BLOC_A_SERIE_DU_JOUR              6m06s      6m05s      -1s  ✅  cantique  ta bonte
05:11:21 BLOC_A_SERIE_DU_JOUR           2h36m21s      0m50s   -9331s  ❌ COUPÉ  bosson 1 la marche avec dieu
05:12:11 BLOC_A_SERIE_DU_JOUR              7m22s     32m05s   +1483s  ⚠️ TROU APRÈS  2 Roi
05:44:16 BLOC_A_SERIE_DU_JOUR           2h36m21s      1m03s   -9318s  ❌ COUPÉ  bosson 1 la marche avec dieu
05:45:19 BLOC_A_SERIE_DU_JOUR              5m10s      5m07s      -3s  ✅  Igwe
05:50:26 BLOC_A_SERIE_DU_JOUR              2m20s      2m17s      -3s  ✅  cantique  heureux l homme qui ne marche pas selon
05:52:43 BLOC_A_SERIE_DU_JOUR              6m28s      6m26s      -2s  ✅  Le Bien-Etre Universel
05:59:09 BLOC_A_SERIE_DU_JOUR              6m35s      6m32s      -3s  ✅  cantique   ta lumière
06:05:41 BLOC_B_SERIE_DU_JOUR              2m24s     22m02s   +1178s  ⚠️ TROU APRÈS  Osee
06:27:43 BLOC_B_SERIE_DU_JOUR              5m41s     39m51s   +2050s  ⚠️ TROU APRÈS  1 Chronicles
07:07:34 BLOC_B_SERIE_DU_JOUR              7m16s     29m52s   +1356s  ⚠️ TROU APRÈS  Marc
07:37:26 BLOC_B_SERIE_DU_JOUR              2m37s     17m43s    +906s  ⚠️ TROU APRÈS  Michee
07:55:09 BLOC_B_SERIE_DU_JOUR              1m40s     16m08s    +868s  ⚠️ TROU APRÈS  1 John
08:11:17 BLOC_B_SERIE_DU_JOUR              2m54s     10m26s    +452s  ⚠️ TROU APRÈS  Malachie
08:21:43 BLOC_B_SERIE_DU_JOUR              4m02s      3m59s      -3s  ✅  Esther 1
08:25:42 BLOC_B_SERIE_DU_JOUR              4m04s      4m02s      -2s  ✅  2 Pierre
08:29:44 BLOC_B_SERIE_DU_JOUR              5m36s     13m30s    +474s  ⚠️ TROU APRÈS  La Bible
08:43:14 BLOC_B_SERIE_DU_JOUR           2h36m21s   2h36m19s      -2s  ✅  bosson 1 la marche avec dieu
11:19:33 BLOC_B_SERIE_DU_JOUR              0m01s      0m01s      +0s  ✅  jingle avant bible 04 restons a lecoute des ecritures
11:19:34 BLOC_A_SERIE_DU_JOUR           2h36m21s      0m46s   -9335s  ❌ COUPÉ  bosson 1 la marche avec dieu
11:20:20 BLOC_B_SERIE_DU_JOUR              0m08s      0m05s      -3s  ✅  jingle avant message 02 enseignement parole de dieu
11:20:25 BLOC_B_SERIE_DU_JOUR           2h36m21s      0m46s   -9335s  ❌ COUPÉ  bosson 1 la marche avec dieu
11:21:11 BLOC_B_SERIE_DU_JOUR              5m19s     10m34s    +315s  ⚠️ TROU APRÈS  Gabrielle LIDJI - Mélodie Céleste  by LFXA(Light FX Animation)_2
11:31:45 BLOC_B_SERIE_DU_JOUR              3m22s      6m39s    +197s  ⚠️ TROU APRÈS  Ses cheveux étaient blancs..
11:38:24 BLOC_B_SERIE_DU_JOUR              5m13s     15m32s    +619s  ⚠️ TROU APRÈS  Il s'appelait Emmanuel - Marcel Boungou + Paroles
11:53:56 BLOC_B_SERIE_DU_JOUR              3m41s     10m57s    +436s  ⚠️ TROU APRÈS  Adorons l'Éternel GAEL - JÉSUS EST SEIGNEUR -
12:04:53 BLOC_C_SERIE_DU_JOUR           2h36m21s   2h36m19s      -2s  ✅  bosson 1 la marche avec dieu
14:41:12 BLOC_C_SERIE_DU_JOUR              0m01s      0m02s      +1s  ✅  jingle avant bible 04 restons a lecoute des ecritures
14:41:14 BLOC_B_SERIE_DU_JOUR           2h36m21s      0m56s   -9325s  ❌ COUPÉ  bosson 1 la marche avec dieu
14:42:10 BLOC_C_SERIE_DU_JOUR              0m08s      0m06s      -2s  ✅  jingle avant message 02 enseignement parole de dieu
14:42:16 BLOC_C_SERIE_DU_JOUR           2h36m21s      0m54s   -9327s  ❌ COUPÉ  bosson 1 la marche avec dieu
14:43:10 BLOC_C_SERIE_DU_JOUR              5m19s      5m17s      -2s  ✅  Gabrielle LIDJI - Mélodie Céleste  by LFXA(Light FX Animation)_2
14:48:27 BLOC_C_SERIE_DU_JOUR              3m22s      6m40s    +198s  ⚠️ TROU APRÈS  Ses cheveux étaient blancs..
14:55:07 BLOC_C_SERIE_DU_JOUR              5m13s      5m10s      -3s  ✅  Il s'appelait Emmanuel - Marcel Boungou + Paroles
15:00:17 BLOC_C_SERIE_DU_JOUR              3m41s     10m56s    +435s  ⚠️ TROU APRÈS  Adorons l'Éternel GAEL - JÉSUS EST SEIGNEUR -
15:11:13 BLOC_C_SERIE_DU_JOUR              6m09s     12m14s    +365s  ⚠️ TROU APRÈS  Hymne des vainqueurs
15:23:27 BLOC_C_SERIE_DU_JOUR              5m10s     15m23s    +613s  ⚠️ TROU APRÈS  Igwe
15:38:50 BLOC_C_SERIE_DU_JOUR              6m28s      6m25s      -3s  ✅  Le Bien-Etre Universel
15:45:15 BLOC_C_SERIE_DU_JOUR              6m41s     19m55s    +794s  ⚠️ TROU APRÈS  6 minutes
16:05:10 BLOC_C_SERIE_DU_JOUR              4m13s     12m31s    +498s  ⚠️ TROU APRÈS  4 minutes
16:17:41 BLOC_C_SERIE_DU_JOUR              9m23s     18m44s    +561s  ⚠️ TROU APRÈS  10 minutes
16:36:25 BLOC_C_SERIE_DU_JOUR           2h36m21s      0m47s   -9334s  ❌ COUPÉ  bosson 1 la marche avec dieu
16:37:12 BLOC_C_SERIE_DU_JOUR           2h36m21s      1m03s   -9318s  ❌ COUPÉ  bosson 1 la marche avec dieu
16:38:15 BLOC_C_SERIE_DU_JOUR           2h36m21s      1m01s   -9320s  ❌ COUPÉ  bosson 1 la marche avec dieu
16:39:16 BLOC_C_SERIE_DU_JOUR              0m07s      0m05s      -2s  ✅  Parole Prophétique FM
16:39:21 BLOC_C_SERIE_DU_JOUR           2h36m21s      0m58s   -9323s  ❌ COUPÉ  bosson 1 la marche avec dieu
16:40:19 BLOC_C_SERIE_DU_JOUR              0m07s      0m05s      -2s  ✅  Parole Prophétique FM
16:40:24 BLOC_C_SERIE_DU_JOUR           2h36m21s      0m47s   -9334s  ❌ COUPÉ  bosson 1 la marche avec dieu
16:41:11 BLOC_C_SERIE_DU_JOUR              6m57s     27m38s   +1241s  ⚠️ TROU APRÈS  qui est digne d ouvrir le livre
17:08:49 BLOC_C_SERIE_DU_JOUR              3m12s      6m20s    +188s  ⚠️ TROU APRÈS  esprit de dieu
17:15:09 BLOC_C_SERIE_DU_JOUR              2m20s      2m17s      -3s  ✅  cantique  heureux l homme qui ne marche pas selon
17:17:26 BLOC_C_SERIE_DU_JOUR              4m11s      8m16s    +245s  ⚠️ TROU APRÈS  jai donné ma vie à jésus (1)
17:25:42 BLOC_C_SERIE_DU_JOUR              2m16s      4m27s    +131s  ⚠️ TROU APRÈS  cantique  nous sommes le sel de la terre
17:30:09 BLOC_C_SERIE_DU_JOUR              7m17s     14m29s    +432s  ⚠️ TROU APRÈS  cantique  tes promesses  pub direct dec 2021 import (2)
17:44:38 BLOC_C_SERIE_DU_JOUR              5m28s     10m51s    +323s  ⚠️ TROU APRÈS  même humilié
17:55:29 BLOC_C_SERIE_DU_JOUR              4m52s      9m40s    +288s  ⚠️ TROU APRÈS  cantique   prends tout le contrôle
18:05:09 BLOC_D_SERIE_DU_JOUR              2m06s      2m03s      -3s  ✅  Cantique des Cantiques 6
18:07:12 BLOC_D_SERIE_DU_JOUR              1m57s      1m54s      -3s  ✅  Cantique des Cantiques 7
18:09:06 BLOC_D_SERIE_DU_JOUR              2m44s     17m23s    +879s  ⚠️ TROU APRÈS  Amos
18:26:29 BLOC_D_SERIE_DU_JOUR              3m07s      3m04s      -3s  ✅  2 Chroniques 4
18:29:33 BLOC_D_SERIE_DU_JOUR              7m55s      7m53s      -2s  ✅  2 Chroniques 6
18:37:26 BLOC_D_SERIE_DU_JOUR              2m50s      8m36s    +346s  ⚠️ TROU APRÈS  Marc
18:46:02 BLOC_D_SERIE_DU_JOUR              4m42s      4m40s      -2s  ✅  Marc 11
18:50:42 BLOC_D_SERIE_DU_JOUR              3m50s     13m00s    +550s  ⚠️ TROU APRÈS  1 Samuel
19:03:42 BLOC_D_SERIE_DU_JOUR           2h36m21s   2h36m20s      -1s  ✅  bosson 1 la marche avec dieu
21:40:02 BLOC_C_SERIE_DU_JOUR           2h36m21s      0m21s   -9360s  ❌ COUPÉ  bosson 1 la marche avec dieu
21:40:23 BLOC_D_SERIE_DU_JOUR           2h36m21s      0m47s   -9334s  ❌ COUPÉ  bosson 1 la marche avec dieu
21:41:10 BLOC_D_SERIE_DU_JOUR              5m19s     10m34s    +315s  ⚠️ TROU APRÈS  Gabrielle LIDJI - Mélodie Céleste  by LFXA(Light FX Animation)_2
21:51:44 BLOC_D_SERIE_DU_JOUR              3m22s      3m19s      -3s  ✅  Ses cheveux étaient blancs..
21:55:03 BLOC_D_SERIE_DU_JOUR              5m13s     10m22s    +309s  ⚠️ TROU APRÈS  Il s'appelait Emmanuel - Marcel Boungou + Paroles
22:05:25 BLOC_D_SERIE_DU_JOUR              3m41s      7m17s    +216s  ⚠️ TROU APRÈS  Adorons l'Éternel GAEL - JÉSUS EST SEIGNEUR -
22:12:42 BLOC_D_SERIE_DU_JOUR              6m09s      6m07s      -2s  ✅  Hymne des vainqueurs
22:18:49 BLOC_D_SERIE_DU_JOUR              5m10s      5m08s      -2s  ✅  Igwe
22:23:57 BLOC_D_SERIE_DU_JOUR              6m28s     12m50s    +382s  ⚠️ TROU APRÈS  Le Bien-Etre Universel
22:36:47 BLOC_D_SERIE_DU_JOUR              6m41s      6m38s      -3s  ✅  6 minutes
22:43:25 BLOC_D_SERIE_DU_JOUR              4m13s      8m21s    +248s  ⚠️ TROU APRÈS  4 minutes
22:51:46 BLOC_D_SERIE_DU_JOUR              9m23s     18m45s    +562s  ⚠️ TROU APRÈS  10 minutes
23:10:31 BLOC_D_SERIE_DU_JOUR           2h36m21s      0m43s   -9338s  ❌ COUPÉ  bosson 1 la marche avec dieu
23:11:14 BLOC_D_SERIE_DU_JOUR           2h36m21s      0m56s   -9325s  ❌ COUPÉ  bosson 1 la marche avec dieu
23:12:10 BLOC_D_SERIE_DU_JOUR              6m57s     20m44s    +827s  ⚠️ TROU APRÈS  qui est digne d ouvrir le livre
23:32:54 BLOC_D_SERIE_DU_JOUR              6m34s     19m33s    +779s  ⚠️ TROU APRÈS  cantique  béni soit le dieu d israël
23:52:27 BLOC_D_SERIE_DU_JOUR              3m12s      6m20s    +188s  ⚠️ TROU APRÈS  esprit de dieu
23:58:47 BLOC_D_SERIE_DU_JOUR              2m20s          ?           ⏳ dernier titre (durée réelle inconnue)  cantique  heureux l homme qui ne marche pas selon
----------------------------------------------------------------------------------------------------
Bilan : 137 titres, 67 anomalie(s) (titre coupé de plus de 10s ou trou d'antenne).
