Rapport de diffusion — 2026-07-07 (heures UTC)
297 titres joués | tolérance ±10s
====================================================================================================
HEURE    PLAYLIST                     FICHIER          RÉEL    ÉCART  STATUT  TITRE
----------------------------------------------------------------------------------------------------
00:01:34 ?                                 3m05s      3m05s      +0s  ✅  ?
00:04:39 BLOC_A_SERIE_DU_JOUR              0m10s      0m10s      +0s  ✅  jingle avant message 01 voici le message du jour
00:04:49 BLOC_A_SERIE_DU_JOUR             23m41s     23m39s      -2s  ✅  pqe j7
00:28:28 BLOC_A_SERIE_DU_JOUR              0m06s      0m06s      +0s  ✅  jingle avant bible 01 la foi vient de ce quon entend
00:28:34 BLOC_A_SERIE_DU_JOUR              3m34s      3m32s      -2s  ✅  Zacharie 1
00:32:06 BLOC_A_SERIE_DU_JOUR              1m51s      1m49s      -2s  ✅  Zacharie 2
00:33:55 BLOC_A_SERIE_DU_JOUR              1m46s      1m43s      -3s  ✅  Zacharie 3
00:35:38 BLOC_A_SERIE_DU_JOUR              2m06s      2m04s      -2s  ✅  Zacharie 4
00:37:42 BLOC_A_SERIE_DU_JOUR              1m38s      1m36s      -2s  ✅  Zacharie 5
00:39:18 BLOC_A_SERIE_DU_JOUR              2m22s      2m19s      -3s  ✅  Zacharie 6
00:41:37 BLOC_A_SERIE_DU_JOUR              2m07s      2m04s      -3s  ✅  Zacharie 7
00:43:41 BLOC_A_SERIE_DU_JOUR              3m51s      3m49s      -2s  ✅  Zacharie 8
00:47:30 BLOC_A_SERIE_DU_JOUR              3m12s      3m09s      -3s  ✅  Zacharie 9
00:50:39 BLOC_A_SERIE_DU_JOUR              2m13s      2m11s      -2s  ✅  Zacharie 10
00:52:50 BLOC_A_SERIE_DU_JOUR              2m53s      2m51s      -2s  ✅  Zacharie 11
00:55:41 BLOC_A_SERIE_DU_JOUR              2m38s      2m35s      -3s  ✅  Zacharie 12
00:58:16 BLOC_A_SERIE_DU_JOUR              1m43s      1m41s      -2s  ✅  Zacharie 13
00:59:57 BLOC_A_SERIE_DU_JOUR              4m06s      4m03s      -3s  ✅  Zacharie 14
01:04:00 BLOC_A_SERIE_DU_JOUR              2m54s      2m51s      -3s  ✅  Malachie 1
01:06:51 BLOC_A_SERIE_DU_JOUR              3m17s      3m14s      -3s  ✅  Malachie 2
01:10:05 BLOC_A_SERIE_DU_JOUR              3m22s      3m19s      -3s  ✅  Malachie 3
01:13:24 BLOC_A_SERIE_DU_JOUR              1m05s      1m02s      -3s  ✅  Malachie 4
01:14:26 BLOC_A_SERIE_DU_JOUR              2m16s      2m14s      -2s  ✅  Hébreux 1
01:16:40 BLOC_A_SERIE_DU_JOUR              3m13s      3m10s      -3s  ✅  Hébreux 2
01:19:50 BLOC_A_SERIE_DU_JOUR              2m48s      2m46s      -2s  ✅  Hébreux 3
01:22:36 BLOC_A_SERIE_DU_JOUR              2m45s      2m50s      +5s  ✅  Hébreux 4
01:25:26 BLOC_A_SERIE_DU_JOUR              9m24s      9m21s      -3s  ✅  I See Your Face - Toronto HF
01:34:47 BLOC_A_SERIE_DU_JOUR              7m09s      7m07s      -2s  ✅  My God Is Good - Winnipeg Fellowship
01:41:54 BLOC_A_SERIE_DU_JOUR             10m13s     10m10s      -3s  ✅  As We Worship - Toronto & Winnipeg HF
01:52:04 BLOC_A_SERIE_DU_JOUR             10m38s     10m36s      -2s  ✅  Be Exalted - PHF
02:02:40 BLOC_A_SERIE_DU_JOUR             11m54s     11m51s      -3s  ✅  Great & Marvelluos - Toronto HF
02:14:31 BLOC_A_SERIE_DU_JOUR              3m41s      3m40s      -1s  ✅  Adorons l'Éternel GAEL - JÉSUS EST SEIGNEUR -
02:18:11 BLOC_A_SERIE_DU_JOUR              5m04s      5m07s      +3s  ✅  Guide Me - El ELyon - Abuja HF
02:23:18 BLOC_A_SERIE_DU_JOUR              2m59s      2m57s      -2s  ✅  Philémon 1
02:26:15 BLOC_A_SERIE_DU_JOUR              3m26s      3m23s      -3s  ✅  Jérémie 20
02:29:38 BLOC_A_SERIE_DU_JOUR              2m54s      2m52s      -2s  ✅  Jérémie 21
02:32:30 BLOC_A_SERIE_DU_JOUR              5m04s      5m01s      -3s  ✅  Jérémie 22
02:37:31 BLOC_A_SERIE_DU_JOUR              6m49s      6m46s      -3s  ✅  Jérémie 23
02:44:17 BLOC_A_SERIE_DU_JOUR              1m56s      1m54s      -2s  ✅  Jérémie 24
02:46:11 BLOC_A_SERIE_DU_JOUR              5m57s      6m01s      +4s  ✅  Jérémie 25
02:52:12 BLOC_A_SERIE_DU_JOUR              6m54s      6m51s      -3s  ✅  There is no Lie (Imah Adegoke & Mary Umoh)
02:59:03 BLOC_A_SERIE_DU_JOUR              4m48s      4m46s      -2s  ✅  Yeshua I'm Waiting for You  - Ketu HF
03:03:49 BLOC_A_SERIE_DU_JOUR              7m51s      7m49s      -2s  ✅  There is no name  - Winnipeg Fellowship
03:11:38 BLOC_A_SERIE_DU_JOUR              8m21s      8m18s      -3s  ✅  My Heart Rejoices - Toronto HF
03:19:56 BLOC_A_SERIE_DU_JOUR              9m39s      9m37s      -2s  ✅  Psalm 93 - Port Harcourt HF
03:29:33 BLOC_A_SERIE_DU_JOUR              9m23s      9m21s      -2s  ✅  10 minutes
03:38:54 BLOC_A_SERIE_DU_JOUR              6m13s      6m16s      +3s  ✅  Immortal God - Elohim Adonai - Abuja HF
03:45:10 BLOC_A_SERIE_DU_JOUR              7m25s      7m21s      -4s  ✅  Victorious Is the Lamb - Winnipeg Fellowship
03:52:31 BLOC_A_SERIE_DU_JOUR              0m07s      0m08s      +1s  ✅  jingle avant bible 02 voici la lecture de la bible
03:52:39 BLOC_A_SERIE_DU_JOUR              2m43s      2m40s      -3s  ✅  Aggée 1
03:55:19 BLOC_A_SERIE_DU_JOUR              3m58s      3m56s      -2s  ✅  Aggée 2
03:59:15 BLOC_A_SERIE_DU_JOUR              4m17s      4m14s      -3s  ✅  1 Pierre 2
04:03:29 BLOC_A_SERIE_DU_JOUR              3m50s      3m47s      -3s  ✅  1 Pierre 3
04:07:16 BLOC_A_SERIE_DU_JOUR              3m13s      3m11s      -2s  ✅  1 Pierre 4
04:10:27 BLOC_A_SERIE_DU_JOUR              2m15s      2m12s      -3s  ✅  1 Pierre 5
04:12:39 BLOC_A_SERIE_DU_JOUR              2m59s      2m57s      -2s  ✅  2 Timothée 1
04:15:36 BLOC_A_SERIE_DU_JOUR              3m52s      3m50s      -2s  ✅  2 Timothée 2
04:19:26 BLOC_A_SERIE_DU_JOUR              2m37s      2m34s      -3s  ✅  2 Timothée 3
04:22:00 BLOC_A_SERIE_DU_JOUR              3m09s      3m07s      -2s  ✅  2 Timothée 4
04:25:07 BLOC_A_SERIE_DU_JOUR              2m21s      2m18s      -3s  ✅  Nahum 1
04:27:25 BLOC_A_SERIE_DU_JOUR              2m04s      2m01s      -3s  ✅  Nahum 2
04:29:26 BLOC_A_SERIE_DU_JOUR              3m02s      3m00s      -2s  ✅  Nahum 3
04:32:26 BLOC_A_SERIE_DU_JOUR              3m57s      3m54s      -3s  ✅  Jacques 1
04:36:20 BLOC_A_SERIE_DU_JOUR              0m07s      0m07s      +0s  ✅  JINGLE
04:36:27 BLOC_A_SERIE_DU_JOUR              7m21s      7m19s      -2s  ✅  For By My God - Toronto & Winnipeg HF
04:43:46 BLOC_A_SERIE_DU_JOUR              4m52s      4m50s      -2s  ✅  cantique   prends tout le contrôle
04:48:36 BLOC_A_SERIE_DU_JOUR              5m02s      5m00s      -2s  ✅  A Song Of Love
04:53:36 BLOC_A_SERIE_DU_JOUR              4m13s      4m10s      -3s  ✅  4 minutes
04:57:46 BLOC_A_SERIE_DU_JOUR              6m10s      6m07s      -3s  ✅  That I May Know Him - Toronto HF
05:03:53 BLOC_A_SERIE_DU_JOUR             10m47s     10m45s      -2s  ✅  Abba, Singing a, I Will Sing - Ketu HF
05:14:38 BLOC_A_SERIE_DU_JOUR              6m56s      6m53s      -3s  ✅  As We Worship In Ypur Presence
05:21:31 BLOC_A_SERIE_DU_JOUR              4m53s      4m50s      -3s  ✅  Cantique Jahweh, Tu es élevé au dessus de tout (1)
05:26:21 BLOC_A_SERIE_DU_JOUR              5m07s      5m04s      -3s  ✅  We Shall Come - Asaba Fellowship
05:31:25 BLOC_A_SERIE_DU_JOUR              9m38s      9m43s      +5s  ✅  Holy are You oh Lord (Olaedo Uzoma & Vincent Opara)
05:41:08 BLOC_A_SERIE_DU_JOUR              6m02s      5m59s      -3s  ✅  Nombres 32
05:47:07 BLOC_A_SERIE_DU_JOUR              6m01s      5m59s      -2s  ✅  Nombres 33
05:53:06 BLOC_A_SERIE_DU_JOUR              3m28s      3m25s      -3s  ✅  Nombres 34
05:56:31 BLOC_A_SERIE_DU_JOUR              5m15s      5m13s      -2s  ✅  Nombres 35
06:01:44 BLOC_B_SERIE_DU_JOUR              0m10s      0m10s      +0s  ✅  jingle avant message 01 voici le message du jour
06:01:54 BLOC_B_SERIE_DU_JOUR             23m41s     23m39s      -2s  ✅  pqe j7
06:25:33 BLOC_B_SERIE_DU_JOUR              0m06s      0m06s      +0s  ✅  jingle avant bible 01 la foi vient de ce quon entend
06:25:39 BLOC_B_SERIE_DU_JOUR              4m27s      4m24s      -3s  ✅  Jude 1
06:30:03 BLOC_B_SERIE_DU_JOUR              3m16s      3m14s      -2s  ✅  1 Jean 4
06:33:17 BLOC_B_SERIE_DU_JOUR              3m11s      3m09s      -2s  ✅  1 Jean 5
06:36:26 BLOC_B_SERIE_DU_JOUR              2m07s      2m05s      -2s  ✅  2 Jean 1
06:38:31 BLOC_B_SERIE_DU_JOUR              1m49s      1m47s      -2s  ✅  1 Thessaloniciens 1
06:40:18 BLOC_B_SERIE_DU_JOUR              3m29s      3m26s      -3s  ✅  1 Thessaloniciens 2
06:43:44 BLOC_B_SERIE_DU_JOUR              2m13s      2m11s      -2s  ✅  1 Thessaloniciens 3
06:45:55 BLOC_B_SERIE_DU_JOUR              3m03s      3m00s      -3s  ✅  1 Thessaloniciens 4
06:48:55 BLOC_B_SERIE_DU_JOUR              3m04s      3m01s      -3s  ✅  1 Thessaloniciens 5
06:51:56 BLOC_B_SERIE_DU_JOUR              9m41s      9m39s      -2s  ✅  1 Samuel 17
07:01:35 BLOC_B_SERIE_DU_JOUR              4m38s      4m36s      -2s  ✅  1 Samuel 18
07:06:11 BLOC_B_SERIE_DU_JOUR              4m10s      4m08s      -2s  ✅  1 Samuel 19
07:10:19 BLOC_B_SERIE_DU_JOUR              6m49s      6m46s      -3s  ✅  1 Samuel 20
07:17:05 BLOC_B_SERIE_DU_JOUR              2m33s      2m31s      -2s  ✅  1 Samuel 21
07:19:36 BLOC_B_SERIE_DU_JOUR              4m12s      4m10s      -2s  ✅  1 Samuel 22
07:23:46 BLOC_B_SERIE_DU_JOUR              0m07s      0m08s      +1s  ✅  jingle avant louange 02 voici notre selection de cantiques
07:23:54 BLOC_B_SERIE_DU_JOUR              4m05s      4m03s      -2s  ✅  Song Of Victory - Emmanuel Igunbor
07:27:57 BLOC_B_SERIE_DU_JOUR              3m10s      3m07s      -3s  ✅  la Parole
07:31:04 BLOC_B_SERIE_DU_JOUR              7m46s      7m43s      -3s  ✅  Arise Out of Zion  - Winnipeg Fellowship
07:38:47 BLOC_B_SERIE_DU_JOUR              6m57s      6m55s      -2s  ✅  The Lord on High is Mightier - Toronto HF
07:45:42 BLOC_B_SERIE_DU_JOUR              4m08s      4m05s      -3s  ✅  I Choose the Way of the Lord - Abuja HF
07:49:47 BLOC_B_SERIE_DU_JOUR              6m34s      6m31s      -3s  ✅  cantique  béni soit le dieu d israël
07:56:18 BLOC_B_SERIE_DU_JOUR              5m19s      5m17s      -2s  ✅  Gabrielle LIDJI - Mélodie Céleste  by LFXA(Light FX Animation)_2
08:01:35 BLOC_B_SERIE_DU_JOUR              2m16s      2m13s      -3s  ✅  cantique  nous sommes le sel de la terre
08:03:48 BLOC_B_SERIE_DU_JOUR              9m43s      9m40s      -3s  ✅  Thy Throne Oh Lord - Ketu HF
08:13:28 BLOC_B_SERIE_DU_JOUR              8m22s      8m20s      -2s  ✅  Yeshua Hamashiach - Calabar HF
08:21:48 BLOC_B_SERIE_DU_JOUR              0m07s      0m08s      +1s  ✅  jingle avant bible 02 voici la lecture de la bible
08:21:56 BLOC_B_SERIE_DU_JOUR              2m56s      2m54s      -2s  ✅  Sophonie 1
08:24:50 BLOC_B_SERIE_DU_JOUR              2m46s      2m43s      -3s  ✅  Sophonie 2
08:27:33 BLOC_B_SERIE_DU_JOUR              3m46s      3m44s      -2s  ✅  Sophonie 3
08:31:17 BLOC_B_SERIE_DU_JOUR              3m12s      3m09s      -3s  ✅  Proverbes 1
08:34:26 BLOC_B_SERIE_DU_JOUR              1m57s      1m54s      -3s  ✅  Proverbes 2
08:36:20 BLOC_B_SERIE_DU_JOUR              3m04s      3m02s      -2s  ✅  Proverbes 3
08:39:22 BLOC_B_SERIE_DU_JOUR              2m27s      2m24s      -3s  ✅  Proverbes 4
08:41:46 BLOC_B_SERIE_DU_JOUR              2m06s      2m04s      -2s  ✅  Proverbes 5
08:43:50 BLOC_B_SERIE_DU_JOUR              3m14s      3m11s      -3s  ✅  Proverbes 6
08:47:01 BLOC_B_SERIE_DU_JOUR              2m24s      2m22s      -2s  ✅  Proverbes 7
08:49:23 BLOC_B_SERIE_DU_JOUR              3m11s      3m09s      -2s  ✅  Proverbes 8
08:52:32 BLOC_B_SERIE_DU_JOUR              0m06s      0m06s      +0s  ✅  jingle avant louange 01 place a la louange et adoration
08:52:38 BLOC_B_SERIE_DU_JOUR             10m35s     10m32s      -3s  ✅  Baruch Ha'ba B'Shem Adonai/Blessed Is He Who Comes in the Name of the Lord - Port Harcourt HF
09:03:10 BLOC_B_SERIE_DU_JOUR             11m01s     10m58s      -3s  ✅  Great is, Ascribe - Ketu HF
09:14:08 BLOC_B_SERIE_DU_JOUR              6m09s      6m08s      -1s  ✅  Hymne des vainqueurs
09:20:16 BLOC_B_SERIE_DU_JOUR             10m25s     10m22s      -3s  ✅  Holy Are You - PHF
09:30:38 BLOC_B_SERIE_DU_JOUR              6m07s      6m05s      -2s  ✅  There Is Forgiveness In Thee - SWBN TV
09:36:43 BLOC_B_SERIE_DU_JOUR              6m59s      6m56s      -3s  ✅  Hosanna - Toronto HF
09:43:39 BLOC_B_SERIE_DU_JOUR              6m19s      6m17s      -2s  ✅  Unto Him - CHF
09:49:56 BLOC_B_SERIE_DU_JOUR              0m06s      0m06s      +0s  ✅  jingle avant bible 03 ecoutez la voix de dieu
09:50:02 BLOC_B_SERIE_DU_JOUR              6m36s      6m34s      -2s  ✅  1 Rois 13
09:56:36 BLOC_B_SERIE_DU_JOUR              5m55s      5m52s      -3s  ✅  1 Rois 14
10:02:28 BLOC_B_SERIE_DU_JOUR              5m43s      5m40s      -3s  ✅  1 Rois 15
10:08:08 BLOC_B_SERIE_DU_JOUR              6m13s      6m10s      -3s  ✅  1 Rois 16
10:14:18 BLOC_B_SERIE_DU_JOUR              4m12s      4m10s      -2s  ✅  1 Rois 17
10:18:28 BLOC_B_SERIE_DU_JOUR              8m27s      8m24s      -3s  ✅  1 Rois 18
10:26:52 BLOC_B_SERIE_DU_JOUR              4m43s      4m41s      -2s  ✅  1 Rois 19
10:31:33 BLOC_B_SERIE_DU_JOUR              8m21s      8m18s      -3s  ✅  1 Rois 20
10:39:51 BLOC_B_SERIE_DU_JOUR              0m07s      0m08s      +1s  ✅  JINGLE
10:39:59 BLOC_B_SERIE_DU_JOUR              5m28s      5m26s      -2s  ✅  même humilié
10:45:25 BLOC_B_SERIE_DU_JOUR              5m45s      5m42s      -3s  ✅  How Precious Oh Lord
10:51:07 BLOC_B_SERIE_DU_JOUR              8m37s      8m35s      -2s  ✅  He Has Given Me & Emmanuel You Joy Over Us (Medley) (Abasiama Timothy & Imah Adegoke)
10:59:42 BLOC_B_SERIE_DU_JOUR              4m11s      4m08s      -3s  ✅  jai donné ma vie à jésus (1)
11:03:50 BLOC_B_SERIE_DU_JOUR              5m22s      5m20s      -2s  ✅  God's Got An Army - PHF
11:09:10 BLOC_B_SERIE_DU_JOUR              4m20s      4m17s      -3s  ✅  There's A Mighty River Flowing - SWBN TV
11:13:27 BLOC_B_SERIE_DU_JOUR              5m43s      5m42s      -1s  ✅  Cantique l Éternel est mon Berger (1)
11:19:09 BLOC_B_SERIE_DU_JOUR              4m44s      4m40s      -4s  ✅  Je veux vivre ton royaume
11:23:49 BLOC_B_SERIE_DU_JOUR              4m52s      4m50s      -2s  ✅  God is Moving Us On - Ketu HF
11:28:39 BLOC_B_SERIE_DU_JOUR              4m18s      4m16s      -2s  ✅  You Are Worthy - Ketu HF
11:32:55 BLOC_B_SERIE_DU_JOUR              6m04s      6m08s      +4s  ✅  Sing Unto the Lord a new Song  - Winnipeg Fellowship
11:39:03 BLOC_B_SERIE_DU_JOUR              6m50s      6m48s      -2s  ✅  Matthieu 21
11:45:51 BLOC_B_SERIE_DU_JOUR              5m24s      5m22s      -2s  ✅  Matthieu 22
11:51:13 BLOC_B_SERIE_DU_JOUR              5m29s      5m26s      -3s  ✅  Matthieu 23
11:56:39 BLOC_B_SERIE_DU_JOUR              6m29s      6m26s      -3s  ✅  Matthieu 24
12:03:05 BLOC_C_SERIE_DU_JOUR              0m08s      0m08s      +0s  ✅  jingle avant message 02 enseignement parole de dieu
12:03:13 BLOC_C_SERIE_DU_JOUR             23m41s     23m45s      +4s  ✅  pqe j7
12:26:58 BLOC_C_SERIE_DU_JOUR              2m37s      2m35s      -2s  ✅  Job 22
12:29:33 BLOC_C_SERIE_DU_JOUR              1m43s      1m40s      -3s  ✅  Job 23
12:31:13 BLOC_C_SERIE_DU_JOUR              2m52s      2m50s      -2s  ✅  Job 24
12:34:03 BLOC_C_SERIE_DU_JOUR              0m36s      0m33s      -3s  ✅  Job 25
12:34:36 BLOC_C_SERIE_DU_JOUR              1m13s      1m11s      -2s  ✅  Job 26
12:35:47 BLOC_C_SERIE_DU_JOUR              2m12s      2m09s      -3s  ✅  Job 27
12:37:56 BLOC_C_SERIE_DU_JOUR              2m47s      2m45s      -2s  ✅  Job 28
12:40:41 BLOC_C_SERIE_DU_JOUR              2m20s      2m18s      -2s  ✅  Job 29
12:42:59 BLOC_C_SERIE_DU_JOUR              3m11s      3m08s      -3s  ✅  Job 30
12:46:07 BLOC_C_SERIE_DU_JOUR              3m56s      3m53s      -3s  ✅  Job 31
12:50:00 BLOC_C_SERIE_DU_JOUR              2m21s      2m19s      -2s  ✅  Job 32
12:52:19 BLOC_C_SERIE_DU_JOUR              3m04s      3m01s      -3s  ✅  Job 33
12:55:20 BLOC_C_SERIE_DU_JOUR              3m32s      3m30s      -2s  ✅  Job 34
12:58:50 BLOC_C_SERIE_DU_JOUR              1m32s      1m29s      -3s  ✅  Job 35
13:00:19 BLOC_C_SERIE_DU_JOUR              2m56s      2m53s      -3s  ✅  Job 36
13:03:12 BLOC_C_SERIE_DU_JOUR              2m25s      2m22s      -3s  ✅  Job 37
13:05:34 BLOC_C_SERIE_DU_JOUR              3m53s      3m51s      -2s  ✅  Job 38
13:09:25 BLOC_C_SERIE_DU_JOUR              2m57s      2m55s      -2s  ✅  Job 39
13:12:20 BLOC_C_SERIE_DU_JOUR              2m19s      2m16s      -3s  ✅  Job 40
13:14:36 BLOC_C_SERIE_DU_JOUR              3m14s      3m12s      -2s  ✅  Job 41
13:17:48 BLOC_C_SERIE_DU_JOUR              2m40s      2m38s      -2s  ✅  Job 42
13:20:26 BLOC_C_SERIE_DU_JOUR              0m41s      0m38s      -3s  ✅  Psaumes 23
13:21:04 BLOC_C_SERIE_DU_JOUR              1m06s      1m04s      -2s  ✅  Psaumes 24
13:22:08 BLOC_C_SERIE_DU_JOUR              0m07s      0m08s      +1s  ✅  jingle avant louange 02 voici notre selection de cantiques
13:22:16 BLOC_C_SERIE_DU_JOUR              6m28s      6m25s      -3s  ✅  Le Bien-Etre Universel
13:28:41 BLOC_C_SERIE_DU_JOUR              5m52s      5m50s      -2s  ✅  Not Naked (Abasiama Timothy)
13:34:31 BLOC_C_SERIE_DU_JOUR              6m02s      6m00s      -2s  ✅  Satisfy My Soul - Calabar HF
13:40:31 BLOC_C_SERIE_DU_JOUR              4m04s      4m01s      -3s  ✅  Ascribe Greatness - PHF
13:44:32 BLOC_C_SERIE_DU_JOUR              8m18s      8m16s      -2s  ✅  Yahweh Is Mighty - SWBN TV
13:52:48 BLOC_C_SERIE_DU_JOUR              6m12s      6m09s      -3s  ✅  The King is Here (Abasiama Timothy)
13:58:57 BLOC_C_SERIE_DU_JOUR              7m19s      7m17s      -2s  ✅  You Have sworn By Your Holiness - Chidera Bisong
14:06:14 BLOC_C_SERIE_DU_JOUR              6m41s      6m38s      -3s  ✅  6 minutes
14:12:52 BLOC_C_SERIE_DU_JOUR              3m12s      3m10s      -2s  ✅  esprit de dieu
14:16:02 BLOC_C_SERIE_DU_JOUR              8m10s      8m07s      -3s  ✅  Agunechemba - SWBN TV
14:24:09 BLOC_C_SERIE_DU_JOUR              0m06s      0m06s      +0s  ✅  jingle avant bible 03 ecoutez la voix de dieu
14:24:15 BLOC_C_SERIE_DU_JOUR              2m43s      2m41s      -2s  ✅  Tite 1
14:26:56 BLOC_C_SERIE_DU_JOUR              2m10s      2m08s      -2s  ✅  Tite 2
14:29:04 BLOC_C_SERIE_DU_JOUR              2m22s      2m19s      -3s  ✅  Tite 3
14:31:23 BLOC_C_SERIE_DU_JOUR              7m35s      7m32s      -3s  ✅  Luc 7
14:38:55 BLOC_C_SERIE_DU_JOUR              8m38s      8m36s      -2s  ✅  Luc 8
14:47:31 BLOC_C_SERIE_DU_JOUR              9m59s      9m56s      -3s  ✅  Luc 9
14:57:27 BLOC_C_SERIE_DU_JOUR              0m06s      0m06s      +0s  ✅  jingle avant louange 01 place a la louange et adoration
14:57:33 BLOC_C_SERIE_DU_JOUR              5m08s      5m06s      -2s  ✅  He Has Given Me - PHF
15:02:39 BLOC_C_SERIE_DU_JOUR              8m12s      8m10s      -2s  ✅  Jesus is Alpha - PHF
15:10:49 BLOC_C_SERIE_DU_JOUR              5m52s      5m49s      -3s  ✅  Where Two or Three are Gathered - Calabar HF
15:16:38 BLOC_C_SERIE_DU_JOUR              5m18s      5m16s      -2s  ✅  Now is Come Salvation - Toronto HF
15:21:54 BLOC_C_SERIE_DU_JOUR              5m45s      5m42s      -3s  ✅  Ella Samuels - Oh Lord Our Maker
15:27:36 BLOC_C_SERIE_DU_JOUR              9m14s      9m12s      -2s  ✅  A jamais, tu seras l Agneau de Dieu
15:36:48 BLOC_C_SERIE_DU_JOUR              8m58s      8m55s      -3s  ✅  El Elyon - Toronto & Winnipeg HF
15:45:43 BLOC_C_SERIE_DU_JOUR              2m20s      2m17s      -3s  ✅  cantique  heureux l homme qui ne marche pas selon
15:48:00 BLOC_C_SERIE_DU_JOUR              3m04s      3m02s      -2s  ✅  The Lord is my Light and Salvation - Nonso Njoku
15:51:02 BLOC_C_SERIE_DU_JOUR              4m14s      4m19s      +5s  ✅  Mon modèle, c est Jésus
15:55:21 BLOC_C_SERIE_DU_JOUR              8m53s      8m51s      -2s  ✅  Actes 7
16:04:12 BLOC_C_SERIE_DU_JOUR              5m22s      5m19s      -3s  ✅  Actes 8
16:09:31 BLOC_C_SERIE_DU_JOUR              6m32s      6m30s      -2s  ✅  Actes 9
16:16:01 BLOC_C_SERIE_DU_JOUR              6m32s      6m29s      -3s  ✅  Actes 10
16:22:30 BLOC_C_SERIE_DU_JOUR              4m06s      4m03s      -3s  ✅  Actes 11
16:26:33 BLOC_C_SERIE_DU_JOUR              3m53s      3m51s      -2s  ✅  Actes 12
16:30:24 BLOC_C_SERIE_DU_JOUR              7m40s      7m37s      -3s  ✅  Actes 13
16:38:01 BLOC_C_SERIE_DU_JOUR              0m07s      0m07s      +0s  ✅  LA BONNE NOUVELLE PARTOUT
16:38:08 BLOC_C_SERIE_DU_JOUR             11m53s     11m50s      -3s  ✅  Hashem - PHF
16:49:58 BLOC_C_SERIE_DU_JOUR              5m10s      5m08s      -2s  ✅  I Will Call Upon The Lord
16:55:06 BLOC_C_SERIE_DU_JOUR              9m23s      9m21s      -2s  ✅  Thou art Worthy Lord - PHF
17:04:27 BLOC_C_SERIE_DU_JOUR              6m02s      6m00s      -2s  ✅  Rejoice - PHF
17:10:27 BLOC_C_SERIE_DU_JOUR              8m41s      8m38s      -3s  ✅  Unto Him (Vincent Opara)
17:19:05 BLOC_C_SERIE_DU_JOUR              6m35s      6m32s      -3s  ✅  cantique   ta lumière
17:25:37 BLOC_C_SERIE_DU_JOUR              6m57s      6m55s      -2s  ✅  qui est digne d ouvrir le livre
17:32:32 BLOC_C_SERIE_DU_JOUR              7m09s      7m06s      -3s  ✅  You're the Lamb (Abasiama Timothy)
17:39:38 BLOC_C_SERIE_DU_JOUR              0m12s      0m12s      +0s  ✅  jingle id station 03 notre mission annonce levangile
17:39:50 BLOC_C_SERIE_DU_JOUR              3m00s      2m58s      -2s  ✅  Jonas 1
17:42:48 BLOC_C_SERIE_DU_JOUR              1m22s      1m19s      -3s  ✅  Jonas 2
17:44:07 BLOC_C_SERIE_DU_JOUR              1m36s      1m34s      -2s  ✅  Jonas 3
17:45:41 BLOC_C_SERIE_DU_JOUR              1m57s      1m55s      -2s  ✅  Jonas 4
17:47:36 BLOC_C_SERIE_DU_JOUR              3m07s      3m05s      -2s  ✅  Joël 1
17:50:41 BLOC_C_SERIE_DU_JOUR              5m41s      5m38s      -3s  ✅  Joël 2
17:56:19 BLOC_C_SERIE_DU_JOUR              3m36s      3m33s      -3s  ✅  Joël 3
17:59:52 BLOC_A_SERIE_DU_JOUR              0m10s      0m22s     +12s  ⚠️ TROU APRÈS  jingle avant message 01 voici le message du jour
18:00:14 BLOC_D_SERIE_DU_JOUR             23m41s     23m46s      +5s  ✅  pqe j7
18:24:00 BLOC_D_SERIE_DU_JOUR             23m41s     23m39s      -2s  ✅  pqe j7
18:47:39 BLOC_D_SERIE_DU_JOUR              0m07s      0m08s      +1s  ✅  jingle avant bible 02 voici la lecture de la bible
18:47:47 BLOC_D_SERIE_DU_JOUR              1m52s      1m50s      -2s  ✅  Josué 20
18:49:37 BLOC_D_SERIE_DU_JOUR              5m34s      5m32s      -2s  ✅  Josué 21
18:55:09 BLOC_D_SERIE_DU_JOUR              7m12s      7m09s      -3s  ✅  Josué 22
19:02:18 BLOC_D_SERIE_DU_JOUR              3m09s      3m06s      -3s  ✅  Josué 23
19:05:24 BLOC_D_SERIE_DU_JOUR              5m50s      5m48s      -2s  ✅  Josué 24
19:11:12 BLOC_D_SERIE_DU_JOUR              3m57s      3m54s      -3s  ✅  Apocalypse 1
19:15:06 BLOC_D_SERIE_DU_JOUR              5m23s      5m21s      -2s  ✅  Apocalypse 2
19:20:27 BLOC_D_SERIE_DU_JOUR              4m16s      4m13s      -3s  ✅  Apocalypse 3
19:24:40 BLOC_D_SERIE_DU_JOUR              2m32s      2m29s      -3s  ✅  Apocalypse 4
19:27:09 BLOC_D_SERIE_DU_JOUR              2m51s      2m48s      -3s  ✅  Apocalypse 5
19:29:57 BLOC_D_SERIE_DU_JOUR              3m33s      3m31s      -2s  ✅  Apocalypse 6
19:33:28 BLOC_D_SERIE_DU_JOUR              3m14s      3m12s      -2s  ✅  Apocalypse 7
19:36:40 BLOC_D_SERIE_DU_JOUR              2m36s      2m41s      +5s  ✅  Apocalypse 8
19:39:21 BLOC_D_SERIE_DU_JOUR              4m11s      4m08s      -3s  ✅  Cantique   Oh Éternel Dieu, Tu es le Dieu Incomparable
19:43:29 BLOC_D_SERIE_DU_JOUR              5m21s      5m19s      -2s  ✅  We Shall Not Fear - Nonso Njoku
19:48:48 BLOC_D_SERIE_DU_JOUR              6m02s      5m59s      -3s  ✅  Crown Him Lord of Lords - Nonso Njoku
19:54:47 BLOC_D_SERIE_DU_JOUR              6m12s      6m12s      +0s  ✅  Praise the Lord All Ye Nations - Toronto HF
20:00:59 BLOC_D_SERIE_DU_JOUR              9m31s      9m29s      -2s  ✅  15 at 01.33.50 (1)(1)
20:10:28 BLOC_D_SERIE_DU_JOUR              7m18s      7m15s      -3s  ✅  Holy is the Lord (Emmanuel Umoh)
20:17:43 BLOC_D_SERIE_DU_JOUR              6m06s      6m03s      -3s  ✅  Good God - Asaba Fellowship
20:23:46 BLOC_D_SERIE_DU_JOUR              5m13s      5m11s      -2s  ✅  Il s'appelait Emmanuel - Marcel Boungou + Paroles
20:28:57 BLOC_D_SERIE_DU_JOUR             10m24s     10m21s      -3s  ✅  Shine in Darkness O Lord  - Winnipeg Fellowship
20:39:18 BLOC_D_SERIE_DU_JOUR              0m06s      0m06s      +0s  ✅  jingle avant bible 03 ecoutez la voix de dieu
20:39:24 BLOC_D_SERIE_DU_JOUR              4m08s      4m06s      -2s  ✅  2 Rois 12
20:43:30 BLOC_D_SERIE_DU_JOUR              4m37s      4m35s      -2s  ✅  2 Rois 13
20:48:05 BLOC_D_SERIE_DU_JOUR              5m07s      5m05s      -2s  ✅  2 Rois 14
20:53:10 BLOC_D_SERIE_DU_JOUR              6m21s      6m18s      -3s  ✅  2 Rois 15
20:59:28 BLOC_D_SERIE_DU_JOUR              3m41s      3m39s      -2s  ✅  2 Rois 16
21:03:07 BLOC_D_SERIE_DU_JOUR              7m17s      7m14s      -3s  ✅  2 Rois 17
21:10:21 BLOC_D_SERIE_DU_JOUR              0m06s      0m06s      +0s  ✅  jingle avant louange 01 place a la louange et adoration
21:10:27 BLOC_D_SERIE_DU_JOUR              5m10s      5m08s      -2s  ✅  Igwe
21:15:35 BLOC_D_SERIE_DU_JOUR              8m21s      8m18s      -3s  ✅  In the Day of Your Power  - Winnipeg Fellowship
21:23:53 BLOC_D_SERIE_DU_JOUR              7m09s      7m07s      -2s  ✅  There is A Mighty River Flowing - Ketu HF
21:31:00 BLOC_D_SERIE_DU_JOUR              5m58s      5m55s      -3s  ✅  In Jesus - PHF
21:36:55 BLOC_D_SERIE_DU_JOUR              6m06s      6m04s      -2s  ✅  cantique  ta bonte
21:42:59 BLOC_D_SERIE_DU_JOUR              7m36s      7m33s      -3s  ✅  There Is No Lie - SWBN TV
21:50:32 BLOC_D_SERIE_DU_JOUR              5m47s      5m45s      -2s  ✅  We Ascribe Greatness - Abuja HF
21:56:17 BLOC_D_SERIE_DU_JOUR              4m21s      4m18s      -3s  ✅  Sing Hallelujah - Abuja HF
22:00:35 BLOC_D_SERIE_DU_JOUR              5m57s      5m54s      -3s  ✅  You are God - Winnipeg Fellowship
22:06:29 BLOC_D_SERIE_DU_JOUR              0m06s      0m07s      +1s  ✅  jingle avant bible 01 la foi vient de ce quon entend
22:06:36 BLOC_D_SERIE_DU_JOUR              3m26s      3m23s      -3s  ✅  Éphésiens 1
22:09:59 BLOC_D_SERIE_DU_JOUR              3m16s      3m14s      -2s  ✅  Éphésiens 2
22:13:13 BLOC_D_SERIE_DU_JOUR              2m56s      2m54s      -2s  ✅  Éphésiens 3
22:16:07 BLOC_D_SERIE_DU_JOUR              4m53s      4m50s      -3s  ✅  Éphésiens 4
22:20:57 BLOC_D_SERIE_DU_JOUR              4m12s      4m11s      -1s  ✅  Éphésiens 5
22:25:08 BLOC_D_SERIE_DU_JOUR              3m21s      3m17s      -4s  ✅  Éphésiens 6
22:28:25 BLOC_D_SERIE_DU_JOUR              5m12s      5m10s      -2s  ✅  Exode 15
22:33:35 BLOC_D_SERIE_DU_JOUR              7m23s      7m21s      -2s  ✅  Exode 16
22:40:56 BLOC_D_SERIE_DU_JOUR              3m21s      3m18s      -3s  ✅  Exode 17
22:44:14 BLOC_D_SERIE_DU_JOUR              5m03s      5m00s      -3s  ✅  Exode 18
22:49:14 BLOC_D_SERIE_DU_JOUR              0m07s      0m08s      +1s  ✅  jingle id station 04 au travail a la maison en deplacement
22:49:22 BLOC_D_SERIE_DU_JOUR              5m04s      5m02s      -2s  ✅  I Enter The Holy of Holies - Port Harcourt HF
22:54:24 BLOC_D_SERIE_DU_JOUR              7m17s      7m15s      -2s  ✅  cantique  tes promesses  pub direct dec 2021 import (2)
23:01:39 BLOC_D_SERIE_DU_JOUR              7m20s      7m17s      -3s  ✅  The Glory -  PHF
23:08:56 BLOC_D_SERIE_DU_JOUR              8m10s      8m08s      -2s  ✅  Great and Marvellous - Ketu HF
23:17:04 BLOC_D_SERIE_DU_JOUR              9m04s      9m01s      -3s  ✅  You're the Lamb - Calabar HF
23:26:05 BLOC_D_SERIE_DU_JOUR              4m19s      4m16s      -3s  ✅  I Know The Blood - PHF
23:30:21 BLOC_E_LOUANGE_NUIT               5m28s      5m26s      -2s  ✅  même humilié
23:35:47 BLOC_E_LOUANGE_NUIT               3m04s      3m00s      -4s  ✅  The Lord is my Light and Salvation - Nonso Njoku
23:38:47 BLOC_E_LOUANGE_NUIT               3m22s      3m20s      -2s  ✅  Ses cheveux étaient blancs..
23:42:07 BLOC_E_LOUANGE_NUIT               9m43s      9m40s      -3s  ✅  Thy Throne Oh Lord - Ketu HF
23:51:47 BLOC_E_LOUANGE_NUIT               0m05s      0m03s      -2s  ✅  Parole Prophétique FM
23:51:50 BLOC_E_LOUANGE_NUIT               8m31s          ?           ⏳ dernier titre (durée réelle inconnue)  Holy Holy - Abuja HF
----------------------------------------------------------------------------------------------------
Bilan : 297 titres, 1 anomalie(s) (titre coupé de plus de 10s ou trou d'antenne). Gravité : 1 mineure(s) <1min · 0 sérieuse(s) 1-10min · 0 critique(s) >10min.

====================================================================================================
CONTRÔLES APPROFONDIS
====================================================================================================
MESSAGE DU JOUR « PQE J 7 » : 5 diffusion(s) pour 4 prévue(s) ❌
   00:04:49  (étiquette BLOC_A_SERIE_DU_JOUR)
   06:01:54  (étiquette BLOC_B_SERIE_DU_JOUR)
   12:03:13  (étiquette BLOC_C_SERIE_DU_JOUR)
   18:00:14  (étiquette BLOC_D_SERIE_DU_JOUR)
   18:24:00  (étiquette BLOC_D_SERIE_DU_JOUR)  ⚠️ DOUBLE RAPPROCHÉ (rejoué juste après la diffusion précédente)
   → diffusions en trop = reboucle d'un bloc avant la fin de sa fenêtre (l'étiquette playlist des fichiers partagés n'est pas fiable, se fier aux heures).
JINGLES : 22 joués / 36 prévus (61%) ⚠️   ·   BLOC_A 4/9 · BLOC_B 7/9 · BLOC_C 6/9 · BLOC_D 5/9
HORS FENÊTRE : aucun débordement de bloc détecté ✅
BOUCHE-TROUS : 1 titre(s) hors plan sans playlist ⚠️
   00:01:34  ?  (3m05s)
COUVERTURE : premier titre à 00:01:34 ✅ · dernier titre finit vers 00:00:21 (estimé) ✅

====================================================================================================
RÉEL vs PRÉVU — ce qui a joué vs ce que le plan prévoyait
====================================================================================================
----------------------------------------------------------------------------------------------------
BLOC_A  (00:00-06:00)  prévus  88 · joués  78 · conformité  88% · sautés 11 · en trop  1
   ⏭️  PRÉVU NON JOUÉ : jingle avant louange 02 voici notre selection de cantiques · jingle avant bible 03 ecoutez la voix de dieu · jingle avant louange 01 place a la louange et adoration · Parole Prophétique FM · JINGLE · jingle id station 04 au travail a la maison en deplacement  …(+5)
   ➕  JOUÉ NON PRÉVU : ?
----------------------------------------------------------------------------------------------------
BLOC_B  (06:00-12:00)  prévus  80 · joués  74 · conformité  92% · sautés  6 · en trop  0
   ⏭️  PRÉVU NON JOUÉ : JINGLE · jingle id station 02 radio evangile du royaume · Praise the Lord of Host - Toronto HF · Bless Ye the Lord - PHF · He Shall Feed His Flock - I Want to walk  - Ketu HF · By the word of the lord - Ketu HF
----------------------------------------------------------------------------------------------------
BLOC_C  (12:00-18:00)  prévus  86 · joués  79 · conformité  91% · sautés  8 · en trop  1
   ⏭️  PRÉVU NON JOUÉ : jingle avant bible 01 la foi vient de ce quon entend · jingle avant bible 02 voici la lecture de la bible · JINGLE · You Are the Captain of the Host - Toronto HF · We Worship Adonai - PHF · I Will Not Be Silent - Calabar HF  …(+2)
   ➕  JOUÉ NON PRÉVU : jingle avant message 01 voici le message du jour
----------------------------------------------------------------------------------------------------
BLOC_D  (18:00-23:30)  prévus  74 · joués  60 · conformité  80% · sautés 15 · en trop  1
   ⏭️  PRÉVU NON JOUÉ : jingle avant message 02 enseignement parole de dieu · jingle avant louange 02 voici notre selection de cantiques · Parole Prophétique FM · Hallelujah - PHF · God is Building - Will You Be - Ketu HF · JINGLE  …(+9)
   ➕  JOUÉ NON PRÉVU : pqe j7
----------------------------------------------------------------------------------------------------
CONFORMITÉ GLOBALE : 288/328 titres prévus joués dans l'ordre = 88%  (3 titre(s) hors plan)
