====================================================================================================
MONITEUR RADIO — 2026-10-06 (synthèse des 3 rapports + plan, heures UTC)
====================================================================================================
État : ❌ incident(s) détecté(s)  ·  diffusion : 1 coupure(s)/trou(s), 0 double(s) message  ·  serveur : 0 incident(s)
ATTENDU (sans effet à l'antenne, hors verdict) : 279 événement(s) serveur pendant la rotation (23h30-23h40) et le reset de minuit (00h00-00h03) · 1 titre(s) tronqué(s) par le redémarrage de minuit
SERVEUR : aucun incident hors fenêtres planifiées (ni crash, ni échec réseau, ni silence) ✅
   ↳ attendu, hors verdict : 00:01 🌐 échec réseau AzuraCast/Liquidsoap (×2) · 00:01 💥 crash Liquidsoap (redémarrage automatique) (×2) · 00:01 🔇 bascule sur jingle d'erreur (silence potentiel) (×3) · 23:32 🌐 échec réseau AzuraCast/Liquidsoap (×272)
RESET MINUIT : restart confirmé vers 00:02:13 · 3 contrôle(s) · file saine ✅
INCIDENTS CORRÉLÉS (anomalie de diffusion ↔ cause serveur probable) :
   00:01:44  TROU 96s « jingle avant message 04 bienvenue sur parole prophetique fm »
          ↳ cause probable 00:01:38 : 🔇 bascule sur jingle d'erreur (silence potentiel)
(Détail titre par titre, contrôles approfondis et RÉEL vs PRÉVU ci-dessous.)
Rapport de diffusion — 2026-10-06 (heures UTC)
299 titres joués | tolérance ±10s
====================================================================================================
HEURE    PLAYLIST                     FICHIER          RÉEL    ÉCART  STATUT  TITRE
----------------------------------------------------------------------------------------------------
00:01:44 BLOC_A_SERIE_DU_JOUR              0m10s      1m46s     +96s  ⚠️ TROU APRÈS  jingle avant message 04 bienvenue sur parole prophetique fm
00:03:30 BLOC_A_SERIE_DU_JOUR             27m36s     27m33s      -3s  ✅  la moisson 4 adé
00:31:03 BLOC_A_SERIE_DU_JOUR              0m13s      0m14s      +1s  ✅  jingle avant bible 07 place a la lecture de la bible
00:31:17 BLOC_A_SERIE_DU_JOUR              2m25s      2m23s      -2s  ✅  Cantique des Cantiques 1
00:33:40 BLOC_A_SERIE_DU_JOUR              2m32s      2m29s      -3s  ✅  Cantique des Cantiques 2
00:36:09 BLOC_A_SERIE_DU_JOUR              1m53s      1m51s      -2s  ✅  Cantique des Cantiques 3
00:38:00 BLOC_A_SERIE_DU_JOUR              2m50s      2m47s      -3s  ✅  Cantique des Cantiques 4
00:40:47 BLOC_A_SERIE_DU_JOUR              2m54s      2m52s      -2s  ✅  Cantique des Cantiques 5
00:43:39 BLOC_A_SERIE_DU_JOUR              2m06s      2m03s      -3s  ✅  Cantique des Cantiques 6
00:45:42 BLOC_A_SERIE_DU_JOUR              1m57s      1m54s      -3s  ✅  Cantique des Cantiques 7
00:47:36 BLOC_A_SERIE_DU_JOUR              2m29s      2m27s      -2s  ✅  Cantique des Cantiques 8
00:50:03 BLOC_A_SERIE_DU_JOUR             10m04s     10m01s      -3s  ✅  1 Rois 1
01:00:04 BLOC_A_SERIE_DU_JOUR              9m12s      9m09s      -3s  ✅  1 Rois 2
01:09:13 BLOC_A_SERIE_DU_JOUR              5m20s      5m17s      -3s  ✅  1 Rois 3
01:14:30 BLOC_A_SERIE_DU_JOUR              4m57s      4m55s      -2s  ✅  1 Rois 4
01:19:25 BLOC_A_SERIE_DU_JOUR              3m08s      3m06s      -2s  ✅  1 Rois 5
01:22:31 BLOC_A_SERIE_DU_JOUR              5m43s      5m41s      -2s  ✅  1 Rois 6
01:28:12 BLOC_A_SERIE_DU_JOUR              0m13s      0m13s      +0s  ✅  jingle avant louange 07 voici un temps de louange
01:28:25 BLOC_A_SERIE_DU_JOUR              7m09s      7m06s      -3s  ✅  There is A Mighty River Flowing - Ketu HF
01:35:31 BLOC_A_SERIE_DU_JOUR              4m08s      4m05s      -3s  ✅  I Choose the Way of the Lord - Abuja HF
01:39:36 BLOC_A_SERIE_DU_JOUR              8m18s      8m16s      -2s  ✅  Yahweh Is Mighty - SWBN TV
01:47:52 BLOC_A_SERIE_DU_JOUR              7m09s      7m07s      -2s  ✅  You're the Lamb (Abasiama Timothy)
01:54:59 BLOC_A_SERIE_DU_JOUR              7m21s      7m18s      -3s  ✅  For By My God - Toronto & Winnipeg HF
02:02:17 BLOC_A_SERIE_DU_JOUR              5m13s      5m11s      -2s  ✅  Il s'appelait Emmanuel - Marcel Boungou + Paroles
02:07:28 BLOC_A_SERIE_DU_JOUR              5m22s      5m19s      -3s  ✅  God's Got An Army - PHF
02:12:47 BLOC_A_SERIE_DU_JOUR              5m50s      5m47s      -3s  ✅  Jesus I'm Waiting for You (Mary Umoh)
02:18:34 BLOC_A_SERIE_DU_JOUR              4m03s      4m01s      -2s  ✅  I Will Not Be Silent - Calabar HF
02:22:35 BLOC_A_SERIE_DU_JOUR              5m57s      5m54s      -3s  ✅  You are God - Winnipeg Fellowship
02:28:29 BLOC_A_SERIE_DU_JOUR              0m09s      0m09s      +0s  ✅  jingle avant bible 08 prenons un moment pour ecouter la parole
02:28:38 BLOC_A_SERIE_DU_JOUR              4m15s      4m13s      -2s  ✅  Philippiens 1
02:32:51 BLOC_A_SERIE_DU_JOUR              4m28s      4m25s      -3s  ✅  Philippiens 2
02:37:16 BLOC_A_SERIE_DU_JOUR              3m26s      3m24s      -2s  ✅  Philippiens 3
02:40:40 BLOC_A_SERIE_DU_JOUR              3m39s      3m36s      -3s  ✅  Philippiens 4
02:44:16 BLOC_A_SERIE_DU_JOUR              4m44s      4m41s      -3s  ✅  Esther 2
02:48:57 BLOC_A_SERIE_DU_JOUR              3m17s      3m14s      -3s  ✅  Esther 3
02:52:11 BLOC_A_SERIE_DU_JOUR              2m55s      2m53s      -2s  ✅  Esther 4
02:55:04 BLOC_A_SERIE_DU_JOUR              2m46s      2m43s      -3s  ✅  Esther 5
02:57:47 BLOC_A_SERIE_DU_JOUR              0m10s      0m11s      +1s  ✅  jingle avant louange 06 que la louange seleve
02:57:58 BLOC_A_SERIE_DU_JOUR              5m19s      5m17s      -2s  ✅  Gabrielle LIDJI - Mélodie Céleste  by LFXA(Light FX Animation)_2
03:03:15 BLOC_A_SERIE_DU_JOUR              8m58s      8m55s      -3s  ✅  El Elyon - Toronto & Winnipeg HF
03:12:10 BLOC_A_SERIE_DU_JOUR              3m41s      3m39s      -2s  ✅  Adorons l'Éternel GAEL - JÉSUS EST SEIGNEUR -
03:15:49 BLOC_A_SERIE_DU_JOUR              6m02s      5m59s      -3s  ✅  Rejoice - PHF
03:21:48 BLOC_A_SERIE_DU_JOUR              5m21s      5m20s      -1s  ✅  By the word of the lord - Ketu HF
03:27:08 BLOC_A_SERIE_DU_JOUR              8m24s      8m21s      -3s  ✅  Bless Ye the Lord - PHF
03:35:29 BLOC_A_SERIE_DU_JOUR              5m10s      5m07s      -3s  ✅  I Will Call Upon The Lord
03:40:36 BLOC_A_SERIE_DU_JOUR              6m35s      6m33s      -2s  ✅  cantique   ta lumière
03:47:09 BLOC_A_SERIE_DU_JOUR              7m46s      7m54s      +8s  ✅  Arise Out of Zion  - Winnipeg Fellowship
03:55:03 BLOC_A_SERIE_DU_JOUR             11m21s     11m19s      -2s  ✅  Nombres 7
04:06:22 BLOC_A_SERIE_DU_JOUR              3m59s      3m57s      -2s  ✅  Nombres 8
04:10:19 BLOC_A_SERIE_DU_JOUR              3m39s      3m36s      -3s  ✅  Nombres 9
04:13:55 BLOC_A_SERIE_DU_JOUR              4m51s      4m48s      -3s  ✅  Nombres 10
04:18:43 BLOC_A_SERIE_DU_JOUR              6m10s      6m08s      -2s  ✅  Nombres 11
04:24:51 BLOC_A_SERIE_DU_JOUR              2m32s      2m29s      -3s  ✅  Nombres 12
04:27:20 BLOC_A_SERIE_DU_JOUR              4m23s      4m21s      -2s  ✅  Nombres 13
04:31:41 BLOC_A_SERIE_DU_JOUR              6m43s      6m41s      -2s  ✅  Nombres 14
04:38:22 BLOC_A_SERIE_DU_JOUR              0m11s      0m11s      +0s  ✅  jingle avant louange 05 elevons nos coeurs vers dieu
04:38:33 BLOC_A_SERIE_DU_JOUR             10m13s     10m10s      -3s  ✅  As We Worship - Toronto & Winnipeg HF
04:48:43 BLOC_A_SERIE_DU_JOUR              8m10s      8m08s      -2s  ✅  Agunechemba - SWBN TV
04:56:51 BLOC_A_SERIE_DU_JOUR              8m12s      8m09s      -3s  ✅  Jesus is Alpha - PHF
05:05:00 BLOC_A_SERIE_DU_JOUR              3m04s      3m01s      -3s  ✅  The Lord is my Light and Salvation - Nonso Njoku
05:08:01 BLOC_A_SERIE_DU_JOUR              8m37s      8m35s      -2s  ✅  He Has Given Me & Emmanuel You Joy Over Us (Medley) (Abasiama Timothy & Imah Adegoke)
05:16:36 BLOC_A_SERIE_DU_JOUR              5m18s      5m16s      -2s  ✅  Now is Come Salvation - Toronto HF
05:21:52 BLOC_A_SERIE_DU_JOUR              9m04s      9m01s      -3s  ✅  You're the Lamb - Calabar HF
05:30:53 BLOC_A_SERIE_DU_JOUR              4m13s      4m10s      -3s  ✅  4 minutes
05:35:03 BLOC_A_SERIE_DU_JOUR              0m09s      0m10s      +1s  ✅  jingle id station 01 la bonne nouvelle partout
05:35:13 BLOC_A_SERIE_DU_JOUR              6m19s      6m16s      -3s  ✅  2 Samuel 18
05:41:29 BLOC_A_SERIE_DU_JOUR              8m00s      7m57s      -3s  ✅  2 Samuel 19
05:49:26 BLOC_A_SERIE_DU_JOUR              4m59s      4m57s      -2s  ✅  2 Samuel 20
05:54:23 BLOC_A_SERIE_DU_JOUR              0m09s      0m10s      +1s  ✅  JINGLE
05:54:33 BLOC_A_SERIE_DU_JOUR              8m21s      8m18s      -3s  ✅  In the Day of Your Power  - Winnipeg Fellowship
06:02:51 BLOC_B_SERIE_DU_JOUR              0m10s      0m10s      +0s  ✅  jingle avant message 04 bienvenue sur parole prophetique fm
06:03:01 BLOC_B_SERIE_DU_JOUR             27m36s     27m35s      -1s  ✅  la moisson 4 adé
06:30:36 BLOC_B_SERIE_DU_JOUR              0m09s      0m09s      +0s  ✅  jingle avant bible 08 prenons un moment pour ecouter la parole
06:30:45 BLOC_B_SERIE_DU_JOUR              5m52s      5m50s      -2s  ✅  Matthieu 25
06:36:35 BLOC_B_SERIE_DU_JOUR             10m10s     10m07s      -3s  ✅  Matthieu 26
06:46:42 BLOC_B_SERIE_DU_JOUR              8m43s      8m41s      -2s  ✅  Matthieu 27
06:55:23 BLOC_B_SERIE_DU_JOUR              2m44s      2m41s      -3s  ✅  Matthieu 28
06:58:04 BLOC_B_SERIE_DU_JOUR              3m08s      3m05s      -3s  ✅  Esdras 5
07:01:09 BLOC_B_SERIE_DU_JOUR              4m12s      4m10s      -2s  ✅  Esdras 6
07:05:19 BLOC_B_SERIE_DU_JOUR              4m34s      4m31s      -3s  ✅  Esdras 7
07:09:50 BLOC_B_SERIE_DU_JOUR              5m42s      5m40s      -2s  ✅  Esdras 8
07:15:30 BLOC_B_SERIE_DU_JOUR              3m34s      3m32s      -2s  ✅  Esdras 9
07:19:02 BLOC_B_SERIE_DU_JOUR              6m21s      6m19s      -2s  ✅  Esdras 10
07:25:21 BLOC_B_SERIE_DU_JOUR              2m07s      2m04s      -3s  ✅  2 Jean 1
07:27:25 BLOC_B_SERIE_DU_JOUR              0m10s      0m11s      +1s  ✅  jingle avant louange 06 que la louange seleve
07:27:36 BLOC_B_SERIE_DU_JOUR              6m28s      6m25s      -3s  ✅  Le Bien-Etre Universel
07:34:01 BLOC_B_SERIE_DU_JOUR              5m48s      5m46s      -2s  ✅  Forever You Reign - Abuja HF
07:39:47 BLOC_B_SERIE_DU_JOUR              4m53s      4m50s      -3s  ✅  Cantique Jahweh, Tu es élevé au dessus de tout (1)
07:44:37 BLOC_B_SERIE_DU_JOUR              4m52s      4m50s      -2s  ✅  God is Moving Us On - Ketu HF
07:49:27 BLOC_B_SERIE_DU_JOUR              7m04s      7m01s      -3s  ✅  We Bless You Wonderful God  - Winnipeg Fellowship
07:56:28 BLOC_B_SERIE_DU_JOUR              6m02s      5m59s      -3s  ✅  Crown Him Lord of Lords - Nonso Njoku
08:02:27 BLOC_B_SERIE_DU_JOUR              9m14s      9m12s      -2s  ✅  A jamais, tu seras l Agneau de Dieu
08:11:39 BLOC_B_SERIE_DU_JOUR              9m23s      9m21s      -2s  ✅  10 minutes
08:21:00 BLOC_B_SERIE_DU_JOUR              6m12s      6m10s      -2s  ✅  The King is Here (Abasiama Timothy)
08:27:10 BLOC_B_SERIE_DU_JOUR              0m13s      0m13s      +0s  ✅  jingle avant bible 07 place a la lecture de la bible
08:27:23 BLOC_B_SERIE_DU_JOUR              3m00s      2m58s      -2s  ✅  Jonas 1
08:30:21 BLOC_B_SERIE_DU_JOUR              1m22s      1m19s      -3s  ✅  Jonas 2
08:31:40 BLOC_B_SERIE_DU_JOUR              1m36s      1m33s      -3s  ✅  Jonas 3
08:33:13 BLOC_B_SERIE_DU_JOUR              1m57s      1m56s      -1s  ✅  Jonas 4
08:35:09 BLOC_B_SERIE_DU_JOUR              2m59s      2m56s      -3s  ✅  Job 20
08:38:05 BLOC_B_SERIE_DU_JOUR              3m12s      3m10s      -2s  ✅  Job 21
08:41:15 BLOC_B_SERIE_DU_JOUR              2m37s      2m35s      -2s  ✅  Job 22
08:43:50 BLOC_B_SERIE_DU_JOUR              1m43s      1m40s      -3s  ✅  Job 23
08:45:30 BLOC_B_SERIE_DU_JOUR              2m52s      2m50s      -2s  ✅  Job 24
08:48:20 BLOC_B_SERIE_DU_JOUR              0m36s      0m33s      -3s  ✅  Job 25
08:48:53 BLOC_B_SERIE_DU_JOUR              1m13s      1m11s      -2s  ✅  Job 26
08:50:04 BLOC_B_SERIE_DU_JOUR              2m12s      2m09s      -3s  ✅  Job 27
08:52:13 BLOC_B_SERIE_DU_JOUR              2m47s      2m44s      -3s  ✅  Job 28
08:54:57 BLOC_B_SERIE_DU_JOUR              0m11s      0m12s      +1s  ✅  jingle avant louange 05 elevons nos coeurs vers dieu
08:55:09 BLOC_B_SERIE_DU_JOUR             10m25s     10m23s      -2s  ✅  Holy Are You - PHF
09:05:32 BLOC_B_SERIE_DU_JOUR             10m24s     10m21s      -3s  ✅  Shine in Darkness O Lord  - Winnipeg Fellowship
09:15:53 BLOC_B_SERIE_DU_JOUR              6m07s      6m05s      -2s  ✅  There Is Forgiveness In Thee - SWBN TV
09:21:58 BLOC_B_SERIE_DU_JOUR              6m04s      6m02s      -2s  ✅  Sing Unto the Lord a new Song  - Winnipeg Fellowship
09:28:00 BLOC_B_SERIE_DU_JOUR              4m52s      4m50s      -2s  ✅  cantique   prends tout le contrôle
09:32:50 BLOC_B_SERIE_DU_JOUR              7m29s      7m26s      -3s  ✅  Hallelujah - PHF
09:40:16 BLOC_B_SERIE_DU_JOUR              7m20s      7m18s      -2s  ✅  The Glory -  PHF
09:47:34 BLOC_B_SERIE_DU_JOUR              6m30s      6m38s      +8s  ✅  Praise the Lord of Host - Toronto HF
09:54:12 BLOC_B_SERIE_DU_JOUR              1m40s      1m37s      -3s  ✅  1 Jean 1
09:55:49 BLOC_B_SERIE_DU_JOUR              4m39s      4m37s      -2s  ✅  1 Jean 2
10:00:26 BLOC_B_SERIE_DU_JOUR              3m34s      3m31s      -3s  ✅  1 Jean 3
10:03:57 BLOC_B_SERIE_DU_JOUR              3m16s      3m14s      -2s  ✅  1 Jean 4
10:07:11 BLOC_B_SERIE_DU_JOUR              3m11s      3m09s      -2s  ✅  1 Jean 5
10:10:20 BLOC_B_SERIE_DU_JOUR              2m40s      2m37s      -3s  ✅  Amos 1
10:12:57 BLOC_B_SERIE_DU_JOUR              2m30s      2m28s      -2s  ✅  Amos 2
10:15:25 BLOC_B_SERIE_DU_JOUR              2m19s      2m17s      -2s  ✅  Amos 3
10:17:42 BLOC_B_SERIE_DU_JOUR              2m44s      2m41s      -3s  ✅  Amos 4
10:20:23 BLOC_B_SERIE_DU_JOUR              4m01s      3m59s      -2s  ✅  Amos 5
10:24:22 BLOC_B_SERIE_DU_JOUR              2m22s      2m19s      -3s  ✅  Amos 6
10:26:41 BLOC_B_SERIE_DU_JOUR              3m05s      3m02s      -3s  ✅  Amos 7
10:29:43 BLOC_B_SERIE_DU_JOUR              2m30s      2m28s      -2s  ✅  Amos 8
10:32:11 BLOC_B_SERIE_DU_JOUR              2m56s      2m54s      -2s  ✅  Amos 9
10:35:05 BLOC_B_SERIE_DU_JOUR              2m59s      2m57s      -2s  ✅  2 Timothée 1
10:38:02 BLOC_B_SERIE_DU_JOUR              0m13s      0m13s      +0s  ✅  jingle avant louange 07 voici un temps de louange
10:38:15 BLOC_B_SERIE_DU_JOUR              8m21s      8m18s      -3s  ✅  My Heart Rejoices - Toronto HF
10:46:33 BLOC_B_SERIE_DU_JOUR              8m22s      8m20s      -2s  ✅  Yeshua Hamashiach - Calabar HF
10:54:53 BLOC_B_SERIE_DU_JOUR              4m11s      4m08s      -3s  ✅  jai donné ma vie à jésus (1)
10:59:01 BLOC_B_SERIE_DU_JOUR              4m48s      4m46s      -2s  ✅  Yeshua I'm Waiting for You  - Ketu HF
11:03:47 BLOC_B_SERIE_DU_JOUR             11m54s     11m51s      -3s  ✅  Great & Marvelluos - Toronto HF
11:15:38 BLOC_B_SERIE_DU_JOUR              7m18s      7m16s      -2s  ✅  Holy is the Lord (Emmanuel Umoh)
11:22:54 BLOC_B_SERIE_DU_JOUR              9m39s      9m36s      -3s  ✅  Psalm 93 - Port Harcourt HF
11:32:30 BLOC_B_SERIE_DU_JOUR              5m02s      5m00s      -2s  ✅  A Song Of Love
11:37:30 BLOC_B_SERIE_DU_JOUR              0m09s      0m10s      +1s  ✅  JINGLE
11:37:40 BLOC_B_SERIE_DU_JOUR              4m27s      4m24s      -3s  ✅  Jude 1
11:42:04 BLOC_B_SERIE_DU_JOUR              5m22s      5m20s      -2s  ✅  Actes 20
11:47:24 BLOC_B_SERIE_DU_JOUR              6m34s      6m32s      -2s  ✅  Actes 21
11:53:56 BLOC_B_SERIE_DU_JOUR              4m32s      4m29s      -3s  ✅  Actes 22
11:58:25 BLOC_B_SERIE_DU_JOUR              0m09s      0m10s      +1s  ✅  jingle id station 02 radio evangile du royaume
11:58:35 BLOC_B_SERIE_DU_JOUR              9m23s      9m21s      -2s  ✅  Thou art Worthy Lord - PHF
12:07:56 BLOC_C_SERIE_DU_JOUR              0m10s      0m10s      +0s  ✅  jingle avant message 01 voici le message du jour
12:08:06 BLOC_C_SERIE_DU_JOUR             27m36s     27m34s      -2s  ✅  la moisson 4 adé
12:35:40 BLOC_C_SERIE_DU_JOUR              0m09s      0m10s      +1s  ✅  jingle avant bible 08 prenons un moment pour ecouter la parole
12:35:50 BLOC_C_SERIE_DU_JOUR              3m12s      3m09s      -3s  ✅  Proverbes 1
12:38:59 BLOC_C_SERIE_DU_JOUR              1m57s      1m54s      -3s  ✅  Proverbes 2
12:40:53 BLOC_C_SERIE_DU_JOUR              3m04s      3m01s      -3s  ✅  Proverbes 3
12:43:54 BLOC_C_SERIE_DU_JOUR              2m27s      2m25s      -2s  ✅  Proverbes 4
12:46:19 BLOC_C_SERIE_DU_JOUR              2m06s      2m04s      -2s  ✅  Proverbes 5
12:48:23 BLOC_C_SERIE_DU_JOUR              3m14s      3m11s      -3s  ✅  Proverbes 6
12:51:34 BLOC_C_SERIE_DU_JOUR              2m24s      2m22s      -2s  ✅  Proverbes 7
12:53:56 BLOC_C_SERIE_DU_JOUR              3m11s      3m09s      -2s  ✅  Proverbes 8
12:57:05 BLOC_C_SERIE_DU_JOUR              1m36s      1m33s      -3s  ✅  Proverbes 9
12:58:38 BLOC_C_SERIE_DU_JOUR              3m14s      3m12s      -2s  ✅  Proverbes 10
13:01:50 BLOC_C_SERIE_DU_JOUR              3m12s      3m09s      -3s  ✅  Proverbes 11
13:04:59 BLOC_C_SERIE_DU_JOUR              2m57s      2m55s      -2s  ✅  Proverbes 12
13:07:54 BLOC_C_SERIE_DU_JOUR              2m40s      2m38s      -2s  ✅  Proverbes 13
13:10:32 BLOC_C_SERIE_DU_JOUR              3m35s      3m33s      -2s  ✅  Proverbes 14
13:14:05 BLOC_C_SERIE_DU_JOUR              3m26s      3m23s      -3s  ✅  Proverbes 15
13:17:28 BLOC_C_SERIE_DU_JOUR              3m18s      3m15s      -3s  ✅  Proverbes 16
13:20:43 BLOC_C_SERIE_DU_JOUR              2m57s      2m55s      -2s  ✅  Proverbes 17
13:23:38 BLOC_C_SERIE_DU_JOUR              2m16s      2m14s      -2s  ✅  Proverbes 18
13:25:52 BLOC_C_SERIE_DU_JOUR              3m01s      2m58s      -3s  ✅  Proverbes 19
13:28:50 BLOC_C_SERIE_DU_JOUR              2m55s      2m53s      -2s  ✅  Proverbes 20
13:31:43 BLOC_C_SERIE_DU_JOUR              0m13s      0m13s      +0s  ✅  jingle avant louange 07 voici un temps de louange
13:31:56 BLOC_C_SERIE_DU_JOUR              7m25s      7m22s      -3s  ✅  Victorious Is the Lamb - Winnipeg Fellowship
13:39:18 BLOC_C_SERIE_DU_JOUR              6m12s      6m10s      -2s  ✅  Praise the Lord All Ye Nations - Toronto HF
13:45:28 BLOC_C_SERIE_DU_JOUR              4m14s      4m11s      -3s  ✅  Mon modèle, c est Jésus
13:49:39 BLOC_C_SERIE_DU_JOUR              6m41s      6m38s      -3s  ✅  6 minutes
13:56:17 BLOC_C_SERIE_DU_JOUR              4m18s      4m16s      -2s  ✅  You Are Worthy - Ketu HF
14:00:33 BLOC_C_SERIE_DU_JOUR             10m38s     10m36s      -2s  ✅  Be Exalted - PHF
14:11:09 BLOC_C_SERIE_DU_JOUR              3m24s      3m21s      -3s  ✅  Cantique sa miséricorde
14:14:30 BLOC_C_SERIE_DU_JOUR              8m31s      8m29s      -2s  ✅  Holy Holy - Abuja HF
14:22:59 BLOC_C_SERIE_DU_JOUR              3m12s      3m10s      -2s  ✅  esprit de dieu
14:26:09 BLOC_C_SERIE_DU_JOUR              7m37s      7m47s     +10s  ✅  Cantiques  Il a pris mes iniquités
14:33:56 BLOC_C_SERIE_DU_JOUR              3m58s      3m56s      -2s  ✅  Ézéchiel 41
14:37:52 BLOC_C_SERIE_DU_JOUR              3m09s      3m06s      -3s  ✅  Ézéchiel 42
14:40:58 BLOC_C_SERIE_DU_JOUR              4m37s      4m35s      -2s  ✅  Ézéchiel 43
14:45:33 BLOC_C_SERIE_DU_JOUR              5m32s      5m29s      -3s  ✅  Ézéchiel 44
14:51:02 BLOC_C_SERIE_DU_JOUR              4m20s      4m17s      -3s  ✅  Ézéchiel 45
14:55:19 BLOC_C_SERIE_DU_JOUR              4m20s      4m18s      -2s  ✅  Ézéchiel 46
14:59:37 BLOC_C_SERIE_DU_JOUR              4m08s      4m05s      -3s  ✅  Ézéchiel 47
15:03:42 BLOC_C_SERIE_DU_JOUR              0m10s      0m11s      +1s  ✅  jingle avant louange 06 que la louange seleve
15:03:53 BLOC_C_SERIE_DU_JOUR              6m54s      6m51s      -3s  ✅  There is no Lie (Imah Adegoke & Mary Umoh)
15:10:44 BLOC_C_SERIE_DU_JOUR              4m40s      4m37s      -3s  ✅  All in All - CHF
15:15:21 BLOC_C_SERIE_DU_JOUR             11m01s     10m58s      -3s  ✅  Great is, Ascribe - Ketu HF
15:26:19 BLOC_C_SERIE_DU_JOUR              6m09s      6m07s      -2s  ✅  Hymne des vainqueurs
15:32:26 BLOC_C_SERIE_DU_JOUR              5m43s      5m41s      -2s  ✅  Cantique l Éternel est mon Berger (1)
15:38:07 BLOC_C_SERIE_DU_JOUR              5m45s      5m42s      -3s  ✅  How Precious Oh Lord
15:43:49 BLOC_C_SERIE_DU_JOUR              6m10s      6m08s      -2s  ✅  That I May Know Him - Toronto HF
15:49:57 BLOC_C_SERIE_DU_JOUR              6m56s      6m53s      -3s  ✅  As We Worship In Ypur Presence
15:56:50 BLOC_C_SERIE_DU_JOUR              6m57s      6m54s      -3s  ✅  qui est digne d ouvrir le livre
16:03:44 BLOC_C_SERIE_DU_JOUR              0m10s      0m11s      +1s  ✅  jingle avant bible 06 ouvrons les saintes ecritures
16:03:55 BLOC_C_SERIE_DU_JOUR              5m12s      5m10s      -2s  ✅  Romains 15
16:09:05 BLOC_C_SERIE_DU_JOUR              3m44s      3m42s      -2s  ✅  Romains 16
16:12:47 BLOC_C_SERIE_DU_JOUR              5m46s      5m43s      -3s  ✅  Juges 1
16:18:30 BLOC_C_SERIE_DU_JOUR              4m00s      3m58s      -2s  ✅  Juges 2
16:22:28 BLOC_C_SERIE_DU_JOUR              5m18s      5m16s      -2s  ✅  Juges 3
16:27:44 BLOC_C_SERIE_DU_JOUR              4m32s      4m29s      -3s  ✅  Juges 4
16:32:13 BLOC_C_SERIE_DU_JOUR              5m14s      5m12s      -2s  ✅  Juges 5
16:37:25 BLOC_C_SERIE_DU_JOUR              7m41s      7m38s      -3s  ✅  Juges 6
16:45:03 BLOC_C_SERIE_DU_JOUR              5m33s      5m31s      -2s  ✅  Juges 7
16:50:34 BLOC_C_SERIE_DU_JOUR              0m11s      0m11s      +0s  ✅  jingle avant louange 05 elevons nos coeurs vers dieu
16:50:45 BLOC_C_SERIE_DU_JOUR              2m16s      2m14s      -2s  ✅  cantique  nous sommes le sel de la terre
16:52:59 BLOC_C_SERIE_DU_JOUR              5m07s      5m04s      -3s  ✅  We Shall Come - Asaba Fellowship
16:58:03 BLOC_C_SERIE_DU_JOUR              4m44s      4m42s      -2s  ✅  Je veux vivre ton royaume
17:02:45 BLOC_C_SERIE_DU_JOUR              5m52s      5m50s      -2s  ✅  Not Naked (Abasiama Timothy)
17:08:35 BLOC_C_SERIE_DU_JOUR              4m21s      4m18s      -3s  ✅  Sing Hallelujah - Abuja HF
17:12:53 BLOC_C_SERIE_DU_JOUR              7m09s      7m07s      -2s  ✅  My God Is Good - Winnipeg Fellowship
17:20:00 BLOC_C_SERIE_DU_JOUR              6m19s      6m16s      -3s  ✅  Unto Him - CHF
17:26:16 BLOC_C_SERIE_DU_JOUR              7m57s      7m55s      -2s  ✅  Yahweh is Mighty (Imah Adegoke)
17:34:11 BLOC_C_SERIE_DU_JOUR              9m24s      9m22s      -2s  ✅  I See Your Face - Toronto HF
17:43:33 BLOC_C_SERIE_DU_JOUR              5m45s      5m42s      -3s  ✅  Ella Samuels - Oh Lord Our Maker
17:49:15 BLOC_C_SERIE_DU_JOUR              0m12s      0m12s      +0s  ✅  jingle id station 03 notre mission annonce levangile
17:49:27 BLOC_C_SERIE_DU_JOUR              2m10s      2m07s      -3s  ✅  1 Timothée 2
17:51:34 BLOC_C_SERIE_DU_JOUR              2m24s      2m22s      -2s  ✅  1 Timothée 3
17:53:56 BLOC_C_SERIE_DU_JOUR              2m29s      2m27s      -2s  ✅  1 Timothée 4
17:56:23 BLOC_C_SERIE_DU_JOUR              3m45s      3m42s      -3s  ✅  1 Timothée 5
18:00:05 015_REMPLISSAGE                   0m13s      0m13s      +0s  ✅  jingle avant bible 07 place a la lecture de la bible
18:00:18 BLOC_D_SERIE_DU_JOUR              0m11s      0m12s      +1s  ✅  jingle avant message 05 vous etes a lecoute de levangile du royaume
18:00:30 BLOC_D_SERIE_DU_JOUR             27m36s     27m34s      -2s  ✅  la moisson 4 adé
18:28:04 BLOC_D_SERIE_DU_JOUR              0m09s      0m09s      +0s  ✅  jingle avant bible 08 prenons un moment pour ecouter la parole
18:28:13 BLOC_D_SERIE_DU_JOUR              3m05s      3m03s      -2s  ✅  Hébreux 6
18:31:16 BLOC_D_SERIE_DU_JOUR              4m52s      4m49s      -3s  ✅  Hébreux 7
18:36:05 BLOC_D_SERIE_DU_JOUR              2m45s      2m42s      -3s  ✅  Hébreux 8
18:38:47 BLOC_D_SERIE_DU_JOUR              5m14s      5m12s      -2s  ✅  Hébreux 9
18:43:59 BLOC_D_SERIE_DU_JOUR              5m29s      5m26s      -3s  ✅  Hébreux 10
18:49:25 BLOC_D_SERIE_DU_JOUR              6m47s      6m44s      -3s  ✅  Hébreux 11
18:56:09 BLOC_D_SERIE_DU_JOUR              5m04s      5m02s      -2s  ✅  Hébreux 12
19:01:11 BLOC_D_SERIE_DU_JOUR              3m36s      3m34s      -2s  ✅  Hébreux 13
19:04:45 BLOC_D_SERIE_DU_JOUR              4m37s      4m34s      -3s  ✅  Lévitique 15
19:09:19 BLOC_D_SERIE_DU_JOUR              5m55s      5m53s      -2s  ✅  Lévitique 16
19:15:12 BLOC_D_SERIE_DU_JOUR              2m44s      2m42s      -2s  ✅  Lévitique 17
19:17:54 BLOC_D_SERIE_DU_JOUR              3m54s      3m50s      -4s  ✅  Lévitique 18
19:21:44 BLOC_D_SERIE_DU_JOUR              0m11s      0m12s      +1s  ✅  jingle avant louange 05 elevons nos coeurs vers dieu
19:21:56 BLOC_D_SERIE_DU_JOUR              8m10s      8m07s      -3s  ✅  Great and Marvellous - Ketu HF
19:30:03 BLOC_D_SERIE_DU_JOUR              5m47s      5m45s      -2s  ✅  We Ascribe Greatness - Abuja HF
19:35:48 BLOC_D_SERIE_DU_JOUR              7m51s      7m48s      -3s  ✅  There is no name  - Winnipeg Fellowship
19:43:36 BLOC_D_SERIE_DU_JOUR              5m15s      5m13s      -2s  ✅  Yahweh Be Praised - Abuja HF
19:48:49 BLOC_D_SERIE_DU_JOUR              6m57s      6m55s      -2s  ✅  The Lord on High is Mightier - Toronto HF
19:55:44 BLOC_D_SERIE_DU_JOUR              6m34s      6m31s      -3s  ✅  cantique  béni soit le dieu d israël
20:02:15 BLOC_D_SERIE_DU_JOUR              6m06s      6m04s      -2s  ✅  cantique  ta bonte
20:08:19 BLOC_D_SERIE_DU_JOUR              6m13s      6m10s      -3s  ✅  Immortal God - Elohim Adonai - Abuja HF
20:14:29 BLOC_D_SERIE_DU_JOUR              0m13s      0m14s      +1s  ✅  jingle avant bible 07 place a la lecture de la bible
20:14:43 BLOC_D_SERIE_DU_JOUR              5m21s      5m19s      -2s  ✅  1 Chroniques 27
20:20:02 BLOC_D_SERIE_DU_JOUR              4m41s      4m38s      -3s  ✅  1 Chroniques 28
20:24:40 BLOC_D_SERIE_DU_JOUR              5m47s      5m45s      -2s  ✅  1 Chroniques 29
20:30:25 BLOC_D_SERIE_DU_JOUR              5m12s      5m09s      -3s  ✅  Exode 15
20:35:34 BLOC_D_SERIE_DU_JOUR              7m23s      7m21s      -2s  ✅  Exode 16
20:42:55 BLOC_D_SERIE_DU_JOUR              0m10s      0m11s      +1s  ✅  jingle avant louange 06 que la louange seleve
20:43:06 BLOC_D_SERIE_DU_JOUR              8m41s      8m38s      -3s  ✅  Unto Him (Vincent Opara)
20:51:44 BLOC_D_SERIE_DU_JOUR              3m10s      3m07s      -3s  ✅  la Parole
20:54:51 BLOC_D_SERIE_DU_JOUR              9m31s      9m28s      -3s  ✅  15 at 01.33.50 (1)(1)
21:04:19 BLOC_D_SERIE_DU_JOUR              8m25s      8m23s      -2s  ✅  The Mountains, Come and, Oh City - Ketu HF
21:12:42 BLOC_D_SERIE_DU_JOUR              2m20s      2m17s      -3s  ✅  cantique  heureux l homme qui ne marche pas selon
21:14:59 BLOC_D_SERIE_DU_JOUR              5m21s      5m18s      -3s  ✅  We Shall Not Fear - Nonso Njoku
21:20:17 BLOC_D_SERIE_DU_JOUR              7m19s      7m16s      -3s  ✅  You Have sworn By Your Holiness - Chidera Bisong
21:27:33 BLOC_D_SERIE_DU_JOUR              6m06s      6m04s      -2s  ✅  Good God - Asaba Fellowship
21:33:37 BLOC_D_SERIE_DU_JOUR              0m10s      0m10s      +0s  ✅  jingle avant bible 06 ouvrons les saintes ecritures
21:33:47 BLOC_D_SERIE_DU_JOUR              4m07s      4m05s      -2s  ✅  Jérémie 16
21:37:52 BLOC_D_SERIE_DU_JOUR              4m58s      4m55s      -3s  ✅  Jérémie 17
21:42:47 BLOC_D_SERIE_DU_JOUR              3m54s      3m52s      -2s  ✅  Jérémie 18
21:46:39 BLOC_D_SERIE_DU_JOUR              3m01s      2m58s      -3s  ✅  Jérémie 19
21:49:37 BLOC_D_SERIE_DU_JOUR              3m26s      3m23s      -3s  ✅  Jérémie 20
21:53:00 BLOC_D_SERIE_DU_JOUR              2m54s      2m52s      -2s  ✅  Jérémie 21
21:55:52 BLOC_D_SERIE_DU_JOUR              5m04s      5m02s      -2s  ✅  Jérémie 22
22:00:54 BLOC_D_SERIE_DU_JOUR              6m49s      6m46s      -3s  ✅  Jérémie 23
22:07:40 BLOC_D_SERIE_DU_JOUR              1m56s      1m53s      -3s  ✅  Jérémie 24
22:09:33 BLOC_D_SERIE_DU_JOUR              5m57s      5m55s      -2s  ✅  Jérémie 25
22:15:28 BLOC_D_SERIE_DU_JOUR              0m13s      0m13s      +0s  ✅  jingle avant louange 07 voici un temps de louange
22:15:41 BLOC_D_SERIE_DU_JOUR              3m22s      3m20s      -2s  ✅  Ses cheveux étaient blancs..
22:19:01 BLOC_D_SERIE_DU_JOUR              4m04s      4m01s      -3s  ✅  Ascribe Greatness - PHF
22:23:02 BLOC_D_SERIE_DU_JOUR              7m36s      7m34s      -2s  ✅  There Is No Lie - SWBN TV
22:30:36 BLOC_D_SERIE_DU_JOUR              5m04s      5m02s      -2s  ✅  I Enter The Holy of Holies - Port Harcourt HF
22:35:38 BLOC_D_SERIE_DU_JOUR              6m15s      6m13s      -2s  ✅  Oh Lord I Want to Know Your Glory - Port Harcourt HF
22:41:51 BLOC_D_SERIE_DU_JOUR              9m38s      9m35s      -3s  ✅  Holy are You oh Lord (Olaedo Uzoma & Vincent Opara)
22:51:26 BLOC_D_SERIE_DU_JOUR             11m53s     11m50s      -3s  ✅  Hashem - PHF
23:03:16 BLOC_D_SERIE_DU_JOUR              5m10s      5m08s      -2s  ✅  Igwe
23:08:24 BLOC_D_SERIE_DU_JOUR              0m09s      0m09s      +0s  ✅  JINGLE
23:08:33 BLOC_D_SERIE_DU_JOUR              5m27s      5m25s      -2s  ✅  Ésaïe 66
23:13:58 BLOC_D_SERIE_DU_JOUR              2m38s      2m35s      -3s  ✅  Zacharie 12
23:16:33 BLOC_D_SERIE_DU_JOUR              1m43s      1m41s      -2s  ✅  Zacharie 13
23:18:14 BLOC_D_SERIE_DU_JOUR              4m06s      4m03s      -3s  ✅  Zacharie 14
23:22:17 BLOC_D_SERIE_DU_JOUR              2m43s      2m41s      -2s  ✅  Aggée 1
23:24:58 BLOC_D_SERIE_DU_JOUR              3m58s      3m55s      -3s  ✅  Aggée 2
23:28:53 BLOC_D_SERIE_DU_JOUR              0m09s      0m10s      +1s  ✅  JINGLE
23:29:03 BLOC_D_SERIE_DU_JOUR              4m11s      4m09s      -2s  ✅  Cantique   Oh Éternel Dieu, Tu es le Dieu Incomparable
23:33:12 BLOC_E_LOUANGE_NUIT               4m11s      4m07s      -4s  ✅  jai donné ma vie à jésus (1)
23:37:19 BLOC_E_LOUANGE_NUIT               8m30s      8m28s      -2s  ✅  We Worship Adonai - PHF
23:45:47 BLOC_E_LOUANGE_NUIT               4m44s      4m42s      -2s  ✅  Je veux vivre ton royaume
23:50:29 BLOC_E_LOUANGE_NUIT               8m12s      8m10s      -2s  ✅  Jesus is Alpha - PHF
23:58:39 BLOC_E_LOUANGE_NUIT               5m13s      3m12s    -121s  ❌ COUPÉ  Il s'appelait Emmanuel - Marcel Boungou + Paroles
----------------------------------------------------------------------------------------------------
Bilan : 299 titres, 2 anomalie(s) (titre coupé de plus de 10s ou trou d'antenne). Gravité : 0 mineure(s) <1min · 2 sérieuse(s) 1-10min · 0 critique(s) >10min.

====================================================================================================
CONTRÔLES APPROFONDIS
====================================================================================================
MESSAGE DU JOUR « La moisson 4 » : 4 diffusion(s) pour 4 prévue(s) ✅
   00:03:30  (étiquette BLOC_A_SERIE_DU_JOUR)
   06:03:01  (étiquette BLOC_B_SERIE_DU_JOUR)
   12:08:06  (étiquette BLOC_C_SERIE_DU_JOUR)
   18:00:30  (étiquette BLOC_D_SERIE_DU_JOUR)
JINGLES : 33 joués / 36 prévus (92%) ⚠️   ·   BLOC_A 8/9 · BLOC_B 8/9 · BLOC_C 7/9 · BLOC_D 10/9
HORS FENÊTRE : aucun débordement de bloc détecté ✅
BOUCHE-TROUS : aucun ✅
COUVERTURE : premier titre à 00:01:44 ✅ · dernier titre finit vers 00:03:52 (estimé) ✅

====================================================================================================
RÉEL vs PRÉVU — ce qui a joué vs ce que le plan prévoyait
====================================================================================================
----------------------------------------------------------------------------------------------------
BLOC_A  (00:00-06:00)  prévus  74 · atteignables  71 · joués  70 · conformité  99% · sautés  1 · en trop  0
   ⏭️  PRÉVU NON JOUÉ : jingle avant bible 06 ouvrons les saintes ecritures
   ⏸️  FIN DE BLOC NON ATTEINTE (3 titres · ~23m32s) — marge anti-rebouclage au-delà de la fenêtre, normal : In Jesus - PHF · Hosanna - Toronto HF · Baruch Ha'ba B'Shem Adonai/Blessed Is He Who Comes in the Name of the Lord - Port Harcourt HF
----------------------------------------------------------------------------------------------------
BLOC_B  (06:00-12:00)  prévus  82 · atteignables  79 · joués  78 · conformité  99% · sautés  1 · en trop  0
   ⏭️  PRÉVU NON JOUÉ : jingle avant bible 06 ouvrons les saintes ecritures
   ⏸️  FIN DE BLOC NON ATTEINTE (3 titres · ~14m26s) — marge anti-rebouclage au-delà de la fenêtre, normal : Song Of Victory - Emmanuel Igunbor · I Know The Blood - PHF · Satisfy My Soul - Calabar HF
----------------------------------------------------------------------------------------------------
BLOC_C  (12:00-18:00)  prévus  86 · atteignables  78 · joués  77 · conformité  99% · sautés  1 · en trop  0
   ⏭️  PRÉVU NON JOUÉ : jingle avant bible 07 place a la lecture de la bible
   ⏸️  FIN DE BLOC NON ATTEINTE (8 titres · ~42m14s) — marge anti-rebouclage au-delà de la fenêtre, normal : 1 Timothée 6 · Apocalypse 2 · JINGLE · cantique  tes promesses  pub direct dec 2021 import (2) · Where Two or Three are Gathered - Calabar HF · There's A Mighty River Flowing - SWBN TV  …(+2)
----------------------------------------------------------------------------------------------------
BLOC_D  (18:00-23:30)  prévus  72 · atteignables  68 · joués  69 · conformité 100% · sautés  0 · en trop  1
   ➕  JOUÉ NON PRÉVU : jingle avant bible 07 place a la lecture de la bible
   ⏸️  FIN DE BLOC NON ATTEINTE (4 titres · ~23m34s) — marge anti-rebouclage au-delà de la fenêtre, normal : même humilié · Guide Me - El ELyon - Abuja HF · Awaken My Heart · Thy Throne Oh Lord - Ketu HF
----------------------------------------------------------------------------------------------------
CONFORMITÉ GLOBALE : 293/296 titres atteignables joués dans l'ordre = 99%  (1 titre(s) hors plan · 18 non atteint(s) en fin de bloc, marge normale)
