Rapport de diffusion — 2026-06-08 (heures UTC)
115 titres joués | tolérance ±10s
====================================================================================================
HEURE    PLAYLIST                     FICHIER          RÉEL    ÉCART  STATUT  TITRE
----------------------------------------------------------------------------------------------------
00:04:11 BLOC_A_SERIE_DU_JOUR              4m52s      4m50s      -2s  ✅  cantique   prends tout le contrôle
00:09:01 BLOC_A_SERIE_DU_JOUR              6m35s      9m39s    +184s  ⚠️ TROU APRÈS  cantique   ta lumière
00:18:40 BLOC_A_SERIE_DU_JOUR           2h36m21s   2h36m51s     +30s  ⚠️ TROU APRÈS  bosson 1 la marche avec dieu
02:55:31 BLOC_A_SERIE_DU_JOUR              4m15s     11m13s    +418s  ⚠️ TROU APRÈS  Philippiens
03:06:44 BLOC_A_SERIE_DU_JOUR              4m28s      4m25s      -3s  ✅  Philippiens 2
03:11:09 BLOC_A_SERIE_DU_JOUR              2m29s      6m12s    +223s  ⚠️ TROU APRÈS  Ecclesiaste
03:17:21 BLOC_A_SERIE_DU_JOUR              3m11s     37m27s   +2056s  ⚠️ TROU APRÈS  Job
03:54:48 BLOC_A_SERIE_DU_JOUR              8m34s     46m13s   +2259s  ⚠️ TROU APRÈS  Luc
04:41:01 BLOC_A_SERIE_DU_JOUR              5m23s      5m20s      -3s  ✅  Jean
04:46:21 BLOC_A_SERIE_DU_JOUR              5m51s      5m49s      -2s  ✅  Jean 1
04:52:10 BLOC_A_SERIE_DU_JOUR              2m52s      2m50s      -2s  ✅  Jean 2
04:55:00 BLOC_A_SERIE_DU_JOUR              4m30s      4m27s      -3s  ✅  Jean 3
04:59:27 BLOC_A_SERIE_DU_JOUR              6m42s      6m40s      -2s  ✅  Jean 4
05:06:07 BLOC_A_SERIE_DU_JOUR              3m22s      3m19s      -3s  ✅  Ses cheveux étaient blancs..
05:09:26 BLOC_A_SERIE_DU_JOUR              3m41s      7m18s    +217s  ⚠️ TROU APRÈS  Adorons l'Éternel GAEL - JÉSUS EST SEIGNEUR -
05:16:44 BLOC_A_SERIE_DU_JOUR              3m12s      6m20s    +188s  ⚠️ TROU APRÈS  esprit de dieu
05:23:04 BLOC_A_SERIE_DU_JOUR              6m06s     12m08s    +362s  ⚠️ TROU APRÈS  cantique  ta bonte
05:35:12 BLOC_A_SERIE_DU_JOUR              0m06s      0m07s      +1s  ✅  jingle avant bible 03 ecoutez la voix de dieu
05:35:19 BLOC_A_SERIE_DU_JOUR              5m19s     15m50s    +631s  ⚠️ TROU APRÈS  Gabrielle LIDJI - Mélodie Céleste  by LFXA(Light FX Animation)_2
05:51:09 BLOC_A_SERIE_DU_JOUR              5m13s     15m32s    +619s  ⚠️ TROU APRÈS  Il s'appelait Emmanuel - Marcel Boungou + Paroles
06:06:41 BLOC_B_SERIE_DU_JOUR           2h36m21s   2h36m19s      -2s  ✅  bosson 1 la marche avec dieu
08:43:00 BLOC_B_SERIE_DU_JOUR              2m24s     22m02s   +1178s  ⚠️ TROU APRÈS  Osee
09:05:02 BLOC_B_SERIE_DU_JOUR              5m41s     39m52s   +2051s  ⚠️ TROU APRÈS  1 Chronicles
09:44:54 BLOC_B_SERIE_DU_JOUR              7m16s     29m52s   +1356s  ⚠️ TROU APRÈS  Marc
10:14:46 BLOC_B_SERIE_DU_JOUR              2m37s     17m41s    +904s  ⚠️ TROU APRÈS  Michee
10:32:27 BLOC_B_SERIE_DU_JOUR              1m40s     16m09s    +869s  ⚠️ TROU APRÈS  1 John
10:48:36 BLOC_B_SERIE_DU_JOUR              2m54s     10m26s    +452s  ⚠️ TROU APRÈS  Malachie
10:59:02 BLOC_B_SERIE_DU_JOUR              4m02s      3m59s      -3s  ✅  Esther 1
11:03:01 BLOC_B_SERIE_DU_JOUR              4m27s      4m25s      -2s  ✅  Jude
11:07:26 BLOC_B_SERIE_DU_JOUR              4m04s      4m01s      -3s  ✅  2 Pierre
11:11:27 BLOC_B_SERIE_DU_JOUR              5m36s     13m30s    +474s  ⚠️ TROU APRÈS  La Bible
11:24:57 BLOC_B_SERIE_DU_JOUR              3m22s      6m40s    +198s  ⚠️ TROU APRÈS  Ses cheveux étaient blancs..
11:31:37 BLOC_B_SERIE_DU_JOUR              3m41s     10m56s    +435s  ⚠️ TROU APRÈS  Adorons l'Éternel GAEL - JÉSUS EST SEIGNEUR -
11:42:33 BLOC_B_SERIE_DU_JOUR              3m12s      6m20s    +188s  ⚠️ TROU APRÈS  esprit de dieu
11:48:53 BLOC_B_SERIE_DU_JOUR              6m06s      6m07s      +1s  ✅  cantique  ta bonte
11:55:00 BLOC_A_SERIE_DU_JOUR           2h36m21s      0m17s   -9364s  ❌ COUPÉ  bosson 1 la marche avec dieu
11:55:17 BLOC_B_SERIE_DU_JOUR              5m19s     10m34s    +315s  ⚠️ TROU APRÈS  Gabrielle LIDJI - Mélodie Céleste  by LFXA(Light FX Animation)_2
12:05:51 BLOC_C_SERIE_DU_JOUR           2h36m21s   2h36m19s      -2s  ✅  bosson 1 la marche avec dieu
14:42:10 BLOC_C_SERIE_DU_JOUR              3m00s      2m58s      -2s  ✅  Jonas 1
14:45:08 BLOC_C_SERIE_DU_JOUR              1m22s      1m18s      -4s  ✅  Jonas 2
14:46:26 BLOC_C_SERIE_DU_JOUR             10m04s     59m20s   +2956s  ⚠️ TROU APRÈS  1 Roi
15:45:46 BLOC_C_SERIE_DU_JOUR              3m41s      3m42s      +1s  ✅  Adorons l'Éternel GAEL - JÉSUS EST SEIGNEUR -
15:49:28 BLOC_B_SERIE_DU_JOUR           2h36m21s      0m55s   -9326s  ❌ COUPÉ  bosson 1 la marche avec dieu
15:50:23 BLOC_C_SERIE_DU_JOUR              5m06s      5m03s      -3s  ✅  Lévitique 22
15:55:26 BLOC_C_SERIE_DU_JOUR              6m58s      6m55s      -3s  ✅  Lévitique 23
16:02:21 BLOC_C_SERIE_DU_JOUR              3m11s      3m08s      -3s  ✅  Lévitique 24
16:05:29 BLOC_C_SERIE_DU_JOUR              8m13s      8m11s      -2s  ✅  Lévitique 25
16:13:40 BLOC_C_SERIE_DU_JOUR              6m53s      6m51s      -2s  ✅  Lévitique 26
16:20:31 BLOC_C_SERIE_DU_JOUR              3m22s      3m19s      -3s  ✅  Ses cheveux étaient blancs..
16:23:50 BLOC_C_SERIE_DU_JOUR              1m57s      1m54s      -3s  ✅  Cantique des Cantiques 7
16:25:44 BLOC_C_SERIE_DU_JOUR              1m51s     35m26s   +2015s  ⚠️ TROU APRÈS  Zacharie
17:01:10 BLOC_C_SERIE_DU_JOUR              3m11s      3m08s      -3s  ✅  Bible_fr_06_joshua_003
17:04:18 BLOC_C_SERIE_DU_JOUR              3m45s      3m42s      -3s  ✅  Bible_fr_06_joshua_004
17:08:00 BLOC_C_SERIE_DU_JOUR              2m57s      2m54s      -3s  ✅  Bible_fr_06_joshua_005
17:10:54 BLOC_C_SERIE_DU_JOUR              3m22s      3m20s      -2s  ✅  Ses cheveux étaient blancs..
17:14:14 BLOC_C_SERIE_DU_JOUR              3m41s      3m39s      -2s  ✅  Adorons l'Éternel GAEL - JÉSUS EST SEIGNEUR -
17:17:53 BLOC_C_SERIE_DU_JOUR              3m12s      3m10s      -2s  ✅  esprit de dieu
17:21:03 BLOC_C_SERIE_DU_JOUR              2m37s     17m41s    +904s  ⚠️ TROU APRÈS  Michee
17:38:44 BLOC_C_SERIE_DU_JOUR              8m24s      8m21s      -3s  ✅  Jean 6
17:47:05 BLOC_C_SERIE_DU_JOUR              3m41s      3m39s      -2s  ✅  Adorons l'Éternel GAEL - JÉSUS EST SEIGNEUR -
17:50:44 BLOC_C_SERIE_DU_JOUR              3m12s      3m10s      -2s  ✅  esprit de dieu
17:53:54 BLOC_C_SERIE_DU_JOUR              5m19s      5m17s      -2s  ✅  Gabrielle LIDJI - Mélodie Céleste  by LFXA(Light FX Animation)_2
17:59:11 BLOC_C_SERIE_DU_JOUR              5m13s      5m16s      +3s  ✅  Il s'appelait Emmanuel - Marcel Boungou + Paroles
18:04:27 BLOC_D_SERIE_DU_JOUR              0m08s      0m06s      -2s  ✅  jingle avant message 02 enseignement parole de dieu
18:04:33 BLOC_D_SERIE_DU_JOUR           2h36m21s   2h37m03s     +42s  ⚠️ TROU APRÈS  bosson 1 la marche avec dieu
20:41:36 BLOC_D_SERIE_DU_JOUR              0m06s      0m03s      -3s  ✅  jingle avant bible 01 la foi vient de ce quon entend
20:41:39 BLOC_D_SERIE_DU_JOUR           2h36m21s      0m31s   -9350s  ❌ COUPÉ  bosson 1 la marche avec dieu
20:42:10 BLOC_D_SERIE_DU_JOUR              1m49s      9m59s    +490s  ⚠️ TROU APRÈS  1 Thessaloniciens
20:52:09 BLOC_D_SERIE_DU_JOUR              3m29s      3m27s      -2s  ✅  1 Thessaloniciens 2
20:55:36 BLOC_D_SERIE_DU_JOUR              4m44s      4m42s      -2s  ✅  Esther 2
21:00:18 BLOC_D_SERIE_DU_JOUR              3m17s      3m13s      -4s  ✅  Esther 3
21:03:31 BLOC_D_SERIE_DU_JOUR              2m55s      2m52s      -3s  ✅  Esther 4
21:06:23 BLOC_D_SERIE_DU_JOUR              2m46s      2m45s      -1s  ✅  Esther 5
21:09:08 BLOC_D_SERIE_DU_JOUR              2m44s      2m40s      -4s  ✅  Esther 6
21:11:48 BLOC_D_SERIE_DU_JOUR              2m17s      2m14s      -3s  ✅  Esther 7
21:14:02 BLOC_D_SERIE_DU_JOUR              3m44s      3m42s      -2s  ✅  Esther 8
21:17:44 BLOC_D_SERIE_DU_JOUR              5m31s      5m28s      -3s  ✅  Esther 9
21:23:12 BLOC_D_SERIE_DU_JOUR              0m33s      0m31s      -2s  ✅  Esther 10
21:23:43 BLOC_D_SERIE_DU_JOUR           2h36m21s      0m28s   -9353s  ❌ COUPÉ  bosson 1 la marche avec dieu
21:24:11 BLOC_D_SERIE_DU_JOUR              7m41s      7m39s      -2s  ✅  Bible_fr_07_judges_006
21:31:50 BLOC_D_SERIE_DU_JOUR              5m33s      5m30s      -3s  ✅  Bible_fr_07_judges_007
21:37:20 BLOC_D_SERIE_DU_JOUR              5m42s      5m43s      +1s  ✅  Bible_fr_07_judges_008
21:43:03 BLOC_D_SERIE_DU_JOUR           2h36m21s      0m06s   -9375s  ❌ COUPÉ  bosson 1 la marche avec dieu
21:43:09 BLOC_D_SERIE_DU_JOUR              5m13s      5m11s      -2s  ✅  Il s'appelait Emmanuel - Marcel Boungou + Paroles
21:48:20 BLOC_D_SERIE_DU_JOUR              6m57s      6m55s      -2s  ✅  qui est digne d ouvrir le livre
21:55:15 BLOC_D_SERIE_DU_JOUR              3m41s      3m38s      -3s  ✅  Adorons l'Éternel GAEL - JÉSUS EST SEIGNEUR -
21:58:53 BLOC_D_SERIE_DU_JOUR              5m28s      5m26s      -2s  ✅  même humilié
22:04:19 BLOC_D_SERIE_DU_JOUR              6m34s      6m31s      -3s  ✅  cantique  béni soit le dieu d israël
22:10:50 BLOC_D_SERIE_DU_JOUR              5m19s      5m17s      -2s  ✅  Gabrielle LIDJI - Mélodie Céleste  by LFXA(Light FX Animation)_2
22:16:07 BLOC_D_SERIE_DU_JOUR              2m16s      2m13s      -3s  ✅  cantique  nous sommes le sel de la terre
22:18:20 BLOC_D_SERIE_DU_JOUR              6m35s      6m33s      -2s  ✅  cantique   ta lumière
22:24:53 BLOC_D_SERIE_DU_JOUR              4m11s      4m08s      -3s  ✅  jai donné ma vie à jésus (1)
22:29:01 BLOC_D_SERIE_DU_JOUR              7m17s      7m15s      -2s  ✅  cantique  tes promesses  pub direct dec 2021 import (2)
22:36:16 BLOC_D_SERIE_DU_JOUR              3m12s      3m10s      -2s  ✅  esprit de dieu
22:39:26 BLOC_D_SERIE_DU_JOUR              6m06s      6m04s      -2s  ✅  cantique  ta bonte
22:45:30 BLOC_D_SERIE_DU_JOUR              0m01s      0m01s      +0s  ✅  jingle avant bible 04 restons a lecoute des ecritures
22:45:31 BLOC_D_SERIE_DU_JOUR           2h36m21s      0m39s   -9342s  ❌ COUPÉ  bosson 1 la marche avec dieu
22:46:10 BLOC_D_SERIE_DU_JOUR              2m22s      2m19s      -3s  ✅  Tite
22:48:29 BLOC_D_SERIE_DU_JOUR              4m14s      4m12s      -2s  ✅  Bible_fr_01_gen_011
22:52:41 BLOC_D_SERIE_DU_JOUR              3m12s      3m09s      -3s  ✅  Bible_fr_01_gen_012
22:55:50 BLOC_D_SERIE_DU_JOUR              2m50s      2m47s      -3s  ✅  Bible_fr_01_gen_013
22:58:37 BLOC_D_SERIE_DU_JOUR              4m09s      4m07s      -2s  ✅  Bible_fr_01_gen_014
23:02:44 BLOC_D_SERIE_DU_JOUR              3m26s      3m24s      -2s  ✅  Bible_fr_01_gen_015
23:06:08 BLOC_D_SERIE_DU_JOUR              2m47s      2m44s      -3s  ✅  Bible_fr_01_gen_016
23:08:52 BLOC_D_SERIE_DU_JOUR              4m16s      4m13s      -3s  ✅  Bible_fr_01_gen_017
23:13:05 BLOC_D_SERIE_DU_JOUR              5m42s      5m45s      +3s  ✅  Bible_fr_01_gen_018
23:18:50 BLOC_D_SERIE_DU_JOUR           2h36m21s      0m24s   -9357s  ❌ COUPÉ  bosson 1 la marche avec dieu
23:19:14 BLOC_D_SERIE_DU_JOUR              5m19s      5m16s      -3s  ✅  Gabrielle LIDJI - Mélodie Céleste  by LFXA(Light FX Animation)_2
23:24:30 BLOC_D_SERIE_DU_JOUR              5m28s      5m26s      -2s  ✅  même humilié
23:29:56 BLOC_D_SERIE_DU_JOUR              6m41s      6m38s      -3s  ✅  6 minutes
23:36:34 BLOC_D_SERIE_DU_JOUR              6m28s      6m25s      -3s  ✅  Le Bien-Etre Universel
23:42:59 BLOC_D_SERIE_DU_JOUR              6m57s      6m55s      -2s  ✅  qui est digne d ouvrir le livre
23:49:54 BLOC_D_SERIE_DU_JOUR              5m13s      5m10s      -3s  ✅  Il s'appelait Emmanuel - Marcel Boungou + Paroles
23:55:04 BLOC_D_SERIE_DU_JOUR              3m41s      3m39s      -2s  ✅  Adorons l'Éternel GAEL - JÉSUS EST SEIGNEUR -
23:58:43 BLOC_D_SERIE_DU_JOUR              4m13s          ?           ⏳ dernier titre (durée réelle inconnue)  4 minutes
----------------------------------------------------------------------------------------------------
Bilan : 115 titres, 34 anomalie(s) (titre coupé de plus de 10s ou trou d'antenne).
