Rapport de diffusion — 2026-05-29 (heures UTC)
317 titres joués | tolérance ±10s
====================================================================================================
HEURE    PLAYLIST                     FICHIER          RÉEL    ÉCART  STATUT  TITRE
----------------------------------------------------------------------------------------------------
00:18:47 001_LA_MUSIQUE                    5m28s      0m33s    -295s  ❌ COUPÉ  même humilié
00:19:20 001_LA_MUSIQUE                    5m28s      0m16s    -312s  ❌ COUPÉ  même humilié
00:19:36 001_LA_MUSIQUE                    4m52s      0m58s    -234s  ❌ COUPÉ  cantique   prends tout le contrôle
00:20:34 BLOC_A_SERIE_DU_JOUR           1h13m31s     45m43s   -1668s  ❌ COUPÉ  la résurrection des morts et la délivrance de lesclavage de la corruption part1
01:06:17 BLOC_A_SERIE_DU_JOUR              0m58s      0m47s     -11s  ❌ COUPÉ  La Bible
01:07:04 BLOC_A_SERIE_DU_JOUR              0m09s      0m09s      +0s  ✅  JINGLE
01:07:13 BLOC_A_SERIE_DU_JOUR              4m12s      4m11s      -1s  ✅  Esaie
01:11:24 BLOC_A_SERIE_DU_JOUR              3m40s      3m37s      -3s  ✅  Matthieu
01:15:01 BLOC_A_SERIE_DU_JOUR              2m33s      2m31s      -2s  ✅  1 Samuel
01:17:32 BLOC_A_SERIE_DU_JOUR              3m48s      3m45s      -3s  ✅  2 Chronicles
01:21:17 BLOC_A_SERIE_DU_JOUR              6m32s      6m30s      -2s  ✅  Actes
01:27:47 BLOC_A_SERIE_DU_JOUR              1m29s      1m27s      -2s  ✅  La Bible
01:29:14 BLOC_A_SERIE_DU_JOUR              7m36s      7m33s      -3s  ✅  Nombres 4
01:36:47 BLOC_A_SERIE_DU_JOUR              4m00s      3m57s      -3s  ✅  Ezechiel
01:40:44 BLOC_A_SERIE_DU_JOUR              3m51s      3m48s      -3s  ✅  Bible_fr_05_deuter_006
01:44:32 BLOC_A_SERIE_DU_JOUR              1m43s      1m41s      -2s  ✅  Job
01:46:13 BLOC_A_SERIE_DU_JOUR              3m34s      3m31s      -3s  ✅  Apocalypse
01:49:44 BLOC_A_SERIE_DU_JOUR              2m34s      2m32s      -2s  ✅  2 Chronicles
01:52:16 BLOC_A_SERIE_DU_JOUR              1m57s      1m55s      -2s  ✅  Job
01:54:11 BLOC_A_SERIE_DU_JOUR              6m58s      6m55s      -3s  ✅  Lévitique 23
02:01:06 BLOC_A_SERIE_DU_JOUR              2m44s      2m41s      -3s  ✅  Esther 6
02:03:47 BLOC_A_SERIE_DU_JOUR              5m03s      5m01s      -2s  ✅  Ezechiel
02:08:48 BLOC_A_SERIE_DU_JOUR              0m07s      0m04s      -3s  ✅  Parole Prophétique FM
02:08:52 BLOC_A_SERIE_DU_JOUR           1h13m31s      0m27s   -4384s  ❌ COUPÉ  la résurrection des morts et la délivrance de lesclavage de la corruption part1
02:09:19 BLOC_A_SERIE_DU_JOUR              5m13s      5m11s      -2s  ✅  Il s'appelait Emmanuel - Marcel Boungou + Paroles
02:14:30 BLOC_A_SERIE_DU_JOUR              6m41s      6m38s      -3s  ✅  6 minutes
02:21:08 BLOC_A_SERIE_DU_JOUR              5m28s      5m25s      -3s  ✅  même humilié
02:26:33 BLOC_A_SERIE_DU_JOUR              4m13s      4m11s      -2s  ✅  4 minutes
02:30:44 BLOC_A_SERIE_DU_JOUR              5m10s      5m07s      -3s  ✅  Igwe
02:35:51 BLOC_A_SERIE_DU_JOUR              2m20s      2m17s      -3s  ✅  cantique  heureux l homme qui ne marche pas selon
02:38:08 BLOC_A_SERIE_DU_JOUR              3m22s      3m20s      -2s  ✅  Ses cheveux étaient blancs..
02:41:28 BLOC_A_SERIE_DU_JOUR              7m17s      7m15s      -2s  ✅  cantique  tes promesses  pub direct dec 2021 import (2)
02:48:43 BLOC_A_SERIE_DU_JOUR              6m35s      6m33s      -2s  ✅  cantique   ta lumière
02:55:16 BLOC_A_SERIE_DU_JOUR              6m57s      6m54s      -3s  ✅  qui est digne d ouvrir le livre
03:02:10 BLOC_A_SERIE_DU_JOUR              6m06s      6m04s      -2s  ✅  cantique  ta bonte
03:08:14 BLOC_A_SERIE_DU_JOUR              2m16s      2m13s      -3s  ✅  cantique  nous sommes le sel de la terre
03:10:27 BLOC_A_SERIE_DU_JOUR              0m04s      0m03s      -1s  ✅  moi 1
03:10:30 BLOC_A_SERIE_DU_JOUR           1h13m31s      0m42s   -4369s  ❌ COUPÉ  la résurrection des morts et la délivrance de lesclavage de la corruption part1
03:11:12 BLOC_A_SERIE_DU_JOUR              4m56s      4m53s      -3s  ✅  Marc
03:16:05 BLOC_A_SERIE_DU_JOUR              3m14s      3m12s      -2s  ✅  Job
03:19:17 BLOC_A_SERIE_DU_JOUR              3m44s      3m41s      -3s  ✅  Ecclesiaste
03:22:58 BLOC_A_SERIE_DU_JOUR              2m27s      4m16s    +109s  ⚠️ TROU APRÈS  La Bible
03:27:14 BLOC_A_SERIE_DU_JOUR              3m15s      3m13s      -2s  ✅  Romains
03:30:27 BLOC_A_SERIE_DU_JOUR              1m36s      1m33s      -3s  ✅  Job
03:32:00 BLOC_A_SERIE_DU_JOUR              3m51s      3m49s      -2s  ✅  Bible_fr_06_joshua_017
03:35:49 BLOC_A_SERIE_DU_JOUR              6m09s      6m07s      -2s  ✅  Jean 19
03:41:56 BLOC_A_SERIE_DU_JOUR              0m07s      0m14s      +7s  ✅  JINGLE
03:42:10 BLOC_A_SERIE_DU_JOUR              6m28s      6m25s      -3s  ✅  Le Bien-Etre Universel
03:48:35 BLOC_A_SERIE_DU_JOUR              0m07s      0m04s      -3s  ✅  Parole Prophétique FM
03:48:39 BLOC_A_SERIE_DU_JOUR           1h13m31s      0m35s   -4376s  ❌ COUPÉ  la résurrection des morts et la délivrance de lesclavage de la corruption part1
03:49:14 BLOC_A_SERIE_DU_JOUR              4m52s      4m50s      -2s  ✅  cantique   prends tout le contrôle
03:54:04 BLOC_A_SERIE_DU_JOUR              4m11s      4m08s      -3s  ✅  jai donné ma vie à jésus (1)
03:58:12 BLOC_A_SERIE_DU_JOUR              5m19s      5m17s      -2s  ✅  Gabrielle LIDJI - Mélodie Céleste  by LFXA(Light FX Animation)_2
04:03:29 BLOC_A_SERIE_DU_JOUR              9m23s      9m21s      -2s  ✅  10 minutes
04:12:50 BLOC_A_SERIE_DU_JOUR              3m12s      3m09s      -3s  ✅  esprit de dieu
04:15:59 BLOC_A_SERIE_DU_JOUR              6m09s      6m08s      -1s  ✅  Hymne des vainqueurs
04:22:07 BLOC_A_SERIE_DU_JOUR              6m34s      6m34s      +0s  ✅  cantique  béni soit le dieu d israël
04:28:41 BLOC_A_SERIE_DU_JOUR           1h13m31s      0m29s   -4382s  ❌ COUPÉ  la résurrection des morts et la délivrance de lesclavage de la corruption part1
04:29:10 BLOC_A_SERIE_DU_JOUR              3m41s      3m39s      -2s  ✅  Adorons l'Éternel GAEL - JÉSUS EST SEIGNEUR -
04:32:49 BLOC_A_SERIE_DU_JOUR              6m06s      6m04s      -2s  ✅  cantique  ta bonte
04:38:53 BLOC_A_SERIE_DU_JOUR              6m41s      6m38s      -3s  ✅  6 minutes
04:45:31 BLOC_A_SERIE_DU_JOUR              0m07s      0m05s      -2s  ✅  JINGLE
04:45:36 BLOC_A_SERIE_DU_JOUR           1h13m31s      0m34s   -4377s  ❌ COUPÉ  la résurrection des morts et la délivrance de lesclavage de la corruption part1
04:46:10 BLOC_A_SERIE_DU_JOUR              4m05s      4m03s      -2s  ✅  2 Roi
04:50:13 BLOC_A_SERIE_DU_JOUR              2m30s      2m28s      -2s  ✅  Amos
04:52:41 BLOC_A_SERIE_DU_JOUR              3m58s      3m55s      -3s  ✅  Esaie
04:56:36 BLOC_A_SERIE_DU_JOUR              1m34s      1m32s      -2s  ✅  Ecclesiaste
04:58:08 BLOC_A_SERIE_DU_JOUR              1m13s      1m11s      -2s  ✅  Job
04:59:19 BLOC_A_SERIE_DU_JOUR              4m04s      4m01s      -3s  ✅  2 Pierre
05:03:20 BLOC_A_SERIE_DU_JOUR              7m03s      7m01s      -2s  ✅  2 Chronicles
05:10:21 BLOC_A_SERIE_DU_JOUR              6m10s      6m07s      -3s  ✅  Nombres 11
05:16:28 BLOC_A_SERIE_DU_JOUR              3m17s      3m15s      -2s  ✅  Ecclésiaste 5
05:19:43 BLOC_A_SERIE_DU_JOUR              1m59s      3m51s    +112s  ⚠️ TROU APRÈS  La Bible
05:23:34 BLOC_A_SERIE_DU_JOUR              5m08s      5m06s      -2s  ✅  1 Corinthiens
05:28:40 BLOC_A_SERIE_DU_JOUR              9m41s      9m42s      +1s  ✅  1 Samuel
05:38:22 BLOC_A_SERIE_DU_JOUR           1h13m31s      0m56s   -4355s  ❌ COUPÉ  la résurrection des morts et la délivrance de lesclavage de la corruption part1
05:39:18 BLOC_A_SERIE_DU_JOUR              5m13s      5m10s      -3s  ✅  Il s'appelait Emmanuel - Marcel Boungou + Paroles
05:44:28 BLOC_A_SERIE_DU_JOUR              3m12s      3m10s      -2s  ✅  esprit de dieu
05:47:38 BLOC_A_SERIE_DU_JOUR              7m17s      7m15s      -2s  ✅  cantique  tes promesses  pub direct dec 2021 import (2)
05:54:53 BLOC_A_SERIE_DU_JOUR              0m05s      0m03s      -2s  ✅  Parole Prophétique FM
05:54:56 BLOC_A_SERIE_DU_JOUR           1h13m31s      0m21s   -4390s  ❌ COUPÉ  la résurrection des morts et la délivrance de lesclavage de la corruption part1
05:55:17 BLOC_A_SERIE_DU_JOUR              6m06s      6m04s      -2s  ✅  cantique  ta bonte
06:01:21 BLOC_A_SERIE_DU_JOUR              6m09s      6m10s      +1s  ✅  Hymne des vainqueurs
06:07:31 BLOC_B_SERIE_DU_JOUR              0m06s      0m03s      -3s  ✅  JINGLE
06:07:34 BLOC_B_SERIE_DU_JOUR           1h13m31s   1h14m08s     +37s  ⚠️ TROU APRÈS  la résurrection des morts et la délivrance de lesclavage de la corruption part1
07:21:42 BLOC_B_SERIE_DU_JOUR           1h13m31s      0m28s   -4383s  ❌ COUPÉ  la résurrection des morts et la délivrance de lesclavage de la corruption part1
07:22:10 BLOC_B_SERIE_DU_JOUR              3m35s      4m22s     +47s  ⚠️ TROU APRÈS  La Bible
07:26:32 BLOC_B_SERIE_DU_JOUR              5m55s      5m52s      -3s  ✅  Esaie
07:32:24 BLOC_B_SERIE_DU_JOUR              4m21s      4m19s      -2s  ✅  Bible_fr_01_gen_004
07:36:43 BLOC_B_SERIE_DU_JOUR              4m14s      4m12s      -2s  ✅  Bible_fr_01_gen_011
07:40:55 BLOC_B_SERIE_DU_JOUR              6m21s      6m18s      -3s  ✅  Luc
07:47:13 BLOC_B_SERIE_DU_JOUR              1m30s      1m28s      -2s  ✅  La Bible
07:48:41 BLOC_B_SERIE_DU_JOUR              2m17s      2m14s      -3s  ✅  Hebreux
07:50:55 BLOC_B_SERIE_DU_JOUR              2m31s      2m29s      -2s  ✅  Esaie
07:53:24 BLOC_B_SERIE_DU_JOUR              5m42s      5m39s      -3s  ✅  Jeremie
07:59:03 BLOC_B_SERIE_DU_JOUR              5m00s      4m58s      -2s  ✅  La Bible
08:04:01 BLOC_B_SERIE_DU_JOUR              5m09s      5m08s      -1s  ✅  Marc
08:09:09 BLOC_B_SERIE_DU_JOUR              5m42s      5m38s      -4s  ✅  Bible_fr_07_judges_008
08:14:47 BLOC_B_SERIE_DU_JOUR              2m47s      2m45s      -2s  ✅  2 Thessaloniciens
08:17:32 BLOC_B_SERIE_DU_JOUR              4m54s      4m54s      +0s  ✅  Esaie
08:22:26 BLOC_B_SERIE_DU_JOUR           1h13m31s      0m44s   -4367s  ❌ COUPÉ  la résurrection des morts et la délivrance de lesclavage de la corruption part1
08:23:10 BLOC_B_SERIE_DU_JOUR              5m13s      5m11s      -2s  ✅  Il s'appelait Emmanuel - Marcel Boungou + Paroles
08:28:21 BLOC_B_SERIE_DU_JOUR              2m20s      2m17s      -3s  ✅  cantique  heureux l homme qui ne marche pas selon
08:30:38 BLOC_B_SERIE_DU_JOUR              2m16s      2m13s      -3s  ✅  cantique  nous sommes le sel de la terre
08:32:51 BLOC_B_SERIE_DU_JOUR              0m05s      0m03s      -2s  ✅  Parole Prophétique FM
08:32:54 BLOC_B_SERIE_DU_JOUR           1h13m31s      0m17s   -4394s  ❌ COUPÉ  la résurrection des morts et la délivrance de lesclavage de la corruption part1
08:33:11 BLOC_B_SERIE_DU_JOUR              5m19s      5m16s      -3s  ✅  Gabrielle LIDJI - Mélodie Céleste  by LFXA(Light FX Animation)_2
08:38:27 BLOC_B_SERIE_DU_JOUR              4m52s      4m50s      -2s  ✅  cantique   prends tout le contrôle
08:43:17 BLOC_B_SERIE_DU_JOUR              6m34s      6m32s      -2s  ✅  cantique  béni soit le dieu d israël
08:49:49 BLOC_B_SERIE_DU_JOUR              6m57s      6m54s      -3s  ✅  qui est digne d ouvrir le livre
08:56:43 BLOC_B_SERIE_DU_JOUR              4m11s      4m09s      -2s  ✅  jai donné ma vie à jésus (1)
09:00:52 BLOC_B_SERIE_DU_JOUR              6m41s      6m37s      -4s  ✅  6 minutes
09:07:29 BLOC_B_SERIE_DU_JOUR              9m23s      9m21s      -2s  ✅  10 minutes
09:16:50 BLOC_B_SERIE_DU_JOUR              5m28s      5m26s      -2s  ✅  même humilié
09:22:16 BLOC_B_SERIE_DU_JOUR              7m17s      7m21s      +4s  ✅  cantique  tes promesses  pub direct dec 2021 import (2)
09:29:37 BLOC_B_SERIE_DU_JOUR           1h13m31s      0m43s   -4368s  ❌ COUPÉ  la résurrection des morts et la délivrance de lesclavage de la corruption part1
09:30:20 BLOC_B_SERIE_DU_JOUR              0m54s      0m51s      -3s  ✅  La Bible
09:31:11 BLOC_B_SERIE_DU_JOUR              4m09s      4m06s      -3s  ✅  1 Corinthiens
09:35:17 BLOC_B_SERIE_DU_JOUR              4m04s      5m07s     +63s  ⚠️ TROU APRÈS  La Bible
09:40:24 BLOC_B_SERIE_DU_JOUR              6m33s      6m30s      -3s  ✅  Bible_fr_01_gen_019
09:46:54 BLOC_B_SERIE_DU_JOUR              0m41s      0m38s      -3s  ✅  La Bible
09:47:32 BLOC_B_SERIE_DU_JOUR              2m40s      2m38s      -2s  ✅  Habacuc
09:50:10 BLOC_B_SERIE_DU_JOUR              6m21s      6m18s      -3s  ✅  Actes
09:56:28 BLOC_B_SERIE_DU_JOUR              5m57s      5m55s      -2s  ✅  La Bible
10:02:23 BLOC_B_SERIE_DU_JOUR              0m07s      0m04s      -3s  ✅  LA BONNE NOUVELLE PARTOUT
10:02:27 BLOC_B_SERIE_DU_JOUR           1h13m31s      0m47s   -4364s  ❌ COUPÉ  la résurrection des morts et la délivrance de lesclavage de la corruption part1
10:03:14 BLOC_B_SERIE_DU_JOUR           1h13m31s      0m56s   -4355s  ❌ COUPÉ  la résurrection des morts et la délivrance de lesclavage de la corruption part1
10:04:10 BLOC_B_SERIE_DU_JOUR              5m13s      5m10s      -3s  ✅  Il s'appelait Emmanuel - Marcel Boungou + Paroles
10:09:20 BLOC_B_SERIE_DU_JOUR              6m35s      6m33s      -2s  ✅  cantique   ta lumière
10:15:53 BLOC_B_SERIE_DU_JOUR              6m28s      6m25s      -3s  ✅  Le Bien-Etre Universel
10:22:18 BLOC_B_SERIE_DU_JOUR              6m57s      6m55s      -2s  ✅  qui est digne d ouvrir le livre
10:29:13 BLOC_B_SERIE_DU_JOUR              4m52s      4m50s      -2s  ✅  cantique   prends tout le contrôle
10:34:03 BLOC_B_SERIE_DU_JOUR              5m10s      5m08s      -2s  ✅  Igwe
10:39:11 BLOC_B_SERIE_DU_JOUR              3m12s      3m09s      -3s  ✅  esprit de dieu
10:42:20 BLOC_B_SERIE_DU_JOUR              6m06s      6m04s      -2s  ✅  cantique  ta bonte
10:48:24 BLOC_B_SERIE_DU_JOUR              5m28s      5m26s      -2s  ✅  même humilié
10:53:50 BLOC_B_SERIE_DU_JOUR              6m34s      6m32s      -2s  ✅  cantique  béni soit le dieu d israël
11:00:22 BLOC_B_SERIE_DU_JOUR              3m22s      3m23s      +1s  ✅  Ses cheveux étaient blancs..
11:03:45 BLOC_B_SERIE_DU_JOUR           1h13m31s      0m24s   -4387s  ❌ COUPÉ  la résurrection des morts et la délivrance de lesclavage de la corruption part1
11:04:09 BLOC_B_SERIE_DU_JOUR              2m48s      2m46s      -2s  ✅  Hebreux
11:06:55 BLOC_B_SERIE_DU_JOUR              3m49s      3m47s      -2s  ✅  La Bible
11:10:42 BLOC_B_SERIE_DU_JOUR              3m25s      3m21s      -4s  ✅  Lévitique 21
11:14:03 BLOC_B_SERIE_DU_JOUR              4m58s      4m56s      -2s  ✅  Jeremie
11:18:59 BLOC_B_SERIE_DU_JOUR              0m37s      0m35s      -2s  ✅  La Bible
11:19:34 BLOC_B_SERIE_DU_JOUR              3m46s      3m43s      -3s  ✅  Jeremie
11:23:17 BLOC_B_SERIE_DU_JOUR              7m51s      7m49s      -2s  ✅  2 Roi
11:31:06 BLOC_B_SERIE_DU_JOUR              3m21s      3m18s      -3s  ✅  2 Chronicles
11:34:24 BLOC_B_SERIE_DU_JOUR              0m59s      0m57s      -2s  ✅  La Bible
11:35:21 BLOC_B_SERIE_DU_JOUR              4m41s      4m38s      -3s  ✅  Bible_fr_01_gen_045
11:39:59 BLOC_B_SERIE_DU_JOUR              4m05s      4m03s      -2s  ✅  1 Chronicles
11:44:02 BLOC_B_SERIE_DU_JOUR              4m51s      4m51s      +0s  ✅  1 Samuel
11:48:53 BLOC_B_SERIE_DU_JOUR           1h13m31s      0m21s   -4390s  ❌ COUPÉ  la résurrection des morts et la délivrance de lesclavage de la corruption part1
11:49:14 BLOC_B_SERIE_DU_JOUR              4m11s      4m11s      +0s  ✅  jai donné ma vie à jésus (1)
11:53:25 BLOC_B_SERIE_DU_JOUR           1h13m31s      0m46s   -4365s  ❌ COUPÉ  la résurrection des morts et la délivrance de lesclavage de la corruption part1
11:54:11 BLOC_B_SERIE_DU_JOUR              2m20s      2m17s      -3s  ✅  cantique  heureux l homme qui ne marche pas selon
11:56:28 BLOC_B_SERIE_DU_JOUR              6m57s      6m55s      -2s  ✅  qui est digne d ouvrir le livre
12:03:23 BLOC_B_SERIE_DU_JOUR              5m10s      5m07s      -3s  ✅  Igwe
12:08:30 BLOC_C_SERIE_DU_JOUR              0m03s      0m04s      +1s  ✅  JINGLE
12:08:34 BLOC_C_SERIE_DU_JOUR           1h13m31s   1h14m13s     +42s  ⚠️ TROU APRÈS  la résurrection des morts et la délivrance de lesclavage de la corruption part1
13:22:47 BLOC_C_SERIE_DU_JOUR              0m09s      0m07s      -2s  ✅  JINGLE
13:22:54 BLOC_C_SERIE_DU_JOUR           1h13m31s      0m16s   -4395s  ❌ COUPÉ  la résurrection des morts et la délivrance de lesclavage de la corruption part1
13:23:10 BLOC_C_SERIE_DU_JOUR              2m46s      2m43s      -3s  ✅  Sophonie
13:25:53 BLOC_C_SERIE_DU_JOUR              3m06s      3m03s      -3s  ✅  Romains
13:28:56 BLOC_C_SERIE_DU_JOUR              1m40s      1m38s      -2s  ✅  La Bible
13:30:34 BLOC_C_SERIE_DU_JOUR              4m28s      4m25s      -3s  ✅  1 Chronicles
13:34:59 BLOC_C_SERIE_DU_JOUR              7m35s      7m33s      -2s  ✅  La Bible
13:42:32 BLOC_C_SERIE_DU_JOUR              5m29s      5m26s      -3s  ✅  Hebreux
13:47:58 BLOC_C_SERIE_DU_JOUR              0m56s      0m54s      -2s  ✅  La Bible
13:48:52 BLOC_C_SERIE_DU_JOUR              4m14s      4m11s      -3s  ✅  Nombres 6
13:53:03 BLOC_C_SERIE_DU_JOUR              5m34s      5m31s      -3s  ✅  Daniel
13:58:34 BLOC_C_SERIE_DU_JOUR              2m24s      2m22s      -2s  ✅  Esaie
14:00:56 BLOC_C_SERIE_DU_JOUR              3m17s      3m15s      -2s  ✅  Galates
14:04:11 BLOC_C_SERIE_DU_JOUR              7m41s      7m38s      -3s  ✅  Bible_fr_07_judges_006
14:11:49 BLOC_C_SERIE_DU_JOUR              3m46s      3m44s      -2s  ✅  Romains
14:15:33 BLOC_C_SERIE_DU_JOUR              3m16s      3m13s      -3s  ✅  2 Chronicles
14:18:46 BLOC_C_SERIE_DU_JOUR              2m26s      2m23s      -3s  ✅  Job
14:21:09 BLOC_C_SERIE_DU_JOUR              2m23s      2m21s      -2s  ✅  La Bible
14:23:30 BLOC_C_SERIE_DU_JOUR              0m07s      0m04s      -3s  ✅  la parole qui brille dans un lieu obscure 2
14:23:34 BLOC_C_SERIE_DU_JOUR           1h13m31s      0m38s   -4373s  ❌ COUPÉ  la résurrection des morts et la délivrance de lesclavage de la corruption part1
14:24:12 BLOC_C_SERIE_DU_JOUR              5m28s      5m26s      -2s  ✅  même humilié
14:29:38 BLOC_C_SERIE_DU_JOUR              6m57s      6m54s      -3s  ✅  qui est digne d ouvrir le livre
14:36:32 BLOC_C_SERIE_DU_JOUR              3m22s      3m20s      -2s  ✅  Ses cheveux étaient blancs..
14:39:52 BLOC_C_SERIE_DU_JOUR              3m12s      3m10s      -2s  ✅  esprit de dieu
14:43:02 BLOC_C_SERIE_DU_JOUR              6m35s      6m32s      -3s  ✅  cantique   ta lumière
14:49:34 BLOC_C_SERIE_DU_JOUR              9m23s      9m21s      -2s  ✅  10 minutes
14:58:55 BLOC_C_SERIE_DU_JOUR              4m52s      4m50s      -2s  ✅  cantique   prends tout le contrôle
15:03:45 BLOC_C_SERIE_DU_JOUR              6m41s      6m39s      -2s  ✅  6 minutes
15:10:24 BLOC_C_SERIE_DU_JOUR              6m06s      6m03s      -3s  ✅  cantique  ta bonte
15:16:27 BLOC_C_SERIE_DU_JOUR              0m07s      0m05s      -2s  ✅  Parole Prophétique FM
15:16:32 BLOC_C_SERIE_DU_JOUR           1h13m31s      0m39s   -4372s  ❌ COUPÉ  la résurrection des morts et la délivrance de lesclavage de la corruption part1
15:17:11 BLOC_C_SERIE_DU_JOUR              3m41s      3m38s      -3s  ✅  Adorons l'Éternel GAEL - JÉSUS EST SEIGNEUR -
15:20:49 BLOC_C_SERIE_DU_JOUR              7m17s      7m15s      -2s  ✅  cantique  tes promesses  pub direct dec 2021 import (2)
15:28:04 BLOC_C_SERIE_DU_JOUR              0m07s      0m08s      +1s  ✅  JINGLE
15:28:12 BLOC_C_SERIE_DU_JOUR              7m24s      7m21s      -3s  ✅  Ezechiel
15:35:33 BLOC_C_SERIE_DU_JOUR              4m41s      4m41s      +0s  ✅  1 Corinthiens 12
15:40:14 BLOC_C_SERIE_DU_JOUR              2m54s      9m16s    +382s  ⚠️ TROU APRÈS  Jeremie
15:49:30 BLOC_C_SERIE_DU_JOUR              3m36s      3m33s      -3s  ✅  Joel
15:53:03 BLOC_C_SERIE_DU_JOUR              4m35s      4m33s      -2s  ✅  Ezechiel
15:57:36 BLOC_C_SERIE_DU_JOUR              5m30s      5m32s      +2s  ✅  Lévitique 7
16:03:08 BLOC_C_SERIE_DU_JOUR           1h13m31s      0m05s   -4406s  ❌ COUPÉ  la résurrection des morts et la délivrance de lesclavage de la corruption part1
16:03:13 BLOC_C_SERIE_DU_JOUR              6m34s      6m31s      -3s  ✅  cantique  béni soit le dieu d israël
16:09:44 BLOC_C_SERIE_DU_JOUR              4m11s      4m08s      -3s  ✅  jai donné ma vie à jésus (1)
16:13:52 BLOC_C_SERIE_DU_JOUR              5m10s      5m10s      +0s  ✅  Igwe
16:19:02 BLOC_C_SERIE_DU_JOUR           1h13m31s      0m13s   -4398s  ❌ COUPÉ  la résurrection des morts et la délivrance de lesclavage de la corruption part1
16:19:15 BLOC_C_SERIE_DU_JOUR              6m35s      6m33s      -2s  ✅  cantique   ta lumière
16:25:48 BLOC_C_SERIE_DU_JOUR              2m16s      2m13s      -3s  ✅  cantique  nous sommes le sel de la terre
16:28:01 BLOC_C_SERIE_DU_JOUR              3m41s      3m39s      -2s  ✅  Adorons l'Éternel GAEL - JÉSUS EST SEIGNEUR -
16:31:40 BLOC_C_SERIE_DU_JOUR              6m41s      6m38s      -3s  ✅  6 minutes
16:38:18 BLOC_C_SERIE_DU_JOUR              6m06s      6m04s      -2s  ✅  cantique  ta bonte
16:44:22 BLOC_C_SERIE_DU_JOUR              4m52s      4m50s      -2s  ✅  cantique   prends tout le contrôle
16:49:12 BLOC_C_SERIE_DU_JOUR              3m12s      3m10s      -2s  ✅  esprit de dieu
16:52:22 BLOC_C_SERIE_DU_JOUR              3m22s      3m19s      -3s  ✅  Ses cheveux étaient blancs..
16:55:41 BLOC_C_SERIE_DU_JOUR              0m07s      0m05s      -2s  ✅  Parole Prophétique FM
16:55:46 BLOC_C_SERIE_DU_JOUR           1h13m31s      0m25s   -4386s  ❌ COUPÉ  la résurrection des morts et la délivrance de lesclavage de la corruption part1
16:56:11 BLOC_C_SERIE_DU_JOUR              7m17s      7m18s      +1s  ✅  cantique  tes promesses  pub direct dec 2021 import (2)
17:03:29 BLOC_C_SERIE_DU_JOUR           1h13m31s      0m41s   -4370s  ❌ COUPÉ  la résurrection des morts et la délivrance de lesclavage de la corruption part1
17:04:10 BLOC_C_SERIE_DU_JOUR              4m26s      4m24s      -2s  ✅  La Bible
17:08:34 BLOC_C_SERIE_DU_JOUR              2m43s      2m40s      -3s  ✅  Osee
17:11:14 BLOC_C_SERIE_DU_JOUR              2m37s      2m34s      -3s  ✅  2 Timothee
17:13:48 BLOC_C_SERIE_DU_JOUR              3m11s      3m09s      -2s  ✅  La Bible
17:16:57 BLOC_C_SERIE_DU_JOUR              5m25s      5m22s      -3s  ✅  Lévitique 8
17:22:19 BLOC_C_SERIE_DU_JOUR              4m08s      4m05s      -3s  ✅  Ezechiel
17:26:24 BLOC_C_SERIE_DU_JOUR              0m52s      0m49s      -3s  ✅  La Bible
17:27:13 BLOC_C_SERIE_DU_JOUR              2m27s      2m25s      -2s  ✅  Job
17:29:38 BLOC_C_SERIE_DU_JOUR              6m43s      6m41s      -2s  ✅  Nombres 14
17:36:19 BLOC_C_SERIE_DU_JOUR              2m57s      2m55s      -2s  ✅  La Bible
17:39:14 BLOC_C_SERIE_DU_JOUR              5m08s      5m05s      -3s  ✅  2 Chroniques 24
17:44:19 BLOC_C_SERIE_DU_JOUR              5m20s      5m22s      +2s  ✅  Nombres 29
17:49:41 BLOC_C_SERIE_DU_JOUR           1h13m31s      0m41s   -4370s  ❌ COUPÉ  la résurrection des morts et la délivrance de lesclavage de la corruption part1
17:50:22 BLOC_C_SERIE_DU_JOUR              4m13s      4m09s      -4s  ✅  4 minutes
17:54:31 BLOC_C_SERIE_DU_JOUR              4m52s      4m50s      -2s  ✅  cantique   prends tout le contrôle
17:59:21 BLOC_C_SERIE_DU_JOUR              5m13s      5m11s      -2s  ✅  Il s'appelait Emmanuel - Marcel Boungou + Paroles
18:04:32 BLOC_D_SERIE_DU_JOUR              1m49s      1m46s      -3s  ✅  La Bible
18:06:18 BLOC_D_SERIE_DU_JOUR              2m24s      2m21s      -3s  ✅  Osee
18:08:39 BLOC_D_SERIE_DU_JOUR              3m14s      3m12s      -2s  ✅  La Bible
18:11:51 BLOC_D_SERIE_DU_JOUR              3m36s      3m33s      -3s  ✅  Hebreux
18:15:24 BLOC_D_SERIE_DU_JOUR              4m25s      4m22s      -3s  ✅  1 Chronicles
18:19:46 BLOC_D_SERIE_DU_JOUR              3m54s      3m51s      -3s  ✅  Lévitique 18
18:23:37 BLOC_D_SERIE_DU_JOUR              2m49s      2m47s      -2s  ✅  La Bible
18:26:24 BLOC_D_SERIE_DU_JOUR              6m19s      6m17s      -2s  ✅  2 Chroniques 32
18:32:41 BLOC_D_SERIE_DU_JOUR              3m44s      3m41s      -3s  ✅  Colossiens
18:36:22 BLOC_D_SERIE_DU_JOUR              6m45s      6m43s      -2s  ✅  Marc
18:43:05 BLOC_D_SERIE_DU_JOUR              1m15s      1m13s      -2s  ✅  La Bible
18:44:18 BLOC_D_SERIE_DU_JOUR              5m24s      5m22s      -2s  ✅  Actes
18:49:40 BLOC_D_SERIE_DU_JOUR              4m22s      4m20s      -2s  ✅  Jeremie
18:54:00 BLOC_D_SERIE_DU_JOUR              2m22s      2m19s      -3s  ✅  Esaie
18:56:19 BLOC_D_SERIE_DU_JOUR              4m28s      4m27s      -1s  ✅  2 Roi
19:00:46 BLOC_D_SERIE_DU_JOUR              5m41s      5m45s      +4s  ✅  La Bible
19:06:31 BLOC_D_SERIE_DU_JOUR           1h13m31s      0m39s   -4372s  ❌ COUPÉ  la résurrection des morts et la délivrance de lesclavage de la corruption part1
19:07:10 BLOC_D_SERIE_DU_JOUR              3m12s      3m10s      -2s  ✅  esprit de dieu
19:10:20 BLOC_D_SERIE_DU_JOUR              6m35s      6m32s      -3s  ✅  cantique   ta lumière
19:16:52 BLOC_D_SERIE_DU_JOUR              6m57s      6m55s      -2s  ✅  qui est digne d ouvrir le livre
19:23:47 BLOC_D_SERIE_DU_JOUR              4m11s      4m08s      -3s  ✅  jai donné ma vie à jésus (1)
19:27:55 BLOC_D_SERIE_DU_JOUR              2m20s      2m18s      -2s  ✅  cantique  heureux l homme qui ne marche pas selon
19:30:13 BLOC_D_SERIE_DU_JOUR              6m41s      6m37s      -4s  ✅  6 minutes
19:36:50 BLOC_D_SERIE_DU_JOUR              4m13s      4m10s      -3s  ✅  4 minutes
19:41:00 BLOC_D_SERIE_DU_JOUR              9m23s      9m22s      -1s  ✅  10 minutes
19:50:22 BLOC_D_SERIE_DU_JOUR              5m28s      5m25s      -3s  ✅  même humilié
19:55:47 BLOC_D_SERIE_DU_JOUR              5m13s      5m11s      -2s  ✅  Il s'appelait Emmanuel - Marcel Boungou + Paroles
20:00:58 BLOC_D_SERIE_DU_JOUR              7m17s      7m17s      +0s  ✅  cantique  tes promesses  pub direct dec 2021 import (2)
20:08:15 BLOC_D_SERIE_DU_JOUR           1h13m31s      1m05s   -4346s  ❌ COUPÉ  la résurrection des morts et la délivrance de lesclavage de la corruption part1
20:09:20 BLOC_D_SERIE_DU_JOUR              3m12s      3m09s      -3s  ✅  Esaie
20:12:29 BLOC_D_SERIE_DU_JOUR              4m28s      4m25s      -3s  ✅  Philippiens 2
20:16:54 BLOC_D_SERIE_DU_JOUR              1m55s      1m52s      -3s  ✅  Esdras
20:18:46 BLOC_D_SERIE_DU_JOUR              2m35s      2m33s      -2s  ✅  2 Chronicles
20:21:19 BLOC_D_SERIE_DU_JOUR              4m04s      4m02s      -2s  ✅  2 Chroniques 26
20:25:21 BLOC_D_SERIE_DU_JOUR             14m57s     15m02s      +5s  ✅  La Bible
20:40:23 BLOC_D_SERIE_DU_JOUR              3m41s      3m38s      -3s  ✅  Adorons l'Éternel GAEL - JÉSUS EST SEIGNEUR -
20:44:01 BLOC_D_SERIE_DU_JOUR              2m20s      2m17s      -3s  ✅  cantique  heureux l homme qui ne marche pas selon
20:46:18 BLOC_D_SERIE_DU_JOUR              5m28s      5m26s      -2s  ✅  même humilié
20:51:44 BLOC_D_SERIE_DU_JOUR              3m22s      3m19s      -3s  ✅  Ses cheveux étaient blancs..
20:55:03 BLOC_D_SERIE_DU_JOUR              7m17s      7m15s      -2s  ✅  cantique  tes promesses  pub direct dec 2021 import (2)
21:02:18 BLOC_D_SERIE_DU_JOUR              4m11s      4m08s      -3s  ✅  jai donné ma vie à jésus (1)
21:06:26 BLOC_D_SERIE_DU_JOUR              4m52s      4m50s      -2s  ✅  cantique   prends tout le contrôle
21:11:16 BLOC_D_SERIE_DU_JOUR              0m07s      0m05s      -2s  ✅  Parole Prophétique FM
21:11:21 BLOC_D_SERIE_DU_JOUR           1h13m31s      0m50s   -4361s  ❌ COUPÉ  la résurrection des morts et la délivrance de lesclavage de la corruption part1
21:12:11 BLOC_D_SERIE_DU_JOUR              6m57s      6m55s      -2s  ✅  qui est digne d ouvrir le livre
21:19:06 BLOC_D_SERIE_DU_JOUR              5m13s      5m10s      -3s  ✅  Il s'appelait Emmanuel - Marcel Boungou + Paroles
21:24:16 BLOC_D_SERIE_DU_JOUR              9m23s      9m21s      -2s  ✅  10 minutes
21:33:37 BLOC_D_SERIE_DU_JOUR              2m16s      2m13s      -3s  ✅  cantique  nous sommes le sel de la terre
21:35:50 BLOC_D_SERIE_DU_JOUR              5m19s      5m17s      -2s  ✅  Gabrielle LIDJI - Mélodie Céleste  by LFXA(Light FX Animation)_2
21:41:07 BLOC_D_SERIE_DU_JOUR              0m07s      0m05s      -2s  ✅  JINGLE
21:41:12 BLOC_D_SERIE_DU_JOUR              8m38s      8m35s      -3s  ✅  Luc
21:49:47 BLOC_D_SERIE_DU_JOUR              2m05s      2m03s      -2s  ✅  3 John
21:51:50 BLOC_D_SERIE_DU_JOUR              8m38s      8m36s      -2s  ✅  La Bible
22:00:26 BLOC_D_SERIE_DU_JOUR              5m13s      5m09s      -4s  ✅  Esaie
22:05:35 BLOC_D_SERIE_DU_JOUR              3m04s      3m02s      -2s  ✅  1 Thessaloniciens
22:08:37 BLOC_D_SERIE_DU_JOUR              3m45s      3m43s      -2s  ✅  2 Samuel
22:12:20 BLOC_D_SERIE_DU_JOUR              6m47s      6m44s      -3s  ✅  Hebreux
22:19:04 BLOC_D_SERIE_DU_JOUR              8m43s      8m45s      +2s  ✅  Matthieu
22:27:49 BLOC_D_SERIE_DU_JOUR           1h13m31s      0m21s   -4390s  ❌ COUPÉ  la résurrection des morts et la délivrance de lesclavage de la corruption part1
22:28:10 BLOC_D_SERIE_DU_JOUR              6m34s      3m09s    -205s  ❌ COUPÉ  cantique  béni soit le dieu d israël
22:31:19 BLOC_D_SERIE_DU_JOUR           1h13m31s      0m50s   -4361s  ❌ COUPÉ  la résurrection des morts et la délivrance de lesclavage de la corruption part1
22:32:09 BLOC_D_SERIE_DU_JOUR              5m13s      5m11s      -2s  ✅  Il s'appelait Emmanuel - Marcel Boungou + Paroles
22:37:20 BLOC_D_SERIE_DU_JOUR              3m41s      3m39s      -2s  ✅  Adorons l'Éternel GAEL - JÉSUS EST SEIGNEUR -
22:40:59 BLOC_D_SERIE_DU_JOUR              5m19s      0m26s    -293s  ❌ COUPÉ  Gabrielle LIDJI - Mélodie Céleste  by LFXA(Light FX Animation)_2
22:41:25 BLOC_D_SERIE_DU_JOUR           1h13m31s      0m46s   -4365s  ❌ COUPÉ  la résurrection des morts et la délivrance de lesclavage de la corruption part1
22:42:11 BLOC_D_SERIE_DU_JOUR              4m52s      4m49s      -3s  ✅  cantique   prends tout le contrôle
22:47:00 BLOC_D_SERIE_DU_JOUR              3m12s      3m11s      -1s  ✅  esprit de dieu
22:50:11 BLOC_D_SERIE_DU_JOUR              2m20s      2m21s      +1s  ✅  cantique  heureux l homme qui ne marche pas selon
22:52:32 BLOC_D_SERIE_DU_JOUR           1h13m31s      0m38s   -4373s  ❌ COUPÉ  la résurrection des morts et la délivrance de lesclavage de la corruption part1
22:53:10 BLOC_D_SERIE_DU_JOUR              6m35s      6m32s      -3s  ✅  cantique   ta lumière
22:59:42 BLOC_D_SERIE_DU_JOUR              9m23s      9m21s      -2s  ✅  10 minutes
23:09:03 BLOC_D_SERIE_DU_JOUR              6m57s      6m58s      +1s  ✅  qui est digne d ouvrir le livre
23:16:01 BLOC_D_SERIE_DU_JOUR           1h13m31s      0m09s   -4402s  ❌ COUPÉ  la résurrection des morts et la délivrance de lesclavage de la corruption part1
23:16:10 BLOC_D_SERIE_DU_JOUR              4m54s      4m51s      -3s  ✅  Jean 9
23:21:01 BLOC_D_SERIE_DU_JOUR              2m13s      2m10s      -3s  ✅  1 Thessaloniciens
23:23:11 BLOC_D_SERIE_DU_JOUR              3m13s      3m11s      -2s  ✅  Bible_fr_01_gen_033
23:26:22 BLOC_D_SERIE_DU_JOUR              4m55s      4m52s      -3s  ✅  Ezechiel
23:31:14 BLOC_D_SERIE_DU_JOUR              2m51s      2m49s      -2s  ✅  Ecclesiaste
23:34:03 BLOC_D_SERIE_DU_JOUR              2m52s      2m52s      +0s  ✅  La Bible
23:36:55 BLOC_D_SERIE_DU_JOUR           1h13m31s      0m15s   -4396s  ❌ COUPÉ  la résurrection des morts et la délivrance de lesclavage de la corruption part1
23:37:10 BLOC_D_SERIE_DU_JOUR              3m22s      3m20s      -2s  ✅  Ses cheveux étaient blancs..
23:40:30 BLOC_D_SERIE_DU_JOUR              5m10s      5m07s      -3s  ✅  Igwe
23:45:37 BLOC_D_SERIE_DU_JOUR              3m12s      3m10s      -2s  ✅  esprit de dieu
23:48:47 BLOC_D_SERIE_DU_JOUR              6m35s      6m33s      -2s  ✅  cantique   ta lumière
23:55:20 BLOC_D_SERIE_DU_JOUR              9m23s          ?           ⏳ dernier titre (durée réelle inconnue)  10 minutes
----------------------------------------------------------------------------------------------------
Bilan : 317 titres, 47 anomalie(s) (titre coupé de plus de 10s ou trou d'antenne).
