====================================================================================================
MONITEUR RADIO — 2026-08-28 (synthèse des 3 rapports + plan, heures UTC)
====================================================================================================
État : ❌ incident(s) détecté(s)  ·  diffusion : 1 coupure(s)/trou(s), 0 double(s) message  ·  serveur : 201 incident(s)
SERVEUR (liquidsoap_events) :
   00:01:37  💥 crash Liquidsoap (redémarrage automatique)  (×2)
   00:01:41  🔇 bascule sur jingle d'erreur (silence potentiel)  (×3)
   23:32:11  🌐 échec réseau AzuraCast/Liquidsoap  (×196)
RESET MINUIT : restart confirmé vers 00:02:20 · 3 contrôle(s) · file saine ✅
INCIDENTS CORRÉLÉS (anomalie de diffusion ↔ cause serveur probable) :
   23:58:11  COUPÉ 169s « Praise the Lord All Ye Nations - Toronto HF »
          ↳ aucune cause serveur à proximité (voir CONTRÔLES APPROFONDIS et RÉEL vs PRÉVU ci-dessous)
(Détail titre par titre, contrôles approfondis et RÉEL vs PRÉVU ci-dessous.)
Rapport de diffusion — 2026-08-28 (heures UTC)
305 titres joués | tolérance ±10s
====================================================================================================
HEURE    PLAYLIST                     FICHIER          RÉEL    ÉCART  STATUT  TITRE
----------------------------------------------------------------------------------------------------
00:01:47 ?                                 2m13s      2m13s      +0s  ✅  ?
00:04:00 BLOC_A_SERIE_DU_JOUR              0m11s      0m08s      -3s  ✅  jingle avant message 05 vous etes a lecoute de levangile du royaume
00:04:08 BLOC_A_SERIE_DU_JOUR             26m25s     26m23s      -2s  ✅  pqe j2
00:30:31 BLOC_A_SERIE_DU_JOUR              0m13s      0m10s      -3s  ✅  jingle avant bible 07 place a la lecture de la bible
00:30:41 BLOC_A_SERIE_DU_JOUR              5m09s      5m07s      -2s  ✅  Lamentations 1
00:35:48 BLOC_A_SERIE_DU_JOUR              5m15s      5m12s      -3s  ✅  Lamentations 2
00:41:00 BLOC_A_SERIE_DU_JOUR              6m02s      5m59s      -3s  ✅  Lamentations 3
00:46:59 BLOC_A_SERIE_DU_JOUR              3m56s      3m54s      -2s  ✅  Lamentations 4
00:50:53 BLOC_A_SERIE_DU_JOUR              2m20s      2m17s      -3s  ✅  Lamentations 5
00:53:10 BLOC_A_SERIE_DU_JOUR              1m55s      1m52s      -3s  ✅  Esdras 1
00:55:02 BLOC_A_SERIE_DU_JOUR              6m11s      6m09s      -2s  ✅  Esdras 2
01:01:11 BLOC_A_SERIE_DU_JOUR              2m56s      2m53s      -3s  ✅  Esdras 3
01:04:04 BLOC_A_SERIE_DU_JOUR              4m24s      4m22s      -2s  ✅  Esdras 4
01:08:26 BLOC_A_SERIE_DU_JOUR              3m08s      3m05s      -3s  ✅  Esdras 5
01:11:31 BLOC_A_SERIE_DU_JOUR              4m12s      4m10s      -2s  ✅  Esdras 6
01:15:41 BLOC_A_SERIE_DU_JOUR              4m34s      4m32s      -2s  ✅  Esdras 7
01:20:13 BLOC_A_SERIE_DU_JOUR              5m42s      5m39s      -3s  ✅  Esdras 8
01:25:52 BLOC_A_SERIE_DU_JOUR              0m10s      0m08s      -2s  ✅  jingle avant louange 06 que la louange seleve
01:26:00 BLOC_A_SERIE_DU_JOUR              5m07s      5m04s      -3s  ✅  We Shall Come - Asaba Fellowship
01:31:04 BLOC_A_SERIE_DU_JOUR              5m02s      5m00s      -2s  ✅  A Song Of Love
01:36:04 BLOC_A_SERIE_DU_JOUR             10m13s     10m10s      -3s  ✅  As We Worship - Toronto & Winnipeg HF
01:46:14 BLOC_A_SERIE_DU_JOUR              8m12s      8m10s      -2s  ✅  Jesus is Alpha - PHF
01:54:24 BLOC_A_SERIE_DU_JOUR              7m17s      7m15s      -2s  ✅  cantique  tes promesses  pub direct dec 2021 import (2)
02:01:39 BLOC_A_SERIE_DU_JOUR              8m22s      8m19s      -3s  ✅  Yeshua Hamashiach - Calabar HF
02:09:58 BLOC_A_SERIE_DU_JOUR             10m38s     10m36s      -2s  ✅  Be Exalted - PHF
02:20:34 BLOC_A_SERIE_DU_JOUR              2m20s      2m17s      -3s  ✅  cantique  heureux l homme qui ne marche pas selon
02:22:51 BLOC_A_SERIE_DU_JOUR              0m10s      0m08s      -2s  ✅  jingle avant bible 06 ouvrons les saintes ecritures
02:22:59 BLOC_A_SERIE_DU_JOUR              4m51s      4m49s      -2s  ✅  Daniel 8
02:27:48 BLOC_A_SERIE_DU_JOUR              5m57s      5m54s      -3s  ✅  Daniel 9
02:33:42 BLOC_A_SERIE_DU_JOUR              3m45s      3m43s      -2s  ✅  Daniel 10
02:37:25 BLOC_A_SERIE_DU_JOUR              8m26s      8m24s      -2s  ✅  Daniel 11
02:45:49 BLOC_A_SERIE_DU_JOUR              2m26s      2m23s      -3s  ✅  Daniel 12
02:48:12 BLOC_A_SERIE_DU_JOUR              4m35s      4m33s      -2s  ✅  Colossiens 1
02:52:45 BLOC_A_SERIE_DU_JOUR              0m11s      0m09s      -2s  ✅  jingle avant louange 05 elevons nos coeurs vers dieu
02:52:54 BLOC_A_SERIE_DU_JOUR              5m50s      5m47s      -3s  ✅  Jesus I'm Waiting for You (Mary Umoh)
02:58:41 BLOC_A_SERIE_DU_JOUR              9m38s      9m36s      -2s  ✅  Holy are You oh Lord (Olaedo Uzoma & Vincent Opara)
03:08:17 BLOC_A_SERIE_DU_JOUR              6m02s      5m59s      -3s  ✅  Satisfy My Soul - Calabar HF
03:14:16 BLOC_A_SERIE_DU_JOUR              5m45s      5m43s      -2s  ✅  How Precious Oh Lord
03:19:59 BLOC_A_SERIE_DU_JOUR              3m22s      3m19s      -3s  ✅  Ses cheveux étaient blancs..
03:23:18 BLOC_A_SERIE_DU_JOUR              4m40s      4m37s      -3s  ✅  All in All - CHF
03:27:55 BLOC_A_SERIE_DU_JOUR              5m43s      5m41s      -2s  ✅  Cantique l Éternel est mon Berger (1)
03:33:36 BLOC_A_SERIE_DU_JOUR              5m19s      5m16s      -3s  ✅  Gabrielle LIDJI - Mélodie Céleste  by LFXA(Light FX Animation)_2
03:38:52 BLOC_A_SERIE_DU_JOUR              7m46s      7m44s      -2s  ✅  Arise Out of Zion  - Winnipeg Fellowship
03:46:36 BLOC_A_SERIE_DU_JOUR              6m07s      6m05s      -2s  ✅  There Is Forgiveness In Thee - SWBN TV
03:52:41 BLOC_A_SERIE_DU_JOUR              0m09s      0m06s      -3s  ✅  jingle avant bible 08 prenons un moment pour ecouter la parole
03:52:47 BLOC_A_SERIE_DU_JOUR              4m06s      4m04s      -2s  ✅  2 Samuel 1
03:56:51 BLOC_A_SERIE_DU_JOUR              5m12s      5m10s      -2s  ✅  2 Samuel 2
04:02:01 BLOC_A_SERIE_DU_JOUR              6m36s      6m33s      -3s  ✅  2 Samuel 3
04:08:34 BLOC_A_SERIE_DU_JOUR              2m27s      2m25s      -2s  ✅  2 Samuel 4
04:10:59 BLOC_A_SERIE_DU_JOUR              3m45s      3m43s      -2s  ✅  2 Samuel 5
04:14:42 BLOC_A_SERIE_DU_JOUR              3m55s      3m52s      -3s  ✅  2 Samuel 6
04:18:34 BLOC_A_SERIE_DU_JOUR              4m44s      4m41s      -3s  ✅  2 Samuel 7
04:23:15 BLOC_A_SERIE_DU_JOUR              2m52s      2m50s      -2s  ✅  2 Samuel 8
04:26:05 BLOC_A_SERIE_DU_JOUR              2m23s      2m20s      -3s  ✅  2 Samuel 9
04:28:25 BLOC_A_SERIE_DU_JOUR              3m20s      3m18s      -2s  ✅  2 Samuel 10
04:31:43 BLOC_A_SERIE_DU_JOUR              4m43s      4m40s      -3s  ✅  2 Samuel 11
04:36:23 BLOC_A_SERIE_DU_JOUR              0m13s      0m10s      -3s  ✅  jingle avant louange 07 voici un temps de louange
04:36:33 BLOC_A_SERIE_DU_JOUR              4m03s      4m01s      -2s  ✅  I Will Not Be Silent - Calabar HF
04:40:34 BLOC_A_SERIE_DU_JOUR              4m48s      4m46s      -2s  ✅  Yeshua I'm Waiting for You  - Ketu HF
04:45:20 BLOC_A_SERIE_DU_JOUR              6m15s      6m13s      -2s  ✅  Oh Lord I Want to Know Your Glory - Port Harcourt HF
04:51:33 BLOC_A_SERIE_DU_JOUR              7m09s      7m06s      -3s  ✅  You're the Lamb (Abasiama Timothy)
04:58:39 BLOC_A_SERIE_DU_JOUR              7m19s      7m17s      -2s  ✅  You Have sworn By Your Holiness - Chidera Bisong
05:05:56 BLOC_A_SERIE_DU_JOUR             10m25s     10m23s      -2s  ✅  Holy Are You - PHF
05:16:19 BLOC_A_SERIE_DU_JOUR              5m04s      5m02s      -2s  ✅  Guide Me - El ELyon - Abuja HF
05:21:21 BLOC_A_SERIE_DU_JOUR              4m13s      4m10s      -3s  ✅  4 minutes
05:25:31 BLOC_A_SERIE_DU_JOUR              5m08s      5m06s      -2s  ✅  He Has Given Me - PHF
05:30:37 BLOC_A_SERIE_DU_JOUR              9m14s      9m12s      -2s  ✅  A jamais, tu seras l Agneau de Dieu
05:39:49 BLOC_A_SERIE_DU_JOUR              0m12s      0m12s      +0s  ✅  jingle id station 03 notre mission annonce levangile
05:40:01 BLOC_A_SERIE_DU_JOUR              4m58s      4m55s      -3s  ✅  Jérémie 17
05:44:56 BLOC_A_SERIE_DU_JOUR              3m54s      3m52s      -2s  ✅  Jérémie 18
05:48:48 BLOC_A_SERIE_DU_JOUR              3m01s      2m58s      -3s  ✅  Jérémie 19
05:51:46 BLOC_A_SERIE_DU_JOUR              3m26s      3m24s      -2s  ✅  Jérémie 20
05:55:10 BLOC_A_SERIE_DU_JOUR              2m54s      2m51s      -3s  ✅  Jérémie 21
05:58:01 BLOC_A_SERIE_DU_JOUR              5m04s      5m01s      -3s  ✅  Jérémie 22
06:03:02 BLOC_B_SERIE_DU_JOUR              0m10s      0m08s      -2s  ✅  jingle avant message 04 bienvenue sur parole prophetique fm
06:03:10 BLOC_B_SERIE_DU_JOUR             26m25s     26m22s      -3s  ✅  pqe j2
06:29:32 BLOC_B_SERIE_DU_JOUR              0m10s      0m08s      -2s  ✅  jingle avant bible 06 ouvrons les saintes ecritures
06:29:40 BLOC_B_SERIE_DU_JOUR              2m21s      2m19s      -2s  ✅  Ecclésiaste 1
06:31:59 BLOC_B_SERIE_DU_JOUR              4m17s      4m14s      -3s  ✅  Ecclésiaste 2
06:36:13 BLOC_B_SERIE_DU_JOUR              2m50s      2m48s      -2s  ✅  Ecclésiaste 3
06:39:01 BLOC_B_SERIE_DU_JOUR              2m23s      2m20s      -3s  ✅  Ecclésiaste 4
06:41:21 BLOC_B_SERIE_DU_JOUR              3m17s      3m15s      -2s  ✅  Ecclésiaste 5
06:44:36 BLOC_B_SERIE_DU_JOUR              1m50s      1m47s      -3s  ✅  Ecclésiaste 6
06:46:23 BLOC_B_SERIE_DU_JOUR              3m44s      3m42s      -2s  ✅  Ecclésiaste 7
06:50:05 BLOC_B_SERIE_DU_JOUR              2m51s      2m49s      -2s  ✅  Ecclésiaste 8
06:52:54 BLOC_B_SERIE_DU_JOUR              3m14s      3m11s      -3s  ✅  Ecclésiaste 9
06:56:05 BLOC_B_SERIE_DU_JOUR              2m29s      2m27s      -2s  ✅  Ecclésiaste 10
06:58:32 BLOC_B_SERIE_DU_JOUR              1m34s      1m32s      -2s  ✅  Ecclésiaste 11
07:00:04 BLOC_B_SERIE_DU_JOUR              2m16s      2m13s      -3s  ✅  Ecclésiaste 12
07:02:17 BLOC_B_SERIE_DU_JOUR              7m07s      7m04s      -3s  ✅  Luc 6
07:09:21 BLOC_B_SERIE_DU_JOUR              7m35s      7m32s      -3s  ✅  Luc 7
07:16:53 BLOC_B_SERIE_DU_JOUR              8m38s      8m44s      +6s  ✅  Luc 8
07:25:37 BLOC_B_SERIE_DU_JOUR              4m14s      4m11s      -3s  ✅  Mon modèle, c est Jésus
07:29:48 BLOC_B_SERIE_DU_JOUR             11m53s     11m50s      -3s  ✅  Hashem - PHF
07:41:38 BLOC_B_SERIE_DU_JOUR             10m47s     10m45s      -2s  ✅  Abba, Singing a, I Will Sing - Ketu HF
07:52:23 BLOC_B_SERIE_DU_JOUR              5m15s      5m12s      -3s  ✅  Yahweh Be Praised - Abuja HF
07:57:35 BLOC_B_SERIE_DU_JOUR              5m58s      5m55s      -3s  ✅  In Jesus - PHF
08:03:30 BLOC_B_SERIE_DU_JOUR              5m52s      5m49s      -3s  ✅  Where Two or Three are Gathered - Calabar HF
08:09:19 BLOC_B_SERIE_DU_JOUR              5m33s      5m31s      -2s  ✅  He Shall Feed His Flock - I Want to walk  - Ketu HF
08:14:50 BLOC_B_SERIE_DU_JOUR              9m31s      9m28s      -3s  ✅  15 at 01.33.50 (1)(1)
08:24:18 BLOC_B_SERIE_DU_JOUR              0m13s      0m10s      -3s  ✅  jingle avant bible 07 place a la lecture de la bible
08:24:28 BLOC_B_SERIE_DU_JOUR              4m15s      4m13s      -2s  ✅  Philippiens 1
08:28:41 BLOC_B_SERIE_DU_JOUR              4m28s      4m26s      -2s  ✅  Philippiens 2
08:33:07 BLOC_B_SERIE_DU_JOUR              3m26s      3m22s      -4s  ✅  Philippiens 3
08:36:29 BLOC_B_SERIE_DU_JOUR              3m39s      3m37s      -2s  ✅  Philippiens 4
08:40:06 BLOC_B_SERIE_DU_JOUR              5m31s      5m29s      -2s  ✅  Esther 9
08:45:35 BLOC_B_SERIE_DU_JOUR              0m33s      0m31s      -2s  ✅  Esther 10
08:46:06 BLOC_B_SERIE_DU_JOUR              4m37s      4m34s      -3s  ✅  1 Corinthiens 1
08:50:40 BLOC_B_SERIE_DU_JOUR              2m43s      2m41s      -2s  ✅  1 Corinthiens 2
08:53:21 BLOC_B_SERIE_DU_JOUR              0m11s      0m08s      -3s  ✅  jingle avant louange 05 elevons nos coeurs vers dieu
08:53:29 BLOC_B_SERIE_DU_JOUR              4m52s      4m50s      -2s  ✅  God is Moving Us On - Ketu HF
08:58:19 BLOC_B_SERIE_DU_JOUR              4m08s      4m05s      -3s  ✅  I Choose the Way of the Lord - Abuja HF
09:02:24 BLOC_B_SERIE_DU_JOUR              4m04s      4m01s      -3s  ✅  Ascribe Greatness - PHF
09:06:25 BLOC_B_SERIE_DU_JOUR              8m31s      8m29s      -2s  ✅  Holy Holy - Abuja HF
09:14:54 BLOC_B_SERIE_DU_JOUR              7m51s      7m48s      -3s  ✅  There is no name  - Winnipeg Fellowship
09:22:42 BLOC_B_SERIE_DU_JOUR              8m10s      8m08s      -2s  ✅  Agunechemba - SWBN TV
09:30:50 BLOC_B_SERIE_DU_JOUR              3m41s      3m39s      -2s  ✅  Adorons l'Éternel GAEL - JÉSUS EST SEIGNEUR -
09:34:29 BLOC_B_SERIE_DU_JOUR              7m37s      7m34s      -3s  ✅  Cantiques  Il a pris mes iniquités
09:42:03 BLOC_B_SERIE_DU_JOUR              2m16s      2m13s      -3s  ✅  cantique  nous sommes le sel de la terre
09:44:16 BLOC_B_SERIE_DU_JOUR              6m13s      6m17s      +4s  ✅  Immortal God - Elohim Adonai - Abuja HF
09:50:33 BLOC_B_SERIE_DU_JOUR              2m59s      2m57s      -2s  ✅  Job 20
09:53:30 BLOC_B_SERIE_DU_JOUR              3m12s      3m10s      -2s  ✅  Job 21
09:56:40 BLOC_B_SERIE_DU_JOUR              2m37s      2m35s      -2s  ✅  Job 22
09:59:15 BLOC_B_SERIE_DU_JOUR              1m43s      1m40s      -3s  ✅  Job 23
10:00:55 BLOC_B_SERIE_DU_JOUR              2m52s      2m49s      -3s  ✅  Job 24
10:03:44 BLOC_B_SERIE_DU_JOUR              0m36s      0m34s      -2s  ✅  Job 25
10:04:18 BLOC_B_SERIE_DU_JOUR              1m13s      1m11s      -2s  ✅  Job 26
10:05:29 BLOC_B_SERIE_DU_JOUR              2m12s      2m09s      -3s  ✅  Job 27
10:07:38 BLOC_B_SERIE_DU_JOUR              2m47s      2m45s      -2s  ✅  Job 28
10:10:23 BLOC_B_SERIE_DU_JOUR              2m20s      2m17s      -3s  ✅  Job 29
10:12:40 BLOC_B_SERIE_DU_JOUR              3m11s      3m09s      -2s  ✅  Job 30
10:15:49 BLOC_B_SERIE_DU_JOUR              3m56s      3m53s      -3s  ✅  Job 31
10:19:42 BLOC_B_SERIE_DU_JOUR              2m21s      2m19s      -2s  ✅  Job 32
10:22:01 BLOC_B_SERIE_DU_JOUR              3m04s      3m01s      -3s  ✅  Job 33
10:25:02 BLOC_B_SERIE_DU_JOUR              3m32s      3m30s      -2s  ✅  Job 34
10:28:32 BLOC_B_SERIE_DU_JOUR              1m32s      1m29s      -3s  ✅  Job 35
10:30:01 BLOC_B_SERIE_DU_JOUR              2m56s      2m53s      -3s  ✅  Job 36
10:32:54 BLOC_B_SERIE_DU_JOUR              0m13s      0m10s      -3s  ✅  jingle avant louange 07 voici un temps de louange
10:33:04 BLOC_B_SERIE_DU_JOUR              5m48s      5m46s      -2s  ✅  Forever You Reign - Abuja HF
10:38:50 BLOC_B_SERIE_DU_JOUR              6m28s      6m26s      -2s  ✅  Le Bien-Etre Universel
10:45:16 BLOC_B_SERIE_DU_JOUR              5m13s      5m10s      -3s  ✅  Il s'appelait Emmanuel - Marcel Boungou + Paroles
10:50:26 BLOC_B_SERIE_DU_JOUR              4m21s      4m18s      -3s  ✅  Sing Hallelujah - Abuja HF
10:54:44 BLOC_B_SERIE_DU_JOUR              5m10s      5m08s      -2s  ✅  I Will Call Upon The Lord
10:59:52 BLOC_B_SERIE_DU_JOUR              7m36s      7m34s      -2s  ✅  There Is No Lie - SWBN TV
11:07:26 BLOC_B_SERIE_DU_JOUR              3m24s      3m21s      -3s  ✅  Cantique sa miséricorde
11:10:47 BLOC_B_SERIE_DU_JOUR              5m57s      5m54s      -3s  ✅  You are God - Winnipeg Fellowship
11:16:41 BLOC_B_SERIE_DU_JOUR              6m12s      6m09s      -3s  ✅  The King is Here (Abasiama Timothy)
11:22:50 BLOC_B_SERIE_DU_JOUR              6m57s      7m04s      +7s  ✅  The Lord on High is Mightier - Toronto HF
11:29:54 BLOC_B_SERIE_DU_JOUR              3m26s      3m24s      -2s  ✅  Éphésiens 1
11:33:18 BLOC_B_SERIE_DU_JOUR              3m16s      3m13s      -3s  ✅  Éphésiens 2
11:36:31 BLOC_B_SERIE_DU_JOUR              2m56s      2m54s      -2s  ✅  Éphésiens 3
11:39:25 BLOC_B_SERIE_DU_JOUR              4m53s      4m51s      -2s  ✅  Éphésiens 4
11:44:16 BLOC_B_SERIE_DU_JOUR              4m12s      4m19s      +7s  ✅  Éphésiens 5
11:48:35 BLOC_B_SERIE_DU_JOUR              7m25s      7m22s      -3s  ✅  Victorious Is the Lamb - Winnipeg Fellowship
11:55:57 BLOC_B_SERIE_DU_JOUR              4m33s      4m31s      -2s  ✅  God is Building - Will You Be - Ketu HF
12:00:28 BLOC_C_SERIE_DU_JOUR              0m11s      0m09s      -2s  ✅  jingle avant message 05 vous etes a lecoute de levangile du royaume
12:00:37 BLOC_C_SERIE_DU_JOUR             26m25s     26m29s      +4s  ✅  pqe j2
12:27:06 BLOC_C_SERIE_DU_JOUR              3m00s      2m57s      -3s  ✅  Jonas 1
12:30:03 BLOC_C_SERIE_DU_JOUR              1m22s      1m19s      -3s  ✅  Jonas 2
12:31:22 BLOC_C_SERIE_DU_JOUR              1m36s      1m34s      -2s  ✅  Jonas 3
12:32:56 BLOC_C_SERIE_DU_JOUR              1m57s      1m55s      -2s  ✅  Jonas 4
12:34:51 BLOC_C_SERIE_DU_JOUR              3m07s      3m05s      -2s  ✅  Joël 1
12:37:56 BLOC_C_SERIE_DU_JOUR              5m41s      5m38s      -3s  ✅  Joël 2
12:43:34 BLOC_C_SERIE_DU_JOUR              3m36s      3m34s      -2s  ✅  Joël 3
12:47:08 BLOC_C_SERIE_DU_JOUR              2m54s      2m51s      -3s  ✅  Malachie 1
12:49:59 BLOC_C_SERIE_DU_JOUR              3m17s      3m14s      -3s  ✅  Malachie 2
12:53:13 BLOC_C_SERIE_DU_JOUR              3m22s      3m19s      -3s  ✅  Malachie 3
12:56:32 BLOC_C_SERIE_DU_JOUR              1m05s      1m02s      -3s  ✅  Malachie 4
12:57:34 BLOC_C_SERIE_DU_JOUR              1m49s      1m47s      -2s  ✅  1 Thessaloniciens 1
12:59:21 BLOC_C_SERIE_DU_JOUR              3m29s      3m26s      -3s  ✅  1 Thessaloniciens 2
13:02:47 BLOC_C_SERIE_DU_JOUR              2m13s      2m10s      -3s  ✅  1 Thessaloniciens 3
13:04:57 BLOC_C_SERIE_DU_JOUR              3m03s      3m01s      -2s  ✅  1 Thessaloniciens 4
13:07:58 BLOC_C_SERIE_DU_JOUR              3m04s      3m02s      -2s  ✅  1 Thessaloniciens 5
13:11:00 BLOC_C_SERIE_DU_JOUR              1m34s      1m31s      -3s  ✅  Josué 16
13:12:31 BLOC_C_SERIE_DU_JOUR              3m51s      3m48s      -3s  ✅  Josué 17
13:16:19 BLOC_C_SERIE_DU_JOUR              4m41s      4m39s      -2s  ✅  Josué 18
13:20:58 BLOC_C_SERIE_DU_JOUR              6m21s      6m18s      -3s  ✅  Josué 19
13:27:16 BLOC_C_SERIE_DU_JOUR              0m13s      0m10s      -3s  ✅  jingle avant louange 07 voici un temps de louange
13:27:26 BLOC_C_SERIE_DU_JOUR              4m18s      4m16s      -2s  ✅  You Are Worthy - Ketu HF
13:31:42 BLOC_C_SERIE_DU_JOUR              9m39s      9m36s      -3s  ✅  Psalm 93 - Port Harcourt HF
13:41:18 BLOC_C_SERIE_DU_JOUR              6m59s      6m57s      -2s  ✅  Hosanna - Toronto HF
13:48:15 BLOC_C_SERIE_DU_JOUR             10m35s     10m32s      -3s  ✅  Baruch Ha'ba B'Shem Adonai/Blessed Is He Who Comes in the Name of the Lord - Port Harcourt HF
13:58:47 BLOC_C_SERIE_DU_JOUR              8m18s      8m16s      -2s  ✅  Yahweh Is Mighty - SWBN TV
14:07:03 BLOC_C_SERIE_DU_JOUR              8m21s      8m18s      -3s  ✅  My Heart Rejoices - Toronto HF
14:15:21 BLOC_C_SERIE_DU_JOUR              6m34s      6m31s      -3s  ✅  cantique  béni soit le dieu d israël
14:21:52 BLOC_C_SERIE_DU_JOUR              6m04s      6m02s      -2s  ✅  Sing Unto the Lord a new Song  - Winnipeg Fellowship
14:27:54 BLOC_C_SERIE_DU_JOUR              0m10s      0m08s      -2s  ✅  jingle avant bible 06 ouvrons les saintes ecritures
14:28:02 BLOC_C_SERIE_DU_JOUR              2m12s      2m10s      -2s  ✅  2 Thessaloniciens 1
14:30:12 BLOC_C_SERIE_DU_JOUR              2m47s      2m44s      -3s  ✅  2 Thessaloniciens 2
14:32:56 BLOC_C_SERIE_DU_JOUR              2m35s      2m32s      -3s  ✅  2 Thessaloniciens 3
14:35:28 BLOC_C_SERIE_DU_JOUR              4m01s      3m58s      -3s  ✅  Nombres 19
14:39:26 BLOC_C_SERIE_DU_JOUR              4m39s      4m37s      -2s  ✅  Nombres 20
14:44:03 BLOC_C_SERIE_DU_JOUR              5m27s      5m24s      -3s  ✅  Nombres 21
14:49:27 BLOC_C_SERIE_DU_JOUR              6m56s      6m54s      -2s  ✅  Nombres 22
14:56:21 BLOC_C_SERIE_DU_JOUR              0m10s      0m08s      -2s  ✅  jingle avant louange 06 que la louange seleve
14:56:29 BLOC_C_SERIE_DU_JOUR              8m41s      8m39s      -2s  ✅  Unto Him (Vincent Opara)
15:05:08 BLOC_C_SERIE_DU_JOUR              6m19s      6m16s      -3s  ✅  Unto Him - CHF
15:11:24 BLOC_C_SERIE_DU_JOUR              5m21s      5m18s      -3s  ✅  We Shall Not Fear - Nonso Njoku
15:16:42 BLOC_C_SERIE_DU_JOUR              4m52s      4m50s      -2s  ✅  cantique   prends tout le contrôle
15:21:32 BLOC_C_SERIE_DU_JOUR              4m44s      4m42s      -2s  ✅  Je veux vivre ton royaume
15:26:14 BLOC_C_SERIE_DU_JOUR             11m01s     10m58s      -3s  ✅  Great is, Ascribe - Ketu HF
15:37:12 BLOC_C_SERIE_DU_JOUR              5m21s      5m19s      -2s  ✅  By the word of the lord - Ketu HF
15:42:31 BLOC_C_SERIE_DU_JOUR              3m10s      3m07s      -3s  ✅  la Parole
15:45:38 BLOC_C_SERIE_DU_JOUR              6m02s      5m59s      -3s  ✅  Crown Him Lord of Lords - Nonso Njoku
15:51:37 BLOC_C_SERIE_DU_JOUR              9m04s      9m01s      -3s  ✅  You're the Lamb - Calabar HF
16:00:38 BLOC_C_SERIE_DU_JOUR              0m13s      0m11s      -2s  ✅  jingle avant bible 07 place a la lecture de la bible
16:00:49 BLOC_C_SERIE_DU_JOUR              5m42s      5m39s      -3s  ✅  Romains 8
16:06:28 BLOC_C_SERIE_DU_JOUR              4m40s      4m38s      -2s  ✅  Romains 9
16:11:06 BLOC_C_SERIE_DU_JOUR              3m06s      3m03s      -3s  ✅  Romains 10
16:14:09 BLOC_C_SERIE_DU_JOUR              5m37s      5m34s      -3s  ✅  Romains 11
16:19:43 BLOC_C_SERIE_DU_JOUR              3m06s      3m03s      -3s  ✅  Romains 12
16:22:46 BLOC_C_SERIE_DU_JOUR              2m36s      2m34s      -2s  ✅  Romains 13
16:25:20 BLOC_C_SERIE_DU_JOUR              3m26s      3m23s      -3s  ✅  Romains 14
16:28:43 BLOC_C_SERIE_DU_JOUR              5m12s      5m10s      -2s  ✅  Romains 15
16:33:53 BLOC_C_SERIE_DU_JOUR              3m44s      3m42s      -2s  ✅  Romains 16
16:37:35 BLOC_C_SERIE_DU_JOUR              5m40s      5m37s      -3s  ✅  Marc 1
16:43:12 BLOC_C_SERIE_DU_JOUR              0m11s      0m09s      -2s  ✅  jingle avant louange 05 elevons nos coeurs vers dieu
16:43:21 BLOC_C_SERIE_DU_JOUR              8m37s      8m34s      -3s  ✅  He Has Given Me & Emmanuel You Joy Over Us (Medley) (Abasiama Timothy & Imah Adegoke)
16:51:55 BLOC_C_SERIE_DU_JOUR              7m09s      7m07s      -2s  ✅  My God Is Good - Winnipeg Fellowship
16:59:02 BLOC_C_SERIE_DU_JOUR              5m10s      5m08s      -2s  ✅  Igwe
17:04:10 BLOC_C_SERIE_DU_JOUR             11m54s     11m51s      -3s  ✅  Great & Marvelluos - Toronto HF
17:16:01 BLOC_C_SERIE_DU_JOUR              6m57s      6m55s      -2s  ✅  qui est digne d ouvrir le livre
17:22:56 BLOC_C_SERIE_DU_JOUR              5m04s      5m02s      -2s  ✅  I Enter The Holy of Holies - Port Harcourt HF
17:27:58 BLOC_C_SERIE_DU_JOUR              2m57s      2m55s      -2s  ✅  You Are the Captain of the Host - Toronto HF
17:30:53 BLOC_C_SERIE_DU_JOUR              6m35s      6m32s      -3s  ✅  cantique   ta lumière
17:37:25 BLOC_C_SERIE_DU_JOUR              4m11s      4m08s      -3s  ✅  jai donné ma vie à jésus (1)
17:41:33 BLOC_C_SERIE_DU_JOUR              0m09s      0m10s      +1s  ✅  jingle id station 01 la bonne nouvelle partout
17:41:43 BLOC_C_SERIE_DU_JOUR              4m11s      4m08s      -3s  ✅  2 Chroniques 7
17:45:51 BLOC_C_SERIE_DU_JOUR              3m06s      3m04s      -2s  ✅  2 Chroniques 8
17:48:55 BLOC_C_SERIE_DU_JOUR              4m59s      4m57s      -2s  ✅  2 Chroniques 9
17:53:52 BLOC_C_SERIE_DU_JOUR              3m16s      3m13s      -3s  ✅  2 Chroniques 10
17:57:05 BLOC_C_SERIE_DU_JOUR              3m21s      3m19s      -2s  ✅  2 Chroniques 11
18:00:24 BLOC_D_SERIE_DU_JOUR              0m10s      0m07s      -3s  ✅  jingle avant message 04 bienvenue sur parole prophetique fm
18:00:31 BLOC_D_SERIE_DU_JOUR             26m25s     26m22s      -3s  ✅  pqe j2
18:26:53 BLOC_D_SERIE_DU_JOUR              0m10s      0m08s      -2s  ✅  jingle avant bible 06 ouvrons les saintes ecritures
18:27:01 BLOC_D_SERIE_DU_JOUR              2m25s      2m23s      -2s  ✅  Cantique des Cantiques 1
18:29:24 BLOC_D_SERIE_DU_JOUR              2m32s      2m30s      -2s  ✅  Cantique des Cantiques 2
18:31:54 BLOC_D_SERIE_DU_JOUR              1m53s      1m50s      -3s  ✅  Cantique des Cantiques 3
18:33:44 BLOC_D_SERIE_DU_JOUR              2m50s      2m48s      -2s  ✅  Cantique des Cantiques 4
18:36:32 BLOC_D_SERIE_DU_JOUR              2m54s      2m51s      -3s  ✅  Cantique des Cantiques 5
18:39:23 BLOC_D_SERIE_DU_JOUR              2m06s      2m03s      -3s  ✅  Cantique des Cantiques 6
18:41:26 BLOC_D_SERIE_DU_JOUR              1m57s      1m54s      -3s  ✅  Cantique des Cantiques 7
18:43:20 BLOC_D_SERIE_DU_JOUR              2m29s      2m27s      -2s  ✅  Cantique des Cantiques 8
18:45:47 BLOC_D_SERIE_DU_JOUR              4m25s      4m24s      -1s  ✅  Exode 5
18:50:11 BLOC_D_SERIE_DU_JOUR              6m05s      6m01s      -4s  ✅  Exode 6
18:56:12 BLOC_D_SERIE_DU_JOUR              5m21s      5m19s      -2s  ✅  Exode 7
19:01:31 BLOC_D_SERIE_DU_JOUR              6m57s      6m55s      -2s  ✅  Exode 8
19:08:26 BLOC_D_SERIE_DU_JOUR              7m21s      7m18s      -3s  ✅  Exode 9
19:15:44 BLOC_D_SERIE_DU_JOUR              6m39s      6m36s      -3s  ✅  Exode 10
19:22:20 BLOC_D_SERIE_DU_JOUR              0m11s      0m09s      -2s  ✅  jingle avant louange 05 elevons nos coeurs vers dieu
19:22:29 BLOC_D_SERIE_DU_JOUR              5m45s      5m42s      -3s  ✅  Ella Samuels - Oh Lord Our Maker
19:28:11 BLOC_D_SERIE_DU_JOUR              5m52s      5m50s      -2s  ✅  Not Naked (Abasiama Timothy)
19:34:01 BLOC_D_SERIE_DU_JOUR              5m47s      5m45s      -2s  ✅  We Ascribe Greatness - Abuja HF
19:39:46 BLOC_D_SERIE_DU_JOUR              9m23s      9m21s      -2s  ✅  Thou art Worthy Lord - PHF
19:49:07 BLOC_D_SERIE_DU_JOUR              4m05s      4m03s      -2s  ✅  Song Of Victory - Emmanuel Igunbor
19:53:10 BLOC_D_SERIE_DU_JOUR              6m54s      6m51s      -3s  ✅  There is no Lie (Imah Adegoke & Mary Umoh)
20:00:01 BLOC_D_SERIE_DU_JOUR              4m19s      4m16s      -3s  ✅  I Know The Blood - PHF
20:04:17 BLOC_D_SERIE_DU_JOUR              8m30s      8m28s      -2s  ✅  We Worship Adonai - PHF
20:12:45 BLOC_D_SERIE_DU_JOUR              0m13s      0m10s      -3s  ✅  jingle avant bible 07 place a la lecture de la bible
20:12:55 BLOC_D_SERIE_DU_JOUR              4m06s      4m04s      -2s  ✅  2 Corinthiens 8
20:16:59 BLOC_D_SERIE_DU_JOUR              2m53s      2m51s      -2s  ✅  2 Corinthiens 9
20:19:50 BLOC_D_SERIE_DU_JOUR              3m24s      3m21s      -3s  ✅  2 Corinthiens 10
20:23:11 BLOC_D_SERIE_DU_JOUR              5m26s      5m24s      -2s  ✅  2 Corinthiens 11
20:28:35 BLOC_D_SERIE_DU_JOUR              4m28s      4m26s      -2s  ✅  2 Corinthiens 12
20:33:01 BLOC_D_SERIE_DU_JOUR              2m25s      2m21s      -4s  ✅  2 Corinthiens 13
20:35:22 BLOC_D_SERIE_DU_JOUR              4m53s      4m59s      +6s  ✅  1 Chroniques 26
20:40:21 BLOC_D_SERIE_DU_JOUR              6m06s      6m03s      -3s  ✅  Good God - Asaba Fellowship
20:46:24 BLOC_D_SERIE_DU_JOUR              8m58s      8m55s      -3s  ✅  El Elyon - Toronto & Winnipeg HF
20:55:19 BLOC_D_SERIE_DU_JOUR              6m06s      6m04s      -2s  ✅  cantique  ta bonte
21:01:23 BLOC_D_SERIE_DU_JOUR              4m11s      4m09s      -2s  ✅  Cantique   Oh Éternel Dieu, Tu es le Dieu Incomparable
21:05:32 BLOC_D_SERIE_DU_JOUR              6m02s      5m59s      -3s  ✅  Rejoice - PHF
21:11:31 BLOC_D_SERIE_DU_JOUR              3m04s      3m01s      -3s  ✅  The Lord is my Light and Salvation - Nonso Njoku
21:14:32 BLOC_D_SERIE_DU_JOUR              7m21s      7m19s      -2s  ✅  For By My God - Toronto & Winnipeg HF
21:21:51 BLOC_D_SERIE_DU_JOUR             10m24s     10m21s      -3s  ✅  Shine in Darkness O Lord  - Winnipeg Fellowship
21:32:12 BLOC_D_SERIE_DU_JOUR              0m09s      0m07s      -2s  ✅  jingle avant bible 08 prenons un moment pour ecouter la parole
21:32:19 BLOC_D_SERIE_DU_JOUR              2m50s      2m48s      -2s  ✅  1 Samuel 11
21:35:07 BLOC_D_SERIE_DU_JOUR              4m21s      4m18s      -3s  ✅  1 Samuel 12
21:39:25 BLOC_D_SERIE_DU_JOUR              3m50s      3m48s      -2s  ✅  1 Samuel 13
21:43:13 BLOC_D_SERIE_DU_JOUR              9m14s      9m12s      -2s  ✅  1 Samuel 14
21:52:25 BLOC_D_SERIE_DU_JOUR              5m59s      5m57s      -2s  ✅  1 Samuel 15
21:58:22 BLOC_D_SERIE_DU_JOUR              4m08s      4m05s      -3s  ✅  1 Samuel 16
22:02:27 BLOC_D_SERIE_DU_JOUR              9m41s      9m39s      -2s  ✅  1 Samuel 17
22:12:06 BLOC_D_SERIE_DU_JOUR              0m13s      0m10s      -3s  ✅  jingle avant louange 07 voici un temps de louange
22:12:16 BLOC_D_SERIE_DU_JOUR              4m53s      4m50s      -3s  ✅  Cantique Jahweh, Tu es élevé au dessus de tout (1)
22:17:06 BLOC_D_SERIE_DU_JOUR              8m10s      8m08s      -2s  ✅  Great and Marvellous - Ketu HF
22:25:14 BLOC_D_SERIE_DU_JOUR              7m20s      7m17s      -3s  ✅  The Glory -  PHF
22:32:31 BLOC_D_SERIE_DU_JOUR              5m22s      5m19s      -3s  ✅  God's Got An Army - PHF
22:37:50 BLOC_D_SERIE_DU_JOUR              6m09s      6m07s      -2s  ✅  Hymne des vainqueurs
22:43:57 BLOC_D_SERIE_DU_JOUR              7m09s      7m07s      -2s  ✅  There is A Mighty River Flowing - Ketu HF
22:51:04 BLOC_D_SERIE_DU_JOUR              6m41s      6m38s      -3s  ✅  6 minutes
22:57:42 BLOC_D_SERIE_DU_JOUR              3m19s      3m16s      -3s  ✅  Awaken My Heart
23:00:58 BLOC_D_SERIE_DU_JOUR              5m18s      5m16s      -2s  ✅  Now is Come Salvation - Toronto HF
23:06:14 BLOC_D_SERIE_DU_JOUR              0m09s      0m10s      +1s  ✅  jingle id station 02 radio evangile du royaume
23:06:24 BLOC_D_SERIE_DU_JOUR              4m51s      4m48s      -3s  ✅  Actes 26
23:11:12 BLOC_D_SERIE_DU_JOUR              6m31s      6m29s      -2s  ✅  Actes 27
23:17:41 BLOC_D_SERIE_DU_JOUR              5m05s      5m03s      -2s  ✅  Actes 28
23:22:44 BLOC_D_SERIE_DU_JOUR              2m07s      2m04s      -3s  ✅  2 Jean 1
23:24:48 BLOC_D_SERIE_DU_JOUR              0m09s      0m10s      +1s  ✅  JINGLE
23:24:58 BLOC_D_SERIE_DU_JOUR              5m28s      5m26s      -2s  ✅  même humilié
23:30:24 BLOC_E_LOUANGE_NUIT               4m52s      4m51s      -1s  ✅  God is Moving Us On - Ketu HF
23:35:15 BLOC_E_LOUANGE_NUIT               3m24s      3m20s      -4s  ✅  Cantique sa miséricorde
23:38:35 BLOC_E_LOUANGE_NUIT               7m17s      7m15s      -2s  ✅  cantique  tes promesses  pub direct dec 2021 import (2)
23:45:50 BLOC_E_LOUANGE_NUIT               5m52s      5m49s      -3s  ✅  Where Two or Three are Gathered - Calabar HF
23:51:39 BLOC_E_LOUANGE_NUIT               6m35s      6m32s      -3s  ✅  cantique   ta lumière
23:58:11 BLOC_E_LOUANGE_NUIT               6m12s      3m23s    -169s  ❌ COUPÉ  Praise the Lord All Ye Nations - Toronto HF
----------------------------------------------------------------------------------------------------
Bilan : 305 titres, 1 anomalie(s) (titre coupé de plus de 10s ou trou d'antenne). Gravité : 0 mineure(s) <1min · 1 sérieuse(s) 1-10min · 0 critique(s) >10min.

====================================================================================================
CONTRÔLES APPROFONDIS
====================================================================================================
MESSAGE DU JOUR « PQE J 2 » : 4 diffusion(s) pour 4 prévue(s) ✅
   00:04:08  (étiquette BLOC_A_SERIE_DU_JOUR)
   06:03:10  (étiquette BLOC_B_SERIE_DU_JOUR)
   12:00:37  (étiquette BLOC_C_SERIE_DU_JOUR)
   18:00:31  (étiquette BLOC_D_SERIE_DU_JOUR)
JINGLES : 28 joués / 36 prévus (78%) ⚠️   ·   BLOC_A 8/9 · BLOC_B 5/9 · BLOC_C 7/9 · BLOC_D 8/9
HORS FENÊTRE : aucun débordement de bloc détecté ✅
BOUCHE-TROUS : 1 titre(s) hors plan sans playlist ⚠️
   00:01:47  ?  (2m13s)
COUVERTURE : premier titre à 00:01:47 ✅ · dernier titre finit vers 00:04:23 (estimé) ✅

====================================================================================================
RÉEL vs PRÉVU — ce qui a joué vs ce que le plan prévoyait
====================================================================================================
----------------------------------------------------------------------------------------------------
BLOC_A  (00:00-06:00)  prévus  78 · atteignables  73 · joués  74 · conformité 100% · sautés  0 · en trop  1
   ➕  JOUÉ NON PRÉVU : ?
   ⏸️  FIN DE BLOC NON ATTEINTE (5 titres · ~30m41s) — marge anti-rebouclage au-delà de la fenêtre, normal : jingle id station 01 la bonne nouvelle partout · As We Worship In Ypur Presence · Holy is the Lord (Emmanuel Umoh) · Yahweh is Mighty (Imah Adegoke) · In the Day of Your Power  - Winnipeg Fellowship
----------------------------------------------------------------------------------------------------
BLOC_B  (06:00-12:00)  prévus  87 · atteignables  85 · joués  81 · conformité  95% · sautés  4 · en trop  0
   ⏭️  PRÉVU NON JOUÉ : jingle avant louange 06 que la louange seleve · jingle avant bible 08 prenons un moment pour ecouter la parole · jingle id station 01 la bonne nouvelle partout · JINGLE
   ⏸️  FIN DE BLOC NON ATTEINTE (2 titres · ~11m36s) — marge anti-rebouclage au-delà de la fenêtre, normal : Bless Ye the Lord - PHF · esprit de dieu
----------------------------------------------------------------------------------------------------
BLOC_C  (12:00-18:00)  prévus  83 · atteignables  78 · joués  77 · conformité  99% · sautés  1 · en trop  0
   ⏭️  PRÉVU NON JOUÉ : jingle avant bible 08 prenons un moment pour ecouter la parole
   ⏸️  FIN DE BLOC NON ATTEINTE (5 titres · ~26m08s) — marge anti-rebouclage au-delà de la fenêtre, normal : jingle id station 03 notre mission annonce levangile · Praise the Lord All Ye Nations - Toronto HF · Praise the Lord of Host - Toronto HF · We Bless You Wonderful God  - Winnipeg Fellowship · That I May Know Him - Toronto HF
----------------------------------------------------------------------------------------------------
BLOC_D  (18:00-23:30)  prévus  70 · atteignables  68 · joués  67 · conformité  99% · sautés  1 · en trop  0
   ⏭️  PRÉVU NON JOUÉ : jingle avant louange 06 que la louange seleve
   ⏸️  FIN DE BLOC NON ATTEINTE (2 titres · ~18m47s) — marge anti-rebouclage au-delà de la fenêtre, normal : I See Your Face - Toronto HF · 10 minutes
----------------------------------------------------------------------------------------------------
CONFORMITÉ GLOBALE : 298/304 titres atteignables joués dans l'ordre = 98%  (1 titre(s) hors plan · 14 non atteint(s) en fin de bloc, marge normale)
