2026/07/18 00:00:03 [clock.main:2] We must catchup 1.06 seconds!
2026/07/18 00:00:04 [clock.main:2] We must catchup 1.89 seconds!
2026/07/18 00:00:05 [clock.main:2] We must catchup 2.38 seconds!
2026/07/18 00:00:07 [clock.main:2] We must catchup 2.54 seconds!
2026/07/18 00:00:08 [clock.main:2] We must catchup 2.02 seconds!
2026/07/18 00:00:09 [clock.main:2] We must catchup 1.90 seconds!
2026/07/18 00:00:46 [decoder:2] Decoding "/var/azuracast/stations/evangile_du_royaume/media/Cantiques du royaume/cantique__heureux_l_homme_qui_ne_marche_pas_selon.mp3" ended: Ffmpeg_decoder.End_of_file.
2026/07/18 00:00:46 [next_song:3] Prepared "/var/azuracast/stations/evangile_du_royaume/media/jingles_de_transition_2.mp3" (RID 1299).
2026/07/18 00:01:19 [threads:2] Queue generic queue #1 crashed with exception Sys_error("Condition.wait: Operation not permitted")
2026/07/18 00:01:19 [threads:2] Raised by primitive operation at Duppy.queue.run in file "src/duppy.ml", line 341, characters 6-32
2026/07/18 00:01:19 [threads:2] Called from Duppy.queue in file "src/duppy.ml", line 357, characters 8-12
2026/07/18 00:01:19 [threads:2] Re-raised at Duppy.queue in file "src/duppy.ml", line 361, characters 8-17
2026/07/18 00:01:19 [threads:2] Called from Tutils.create.(fun).process in file "tools/tutils.ml", line 164, characters 12-15
2026/07/18 00:01:19 [threads:2] 
2026/07/18 00:01:19 [threads:1] PANIC: Liquidsoap has crashed, exiting.,
2026/07/18 00:01:19 [threads:1] Please report at: savonet-users@lists.sf.net
2026/07/18 00:01:25 [lang.deprecated:2] WARNING: "map_metadata" is deprecated and will be removed in future version. Please use "metadata.map" instead.
2026/07/18 00:01:25 [lang.deprecated:2] WARNING: "map_metadata" is deprecated and will be removed in future version. Please use "metadata.map" instead.
2026/07/18 00:01:25 [error_jingle:3] "/usr/local/share/icecast/web/error.mp3" is static, resolving once for all...
2026/07/18 00:01:25 [error_jingle:3] Prepared "/usr/local/share/icecast/web/error.mp3" (RID 6).
2026/07/18 00:01:25 [safe_fallback:3] Switch to error_jingle.
2026/07/18 00:01:25 [next_song:3] Prepared "/var/azuracast/stations/evangile_du_royaume/media/Jingle/jingle_avant_message_03_vous_ecoutez_parole_prophetique_fm.mp3" (RID 8).
2026/07/18 00:01:25 [safe_fallback:3] Switch to amplify_0 with transition.
2026/07/18 00:01:25 [live_fallback:3] Switch to cross_0.
2026/07/18 00:01:25 [interrupting_fallback:3] Switch to requests_fallback.
2026/07/18 00:01:25 [requests_fallback:3] Switch to autodj_fallback.
2026/07/18 00:01:25 [autodj_fallback:3] Switch to dynamic_startup.
2026/07/18 00:01:25 [dynamic_startup:3] Switch to cue_next_song.
2026/07/18 00:01:31 [decoder:2] Decoding "/var/azuracast/stations/evangile_du_royaume/media/Jingle/jingle_avant_message_03_vous_ecoutez_parole_prophetique_fm.mp3" ended: Ffmpeg_decoder.End_of_file.
2026/07/18 00:01:31 [next_song:3] Prepared "/var/azuracast/stations/evangile_du_royaume/media/Jingle/jingle_avant_message_03_vous_ecoutez_parole_prophetique_fm.mp3" (RID 14).
2026/07/18 00:01:37 [decoder:2] Decoding "/var/azuracast/stations/evangile_du_royaume/media/Jingle/jingle_avant_message_03_vous_ecoutez_parole_prophetique_fm.mp3" ended: Ffmpeg_decoder.End_of_file.
2026/07/18 00:01:37 [next_song:3] Prepared "/var/azuracast/stations/evangile_du_royaume/media/jingles_de_transition_3.mp3" (RID 15).
2026/07/18 00:01:41 [decoder.id3:2] Error while decoding file tags: Invalid_argument("String.sub / Bytes.sub")
2026/07/18 00:03:50 [decoder:2] Decoding "/var/azuracast/stations/evangile_du_royaume/media/jingles_de_transition_3.mp3" ended: Ffmpeg_decoder.End_of_file.
2026/07/18 00:03:50 [next_song:3] Prepared "/var/azuracast/stations/evangile_du_royaume/media/2020_tian_le_pardon_8.mp3" (RID 16).
2026/07/18 00:17:35 [decoder:2] Decoding "/var/azuracast/stations/evangile_du_royaume/media/2020_tian_le_pardon_8.mp3" ended: Ffmpeg_decoder.End_of_file.
2026/07/18 00:17:36 [next_song:3] Prepared "/var/azuracast/stations/evangile_du_royaume/media/Jingle/jingle_avant_bible_08_prenons_un_moment_pour_ecouter_la_parole.mp3" (RID 17).
2026/07/18 00:17:42 [decoder:2] Decoding "/var/azuracast/stations/evangile_du_royaume/media/Jingle/jingle_avant_bible_08_prenons_un_moment_pour_ecouter_la_parole.mp3" ended: Ffmpeg_decoder.End_of_file.
2026/07/18 00:17:42 [next_song:3] Prepared "/var/azuracast/stations/evangile_du_royaume/media/La bible/galates_001.mp3" (RID 18).
2026/07/18 00:20:57 [decoder:2] Decoding "/var/azuracast/stations/evangile_du_royaume/media/La bible/galates_001.mp3" ended: Ffmpeg_decoder.End_of_file.
2026/07/18 00:20:57 [next_song:3] Prepared "/var/azuracast/stations/evangile_du_royaume/media/La bible/galates_002.mp3" (RID 19).
2026/07/18 00:25:02 [decoder:2] Decoding "/var/azuracast/stations/evangile_du_royaume/media/La bible/galates_002.mp3" ended: Ffmpeg_decoder.End_of_file.
2026/07/18 00:25:03 [next_song:3] Prepared "/var/azuracast/stations/evangile_du_royaume/media/La bible/galates_003.mp3" (RID 20).
2026/07/18 00:29:50 [decoder:2] Decoding "/var/azuracast/stations/evangile_du_royaume/media/La bible/galates_003.mp3" ended: Ffmpeg_decoder.End_of_file.
2026/07/18 00:29:50 [next_song:3] Prepared "/var/azuracast/stations/evangile_du_royaume/media/La bible/galates_004.mp3" (RID 21).
2026/07/18 00:34:17 [decoder:2] Decoding "/var/azuracast/stations/evangile_du_royaume/media/La bible/galates_004.mp3" ended: Ffmpeg_decoder.End_of_file.
2026/07/18 00:34:18 [next_song:3] Prepared "/var/azuracast/stations/evangile_du_royaume/media/La bible/galates_005.mp3" (RID 22).
2026/07/18 00:38:19 [decoder:2] Decoding "/var/azuracast/stations/evangile_du_royaume/media/La bible/galates_005.mp3" ended: Ffmpeg_decoder.End_of_file.
2026/07/18 00:38:19 [next_song:3] Prepared "/var/azuracast/stations/evangile_du_royaume/media/La bible/galates_006.mp3" (RID 23).
2026/07/18 00:41:02 [decoder:2] Decoding "/var/azuracast/stations/evangile_du_royaume/media/La bible/galates_006.mp3" ended: Ffmpeg_decoder.End_of_file.
2026/07/18 00:41:03 [next_song:3] Prepared "/var/azuracast/stations/evangile_du_royaume/media/La bible/1_jean_001.mp3" (RID 24).
2026/07/18 00:42:40 [decoder:2] Decoding "/var/azuracast/stations/evangile_du_royaume/media/La bible/1_jean_001.mp3" ended: Ffmpeg_decoder.End_of_file.
2026/07/18 00:42:40 [next_song:3] Prepared "/var/azuracast/stations/evangile_du_royaume/media/La bible/1_jean_002.mp3" (RID 25).
2026/07/18 00:47:16 [decoder:2] Decoding "/var/azuracast/stations/evangile_du_royaume/media/La bible/1_jean_002.mp3" ended: Ffmpeg_decoder.End_of_file.
2026/07/18 00:47:17 [next_song:3] Prepared "/var/azuracast/stations/evangile_du_royaume/media/La bible/1_jean_003.mp3" (RID 26).
2026/07/18 00:50:48 [decoder:2] Decoding "/var/azuracast/stations/evangile_du_royaume/media/La bible/1_jean_003.mp3" ended: Ffmpeg_decoder.End_of_file.
2026/07/18 00:50:48 [next_song:3] Prepared "/var/azuracast/stations/evangile_du_royaume/media/La bible/1_jean_004.mp3" (RID 27).
2026/07/18 00:54:01 [decoder:2] Decoding "/var/azuracast/stations/evangile_du_royaume/media/La bible/1_jean_004.mp3" ended: Ffmpeg_decoder.End_of_file.
2026/07/18 00:54:02 [next_song:3] Prepared "/var/azuracast/stations/evangile_du_royaume/media/La bible/1_jean_005.mp3" (RID 28).
2026/07/18 00:57:10 [decoder:2] Decoding "/var/azuracast/stations/evangile_du_royaume/media/La bible/1_jean_005.mp3" ended: Ffmpeg_decoder.End_of_file.
2026/07/18 00:57:11 [next_song:3] Prepared "/var/azuracast/stations/evangile_du_royaume/media/La bible/malachie_001.mp3" (RID 29).
2026/07/18 01:00:01 [decoder:2] Decoding "/var/azuracast/stations/evangile_du_royaume/media/La bible/malachie_001.mp3" ended: Ffmpeg_decoder.End_of_file.
2026/07/18 01:00:02 [next_song:3] Prepared "/var/azuracast/stations/evangile_du_royaume/media/La bible/malachie_002.mp3" (RID 30).
2026/07/18 01:03:15 [decoder:2] Decoding "/var/azuracast/stations/evangile_du_royaume/media/La bible/malachie_002.mp3" ended: Ffmpeg_decoder.End_of_file.
2026/07/18 01:03:16 [next_song:3] Prepared "/var/azuracast/stations/evangile_du_royaume/media/La bible/malachie_003.mp3" (RID 31).
2026/07/18 01:06:35 [decoder:2] Decoding "/var/azuracast/stations/evangile_du_royaume/media/La bible/malachie_003.mp3" ended: Ffmpeg_decoder.End_of_file.
2026/07/18 01:06:35 [next_song:3] Prepared "/var/azuracast/stations/evangile_du_royaume/media/La bible/malachie_004.mp3" (RID 32).
2026/07/18 01:07:37 [decoder:2] Decoding "/var/azuracast/stations/evangile_du_royaume/media/La bible/malachie_004.mp3" ended: Ffmpeg_decoder.End_of_file.
2026/07/18 01:07:38 [next_song:3] Prepared "/var/azuracast/stations/evangile_du_royaume/media/La bible/philippiens_001.mp3" (RID 33).
2026/07/18 01:11:50 [decoder:2] Decoding "/var/azuracast/stations/evangile_du_royaume/media/La bible/philippiens_001.mp3" ended: Ffmpeg_decoder.End_of_file.
2026/07/18 01:11:50 [next_song:3] Prepared "/var/azuracast/stations/evangile_du_royaume/media/La bible/philippiens_002.mp3" (RID 34).
2026/07/18 01:16:15 [decoder:2] Decoding "/var/azuracast/stations/evangile_du_royaume/media/La bible/philippiens_002.mp3" ended: Ffmpeg_decoder.End_of_file.
2026/07/18 01:16:16 [next_song:3] Prepared "/var/azuracast/stations/evangile_du_royaume/media/Jingle/jingle_avant_louange_07_voici_un_temps_de_louange.mp3" (RID 35).
2026/07/18 01:16:25 [decoder:2] Decoding "/var/azuracast/stations/evangile_du_royaume/media/Jingle/jingle_avant_louange_07_voici_un_temps_de_louange.mp3" ended: Ffmpeg_decoder.End_of_file.
2026/07/18 01:16:26 [next_song:3] Prepared "/var/azuracast/stations/evangile_du_royaume/media/Worship/81 - As We Worship In Ypur Presence.mp3" (RID 36).
2026/07/18 01:23:19 [decoder:2] Decoding "/var/azuracast/stations/evangile_du_royaume/media/Worship/81 - As We Worship In Ypur Presence.mp3" ended: Ffmpeg_decoder.End_of_file.
2026/07/18 01:23:19 [next_song:3] Prepared "/var/azuracast/stations/evangile_du_royaume/media/Worship/49 - We Worship Adonai - PHF.mp3" (RID 37).
2026/07/18 01:31:47 [decoder:2] Decoding "/var/azuracast/stations/evangile_du_royaume/media/Worship/49 - We Worship Adonai - PHF.mp3" ended: Ffmpeg_decoder.End_of_file.
2026/07/18 01:31:47 [next_song:3] Prepared "/var/azuracast/stations/evangile_du_royaume/media/Worship/35 - God is Moving Us On - Ketu HF.mp3" (RID 38).
2026/07/18 01:36:37 [decoder:2] Decoding "/var/azuracast/stations/evangile_du_royaume/media/Worship/35 - God is Moving Us On - Ketu HF.mp3" ended: Ffmpeg_decoder.End_of_file.
2026/07/18 01:36:37 [next_song:3] Prepared "/var/azuracast/stations/evangile_du_royaume/media/Worship/82 - A Song Of Love.mp3" (RID 39).
2026/07/18 01:41:37 [decoder:2] Decoding "/var/azuracast/stations/evangile_du_royaume/media/Worship/82 - A Song Of Love.mp3" ended: Ffmpeg_decoder.End_of_file.
2026/07/18 01:41:37 [next_song:3] Prepared "/var/azuracast/stations/evangile_du_royaume/media/Worship/37 - The Lord on High is Mightier - Toronto HF.mp3" (RID 40).
2026/07/18 01:48:31 [decoder:2] Decoding "/var/azuracast/stations/evangile_du_royaume/media/Worship/37 - The Lord on High is Mightier - Toronto HF.mp3" ended: Ffmpeg_decoder.End_of_file.
2026/07/18 01:48:32 [next_song:3] Prepared "/var/azuracast/stations/evangile_du_royaume/media/Worship/89 - I Know The Blood - PHF.mp3" (RID 41).
2026/07/18 01:52:47 [decoder:2] Decoding "/var/azuracast/stations/evangile_du_royaume/media/Worship/89 - I Know The Blood - PHF.mp3" ended: Ffmpeg_decoder.End_of_file.
2026/07/18 01:52:48 [next_song:3] Prepared "/var/azuracast/stations/evangile_du_royaume/media/Worship/59 - Ascribe Greatness - PHF.mp3" (RID 42).
2026/07/18 01:56:49 [decoder:2] Decoding "/var/azuracast/stations/evangile_du_royaume/media/Worship/59 - Ascribe Greatness - PHF.mp3" ended: Ffmpeg_decoder.End_of_file.
2026/07/18 01:56:50 [next_song:3] Prepared "/var/azuracast/stations/evangile_du_royaume/media/Worship/25 - Immortal God - Elohim Adonai - Abuja HF.mp3" (RID 43).
2026/07/18 02:02:59 [decoder:2] Decoding "/var/azuracast/stations/evangile_du_royaume/media/Worship/25 - Immortal God - Elohim Adonai - Abuja HF.mp3" ended: Ffmpeg_decoder.End_of_file.
2026/07/18 02:03:00 [next_song:3] Prepared "/var/azuracast/stations/evangile_du_royaume/media/Worship/06 - Psalm 93 - Port Harcourt HF.mp3" (RID 44).
2026/07/18 02:12:36 [decoder:2] Decoding "/var/azuracast/stations/evangile_du_royaume/media/Worship/06 - Psalm 93 - Port Harcourt HF.mp3" ended: Ffmpeg_decoder.End_of_file.
2026/07/18 02:12:36 [next_song:3] Prepared "/var/azuracast/stations/evangile_du_royaume/media/Worship/79 - The Lord is my Light and Salvation - Nonso Njoku.mp3" (RID 45).
2026/07/18 02:15:37 [decoder:2] Decoding "/var/azuracast/stations/evangile_du_royaume/media/Worship/79 - The Lord is my Light and Salvation - Nonso Njoku.mp3" ended: Ffmpeg_decoder.End_of_file.
2026/07/18 02:15:37 [next_song:3] Prepared "/var/azuracast/stations/evangile_du_royaume/media/Jingle/jingle_avant_bible_07_place_a_la_lecture_de_la_bible.mp3" (RID 46).
2026/07/18 02:15:47 [decoder:2] Decoding "/var/azuracast/stations/evangile_du_royaume/media/Jingle/jingle_avant_bible_07_place_a_la_lecture_de_la_bible.mp3" ended: Ffmpeg_decoder.End_of_file.
2026/07/18 02:15:48 [next_song:3] Prepared "/var/azuracast/stations/evangile_du_royaume/media/La bible/luc_023.mp3" (RID 47).
2026/07/18 02:22:43 [decoder:2] Decoding "/var/azuracast/stations/evangile_du_royaume/media/La bible/luc_023.mp3" ended: Ffmpeg_decoder.End_of_file.
2026/07/18 02:22:43 [next_song:3] Prepared "/var/azuracast/stations/evangile_du_royaume/media/La bible/luc_024.mp3" (RID 48).
2026/07/18 02:28:59 [decoder:2] Decoding "/var/azuracast/stations/evangile_du_royaume/media/La bible/luc_024.mp3" ended: Ffmpeg_decoder.End_of_file.
2026/07/18 02:28:59 [next_song:3] Prepared "/var/azuracast/stations/evangile_du_royaume/media/La bible/3_jean_001.mp3" (RID 49).
2026/07/18 02:31:01 [decoder:2] Decoding "/var/azuracast/stations/evangile_du_royaume/media/La bible/3_jean_001.mp3" ended: Ffmpeg_decoder.End_of_file.
2026/07/18 02:31:02 [next_song:3] Prepared "/var/azuracast/stations/evangile_du_royaume/media/La bible/psaumes_097.mp3" (RID 50).
2026/07/18 02:32:16 [decoder:2] Decoding "/var/azuracast/stations/evangile_du_royaume/media/La bible/psaumes_097.mp3" ended: Ffmpeg_decoder.End_of_file.
2026/07/18 02:32:17 [next_song:3] Prepared "/var/azuracast/stations/evangile_du_royaume/media/La bible/psaumes_098.mp3" (RID 51).
2026/07/18 02:33:19 [decoder:2] Decoding "/var/azuracast/stations/evangile_du_royaume/media/La bible/psaumes_098.mp3" ended: Ffmpeg_decoder.End_of_file.
2026/07/18 02:33:20 [next_song:3] Prepared "/var/azuracast/stations/evangile_du_royaume/media/La bible/psaumes_099.mp3" (RID 52).
2026/07/18 02:34:23 [decoder:2] Decoding "/var/azuracast/stations/evangile_du_royaume/media/La bible/psaumes_099.mp3" ended: Ffmpeg_decoder.End_of_file.
2026/07/18 02:34:24 [next_song:3] Prepared "/var/azuracast/stations/evangile_du_royaume/media/La bible/psaumes_100.mp3" (RID 53).
2026/07/18 02:34:58 [decoder:2] Decoding "/var/azuracast/stations/evangile_du_royaume/media/La bible/psaumes_100.mp3" ended: Ffmpeg_decoder.End_of_file.
2026/07/18 02:34:58 [next_song:3] Prepared "/var/azuracast/stations/evangile_du_royaume/media/La bible/psaumes_101.mp3" (RID 54).
2026/07/18 02:36:03 [decoder:2] Decoding "/var/azuracast/stations/evangile_du_royaume/media/La bible/psaumes_101.mp3" ended: Ffmpeg_decoder.End_of_file.
2026/07/18 02:36:03 [next_song:3] Prepared "/var/azuracast/stations/evangile_du_royaume/media/La bible/psaumes_102.mp3" (RID 55).
2026/07/18 02:38:38 [decoder:2] Decoding "/var/azuracast/stations/evangile_du_royaume/media/La bible/psaumes_102.mp3" ended: Ffmpeg_decoder.End_of_file.
2026/07/18 02:38:38 [next_song:3] Prepared "/var/azuracast/stations/evangile_du_royaume/media/La bible/psaumes_103.mp3" (RID 56).
2026/07/18 02:40:45 [decoder:2] Decoding "/var/azuracast/stations/evangile_du_royaume/media/La bible/psaumes_103.mp3" ended: Ffmpeg_decoder.End_of_file.
2026/07/18 02:40:45 [next_song:3] Prepared "/var/azuracast/stations/evangile_du_royaume/media/La bible/psaumes_104.mp3" (RID 57).
2026/07/18 02:44:16 [decoder:2] Decoding "/var/azuracast/stations/evangile_du_royaume/media/La bible/psaumes_104.mp3" ended: Ffmpeg_decoder.End_of_file.
2026/07/18 02:44:16 [next_song:3] Prepared "/var/azuracast/stations/evangile_du_royaume/media/Jingle/jingle_avant_louange_06_que_la_louange_seleve.mp3" (RID 58).
2026/07/18 02:44:23 [decoder:2] Decoding "/var/azuracast/stations/evangile_du_royaume/media/Jingle/jingle_avant_louange_06_que_la_louange_seleve.mp3" ended: Ffmpeg_decoder.End_of_file.
2026/07/18 02:44:24 [next_song:3] Prepared "/var/azuracast/stations/evangile_du_royaume/media/Worship/20 - Yahweh Be Praised - Abuja HF.mp3" (RID 59).
2026/07/18 02:49:36 [decoder:2] Decoding "/var/azuracast/stations/evangile_du_royaume/media/Worship/20 - Yahweh Be Praised - Abuja HF.mp3" ended: Ffmpeg_decoder.End_of_file.
2026/07/18 02:49:37 [next_song:3] Prepared "/var/azuracast/stations/evangile_du_royaume/media/Cantiques du royaume/Cantique Jahweh, Tu es élevé au dessus de tout (1).mp3" (RID 60).
2026/07/18 02:54:26 [decoder:2] Decoding "/var/azuracast/stations/evangile_du_royaume/media/Cantiques du royaume/Cantique Jahweh, Tu es élevé au dessus de tout (1).mp3" ended: Ffmpeg_decoder.End_of_file.
2026/07/18 02:54:27 [next_song:3] Prepared "/var/azuracast/stations/evangile_du_royaume/media/Cantiques du royaume/8-_mohamed_sanogo_hymne_des_vainqueurs.mp3" (RID 61).
2026/07/18 03:00:33 [decoder:2] Decoding "/var/azuracast/stations/evangile_du_royaume/media/Cantiques du royaume/8-_mohamed_sanogo_hymne_des_vainqueurs.mp3" ended: Ffmpeg_decoder.End_of_file.
2026/07/18 03:00:34 [next_song:3] Prepared "/var/azuracast/stations/evangile_du_royaume/media/SWBN Lead Concert Live Worship/10 - He Has Given Me & Emmanuel You Joy Over Us (Medley) (Abasiama Timothy & Imah Adegoke).mp3" (RID 62).
2026/07/18 03:09:08 [decoder:2] Decoding "/var/azuracast/stations/evangile_du_royaume/media/SWBN Lead Concert Live Worship/10 - He Has Given Me & Emmanuel You Joy Over Us (Medley) (Abasiama Timothy & Imah Adegoke).mp3" ended: Ffmpeg_decoder.End_of_file.
2026/07/18 03:09:09 [next_song:3] Prepared "/var/azuracast/stations/evangile_du_royaume/media/Worship/69 - We Bless You Wonderful God  - Winnipeg Fellowship.mp3" (RID 63).
2026/07/18 03:16:10 [decoder:2] Decoding "/var/azuracast/stations/evangile_du_royaume/media/Worship/69 - We Bless You Wonderful God  - Winnipeg Fellowship.mp3" ended: Ffmpeg_decoder.End_of_file.
2026/07/18 03:16:10 [next_song:3] Prepared "/var/azuracast/stations/evangile_du_royaume/media/Cantiques du royaume/5-il_sappelait_emmanuel_-_marcel_boungou__paroles.mp3" (RID 64).
2026/07/18 03:21:20 [decoder:2] Decoding "/var/azuracast/stations/evangile_du_royaume/media/Cantiques du royaume/5-il_sappelait_emmanuel_-_marcel_boungou__paroles.mp3" ended: Ffmpeg_decoder.End_of_file.
2026/07/18 03:21:21 [next_song:3] Prepared "/var/azuracast/stations/evangile_du_royaume/media/Worship/90 - Bless Ye the Lord - PHF.mp3" (RID 65).
2026/07/18 03:29:42 [decoder:2] Decoding "/var/azuracast/stations/evangile_du_royaume/media/Worship/90 - Bless Ye the Lord - PHF.mp3" ended: Ffmpeg_decoder.End_of_file.
2026/07/18 03:29:42 [next_song:3] Prepared "/var/azuracast/stations/evangile_du_royaume/media/Worship/19 - You're the Lamb - Calabar HF.mp3" (RID 66).
2026/07/18 03:38:43 [decoder:2] Decoding "/var/azuracast/stations/evangile_du_royaume/media/Worship/19 - You're the Lamb - Calabar HF.mp3" ended: Ffmpeg_decoder.End_of_file.
2026/07/18 03:38:43 [next_song:3] Prepared "/var/azuracast/stations/evangile_du_royaume/media/Worship/51 - Hallelujah - PHF.mp3" (RID 67).
2026/07/18 03:46:09 [decoder:2] Decoding "/var/azuracast/stations/evangile_du_royaume/media/Worship/51 - Hallelujah - PHF.mp3" ended: Ffmpeg_decoder.End_of_file.
2026/07/18 03:46:09 [next_song:3] Prepared "/var/azuracast/stations/evangile_du_royaume/media/Jingle/jingle_avant_bible_06_ouvrons_les_saintes_ecritures.mp3" (RID 68).
2026/07/18 03:46:17 [decoder:2] Decoding "/var/azuracast/stations/evangile_du_royaume/media/Jingle/jingle_avant_bible_06_ouvrons_les_saintes_ecritures.mp3" ended: Ffmpeg_decoder.End_of_file.
2026/07/18 03:46:17 [next_song:3] Prepared "/var/azuracast/stations/evangile_du_royaume/media/La bible/1_pierre_005.mp3" (RID 69).
2026/07/18 03:48:29 [decoder:2] Decoding "/var/azuracast/stations/evangile_du_royaume/media/La bible/1_pierre_005.mp3" ended: Ffmpeg_decoder.End_of_file.
2026/07/18 03:48:30 [next_song:3] Prepared "/var/azuracast/stations/evangile_du_royaume/media/La bible/lamentations_002.mp3" (RID 70).
2026/07/18 03:53:41 [decoder:2] Decoding "/var/azuracast/stations/evangile_du_royaume/media/La bible/lamentations_002.mp3" ended: Ffmpeg_decoder.End_of_file.
2026/07/18 03:53:42 [next_song:3] Prepared "/var/azuracast/stations/evangile_du_royaume/media/La bible/lamentations_003.mp3" (RID 71).
2026/07/18 03:59:41 [decoder:2] Decoding "/var/azuracast/stations/evangile_du_royaume/media/La bible/lamentations_003.mp3" ended: Ffmpeg_decoder.End_of_file.
2026/07/18 03:59:41 [next_song:3] Prepared "/var/azuracast/stations/evangile_du_royaume/media/La bible/lamentations_004.mp3" (RID 72).
2026/07/18 04:03:34 [decoder:2] Decoding "/var/azuracast/stations/evangile_du_royaume/media/La bible/lamentations_004.mp3" ended: Ffmpeg_decoder.End_of_file.
2026/07/18 04:03:35 [next_song:3] Prepared "/var/azuracast/stations/evangile_du_royaume/media/La bible/lamentations_005.mp3" (RID 73).
2026/07/18 04:05:52 [decoder:2] Decoding "/var/azuracast/stations/evangile_du_royaume/media/La bible/lamentations_005.mp3" ended: Ffmpeg_decoder.End_of_file.
2026/07/18 04:05:52 [next_song:3] Prepared "/var/azuracast/stations/evangile_du_royaume/media/La bible/jude_001.mp3" (RID 74).
2026/07/18 04:10:16 [decoder:2] Decoding "/var/azuracast/stations/evangile_du_royaume/media/La bible/jude_001.mp3" ended: Ffmpeg_decoder.End_of_file.
2026/07/18 04:10:17 [next_song:3] Prepared "/var/azuracast/stations/evangile_du_royaume/media/La bible/esther_010.mp3" (RID 75).
2026/07/18 04:10:47 [decoder:2] Decoding "/var/azuracast/stations/evangile_du_royaume/media/La bible/esther_010.mp3" ended: Ffmpeg_decoder.End_of_file.
2026/07/18 04:10:48 [next_song:3] Prepared "/var/azuracast/stations/evangile_du_royaume/media/La bible/abdias_001.mp3" (RID 76).
2026/07/18 04:14:11 [decoder:2] Decoding "/var/azuracast/stations/evangile_du_royaume/media/La bible/abdias_001.mp3" ended: Ffmpeg_decoder.End_of_file.
2026/07/18 04:14:11 [next_song:3] Prepared "/var/azuracast/stations/evangile_du_royaume/media/La bible/daniel_011.mp3" (RID 77).
2026/07/18 04:22:34 [decoder:2] Decoding "/var/azuracast/stations/evangile_du_royaume/media/La bible/daniel_011.mp3" ended: Ffmpeg_decoder.End_of_file.
2026/07/18 04:22:35 [next_song:3] Prepared "/var/azuracast/stations/evangile_du_royaume/media/La bible/daniel_012.mp3" (RID 78).
2026/07/18 04:24:58 [decoder:2] Decoding "/var/azuracast/stations/evangile_du_royaume/media/La bible/daniel_012.mp3" ended: Ffmpeg_decoder.End_of_file.
2026/07/18 04:24:58 [next_song:3] Prepared "/var/azuracast/stations/evangile_du_royaume/media/La bible/zacharie_001.mp3" (RID 79).
2026/07/18 04:28:30 [decoder:2] Decoding "/var/azuracast/stations/evangile_du_royaume/media/La bible/zacharie_001.mp3" ended: Ffmpeg_decoder.End_of_file.
2026/07/18 04:28:30 [next_song:3] Prepared "/var/azuracast/stations/evangile_du_royaume/media/La bible/zacharie_002.mp3" (RID 80).
2026/07/18 04:30:18 [decoder:2] Decoding "/var/azuracast/stations/evangile_du_royaume/media/La bible/zacharie_002.mp3" ended: Ffmpeg_decoder.End_of_file.
2026/07/18 04:30:18 [next_song:3] Prepared "/var/azuracast/stations/evangile_du_royaume/media/Jingle/jingle_avant_louange_05_elevons_nos_coeurs_vers_dieu.mp3" (RID 81).
2026/07/18 04:30:26 [decoder:2] Decoding "/var/azuracast/stations/evangile_du_royaume/media/Jingle/jingle_avant_louange_05_elevons_nos_coeurs_vers_dieu.mp3" ended: Ffmpeg_decoder.End_of_file.
2026/07/18 04:30:27 [next_song:3] Prepared "/var/azuracast/stations/evangile_du_royaume/media/Worship/09 - Oh Lord I Want to Know Your Glory - Port Harcourt HF.mp3" (RID 82).
2026/07/18 04:36:39 [decoder:2] Decoding "/var/azuracast/stations/evangile_du_royaume/media/Worship/09 - Oh Lord I Want to Know Your Glory - Port Harcourt HF.mp3" ended: Ffmpeg_decoder.End_of_file.
2026/07/18 04:36:40 [next_song:3] Prepared "/var/azuracast/stations/evangile_du_royaume/media/Cantiques du royaume/cantique_-_esprit_de_dieu.mp3" (RID 83).
2026/07/18 04:39:49 [decoder:2] Decoding "/var/azuracast/stations/evangile_du_royaume/media/Cantiques du royaume/cantique_-_esprit_de_dieu.mp3" ended: Ffmpeg_decoder.End_of_file.
2026/07/18 04:39:50 [next_song:3] Prepared "/var/azuracast/stations/evangile_du_royaume/media/Worship/13 - For By My God - Toronto & Winnipeg HF.mp3" (RID 84).
2026/07/18 04:47:07 [decoder:2] Decoding "/var/azuracast/stations/evangile_du_royaume/media/Worship/13 - For By My God - Toronto & Winnipeg HF.mp3" ended: Ffmpeg_decoder.End_of_file.
2026/07/18 04:47:08 [next_song:3] Prepared "/var/azuracast/stations/evangile_du_royaume/media/Worship/70 - Sing Unto the Lord a new Song  - Winnipeg Fellowship.mp3" (RID 85).
2026/07/18 04:53:09 [decoder:2] Decoding "/var/azuracast/stations/evangile_du_royaume/media/Worship/70 - Sing Unto the Lord a new Song  - Winnipeg Fellowship.mp3" ended: Ffmpeg_decoder.End_of_file.
2026/07/18 04:53:10 [next_song:3] Prepared "/var/azuracast/stations/evangile_du_royaume/media/Worship/23 - Guide Me - El ELyon - Abuja HF.mp3" (RID 86).
2026/07/18 04:58:11 [decoder:2] Decoding "/var/azuracast/stations/evangile_du_royaume/media/Worship/23 - Guide Me - El ELyon - Abuja HF.mp3" ended: Ffmpeg_decoder.End_of_file.
2026/07/18 04:58:11 [next_song:3] Prepared "/var/azuracast/stations/evangile_du_royaume/media/Worship/32 - There is A Mighty River Flowing - Ketu HF.mp3" (RID 87).
2026/07/18 05:05:17 [decoder:2] Decoding "/var/azuracast/stations/evangile_du_royaume/media/Worship/32 - There is A Mighty River Flowing - Ketu HF.mp3" ended: Ffmpeg_decoder.End_of_file.
2026/07/18 05:05:18 [next_song:3] Prepared "/var/azuracast/stations/evangile_du_royaume/media/Worship/57 - Holy Are You - PHF.mp3" (RID 88).
2026/07/18 05:15:40 [decoder:2] Decoding "/var/azuracast/stations/evangile_du_royaume/media/Worship/57 - Holy Are You - PHF.mp3" ended: Ffmpeg_decoder.End_of_file.
2026/07/18 05:15:41 [next_song:3] Prepared "/var/azuracast/stations/evangile_du_royaume/media/Worship/33 - By the word of the lord - Ketu HF.mp3" (RID 89).
2026/07/18 05:20:59 [decoder:2] Decoding "/var/azuracast/stations/evangile_du_royaume/media/Worship/33 - By the word of the lord - Ketu HF.mp3" ended: Ffmpeg_decoder.End_of_file.
2026/07/18 05:21:00 [next_song:3] Prepared "/var/azuracast/stations/evangile_du_royaume/media/Worship/38 - That I May Know Him - Toronto HF.mp3" (RID 90).
2026/07/18 05:27:06 [decoder:2] Decoding "/var/azuracast/stations/evangile_du_royaume/media/Worship/38 - That I May Know Him - Toronto HF.mp3" ended: Ffmpeg_decoder.End_of_file.
2026/07/18 05:27:07 [next_song:3] Prepared "/var/azuracast/stations/evangile_du_royaume/media/Worship/42 - God is Building - Will You Be - Ketu HF.mp3" (RID 91).
2026/07/18 05:31:37 [decoder:2] Decoding "/var/azuracast/stations/evangile_du_royaume/media/Worship/42 - God is Building - Will You Be - Ketu HF.mp3" ended: Ffmpeg_decoder.End_of_file.
2026/07/18 05:31:38 [next_song:3] Prepared "/var/azuracast/stations/evangile_du_royaume/media/Jingle/jingle_id_station_02_radio_evangile_du_royaume.mp3" (RID 92).
2026/07/18 05:31:47 [decoder:2] Decoding "/var/azuracast/stations/evangile_du_royaume/media/Jingle/jingle_id_station_02_radio_evangile_du_royaume.mp3" ended: Ffmpeg_decoder.End_of_file.
2026/07/18 05:31:48 [next_song:3] Prepared "/var/azuracast/stations/evangile_du_royaume/media/La bible/job_001.mp3" (RID 93).
2026/07/18 05:35:25 [decoder:2] Decoding "/var/azuracast/stations/evangile_du_royaume/media/La bible/job_001.mp3" ended: Ffmpeg_decoder.End_of_file.
2026/07/18 05:35:26 [next_song:3] Prepared "/var/azuracast/stations/evangile_du_royaume/media/La bible/job_002.mp3" (RID 94).
2026/07/18 05:37:30 [decoder:2] Decoding "/var/azuracast/stations/evangile_du_royaume/media/La bible/job_002.mp3" ended: Ffmpeg_decoder.End_of_file.
2026/07/18 05:37:31 [next_song:3] Prepared "/var/azuracast/stations/evangile_du_royaume/media/La bible/job_003.mp3" (RID 95).
2026/07/18 05:39:53 [decoder:2] Decoding "/var/azuracast/stations/evangile_du_royaume/media/La bible/job_003.mp3" ended: Ffmpeg_decoder.End_of_file.
2026/07/18 05:39:54 [next_song:3] Prepared "/var/azuracast/stations/evangile_du_royaume/media/La bible/job_004.mp3" (RID 96).
2026/07/18 05:41:56 [decoder:2] Decoding "/var/azuracast/stations/evangile_du_royaume/media/La bible/job_004.mp3" ended: Ffmpeg_decoder.End_of_file.
2026/07/18 05:41:56 [next_song:3] Prepared "/var/azuracast/stations/evangile_du_royaume/media/La bible/job_005.mp3" (RID 97).
2026/07/18 05:44:20 [decoder:2] Decoding "/var/azuracast/stations/evangile_du_royaume/media/La bible/job_005.mp3" ended: Ffmpeg_decoder.End_of_file.
2026/07/18 05:44:21 [next_song:3] Prepared "/var/azuracast/stations/evangile_du_royaume/media/La bible/job_006.mp3" (RID 98).
2026/07/18 05:47:15 [decoder:2] Decoding "/var/azuracast/stations/evangile_du_royaume/media/La bible/job_006.mp3" ended: Ffmpeg_decoder.End_of_file.
2026/07/18 05:47:15 [next_song:3] Prepared "/var/azuracast/stations/evangile_du_royaume/media/La bible/job_007.mp3" (RID 99).
2026/07/18 05:49:34 [decoder:2] Decoding "/var/azuracast/stations/evangile_du_royaume/media/La bible/job_007.mp3" ended: Ffmpeg_decoder.End_of_file.
2026/07/18 05:49:34 [next_song:3] Prepared "/var/azuracast/stations/evangile_du_royaume/media/La bible/job_008.mp3" (RID 100).
2026/07/18 05:51:37 [decoder:2] Decoding "/var/azuracast/stations/evangile_du_royaume/media/La bible/job_008.mp3" ended: Ffmpeg_decoder.End_of_file.
2026/07/18 05:51:38 [next_song:3] Prepared "/var/azuracast/stations/evangile_du_royaume/media/Jingle/jingle_musical_station_fm_parole_prophetique_01.mp3" (RID 101).
2026/07/18 05:51:47 [decoder:2] Decoding "/var/azuracast/stations/evangile_du_royaume/media/Jingle/jingle_musical_station_fm_parole_prophetique_01.mp3" ended: Ffmpeg_decoder.End_of_file.
2026/07/18 05:51:48 [next_song:3] Prepared "/var/azuracast/stations/evangile_du_royaume/media/Cantiques du royaume/cantique_-_jai_donné_ma_vie_à_jésus_(1).mp3" (RID 102).
2026/07/18 05:55:55 [decoder:2] Decoding "/var/azuracast/stations/evangile_du_royaume/media/Cantiques du royaume/cantique_-_jai_donné_ma_vie_à_jésus_(1).mp3" ended: Ffmpeg_decoder.End_of_file.
2026/07/18 05:55:56 [next_song:3] Prepared "/var/azuracast/stations/evangile_du_royaume/media/SWBN Lead Concert Live Worship/08 - You're the Lamb (Abasiama Timothy).mp3" (RID 103).
2026/07/18 06:03:02 [decoder:2] Decoding "/var/azuracast/stations/evangile_du_royaume/media/SWBN Lead Concert Live Worship/08 - You're the Lamb (Abasiama Timothy).mp3" ended: Ffmpeg_decoder.End_of_file.
2026/07/18 06:03:02 [next_song:3] Prepared "/var/azuracast/stations/evangile_du_royaume/media/Jingle/jingle_avant_message_04_bienvenue_sur_parole_prophetique_fm.mp3" (RID 104).
2026/07/18 06:03:03 [decoder.id3:2] Error while decoding file tags: Invalid_argument("String.sub / Bytes.sub")
2026/07/18 06:03:09 [decoder:2] Decoding "/var/azuracast/stations/evangile_du_royaume/media/Jingle/jingle_avant_message_04_bienvenue_sur_parole_prophetique_fm.mp3" ended: Ffmpeg_decoder.End_of_file.
2026/07/18 06:03:10 [next_song:3] Prepared "/var/azuracast/stations/evangile_du_royaume/media/2020_tian_le_pardon_8.mp3" (RID 105).
2026/07/18 06:16:55 [decoder:2] Decoding "/var/azuracast/stations/evangile_du_royaume/media/2020_tian_le_pardon_8.mp3" ended: Ffmpeg_decoder.End_of_file.
2026/07/18 06:16:55 [next_song:3] Prepared "/var/azuracast/stations/evangile_du_royaume/media/Jingle/jingle_avant_bible_06_ouvrons_les_saintes_ecritures.mp3" (RID 106).
2026/07/18 06:17:02 [decoder:2] Decoding "/var/azuracast/stations/evangile_du_royaume/media/Jingle/jingle_avant_bible_06_ouvrons_les_saintes_ecritures.mp3" ended: Ffmpeg_decoder.End_of_file.
2026/07/18 06:17:03 [next_song:3] Prepared "/var/azuracast/stations/evangile_du_royaume/media/La bible/jacques_001.mp3" (RID 107).
2026/07/18 06:20:57 [decoder:2] Decoding "/var/azuracast/stations/evangile_du_royaume/media/La bible/jacques_001.mp3" ended: Ffmpeg_decoder.End_of_file.
2026/07/18 06:20:57 [next_song:3] Prepared "/var/azuracast/stations/evangile_du_royaume/media/La bible/jacques_002.mp3" (RID 108).
2026/07/18 06:24:45 [decoder:2] Decoding "/var/azuracast/stations/evangile_du_royaume/media/La bible/jacques_002.mp3" ended: Ffmpeg_decoder.End_of_file.
2026/07/18 06:24:46 [next_song:3] Prepared "/var/azuracast/stations/evangile_du_royaume/media/La bible/jacques_003.mp3" (RID 109).
2026/07/18 06:27:38 [decoder:2] Decoding "/var/azuracast/stations/evangile_du_royaume/media/La bible/jacques_003.mp3" ended: Ffmpeg_decoder.End_of_file.
2026/07/18 06:27:39 [next_song:3] Prepared "/var/azuracast/stations/evangile_du_royaume/media/La bible/jacques_004.mp3" (RID 110).
2026/07/18 06:30:22 [decoder:2] Decoding "/var/azuracast/stations/evangile_du_royaume/media/La bible/jacques_004.mp3" ended: Ffmpeg_decoder.End_of_file.
2026/07/18 06:30:23 [next_song:3] Prepared "/var/azuracast/stations/evangile_du_royaume/media/La bible/jacques_005.mp3" (RID 111).
2026/07/18 06:33:47 [decoder:2] Decoding "/var/azuracast/stations/evangile_du_royaume/media/La bible/jacques_005.mp3" ended: Ffmpeg_decoder.End_of_file.
2026/07/18 06:33:48 [next_song:3] Prepared "/var/azuracast/stations/evangile_du_royaume/media/La bible/lévitique_024.mp3" (RID 112).
2026/07/18 06:36:56 [decoder:2] Decoding "/var/azuracast/stations/evangile_du_royaume/media/La bible/lévitique_024.mp3" ended: Ffmpeg_decoder.End_of_file.
2026/07/18 06:36:56 [next_song:3] Prepared "/var/azuracast/stations/evangile_du_royaume/media/La bible/lévitique_025.mp3" (RID 113).
2026/07/18 06:45:07 [decoder:2] Decoding "/var/azuracast/stations/evangile_du_royaume/media/La bible/lévitique_025.mp3" ended: Ffmpeg_decoder.End_of_file.
2026/07/18 06:45:07 [next_song:3] Prepared "/var/azuracast/stations/evangile_du_royaume/media/La bible/lévitique_026.mp3" (RID 114).
2026/07/18 06:51:57 [decoder:2] Decoding "/var/azuracast/stations/evangile_du_royaume/media/La bible/lévitique_026.mp3" ended: Ffmpeg_decoder.End_of_file.
2026/07/18 06:51:58 [next_song:3] Prepared "/var/azuracast/stations/evangile_du_royaume/media/La bible/lévitique_027.mp3" (RID 115).
2026/07/18 06:56:53 [decoder:2] Decoding "/var/azuracast/stations/evangile_du_royaume/media/La bible/lévitique_027.mp3" ended: Ffmpeg_decoder.End_of_file.
2026/07/18 06:56:54 [next_song:3] Prepared "/var/azuracast/stations/evangile_du_royaume/media/La bible/josué_007.mp3" (RID 116).
2026/07/18 07:02:13 [decoder:2] Decoding "/var/azuracast/stations/evangile_du_royaume/media/La bible/josué_007.mp3" ended: Ffmpeg_decoder.End_of_file.
2026/07/18 07:02:13 [next_song:3] Prepared "/var/azuracast/stations/evangile_du_royaume/media/La bible/josué_008.mp3" (RID 117).
2026/07/18 07:08:37 [decoder:2] Decoding "/var/azuracast/stations/evangile_du_royaume/media/La bible/josué_008.mp3" ended: Ffmpeg_decoder.End_of_file.
2026/07/18 07:08:37 [next_song:3] Prepared "/var/azuracast/stations/evangile_du_royaume/media/La bible/josué_009.mp3" (RID 118).
2026/07/18 07:13:12 [decoder:2] Decoding "/var/azuracast/stations/evangile_du_royaume/media/La bible/josué_009.mp3" ended: Ffmpeg_decoder.End_of_file.
2026/07/18 07:13:13 [next_song:3] Prepared "/var/azuracast/stations/evangile_du_royaume/media/La bible/josué_010.mp3" (RID 119).
2026/07/18 07:21:14 [decoder:2] Decoding "/var/azuracast/stations/evangile_du_royaume/media/La bible/josué_010.mp3" ended: Ffmpeg_decoder.End_of_file.
2026/07/18 07:21:14 [next_song:3] Prepared "/var/azuracast/stations/evangile_du_royaume/media/Jingle/jingle_avant_louange_06_que_la_louange_seleve.mp3" (RID 120).
2026/07/18 07:21:22 [decoder:2] Decoding "/var/azuracast/stations/evangile_du_royaume/media/Jingle/jingle_avant_louange_06_que_la_louange_seleve.mp3" ended: Ffmpeg_decoder.End_of_file.
2026/07/18 07:21:22 [next_song:3] Prepared "/var/azuracast/stations/evangile_du_royaume/media/Cantiques du royaume/Cantique l_Éternel est mon Berger (1).mp3" (RID 121).
2026/07/18 07:27:02 [decoder:2] Decoding "/var/azuracast/stations/evangile_du_royaume/media/Cantiques du royaume/Cantique l_Éternel est mon Berger (1).mp3" ended: Ffmpeg_decoder.End_of_file.
2026/07/18 07:27:03 [next_song:3] Prepared "/var/azuracast/stations/evangile_du_royaume/media/Worship/01 - There Is Forgiveness In Thee - SWBN TV.mp3" (RID 122).
2026/07/18 07:33:07 [decoder:2] Decoding "/var/azuracast/stations/evangile_du_royaume/media/Worship/01 - There Is Forgiveness In Thee - SWBN TV.mp3" ended: Ffmpeg_decoder.End_of_file.
2026/07/18 07:33:08 [next_song:3] Prepared "/var/azuracast/stations/evangile_du_royaume/media/Cantiques du royaume/cantique___il_s_est_lui-même_humilié.mp3" (RID 123).
2026/07/18 07:38:33 [decoder:2] Decoding "/var/azuracast/stations/evangile_du_royaume/media/Cantiques du royaume/cantique___il_s_est_lui-même_humilié.mp3" ended: Ffmpeg_decoder.End_of_file.
2026/07/18 07:38:33 [next_song:3] Prepared "/var/azuracast/stations/evangile_du_royaume/media/Worship/67 - My God Is Good - Winnipeg Fellowship.mp3" (RID 124).
2026/07/18 07:45:39 [decoder:2] Decoding "/var/azuracast/stations/evangile_du_royaume/media/Worship/67 - My God Is Good - Winnipeg Fellowship.mp3" ended: Ffmpeg_decoder.End_of_file.
2026/07/18 07:45:40 [next_song:3] Prepared "/var/azuracast/stations/evangile_du_royaume/media/Cantiques du royaume/Cantique   Oh Éternel Dieu, Tu es le Dieu Incomparable.mp3" (RID 125).
2026/07/18 07:49:48 [decoder:2] Decoding "/var/azuracast/stations/evangile_du_royaume/media/Cantiques du royaume/Cantique   Oh Éternel Dieu, Tu es le Dieu Incomparable.mp3" ended: Ffmpeg_decoder.End_of_file.
2026/07/18 07:49:48 [next_song:3] Prepared "/var/azuracast/stations/evangile_du_royaume/media/Cantiques du royaume/Cantique sa miséricorde.mp3" (RID 126).
2026/07/18 07:53:09 [decoder:2] Decoding "/var/azuracast/stations/evangile_du_royaume/media/Cantiques du royaume/Cantique sa miséricorde.mp3" ended: Ffmpeg_decoder.End_of_file.
2026/07/18 07:53:09 [next_song:3] Prepared "/var/azuracast/stations/evangile_du_royaume/media/Worship/75 - How Precious Oh Lord.mp3" (RID 127).
2026/07/18 07:58:51 [decoder:2] Decoding "/var/azuracast/stations/evangile_du_royaume/media/Worship/75 - How Precious Oh Lord.mp3" ended: Ffmpeg_decoder.End_of_file.
2026/07/18 07:58:52 [next_song:3] Prepared "/var/azuracast/stations/evangile_du_royaume/media/Worship/14 - Great & Marvelluos - Toronto HF.mp3" (RID 128).
2026/07/18 08:10:43 [decoder:2] Decoding "/var/azuracast/stations/evangile_du_royaume/media/Worship/14 - Great & Marvelluos - Toronto HF.mp3" ended: Ffmpeg_decoder.End_of_file.
2026/07/18 08:10:43 [next_song:3] Prepared "/var/azuracast/stations/evangile_du_royaume/media/Worship/30 - Yeshua I'm Waiting for You  - Ketu HF.mp3" (RID 129).
2026/07/18 08:15:29 [decoder:2] Decoding "/var/azuracast/stations/evangile_du_royaume/media/Worship/30 - Yeshua I'm Waiting for You  - Ketu HF.mp3" ended: Ffmpeg_decoder.End_of_file.
2026/07/18 08:15:29 [next_song:3] Prepared "/var/azuracast/stations/evangile_du_royaume/media/Worship/60 - Be Exalted - PHF.mp3" (RID 130).
2026/07/18 08:26:05 [decoder:2] Decoding "/var/azuracast/stations/evangile_du_royaume/media/Worship/60 - Be Exalted - PHF.mp3" ended: Ffmpeg_decoder.End_of_file.
2026/07/18 08:26:05 [next_song:3] Prepared "/var/azuracast/stations/evangile_du_royaume/media/Jingle/jingle_avant_bible_07_place_a_la_lecture_de_la_bible.mp3" (RID 131).
2026/07/18 08:26:15 [decoder:2] Decoding "/var/azuracast/stations/evangile_du_royaume/media/Jingle/jingle_avant_bible_07_place_a_la_lecture_de_la_bible.mp3" ended: Ffmpeg_decoder.End_of_file.
2026/07/18 08:26:16 [next_song:3] Prepared "/var/azuracast/stations/evangile_du_royaume/media/La bible/1_corinthiens_004.mp3" (RID 132).
2026/07/18 08:29:53 [decoder:2] Decoding "/var/azuracast/stations/evangile_du_royaume/media/La bible/1_corinthiens_004.mp3" ended: Ffmpeg_decoder.End_of_file.
2026/07/18 08:29:53 [next_song:3] Prepared "/var/azuracast/stations/evangile_du_royaume/media/La bible/1_corinthiens_005.mp3" (RID 133).
2026/07/18 08:32:08 [decoder:2] Decoding "/var/azuracast/stations/evangile_du_royaume/media/La bible/1_corinthiens_005.mp3" ended: Ffmpeg_decoder.End_of_file.
2026/07/18 08:32:08 [next_song:3] Prepared "/var/azuracast/stations/evangile_du_royaume/media/La bible/1_corinthiens_006.mp3" (RID 134).
2026/07/18 08:35:24 [decoder:2] Decoding "/var/azuracast/stations/evangile_du_royaume/media/La bible/1_corinthiens_006.mp3" ended: Ffmpeg_decoder.End_of_file.
2026/07/18 08:35:24 [next_song:3] Prepared "/var/azuracast/stations/evangile_du_royaume/media/La bible/1_corinthiens_007.mp3" (RID 135).
2026/07/18 08:41:50 [decoder:2] Decoding "/var/azuracast/stations/evangile_du_royaume/media/La bible/1_corinthiens_007.mp3" ended: Ffmpeg_decoder.End_of_file.
2026/07/18 08:41:51 [next_song:3] Prepared "/var/azuracast/stations/evangile_du_royaume/media/La bible/1_corinthiens_008.mp3" (RID 136).
2026/07/18 08:43:52 [decoder:2] Decoding "/var/azuracast/stations/evangile_du_royaume/media/La bible/1_corinthiens_008.mp3" ended: Ffmpeg_decoder.End_of_file.
2026/07/18 08:43:52 [next_song:3] Prepared "/var/azuracast/stations/evangile_du_royaume/media/La bible/1_corinthiens_009.mp3" (RID 137).
2026/07/18 08:47:58 [decoder:2] Decoding "/var/azuracast/stations/evangile_du_royaume/media/La bible/1_corinthiens_009.mp3" ended: Ffmpeg_decoder.End_of_file.
2026/07/18 08:47:58 [next_song:3] Prepared "/var/azuracast/stations/evangile_du_royaume/media/La bible/1_corinthiens_010.mp3" (RID 138).
2026/07/18 08:52:44 [decoder:2] Decoding "/var/azuracast/stations/evangile_du_royaume/media/La bible/1_corinthiens_010.mp3" ended: Ffmpeg_decoder.End_of_file.
2026/07/18 08:52:44 [next_song:3] Prepared "/var/azuracast/stations/evangile_du_royaume/media/La bible/1_corinthiens_011.mp3" (RID 139).
2026/07/18 08:57:50 [decoder:2] Decoding "/var/azuracast/stations/evangile_du_royaume/media/La bible/1_corinthiens_011.mp3" ended: Ffmpeg_decoder.End_of_file.
2026/07/18 08:57:50 [next_song:3] Prepared "/var/azuracast/stations/evangile_du_royaume/media/Jingle/jingle_avant_louange_05_elevons_nos_coeurs_vers_dieu.mp3" (RID 140).
2026/07/18 08:57:58 [decoder:2] Decoding "/var/azuracast/stations/evangile_du_royaume/media/Jingle/jingle_avant_louange_05_elevons_nos_coeurs_vers_dieu.mp3" ended: Ffmpeg_decoder.End_of_file.
2026/07/18 08:57:59 [next_song:3] Prepared "/var/azuracast/stations/evangile_du_royaume/media/Worship/73 - Arise Out of Zion  - Winnipeg Fellowship.mp3" (RID 141).
2026/07/18 09:05:42 [decoder:2] Decoding "/var/azuracast/stations/evangile_du_royaume/media/Worship/73 - Arise Out of Zion  - Winnipeg Fellowship.mp3" ended: Ffmpeg_decoder.End_of_file.
2026/07/18 09:05:42 [next_song:3] Prepared "/var/azuracast/stations/evangile_du_royaume/media/Worship/21 - I Choose the Way of the Lord - Abuja HF.mp3" (RID 142).
2026/07/18 09:09:47 [decoder:2] Decoding "/var/azuracast/stations/evangile_du_royaume/media/Worship/21 - I Choose the Way of the Lord - Abuja HF.mp3" ended: Ffmpeg_decoder.End_of_file.
2026/07/18 09:09:47 [next_song:3] Prepared "/var/azuracast/stations/evangile_du_royaume/media/Worship/39 - My Heart Rejoices - Toronto HF.mp3" (RID 143).
2026/07/18 09:18:05 [decoder:2] Decoding "/var/azuracast/stations/evangile_du_royaume/media/Worship/39 - My Heart Rejoices - Toronto HF.mp3" ended: Ffmpeg_decoder.End_of_file.
2026/07/18 09:18:06 [next_song:3] Prepared "/var/azuracast/stations/evangile_du_royaume/media/Worship/80 - I Will Call Upon The Lord.mp3" (RID 144).
2026/07/18 09:23:13 [decoder:2] Decoding "/var/azuracast/stations/evangile_du_royaume/media/Worship/80 - I Will Call Upon The Lord.mp3" ended: Ffmpeg_decoder.End_of_file.
2026/07/18 09:23:13 [next_song:3] Prepared "/var/azuracast/stations/evangile_du_royaume/media/Worship/77 - We Shall Not Fear - Nonso Njoku.mp3" (RID 145).
2026/07/18 09:28:31 [decoder:2] Decoding "/var/azuracast/stations/evangile_du_royaume/media/Worship/77 - We Shall Not Fear - Nonso Njoku.mp3" ended: Ffmpeg_decoder.End_of_file.
2026/07/18 09:28:32 [next_song:3] Prepared "/var/azuracast/stations/evangile_du_royaume/media/Cantiques du royaume/7-_gael_adorons_léternel.mp3" (RID 146).
2026/07/18 09:32:10 [decoder:2] Decoding "/var/azuracast/stations/evangile_du_royaume/media/Cantiques du royaume/7-_gael_adorons_léternel.mp3" ended: Ffmpeg_decoder.End_of_file.
2026/07/18 09:32:11 [next_song:3] Prepared "/var/azuracast/stations/evangile_du_royaume/media/Worship/05 - There Is No Lie - SWBN TV.mp3" (RID 147).
2026/07/18 09:39:44 [decoder:2] Decoding "/var/azuracast/stations/evangile_du_royaume/media/Worship/05 - There Is No Lie - SWBN TV.mp3" ended: Ffmpeg_decoder.End_of_file.
2026/07/18 09:39:44 [next_song:3] Prepared "/var/azuracast/stations/evangile_du_royaume/media/Worship/44 - Great is, Ascribe - Ketu HF.mp3" (RID 148).
2026/07/18 09:50:42 [decoder:2] Decoding "/var/azuracast/stations/evangile_du_royaume/media/Worship/44 - Great is, Ascribe - Ketu HF.mp3" ended: Ffmpeg_decoder.End_of_file.
2026/07/18 09:50:42 [next_song:3] Prepared "/var/azuracast/stations/evangile_du_royaume/media/Worship/31 - You Are Worthy - Ketu HF.mp3" (RID 149).
2026/07/18 09:54:58 [decoder:2] Decoding "/var/azuracast/stations/evangile_du_royaume/media/Worship/31 - You Are Worthy - Ketu HF.mp3" ended: Ffmpeg_decoder.End_of_file.
2026/07/18 09:54:58 [next_song:3] Prepared "/var/azuracast/stations/evangile_du_royaume/media/Worship/15 - Satisfy My Soul - Calabar HF.mp3" (RID 150).
2026/07/18 10:00:57 [decoder:2] Decoding "/var/azuracast/stations/evangile_du_royaume/media/Worship/15 - Satisfy My Soul - Calabar HF.mp3" ended: Ffmpeg_decoder.End_of_file.
2026/07/18 10:00:58 [next_song:3] Prepared "/var/azuracast/stations/evangile_du_royaume/media/Jingle/jingle_avant_bible_08_prenons_un_moment_pour_ecouter_la_parole.mp3" (RID 151).
2026/07/18 10:01:04 [decoder:2] Decoding "/var/azuracast/stations/evangile_du_royaume/media/Jingle/jingle_avant_bible_08_prenons_un_moment_pour_ecouter_la_parole.mp3" ended: Ffmpeg_decoder.End_of_file.
2026/07/18 10:01:04 [next_song:3] Prepared "/var/azuracast/stations/evangile_du_royaume/media/La bible/genèse_022.mp3" (RID 152).
2026/07/18 10:05:08 [decoder:2] Decoding "/var/azuracast/stations/evangile_du_royaume/media/La bible/genèse_022.mp3" ended: Ffmpeg_decoder.End_of_file.
2026/07/18 10:05:09 [next_song:3] Prepared "/var/azuracast/stations/evangile_du_royaume/media/La bible/genèse_023.mp3" (RID 153).
2026/07/18 10:08:24 [decoder:2] Decoding "/var/azuracast/stations/evangile_du_royaume/media/La bible/genèse_023.mp3" ended: Ffmpeg_decoder.End_of_file.
2026/07/18 10:08:25 [next_song:3] Prepared "/var/azuracast/stations/evangile_du_royaume/media/La bible/genèse_024.mp3" (RID 154).
2026/07/18 10:19:37 [decoder:2] Decoding "/var/azuracast/stations/evangile_du_royaume/media/La bible/genèse_024.mp3" ended: Ffmpeg_decoder.End_of_file.
2026/07/18 10:19:38 [next_song:3] Prepared "/var/azuracast/stations/evangile_du_royaume/media/La bible/genèse_025.mp3" (RID 155).
2026/07/18 10:24:44 [decoder:2] Decoding "/var/azuracast/stations/evangile_du_royaume/media/La bible/genèse_025.mp3" ended: Ffmpeg_decoder.End_of_file.
2026/07/18 10:24:45 [next_song:3] Prepared "/var/azuracast/stations/evangile_du_royaume/media/La bible/genèse_026.mp3" (RID 156).
2026/07/18 10:30:30 [decoder:2] Decoding "/var/azuracast/stations/evangile_du_royaume/media/La bible/genèse_026.mp3" ended: Ffmpeg_decoder.End_of_file.
2026/07/18 10:30:31 [next_song:3] Prepared "/var/azuracast/stations/evangile_du_royaume/media/La bible/genèse_027.mp3" (RID 157).
2026/07/18 10:38:27 [decoder:2] Decoding "/var/azuracast/stations/evangile_du_royaume/media/La bible/genèse_027.mp3" ended: Ffmpeg_decoder.End_of_file.
2026/07/18 10:38:28 [next_song:3] Prepared "/var/azuracast/stations/evangile_du_royaume/media/La bible/genèse_028.mp3" (RID 158).
2026/07/18 10:42:14 [decoder:2] Decoding "/var/azuracast/stations/evangile_du_royaume/media/La bible/genèse_028.mp3" ended: Ffmpeg_decoder.End_of_file.
2026/07/18 10:42:14 [next_song:3] Prepared "/var/azuracast/stations/evangile_du_royaume/media/La bible/genèse_029.mp3" (RID 159).
2026/07/18 10:47:25 [decoder:2] Decoding "/var/azuracast/stations/evangile_du_royaume/media/La bible/genèse_029.mp3" ended: Ffmpeg_decoder.End_of_file.
2026/07/18 10:47:25 [next_song:3] Prepared "/var/azuracast/stations/evangile_du_royaume/media/Jingle/jingle_avant_louange_07_voici_un_temps_de_louange.mp3" (RID 160).
2026/07/18 10:47:35 [decoder:2] Decoding "/var/azuracast/stations/evangile_du_royaume/media/Jingle/jingle_avant_louange_07_voici_un_temps_de_louange.mp3" ended: Ffmpeg_decoder.End_of_file.
2026/07/18 10:47:36 [next_song:3] Prepared "/var/azuracast/stations/evangile_du_royaume/media/Cantiques du royaume/cantique__tes_promesses__pub_direct_dec_2021_import_(2).mp3" (RID 161).
2026/07/18 10:54:50 [decoder:2] Decoding "/var/azuracast/stations/evangile_du_royaume/media/Cantiques du royaume/cantique__tes_promesses__pub_direct_dec_2021_import_(2).mp3" ended: Ffmpeg_decoder.End_of_file.
2026/07/18 10:54:51 [next_song:3] Prepared "/var/azuracast/stations/evangile_du_royaume/media/SWBN Lead Concert Live Worship/06 - Yahweh is Mighty (Imah Adegoke).mp3" (RID 162).
2026/07/18 11:02:45 [decoder:2] Decoding "/var/azuracast/stations/evangile_du_royaume/media/SWBN Lead Concert Live Worship/06 - Yahweh is Mighty (Imah Adegoke).mp3" ended: Ffmpeg_decoder.End_of_file.
2026/07/18 11:02:46 [next_song:3] Prepared "/var/azuracast/stations/evangile_du_royaume/media/Worship/88 - Good God - Asaba Fellowship.mp3" (RID 163).
2026/07/18 11:08:48 [decoder:2] Decoding "/var/azuracast/stations/evangile_du_royaume/media/Worship/88 - Good God - Asaba Fellowship.mp3" ended: Ffmpeg_decoder.End_of_file.
2026/07/18 11:08:49 [next_song:3] Prepared "/var/azuracast/stations/evangile_du_royaume/media/Cantiques du royaume/cantique__heureux_l_homme_qui_ne_marche_pas_selon.mp3" (RID 164).
2026/07/18 11:11:06 [decoder:2] Decoding "/var/azuracast/stations/evangile_du_royaume/media/Cantiques du royaume/cantique__heureux_l_homme_qui_ne_marche_pas_selon.mp3" ended: Ffmpeg_decoder.End_of_file.
2026/07/18 11:11:06 [next_song:3] Prepared "/var/azuracast/stations/evangile_du_royaume/media/Worship/71 - In the Day of Your Power  - Winnipeg Fellowship.mp3" (RID 165).
2026/07/18 11:19:24 [decoder:2] Decoding "/var/azuracast/stations/evangile_du_royaume/media/Worship/71 - In the Day of Your Power  - Winnipeg Fellowship.mp3" ended: Ffmpeg_decoder.End_of_file.
2026/07/18 11:19:25 [next_song:3] Prepared "/var/azuracast/stations/evangile_du_royaume/media/Worship/36 - Praise the Lord of Host - Toronto HF.mp3" (RID 166).
2026/07/18 11:25:52 [decoder:2] Decoding "/var/azuracast/stations/evangile_du_royaume/media/Worship/36 - Praise the Lord of Host - Toronto HF.mp3" ended: Ffmpeg_decoder.End_of_file.
2026/07/18 11:25:52 [next_song:3] Prepared "/var/azuracast/stations/evangile_du_royaume/media/Worship/43 - The Mountains, Come and, Oh City - Ketu HF.mp3" (RID 167).
2026/07/18 11:34:14 [decoder:2] Decoding "/var/azuracast/stations/evangile_du_royaume/media/Worship/43 - The Mountains, Come and, Oh City - Ketu HF.mp3" ended: Ffmpeg_decoder.End_of_file.
2026/07/18 11:34:14 [next_song:3] Prepared "/var/azuracast/stations/evangile_du_royaume/media/Worship/84 - Song Of Victory - Emmanuel Igunbor.mp3" (RID 168).
2026/07/18 11:38:17 [decoder:2] Decoding "/var/azuracast/stations/evangile_du_royaume/media/Worship/84 - Song Of Victory - Emmanuel Igunbor.mp3" ended: Ffmpeg_decoder.End_of_file.
2026/07/18 11:38:17 [next_song:3] Prepared "/var/azuracast/stations/evangile_du_royaume/media/Cantiques du royaume/cantique___ta_lumière.mp3" (RID 169).
2026/07/18 11:44:49 [decoder:2] Decoding "/var/azuracast/stations/evangile_du_royaume/media/Cantiques du royaume/cantique___ta_lumière.mp3" ended: Ffmpeg_decoder.End_of_file.
2026/07/18 11:44:50 [next_song:3] Prepared "/var/azuracast/stations/evangile_du_royaume/media/Worship/54 - He Has Given Me - PHF.mp3" (RID 170).
2026/07/18 11:49:55 [decoder:2] Decoding "/var/azuracast/stations/evangile_du_royaume/media/Worship/54 - He Has Given Me - PHF.mp3" ended: Ffmpeg_decoder.End_of_file.
2026/07/18 11:49:56 [next_song:3] Prepared "/var/azuracast/stations/evangile_du_royaume/media/Jingle/jingle_id_station_01_la_bonne_nouvelle_partout.mp3" (RID 171).
2026/07/18 11:50:05 [decoder:2] Decoding "/var/azuracast/stations/evangile_du_royaume/media/Jingle/jingle_id_station_01_la_bonne_nouvelle_partout.mp3" ended: Ffmpeg_decoder.End_of_file.
2026/07/18 11:50:05 [next_song:3] Prepared "/var/azuracast/stations/evangile_du_royaume/media/La bible/hébreux_013.mp3" (RID 172).
2026/07/18 11:53:38 [decoder:2] Decoding "/var/azuracast/stations/evangile_du_royaume/media/La bible/hébreux_013.mp3" ended: Ffmpeg_decoder.End_of_file.
2026/07/18 11:53:39 [next_song:3] Prepared "/var/azuracast/stations/evangile_du_royaume/media/La bible/1_rois_009.mp3" (RID 173).
2026/07/18 11:58:23 [decoder:2] Decoding "/var/azuracast/stations/evangile_du_royaume/media/La bible/1_rois_009.mp3" ended: Ffmpeg_decoder.End_of_file.
2026/07/18 11:58:24 [next_song:3] Prepared "/var/azuracast/stations/evangile_du_royaume/media/La bible/1_rois_010.mp3" (RID 174).
2026/07/18 12:03:03 [decoder:2] Decoding "/var/azuracast/stations/evangile_du_royaume/media/La bible/1_rois_010.mp3" ended: Ffmpeg_decoder.End_of_file.
2026/07/18 12:03:04 [next_song:3] Prepared "/var/azuracast/stations/evangile_du_royaume/media/Jingle/jingle_avant_message_04_bienvenue_sur_parole_prophetique_fm.mp3" (RID 175).
2026/07/18 12:03:05 [decoder.id3:2] Error while decoding file tags: Invalid_argument("String.sub / Bytes.sub")
2026/07/18 12:03:11 [decoder:2] Decoding "/var/azuracast/stations/evangile_du_royaume/media/Jingle/jingle_avant_message_04_bienvenue_sur_parole_prophetique_fm.mp3" ended: Ffmpeg_decoder.End_of_file.
2026/07/18 12:03:11 [next_song:3] Prepared "/var/azuracast/stations/evangile_du_royaume/media/2020_tian_le_pardon_8.mp3" (RID 176).
2026/07/18 12:16:56 [decoder:2] Decoding "/var/azuracast/stations/evangile_du_royaume/media/2020_tian_le_pardon_8.mp3" ended: Ffmpeg_decoder.End_of_file.
2026/07/18 12:16:57 [next_song:3] Prepared "/var/azuracast/stations/evangile_du_royaume/media/Jingle/jingle_avant_bible_07_place_a_la_lecture_de_la_bible.mp3" (RID 177).
2026/07/18 12:17:07 [decoder:2] Decoding "/var/azuracast/stations/evangile_du_royaume/media/Jingle/jingle_avant_bible_07_place_a_la_lecture_de_la_bible.mp3" ended: Ffmpeg_decoder.End_of_file.
2026/07/18 12:17:07 [next_song:3] Prepared "/var/azuracast/stations/evangile_du_royaume/media/La bible/ruth_001.mp3" (RID 178).
2026/07/18 12:20:43 [decoder:2] Decoding "/var/azuracast/stations/evangile_du_royaume/media/La bible/ruth_001.mp3" ended: Ffmpeg_decoder.End_of_file.
2026/07/18 12:20:43 [next_song:3] Prepared "/var/azuracast/stations/evangile_du_royaume/media/La bible/ruth_002.mp3" (RID 179).
2026/07/18 12:24:54 [decoder:2] Decoding "/var/azuracast/stations/evangile_du_royaume/media/La bible/ruth_002.mp3" ended: Ffmpeg_decoder.End_of_file.
2026/07/18 12:24:54 [next_song:3] Prepared "/var/azuracast/stations/evangile_du_royaume/media/La bible/ruth_003.mp3" (RID 180).
2026/07/18 12:27:51 [decoder:2] Decoding "/var/azuracast/stations/evangile_du_royaume/media/La bible/ruth_003.mp3" ended: Ffmpeg_decoder.End_of_file.
2026/07/18 12:27:52 [next_song:3] Prepared "/var/azuracast/stations/evangile_du_royaume/media/La bible/ruth_004.mp3" (RID 181).
2026/07/18 12:31:32 [decoder:2] Decoding "/var/azuracast/stations/evangile_du_royaume/media/La bible/ruth_004.mp3" ended: Ffmpeg_decoder.End_of_file.
2026/07/18 12:31:33 [next_song:3] Prepared "/var/azuracast/stations/evangile_du_royaume/media/La bible/2_rois_001.mp3" (RID 182).
2026/07/18 12:35:25 [decoder:2] Decoding "/var/azuracast/stations/evangile_du_royaume/media/La bible/2_rois_001.mp3" ended: Ffmpeg_decoder.End_of_file.
2026/07/18 12:35:25 [next_song:3] Prepared "/var/azuracast/stations/evangile_du_royaume/media/La bible/2_rois_002.mp3" (RID 183).
2026/07/18 12:40:14 [decoder:2] Decoding "/var/azuracast/stations/evangile_du_royaume/media/La bible/2_rois_002.mp3" ended: Ffmpeg_decoder.End_of_file.
2026/07/18 12:40:14 [next_song:3] Prepared "/var/azuracast/stations/evangile_du_royaume/media/La bible/2_rois_003.mp3" (RID 184).
2026/07/18 12:44:54 [decoder:2] Decoding "/var/azuracast/stations/evangile_du_royaume/media/La bible/2_rois_003.mp3" ended: Ffmpeg_decoder.End_of_file.
2026/07/18 12:44:55 [next_song:3] Prepared "/var/azuracast/stations/evangile_du_royaume/media/La bible/2_rois_004.mp3" (RID 185).
2026/07/18 12:52:39 [decoder:2] Decoding "/var/azuracast/stations/evangile_du_royaume/media/La bible/2_rois_004.mp3" ended: Ffmpeg_decoder.End_of_file.
2026/07/18 12:52:39 [next_song:3] Prepared "/var/azuracast/stations/evangile_du_royaume/media/La bible/2_rois_005.mp3" (RID 186).
2026/07/18 12:58:39 [decoder:2] Decoding "/var/azuracast/stations/evangile_du_royaume/media/La bible/2_rois_005.mp3" ended: Ffmpeg_decoder.End_of_file.
2026/07/18 12:58:39 [next_song:3] Prepared "/var/azuracast/stations/evangile_du_royaume/media/La bible/2_rois_006.mp3" (RID 187).
2026/07/18 13:04:18 [decoder:2] Decoding "/var/azuracast/stations/evangile_du_royaume/media/La bible/2_rois_006.mp3" ended: Ffmpeg_decoder.End_of_file.
2026/07/18 13:04:19 [next_song:3] Prepared "/var/azuracast/stations/evangile_du_royaume/media/La bible/2_rois_007.mp3" (RID 188).
2026/07/18 13:08:44 [decoder:2] Decoding "/var/azuracast/stations/evangile_du_royaume/media/La bible/2_rois_007.mp3" ended: Ffmpeg_decoder.End_of_file.
2026/07/18 13:08:44 [next_song:3] Prepared "/var/azuracast/stations/evangile_du_royaume/media/La bible/2_rois_008.mp3" (RID 189).
2026/07/18 13:14:16 [decoder:2] Decoding "/var/azuracast/stations/evangile_du_royaume/media/La bible/2_rois_008.mp3" ended: Ffmpeg_decoder.End_of_file.
2026/07/18 13:14:16 [next_song:3] Prepared "/var/azuracast/stations/evangile_du_royaume/media/La bible/2_rois_009.mp3" (RID 190).
2026/07/18 13:21:36 [decoder:2] Decoding "/var/azuracast/stations/evangile_du_royaume/media/La bible/2_rois_009.mp3" ended: Ffmpeg_decoder.End_of_file.
2026/07/18 13:21:36 [next_song:3] Prepared "/var/azuracast/stations/evangile_du_royaume/media/Jingle/jingle_avant_louange_05_elevons_nos_coeurs_vers_dieu.mp3" (RID 191).
2026/07/18 13:21:44 [decoder:2] Decoding "/var/azuracast/stations/evangile_du_royaume/media/Jingle/jingle_avant_louange_05_elevons_nos_coeurs_vers_dieu.mp3" ended: Ffmpeg_decoder.End_of_file.
2026/07/18 13:21:45 [next_song:3] Prepared "/var/azuracast/stations/evangile_du_royaume/media/Worship/18 - El Elyon - Toronto & Winnipeg HF.mp3" (RID 192).
2026/07/18 13:30:39 [decoder:2] Decoding "/var/azuracast/stations/evangile_du_royaume/media/Worship/18 - El Elyon - Toronto & Winnipeg HF.mp3" ended: Ffmpeg_decoder.End_of_file.
2026/07/18 13:30:40 [next_song:3] Prepared "/var/azuracast/stations/evangile_du_royaume/media/Cantiques du royaume/Cantique - Je veux vivre ton royaume.mp3" (RID 193).
2026/07/18 13:35:21 [decoder:2] Decoding "/var/azuracast/stations/evangile_du_royaume/media/Cantiques du royaume/Cantique - Je veux vivre ton royaume.mp3" ended: Ffmpeg_decoder.End_of_file.
2026/07/18 13:35:22 [next_song:3] Prepared "/var/azuracast/stations/evangile_du_royaume/media/Worship/61 - Unto Him - CHF.mp3" (RID 194).
2026/07/18 13:41:38 [decoder:2] Decoding "/var/azuracast/stations/evangile_du_royaume/media/Worship/61 - Unto Him - CHF.mp3" ended: Ffmpeg_decoder.End_of_file.
2026/07/18 13:41:38 [next_song:3] Prepared "/var/azuracast/stations/evangile_du_royaume/media/Cantiques du royaume/9-_sylvain_akouala_le_bien-etre_universel.mp3" (RID 195).
2026/07/18 13:48:03 [decoder:2] Decoding "/var/azuracast/stations/evangile_du_royaume/media/Cantiques du royaume/9-_sylvain_akouala_le_bien-etre_universel.mp3" ended: Ffmpeg_decoder.End_of_file.
2026/07/18 13:48:03 [next_song:3] Prepared "/var/azuracast/stations/evangile_du_royaume/media/SWBN Lead Concert Live Worship/02 - Unto Him (Vincent Opara).mp3" (RID 196).
2026/07/18 13:56:41 [decoder:2] Decoding "/var/azuracast/stations/evangile_du_royaume/media/SWBN Lead Concert Live Worship/02 - Unto Him (Vincent Opara).mp3" ended: Ffmpeg_decoder.End_of_file.
2026/07/18 13:56:42 [next_song:3] Prepared "/var/azuracast/stations/evangile_du_royaume/media/Worship/16 - I Will Not Be Silent - Calabar HF.mp3" (RID 197).
2026/07/18 14:00:42 [decoder:2] Decoding "/var/azuracast/stations/evangile_du_royaume/media/Worship/16 - I Will Not Be Silent - Calabar HF.mp3" ended: Ffmpeg_decoder.End_of_file.
2026/07/18 14:00:42 [next_song:3] Prepared "/var/azuracast/stations/evangile_du_royaume/media/SWBN Lead Concert Live Worship/05 - Jesus I'm Waiting for You (Mary Umoh).mp3" (RID 198).
2026/07/18 14:06:29 [decoder:2] Decoding "/var/azuracast/stations/evangile_du_royaume/media/SWBN Lead Concert Live Worship/05 - Jesus I'm Waiting for You (Mary Umoh).mp3" ended: Ffmpeg_decoder.End_of_file.
2026/07/18 14:06:30 [next_song:3] Prepared "/var/azuracast/stations/evangile_du_royaume/media/Worship/11 - Hosanna - Toronto HF.mp3" (RID 199).
2026/07/18 14:13:25 [decoder:2] Decoding "/var/azuracast/stations/evangile_du_royaume/media/Worship/11 - Hosanna - Toronto HF.mp3" ended: Ffmpeg_decoder.End_of_file.
2026/07/18 14:13:26 [next_song:3] Prepared "/var/azuracast/stations/evangile_du_royaume/media/Worship/91 - Ella Samuels - Oh Lord Our Maker.mp3" (RID 200).
2026/07/18 14:19:08 [decoder:2] Decoding "/var/azuracast/stations/evangile_du_royaume/media/Worship/91 - Ella Samuels - Oh Lord Our Maker.mp3" ended: Ffmpeg_decoder.End_of_file.
2026/07/18 14:19:08 [next_song:3] Prepared "/var/azuracast/stations/evangile_du_royaume/media/Jingle/jingle_avant_bible_08_prenons_un_moment_pour_ecouter_la_parole.mp3" (RID 201).
2026/07/18 14:19:14 [decoder:2] Decoding "/var/azuracast/stations/evangile_du_royaume/media/Jingle/jingle_avant_bible_08_prenons_un_moment_pour_ecouter_la_parole.mp3" ended: Ffmpeg_decoder.End_of_file.
2026/07/18 14:19:15 [next_song:3] Prepared "/var/azuracast/stations/evangile_du_royaume/media/La bible/nombres_027.mp3" (RID 202).
2026/07/18 14:22:49 [decoder:2] Decoding "/var/azuracast/stations/evangile_du_royaume/media/La bible/nombres_027.mp3" ended: Ffmpeg_decoder.End_of_file.
2026/07/18 14:22:50 [next_song:3] Prepared "/var/azuracast/stations/evangile_du_royaume/media/La bible/nombres_028.mp3" (RID 203).
2026/07/18 14:27:16 [decoder:2] Decoding "/var/azuracast/stations/evangile_du_royaume/media/La bible/nombres_028.mp3" ended: Ffmpeg_decoder.End_of_file.
2026/07/18 14:27:17 [next_song:3] Prepared "/var/azuracast/stations/evangile_du_royaume/media/La bible/nombres_029.mp3" (RID 204).
2026/07/18 14:32:34 [decoder:2] Decoding "/var/azuracast/stations/evangile_du_royaume/media/La bible/nombres_029.mp3" ended: Ffmpeg_decoder.End_of_file.
2026/07/18 14:32:34 [next_song:3] Prepared "/var/azuracast/stations/evangile_du_royaume/media/La bible/nombres_030.mp3" (RID 205).
2026/07/18 14:35:18 [decoder:2] Decoding "/var/azuracast/stations/evangile_du_royaume/media/La bible/nombres_030.mp3" ended: Ffmpeg_decoder.End_of_file.
2026/07/18 14:35:19 [next_song:3] Prepared "/var/azuracast/stations/evangile_du_royaume/media/La bible/nombres_031.mp3" (RID 206).
2026/07/18 14:41:51 [decoder:2] Decoding "/var/azuracast/stations/evangile_du_royaume/media/La bible/nombres_031.mp3" ended: Ffmpeg_decoder.End_of_file.
2026/07/18 14:41:52 [next_song:3] Prepared "/var/azuracast/stations/evangile_du_royaume/media/La bible/nombres_032.mp3" (RID 207).
2026/07/18 14:47:50 [decoder:2] Decoding "/var/azuracast/stations/evangile_du_royaume/media/La bible/nombres_032.mp3" ended: Ffmpeg_decoder.End_of_file.
2026/07/18 14:47:51 [next_song:3] Prepared "/var/azuracast/stations/evangile_du_royaume/media/Jingle/jingle_avant_louange_06_que_la_louange_seleve.mp3" (RID 208).
2026/07/18 14:47:58 [decoder:2] Decoding "/var/azuracast/stations/evangile_du_royaume/media/Jingle/jingle_avant_louange_06_que_la_louange_seleve.mp3" ended: Ffmpeg_decoder.End_of_file.
2026/07/18 14:47:59 [next_song:3] Prepared "/var/azuracast/stations/evangile_du_royaume/media/Cantiques du royaume/cantique__nous_sommes_le_sel_de_la_terre.mp3" (RID 209).
2026/07/18 14:50:11 [decoder:2] Decoding "/var/azuracast/stations/evangile_du_royaume/media/Cantiques du royaume/cantique__nous_sommes_le_sel_de_la_terre.mp3" ended: Ffmpeg_decoder.End_of_file.
2026/07/18 14:50:12 [next_song:3] Prepared "/var/azuracast/stations/evangile_du_royaume/media/Cantiques du royaume/Cantique-A jamais, tu seras l_Agneau de Dieu.mp3" (RID 210).
2026/07/18 14:59:23 [decoder:2] Decoding "/var/azuracast/stations/evangile_du_royaume/media/Cantiques du royaume/Cantique-A jamais, tu seras l_Agneau de Dieu.mp3" ended: Ffmpeg_decoder.End_of_file.
2026/07/18 14:59:24 [next_song:3] Prepared "/var/azuracast/stations/evangile_du_royaume/media/SWBN Lead Concert Live Worship/03 - Holy are You oh Lord (Olaedo Uzoma & Vincent Opara).mp3" (RID 211).
2026/07/18 15:08:59 [decoder:2] Decoding "/var/azuracast/stations/evangile_du_royaume/media/SWBN Lead Concert Live Worship/03 - Holy are You oh Lord (Olaedo Uzoma & Vincent Opara).mp3" ended: Ffmpeg_decoder.End_of_file.
2026/07/18 15:08:59 [next_song:3] Prepared "/var/azuracast/stations/evangile_du_royaume/media/Cantiques du royaume/4-_resurrection_ses_cheveux_étaient_blancs.mp3" (RID 212).
2026/07/18 15:12:18 [decoder:2] Decoding "/var/azuracast/stations/evangile_du_royaume/media/Cantiques du royaume/4-_resurrection_ses_cheveux_étaient_blancs.mp3" ended: Ffmpeg_decoder.End_of_file.
2026/07/18 15:12:19 [next_song:3] Prepared "/var/azuracast/stations/evangile_du_royaume/media/Worship/53 - In Jesus - PHF.mp3" (RID 213).
2026/07/18 15:18:13 [decoder:2] Decoding "/var/azuracast/stations/evangile_du_royaume/media/Worship/53 - In Jesus - PHF.mp3" ended: Ffmpeg_decoder.End_of_file.
2026/07/18 15:18:14 [next_song:3] Prepared "/var/azuracast/stations/evangile_du_royaume/media/Worship/76 - You Have sworn By Your Holiness - Chidera Bisong.mp3" (RID 214).
2026/07/18 15:25:30 [decoder:2] Decoding "/var/azuracast/stations/evangile_du_royaume/media/Worship/76 - You Have sworn By Your Holiness - Chidera Bisong.mp3" ended: Ffmpeg_decoder.End_of_file.
2026/07/18 15:25:30 [next_song:3] Prepared "/var/azuracast/stations/evangile_du_royaume/media/Worship/62 - All in All - CHF.mp3" (RID 215).
2026/07/18 15:30:07 [decoder:2] Decoding "/var/azuracast/stations/evangile_du_royaume/media/Worship/62 - All in All - CHF.mp3" ended: Ffmpeg_decoder.End_of_file.
2026/07/18 15:30:07 [next_song:3] Prepared "/var/azuracast/stations/evangile_du_royaume/media/Cantiques du royaume/6-_igwe.mp3" (RID 216).
2026/07/18 15:35:14 [decoder:2] Decoding "/var/azuracast/stations/evangile_du_royaume/media/Cantiques du royaume/6-_igwe.mp3" ended: Ffmpeg_decoder.End_of_file.
2026/07/18 15:35:15 [next_song:3] Prepared "/var/azuracast/stations/evangile_du_royaume/media/Cantiques du royaume/WhatsApp Audio 2022-03-15 at 01.33.50 (1)(1).mp3" (RID 217).
2026/07/18 15:44:42 [decoder:2] Decoding "/var/azuracast/stations/evangile_du_royaume/media/Cantiques du royaume/WhatsApp Audio 2022-03-15 at 01.33.50 (1)(1).mp3" ended: Ffmpeg_decoder.End_of_file.
2026/07/18 15:44:43 [next_song:3] Prepared "/var/azuracast/stations/evangile_du_royaume/media/Cantiques du royaume/cantique__ta_bonte.mp3" (RID 218).
2026/07/18 15:50:46 [decoder:2] Decoding "/var/azuracast/stations/evangile_du_royaume/media/Cantiques du royaume/cantique__ta_bonte.mp3" ended: Ffmpeg_decoder.End_of_file.
2026/07/18 15:50:47 [next_song:3] Prepared "/var/azuracast/stations/evangile_du_royaume/media/Jingle/jingle_avant_bible_06_ouvrons_les_saintes_ecritures.mp3" (RID 219).
2026/07/18 15:50:54 [decoder:2] Decoding "/var/azuracast/stations/evangile_du_royaume/media/Jingle/jingle_avant_bible_06_ouvrons_les_saintes_ecritures.mp3" ended: Ffmpeg_decoder.End_of_file.
2026/07/18 15:50:55 [next_song:3] Prepared "/var/azuracast/stations/evangile_du_royaume/media/La bible/2_chroniques_023.mp3" (RID 220).
2026/07/18 15:55:14 [decoder:2] Decoding "/var/azuracast/stations/evangile_du_royaume/media/La bible/2_chroniques_023.mp3" ended: Ffmpeg_decoder.End_of_file.
2026/07/18 15:55:14 [next_song:3] Prepared "/var/azuracast/stations/evangile_du_royaume/media/La bible/2_chroniques_024.mp3" (RID 221).
2026/07/18 16:00:19 [decoder:2] Decoding "/var/azuracast/stations/evangile_du_royaume/media/La bible/2_chroniques_024.mp3" ended: Ffmpeg_decoder.End_of_file.
2026/07/18 16:00:19 [next_song:3] Prepared "/var/azuracast/stations/evangile_du_royaume/media/La bible/2_chroniques_025.mp3" (RID 222).
2026/07/18 16:05:30 [decoder:2] Decoding "/var/azuracast/stations/evangile_du_royaume/media/La bible/2_chroniques_025.mp3" ended: Ffmpeg_decoder.End_of_file.
2026/07/18 16:05:30 [next_song:3] Prepared "/var/azuracast/stations/evangile_du_royaume/media/La bible/2_chroniques_026.mp3" (RID 223).
2026/07/18 16:09:32 [decoder:2] Decoding "/var/azuracast/stations/evangile_du_royaume/media/La bible/2_chroniques_026.mp3" ended: Ffmpeg_decoder.End_of_file.
2026/07/18 16:09:32 [next_song:3] Prepared "/var/azuracast/stations/evangile_du_royaume/media/La bible/2_chroniques_027.mp3" (RID 224).
2026/07/18 16:10:50 [decoder:2] Decoding "/var/azuracast/stations/evangile_du_royaume/media/La bible/2_chroniques_027.mp3" ended: Ffmpeg_decoder.End_of_file.
2026/07/18 16:10:51 [next_song:3] Prepared "/var/azuracast/stations/evangile_du_royaume/media/La bible/2_chroniques_028.mp3" (RID 225).
2026/07/18 16:15:43 [decoder:2] Decoding "/var/azuracast/stations/evangile_du_royaume/media/La bible/2_chroniques_028.mp3" ended: Ffmpeg_decoder.End_of_file.
2026/07/18 16:15:43 [next_song:3] Prepared "/var/azuracast/stations/evangile_du_royaume/media/La bible/2_chroniques_029.mp3" (RID 226).
2026/07/18 16:22:07 [decoder:2] Decoding "/var/azuracast/stations/evangile_du_royaume/media/La bible/2_chroniques_029.mp3" ended: Ffmpeg_decoder.End_of_file.
2026/07/18 16:22:08 [next_song:3] Prepared "/var/azuracast/stations/evangile_du_royaume/media/La bible/2_chroniques_030.mp3" (RID 227).
2026/07/18 16:27:07 [decoder:2] Decoding "/var/azuracast/stations/evangile_du_royaume/media/La bible/2_chroniques_030.mp3" ended: Ffmpeg_decoder.End_of_file.
2026/07/18 16:27:08 [next_song:3] Prepared "/var/azuracast/stations/evangile_du_royaume/media/La bible/2_chroniques_031.mp3" (RID 228).
2026/07/18 16:31:16 [decoder:2] Decoding "/var/azuracast/stations/evangile_du_royaume/media/La bible/2_chroniques_031.mp3" ended: Ffmpeg_decoder.End_of_file.
2026/07/18 16:31:16 [next_song:3] Prepared "/var/azuracast/stations/evangile_du_royaume/media/La bible/2_chroniques_032.mp3" (RID 229).
2026/07/18 16:37:33 [decoder:2] Decoding "/var/azuracast/stations/evangile_du_royaume/media/La bible/2_chroniques_032.mp3" ended: Ffmpeg_decoder.End_of_file.
2026/07/18 16:37:33 [next_song:3] Prepared "/var/azuracast/stations/evangile_du_royaume/media/Jingle/jingle_avant_louange_07_voici_un_temps_de_louange.mp3" (RID 230).
2026/07/18 16:37:43 [decoder:2] Decoding "/var/azuracast/stations/evangile_du_royaume/media/Jingle/jingle_avant_louange_07_voici_un_temps_de_louange.mp3" ended: Ffmpeg_decoder.End_of_file.
2026/07/18 16:37:43 [next_song:3] Prepared "/var/azuracast/stations/evangile_du_royaume/media/Cantiques du royaume/Cantiques  Il a pris mes iniquités.mp3" (RID 231).
2026/07/18 16:45:17 [decoder:2] Decoding "/var/azuracast/stations/evangile_du_royaume/media/Cantiques du royaume/Cantiques  Il a pris mes iniquités.mp3" ended: Ffmpeg_decoder.End_of_file.
2026/07/18 16:45:18 [next_song:3] Prepared "/var/azuracast/stations/evangile_du_royaume/media/SWBN Lead Concert Live Worship/01 - Holy is the Lord (Emmanuel Umoh).mp3" (RID 232).
2026/07/18 16:52:32 [decoder:2] Decoding "/var/azuracast/stations/evangile_du_royaume/media/SWBN Lead Concert Live Worship/01 - Holy is the Lord (Emmanuel Umoh).mp3" ended: Ffmpeg_decoder.End_of_file.
2026/07/18 16:52:33 [next_song:3] Prepared "/var/azuracast/stations/evangile_du_royaume/media/Worship/10 - Yeshua Hamashiach - Calabar HF.mp3" (RID 233).
2026/07/18 17:00:52 [decoder:2] Decoding "/var/azuracast/stations/evangile_du_royaume/media/Worship/10 - Yeshua Hamashiach - Calabar HF.mp3" ended: Ffmpeg_decoder.End_of_file.
2026/07/18 17:00:52 [next_song:3] Prepared "/var/azuracast/stations/evangile_du_royaume/media/Cantiques du royaume/Cantique Jean 1- la Parole.mp3" (RID 234).
2026/07/18 17:03:59 [decoder:2] Decoding "/var/azuracast/stations/evangile_du_royaume/media/Cantiques du royaume/Cantique Jean 1- la Parole.mp3" ended: Ffmpeg_decoder.End_of_file.
2026/07/18 17:03:59 [next_song:3] Prepared "/var/azuracast/stations/evangile_du_royaume/media/SWBN Lead Concert Live Worship/07 - There is no Lie (Imah Adegoke & Mary Umoh).mp3" (RID 235).
2026/07/18 17:10:50 [decoder:2] Decoding "/var/azuracast/stations/evangile_du_royaume/media/SWBN Lead Concert Live Worship/07 - There is no Lie (Imah Adegoke & Mary Umoh).mp3" ended: Ffmpeg_decoder.End_of_file.
2026/07/18 17:10:51 [next_song:3] Prepared "/var/azuracast/stations/evangile_du_royaume/media/SWBN Lead Concert Live Worship/09 - Not Naked (Abasiama Timothy).mp3" (RID 236).
2026/07/18 17:16:40 [decoder:2] Decoding "/var/azuracast/stations/evangile_du_royaume/media/SWBN Lead Concert Live Worship/09 - Not Naked (Abasiama Timothy).mp3" ended: Ffmpeg_decoder.End_of_file.
2026/07/18 17:16:41 [next_song:3] Prepared "/var/azuracast/stations/evangile_du_royaume/media/Worship/50 - Jesus is Alpha - PHF.mp3" (RID 237).
2026/07/18 17:24:50 [decoder:2] Decoding "/var/azuracast/stations/evangile_du_royaume/media/Worship/50 - Jesus is Alpha - PHF.mp3" ended: Ffmpeg_decoder.End_of_file.
2026/07/18 17:24:50 [next_song:3] Prepared "/var/azuracast/stations/evangile_du_royaume/media/Worship/66 - Victorious Is the Lamb - Winnipeg Fellowship.mp3" (RID 238).
2026/07/18 17:32:12 [decoder:2] Decoding "/var/azuracast/stations/evangile_du_royaume/media/Worship/66 - Victorious Is the Lamb - Winnipeg Fellowship.mp3" ended: Ffmpeg_decoder.End_of_file.
2026/07/18 17:32:12 [next_song:3] Prepared "/var/azuracast/stations/evangile_du_royaume/media/Cantiques du royaume/jean-christ_-_10_minutes.mp3" (RID 239).
2026/07/18 17:41:33 [decoder:2] Decoding "/var/azuracast/stations/evangile_du_royaume/media/Cantiques du royaume/jean-christ_-_10_minutes.mp3" ended: Ffmpeg_decoder.End_of_file.
2026/07/18 17:41:33 [next_song:3] Prepared "/var/azuracast/stations/evangile_du_royaume/media/Jingle/jingle_musical_station_fm_parole_prophetique_02.mp3" (RID 240).
2026/07/18 17:41:43 [decoder:2] Decoding "/var/azuracast/stations/evangile_du_royaume/media/Jingle/jingle_musical_station_fm_parole_prophetique_02.mp3" ended: Ffmpeg_decoder.End_of_file.
2026/07/18 17:41:43 [next_song:3] Prepared "/var/azuracast/stations/evangile_du_royaume/media/La bible/jonas_001.mp3" (RID 241).
2026/07/18 17:44:40 [decoder:2] Decoding "/var/azuracast/stations/evangile_du_royaume/media/La bible/jonas_001.mp3" ended: Ffmpeg_decoder.End_of_file.
2026/07/18 17:44:41 [next_song:3] Prepared "/var/azuracast/stations/evangile_du_royaume/media/La bible/jonas_002.mp3" (RID 242).
2026/07/18 17:45:59 [decoder:2] Decoding "/var/azuracast/stations/evangile_du_royaume/media/La bible/jonas_002.mp3" ended: Ffmpeg_decoder.End_of_file.
2026/07/18 17:46:00 [next_song:3] Prepared "/var/azuracast/stations/evangile_du_royaume/media/La bible/jonas_003.mp3" (RID 243).
2026/07/18 17:47:33 [decoder:2] Decoding "/var/azuracast/stations/evangile_du_royaume/media/La bible/jonas_003.mp3" ended: Ffmpeg_decoder.End_of_file.
2026/07/18 17:47:33 [next_song:3] Prepared "/var/azuracast/stations/evangile_du_royaume/media/La bible/jonas_004.mp3" (RID 244).
2026/07/18 17:49:28 [decoder:2] Decoding "/var/azuracast/stations/evangile_du_royaume/media/La bible/jonas_004.mp3" ended: Ffmpeg_decoder.End_of_file.
2026/07/18 17:49:28 [next_song:3] Prepared "/var/azuracast/stations/evangile_du_royaume/media/La bible/apocalypse_001.mp3" (RID 245).
2026/07/18 17:53:22 [decoder:2] Decoding "/var/azuracast/stations/evangile_du_royaume/media/La bible/apocalypse_001.mp3" ended: Ffmpeg_decoder.End_of_file.
2026/07/18 17:53:22 [next_song:3] Prepared "/var/azuracast/stations/evangile_du_royaume/media/La bible/apocalypse_002.mp3" (RID 246).
2026/07/18 17:58:43 [decoder:2] Decoding "/var/azuracast/stations/evangile_du_royaume/media/La bible/apocalypse_002.mp3" ended: Ffmpeg_decoder.End_of_file.
2026/07/18 17:58:43 [next_song:3] Prepared "/var/azuracast/stations/evangile_du_royaume/media/La bible/apocalypse_003.mp3" (RID 247).
2026/07/18 18:02:56 [decoder:2] Decoding "/var/azuracast/stations/evangile_du_royaume/media/La bible/apocalypse_003.mp3" ended: Ffmpeg_decoder.End_of_file.
2026/07/18 18:02:56 [next_song:3] Prepared "/var/azuracast/stations/evangile_du_royaume/media/Jingle/jingle_avant_message_01_voici_le_message_du_jour.mp3" (RID 248).
2026/07/18 18:02:57 [decoder.id3:2] Error while decoding file tags: Invalid_argument("String.sub / Bytes.sub")
2026/07/18 18:03:07 [decoder:2] Decoding "/var/azuracast/stations/evangile_du_royaume/media/Jingle/jingle_avant_message_01_voici_le_message_du_jour.mp3" ended: Ffmpeg_decoder.End_of_file.
2026/07/18 18:03:07 [next_song:3] Prepared "/var/azuracast/stations/evangile_du_royaume/media/2020_tian_le_pardon_8.mp3" (RID 249).
