2026/09/13 00:00:05 [clock.main:2] We must catchup 0.10 seconds!
2026/09/13 00:00:13 [clock.main:2] We must catchup 1.07 seconds!
2026/09/13 00:00:14 [clock.main:2] We must catchup 1.40 seconds!
2026/09/13 00:00:15 [clock.main:2] We must catchup 1.86 seconds!
2026/09/13 00:00:16 [clock.main:2] We must catchup 2.45 seconds!
2026/09/13 00:00:17 [clock.main:2] We must catchup 2.77 seconds!
2026/09/13 00:00:18 [clock.main:2] We must catchup 2.78 seconds!
2026/09/13 00:00:19 [clock.main:2] We must catchup 2.92 seconds!
2026/09/13 00:00:20 [clock.main:2] We must catchup 2.79 seconds!
2026/09/13 00:00:21 [clock.main:2] We must catchup 2.65 seconds!
2026/09/13 00:00:22 [clock.main:2] We must catchup 1.01 seconds!
2026/09/13 00:00:23 [decoder:2] Decoding "/var/azuracast/stations/evangile_du_royaume/media/Worship/72 - There is no name  - Winnipeg Fellowship.mp3" ended: Ffmpeg_decoder.End_of_file.
2026/09/13 00:00:24 [next_song:3] Prepared "/var/azuracast/stations/evangile_du_royaume/media/jingles_de_transition_1.mp3" (RID 1109).
2026/09/13 00:01:36 [lang.deprecated:2] WARNING: "map_metadata" is deprecated and will be removed in future version. Please use "metadata.map" instead.
2026/09/13 00:01:36 [lang.deprecated:2] WARNING: "map_metadata" is deprecated and will be removed in future version. Please use "metadata.map" instead.
2026/09/13 00:01:36 [error_jingle:3] "/usr/local/share/icecast/web/error.mp3" is static, resolving once for all...
2026/09/13 00:01:36 [error_jingle:3] Prepared "/usr/local/share/icecast/web/error.mp3" (RID 7).
2026/09/13 00:01:36 [safe_fallback:3] Switch to error_jingle.
2026/09/13 00:01:36 [playlist_000_transition:3] Prepared "/var/azuracast/stations/evangile_du_royaume/media/jingles_de_transition_1.mp3" (RID 12).
2026/09/13 00:01:36 [safe_fallback:3] Switch to amplify_0 with transition.
2026/09/13 00:01:36 [live_fallback:3] Switch to cross_0.
2026/09/13 00:01:36 [interrupting_fallback:3] Switch to requests_fallback.
2026/09/13 00:01:36 [requests_fallback:3] Switch to autodj_fallback.
2026/09/13 00:01:36 [autodj_fallback:3] Switch to schedule_switch.
2026/09/13 00:01:36 [schedule_switch:3] Switch to metadata.map_0.
2026/09/13 00:01:47 [next_song:3] Prepared "/var/azuracast/stations/evangile_du_royaume/media/Jingle/jingle_avant_message_03_vous_ecoutez_parole_prophetique_fm.mp3" (RID 16).
2026/09/13 00:03:12 [decoder:2] Decoding "/var/azuracast/stations/evangile_du_royaume/media/jingles_de_transition_1.mp3" ended: Ffmpeg_decoder.End_of_file.
2026/09/13 00:03:12 [playlist_bloc_a_serie_du_jour:3] Prepared "/var/azuracast/stations/evangile_du_royaume/media/Jingle/jingle_avant_message_03_vous_ecoutez_parole_prophetique_fm.mp3" (RID 8).
2026/09/13 00:03:12 [schedule_switch:3] Switch to cue_playlist_bloc_a_serie_du_jour with forgetful transition.
2026/09/13 00:03:12 [autodj_fallback:3] Switch to dynamic_startup with forgetful transition.
2026/09/13 00:03:12 [dynamic_startup:3] Switch to cue_next_song.
2026/09/13 00:03:21 [decoder:2] Decoding "/var/azuracast/stations/evangile_du_royaume/media/Jingle/jingle_avant_message_03_vous_ecoutez_parole_prophetique_fm.mp3" ended: Ffmpeg_decoder.End_of_file.
2026/09/13 00:03:22 [next_song:3] Prepared "/var/azuracast/stations/evangile_du_royaume/media/2020_tian_le_pardon_8.mp3" (RID 17).
2026/09/13 00:17:07 [decoder:2] Decoding "/var/azuracast/stations/evangile_du_royaume/media/2020_tian_le_pardon_8.mp3" ended: Ffmpeg_decoder.End_of_file.
2026/09/13 00:17:07 [next_song:3] Prepared "/var/azuracast/stations/evangile_du_royaume/media/Jingle/jingle_avant_bible_06_ouvrons_les_saintes_ecritures.mp3" (RID 18).
2026/09/13 00:17:17 [decoder:2] Decoding "/var/azuracast/stations/evangile_du_royaume/media/Jingle/jingle_avant_bible_06_ouvrons_les_saintes_ecritures.mp3" ended: Ffmpeg_decoder.End_of_file.
2026/09/13 00:17:18 [next_song:3] Prepared "/var/azuracast/stations/evangile_du_royaume/media/La bible/exode_013.mp3" (RID 19).
2026/09/13 00:21:31 [decoder:2] Decoding "/var/azuracast/stations/evangile_du_royaume/media/La bible/exode_013.mp3" ended: Ffmpeg_decoder.End_of_file.
2026/09/13 00:21:32 [next_song:3] Prepared "/var/azuracast/stations/evangile_du_royaume/media/La bible/exode_014.mp3" (RID 20).
2026/09/13 00:27:29 [decoder:2] Decoding "/var/azuracast/stations/evangile_du_royaume/media/La bible/exode_014.mp3" ended: Ffmpeg_decoder.End_of_file.
2026/09/13 00:27:30 [next_song:3] Prepared "/var/azuracast/stations/evangile_du_royaume/media/La bible/exode_015.mp3" (RID 21).
2026/09/13 00:32:39 [decoder:2] Decoding "/var/azuracast/stations/evangile_du_royaume/media/La bible/exode_015.mp3" ended: Ffmpeg_decoder.End_of_file.
2026/09/13 00:32:39 [next_song:3] Prepared "/var/azuracast/stations/evangile_du_royaume/media/La bible/exode_016.mp3" (RID 22).
2026/09/13 00:40:00 [decoder:2] Decoding "/var/azuracast/stations/evangile_du_royaume/media/La bible/exode_016.mp3" ended: Ffmpeg_decoder.End_of_file.
2026/09/13 00:40:00 [next_song:3] Prepared "/var/azuracast/stations/evangile_du_royaume/media/La bible/exode_017.mp3" (RID 23).
2026/09/13 00:43:18 [decoder:2] Decoding "/var/azuracast/stations/evangile_du_royaume/media/La bible/exode_017.mp3" ended: Ffmpeg_decoder.End_of_file.
2026/09/13 00:43:18 [next_song:3] Prepared "/var/azuracast/stations/evangile_du_royaume/media/La bible/exode_018.mp3" (RID 24).
2026/09/13 00:48:18 [decoder:2] Decoding "/var/azuracast/stations/evangile_du_royaume/media/La bible/exode_018.mp3" ended: Ffmpeg_decoder.End_of_file.
2026/09/13 00:48:19 [next_song:3] Prepared "/var/azuracast/stations/evangile_du_royaume/media/La bible/exode_019.mp3" (RID 25).
2026/09/13 00:52:42 [decoder:2] Decoding "/var/azuracast/stations/evangile_du_royaume/media/La bible/exode_019.mp3" ended: Ffmpeg_decoder.End_of_file.
2026/09/13 00:52:42 [next_song:3] Prepared "/var/azuracast/stations/evangile_du_royaume/media/La bible/exode_020.mp3" (RID 26).
2026/09/13 00:56:51 [decoder:2] Decoding "/var/azuracast/stations/evangile_du_royaume/media/La bible/exode_020.mp3" ended: Ffmpeg_decoder.End_of_file.
2026/09/13 00:56:51 [next_song:3] Prepared "/var/azuracast/stations/evangile_du_royaume/media/La bible/exode_021.mp3" (RID 27).
2026/09/13 01:02:44 [decoder:2] Decoding "/var/azuracast/stations/evangile_du_royaume/media/La bible/exode_021.mp3" ended: Ffmpeg_decoder.End_of_file.
2026/09/13 01:02:45 [next_song:3] Prepared "/var/azuracast/stations/evangile_du_royaume/media/La bible/exode_022.mp3" (RID 28).
2026/09/13 01:07:49 [decoder:2] Decoding "/var/azuracast/stations/evangile_du_royaume/media/La bible/exode_022.mp3" ended: Ffmpeg_decoder.End_of_file.
2026/09/13 01:07:49 [next_song:3] Prepared "/var/azuracast/stations/evangile_du_royaume/media/La bible/exode_023.mp3" (RID 29).
2026/09/13 01:13:32 [decoder:2] Decoding "/var/azuracast/stations/evangile_du_royaume/media/La bible/exode_023.mp3" ended: Ffmpeg_decoder.End_of_file.
2026/09/13 01:13:33 [next_song:3] Prepared "/var/azuracast/stations/evangile_du_royaume/media/La bible/exode_024.mp3" (RID 30).
2026/09/13 01:16:50 [decoder:2] Decoding "/var/azuracast/stations/evangile_du_royaume/media/La bible/exode_024.mp3" ended: Ffmpeg_decoder.End_of_file.
2026/09/13 01:16:51 [next_song:3] Prepared "/var/azuracast/stations/evangile_du_royaume/media/Jingle/jingle_avant_louange_07_voici_un_temps_de_louange.mp3" (RID 31).
2026/09/13 01:17:03 [decoder:2] Decoding "/var/azuracast/stations/evangile_du_royaume/media/Jingle/jingle_avant_louange_07_voici_un_temps_de_louange.mp3" ended: Ffmpeg_decoder.End_of_file.
2026/09/13 01:17:04 [next_song:3] Prepared "/var/azuracast/stations/evangile_du_royaume/media/Worship/26 - Sing Hallelujah - Abuja HF.mp3" (RID 32).
2026/09/13 01:21:22 [decoder:2] Decoding "/var/azuracast/stations/evangile_du_royaume/media/Worship/26 - Sing Hallelujah - Abuja HF.mp3" ended: Ffmpeg_decoder.End_of_file.
2026/09/13 01:21:22 [next_song:3] Prepared "/var/azuracast/stations/evangile_du_royaume/media/Worship/50 - Jesus is Alpha - PHF.mp3" (RID 33).
2026/09/13 01:29:31 [decoder:2] Decoding "/var/azuracast/stations/evangile_du_royaume/media/Worship/50 - Jesus is Alpha - PHF.mp3" ended: Ffmpeg_decoder.End_of_file.
2026/09/13 01:29:32 [next_song:3] Prepared "/var/azuracast/stations/evangile_du_royaume/media/Worship/62 - All in All - CHF.mp3" (RID 34).
2026/09/13 01:34:08 [decoder:2] Decoding "/var/azuracast/stations/evangile_du_royaume/media/Worship/62 - All in All - CHF.mp3" ended: Ffmpeg_decoder.End_of_file.
2026/09/13 01:34:09 [next_song:3] Prepared "/var/azuracast/stations/evangile_du_royaume/media/Worship/52 - Thou art Worthy Lord - PHF.mp3" (RID 35).
2026/09/13 01:43:29 [decoder:2] Decoding "/var/azuracast/stations/evangile_du_royaume/media/Worship/52 - Thou art Worthy Lord - PHF.mp3" ended: Ffmpeg_decoder.End_of_file.
2026/09/13 01:43:30 [next_song:3] Prepared "/var/azuracast/stations/evangile_du_royaume/media/SWBN Lead Concert Live Worship/08 - You're the Lamb (Abasiama Timothy).mp3" (RID 36).
2026/09/13 01:50:36 [decoder:2] Decoding "/var/azuracast/stations/evangile_du_royaume/media/SWBN Lead Concert Live Worship/08 - You're the Lamb (Abasiama Timothy).mp3" ended: Ffmpeg_decoder.End_of_file.
2026/09/13 01:50:36 [next_song:3] Prepared "/var/azuracast/stations/evangile_du_royaume/media/Worship/02 - There's A Mighty River Flowing - SWBN TV.mp3" (RID 37).
2026/09/13 01:54:54 [decoder:2] Decoding "/var/azuracast/stations/evangile_du_royaume/media/Worship/02 - There's A Mighty River Flowing - SWBN TV.mp3" ended: Ffmpeg_decoder.End_of_file.
2026/09/13 01:54:54 [next_song:3] Prepared "/var/azuracast/stations/evangile_du_royaume/media/Cantiques du royaume/jean-christ_-_6_minutes.mp3" (RID 38).
2026/09/13 02:01:32 [decoder:2] Decoding "/var/azuracast/stations/evangile_du_royaume/media/Cantiques du royaume/jean-christ_-_6_minutes.mp3" ended: Ffmpeg_decoder.End_of_file.
2026/09/13 02:01:32 [next_song:3] Prepared "/var/azuracast/stations/evangile_du_royaume/media/Cantiques du royaume/cantique__tes_promesses__pub_direct_dec_2021_import_(2).mp3" (RID 39).
2026/09/13 02:08:47 [decoder:2] Decoding "/var/azuracast/stations/evangile_du_royaume/media/Cantiques du royaume/cantique__tes_promesses__pub_direct_dec_2021_import_(2).mp3" ended: Ffmpeg_decoder.End_of_file.
2026/09/13 02:08:47 [next_song:3] Prepared "/var/azuracast/stations/evangile_du_royaume/media/Worship/08 - I Enter The Holy of Holies - Port Harcourt HF.mp3" (RID 40).
2026/09/13 02:13:49 [decoder:2] Decoding "/var/azuracast/stations/evangile_du_royaume/media/Worship/08 - I Enter The Holy of Holies - Port Harcourt HF.mp3" ended: Ffmpeg_decoder.End_of_file.
2026/09/13 02:13:49 [next_song:3] Prepared "/var/azuracast/stations/evangile_du_royaume/media/Worship/66 - Victorious Is the Lamb - Winnipeg Fellowship.mp3" (RID 41).
2026/09/13 02:21:11 [decoder:2] Decoding "/var/azuracast/stations/evangile_du_royaume/media/Worship/66 - Victorious Is the Lamb - Winnipeg Fellowship.mp3" ended: Ffmpeg_decoder.End_of_file.
2026/09/13 02:21:11 [next_song:3] Prepared "/var/azuracast/stations/evangile_du_royaume/media/Jingle/jingle_avant_bible_07_place_a_la_lecture_de_la_bible.mp3" (RID 42).
2026/09/13 02:21:24 [decoder:2] Decoding "/var/azuracast/stations/evangile_du_royaume/media/Jingle/jingle_avant_bible_07_place_a_la_lecture_de_la_bible.mp3" ended: Ffmpeg_decoder.End_of_file.
2026/09/13 02:21:25 [next_song:3] Prepared "/var/azuracast/stations/evangile_du_royaume/media/La bible/1_samuel_015.mp3" (RID 43).
2026/09/13 02:27:21 [decoder:2] Decoding "/var/azuracast/stations/evangile_du_royaume/media/La bible/1_samuel_015.mp3" ended: Ffmpeg_decoder.End_of_file.
2026/09/13 02:27:21 [next_song:3] Prepared "/var/azuracast/stations/evangile_du_royaume/media/La bible/1_samuel_016.mp3" (RID 44).
2026/09/13 02:31:26 [decoder:2] Decoding "/var/azuracast/stations/evangile_du_royaume/media/La bible/1_samuel_016.mp3" ended: Ffmpeg_decoder.End_of_file.
2026/09/13 02:31:27 [next_song:3] Prepared "/var/azuracast/stations/evangile_du_royaume/media/La bible/1_samuel_017.mp3" (RID 45).
2026/09/13 02:41:05 [decoder:2] Decoding "/var/azuracast/stations/evangile_du_royaume/media/La bible/1_samuel_017.mp3" ended: Ffmpeg_decoder.End_of_file.
2026/09/13 02:41:05 [next_song:3] Prepared "/var/azuracast/stations/evangile_du_royaume/media/La bible/1_samuel_018.mp3" (RID 46).
2026/09/13 02:45:40 [decoder:2] Decoding "/var/azuracast/stations/evangile_du_royaume/media/La bible/1_samuel_018.mp3" ended: Ffmpeg_decoder.End_of_file.
2026/09/13 02:45:41 [next_song:3] Prepared "/var/azuracast/stations/evangile_du_royaume/media/La bible/1_samuel_019.mp3" (RID 47).
2026/09/13 02:49:48 [decoder:2] Decoding "/var/azuracast/stations/evangile_du_royaume/media/La bible/1_samuel_019.mp3" ended: Ffmpeg_decoder.End_of_file.
2026/09/13 02:49:49 [next_song:3] Prepared "/var/azuracast/stations/evangile_du_royaume/media/La bible/1_samuel_020.mp3" (RID 48).
2026/09/13 02:56:35 [decoder:2] Decoding "/var/azuracast/stations/evangile_du_royaume/media/La bible/1_samuel_020.mp3" ended: Ffmpeg_decoder.End_of_file.
2026/09/13 02:56:35 [next_song:3] Prepared "/var/azuracast/stations/evangile_du_royaume/media/Jingle/jingle_avant_louange_06_que_la_louange_seleve.mp3" (RID 49).
2026/09/13 02:56:46 [decoder:2] Decoding "/var/azuracast/stations/evangile_du_royaume/media/Jingle/jingle_avant_louange_06_que_la_louange_seleve.mp3" ended: Ffmpeg_decoder.End_of_file.
2026/09/13 02:56:46 [next_song:3] Prepared "/var/azuracast/stations/evangile_du_royaume/media/Cantiques du royaume/Cantique- Mon modèle, c_est Jésus.mp3" (RID 50).
2026/09/13 03:00:57 [decoder:2] Decoding "/var/azuracast/stations/evangile_du_royaume/media/Cantiques du royaume/Cantique- Mon modèle, c_est Jésus.mp3" ended: Ffmpeg_decoder.End_of_file.
2026/09/13 03:00:58 [next_song:3] Prepared "/var/azuracast/stations/evangile_du_royaume/media/Worship/17 - Where Two or Three are Gathered - Calabar HF.mp3" (RID 51).
2026/09/13 03:06:46 [decoder:2] Decoding "/var/azuracast/stations/evangile_du_royaume/media/Worship/17 - Where Two or Three are Gathered - Calabar HF.mp3" ended: Ffmpeg_decoder.End_of_file.
2026/09/13 03:06:47 [next_song:3] Prepared "/var/azuracast/stations/evangile_du_royaume/media/Worship/80 - I Will Call Upon The Lord.mp3" (RID 52).
2026/09/13 03:11:54 [decoder:2] Decoding "/var/azuracast/stations/evangile_du_royaume/media/Worship/80 - I Will Call Upon The Lord.mp3" ended: Ffmpeg_decoder.End_of_file.
2026/09/13 03:11:54 [next_song:3] Prepared "/var/azuracast/stations/evangile_du_royaume/media/Worship/44 - Great is, Ascribe - Ketu HF.mp3" (RID 53).
2026/09/13 03:22:52 [decoder:2] Decoding "/var/azuracast/stations/evangile_du_royaume/media/Worship/44 - Great is, Ascribe - Ketu HF.mp3" ended: Ffmpeg_decoder.End_of_file.
2026/09/13 03:22:52 [next_song:3] Prepared "/var/azuracast/stations/evangile_du_royaume/media/Worship/59 - Ascribe Greatness - PHF.mp3" (RID 54).
2026/09/13 03:26:53 [decoder:2] Decoding "/var/azuracast/stations/evangile_du_royaume/media/Worship/59 - Ascribe Greatness - PHF.mp3" ended: Ffmpeg_decoder.End_of_file.
2026/09/13 03:26:54 [next_song:3] Prepared "/var/azuracast/stations/evangile_du_royaume/media/Worship/54 - He Has Given Me - PHF.mp3" (RID 55).
2026/09/13 03:31:59 [decoder:2] Decoding "/var/azuracast/stations/evangile_du_royaume/media/Worship/54 - He Has Given Me - PHF.mp3" ended: Ffmpeg_decoder.End_of_file.
2026/09/13 03:32:00 [next_song:3] Prepared "/var/azuracast/stations/evangile_du_royaume/media/Worship/89 - I Know The Blood - PHF.mp3" (RID 56).
2026/09/13 03:36:15 [decoder:2] Decoding "/var/azuracast/stations/evangile_du_royaume/media/Worship/89 - I Know The Blood - PHF.mp3" ended: Ffmpeg_decoder.End_of_file.
2026/09/13 03:36:16 [next_song:3] Prepared "/var/azuracast/stations/evangile_du_royaume/media/Cantiques du royaume/Cantique sa miséricorde.mp3" (RID 57).
2026/09/13 03:39:37 [decoder:2] Decoding "/var/azuracast/stations/evangile_du_royaume/media/Cantiques du royaume/Cantique sa miséricorde.mp3" ended: Ffmpeg_decoder.End_of_file.
2026/09/13 03:39:37 [next_song:3] Prepared "/var/azuracast/stations/evangile_du_royaume/media/Worship/51 - Hallelujah - PHF.mp3" (RID 58).
2026/09/13 03:47:03 [decoder:2] Decoding "/var/azuracast/stations/evangile_du_royaume/media/Worship/51 - Hallelujah - PHF.mp3" ended: Ffmpeg_decoder.End_of_file.
2026/09/13 03:47:04 [next_song:3] Prepared "/var/azuracast/stations/evangile_du_royaume/media/Worship/19 - You're the Lamb - Calabar HF.mp3" (RID 59).
2026/09/13 03:56:04 [decoder:2] Decoding "/var/azuracast/stations/evangile_du_royaume/media/Worship/19 - You're the Lamb - Calabar HF.mp3" ended: Ffmpeg_decoder.End_of_file.
2026/09/13 03:56:04 [next_song:3] Prepared "/var/azuracast/stations/evangile_du_royaume/media/Jingle/jingle_avant_bible_08_prenons_un_moment_pour_ecouter_la_parole.mp3" (RID 60).
2026/09/13 03:56:14 [decoder:2] Decoding "/var/azuracast/stations/evangile_du_royaume/media/Jingle/jingle_avant_bible_08_prenons_un_moment_pour_ecouter_la_parole.mp3" ended: Ffmpeg_decoder.End_of_file.
2026/09/13 03:56:14 [next_song:3] Prepared "/var/azuracast/stations/evangile_du_royaume/media/La bible/deutéronome_004.mp3" (RID 61).
2026/09/13 04:05:14 [decoder:2] Decoding "/var/azuracast/stations/evangile_du_royaume/media/La bible/deutéronome_004.mp3" ended: Ffmpeg_decoder.End_of_file.
2026/09/13 04:05:15 [next_song:3] Prepared "/var/azuracast/stations/evangile_du_royaume/media/La bible/deutéronome_005.mp3" (RID 62).
2026/09/13 04:10:44 [decoder:2] Decoding "/var/azuracast/stations/evangile_du_royaume/media/La bible/deutéronome_005.mp3" ended: Ffmpeg_decoder.End_of_file.
2026/09/13 04:10:45 [next_song:3] Prepared "/var/azuracast/stations/evangile_du_royaume/media/La bible/deutéronome_006.mp3" (RID 63).
2026/09/13 04:14:33 [decoder:2] Decoding "/var/azuracast/stations/evangile_du_royaume/media/La bible/deutéronome_006.mp3" ended: Ffmpeg_decoder.End_of_file.
2026/09/13 04:14:34 [next_song:3] Prepared "/var/azuracast/stations/evangile_du_royaume/media/La bible/deutéronome_007.mp3" (RID 64).
2026/09/13 04:19:39 [decoder:2] Decoding "/var/azuracast/stations/evangile_du_royaume/media/La bible/deutéronome_007.mp3" ended: Ffmpeg_decoder.End_of_file.
2026/09/13 04:19:40 [next_song:3] Prepared "/var/azuracast/stations/evangile_du_royaume/media/La bible/deutéronome_008.mp3" (RID 65).
2026/09/13 04:22:59 [decoder:2] Decoding "/var/azuracast/stations/evangile_du_royaume/media/La bible/deutéronome_008.mp3" ended: Ffmpeg_decoder.End_of_file.
2026/09/13 04:23:00 [next_song:3] Prepared "/var/azuracast/stations/evangile_du_royaume/media/La bible/deutéronome_009.mp3" (RID 66).
2026/09/13 04:28:23 [decoder:2] Decoding "/var/azuracast/stations/evangile_du_royaume/media/La bible/deutéronome_009.mp3" ended: Ffmpeg_decoder.End_of_file.
2026/09/13 04:28:24 [next_song:3] Prepared "/var/azuracast/stations/evangile_du_royaume/media/La bible/deutéronome_010.mp3" (RID 67).
2026/09/13 04:31:57 [decoder:2] Decoding "/var/azuracast/stations/evangile_du_royaume/media/La bible/deutéronome_010.mp3" ended: Ffmpeg_decoder.End_of_file.
2026/09/13 04:31:58 [next_song:3] Prepared "/var/azuracast/stations/evangile_du_royaume/media/La bible/deutéronome_011.mp3" (RID 68).
2026/09/13 04:36:53 [decoder:2] Decoding "/var/azuracast/stations/evangile_du_royaume/media/La bible/deutéronome_011.mp3" ended: Ffmpeg_decoder.End_of_file.
2026/09/13 04:36:53 [next_song:3] Prepared "/var/azuracast/stations/evangile_du_royaume/media/La bible/deutéronome_012.mp3" (RID 69).
2026/09/13 04:42:38 [decoder:2] Decoding "/var/azuracast/stations/evangile_du_royaume/media/La bible/deutéronome_012.mp3" ended: Ffmpeg_decoder.End_of_file.
2026/09/13 04:42:38 [next_song:3] Prepared "/var/azuracast/stations/evangile_du_royaume/media/Jingle/jingle_avant_louange_05_elevons_nos_coeurs_vers_dieu.mp3" (RID 70).
2026/09/13 04:42:49 [decoder:2] Decoding "/var/azuracast/stations/evangile_du_royaume/media/Jingle/jingle_avant_louange_05_elevons_nos_coeurs_vers_dieu.mp3" ended: Ffmpeg_decoder.End_of_file.
2026/09/13 04:42:50 [next_song:3] Prepared "/var/azuracast/stations/evangile_du_royaume/media/SWBN Lead Concert Live Worship/05 - Jesus I'm Waiting for You (Mary Umoh).mp3" (RID 71).
2026/09/13 04:45:03 [clock.main:2] We must catchup 1.02 seconds!
2026/09/13 04:48:36 [decoder:2] Decoding "/var/azuracast/stations/evangile_du_royaume/media/SWBN Lead Concert Live Worship/05 - Jesus I'm Waiting for You (Mary Umoh).mp3" ended: Ffmpeg_decoder.End_of_file.
2026/09/13 04:48:37 [next_song:3] Prepared "/var/azuracast/stations/evangile_du_royaume/media/Worship/75 - How Precious Oh Lord.mp3" (RID 72).
2026/09/13 04:54:19 [decoder:2] Decoding "/var/azuracast/stations/evangile_du_royaume/media/Worship/75 - How Precious Oh Lord.mp3" ended: Ffmpeg_decoder.End_of_file.
2026/09/13 04:54:19 [next_song:3] Prepared "/var/azuracast/stations/evangile_du_royaume/media/Cantiques du royaume/cantique___il_s_est_lui-même_humilié.mp3" (RID 73).
2026/09/13 04:59:44 [decoder:2] Decoding "/var/azuracast/stations/evangile_du_royaume/media/Cantiques du royaume/cantique___il_s_est_lui-même_humilié.mp3" ended: Ffmpeg_decoder.End_of_file.
2026/09/13 04:59:45 [next_song:3] Prepared "/var/azuracast/stations/evangile_du_royaume/media/SWBN Lead Concert Live Worship/07 - There is no Lie (Imah Adegoke & Mary Umoh).mp3" (RID 74).
2026/09/13 05:06:36 [decoder:2] Decoding "/var/azuracast/stations/evangile_du_royaume/media/SWBN Lead Concert Live Worship/07 - There is no Lie (Imah Adegoke & Mary Umoh).mp3" ended: Ffmpeg_decoder.End_of_file.
2026/09/13 05:06:36 [next_song:3] Prepared "/var/azuracast/stations/evangile_du_royaume/media/Worship/23 - Guide Me - El ELyon - Abuja HF.mp3" (RID 75).
2026/09/13 05:11:38 [decoder:2] Decoding "/var/azuracast/stations/evangile_du_royaume/media/Worship/23 - Guide Me - El ELyon - Abuja HF.mp3" ended: Ffmpeg_decoder.End_of_file.
2026/09/13 05:11:38 [next_song:3] Prepared "/var/azuracast/stations/evangile_du_royaume/media/Worship/78 - Crown Him Lord of Lords - Nonso Njoku.mp3" (RID 76).
2026/09/13 05:17:37 [decoder:2] Decoding "/var/azuracast/stations/evangile_du_royaume/media/Worship/78 - Crown Him Lord of Lords - Nonso Njoku.mp3" ended: Ffmpeg_decoder.End_of_file.
2026/09/13 05:17:37 [next_song:3] Prepared "/var/azuracast/stations/evangile_du_royaume/media/Worship/79 - The Lord is my Light and Salvation - Nonso Njoku.mp3" (RID 77).
2026/09/13 05:20:38 [decoder:2] Decoding "/var/azuracast/stations/evangile_du_royaume/media/Worship/79 - The Lord is my Light and Salvation - Nonso Njoku.mp3" ended: Ffmpeg_decoder.End_of_file.
2026/09/13 05:20:39 [next_song:3] Prepared "/var/azuracast/stations/evangile_du_royaume/media/Cantiques du royaume/8-_mohamed_sanogo_hymne_des_vainqueurs.mp3" (RID 78).
2026/09/13 05:26:45 [decoder:2] Decoding "/var/azuracast/stations/evangile_du_royaume/media/Cantiques du royaume/8-_mohamed_sanogo_hymne_des_vainqueurs.mp3" ended: Ffmpeg_decoder.End_of_file.
2026/09/13 05:26:46 [next_song:3] Prepared "/var/azuracast/stations/evangile_du_royaume/media/Worship/74 - You are God - Winnipeg Fellowship.mp3" (RID 79).
2026/09/13 05:32:39 [decoder:2] Decoding "/var/azuracast/stations/evangile_du_royaume/media/Worship/74 - You are God - Winnipeg Fellowship.mp3" ended: Ffmpeg_decoder.End_of_file.
2026/09/13 05:32:40 [next_song:3] Prepared "/var/azuracast/stations/evangile_du_royaume/media/Worship/67 - My God Is Good - Winnipeg Fellowship.mp3" (RID 80).
2026/09/13 05:39:46 [decoder:2] Decoding "/var/azuracast/stations/evangile_du_royaume/media/Worship/67 - My God Is Good - Winnipeg Fellowship.mp3" ended: Ffmpeg_decoder.End_of_file.
2026/09/13 05:39:46 [next_song:3] Prepared "/var/azuracast/stations/evangile_du_royaume/media/Worship/06 - Psalm 93 - Port Harcourt HF.mp3" (RID 81).
2026/09/13 05:49:22 [decoder:2] Decoding "/var/azuracast/stations/evangile_du_royaume/media/Worship/06 - Psalm 93 - Port Harcourt HF.mp3" ended: Ffmpeg_decoder.End_of_file.
2026/09/13 05:49:23 [next_song:3] Prepared "/var/azuracast/stations/evangile_du_royaume/media/Jingle/jingle_id_station_01_la_bonne_nouvelle_partout.mp3" (RID 82).
2026/09/13 05:49:32 [decoder:2] Decoding "/var/azuracast/stations/evangile_du_royaume/media/Jingle/jingle_id_station_01_la_bonne_nouvelle_partout.mp3" ended: Ffmpeg_decoder.End_of_file.
2026/09/13 05:49:32 [next_song:3] Prepared "/var/azuracast/stations/evangile_du_royaume/media/La bible/zacharie_001.mp3" (RID 83).
2026/09/13 05:53:03 [decoder:2] Decoding "/var/azuracast/stations/evangile_du_royaume/media/La bible/zacharie_001.mp3" ended: Ffmpeg_decoder.End_of_file.
2026/09/13 05:53:04 [next_song:3] Prepared "/var/azuracast/stations/evangile_du_royaume/media/La bible/zacharie_002.mp3" (RID 84).
2026/09/13 05:54:52 [decoder:2] Decoding "/var/azuracast/stations/evangile_du_royaume/media/La bible/zacharie_002.mp3" ended: Ffmpeg_decoder.End_of_file.
2026/09/13 05:54:52 [next_song:3] Prepared "/var/azuracast/stations/evangile_du_royaume/media/La bible/zacharie_003.mp3" (RID 85).
2026/09/13 05:56:35 [decoder:2] Decoding "/var/azuracast/stations/evangile_du_royaume/media/La bible/zacharie_003.mp3" ended: Ffmpeg_decoder.End_of_file.
2026/09/13 05:56:36 [next_song:3] Prepared "/var/azuracast/stations/evangile_du_royaume/media/La bible/zacharie_004.mp3" (RID 86).
2026/09/13 05:58:39 [decoder:2] Decoding "/var/azuracast/stations/evangile_du_royaume/media/La bible/zacharie_004.mp3" ended: Ffmpeg_decoder.End_of_file.
2026/09/13 05:58:39 [next_song:3] Prepared "/var/azuracast/stations/evangile_du_royaume/media/La bible/zacharie_005.mp3" (RID 87).
2026/09/13 06:00:15 [decoder:2] Decoding "/var/azuracast/stations/evangile_du_royaume/media/La bible/zacharie_005.mp3" ended: Ffmpeg_decoder.End_of_file.
2026/09/13 06:00:15 [next_song:3] Prepared "/var/azuracast/stations/evangile_du_royaume/media/Jingle/jingle_avant_message_05_vous_etes_a_lecoute_de_levangile_du_royaume.mp3" (RID 88).
2026/09/13 06:00:26 [decoder:2] Decoding "/var/azuracast/stations/evangile_du_royaume/media/Jingle/jingle_avant_message_05_vous_etes_a_lecoute_de_levangile_du_royaume.mp3" ended: Ffmpeg_decoder.End_of_file.
2026/09/13 06:00:27 [next_song:3] Prepared "/var/azuracast/stations/evangile_du_royaume/media/2020_tian_le_pardon_8.mp3" (RID 89).
