2026/10/05 00:00:03 [decoder:2] Decoding "/var/azuracast/stations/evangile_du_royaume/media/Jingle/jingle_avant_bible_06_ouvrons_les_saintes_ecritures.mp3" ended: Ffmpeg_decoder.End_of_file.
2026/10/05 00:00:04 [next_song:3] Prepared "/var/azuracast/stations/evangile_du_royaume/media/Jingle/jingle_id_station_02_radio_evangile_du_royaume.mp3" (RID 1171).
2026/10/05 00:00:06 [clock.main:2] We must catchup 1.61 seconds!
2026/10/05 00:00:07 [clock.main:2] We must catchup 1.78 seconds!
2026/10/05 00:00:08 [clock.main:2] We must catchup 1.50 seconds!
2026/10/05 00:00:13 [decoder:2] Decoding "/var/azuracast/stations/evangile_du_royaume/media/Jingle/jingle_id_station_02_radio_evangile_du_royaume.mp3" ended: Ffmpeg_decoder.End_of_file.
2026/10/05 00:00:14 [next_song:3] Prepared "/var/azuracast/stations/evangile_du_royaume/media/jingles_de_transition_2.mp3" (RID 1172).
2026/10/05 00:00:15 [clock.main:2] We must catchup 1.18 seconds!
2026/10/05 00:01:29 [lang:2] Could not perform http request: CurlException(Aborted_by_callback, 42, CURLE_ABORTED_BY_CALLBACK).
2026/10/05 00:01:29 [lang.deprecated:2] WARNING: "error.kind" is deprecated and will be removed in future version.
2026/10/05 00:01:29 [lang.deprecated:2] WARNING: "error.message" is deprecated and will be removed in future version.
2026/10/05 00:01:29 [lang:3] API djoff - Error: http - CurlException(Aborted_by_callback, 42, CURLE_ABORTED_BY_CALLBACK)
2026/10/05 00:01:29 [threads:2] Queue generic queue #1 crashed with exception Sys_error("Condition.wait: Operation not permitted")
2026/10/05 00:01:29 [threads:2] Raised by primitive operation at Duppy.queue.run in file "src/duppy.ml", line 341, characters 6-32
2026/10/05 00:01:29 [threads:2] Called from Duppy.queue in file "src/duppy.ml", line 357, characters 8-12
2026/10/05 00:01:29 [threads:2] Re-raised at Duppy.queue in file "src/duppy.ml", line 361, characters 8-17
2026/10/05 00:01:29 [threads:2] Called from Tutils.create.(fun).process in file "tools/tutils.ml", line 164, characters 12-15
2026/10/05 00:01:29 [threads:2] 
2026/10/05 00:01:29 [threads:1] PANIC: Liquidsoap has crashed, exiting.,
2026/10/05 00:01:29 [threads:1] Please report at: savonet-users@lists.sf.net
2026/10/05 00:01:35 [lang.deprecated:2] WARNING: "map_metadata" is deprecated and will be removed in future version. Please use "metadata.map" instead.
2026/10/05 00:01:35 [lang.deprecated:2] WARNING: "map_metadata" is deprecated and will be removed in future version. Please use "metadata.map" instead.
2026/10/05 00:01:35 [error_jingle:3] "/usr/local/share/icecast/web/error.mp3" is static, resolving once for all...
2026/10/05 00:01:35 [error_jingle:3] Prepared "/usr/local/share/icecast/web/error.mp3" (RID 7).
2026/10/05 00:01:35 [safe_fallback:3] Switch to error_jingle.
2026/10/05 00:01:35 [next_song:3] Prepared "/var/azuracast/stations/evangile_du_royaume/media/Jingle/jingle_avant_message_05_vous_etes_a_lecoute_de_levangile_du_royaume.mp3" (RID 9).
2026/10/05 00:01:35 [safe_fallback:3] Switch to amplify_0 with transition.
2026/10/05 00:01:35 [live_fallback:3] Switch to cross_0.
2026/10/05 00:01:35 [interrupting_fallback:3] Switch to requests_fallback.
2026/10/05 00:01:35 [requests_fallback:3] Switch to autodj_fallback.
2026/10/05 00:01:35 [autodj_fallback:3] Switch to dynamic_startup.
2026/10/05 00:01:35 [dynamic_startup:3] Switch to cue_next_song.
2026/10/05 00:01:46 [decoder:2] Decoding "/var/azuracast/stations/evangile_du_royaume/media/Jingle/jingle_avant_message_05_vous_etes_a_lecoute_de_levangile_du_royaume.mp3" ended: Ffmpeg_decoder.End_of_file.
2026/10/05 00:01:46 [next_song:3] Prepared "/var/azuracast/stations/evangile_du_royaume/media/jingles_de_transition_1.mp3" (RID 16).
2026/10/05 00:03:22 [decoder:2] Decoding "/var/azuracast/stations/evangile_du_royaume/media/jingles_de_transition_1.mp3" ended: Ffmpeg_decoder.End_of_file.
2026/10/05 00:03:22 [next_song:3] Prepared "/var/azuracast/stations/evangile_du_royaume/media/la_moisson_3_adé.mp3" (RID 17).
2026/10/05 00:29:16 [decoder:2] Decoding "/var/azuracast/stations/evangile_du_royaume/media/la_moisson_3_adé.mp3" ended: Ffmpeg_decoder.End_of_file.
2026/10/05 00:29:16 [next_song:3] Prepared "/var/azuracast/stations/evangile_du_royaume/media/Jingle/jingle_avant_bible_08_prenons_un_moment_pour_ecouter_la_parole.mp3" (RID 18).
2026/10/05 00:29:25 [decoder:2] Decoding "/var/azuracast/stations/evangile_du_royaume/media/Jingle/jingle_avant_bible_08_prenons_un_moment_pour_ecouter_la_parole.mp3" ended: Ffmpeg_decoder.End_of_file.
2026/10/05 00:29:26 [next_song:3] Prepared "/var/azuracast/stations/evangile_du_royaume/media/La bible/marc_007.mp3" (RID 19).
2026/10/05 00:34:19 [decoder:2] Decoding "/var/azuracast/stations/evangile_du_royaume/media/La bible/marc_007.mp3" ended: Ffmpeg_decoder.End_of_file.
2026/10/05 00:34:19 [next_song:3] Prepared "/var/azuracast/stations/evangile_du_royaume/media/La bible/marc_008.mp3" (RID 20).
2026/10/05 00:39:42 [decoder:2] Decoding "/var/azuracast/stations/evangile_du_royaume/media/La bible/marc_008.mp3" ended: Ffmpeg_decoder.End_of_file.
2026/10/05 00:39:43 [next_song:3] Prepared "/var/azuracast/stations/evangile_du_royaume/media/La bible/marc_009.mp3" (RID 21).
2026/10/05 00:46:25 [decoder:2] Decoding "/var/azuracast/stations/evangile_du_royaume/media/La bible/marc_009.mp3" ended: Ffmpeg_decoder.End_of_file.
2026/10/05 00:46:26 [next_song:3] Prepared "/var/azuracast/stations/evangile_du_royaume/media/La bible/marc_010.mp3" (RID 22).
2026/10/05 00:53:38 [decoder:2] Decoding "/var/azuracast/stations/evangile_du_royaume/media/La bible/marc_010.mp3" ended: Ffmpeg_decoder.End_of_file.
2026/10/05 00:53:39 [next_song:3] Prepared "/var/azuracast/stations/evangile_du_royaume/media/La bible/marc_011.mp3" (RID 23).
2026/10/05 00:58:18 [decoder:2] Decoding "/var/azuracast/stations/evangile_du_royaume/media/La bible/marc_011.mp3" ended: Ffmpeg_decoder.End_of_file.
2026/10/05 00:58:19 [next_song:3] Prepared "/var/azuracast/stations/evangile_du_royaume/media/La bible/marc_012.mp3" (RID 24).
2026/10/05 01:05:28 [decoder:2] Decoding "/var/azuracast/stations/evangile_du_royaume/media/La bible/marc_012.mp3" ended: Ffmpeg_decoder.End_of_file.
2026/10/05 01:05:29 [next_song:3] Prepared "/var/azuracast/stations/evangile_du_royaume/media/La bible/marc_013.mp3" (RID 25).
2026/10/05 01:10:35 [decoder:2] Decoding "/var/azuracast/stations/evangile_du_royaume/media/La bible/marc_013.mp3" ended: Ffmpeg_decoder.End_of_file.
2026/10/05 01:10:35 [next_song:3] Prepared "/var/azuracast/stations/evangile_du_royaume/media/La bible/marc_014.mp3" (RID 26).
2026/10/05 01:20:57 [decoder:2] Decoding "/var/azuracast/stations/evangile_du_royaume/media/La bible/marc_014.mp3" ended: Ffmpeg_decoder.End_of_file.
2026/10/05 01:20:57 [next_song:3] Prepared "/var/azuracast/stations/evangile_du_royaume/media/La bible/marc_015.mp3" (RID 27).
2026/10/05 01:26:46 [decoder:2] Decoding "/var/azuracast/stations/evangile_du_royaume/media/La bible/marc_015.mp3" ended: Ffmpeg_decoder.End_of_file.
2026/10/05 01:26:46 [next_song:3] Prepared "/var/azuracast/stations/evangile_du_royaume/media/Jingle/jingle_avant_louange_06_que_la_louange_seleve.mp3" (RID 28).
2026/10/05 01:26:57 [decoder:2] Decoding "/var/azuracast/stations/evangile_du_royaume/media/Jingle/jingle_avant_louange_06_que_la_louange_seleve.mp3" ended: Ffmpeg_decoder.End_of_file.
2026/10/05 01:26:57 [next_song:3] Prepared "/var/azuracast/stations/evangile_du_royaume/media/Cantiques du royaume/cantique___il_s_est_lui-même_humilié.mp3" (RID 29).
2026/10/05 01:32:22 [decoder:2] Decoding "/var/azuracast/stations/evangile_du_royaume/media/Cantiques du royaume/cantique___il_s_est_lui-même_humilié.mp3" ended: Ffmpeg_decoder.End_of_file.
2026/10/05 01:32:23 [next_song:3] Prepared "/var/azuracast/stations/evangile_du_royaume/media/Worship/53 - In Jesus - PHF.mp3" (RID 30).
2026/10/05 01:38:17 [decoder:2] Decoding "/var/azuracast/stations/evangile_du_royaume/media/Worship/53 - In Jesus - PHF.mp3" ended: Ffmpeg_decoder.End_of_file.
2026/10/05 01:38:18 [next_song:3] Prepared "/var/azuracast/stations/evangile_du_royaume/media/Worship/38 - That I May Know Him - Toronto HF.mp3" (RID 31).
2026/10/05 01:44:24 [decoder:2] Decoding "/var/azuracast/stations/evangile_du_royaume/media/Worship/38 - That I May Know Him - Toronto HF.mp3" ended: Ffmpeg_decoder.End_of_file.
2026/10/05 01:44:25 [next_song:3] Prepared "/var/azuracast/stations/evangile_du_royaume/media/Cantiques du royaume/Cantique-A jamais, tu seras l_Agneau de Dieu.mp3" (RID 32).
2026/10/05 01:53:36 [decoder:2] Decoding "/var/azuracast/stations/evangile_du_royaume/media/Cantiques du royaume/Cantique-A jamais, tu seras l_Agneau de Dieu.mp3" ended: Ffmpeg_decoder.End_of_file.
2026/10/05 01:53:37 [next_song:3] Prepared "/var/azuracast/stations/evangile_du_royaume/media/Worship/33 - By the word of the lord - Ketu HF.mp3" (RID 33).
2026/10/05 01:58:55 [decoder:2] Decoding "/var/azuracast/stations/evangile_du_royaume/media/Worship/33 - By the word of the lord - Ketu HF.mp3" ended: Ffmpeg_decoder.End_of_file.
2026/10/05 01:58:56 [next_song:3] Prepared "/var/azuracast/stations/evangile_du_royaume/media/Worship/29 - Thy Throne Oh Lord - Ketu HF.mp3" (RID 34).
2026/10/05 02:08:35 [decoder:2] Decoding "/var/azuracast/stations/evangile_du_royaume/media/Worship/29 - Thy Throne Oh Lord - Ketu HF.mp3" ended: Ffmpeg_decoder.End_of_file.
2026/10/05 02:08:36 [next_song:3] Prepared "/var/azuracast/stations/evangile_du_royaume/media/Cantiques du royaume/jean-christ_-_6_minutes.mp3" (RID 35).
2026/10/05 02:15:14 [decoder:2] Decoding "/var/azuracast/stations/evangile_du_royaume/media/Cantiques du royaume/jean-christ_-_6_minutes.mp3" ended: Ffmpeg_decoder.End_of_file.
2026/10/05 02:15:14 [next_song:3] Prepared "/var/azuracast/stations/evangile_du_royaume/media/Worship/23 - Guide Me - El ELyon - Abuja HF.mp3" (RID 36).
2026/10/05 02:20:15 [decoder:2] Decoding "/var/azuracast/stations/evangile_du_royaume/media/Worship/23 - Guide Me - El ELyon - Abuja HF.mp3" ended: Ffmpeg_decoder.End_of_file.
2026/10/05 02:20:16 [next_song:3] Prepared "/var/azuracast/stations/evangile_du_royaume/media/Worship/57 - Holy Are You - PHF.mp3" (RID 37).
2026/10/05 02:30:38 [decoder:2] Decoding "/var/azuracast/stations/evangile_du_royaume/media/Worship/57 - Holy Are You - PHF.mp3" ended: Ffmpeg_decoder.End_of_file.
2026/10/05 02:30:39 [next_song:3] Prepared "/var/azuracast/stations/evangile_du_royaume/media/Jingle/jingle_avant_bible_06_ouvrons_les_saintes_ecritures.mp3" (RID 38).
2026/10/05 02:30:49 [decoder:2] Decoding "/var/azuracast/stations/evangile_du_royaume/media/Jingle/jingle_avant_bible_06_ouvrons_les_saintes_ecritures.mp3" ended: Ffmpeg_decoder.End_of_file.
2026/10/05 02:30:50 [next_song:3] Prepared "/var/azuracast/stations/evangile_du_royaume/media/La bible/2_jean_001.mp3" (RID 39).
2026/10/05 02:32:54 [decoder:2] Decoding "/var/azuracast/stations/evangile_du_royaume/media/La bible/2_jean_001.mp3" ended: Ffmpeg_decoder.End_of_file.
2026/10/05 02:32:54 [next_song:3] Prepared "/var/azuracast/stations/evangile_du_royaume/media/La bible/zacharie_001.mp3" (RID 40).
2026/10/05 02:36:26 [decoder:2] Decoding "/var/azuracast/stations/evangile_du_royaume/media/La bible/zacharie_001.mp3" ended: Ffmpeg_decoder.End_of_file.
2026/10/05 02:36:26 [next_song:3] Prepared "/var/azuracast/stations/evangile_du_royaume/media/La bible/zacharie_002.mp3" (RID 41).
2026/10/05 02:38:14 [decoder:2] Decoding "/var/azuracast/stations/evangile_du_royaume/media/La bible/zacharie_002.mp3" ended: Ffmpeg_decoder.End_of_file.
2026/10/05 02:38:14 [next_song:3] Prepared "/var/azuracast/stations/evangile_du_royaume/media/La bible/zacharie_003.mp3" (RID 42).
2026/10/05 02:39:57 [decoder:2] Decoding "/var/azuracast/stations/evangile_du_royaume/media/La bible/zacharie_003.mp3" ended: Ffmpeg_decoder.End_of_file.
2026/10/05 02:39:58 [next_song:3] Prepared "/var/azuracast/stations/evangile_du_royaume/media/La bible/zacharie_004.mp3" (RID 43).
2026/10/05 02:42:01 [decoder:2] Decoding "/var/azuracast/stations/evangile_du_royaume/media/La bible/zacharie_004.mp3" ended: Ffmpeg_decoder.End_of_file.
2026/10/05 02:42:02 [next_song:3] Prepared "/var/azuracast/stations/evangile_du_royaume/media/La bible/zacharie_005.mp3" (RID 44).
2026/10/05 02:43:37 [decoder:2] Decoding "/var/azuracast/stations/evangile_du_royaume/media/La bible/zacharie_005.mp3" ended: Ffmpeg_decoder.End_of_file.
2026/10/05 02:43:37 [next_song:3] Prepared "/var/azuracast/stations/evangile_du_royaume/media/La bible/zacharie_006.mp3" (RID 45).
2026/10/05 02:45:56 [decoder:2] Decoding "/var/azuracast/stations/evangile_du_royaume/media/La bible/zacharie_006.mp3" ended: Ffmpeg_decoder.End_of_file.
2026/10/05 02:45:57 [next_song:3] Prepared "/var/azuracast/stations/evangile_du_royaume/media/La bible/zacharie_007.mp3" (RID 46).
2026/10/05 02:48:01 [decoder:2] Decoding "/var/azuracast/stations/evangile_du_royaume/media/La bible/zacharie_007.mp3" ended: Ffmpeg_decoder.End_of_file.
2026/10/05 02:48:01 [next_song:3] Prepared "/var/azuracast/stations/evangile_du_royaume/media/La bible/zacharie_008.mp3" (RID 47).
2026/10/05 02:51:49 [decoder:2] Decoding "/var/azuracast/stations/evangile_du_royaume/media/La bible/zacharie_008.mp3" ended: Ffmpeg_decoder.End_of_file.
2026/10/05 02:51:50 [next_song:3] Prepared "/var/azuracast/stations/evangile_du_royaume/media/La bible/zacharie_009.mp3" (RID 48).
2026/10/05 02:54:59 [decoder:2] Decoding "/var/azuracast/stations/evangile_du_royaume/media/La bible/zacharie_009.mp3" ended: Ffmpeg_decoder.End_of_file.
2026/10/05 02:54:59 [next_song:3] Prepared "/var/azuracast/stations/evangile_du_royaume/media/La bible/zacharie_010.mp3" (RID 49).
2026/10/05 02:57:09 [decoder:2] Decoding "/var/azuracast/stations/evangile_du_royaume/media/La bible/zacharie_010.mp3" ended: Ffmpeg_decoder.End_of_file.
2026/10/05 02:57:10 [next_song:3] Prepared "/var/azuracast/stations/evangile_du_royaume/media/La bible/zacharie_011.mp3" (RID 50).
2026/10/05 03:00:00 [decoder:2] Decoding "/var/azuracast/stations/evangile_du_royaume/media/La bible/zacharie_011.mp3" ended: Ffmpeg_decoder.End_of_file.
2026/10/05 03:00:01 [next_song:3] Prepared "/var/azuracast/stations/evangile_du_royaume/media/Jingle/jingle_avant_louange_05_elevons_nos_coeurs_vers_dieu.mp3" (RID 51).
2026/10/05 03:00:11 [decoder:2] Decoding "/var/azuracast/stations/evangile_du_royaume/media/Jingle/jingle_avant_louange_05_elevons_nos_coeurs_vers_dieu.mp3" ended: Ffmpeg_decoder.End_of_file.
2026/10/05 03:00:12 [next_song:3] Prepared "/var/azuracast/stations/evangile_du_royaume/media/SWBN Lead Concert Live Worship/08 - You're the Lamb (Abasiama Timothy).mp3" (RID 52).
2026/10/05 03:07:18 [decoder:2] Decoding "/var/azuracast/stations/evangile_du_royaume/media/SWBN Lead Concert Live Worship/08 - You're the Lamb (Abasiama Timothy).mp3" ended: Ffmpeg_decoder.End_of_file.
2026/10/05 03:07:19 [next_song:3] Prepared "/var/azuracast/stations/evangile_du_royaume/media/Worship/48 - The Glory -  PHF.mp3" (RID 53).
2026/10/05 03:14:36 [decoder:2] Decoding "/var/azuracast/stations/evangile_du_royaume/media/Worship/48 - The Glory -  PHF.mp3" ended: Ffmpeg_decoder.End_of_file.
2026/10/05 03:14:36 [next_song:3] Prepared "/var/azuracast/stations/evangile_du_royaume/media/Worship/60 - Be Exalted - PHF.mp3" (RID 54).
2026/10/05 03:25:12 [decoder:2] Decoding "/var/azuracast/stations/evangile_du_royaume/media/Worship/60 - Be Exalted - PHF.mp3" ended: Ffmpeg_decoder.End_of_file.
2026/10/05 03:25:12 [next_song:3] Prepared "/var/azuracast/stations/evangile_du_royaume/media/Worship/07 - Baruch Ha'ba B'Shem Adonai⧸Blessed Is He Who Comes in the Name of the Lord - Port Harcourt HF.mp3" (RID 55).
2026/10/05 03:35:44 [decoder:2] Decoding "/var/azuracast/stations/evangile_du_royaume/media/Worship/07 - Baruch Ha'ba B'Shem Adonai⧸Blessed Is He Who Comes in the Name of the Lord - Port Harcourt HF.mp3" ended: Ffmpeg_decoder.End_of_file.
2026/10/05 03:35:44 [next_song:3] Prepared "/var/azuracast/stations/evangile_du_royaume/media/Cantiques du royaume/WhatsApp Audio 2022-03-15 at 01.33.50 (1)(1).mp3" (RID 56).
2026/10/05 03:45:12 [decoder:2] Decoding "/var/azuracast/stations/evangile_du_royaume/media/Cantiques du royaume/WhatsApp Audio 2022-03-15 at 01.33.50 (1)(1).mp3" ended: Ffmpeg_decoder.End_of_file.
2026/10/05 03:45:13 [next_song:3] Prepared "/var/azuracast/stations/evangile_du_royaume/media/SWBN Lead Concert Live Worship/07 - There is no Lie (Imah Adegoke & Mary Umoh).mp3" (RID 57).
2026/10/05 03:52:03 [decoder:2] Decoding "/var/azuracast/stations/evangile_du_royaume/media/SWBN Lead Concert Live Worship/07 - There is no Lie (Imah Adegoke & Mary Umoh).mp3" ended: Ffmpeg_decoder.End_of_file.
2026/10/05 03:52:04 [next_song:3] Prepared "/var/azuracast/stations/evangile_du_royaume/media/Worship/54 - He Has Given Me - PHF.mp3" (RID 58).
2026/10/05 03:57:09 [decoder:2] Decoding "/var/azuracast/stations/evangile_du_royaume/media/Worship/54 - He Has Given Me - PHF.mp3" ended: Ffmpeg_decoder.End_of_file.
2026/10/05 03:57:10 [next_song:3] Prepared "/var/azuracast/stations/evangile_du_royaume/media/Jingle/jingle_avant_bible_07_place_a_la_lecture_de_la_bible.mp3" (RID 59).
2026/10/05 03:57:23 [decoder:2] Decoding "/var/azuracast/stations/evangile_du_royaume/media/Jingle/jingle_avant_bible_07_place_a_la_lecture_de_la_bible.mp3" ended: Ffmpeg_decoder.End_of_file.
2026/10/05 03:57:23 [next_song:3] Prepared "/var/azuracast/stations/evangile_du_royaume/media/La bible/osée_004.mp3" (RID 60).
2026/10/05 04:00:17 [decoder:2] Decoding "/var/azuracast/stations/evangile_du_royaume/media/La bible/osée_004.mp3" ended: Ffmpeg_decoder.End_of_file.
2026/10/05 04:00:17 [next_song:3] Prepared "/var/azuracast/stations/evangile_du_royaume/media/La bible/osée_005.mp3" (RID 61).
2026/10/05 04:02:38 [decoder:2] Decoding "/var/azuracast/stations/evangile_du_royaume/media/La bible/osée_005.mp3" ended: Ffmpeg_decoder.End_of_file.
2026/10/05 04:02:38 [next_song:3] Prepared "/var/azuracast/stations/evangile_du_royaume/media/La bible/osée_006.mp3" (RID 62).
2026/10/05 04:04:07 [decoder:2] Decoding "/var/azuracast/stations/evangile_du_royaume/media/La bible/osée_006.mp3" ended: Ffmpeg_decoder.End_of_file.
2026/10/05 04:04:07 [next_song:3] Prepared "/var/azuracast/stations/evangile_du_royaume/media/La bible/osée_007.mp3" (RID 63).
2026/10/05 04:06:31 [decoder:2] Decoding "/var/azuracast/stations/evangile_du_royaume/media/La bible/osée_007.mp3" ended: Ffmpeg_decoder.End_of_file.
2026/10/05 04:06:32 [next_song:3] Prepared "/var/azuracast/stations/evangile_du_royaume/media/La bible/osée_008.mp3" (RID 64).
2026/10/05 04:08:35 [decoder:2] Decoding "/var/azuracast/stations/evangile_du_royaume/media/La bible/osée_008.mp3" ended: Ffmpeg_decoder.End_of_file.
2026/10/05 04:08:35 [next_song:3] Prepared "/var/azuracast/stations/evangile_du_royaume/media/La bible/osée_009.mp3" (RID 65).
2026/10/05 04:11:36 [decoder:2] Decoding "/var/azuracast/stations/evangile_du_royaume/media/La bible/osée_009.mp3" ended: Ffmpeg_decoder.End_of_file.
2026/10/05 04:11:37 [next_song:3] Prepared "/var/azuracast/stations/evangile_du_royaume/media/La bible/osée_010.mp3" (RID 66).
2026/10/05 04:14:10 [decoder:2] Decoding "/var/azuracast/stations/evangile_du_royaume/media/La bible/osée_010.mp3" ended: Ffmpeg_decoder.End_of_file.
2026/10/05 04:14:11 [next_song:3] Prepared "/var/azuracast/stations/evangile_du_royaume/media/La bible/osée_011.mp3" (RID 67).
2026/10/05 04:16:01 [decoder:2] Decoding "/var/azuracast/stations/evangile_du_royaume/media/La bible/osée_011.mp3" ended: Ffmpeg_decoder.End_of_file.
2026/10/05 04:16:02 [next_song:3] Prepared "/var/azuracast/stations/evangile_du_royaume/media/La bible/osée_012.mp3" (RID 68).
2026/10/05 04:18:03 [decoder:2] Decoding "/var/azuracast/stations/evangile_du_royaume/media/La bible/osée_012.mp3" ended: Ffmpeg_decoder.End_of_file.
2026/10/05 04:18:03 [next_song:3] Prepared "/var/azuracast/stations/evangile_du_royaume/media/La bible/osée_013.mp3" (RID 69).
2026/10/05 04:20:43 [decoder:2] Decoding "/var/azuracast/stations/evangile_du_royaume/media/La bible/osée_013.mp3" ended: Ffmpeg_decoder.End_of_file.
2026/10/05 04:20:44 [next_song:3] Prepared "/var/azuracast/stations/evangile_du_royaume/media/La bible/osée_014.mp3" (RID 70).
2026/10/05 04:22:18 [decoder:2] Decoding "/var/azuracast/stations/evangile_du_royaume/media/La bible/osée_014.mp3" ended: Ffmpeg_decoder.End_of_file.
2026/10/05 04:22:19 [next_song:3] Prepared "/var/azuracast/stations/evangile_du_royaume/media/La bible/sophonie_001.mp3" (RID 71).
2026/10/05 04:25:12 [decoder:2] Decoding "/var/azuracast/stations/evangile_du_royaume/media/La bible/sophonie_001.mp3" ended: Ffmpeg_decoder.End_of_file.
2026/10/05 04:25:13 [next_song:3] Prepared "/var/azuracast/stations/evangile_du_royaume/media/La bible/sophonie_002.mp3" (RID 72).
2026/10/05 04:27:55 [decoder:2] Decoding "/var/azuracast/stations/evangile_du_royaume/media/La bible/sophonie_002.mp3" ended: Ffmpeg_decoder.End_of_file.
2026/10/05 04:27:56 [next_song:3] Prepared "/var/azuracast/stations/evangile_du_royaume/media/La bible/sophonie_003.mp3" (RID 73).
2026/10/05 04:31:39 [decoder:2] Decoding "/var/azuracast/stations/evangile_du_royaume/media/La bible/sophonie_003.mp3" ended: Ffmpeg_decoder.End_of_file.
2026/10/05 04:31:40 [next_song:3] Prepared "/var/azuracast/stations/evangile_du_royaume/media/La bible/2_samuel_016.mp3" (RID 74).
2026/10/05 04:35:51 [decoder:2] Decoding "/var/azuracast/stations/evangile_du_royaume/media/La bible/2_samuel_016.mp3" ended: Ffmpeg_decoder.End_of_file.
2026/10/05 04:35:51 [next_song:3] Prepared "/var/azuracast/stations/evangile_du_royaume/media/La bible/2_samuel_017.mp3" (RID 75).
2026/10/05 04:41:22 [decoder:2] Decoding "/var/azuracast/stations/evangile_du_royaume/media/La bible/2_samuel_017.mp3" ended: Ffmpeg_decoder.End_of_file.
2026/10/05 04:41:23 [next_song:3] Prepared "/var/azuracast/stations/evangile_du_royaume/media/Jingle/jingle_avant_louange_07_voici_un_temps_de_louange.mp3" (RID 76).
2026/10/05 04:41:36 [decoder:2] Decoding "/var/azuracast/stations/evangile_du_royaume/media/Jingle/jingle_avant_louange_07_voici_un_temps_de_louange.mp3" ended: Ffmpeg_decoder.End_of_file.
2026/10/05 04:41:36 [next_song:3] Prepared "/var/azuracast/stations/evangile_du_royaume/media/Cantiques du royaume/cantique__nous_sommes_le_sel_de_la_terre.mp3" (RID 77).
2026/10/05 04:43:49 [decoder:2] Decoding "/var/azuracast/stations/evangile_du_royaume/media/Cantiques du royaume/cantique__nous_sommes_le_sel_de_la_terre.mp3" ended: Ffmpeg_decoder.End_of_file.
2026/10/05 04:43:49 [next_song:3] Prepared "/var/azuracast/stations/evangile_du_royaume/media/Worship/09 - Oh Lord I Want to Know Your Glory - Port Harcourt HF.mp3" (RID 78).
2026/10/05 04:50:02 [decoder:2] Decoding "/var/azuracast/stations/evangile_du_royaume/media/Worship/09 - Oh Lord I Want to Know Your Glory - Port Harcourt HF.mp3" ended: Ffmpeg_decoder.End_of_file.
2026/10/05 04:50:02 [next_song:3] Prepared "/var/azuracast/stations/evangile_du_royaume/media/Cantiques du royaume/5-il_sappelait_emmanuel_-_marcel_boungou__paroles.mp3" (RID 79).
2026/10/05 04:55:12 [decoder:2] Decoding "/var/azuracast/stations/evangile_du_royaume/media/Cantiques du royaume/5-il_sappelait_emmanuel_-_marcel_boungou__paroles.mp3" ended: Ffmpeg_decoder.End_of_file.
2026/10/05 04:55:13 [next_song:3] Prepared "/var/azuracast/stations/evangile_du_royaume/media/Worship/08 - I Enter The Holy of Holies - Port Harcourt HF.mp3" (RID 80).
2026/10/05 05:00:14 [decoder:2] Decoding "/var/azuracast/stations/evangile_du_royaume/media/Worship/08 - I Enter The Holy of Holies - Port Harcourt HF.mp3" ended: Ffmpeg_decoder.End_of_file.
2026/10/05 05:00:15 [next_song:3] Prepared "/var/azuracast/stations/evangile_du_royaume/media/Worship/75 - How Precious Oh Lord.mp3" (RID 81).
2026/10/05 05:05:56 [decoder:2] Decoding "/var/azuracast/stations/evangile_du_royaume/media/Worship/75 - How Precious Oh Lord.mp3" ended: Ffmpeg_decoder.End_of_file.
2026/10/05 05:05:57 [next_song:3] Prepared "/var/azuracast/stations/evangile_du_royaume/media/Worship/43 - The Mountains, Come and, Oh City - Ketu HF.mp3" (RID 82).
2026/10/05 05:14:19 [decoder:2] Decoding "/var/azuracast/stations/evangile_du_royaume/media/Worship/43 - The Mountains, Come and, Oh City - Ketu HF.mp3" ended: Ffmpeg_decoder.End_of_file.
2026/10/05 05:14:19 [next_song:3] Prepared "/var/azuracast/stations/evangile_du_royaume/media/Worship/72 - There is no name  - Winnipeg Fellowship.mp3" (RID 83).
2026/10/05 05:22:07 [decoder:2] Decoding "/var/azuracast/stations/evangile_du_royaume/media/Worship/72 - There is no name  - Winnipeg Fellowship.mp3" ended: Ffmpeg_decoder.End_of_file.
2026/10/05 05:22:08 [next_song:3] Prepared "/var/azuracast/stations/evangile_du_royaume/media/SWBN Lead Concert Live Worship/02 - Unto Him (Vincent Opara).mp3" (RID 84).
2026/10/05 05:30:45 [decoder:2] Decoding "/var/azuracast/stations/evangile_du_royaume/media/SWBN Lead Concert Live Worship/02 - Unto Him (Vincent Opara).mp3" ended: Ffmpeg_decoder.End_of_file.
2026/10/05 05:30:46 [next_song:3] Prepared "/var/azuracast/stations/evangile_du_royaume/media/Cantiques du royaume/jean-chist_-_4_minutes.mp3" (RID 85).
2026/10/05 05:34:56 [decoder:2] Decoding "/var/azuracast/stations/evangile_du_royaume/media/Cantiques du royaume/jean-chist_-_4_minutes.mp3" ended: Ffmpeg_decoder.End_of_file.
2026/10/05 05:34:56 [next_song:3] Prepared "/var/azuracast/stations/evangile_du_royaume/media/Worship/18 - El Elyon - Toronto & Winnipeg HF.mp3" (RID 86).
2026/10/05 05:43:51 [decoder:2] Decoding "/var/azuracast/stations/evangile_du_royaume/media/Worship/18 - El Elyon - Toronto & Winnipeg HF.mp3" ended: Ffmpeg_decoder.End_of_file.
2026/10/05 05:43:51 [next_song:3] Prepared "/var/azuracast/stations/evangile_du_royaume/media/Jingle/jingle_musical_station_fm_parole_prophetique_02.mp3" (RID 87).
2026/10/05 05:44:01 [decoder:2] Decoding "/var/azuracast/stations/evangile_du_royaume/media/Jingle/jingle_musical_station_fm_parole_prophetique_02.mp3" ended: Ffmpeg_decoder.End_of_file.
2026/10/05 05:44:01 [next_song:3] Prepared "/var/azuracast/stations/evangile_du_royaume/media/La bible/exode_011.mp3" (RID 88).
2026/10/05 05:46:18 [decoder:2] Decoding "/var/azuracast/stations/evangile_du_royaume/media/La bible/exode_011.mp3" ended: Ffmpeg_decoder.End_of_file.
2026/10/05 05:46:19 [next_song:3] Prepared "/var/azuracast/stations/evangile_du_royaume/media/La bible/exode_012.mp3" (RID 89).
2026/10/05 05:54:53 [decoder:2] Decoding "/var/azuracast/stations/evangile_du_royaume/media/La bible/exode_012.mp3" ended: Ffmpeg_decoder.End_of_file.
2026/10/05 05:54:54 [next_song:3] Prepared "/var/azuracast/stations/evangile_du_royaume/media/La bible/exode_013.mp3" (RID 90).
2026/10/05 05:59:07 [decoder:2] Decoding "/var/azuracast/stations/evangile_du_royaume/media/La bible/exode_013.mp3" ended: Ffmpeg_decoder.End_of_file.
2026/10/05 05:59:08 [next_song:3] Prepared "/var/azuracast/stations/evangile_du_royaume/media/Jingle/jingle_avant_louange_07_voici_un_temps_de_louange.mp3" (RID 91).
2026/10/05 05:59:21 [decoder:2] Decoding "/var/azuracast/stations/evangile_du_royaume/media/Jingle/jingle_avant_louange_07_voici_un_temps_de_louange.mp3" ended: Ffmpeg_decoder.End_of_file.
2026/10/05 05:59:21 [next_song:3] Prepared "/var/azuracast/stations/evangile_du_royaume/media/Jingle/jingle_avant_louange_06_que_la_louange_seleve.mp3" (RID 92).
2026/10/05 05:59:31 [decoder:2] Decoding "/var/azuracast/stations/evangile_du_royaume/media/Jingle/jingle_avant_louange_06_que_la_louange_seleve.mp3" ended: Ffmpeg_decoder.End_of_file.
2026/10/05 05:59:32 [next_song:3] Prepared "/var/azuracast/stations/evangile_du_royaume/media/Jingle/jingle_avant_message_03_vous_ecoutez_parole_prophetique_fm.mp3" (RID 93).
2026/10/05 05:59:41 [decoder:2] Decoding "/var/azuracast/stations/evangile_du_royaume/media/Jingle/jingle_avant_message_03_vous_ecoutez_parole_prophetique_fm.mp3" ended: Ffmpeg_decoder.End_of_file.
2026/10/05 05:59:41 [next_song:3] Prepared "/var/azuracast/stations/evangile_du_royaume/media/Jingle/jingle_avant_bible_08_prenons_un_moment_pour_ecouter_la_parole.mp3" (RID 94).
2026/10/05 05:59:50 [decoder:2] Decoding "/var/azuracast/stations/evangile_du_royaume/media/Jingle/jingle_avant_bible_08_prenons_un_moment_pour_ecouter_la_parole.mp3" ended: Ffmpeg_decoder.End_of_file.
2026/10/05 05:59:51 [next_song:3] Prepared "/var/azuracast/stations/evangile_du_royaume/media/Jingle/jingle_avant_bible_07_place_a_la_lecture_de_la_bible.mp3" (RID 95).
2026/10/05 06:00:04 [decoder:2] Decoding "/var/azuracast/stations/evangile_du_royaume/media/Jingle/jingle_avant_bible_07_place_a_la_lecture_de_la_bible.mp3" ended: Ffmpeg_decoder.End_of_file.
2026/10/05 06:00:04 [next_song:3] Prepared "/var/azuracast/stations/evangile_du_royaume/media/Jingle/jingle_avant_message_05_vous_etes_a_lecoute_de_levangile_du_royaume.mp3" (RID 96).
2026/10/05 06:00:15 [decoder:2] Decoding "/var/azuracast/stations/evangile_du_royaume/media/Jingle/jingle_avant_message_05_vous_etes_a_lecoute_de_levangile_du_royaume.mp3" ended: Ffmpeg_decoder.End_of_file.
2026/10/05 06:00:16 [next_song:3] Prepared "/var/azuracast/stations/evangile_du_royaume/media/la_moisson_3_adé.mp3" (RID 97).
2026/10/05 06:26:09 [decoder:2] Decoding "/var/azuracast/stations/evangile_du_royaume/media/la_moisson_3_adé.mp3" ended: Ffmpeg_decoder.End_of_file.
2026/10/05 06:26:10 [next_song:3] Prepared "/var/azuracast/stations/evangile_du_royaume/media/Jingle/jingle_avant_bible_08_prenons_un_moment_pour_ecouter_la_parole.mp3" (RID 98).
2026/10/05 06:26:19 [decoder:2] Decoding "/var/azuracast/stations/evangile_du_royaume/media/Jingle/jingle_avant_bible_08_prenons_un_moment_pour_ecouter_la_parole.mp3" ended: Ffmpeg_decoder.End_of_file.
2026/10/05 06:26:19 [next_song:3] Prepared "/var/azuracast/stations/evangile_du_royaume/media/La bible/amos_001.mp3" (RID 99).
2026/10/05 06:28:56 [decoder:2] Decoding "/var/azuracast/stations/evangile_du_royaume/media/La bible/amos_001.mp3" ended: Ffmpeg_decoder.End_of_file.
2026/10/05 06:28:57 [next_song:3] Prepared "/var/azuracast/stations/evangile_du_royaume/media/La bible/amos_002.mp3" (RID 100).
2026/10/05 06:31:24 [decoder:2] Decoding "/var/azuracast/stations/evangile_du_royaume/media/La bible/amos_002.mp3" ended: Ffmpeg_decoder.End_of_file.
2026/10/05 06:31:25 [next_song:3] Prepared "/var/azuracast/stations/evangile_du_royaume/media/La bible/amos_003.mp3" (RID 101).
2026/10/05 06:33:41 [decoder:2] Decoding "/var/azuracast/stations/evangile_du_royaume/media/La bible/amos_003.mp3" ended: Ffmpeg_decoder.End_of_file.
2026/10/05 06:33:41 [next_song:3] Prepared "/var/azuracast/stations/evangile_du_royaume/media/La bible/amos_004.mp3" (RID 102).
2026/10/05 06:36:22 [decoder:2] Decoding "/var/azuracast/stations/evangile_du_royaume/media/La bible/amos_004.mp3" ended: Ffmpeg_decoder.End_of_file.
2026/10/05 06:36:22 [next_song:3] Prepared "/var/azuracast/stations/evangile_du_royaume/media/La bible/amos_005.mp3" (RID 103).
2026/10/05 06:40:21 [decoder:2] Decoding "/var/azuracast/stations/evangile_du_royaume/media/La bible/amos_005.mp3" ended: Ffmpeg_decoder.End_of_file.
2026/10/05 06:40:21 [next_song:3] Prepared "/var/azuracast/stations/evangile_du_royaume/media/La bible/amos_006.mp3" (RID 104).
2026/10/05 06:42:40 [decoder:2] Decoding "/var/azuracast/stations/evangile_du_royaume/media/La bible/amos_006.mp3" ended: Ffmpeg_decoder.End_of_file.
2026/10/05 06:42:40 [next_song:3] Prepared "/var/azuracast/stations/evangile_du_royaume/media/La bible/amos_007.mp3" (RID 105).
2026/10/05 06:45:42 [decoder:2] Decoding "/var/azuracast/stations/evangile_du_royaume/media/La bible/amos_007.mp3" ended: Ffmpeg_decoder.End_of_file.
2026/10/05 06:45:43 [next_song:3] Prepared "/var/azuracast/stations/evangile_du_royaume/media/La bible/amos_008.mp3" (RID 106).
2026/10/05 06:48:10 [decoder:2] Decoding "/var/azuracast/stations/evangile_du_royaume/media/La bible/amos_008.mp3" ended: Ffmpeg_decoder.End_of_file.
2026/10/05 06:48:10 [next_song:3] Prepared "/var/azuracast/stations/evangile_du_royaume/media/La bible/amos_009.mp3" (RID 107).
2026/10/05 06:51:04 [decoder:2] Decoding "/var/azuracast/stations/evangile_du_royaume/media/La bible/amos_009.mp3" ended: Ffmpeg_decoder.End_of_file.
2026/10/05 06:51:04 [next_song:3] Prepared "/var/azuracast/stations/evangile_du_royaume/media/La bible/1_thessaloniciens_001.mp3" (RID 108).
2026/10/05 06:52:51 [decoder:2] Decoding "/var/azuracast/stations/evangile_du_royaume/media/La bible/1_thessaloniciens_001.mp3" ended: Ffmpeg_decoder.End_of_file.
2026/10/05 06:52:51 [next_song:3] Prepared "/var/azuracast/stations/evangile_du_royaume/media/La bible/1_thessaloniciens_002.mp3" (RID 109).
2026/10/05 06:56:17 [decoder:2] Decoding "/var/azuracast/stations/evangile_du_royaume/media/La bible/1_thessaloniciens_002.mp3" ended: Ffmpeg_decoder.End_of_file.
2026/10/05 06:56:18 [next_song:3] Prepared "/var/azuracast/stations/evangile_du_royaume/media/La bible/1_thessaloniciens_003.mp3" (RID 110).
2026/10/05 06:58:27 [decoder:2] Decoding "/var/azuracast/stations/evangile_du_royaume/media/La bible/1_thessaloniciens_003.mp3" ended: Ffmpeg_decoder.End_of_file.
2026/10/05 06:58:28 [next_song:3] Prepared "/var/azuracast/stations/evangile_du_royaume/media/La bible/1_thessaloniciens_004.mp3" (RID 111).
2026/10/05 07:01:28 [decoder:2] Decoding "/var/azuracast/stations/evangile_du_royaume/media/La bible/1_thessaloniciens_004.mp3" ended: Ffmpeg_decoder.End_of_file.
2026/10/05 07:01:28 [next_song:3] Prepared "/var/azuracast/stations/evangile_du_royaume/media/La bible/1_thessaloniciens_005.mp3" (RID 112).
2026/10/05 07:04:29 [decoder:2] Decoding "/var/azuracast/stations/evangile_du_royaume/media/La bible/1_thessaloniciens_005.mp3" ended: Ffmpeg_decoder.End_of_file.
2026/10/05 07:04:30 [next_song:3] Prepared "/var/azuracast/stations/evangile_du_royaume/media/La bible/lévitique_012.mp3" (RID 113).
