2026/09/12 00:01:29 [lang.deprecated:2] WARNING: "map_metadata" is deprecated and will be removed in future version. Please use "metadata.map" instead.
2026/09/12 00:01:29 [lang.deprecated:2] WARNING: "map_metadata" is deprecated and will be removed in future version. Please use "metadata.map" instead.
2026/09/12 00:01:29 [error_jingle:3] "/usr/local/share/icecast/web/error.mp3" is static, resolving once for all...
2026/09/12 00:01:29 [error_jingle:3] Prepared "/usr/local/share/icecast/web/error.mp3" (RID 7).
2026/09/12 00:01:29 [safe_fallback:3] Switch to error_jingle.
2026/09/12 00:01:30 [playlist_000_transition:3] Prepared "/var/azuracast/stations/evangile_du_royaume/media/jingles_de_transition_1.mp3" (RID 12).
2026/09/12 00:01:30 [safe_fallback:3] Switch to amplify_0 with transition.
2026/09/12 00:01:30 [interrupting_fallback:3] Switch to requests_fallback.
2026/09/12 00:01:30 [requests_fallback:3] Switch to autodj_fallback.
2026/09/12 00:01:30 [autodj_fallback:3] Switch to schedule_switch.
2026/09/12 00:01:30 [schedule_switch:3] Switch to metadata.map_0.
2026/09/12 00:01:41 [next_song:3] Prepared "/var/azuracast/stations/evangile_du_royaume/media/jingles_de_transition_2.mp3" (RID 16).
2026/09/12 00:03:05 [decoder:2] Decoding "/var/azuracast/stations/evangile_du_royaume/media/jingles_de_transition_1.mp3" ended: Ffmpeg_decoder.End_of_file.
2026/09/12 00:03:06 [playlist_bloc_a_serie_du_jour:3] Prepared "/var/azuracast/stations/evangile_du_royaume/media/Jingle/jingle_avant_message_04_bienvenue_sur_parole_prophetique_fm.mp3" (RID 8).
2026/09/12 00:03:06 [schedule_switch:3] Switch to cue_playlist_bloc_a_serie_du_jour with forgetful transition.
2026/09/12 00:03:06 [autodj_fallback:3] Switch to dynamic_startup with forgetful transition.
2026/09/12 00:03:06 [dynamic_startup:3] Switch to cue_next_song.
2026/09/12 00:04:34 [decoder:2] Decoding "/var/azuracast/stations/evangile_du_royaume/media/jingles_de_transition_2.mp3" ended: Ffmpeg_decoder.End_of_file.
2026/09/12 00:04:35 [next_song:3] Prepared "/var/azuracast/stations/evangile_du_royaume/media/Jingle/jingle_avant_message_04_bienvenue_sur_parole_prophetique_fm.mp3" (RID 17).
2026/09/12 00:04:44 [decoder:2] Decoding "/var/azuracast/stations/evangile_du_royaume/media/Jingle/jingle_avant_message_04_bienvenue_sur_parole_prophetique_fm.mp3" ended: Ffmpeg_decoder.End_of_file.
2026/09/12 00:04:45 [next_song:3] Prepared "/var/azuracast/stations/evangile_du_royaume/media/2020_tian_le_pardon_7.mp3" (RID 18).
2026/09/12 00:18:06 [decoder:2] Decoding "/var/azuracast/stations/evangile_du_royaume/media/2020_tian_le_pardon_7.mp3" ended: Ffmpeg_decoder.End_of_file.
2026/09/12 00:18:06 [next_song:3] Prepared "/var/azuracast/stations/evangile_du_royaume/media/Jingle/jingle_avant_bible_06_ouvrons_les_saintes_ecritures.mp3" (RID 19).
2026/09/12 00:18:16 [decoder:2] Decoding "/var/azuracast/stations/evangile_du_royaume/media/Jingle/jingle_avant_bible_06_ouvrons_les_saintes_ecritures.mp3" ended: Ffmpeg_decoder.End_of_file.
2026/09/12 00:18:17 [next_song:3] Prepared "/var/azuracast/stations/evangile_du_royaume/media/La bible/1_samuel_001.mp3" (RID 20).
2026/09/12 00:22:52 [decoder:2] Decoding "/var/azuracast/stations/evangile_du_royaume/media/La bible/1_samuel_001.mp3" ended: Ffmpeg_decoder.End_of_file.
2026/09/12 00:22:53 [next_song:3] Prepared "/var/azuracast/stations/evangile_du_royaume/media/La bible/1_samuel_002.mp3" (RID 21).
2026/09/12 00:29:13 [decoder:2] Decoding "/var/azuracast/stations/evangile_du_royaume/media/La bible/1_samuel_002.mp3" ended: Ffmpeg_decoder.End_of_file.
2026/09/12 00:29:13 [next_song:3] Prepared "/var/azuracast/stations/evangile_du_royaume/media/La bible/1_samuel_003.mp3" (RID 22).
2026/09/12 00:32:39 [decoder:2] Decoding "/var/azuracast/stations/evangile_du_royaume/media/La bible/1_samuel_003.mp3" ended: Ffmpeg_decoder.End_of_file.
2026/09/12 00:32:39 [next_song:3] Prepared "/var/azuracast/stations/evangile_du_royaume/media/La bible/1_samuel_004.mp3" (RID 23).
2026/09/12 00:36:38 [decoder:2] Decoding "/var/azuracast/stations/evangile_du_royaume/media/La bible/1_samuel_004.mp3" ended: Ffmpeg_decoder.End_of_file.
2026/09/12 00:36:38 [next_song:3] Prepared "/var/azuracast/stations/evangile_du_royaume/media/La bible/1_samuel_005.mp3" (RID 24).
2026/09/12 00:39:00 [decoder:2] Decoding "/var/azuracast/stations/evangile_du_royaume/media/La bible/1_samuel_005.mp3" ended: Ffmpeg_decoder.End_of_file.
2026/09/12 00:39:00 [next_song:3] Prepared "/var/azuracast/stations/evangile_du_royaume/media/La bible/1_samuel_006.mp3" (RID 25).
2026/09/12 00:43:06 [decoder:2] Decoding "/var/azuracast/stations/evangile_du_royaume/media/La bible/1_samuel_006.mp3" ended: Ffmpeg_decoder.End_of_file.
2026/09/12 00:43:07 [next_song:3] Prepared "/var/azuracast/stations/evangile_du_royaume/media/La bible/1_samuel_007.mp3" (RID 26).
2026/09/12 00:45:55 [decoder:2] Decoding "/var/azuracast/stations/evangile_du_royaume/media/La bible/1_samuel_007.mp3" ended: Ffmpeg_decoder.End_of_file.
2026/09/12 00:45:55 [next_song:3] Prepared "/var/azuracast/stations/evangile_du_royaume/media/La bible/1_samuel_008.mp3" (RID 27).
2026/09/12 00:48:39 [decoder:2] Decoding "/var/azuracast/stations/evangile_du_royaume/media/La bible/1_samuel_008.mp3" ended: Ffmpeg_decoder.End_of_file.
2026/09/12 00:48:40 [next_song:3] Prepared "/var/azuracast/stations/evangile_du_royaume/media/La bible/1_samuel_009.mp3" (RID 28).
2026/09/12 00:53:55 [decoder:2] Decoding "/var/azuracast/stations/evangile_du_royaume/media/La bible/1_samuel_009.mp3" ended: Ffmpeg_decoder.End_of_file.
2026/09/12 00:53:56 [next_song:3] Prepared "/var/azuracast/stations/evangile_du_royaume/media/La bible/1_samuel_010.mp3" (RID 29).
2026/09/12 00:58:43 [decoder:2] Decoding "/var/azuracast/stations/evangile_du_royaume/media/La bible/1_samuel_010.mp3" ended: Ffmpeg_decoder.End_of_file.
2026/09/12 00:58:44 [next_song:3] Prepared "/var/azuracast/stations/evangile_du_royaume/media/La bible/1_samuel_011.mp3" (RID 30).
2026/09/12 01:01:31 [decoder:2] Decoding "/var/azuracast/stations/evangile_du_royaume/media/La bible/1_samuel_011.mp3" ended: Ffmpeg_decoder.End_of_file.
2026/09/12 01:01:32 [next_song:3] Prepared "/var/azuracast/stations/evangile_du_royaume/media/La bible/1_samuel_012.mp3" (RID 31).
2026/09/12 01:05:50 [decoder:2] Decoding "/var/azuracast/stations/evangile_du_royaume/media/La bible/1_samuel_012.mp3" ended: Ffmpeg_decoder.End_of_file.
2026/09/12 01:05:51 [next_song:3] Prepared "/var/azuracast/stations/evangile_du_royaume/media/La bible/1_samuel_013.mp3" (RID 32).
2026/09/12 01:09:38 [decoder:2] Decoding "/var/azuracast/stations/evangile_du_royaume/media/La bible/1_samuel_013.mp3" ended: Ffmpeg_decoder.End_of_file.
2026/09/12 01:09:39 [next_song:3] Prepared "/var/azuracast/stations/evangile_du_royaume/media/La bible/1_samuel_014.mp3" (RID 33).
2026/09/12 01:18:50 [decoder:2] Decoding "/var/azuracast/stations/evangile_du_royaume/media/La bible/1_samuel_014.mp3" ended: Ffmpeg_decoder.End_of_file.
2026/09/12 01:18:50 [next_song:3] Prepared "/var/azuracast/stations/evangile_du_royaume/media/Jingle/jingle_avant_louange_06_que_la_louange_seleve.mp3" (RID 34).
2026/09/12 01:19:01 [decoder:2] Decoding "/var/azuracast/stations/evangile_du_royaume/media/Jingle/jingle_avant_louange_06_que_la_louange_seleve.mp3" ended: Ffmpeg_decoder.End_of_file.
2026/09/12 01:19:01 [next_song:3] Prepared "/var/azuracast/stations/evangile_du_royaume/media/Worship/15 - Satisfy My Soul - Calabar HF.mp3" (RID 35).
2026/09/12 01:25:01 [decoder:2] Decoding "/var/azuracast/stations/evangile_du_royaume/media/Worship/15 - Satisfy My Soul - Calabar HF.mp3" ended: Ffmpeg_decoder.End_of_file.
2026/09/12 01:25:01 [next_song:3] Prepared "/var/azuracast/stations/evangile_du_royaume/media/Cantiques du royaume/Cantique - Je veux vivre ton royaume.mp3" (RID 36).
2026/09/12 01:29:43 [decoder:2] Decoding "/var/azuracast/stations/evangile_du_royaume/media/Cantiques du royaume/Cantique - Je veux vivre ton royaume.mp3" ended: Ffmpeg_decoder.End_of_file.
2026/09/12 01:29:43 [next_song:3] Prepared "/var/azuracast/stations/evangile_du_royaume/media/Worship/47 - You Are the Captain of the Host - Toronto HF.mp3" (RID 37).
2026/09/12 01:32:37 [decoder:2] Decoding "/var/azuracast/stations/evangile_du_royaume/media/Worship/47 - You Are the Captain of the Host - Toronto HF.mp3" ended: Ffmpeg_decoder.End_of_file.
2026/09/12 01:32:38 [next_song:3] Prepared "/var/azuracast/stations/evangile_du_royaume/media/Worship/34 - Great and Marvellous - Ketu HF.mp3" (RID 38).
2026/09/12 01:40:45 [decoder:2] Decoding "/var/azuracast/stations/evangile_du_royaume/media/Worship/34 - Great and Marvellous - Ketu HF.mp3" ended: Ffmpeg_decoder.End_of_file.
2026/09/12 01:40:45 [next_song:3] Prepared "/var/azuracast/stations/evangile_du_royaume/media/Worship/50 - Jesus is Alpha - PHF.mp3" (RID 39).
2026/09/12 01:48:54 [decoder:2] Decoding "/var/azuracast/stations/evangile_du_royaume/media/Worship/50 - Jesus is Alpha - PHF.mp3" ended: Ffmpeg_decoder.End_of_file.
2026/09/12 01:48:55 [next_song:3] Prepared "/var/azuracast/stations/evangile_du_royaume/media/SWBN Lead Concert Live Worship/06 - Yahweh is Mighty (Imah Adegoke).mp3" (RID 40).
2026/09/12 01:56:49 [decoder:2] Decoding "/var/azuracast/stations/evangile_du_royaume/media/SWBN Lead Concert Live Worship/06 - Yahweh is Mighty (Imah Adegoke).mp3" ended: Ffmpeg_decoder.End_of_file.
2026/09/12 01:56:50 [next_song:3] Prepared "/var/azuracast/stations/evangile_du_royaume/media/Worship/11 - Hosanna - Toronto HF.mp3" (RID 41).
2026/09/12 02:03:45 [decoder:2] Decoding "/var/azuracast/stations/evangile_du_royaume/media/Worship/11 - Hosanna - Toronto HF.mp3" ended: Ffmpeg_decoder.End_of_file.
2026/09/12 02:03:46 [next_song:3] Prepared "/var/azuracast/stations/evangile_du_royaume/media/Worship/53 - In Jesus - PHF.mp3" (RID 42).
2026/09/12 02:09:40 [decoder:2] Decoding "/var/azuracast/stations/evangile_du_royaume/media/Worship/53 - In Jesus - PHF.mp3" ended: Ffmpeg_decoder.End_of_file.
2026/09/12 02:09:41 [next_song:3] Prepared "/var/azuracast/stations/evangile_du_royaume/media/Worship/04 - Yahweh Is Mighty - SWBN TV.mp3" (RID 43).
2026/09/12 02:17:56 [decoder:2] Decoding "/var/azuracast/stations/evangile_du_royaume/media/Worship/04 - Yahweh Is Mighty - SWBN TV.mp3" ended: Ffmpeg_decoder.End_of_file.
2026/09/12 02:17:57 [next_song:3] Prepared "/var/azuracast/stations/evangile_du_royaume/media/Jingle/jingle_avant_bible_08_prenons_un_moment_pour_ecouter_la_parole.mp3" (RID 44).
2026/09/12 02:18:06 [decoder:2] Decoding "/var/azuracast/stations/evangile_du_royaume/media/Jingle/jingle_avant_bible_08_prenons_un_moment_pour_ecouter_la_parole.mp3" ended: Ffmpeg_decoder.End_of_file.
2026/09/12 02:18:06 [next_song:3] Prepared "/var/azuracast/stations/evangile_du_royaume/media/La bible/galates_006.mp3" (RID 45).
2026/09/12 02:20:49 [decoder:2] Decoding "/var/azuracast/stations/evangile_du_royaume/media/La bible/galates_006.mp3" ended: Ffmpeg_decoder.End_of_file.
2026/09/12 02:20:49 [next_song:3] Prepared "/var/azuracast/stations/evangile_du_royaume/media/La bible/jean_005.mp3" (RID 46).
2026/09/12 02:26:10 [decoder:2] Decoding "/var/azuracast/stations/evangile_du_royaume/media/La bible/jean_005.mp3" ended: Ffmpeg_decoder.End_of_file.
2026/09/12 02:26:10 [next_song:3] Prepared "/var/azuracast/stations/evangile_du_royaume/media/La bible/jean_006.mp3" (RID 47).
2026/09/12 02:34:31 [decoder:2] Decoding "/var/azuracast/stations/evangile_du_royaume/media/La bible/jean_006.mp3" ended: Ffmpeg_decoder.End_of_file.
2026/09/12 02:34:31 [next_song:3] Prepared "/var/azuracast/stations/evangile_du_royaume/media/La bible/jean_007.mp3" (RID 48).
2026/09/12 02:40:36 [decoder:2] Decoding "/var/azuracast/stations/evangile_du_royaume/media/La bible/jean_007.mp3" ended: Ffmpeg_decoder.End_of_file.
2026/09/12 02:40:36 [next_song:3] Prepared "/var/azuracast/stations/evangile_du_royaume/media/La bible/jean_008.mp3" (RID 49).
2026/09/12 02:47:59 [decoder:2] Decoding "/var/azuracast/stations/evangile_du_royaume/media/La bible/jean_008.mp3" ended: Ffmpeg_decoder.End_of_file.
2026/09/12 02:48:00 [next_song:3] Prepared "/var/azuracast/stations/evangile_du_royaume/media/Jingle/jingle_avant_louange_05_elevons_nos_coeurs_vers_dieu.mp3" (RID 50).
2026/09/12 02:48:10 [decoder:2] Decoding "/var/azuracast/stations/evangile_du_royaume/media/Jingle/jingle_avant_louange_05_elevons_nos_coeurs_vers_dieu.mp3" ended: Ffmpeg_decoder.End_of_file.
2026/09/12 02:48:11 [next_song:3] Prepared "/var/azuracast/stations/evangile_du_royaume/media/Worship/75 - How Precious Oh Lord.mp3" (RID 51).
2026/09/12 02:53:53 [decoder:2] Decoding "/var/azuracast/stations/evangile_du_royaume/media/Worship/75 - How Precious Oh Lord.mp3" ended: Ffmpeg_decoder.End_of_file.
2026/09/12 02:53:53 [next_song:3] Prepared "/var/azuracast/stations/evangile_du_royaume/media/Cantiques du royaume/cantique__heureux_l_homme_qui_ne_marche_pas_selon.mp3" (RID 52).
2026/09/12 02:56:10 [decoder:2] Decoding "/var/azuracast/stations/evangile_du_royaume/media/Cantiques du royaume/cantique__heureux_l_homme_qui_ne_marche_pas_selon.mp3" ended: Ffmpeg_decoder.End_of_file.
2026/09/12 02:56:10 [next_song:3] Prepared "/var/azuracast/stations/evangile_du_royaume/media/Worship/36 - Praise the Lord of Host - Toronto HF.mp3" (RID 53).
2026/09/12 03:02:37 [decoder:2] Decoding "/var/azuracast/stations/evangile_du_royaume/media/Worship/36 - Praise the Lord of Host - Toronto HF.mp3" ended: Ffmpeg_decoder.End_of_file.
2026/09/12 03:02:38 [next_song:3] Prepared "/var/azuracast/stations/evangile_du_royaume/media/Worship/68 - Shine in Darkness O Lord  - Winnipeg Fellowship.mp3" (RID 54).
2026/09/12 03:12:59 [decoder:2] Decoding "/var/azuracast/stations/evangile_du_royaume/media/Worship/68 - Shine in Darkness O Lord  - Winnipeg Fellowship.mp3" ended: Ffmpeg_decoder.End_of_file.
2026/09/12 03:12:59 [next_song:3] Prepared "/var/azuracast/stations/evangile_du_royaume/media/Cantiques du royaume/cantique___il_s_est_lui-même_humilié.mp3" (RID 55).
2026/09/12 03:18:25 [decoder:2] Decoding "/var/azuracast/stations/evangile_du_royaume/media/Cantiques du royaume/cantique___il_s_est_lui-même_humilié.mp3" ended: Ffmpeg_decoder.End_of_file.
2026/09/12 03:18:25 [next_song:3] Prepared "/var/azuracast/stations/evangile_du_royaume/media/Worship/01 - There Is Forgiveness In Thee - SWBN TV.mp3" (RID 56).
2026/09/12 03:24:29 [decoder:2] Decoding "/var/azuracast/stations/evangile_du_royaume/media/Worship/01 - There Is Forgiveness In Thee - SWBN TV.mp3" ended: Ffmpeg_decoder.End_of_file.
2026/09/12 03:24:30 [next_song:3] Prepared "/var/azuracast/stations/evangile_du_royaume/media/SWBN Lead Concert Live Worship/10 - He Has Given Me & Emmanuel You Joy Over Us (Medley) (Abasiama Timothy & Imah Adegoke).mp3" (RID 57).
2026/09/12 03:33:04 [decoder:2] Decoding "/var/azuracast/stations/evangile_du_royaume/media/SWBN Lead Concert Live Worship/10 - He Has Given Me & Emmanuel You Joy Over Us (Medley) (Abasiama Timothy & Imah Adegoke).mp3" ended: Ffmpeg_decoder.End_of_file.
2026/09/12 03:33:05 [next_song:3] Prepared "/var/azuracast/stations/evangile_du_royaume/media/Cantiques du royaume/Cantique   Oh Éternel Dieu, Tu es le Dieu Incomparable.mp3" (RID 58).
2026/09/12 03:37:13 [decoder:2] Decoding "/var/azuracast/stations/evangile_du_royaume/media/Cantiques du royaume/Cantique   Oh Éternel Dieu, Tu es le Dieu Incomparable.mp3" ended: Ffmpeg_decoder.End_of_file.
2026/09/12 03:37:13 [next_song:3] Prepared "/var/azuracast/stations/evangile_du_royaume/media/Worship/30 - Yeshua I'm Waiting for You  - Ketu HF.mp3" (RID 59).
2026/09/12 03:41:59 [decoder:2] Decoding "/var/azuracast/stations/evangile_du_royaume/media/Worship/30 - Yeshua I'm Waiting for You  - Ketu HF.mp3" ended: Ffmpeg_decoder.End_of_file.
2026/09/12 03:41:59 [next_song:3] Prepared "/var/azuracast/stations/evangile_du_royaume/media/Worship/29 - Thy Throne Oh Lord - Ketu HF.mp3" (RID 60).
2026/09/12 03:51:39 [decoder:2] Decoding "/var/azuracast/stations/evangile_du_royaume/media/Worship/29 - Thy Throne Oh Lord - Ketu HF.mp3" ended: Ffmpeg_decoder.End_of_file.
2026/09/12 03:51:39 [next_song:3] Prepared "/var/azuracast/stations/evangile_du_royaume/media/Jingle/jingle_avant_bible_07_place_a_la_lecture_de_la_bible.mp3" (RID 61).
2026/09/12 03:51:52 [decoder:2] Decoding "/var/azuracast/stations/evangile_du_royaume/media/Jingle/jingle_avant_bible_07_place_a_la_lecture_de_la_bible.mp3" ended: Ffmpeg_decoder.End_of_file.
2026/09/12 03:51:53 [next_song:3] Prepared "/var/azuracast/stations/evangile_du_royaume/media/La bible/apocalypse_021.mp3" (RID 62).
2026/09/12 03:56:46 [decoder:2] Decoding "/var/azuracast/stations/evangile_du_royaume/media/La bible/apocalypse_021.mp3" ended: Ffmpeg_decoder.End_of_file.
2026/09/12 03:56:46 [next_song:3] Prepared "/var/azuracast/stations/evangile_du_royaume/media/La bible/apocalypse_022.mp3" (RID 63).
2026/09/12 04:00:17 [decoder:2] Decoding "/var/azuracast/stations/evangile_du_royaume/media/La bible/apocalypse_022.mp3" ended: Ffmpeg_decoder.End_of_file.
2026/09/12 04:00:18 [next_song:3] Prepared "/var/azuracast/stations/evangile_du_royaume/media/La bible/colossiens_001.mp3" (RID 64).
2026/09/12 04:04:50 [decoder:2] Decoding "/var/azuracast/stations/evangile_du_royaume/media/La bible/colossiens_001.mp3" ended: Ffmpeg_decoder.End_of_file.
2026/09/12 04:04:51 [next_song:3] Prepared "/var/azuracast/stations/evangile_du_royaume/media/La bible/colossiens_002.mp3" (RID 65).
2026/09/12 04:08:34 [decoder:2] Decoding "/var/azuracast/stations/evangile_du_royaume/media/La bible/colossiens_002.mp3" ended: Ffmpeg_decoder.End_of_file.
2026/09/12 04:08:34 [next_song:3] Prepared "/var/azuracast/stations/evangile_du_royaume/media/La bible/colossiens_003.mp3" (RID 66).
2026/09/12 04:12:15 [decoder:2] Decoding "/var/azuracast/stations/evangile_du_royaume/media/La bible/colossiens_003.mp3" ended: Ffmpeg_decoder.End_of_file.
2026/09/12 04:12:16 [next_song:3] Prepared "/var/azuracast/stations/evangile_du_royaume/media/La bible/colossiens_004.mp3" (RID 67).
2026/09/12 04:15:09 [decoder:2] Decoding "/var/azuracast/stations/evangile_du_royaume/media/La bible/colossiens_004.mp3" ended: Ffmpeg_decoder.End_of_file.
2026/09/12 04:15:09 [next_song:3] Prepared "/var/azuracast/stations/evangile_du_royaume/media/La bible/nombres_001.mp3" (RID 68).
2026/09/12 04:22:08 [decoder:2] Decoding "/var/azuracast/stations/evangile_du_royaume/media/La bible/nombres_001.mp3" ended: Ffmpeg_decoder.End_of_file.
2026/09/12 04:22:09 [next_song:3] Prepared "/var/azuracast/stations/evangile_du_royaume/media/La bible/nombres_002.mp3" (RID 69).
2026/09/12 04:26:33 [decoder:2] Decoding "/var/azuracast/stations/evangile_du_royaume/media/La bible/nombres_002.mp3" ended: Ffmpeg_decoder.End_of_file.
2026/09/12 04:26:34 [next_song:3] Prepared "/var/azuracast/stations/evangile_du_royaume/media/La bible/nombres_003.mp3" (RID 70).
2026/09/12 04:33:35 [decoder:2] Decoding "/var/azuracast/stations/evangile_du_royaume/media/La bible/nombres_003.mp3" ended: Ffmpeg_decoder.End_of_file.
2026/09/12 04:33:36 [next_song:3] Prepared "/var/azuracast/stations/evangile_du_royaume/media/La bible/nombres_004.mp3" (RID 71).
2026/09/12 04:41:08 [decoder:2] Decoding "/var/azuracast/stations/evangile_du_royaume/media/La bible/nombres_004.mp3" ended: Ffmpeg_decoder.End_of_file.
2026/09/12 04:41:09 [next_song:3] Prepared "/var/azuracast/stations/evangile_du_royaume/media/Jingle/jingle_avant_louange_07_voici_un_temps_de_louange.mp3" (RID 72).
2026/09/12 04:41:22 [decoder:2] Decoding "/var/azuracast/stations/evangile_du_royaume/media/Jingle/jingle_avant_louange_07_voici_un_temps_de_louange.mp3" ended: Ffmpeg_decoder.End_of_file.
2026/09/12 04:41:22 [next_song:3] Prepared "/var/azuracast/stations/evangile_du_royaume/media/Worship/14 - Great & Marvelluos - Toronto HF.mp3" (RID 73).
2026/09/12 04:53:13 [decoder:2] Decoding "/var/azuracast/stations/evangile_du_royaume/media/Worship/14 - Great & Marvelluos - Toronto HF.mp3" ended: Ffmpeg_decoder.End_of_file.
2026/09/12 04:53:14 [next_song:3] Prepared "/var/azuracast/stations/evangile_du_royaume/media/Worship/60 - Be Exalted - PHF.mp3" (RID 74).
2026/09/12 05:03:49 [decoder:2] Decoding "/var/azuracast/stations/evangile_du_royaume/media/Worship/60 - Be Exalted - PHF.mp3" ended: Ffmpeg_decoder.End_of_file.
2026/09/12 05:03:50 [next_song:3] Prepared "/var/azuracast/stations/evangile_du_royaume/media/Worship/08 - I Enter The Holy of Holies - Port Harcourt HF.mp3" (RID 75).
2026/09/12 05:08:51 [decoder:2] Decoding "/var/azuracast/stations/evangile_du_royaume/media/Worship/08 - I Enter The Holy of Holies - Port Harcourt HF.mp3" ended: Ffmpeg_decoder.End_of_file.
2026/09/12 05:08:51 [next_song:3] Prepared "/var/azuracast/stations/evangile_du_royaume/media/Worship/33 - By the word of the lord - Ketu HF.mp3" (RID 76).
2026/09/12 05:14:10 [decoder:2] Decoding "/var/azuracast/stations/evangile_du_royaume/media/Worship/33 - By the word of the lord - Ketu HF.mp3" ended: Ffmpeg_decoder.End_of_file.
2026/09/12 05:14:10 [next_song:3] Prepared "/var/azuracast/stations/evangile_du_royaume/media/Cantiques du royaume/cantique__béni_soit_le_dieu_d_israël.mp3" (RID 77).
2026/09/12 05:20:41 [decoder:2] Decoding "/var/azuracast/stations/evangile_du_royaume/media/Cantiques du royaume/cantique__béni_soit_le_dieu_d_israël.mp3" ended: Ffmpeg_decoder.End_of_file.
2026/09/12 05:20:42 [next_song:3] Prepared "/var/azuracast/stations/evangile_du_royaume/media/Worship/21 - I Choose the Way of the Lord - Abuja HF.mp3" (RID 78).
2026/09/12 05:24:46 [decoder:2] Decoding "/var/azuracast/stations/evangile_du_royaume/media/Worship/21 - I Choose the Way of the Lord - Abuja HF.mp3" ended: Ffmpeg_decoder.End_of_file.
2026/09/12 05:24:47 [next_song:3] Prepared "/var/azuracast/stations/evangile_du_royaume/media/Cantiques du royaume/cantique__nous_sommes_le_sel_de_la_terre.mp3" (RID 79).
2026/09/12 05:26:59 [decoder:2] Decoding "/var/azuracast/stations/evangile_du_royaume/media/Cantiques du royaume/cantique__nous_sommes_le_sel_de_la_terre.mp3" ended: Ffmpeg_decoder.End_of_file.
2026/09/12 05:27:00 [next_song:3] Prepared "/var/azuracast/stations/evangile_du_royaume/media/Worship/37 - The Lord on High is Mightier - Toronto HF.mp3" (RID 80).
2026/09/12 05:33:54 [decoder:2] Decoding "/var/azuracast/stations/evangile_du_royaume/media/Worship/37 - The Lord on High is Mightier - Toronto HF.mp3" ended: Ffmpeg_decoder.End_of_file.
2026/09/12 05:33:54 [next_song:3] Prepared "/var/azuracast/stations/evangile_du_royaume/media/Worship/27 - Forever You Reign - Abuja HF.mp3" (RID 81).
2026/09/12 05:39:40 [decoder:2] Decoding "/var/azuracast/stations/evangile_du_royaume/media/Worship/27 - Forever You Reign - Abuja HF.mp3" ended: Ffmpeg_decoder.End_of_file.
2026/09/12 05:39:40 [next_song:3] Prepared "/var/azuracast/stations/evangile_du_royaume/media/Jingle/jingle_id_station_03_notre_mission_annonce_levangile.mp3" (RID 82).
2026/09/12 05:39:52 [decoder:2] Decoding "/var/azuracast/stations/evangile_du_royaume/media/Jingle/jingle_id_station_03_notre_mission_annonce_levangile.mp3" ended: Ffmpeg_decoder.End_of_file.
2026/09/12 05:39:52 [next_song:3] Prepared "/var/azuracast/stations/evangile_du_royaume/media/La bible/hébreux_008.mp3" (RID 83).
2026/09/12 05:42:34 [decoder:2] Decoding "/var/azuracast/stations/evangile_du_royaume/media/La bible/hébreux_008.mp3" ended: Ffmpeg_decoder.End_of_file.
2026/09/12 05:42:34 [next_song:3] Prepared "/var/azuracast/stations/evangile_du_royaume/media/La bible/hébreux_009.mp3" (RID 84).
2026/09/12 05:47:46 [decoder:2] Decoding "/var/azuracast/stations/evangile_du_royaume/media/La bible/hébreux_009.mp3" ended: Ffmpeg_decoder.End_of_file.
2026/09/12 05:47:46 [next_song:3] Prepared "/var/azuracast/stations/evangile_du_royaume/media/La bible/hébreux_010.mp3" (RID 85).
