2026/09/30 00:01:31 [threads:2] Queue generic queue #2 crashed with exception Sys_error("Condition.wait: Operation not permitted")
2026/09/30 00:01:31 [threads:2] Raised by primitive operation at Duppy.queue.run in file "src/duppy.ml", line 341, characters 6-32
2026/09/30 00:01:31 [threads:2] Called from Duppy.queue in file "src/duppy.ml", line 357, characters 8-12
2026/09/30 00:01:31 [threads:2] Re-raised at Duppy.queue in file "src/duppy.ml", line 361, characters 8-17
2026/09/30 00:01:31 [threads:2] Called from Tutils.create.(fun).process in file "tools/tutils.ml", line 164, characters 12-15
2026/09/30 00:01:31 [threads:2] 
2026/09/30 00:01:31 [threads:1] PANIC: Liquidsoap has crashed, exiting.,
2026/09/30 00:01:31 [threads:1] Please report at: savonet-users@lists.sf.net
2026/09/30 00:01:35 [lang.deprecated:2] WARNING: "map_metadata" is deprecated and will be removed in future version. Please use "metadata.map" instead.
2026/09/30 00:01:35 [lang.deprecated:2] WARNING: "map_metadata" is deprecated and will be removed in future version. Please use "metadata.map" instead.
2026/09/30 00:01:35 [error_jingle:3] "/usr/local/share/icecast/web/error.mp3" is static, resolving once for all...
2026/09/30 00:01:36 [error_jingle:3] Prepared "/usr/local/share/icecast/web/error.mp3" (RID 7).
2026/09/30 00:01:36 [safe_fallback:3] Switch to error_jingle.
2026/09/30 00:01:36 [next_song:3] Prepared "/var/azuracast/stations/evangile_du_royaume/media/La bible/psaumes_121.mp3" (RID 9).
2026/09/30 00:01:36 [safe_fallback:3] Switch to amplify_0 with transition.
2026/09/30 00:01:36 [live_fallback:3] Switch to cross_0.
2026/09/30 00:01:36 [interrupting_fallback:3] Switch to requests_fallback.
2026/09/30 00:01:36 [requests_fallback:3] Switch to autodj_fallback.
2026/09/30 00:01:36 [autodj_fallback:3] Switch to dynamic_startup.
2026/09/30 00:01:36 [dynamic_startup:3] Switch to cue_next_song.
2026/09/30 00:02:14 [decoder:2] Decoding "/var/azuracast/stations/evangile_du_royaume/media/La bible/psaumes_121.mp3" ended: Ffmpeg_decoder.End_of_file.
2026/09/30 00:02:14 [next_song:3] Prepared "/var/azuracast/stations/evangile_du_royaume/media/Jingle/jingle_avant_message_01_voici_le_message_du_jour.mp3" (RID 16).
2026/09/30 00:02:24 [decoder:2] Decoding "/var/azuracast/stations/evangile_du_royaume/media/Jingle/jingle_avant_message_01_voici_le_message_du_jour.mp3" ended: Ffmpeg_decoder.End_of_file.
2026/09/30 00:02:25 [next_song:3] Prepared "/var/azuracast/stations/evangile_du_royaume/media/bosson_1_la_marche_avec_dieu(1).mp3" (RID 17).
2026/09/30 02:17:26 [decoder:2] Decoding "/var/azuracast/stations/evangile_du_royaume/media/La bible/1_jean_004.mp3" ended: Ffmpeg_decoder.End_of_file.
2026/09/30 02:17:27 [next_song:3] Prepared "/var/azuracast/stations/evangile_du_royaume/media/Jingle/jingle_avant_louange_07_voici_un_temps_de_louange.mp3" (RID 32).
2026/09/30 02:17:40 [decoder:2] Decoding "/var/azuracast/stations/evangile_du_royaume/media/Jingle/jingle_avant_louange_07_voici_un_temps_de_louange.mp3" ended: Ffmpeg_decoder.End_of_file.
2026/09/30 02:17:40 [next_song:3] Prepared "/var/azuracast/stations/evangile_du_royaume/media/Cantiques du royaume/5-il_sappelait_emmanuel_-_marcel_boungou__paroles.mp3" (RID 33).
2026/09/30 02:22:50 [decoder:2] Decoding "/var/azuracast/stations/evangile_du_royaume/media/Cantiques du royaume/5-il_sappelait_emmanuel_-_marcel_boungou__paroles.mp3" ended: Ffmpeg_decoder.End_of_file.
2026/09/30 02:22:51 [next_song:3] Prepared "/var/azuracast/stations/evangile_du_royaume/media/Cantiques du royaume/6-_igwe.mp3" (RID 34).
2026/09/30 02:27:58 [decoder:2] Decoding "/var/azuracast/stations/evangile_du_royaume/media/Cantiques du royaume/6-_igwe.mp3" ended: Ffmpeg_decoder.End_of_file.
2026/09/30 02:27:58 [next_song:3] Prepared "/var/azuracast/stations/evangile_du_royaume/media/Worship/58 - Rejoice - PHF.mp3" (RID 35).
2026/09/30 02:33:58 [decoder:2] Decoding "/var/azuracast/stations/evangile_du_royaume/media/Worship/58 - Rejoice - PHF.mp3" ended: Ffmpeg_decoder.End_of_file.
2026/09/30 02:33:58 [next_song:3] Prepared "/var/azuracast/stations/evangile_du_royaume/media/Worship/11 - Hosanna - Toronto HF.mp3" (RID 36).
2026/09/30 02:40:54 [decoder:2] Decoding "/var/azuracast/stations/evangile_du_royaume/media/Worship/11 - Hosanna - Toronto HF.mp3" ended: Ffmpeg_decoder.End_of_file.
2026/09/30 02:40:54 [next_song:3] Prepared "/var/azuracast/stations/evangile_du_royaume/media/Worship/71 - In the Day of Your Power  - Winnipeg Fellowship.mp3" (RID 37).
2026/09/30 02:49:13 [decoder:2] Decoding "/var/azuracast/stations/evangile_du_royaume/media/Worship/71 - In the Day of Your Power  - Winnipeg Fellowship.mp3" ended: Ffmpeg_decoder.End_of_file.
2026/09/30 02:49:13 [next_song:3] Prepared "/var/azuracast/stations/evangile_du_royaume/media/Worship/48 - The Glory -  PHF.mp3" (RID 38).
2026/09/30 02:56:30 [decoder:2] Decoding "/var/azuracast/stations/evangile_du_royaume/media/Worship/48 - The Glory -  PHF.mp3" ended: Ffmpeg_decoder.End_of_file.
2026/09/30 02:56:31 [next_song:3] Prepared "/var/azuracast/stations/evangile_du_royaume/media/Worship/12 - As We Worship - Toronto & Winnipeg HF.mp3" (RID 39).
2026/09/30 03:06:40 [decoder:2] Decoding "/var/azuracast/stations/evangile_du_royaume/media/Worship/12 - As We Worship - Toronto & Winnipeg HF.mp3" ended: Ffmpeg_decoder.End_of_file.
2026/09/30 03:06:41 [next_song:3] Prepared "/var/azuracast/stations/evangile_du_royaume/media/Jingle/jingle_avant_bible_08_prenons_un_moment_pour_ecouter_la_parole.mp3" (RID 40).
2026/09/30 03:06:50 [decoder:2] Decoding "/var/azuracast/stations/evangile_du_royaume/media/Jingle/jingle_avant_bible_08_prenons_un_moment_pour_ecouter_la_parole.mp3" ended: Ffmpeg_decoder.End_of_file.
2026/09/30 03:06:50 [next_song:3] Prepared "/var/azuracast/stations/evangile_du_royaume/media/La bible/daniel_001.mp3" (RID 41).
2026/09/30 03:10:23 [decoder:2] Decoding "/var/azuracast/stations/evangile_du_royaume/media/La bible/daniel_001.mp3" ended: Ffmpeg_decoder.End_of_file.
2026/09/30 03:10:24 [next_song:3] Prepared "/var/azuracast/stations/evangile_du_royaume/media/La bible/daniel_002.mp3" (RID 42).
2026/09/30 03:19:29 [decoder:2] Decoding "/var/azuracast/stations/evangile_du_royaume/media/La bible/daniel_002.mp3" ended: Ffmpeg_decoder.End_of_file.
2026/09/30 03:19:30 [next_song:3] Prepared "/var/azuracast/stations/evangile_du_royaume/media/La bible/daniel_003.mp3" (RID 43).
2026/09/30 03:25:51 [decoder:2] Decoding "/var/azuracast/stations/evangile_du_royaume/media/La bible/daniel_003.mp3" ended: Ffmpeg_decoder.End_of_file.
2026/09/30 03:25:51 [next_song:3] Prepared "/var/azuracast/stations/evangile_du_royaume/media/La bible/daniel_004.mp3" (RID 44).
2026/09/30 03:33:20 [decoder:2] Decoding "/var/azuracast/stations/evangile_du_royaume/media/La bible/daniel_004.mp3" ended: Ffmpeg_decoder.End_of_file.
2026/09/30 03:33:21 [next_song:3] Prepared "/var/azuracast/stations/evangile_du_royaume/media/Jingle/jingle_avant_louange_05_elevons_nos_coeurs_vers_dieu.mp3" (RID 45).
2026/09/30 03:33:31 [decoder:2] Decoding "/var/azuracast/stations/evangile_du_royaume/media/Jingle/jingle_avant_louange_05_elevons_nos_coeurs_vers_dieu.mp3" ended: Ffmpeg_decoder.End_of_file.
2026/09/30 03:33:32 [next_song:3] Prepared "/var/azuracast/stations/evangile_du_royaume/media/Worship/05 - There Is No Lie - SWBN TV.mp3" (RID 46).
2026/09/30 03:41:05 [decoder:2] Decoding "/var/azuracast/stations/evangile_du_royaume/media/Worship/05 - There Is No Lie - SWBN TV.mp3" ended: Ffmpeg_decoder.End_of_file.
2026/09/30 03:41:05 [next_song:3] Prepared "/var/azuracast/stations/evangile_du_royaume/media/Worship/47 - You Are the Captain of the Host - Toronto HF.mp3" (RID 47).
2026/09/30 03:44:00 [decoder:2] Decoding "/var/azuracast/stations/evangile_du_royaume/media/Worship/47 - You Are the Captain of the Host - Toronto HF.mp3" ended: Ffmpeg_decoder.End_of_file.
2026/09/30 03:44:00 [next_song:3] Prepared "/var/azuracast/stations/evangile_du_royaume/media/Worship/26 - Sing Hallelujah - Abuja HF.mp3" (RID 48).
2026/09/30 03:48:18 [decoder:2] Decoding "/var/azuracast/stations/evangile_du_royaume/media/Worship/26 - Sing Hallelujah - Abuja HF.mp3" ended: Ffmpeg_decoder.End_of_file.
2026/09/30 03:48:19 [next_song:3] Prepared "/var/azuracast/stations/evangile_du_royaume/media/Worship/21 - I Choose the Way of the Lord - Abuja HF.mp3" (RID 49).
2026/09/30 03:52:23 [decoder:2] Decoding "/var/azuracast/stations/evangile_du_royaume/media/Worship/21 - I Choose the Way of the Lord - Abuja HF.mp3" ended: Ffmpeg_decoder.End_of_file.
2026/09/30 03:52:24 [next_song:3] Prepared "/var/azuracast/stations/evangile_du_royaume/media/Worship/38 - That I May Know Him - Toronto HF.mp3" (RID 50).
2026/09/30 03:58:30 [decoder:2] Decoding "/var/azuracast/stations/evangile_du_royaume/media/Worship/38 - That I May Know Him - Toronto HF.mp3" ended: Ffmpeg_decoder.End_of_file.
2026/09/30 03:58:31 [next_song:3] Prepared "/var/azuracast/stations/evangile_du_royaume/media/Worship/72 - There is no name  - Winnipeg Fellowship.mp3" (RID 51).
2026/09/30 04:06:18 [decoder:2] Decoding "/var/azuracast/stations/evangile_du_royaume/media/Worship/72 - There is no name  - Winnipeg Fellowship.mp3" ended: Ffmpeg_decoder.End_of_file.
2026/09/30 04:06:19 [next_song:3] Prepared "/var/azuracast/stations/evangile_du_royaume/media/Worship/91 - Ella Samuels - Oh Lord Our Maker.mp3" (RID 52).
2026/09/30 04:12:01 [decoder:2] Decoding "/var/azuracast/stations/evangile_du_royaume/media/Worship/91 - Ella Samuels - Oh Lord Our Maker.mp3" ended: Ffmpeg_decoder.End_of_file.
2026/09/30 04:12:02 [next_song:3] Prepared "/var/azuracast/stations/evangile_du_royaume/media/Worship/06 - Psalm 93 - Port Harcourt HF.mp3" (RID 53).
2026/09/30 04:21:37 [decoder:2] Decoding "/var/azuracast/stations/evangile_du_royaume/media/Worship/06 - Psalm 93 - Port Harcourt HF.mp3" ended: Ffmpeg_decoder.End_of_file.
2026/09/30 04:21:38 [next_song:3] Prepared "/var/azuracast/stations/evangile_du_royaume/media/Jingle/jingle_avant_bible_06_ouvrons_les_saintes_ecritures.mp3" (RID 54).
2026/09/30 04:21:48 [decoder:2] Decoding "/var/azuracast/stations/evangile_du_royaume/media/Jingle/jingle_avant_bible_06_ouvrons_les_saintes_ecritures.mp3" ended: Ffmpeg_decoder.End_of_file.
2026/09/30 04:21:49 [next_song:3] Prepared "/var/azuracast/stations/evangile_du_royaume/media/La bible/1_thessaloniciens_001.mp3" (RID 55).
2026/09/30 04:23:35 [decoder:2] Decoding "/var/azuracast/stations/evangile_du_royaume/media/La bible/1_thessaloniciens_001.mp3" ended: Ffmpeg_decoder.End_of_file.
2026/09/30 04:23:35 [next_song:3] Prepared "/var/azuracast/stations/evangile_du_royaume/media/La bible/1_thessaloniciens_002.mp3" (RID 56).
2026/09/30 04:27:01 [decoder:2] Decoding "/var/azuracast/stations/evangile_du_royaume/media/La bible/1_thessaloniciens_002.mp3" ended: Ffmpeg_decoder.End_of_file.
2026/09/30 04:27:02 [next_song:3] Prepared "/var/azuracast/stations/evangile_du_royaume/media/La bible/1_thessaloniciens_003.mp3" (RID 57).
2026/09/30 04:29:11 [decoder:2] Decoding "/var/azuracast/stations/evangile_du_royaume/media/La bible/1_thessaloniciens_003.mp3" ended: Ffmpeg_decoder.End_of_file.
2026/09/30 04:29:12 [next_song:3] Prepared "/var/azuracast/stations/evangile_du_royaume/media/La bible/1_thessaloniciens_004.mp3" (RID 58).
2026/09/30 04:32:12 [decoder:2] Decoding "/var/azuracast/stations/evangile_du_royaume/media/La bible/1_thessaloniciens_004.mp3" ended: Ffmpeg_decoder.End_of_file.
2026/09/30 04:32:12 [next_song:3] Prepared "/var/azuracast/stations/evangile_du_royaume/media/La bible/1_thessaloniciens_005.mp3" (RID 59).
2026/09/30 04:35:14 [decoder:2] Decoding "/var/azuracast/stations/evangile_du_royaume/media/La bible/1_thessaloniciens_005.mp3" ended: Ffmpeg_decoder.End_of_file.
2026/09/30 04:35:14 [next_song:3] Prepared "/var/azuracast/stations/evangile_du_royaume/media/La bible/éphésiens_001.mp3" (RID 60).
2026/09/30 04:38:37 [decoder:2] Decoding "/var/azuracast/stations/evangile_du_royaume/media/La bible/éphésiens_001.mp3" ended: Ffmpeg_decoder.End_of_file.
2026/09/30 04:38:38 [next_song:3] Prepared "/var/azuracast/stations/evangile_du_royaume/media/La bible/éphésiens_002.mp3" (RID 61).
2026/09/30 04:41:51 [decoder:2] Decoding "/var/azuracast/stations/evangile_du_royaume/media/La bible/éphésiens_002.mp3" ended: Ffmpeg_decoder.End_of_file.
2026/09/30 04:41:51 [next_song:3] Prepared "/var/azuracast/stations/evangile_du_royaume/media/La bible/éphésiens_003.mp3" (RID 62).
2026/09/30 04:44:44 [decoder:2] Decoding "/var/azuracast/stations/evangile_du_royaume/media/La bible/éphésiens_003.mp3" ended: Ffmpeg_decoder.End_of_file.
2026/09/30 04:44:45 [next_song:3] Prepared "/var/azuracast/stations/evangile_du_royaume/media/La bible/éphésiens_004.mp3" (RID 63).
2026/09/30 04:49:35 [decoder:2] Decoding "/var/azuracast/stations/evangile_du_royaume/media/La bible/éphésiens_004.mp3" ended: Ffmpeg_decoder.End_of_file.
2026/09/30 04:49:36 [next_song:3] Prepared "/var/azuracast/stations/evangile_du_royaume/media/La bible/éphésiens_005.mp3" (RID 64).
2026/09/30 04:53:45 [decoder:2] Decoding "/var/azuracast/stations/evangile_du_royaume/media/La bible/éphésiens_005.mp3" ended: Ffmpeg_decoder.End_of_file.
2026/09/30 04:53:45 [next_song:3] Prepared "/var/azuracast/stations/evangile_du_royaume/media/La bible/éphésiens_006.mp3" (RID 65).
2026/09/30 04:57:03 [decoder:2] Decoding "/var/azuracast/stations/evangile_du_royaume/media/La bible/éphésiens_006.mp3" ended: Ffmpeg_decoder.End_of_file.
2026/09/30 04:57:04 [next_song:3] Prepared "/var/azuracast/stations/evangile_du_royaume/media/Jingle/jingle_avant_louange_06_que_la_louange_seleve.mp3" (RID 66).
2026/09/30 04:57:14 [decoder:2] Decoding "/var/azuracast/stations/evangile_du_royaume/media/Jingle/jingle_avant_louange_06_que_la_louange_seleve.mp3" ended: Ffmpeg_decoder.End_of_file.
2026/09/30 04:57:14 [next_song:3] Prepared "/var/azuracast/stations/evangile_du_royaume/media/Cantiques du royaume/cantique__-_qui_est_digne_d_ouvrir_le_livre.mp3" (RID 67).
2026/09/30 05:04:08 [decoder:2] Decoding "/var/azuracast/stations/evangile_du_royaume/media/Cantiques du royaume/cantique__-_qui_est_digne_d_ouvrir_le_livre.mp3" ended: Ffmpeg_decoder.End_of_file.
2026/09/30 05:04:09 [next_song:3] Prepared "/var/azuracast/stations/evangile_du_royaume/media/Worship/84 - Song Of Victory - Emmanuel Igunbor.mp3" (RID 68).
2026/09/30 05:08:11 [decoder:2] Decoding "/var/azuracast/stations/evangile_du_royaume/media/Worship/84 - Song Of Victory - Emmanuel Igunbor.mp3" ended: Ffmpeg_decoder.End_of_file.
2026/09/30 05:08:12 [next_song:3] Prepared "/var/azuracast/stations/evangile_du_royaume/media/Worship/60 - Be Exalted - PHF.mp3" (RID 69).
2026/09/30 05:18:47 [decoder:2] Decoding "/var/azuracast/stations/evangile_du_royaume/media/Worship/60 - Be Exalted - PHF.mp3" ended: Ffmpeg_decoder.End_of_file.
2026/09/30 05:18:48 [next_song:3] Prepared "/var/azuracast/stations/evangile_du_royaume/media/Cantiques du royaume/cantique__béni_soit_le_dieu_d_israël.mp3" (RID 70).
2026/09/30 05:25:18 [decoder:2] Decoding "/var/azuracast/stations/evangile_du_royaume/media/Cantiques du royaume/cantique__béni_soit_le_dieu_d_israël.mp3" ended: Ffmpeg_decoder.End_of_file.
2026/09/30 05:25:19 [next_song:3] Prepared "/var/azuracast/stations/evangile_du_royaume/media/Worship/80 - I Will Call Upon The Lord.mp3" (RID 71).
2026/09/30 05:30:26 [decoder:2] Decoding "/var/azuracast/stations/evangile_du_royaume/media/Worship/80 - I Will Call Upon The Lord.mp3" ended: Ffmpeg_decoder.End_of_file.
2026/09/30 05:30:27 [next_song:3] Prepared "/var/azuracast/stations/evangile_du_royaume/media/Worship/30 - Yeshua I'm Waiting for You  - Ketu HF.mp3" (RID 72).
2026/09/30 05:35:12 [decoder:2] Decoding "/var/azuracast/stations/evangile_du_royaume/media/Worship/30 - Yeshua I'm Waiting for You  - Ketu HF.mp3" ended: Ffmpeg_decoder.End_of_file.
2026/09/30 05:35:13 [next_song:3] Prepared "/var/azuracast/stations/evangile_du_royaume/media/SWBN Lead Concert Live Worship/04 - The King is Here (Abasiama Timothy).mp3" (RID 73).
2026/09/30 05:41:22 [decoder:2] Decoding "/var/azuracast/stations/evangile_du_royaume/media/SWBN Lead Concert Live Worship/04 - The King is Here (Abasiama Timothy).mp3" ended: Ffmpeg_decoder.End_of_file.
2026/09/30 05:41:22 [next_song:3] Prepared "/var/azuracast/stations/evangile_du_royaume/media/Worship/79 - The Lord is my Light and Salvation - Nonso Njoku.mp3" (RID 74).
2026/09/30 05:44:23 [decoder:2] Decoding "/var/azuracast/stations/evangile_du_royaume/media/Worship/79 - The Lord is my Light and Salvation - Nonso Njoku.mp3" ended: Ffmpeg_decoder.End_of_file.
2026/09/30 05:44:23 [next_song:3] Prepared "/var/azuracast/stations/evangile_du_royaume/media/Jingle/jingle_musical_station_fm_parole_prophetique_01.mp3" (RID 75).
2026/09/30 05:44:32 [decoder:2] Decoding "/var/azuracast/stations/evangile_du_royaume/media/Jingle/jingle_musical_station_fm_parole_prophetique_01.mp3" ended: Ffmpeg_decoder.End_of_file.
2026/09/30 05:44:33 [next_song:3] Prepared "/var/azuracast/stations/evangile_du_royaume/media/La bible/luc_003.mp3" (RID 76).
2026/09/30 05:50:34 [decoder:2] Decoding "/var/azuracast/stations/evangile_du_royaume/media/La bible/luc_003.mp3" ended: Ffmpeg_decoder.End_of_file.
2026/09/30 05:50:34 [next_song:3] Prepared "/var/azuracast/stations/evangile_du_royaume/media/La bible/luc_004.mp3" (RID 77).
2026/09/30 05:56:52 [decoder:2] Decoding "/var/azuracast/stations/evangile_du_royaume/media/La bible/luc_004.mp3" ended: Ffmpeg_decoder.End_of_file.
2026/09/30 05:56:53 [next_song:3] Prepared "/var/azuracast/stations/evangile_du_royaume/media/La bible/luc_005.mp3" (RID 78).
2026/09/30 06:02:28 [decoder:2] Decoding "/var/azuracast/stations/evangile_du_royaume/media/La bible/luc_005.mp3" ended: Ffmpeg_decoder.End_of_file.
2026/09/30 06:02:29 [next_song:3] Prepared "/var/azuracast/stations/evangile_du_royaume/media/Jingle/jingle_avant_message_04_bienvenue_sur_parole_prophetique_fm.mp3" (RID 79).
2026/09/30 06:02:38 [decoder:2] Decoding "/var/azuracast/stations/evangile_du_royaume/media/Jingle/jingle_avant_message_04_bienvenue_sur_parole_prophetique_fm.mp3" ended: Ffmpeg_decoder.End_of_file.
2026/09/30 06:02:39 [next_song:3] Prepared "/var/azuracast/stations/evangile_du_royaume/media/bosson_1_la_marche_avec_dieu(1).mp3" (RID 80).
2026/09/30 07:32:35 [decoder:2] Decoding "/var/azuracast/stations/evangile_du_royaume/media/bosson_1_la_marche_avec_dieu(1).mp3" ended: Ffmpeg_decoder.End_of_file.
2026/09/30 07:32:36 [next_song:3] Prepared "/var/azuracast/stations/evangile_du_royaume/media/Jingle/jingle_avant_bible_08_prenons_un_moment_pour_ecouter_la_parole.mp3" (RID 81).
2026/09/30 07:32:45 [decoder:2] Decoding "/var/azuracast/stations/evangile_du_royaume/media/Jingle/jingle_avant_bible_08_prenons_un_moment_pour_ecouter_la_parole.mp3" ended: Ffmpeg_decoder.End_of_file.
2026/09/30 07:32:45 [next_song:3] Prepared "/var/azuracast/stations/evangile_du_royaume/media/La bible/zacharie_010.mp3" (RID 82).
2026/09/30 07:34:56 [decoder:2] Decoding "/var/azuracast/stations/evangile_du_royaume/media/La bible/zacharie_010.mp3" ended: Ffmpeg_decoder.End_of_file.
2026/09/30 07:34:56 [next_song:3] Prepared "/var/azuracast/stations/evangile_du_royaume/media/La bible/zacharie_011.mp3" (RID 83).
2026/09/30 07:37:46 [decoder:2] Decoding "/var/azuracast/stations/evangile_du_royaume/media/La bible/zacharie_011.mp3" ended: Ffmpeg_decoder.End_of_file.
2026/09/30 07:37:47 [next_song:3] Prepared "/var/azuracast/stations/evangile_du_royaume/media/La bible/zacharie_012.mp3" (RID 84).
2026/09/30 07:40:22 [decoder:2] Decoding "/var/azuracast/stations/evangile_du_royaume/media/La bible/zacharie_012.mp3" ended: Ffmpeg_decoder.End_of_file.
2026/09/30 07:40:22 [next_song:3] Prepared "/var/azuracast/stations/evangile_du_royaume/media/La bible/zacharie_013.mp3" (RID 85).
2026/09/30 07:42:03 [decoder:2] Decoding "/var/azuracast/stations/evangile_du_royaume/media/La bible/zacharie_013.mp3" ended: Ffmpeg_decoder.End_of_file.
2026/09/30 07:42:03 [next_song:3] Prepared "/var/azuracast/stations/evangile_du_royaume/media/La bible/zacharie_014.mp3" (RID 86).
2026/09/30 07:46:06 [decoder:2] Decoding "/var/azuracast/stations/evangile_du_royaume/media/La bible/zacharie_014.mp3" ended: Ffmpeg_decoder.End_of_file.
2026/09/30 07:46:06 [next_song:3] Prepared "/var/azuracast/stations/evangile_du_royaume/media/La bible/joël_001.mp3" (RID 87).
2026/09/30 07:49:10 [decoder:2] Decoding "/var/azuracast/stations/evangile_du_royaume/media/La bible/joël_001.mp3" ended: Ffmpeg_decoder.End_of_file.
2026/09/30 07:49:11 [next_song:3] Prepared "/var/azuracast/stations/evangile_du_royaume/media/La bible/joël_002.mp3" (RID 88).
2026/09/30 07:54:49 [decoder:2] Decoding "/var/azuracast/stations/evangile_du_royaume/media/La bible/joël_002.mp3" ended: Ffmpeg_decoder.End_of_file.
2026/09/30 07:54:49 [next_song:3] Prepared "/var/azuracast/stations/evangile_du_royaume/media/La bible/joël_003.mp3" (RID 89).
2026/09/30 07:58:22 [decoder:2] Decoding "/var/azuracast/stations/evangile_du_royaume/media/La bible/joël_003.mp3" ended: Ffmpeg_decoder.End_of_file.
2026/09/30 07:58:23 [next_song:3] Prepared "/var/azuracast/stations/evangile_du_royaume/media/La bible/job_001.mp3" (RID 90).
2026/09/30 08:02:00 [decoder:2] Decoding "/var/azuracast/stations/evangile_du_royaume/media/La bible/job_001.mp3" ended: Ffmpeg_decoder.End_of_file.
2026/09/30 08:02:01 [next_song:3] Prepared "/var/azuracast/stations/evangile_du_royaume/media/La bible/job_002.mp3" (RID 91).
2026/09/30 08:04:05 [decoder:2] Decoding "/var/azuracast/stations/evangile_du_royaume/media/La bible/job_002.mp3" ended: Ffmpeg_decoder.End_of_file.
2026/09/30 08:04:06 [next_song:3] Prepared "/var/azuracast/stations/evangile_du_royaume/media/La bible/job_003.mp3" (RID 92).
2026/09/30 08:06:28 [decoder:2] Decoding "/var/azuracast/stations/evangile_du_royaume/media/La bible/job_003.mp3" ended: Ffmpeg_decoder.End_of_file.
2026/09/30 08:06:29 [next_song:3] Prepared "/var/azuracast/stations/evangile_du_royaume/media/La bible/job_004.mp3" (RID 93).
2026/09/30 08:08:31 [decoder:2] Decoding "/var/azuracast/stations/evangile_du_royaume/media/La bible/job_004.mp3" ended: Ffmpeg_decoder.End_of_file.
2026/09/30 08:08:31 [next_song:3] Prepared "/var/azuracast/stations/evangile_du_royaume/media/La bible/job_005.mp3" (RID 94).
2026/09/30 08:10:55 [decoder:2] Decoding "/var/azuracast/stations/evangile_du_royaume/media/La bible/job_005.mp3" ended: Ffmpeg_decoder.End_of_file.
2026/09/30 08:10:56 [next_song:3] Prepared "/var/azuracast/stations/evangile_du_royaume/media/La bible/job_006.mp3" (RID 95).
2026/09/30 08:13:50 [decoder:2] Decoding "/var/azuracast/stations/evangile_du_royaume/media/La bible/job_006.mp3" ended: Ffmpeg_decoder.End_of_file.
2026/09/30 08:13:50 [next_song:3] Prepared "/var/azuracast/stations/evangile_du_royaume/media/La bible/job_007.mp3" (RID 96).
2026/09/30 08:16:09 [decoder:2] Decoding "/var/azuracast/stations/evangile_du_royaume/media/La bible/job_007.mp3" ended: Ffmpeg_decoder.End_of_file.
2026/09/30 08:16:09 [next_song:3] Prepared "/var/azuracast/stations/evangile_du_royaume/media/La bible/job_008.mp3" (RID 97).
2026/09/30 08:18:12 [decoder:2] Decoding "/var/azuracast/stations/evangile_du_royaume/media/La bible/job_008.mp3" ended: Ffmpeg_decoder.End_of_file.
2026/09/30 08:18:13 [next_song:3] Prepared "/var/azuracast/stations/evangile_du_royaume/media/Jingle/jingle_avant_louange_06_que_la_louange_seleve.mp3" (RID 98).
2026/09/30 08:18:23 [decoder:2] Decoding "/var/azuracast/stations/evangile_du_royaume/media/Jingle/jingle_avant_louange_06_que_la_louange_seleve.mp3" ended: Ffmpeg_decoder.End_of_file.
2026/09/30 08:18:24 [next_song:3] Prepared "/var/azuracast/stations/evangile_du_royaume/media/SWBN Lead Concert Live Worship/08 - You're the Lamb (Abasiama Timothy).mp3" (RID 99).
2026/09/30 08:25:30 [decoder:2] Decoding "/var/azuracast/stations/evangile_du_royaume/media/SWBN Lead Concert Live Worship/08 - You're the Lamb (Abasiama Timothy).mp3" ended: Ffmpeg_decoder.End_of_file.
2026/09/30 08:25:31 [next_song:3] Prepared "/var/azuracast/stations/evangile_du_royaume/media/Worship/08 - I Enter The Holy of Holies - Port Harcourt HF.mp3" (RID 100).
2026/09/30 08:30:32 [decoder:2] Decoding "/var/azuracast/stations/evangile_du_royaume/media/Worship/08 - I Enter The Holy of Holies - Port Harcourt HF.mp3" ended: Ffmpeg_decoder.End_of_file.
2026/09/30 08:30:32 [next_song:3] Prepared "/var/azuracast/stations/evangile_du_royaume/media/Worship/44 - Great is, Ascribe - Ketu HF.mp3" (RID 101).
2026/09/30 08:41:30 [decoder:2] Decoding "/var/azuracast/stations/evangile_du_royaume/media/Worship/44 - Great is, Ascribe - Ketu HF.mp3" ended: Ffmpeg_decoder.End_of_file.
2026/09/30 08:41:31 [next_song:3] Prepared "/var/azuracast/stations/evangile_du_royaume/media/Cantiques du royaume/Cantiques  Il a pris mes iniquités.mp3" (RID 102).
2026/09/30 08:49:04 [decoder:2] Decoding "/var/azuracast/stations/evangile_du_royaume/media/Cantiques du royaume/Cantiques  Il a pris mes iniquités.mp3" ended: Ffmpeg_decoder.End_of_file.
2026/09/30 08:49:05 [next_song:3] Prepared "/var/azuracast/stations/evangile_du_royaume/media/Worship/02 - There's A Mighty River Flowing - SWBN TV.mp3" (RID 103).
2026/09/30 08:53:22 [decoder:2] Decoding "/var/azuracast/stations/evangile_du_royaume/media/Worship/02 - There's A Mighty River Flowing - SWBN TV.mp3" ended: Ffmpeg_decoder.End_of_file.
2026/09/30 08:53:23 [next_song:3] Prepared "/var/azuracast/stations/evangile_du_royaume/media/Worship/74 - You are God - Winnipeg Fellowship.mp3" (RID 104).
2026/09/30 08:59:16 [decoder:2] Decoding "/var/azuracast/stations/evangile_du_royaume/media/Worship/74 - You are God - Winnipeg Fellowship.mp3" ended: Ffmpeg_decoder.End_of_file.
2026/09/30 08:59:17 [next_song:3] Prepared "/var/azuracast/stations/evangile_du_royaume/media/Worship/35 - God is Moving Us On - Ketu HF.mp3" (RID 105).
2026/09/30 09:04:06 [decoder:2] Decoding "/var/azuracast/stations/evangile_du_royaume/media/Worship/35 - God is Moving Us On - Ketu HF.mp3" ended: Ffmpeg_decoder.End_of_file.
2026/09/30 09:04:07 [next_song:3] Prepared "/var/azuracast/stations/evangile_du_royaume/media/Jingle/jingle_avant_bible_07_place_a_la_lecture_de_la_bible.mp3" (RID 106).
2026/09/30 09:04:20 [decoder:2] Decoding "/var/azuracast/stations/evangile_du_royaume/media/Jingle/jingle_avant_bible_07_place_a_la_lecture_de_la_bible.mp3" ended: Ffmpeg_decoder.End_of_file.
2026/09/30 09:04:20 [next_song:3] Prepared "/var/azuracast/stations/evangile_du_royaume/media/La bible/malachie_001.mp3" (RID 107).
2026/09/30 09:07:11 [decoder:2] Decoding "/var/azuracast/stations/evangile_du_royaume/media/La bible/malachie_001.mp3" ended: Ffmpeg_decoder.End_of_file.
2026/09/30 09:07:11 [next_song:3] Prepared "/var/azuracast/stations/evangile_du_royaume/media/La bible/malachie_002.mp3" (RID 108).
2026/09/30 09:10:25 [decoder:2] Decoding "/var/azuracast/stations/evangile_du_royaume/media/La bible/malachie_002.mp3" ended: Ffmpeg_decoder.End_of_file.
2026/09/30 09:10:25 [next_song:3] Prepared "/var/azuracast/stations/evangile_du_royaume/media/La bible/malachie_003.mp3" (RID 109).
2026/09/30 09:13:44 [decoder:2] Decoding "/var/azuracast/stations/evangile_du_royaume/media/La bible/malachie_003.mp3" ended: Ffmpeg_decoder.End_of_file.
2026/09/30 09:13:44 [next_song:3] Prepared "/var/azuracast/stations/evangile_du_royaume/media/La bible/malachie_004.mp3" (RID 110).
2026/09/30 09:14:46 [decoder:2] Decoding "/var/azuracast/stations/evangile_du_royaume/media/La bible/malachie_004.mp3" ended: Ffmpeg_decoder.End_of_file.
2026/09/30 09:14:47 [next_song:3] Prepared "/var/azuracast/stations/evangile_du_royaume/media/La bible/philémon_001.mp3" (RID 111).
2026/09/30 09:17:43 [decoder:2] Decoding "/var/azuracast/stations/evangile_du_royaume/media/La bible/philémon_001.mp3" ended: Ffmpeg_decoder.End_of_file.
2026/09/30 09:17:43 [next_song:3] Prepared "/var/azuracast/stations/evangile_du_royaume/media/La bible/amos_006.mp3" (RID 112).
2026/09/30 09:20:02 [decoder:2] Decoding "/var/azuracast/stations/evangile_du_royaume/media/La bible/amos_006.mp3" ended: Ffmpeg_decoder.End_of_file.
2026/09/30 09:20:02 [next_song:3] Prepared "/var/azuracast/stations/evangile_du_royaume/media/La bible/amos_007.mp3" (RID 113).
2026/09/30 09:20:04 [clock.main:2] We must catchup 1.98 seconds!
2026/09/30 09:20:06 [clock.main:2] We must catchup 1.35 seconds!
2026/09/30 09:23:04 [decoder:2] Decoding "/var/azuracast/stations/evangile_du_royaume/media/La bible/amos_007.mp3" ended: Ffmpeg_decoder.End_of_file.
2026/09/30 09:23:05 [next_song:3] Prepared "/var/azuracast/stations/evangile_du_royaume/media/La bible/amos_008.mp3" (RID 114).
2026/09/30 09:25:32 [decoder:2] Decoding "/var/azuracast/stations/evangile_du_royaume/media/La bible/amos_008.mp3" ended: Ffmpeg_decoder.End_of_file.
2026/09/30 09:25:32 [next_song:3] Prepared "/var/azuracast/stations/evangile_du_royaume/media/La bible/amos_009.mp3" (RID 115).
2026/09/30 09:28:26 [decoder:2] Decoding "/var/azuracast/stations/evangile_du_royaume/media/La bible/amos_009.mp3" ended: Ffmpeg_decoder.End_of_file.
2026/09/30 09:28:26 [next_song:3] Prepared "/var/azuracast/stations/evangile_du_royaume/media/Jingle/jingle_avant_louange_07_voici_un_temps_de_louange.mp3" (RID 116).
2026/09/30 09:28:39 [decoder:2] Decoding "/var/azuracast/stations/evangile_du_royaume/media/Jingle/jingle_avant_louange_07_voici_un_temps_de_louange.mp3" ended: Ffmpeg_decoder.End_of_file.
2026/09/30 09:28:40 [next_song:3] Prepared "/var/azuracast/stations/evangile_du_royaume/media/Worship/19 - You're the Lamb - Calabar HF.mp3" (RID 117).
2026/09/30 09:37:40 [decoder:2] Decoding "/var/azuracast/stations/evangile_du_royaume/media/Worship/19 - You're the Lamb - Calabar HF.mp3" ended: Ffmpeg_decoder.End_of_file.
2026/09/30 09:37:41 [next_song:3] Prepared "/var/azuracast/stations/evangile_du_royaume/media/Worship/36 - Praise the Lord of Host - Toronto HF.mp3" (RID 118).
2026/09/30 09:44:08 [decoder:2] Decoding "/var/azuracast/stations/evangile_du_royaume/media/Worship/36 - Praise the Lord of Host - Toronto HF.mp3" ended: Ffmpeg_decoder.End_of_file.
2026/09/30 09:44:08 [next_song:3] Prepared "/var/azuracast/stations/evangile_du_royaume/media/Worship/46 - Praise the Lord All Ye Nations - Toronto HF.mp3" (RID 119).
2026/09/30 09:50:17 [decoder:2] Decoding "/var/azuracast/stations/evangile_du_royaume/media/Worship/46 - Praise the Lord All Ye Nations - Toronto HF.mp3" ended: Ffmpeg_decoder.End_of_file.
2026/09/30 09:50:18 [next_song:3] Prepared "/var/azuracast/stations/evangile_du_royaume/media/SWBN Lead Concert Live Worship/10 - He Has Given Me & Emmanuel You Joy Over Us (Medley) (Abasiama Timothy & Imah Adegoke).mp3" (RID 120).
2026/09/30 09:58:52 [decoder:2] Decoding "/var/azuracast/stations/evangile_du_royaume/media/SWBN Lead Concert Live Worship/10 - He Has Given Me & Emmanuel You Joy Over Us (Medley) (Abasiama Timothy & Imah Adegoke).mp3" ended: Ffmpeg_decoder.End_of_file.
2026/09/30 09:58:52 [next_song:3] Prepared "/var/azuracast/stations/evangile_du_royaume/media/Worship/76 - You Have sworn By Your Holiness - Chidera Bisong.mp3" (RID 121).
2026/09/30 10:06:08 [decoder:2] Decoding "/var/azuracast/stations/evangile_du_royaume/media/Worship/76 - You Have sworn By Your Holiness - Chidera Bisong.mp3" ended: Ffmpeg_decoder.End_of_file.
2026/09/30 10:06:09 [next_song:3] Prepared "/var/azuracast/stations/evangile_du_royaume/media/Cantiques du royaume/jean-chist_-_4_minutes.mp3" (RID 122).
2026/09/30 10:10:19 [decoder:2] Decoding "/var/azuracast/stations/evangile_du_royaume/media/Cantiques du royaume/jean-chist_-_4_minutes.mp3" ended: Ffmpeg_decoder.End_of_file.
2026/09/30 10:10:19 [next_song:3] Prepared "/var/azuracast/stations/evangile_du_royaume/media/Worship/57 - Holy Are You - PHF.mp3" (RID 123).
2026/09/30 10:20:42 [decoder:2] Decoding "/var/azuracast/stations/evangile_du_royaume/media/Worship/57 - Holy Are You - PHF.mp3" ended: Ffmpeg_decoder.End_of_file.
2026/09/30 10:20:42 [next_song:3] Prepared "/var/azuracast/stations/evangile_du_royaume/media/Jingle/jingle_avant_bible_06_ouvrons_les_saintes_ecritures.mp3" (RID 124).
2026/09/30 10:20:52 [decoder:2] Decoding "/var/azuracast/stations/evangile_du_royaume/media/Jingle/jingle_avant_bible_06_ouvrons_les_saintes_ecritures.mp3" ended: Ffmpeg_decoder.End_of_file.
2026/09/30 10:20:53 [next_song:3] Prepared "/var/azuracast/stations/evangile_du_royaume/media/La bible/sophonie_001.mp3" (RID 125).
2026/09/30 10:23:46 [decoder:2] Decoding "/var/azuracast/stations/evangile_du_royaume/media/La bible/sophonie_001.mp3" ended: Ffmpeg_decoder.End_of_file.
2026/09/30 10:23:47 [next_song:3] Prepared "/var/azuracast/stations/evangile_du_royaume/media/La bible/sophonie_002.mp3" (RID 126).
2026/09/30 10:26:30 [decoder:2] Decoding "/var/azuracast/stations/evangile_du_royaume/media/La bible/sophonie_002.mp3" ended: Ffmpeg_decoder.End_of_file.
2026/09/30 10:26:30 [next_song:3] Prepared "/var/azuracast/stations/evangile_du_royaume/media/La bible/sophonie_003.mp3" (RID 127).
2026/09/30 10:30:13 [decoder:2] Decoding "/var/azuracast/stations/evangile_du_royaume/media/La bible/sophonie_003.mp3" ended: Ffmpeg_decoder.End_of_file.
2026/09/30 10:30:14 [next_song:3] Prepared "/var/azuracast/stations/evangile_du_royaume/media/La bible/philippiens_003.mp3" (RID 128).
2026/09/30 10:33:37 [decoder:2] Decoding "/var/azuracast/stations/evangile_du_royaume/media/La bible/philippiens_003.mp3" ended: Ffmpeg_decoder.End_of_file.
2026/09/30 10:33:37 [next_song:3] Prepared "/var/azuracast/stations/evangile_du_royaume/media/La bible/philippiens_004.mp3" (RID 129).
2026/09/30 10:37:13 [decoder:2] Decoding "/var/azuracast/stations/evangile_du_royaume/media/La bible/philippiens_004.mp3" ended: Ffmpeg_decoder.End_of_file.
2026/09/30 10:37:13 [next_song:3] Prepared "/var/azuracast/stations/evangile_du_royaume/media/La bible/1_timothée_001.mp3" (RID 130).
2026/09/30 10:40:26 [decoder:2] Decoding "/var/azuracast/stations/evangile_du_royaume/media/La bible/1_timothée_001.mp3" ended: Ffmpeg_decoder.End_of_file.
2026/09/30 10:40:27 [next_song:3] Prepared "/var/azuracast/stations/evangile_du_royaume/media/La bible/1_timothée_002.mp3" (RID 131).
2026/09/30 10:42:33 [decoder:2] Decoding "/var/azuracast/stations/evangile_du_royaume/media/La bible/1_timothée_002.mp3" ended: Ffmpeg_decoder.End_of_file.
2026/09/30 10:42:34 [next_song:3] Prepared "/var/azuracast/stations/evangile_du_royaume/media/La bible/1_timothée_003.mp3" (RID 132).
2026/09/30 10:44:55 [decoder:2] Decoding "/var/azuracast/stations/evangile_du_royaume/media/La bible/1_timothée_003.mp3" ended: Ffmpeg_decoder.End_of_file.
2026/09/30 10:44:55 [next_song:3] Prepared "/var/azuracast/stations/evangile_du_royaume/media/La bible/1_timothée_004.mp3" (RID 133).
2026/09/30 10:47:22 [decoder:2] Decoding "/var/azuracast/stations/evangile_du_royaume/media/La bible/1_timothée_004.mp3" ended: Ffmpeg_decoder.End_of_file.
2026/09/30 10:47:22 [next_song:3] Prepared "/var/azuracast/stations/evangile_du_royaume/media/La bible/1_timothée_005.mp3" (RID 134).
2026/09/30 10:51:04 [decoder:2] Decoding "/var/azuracast/stations/evangile_du_royaume/media/La bible/1_timothée_005.mp3" ended: Ffmpeg_decoder.End_of_file.
2026/09/30 10:51:04 [next_song:3] Prepared "/var/azuracast/stations/evangile_du_royaume/media/La bible/1_timothée_006.mp3" (RID 135).
2026/09/30 10:54:54 [decoder:2] Decoding "/var/azuracast/stations/evangile_du_royaume/media/La bible/1_timothée_006.mp3" ended: Ffmpeg_decoder.End_of_file.
2026/09/30 10:54:54 [next_song:3] Prepared "/var/azuracast/stations/evangile_du_royaume/media/Jingle/jingle_avant_louange_05_elevons_nos_coeurs_vers_dieu.mp3" (RID 136).
2026/09/30 10:55:05 [decoder:2] Decoding "/var/azuracast/stations/evangile_du_royaume/media/Jingle/jingle_avant_louange_05_elevons_nos_coeurs_vers_dieu.mp3" ended: Ffmpeg_decoder.End_of_file.
2026/09/30 10:55:06 [next_song:3] Prepared "/var/azuracast/stations/evangile_du_royaume/media/Worship/45 - Now is Come Salvation - Toronto HF.mp3" (RID 137).
2026/09/30 11:00:21 [decoder:2] Decoding "/var/azuracast/stations/evangile_du_royaume/media/Worship/45 - Now is Come Salvation - Toronto HF.mp3" ended: Ffmpeg_decoder.End_of_file.
2026/09/30 11:00:22 [next_song:3] Prepared "/var/azuracast/stations/evangile_du_royaume/media/Worship/59 - Ascribe Greatness - PHF.mp3" (RID 138).
2026/09/30 11:04:22 [decoder:2] Decoding "/var/azuracast/stations/evangile_du_royaume/media/Worship/59 - Ascribe Greatness - PHF.mp3" ended: Ffmpeg_decoder.End_of_file.
2026/09/30 11:04:23 [next_song:3] Prepared "/var/azuracast/stations/evangile_du_royaume/media/Cantiques du royaume/Cantique   Oh Éternel Dieu, Tu es le Dieu Incomparable.mp3" (RID 139).
2026/09/30 11:08:31 [decoder:2] Decoding "/var/azuracast/stations/evangile_du_royaume/media/Cantiques du royaume/Cantique   Oh Éternel Dieu, Tu es le Dieu Incomparable.mp3" ended: Ffmpeg_decoder.End_of_file.
2026/09/30 11:08:32 [next_song:3] Prepared "/var/azuracast/stations/evangile_du_royaume/media/Worship/14 - Great & Marvelluos - Toronto HF.mp3" (RID 140).
2026/09/30 11:20:22 [decoder:2] Decoding "/var/azuracast/stations/evangile_du_royaume/media/Worship/14 - Great & Marvelluos - Toronto HF.mp3" ended: Ffmpeg_decoder.End_of_file.
2026/09/30 11:20:23 [next_song:3] Prepared "/var/azuracast/stations/evangile_du_royaume/media/Cantiques du royaume/cantique_-_jai_donné_ma_vie_à_jésus_(1).mp3" (RID 141).
2026/09/30 11:24:30 [decoder:2] Decoding "/var/azuracast/stations/evangile_du_royaume/media/Cantiques du royaume/cantique_-_jai_donné_ma_vie_à_jésus_(1).mp3" ended: Ffmpeg_decoder.End_of_file.
2026/09/30 11:24:31 [next_song:3] Prepared "/var/azuracast/stations/evangile_du_royaume/media/Cantiques du royaume/Cantique Jean 1- la Parole.mp3" (RID 142).
2026/09/30 11:27:38 [decoder:2] Decoding "/var/azuracast/stations/evangile_du_royaume/media/Cantiques du royaume/Cantique Jean 1- la Parole.mp3" ended: Ffmpeg_decoder.End_of_file.
2026/09/30 11:27:38 [next_song:3] Prepared "/var/azuracast/stations/evangile_du_royaume/media/SWBN Lead Concert Live Worship/09 - Not Naked (Abasiama Timothy).mp3" (RID 143).
2026/09/30 11:33:27 [decoder:2] Decoding "/var/azuracast/stations/evangile_du_royaume/media/SWBN Lead Concert Live Worship/09 - Not Naked (Abasiama Timothy).mp3" ended: Ffmpeg_decoder.End_of_file.
2026/09/30 11:33:28 [next_song:3] Prepared "/var/azuracast/stations/evangile_du_royaume/media/Worship/07 - Baruch Ha'ba B'Shem Adonai⧸Blessed Is He Who Comes in the Name of the Lord - Port Harcourt HF.mp3" (RID 144).
2026/09/30 11:44:00 [decoder:2] Decoding "/var/azuracast/stations/evangile_du_royaume/media/Worship/07 - Baruch Ha'ba B'Shem Adonai⧸Blessed Is He Who Comes in the Name of the Lord - Port Harcourt HF.mp3" ended: Ffmpeg_decoder.End_of_file.
2026/09/30 11:44:00 [next_song:3] Prepared "/var/azuracast/stations/evangile_du_royaume/media/Jingle/jingle_musical_station_fm_parole_prophetique_01.mp3" (RID 145).
2026/09/30 11:44:10 [decoder:2] Decoding "/var/azuracast/stations/evangile_du_royaume/media/Jingle/jingle_musical_station_fm_parole_prophetique_01.mp3" ended: Ffmpeg_decoder.End_of_file.
2026/09/30 11:44:10 [next_song:3] Prepared "/var/azuracast/stations/evangile_du_royaume/media/La bible/genèse_028.mp3" (RID 146).
2026/09/30 11:47:56 [decoder:2] Decoding "/var/azuracast/stations/evangile_du_royaume/media/La bible/genèse_028.mp3" ended: Ffmpeg_decoder.End_of_file.
2026/09/30 11:47:56 [next_song:3] Prepared "/var/azuracast/stations/evangile_du_royaume/media/La bible/genèse_029.mp3" (RID 147).
2026/09/30 11:53:07 [decoder:2] Decoding "/var/azuracast/stations/evangile_du_royaume/media/La bible/genèse_029.mp3" ended: Ffmpeg_decoder.End_of_file.
2026/09/30 11:53:07 [next_song:3] Prepared "/var/azuracast/stations/evangile_du_royaume/media/La bible/genèse_030.mp3" (RID 148).
2026/09/30 12:00:01 [decoder:2] Decoding "/var/azuracast/stations/evangile_du_royaume/media/La bible/genèse_030.mp3" ended: Ffmpeg_decoder.End_of_file.
2026/09/30 12:00:01 [next_song:3] Prepared "/var/azuracast/stations/evangile_du_royaume/media/Jingle/jingle_avant_message_01_voici_le_message_du_jour.mp3" (RID 149).
2026/09/30 12:00:11 [decoder:2] Decoding "/var/azuracast/stations/evangile_du_royaume/media/Jingle/jingle_avant_message_01_voici_le_message_du_jour.mp3" ended: Ffmpeg_decoder.End_of_file.
2026/09/30 12:00:12 [next_song:3] Prepared "/var/azuracast/stations/evangile_du_royaume/media/bosson_1_la_marche_avec_dieu(1).mp3" (RID 150).
2026/09/30 13:30:08 [decoder:2] Decoding "/var/azuracast/stations/evangile_du_royaume/media/bosson_1_la_marche_avec_dieu(1).mp3" ended: Ffmpeg_decoder.End_of_file.
2026/09/30 13:30:09 [next_song:3] Prepared "/var/azuracast/stations/evangile_du_royaume/media/Jingle/jingle_avant_bible_08_prenons_un_moment_pour_ecouter_la_parole.mp3" (RID 151).
2026/09/30 13:30:18 [decoder:2] Decoding "/var/azuracast/stations/evangile_du_royaume/media/Jingle/jingle_avant_bible_08_prenons_un_moment_pour_ecouter_la_parole.mp3" ended: Ffmpeg_decoder.End_of_file.
2026/09/30 13:30:18 [next_song:3] Prepared "/var/azuracast/stations/evangile_du_royaume/media/La bible/jacques_001.mp3" (RID 152).
2026/09/30 13:34:12 [decoder:2] Decoding "/var/azuracast/stations/evangile_du_royaume/media/La bible/jacques_001.mp3" ended: Ffmpeg_decoder.End_of_file.
2026/09/30 13:34:12 [next_song:3] Prepared "/var/azuracast/stations/evangile_du_royaume/media/La bible/jacques_002.mp3" (RID 153).
2026/09/30 13:38:00 [decoder:2] Decoding "/var/azuracast/stations/evangile_du_royaume/media/La bible/jacques_002.mp3" ended: Ffmpeg_decoder.End_of_file.
2026/09/30 13:38:01 [next_song:3] Prepared "/var/azuracast/stations/evangile_du_royaume/media/La bible/jacques_003.mp3" (RID 154).
2026/09/30 13:40:53 [decoder:2] Decoding "/var/azuracast/stations/evangile_du_royaume/media/La bible/jacques_003.mp3" ended: Ffmpeg_decoder.End_of_file.
2026/09/30 13:40:54 [next_song:3] Prepared "/var/azuracast/stations/evangile_du_royaume/media/La bible/jacques_004.mp3" (RID 155).
2026/09/30 13:43:37 [decoder:2] Decoding "/var/azuracast/stations/evangile_du_royaume/media/La bible/jacques_004.mp3" ended: Ffmpeg_decoder.End_of_file.
2026/09/30 13:43:38 [next_song:3] Prepared "/var/azuracast/stations/evangile_du_royaume/media/La bible/jacques_005.mp3" (RID 156).
2026/09/30 13:47:03 [decoder:2] Decoding "/var/azuracast/stations/evangile_du_royaume/media/La bible/jacques_005.mp3" ended: Ffmpeg_decoder.End_of_file.
2026/09/30 13:47:03 [next_song:3] Prepared "/var/azuracast/stations/evangile_du_royaume/media/La bible/2_timothée_001.mp3" (RID 157).
2026/09/30 13:49:59 [decoder:2] Decoding "/var/azuracast/stations/evangile_du_royaume/media/La bible/2_timothée_001.mp3" ended: Ffmpeg_decoder.End_of_file.
2026/09/30 13:50:00 [next_song:3] Prepared "/var/azuracast/stations/evangile_du_royaume/media/La bible/2_timothée_002.mp3" (RID 158).
2026/09/30 13:53:49 [decoder:2] Decoding "/var/azuracast/stations/evangile_du_royaume/media/La bible/2_timothée_002.mp3" ended: Ffmpeg_decoder.End_of_file.
2026/09/30 13:53:50 [next_song:3] Prepared "/var/azuracast/stations/evangile_du_royaume/media/La bible/2_timothée_003.mp3" (RID 159).
2026/09/30 13:56:23 [decoder:2] Decoding "/var/azuracast/stations/evangile_du_royaume/media/La bible/2_timothée_003.mp3" ended: Ffmpeg_decoder.End_of_file.
2026/09/30 13:56:24 [next_song:3] Prepared "/var/azuracast/stations/evangile_du_royaume/media/La bible/2_timothée_004.mp3" (RID 160).
2026/09/30 13:59:30 [decoder:2] Decoding "/var/azuracast/stations/evangile_du_royaume/media/La bible/2_timothée_004.mp3" ended: Ffmpeg_decoder.End_of_file.
2026/09/30 13:59:30 [next_song:3] Prepared "/var/azuracast/stations/evangile_du_royaume/media/La bible/marc_015.mp3" (RID 161).
2026/09/30 14:05:18 [decoder:2] Decoding "/var/azuracast/stations/evangile_du_royaume/media/La bible/marc_015.mp3" ended: Ffmpeg_decoder.End_of_file.
2026/09/30 14:05:19 [next_song:3] Prepared "/var/azuracast/stations/evangile_du_royaume/media/La bible/marc_016.mp3" (RID 162).
2026/09/30 14:08:06 [decoder:2] Decoding "/var/azuracast/stations/evangile_du_royaume/media/La bible/marc_016.mp3" ended: Ffmpeg_decoder.End_of_file.
2026/09/30 14:08:07 [next_song:3] Prepared "/var/azuracast/stations/evangile_du_royaume/media/La bible/jérémie_052.mp3" (RID 163).
2026/09/30 14:13:39 [decoder:2] Decoding "/var/azuracast/stations/evangile_du_royaume/media/La bible/jérémie_052.mp3" ended: Ffmpeg_decoder.End_of_file.
2026/09/30 14:13:40 [next_song:3] Prepared "/var/azuracast/stations/evangile_du_royaume/media/La bible/lévitique_007.mp3" (RID 164).
2026/09/30 14:19:06 [decoder:2] Decoding "/var/azuracast/stations/evangile_du_royaume/media/La bible/lévitique_007.mp3" ended: Ffmpeg_decoder.End_of_file.
2026/09/30 14:19:07 [next_song:3] Prepared "/var/azuracast/stations/evangile_du_royaume/media/Jingle/jingle_avant_louange_05_elevons_nos_coeurs_vers_dieu.mp3" (RID 165).
2026/09/30 14:19:08 [clock.main:2] We must catchup 1.52 seconds!
2026/09/30 14:19:18 [decoder:2] Decoding "/var/azuracast/stations/evangile_du_royaume/media/Jingle/jingle_avant_louange_05_elevons_nos_coeurs_vers_dieu.mp3" ended: Ffmpeg_decoder.End_of_file.
2026/09/30 14:19:18 [next_song:3] Prepared "/var/azuracast/stations/evangile_du_royaume/media/Worship/23 - Guide Me - El ELyon - Abuja HF.mp3" (RID 166).
2026/09/30 14:24:19 [decoder:2] Decoding "/var/azuracast/stations/evangile_du_royaume/media/Worship/23 - Guide Me - El ELyon - Abuja HF.mp3" ended: Ffmpeg_decoder.End_of_file.
2026/09/30 14:24:20 [next_song:3] Prepared "/var/azuracast/stations/evangile_du_royaume/media/SWBN Lead Concert Live Worship/01 - Holy is the Lord (Emmanuel Umoh).mp3" (RID 167).
2026/09/30 14:31:35 [decoder:2] Decoding "/var/azuracast/stations/evangile_du_royaume/media/SWBN Lead Concert Live Worship/01 - Holy is the Lord (Emmanuel Umoh).mp3" ended: Ffmpeg_decoder.End_of_file.
2026/09/30 14:31:35 [next_song:3] Prepared "/var/azuracast/stations/evangile_du_royaume/media/Worship/16 - I Will Not Be Silent - Calabar HF.mp3" (RID 168).
2026/09/30 14:35:35 [decoder:2] Decoding "/var/azuracast/stations/evangile_du_royaume/media/Worship/16 - I Will Not Be Silent - Calabar HF.mp3" ended: Ffmpeg_decoder.End_of_file.
2026/09/30 14:35:36 [next_song:3] Prepared "/var/azuracast/stations/evangile_du_royaume/media/Worship/70 - Sing Unto the Lord a new Song  - Winnipeg Fellowship.mp3" (RID 169).
2026/09/30 14:41:37 [decoder:2] Decoding "/var/azuracast/stations/evangile_du_royaume/media/Worship/70 - Sing Unto the Lord a new Song  - Winnipeg Fellowship.mp3" ended: Ffmpeg_decoder.End_of_file.
2026/09/30 14:41:38 [next_song:3] Prepared "/var/azuracast/stations/evangile_du_royaume/media/Worship/04 - Yahweh Is Mighty - SWBN TV.mp3" (RID 170).
2026/09/30 14:49:52 [decoder:2] Decoding "/var/azuracast/stations/evangile_du_royaume/media/Worship/04 - Yahweh Is Mighty - SWBN TV.mp3" ended: Ffmpeg_decoder.End_of_file.
2026/09/30 14:49:53 [next_song:3] Prepared "/var/azuracast/stations/evangile_du_royaume/media/Worship/39 - My Heart Rejoices - Toronto HF.mp3" (RID 171).
2026/09/30 14:58:11 [decoder:2] Decoding "/var/azuracast/stations/evangile_du_royaume/media/Worship/39 - My Heart Rejoices - Toronto HF.mp3" ended: Ffmpeg_decoder.End_of_file.
2026/09/30 14:58:11 [next_song:3] Prepared "/var/azuracast/stations/evangile_du_royaume/media/Worship/62 - All in All - CHF.mp3" (RID 172).
2026/09/30 15:02:48 [decoder:2] Decoding "/var/azuracast/stations/evangile_du_royaume/media/Worship/62 - All in All - CHF.mp3" ended: Ffmpeg_decoder.End_of_file.
2026/09/30 15:02:49 [next_song:3] Prepared "/var/azuracast/stations/evangile_du_royaume/media/Worship/67 - My God Is Good - Winnipeg Fellowship.mp3" (RID 173).
2026/09/30 15:09:55 [decoder:2] Decoding "/var/azuracast/stations/evangile_du_royaume/media/Worship/67 - My God Is Good - Winnipeg Fellowship.mp3" ended: Ffmpeg_decoder.End_of_file.
2026/09/30 15:09:55 [next_song:3] Prepared "/var/azuracast/stations/evangile_du_royaume/media/Jingle/jingle_avant_bible_06_ouvrons_les_saintes_ecritures.mp3" (RID 174).
2026/09/30 15:10:06 [decoder:2] Decoding "/var/azuracast/stations/evangile_du_royaume/media/Jingle/jingle_avant_bible_06_ouvrons_les_saintes_ecritures.mp3" ended: Ffmpeg_decoder.End_of_file.
2026/09/30 15:10:06 [next_song:3] Prepared "/var/azuracast/stations/evangile_du_royaume/media/La bible/psaumes_019.mp3" (RID 175).
2026/09/30 15:11:40 [decoder:2] Decoding "/var/azuracast/stations/evangile_du_royaume/media/La bible/psaumes_019.mp3" ended: Ffmpeg_decoder.End_of_file.
2026/09/30 15:11:40 [next_song:3] Prepared "/var/azuracast/stations/evangile_du_royaume/media/La bible/psaumes_020.mp3" (RID 176).
2026/09/30 15:12:36 [decoder:2] Decoding "/var/azuracast/stations/evangile_du_royaume/media/La bible/psaumes_020.mp3" ended: Ffmpeg_decoder.End_of_file.
2026/09/30 15:12:36 [next_song:3] Prepared "/var/azuracast/stations/evangile_du_royaume/media/La bible/psaumes_021.mp3" (RID 177).
2026/09/30 15:13:58 [decoder:2] Decoding "/var/azuracast/stations/evangile_du_royaume/media/La bible/psaumes_021.mp3" ended: Ffmpeg_decoder.End_of_file.
2026/09/30 15:13:58 [next_song:3] Prepared "/var/azuracast/stations/evangile_du_royaume/media/La bible/psaumes_022.mp3" (RID 178).
2026/09/30 15:17:17 [decoder:2] Decoding "/var/azuracast/stations/evangile_du_royaume/media/La bible/psaumes_022.mp3" ended: Ffmpeg_decoder.End_of_file.
2026/09/30 15:17:17 [next_song:3] Prepared "/var/azuracast/stations/evangile_du_royaume/media/La bible/psaumes_023.mp3" (RID 179).
2026/09/30 15:17:55 [decoder:2] Decoding "/var/azuracast/stations/evangile_du_royaume/media/La bible/psaumes_023.mp3" ended: Ffmpeg_decoder.End_of_file.
2026/09/30 15:17:56 [next_song:3] Prepared "/var/azuracast/stations/evangile_du_royaume/media/La bible/psaumes_024.mp3" (RID 180).
2026/09/30 15:18:59 [decoder:2] Decoding "/var/azuracast/stations/evangile_du_royaume/media/La bible/psaumes_024.mp3" ended: Ffmpeg_decoder.End_of_file.
2026/09/30 15:18:59 [next_song:3] Prepared "/var/azuracast/stations/evangile_du_royaume/media/La bible/psaumes_025.mp3" (RID 181).
2026/09/30 15:21:10 [decoder:2] Decoding "/var/azuracast/stations/evangile_du_royaume/media/La bible/psaumes_025.mp3" ended: Ffmpeg_decoder.End_of_file.
2026/09/30 15:21:11 [next_song:3] Prepared "/var/azuracast/stations/evangile_du_royaume/media/La bible/psaumes_026.mp3" (RID 182).
2026/09/30 15:22:15 [decoder:2] Decoding "/var/azuracast/stations/evangile_du_royaume/media/La bible/psaumes_026.mp3" ended: Ffmpeg_decoder.End_of_file.
2026/09/30 15:22:15 [next_song:3] Prepared "/var/azuracast/stations/evangile_du_royaume/media/La bible/psaumes_027.mp3" (RID 183).
2026/09/30 15:24:10 [decoder:2] Decoding "/var/azuracast/stations/evangile_du_royaume/media/La bible/psaumes_027.mp3" ended: Ffmpeg_decoder.End_of_file.
2026/09/30 15:24:10 [next_song:3] Prepared "/var/azuracast/stations/evangile_du_royaume/media/La bible/psaumes_028.mp3" (RID 184).
2026/09/30 15:25:18 [decoder:2] Decoding "/var/azuracast/stations/evangile_du_royaume/media/La bible/psaumes_028.mp3" ended: Ffmpeg_decoder.End_of_file.
2026/09/30 15:25:18 [next_song:3] Prepared "/var/azuracast/stations/evangile_du_royaume/media/La bible/psaumes_029.mp3" (RID 185).
2026/09/30 15:26:20 [decoder:2] Decoding "/var/azuracast/stations/evangile_du_royaume/media/La bible/psaumes_029.mp3" ended: Ffmpeg_decoder.End_of_file.
2026/09/30 15:26:21 [next_song:3] Prepared "/var/azuracast/stations/evangile_du_royaume/media/La bible/psaumes_030.mp3" (RID 186).
2026/09/30 15:27:35 [decoder:2] Decoding "/var/azuracast/stations/evangile_du_royaume/media/La bible/psaumes_030.mp3" ended: Ffmpeg_decoder.End_of_file.
2026/09/30 15:27:36 [next_song:3] Prepared "/var/azuracast/stations/evangile_du_royaume/media/La bible/psaumes_031.mp3" (RID 187).
2026/09/30 15:30:33 [decoder:2] Decoding "/var/azuracast/stations/evangile_du_royaume/media/La bible/psaumes_031.mp3" ended: Ffmpeg_decoder.End_of_file.
2026/09/30 15:30:33 [next_song:3] Prepared "/var/azuracast/stations/evangile_du_royaume/media/La bible/psaumes_032.mp3" (RID 188).
2026/09/30 15:31:55 [decoder:2] Decoding "/var/azuracast/stations/evangile_du_royaume/media/La bible/psaumes_032.mp3" ended: Ffmpeg_decoder.End_of_file.
2026/09/30 15:31:55 [next_song:3] Prepared "/var/azuracast/stations/evangile_du_royaume/media/La bible/psaumes_033.mp3" (RID 189).
2026/09/30 15:33:56 [decoder:2] Decoding "/var/azuracast/stations/evangile_du_royaume/media/La bible/psaumes_033.mp3" ended: Ffmpeg_decoder.End_of_file.
2026/09/30 15:33:57 [next_song:3] Prepared "/var/azuracast/stations/evangile_du_royaume/media/Jingle/jingle_avant_louange_07_voici_un_temps_de_louange.mp3" (RID 190).
2026/09/30 15:34:09 [decoder:2] Decoding "/var/azuracast/stations/evangile_du_royaume/media/Jingle/jingle_avant_louange_07_voici_un_temps_de_louange.mp3" ended: Ffmpeg_decoder.End_of_file.
2026/09/30 15:34:10 [next_song:3] Prepared "/var/azuracast/stations/evangile_du_royaume/media/Worship/18 - El Elyon - Toronto & Winnipeg HF.mp3" (RID 191).
2026/09/30 15:43:05 [decoder:2] Decoding "/var/azuracast/stations/evangile_du_royaume/media/Worship/18 - El Elyon - Toronto & Winnipeg HF.mp3" ended: Ffmpeg_decoder.End_of_file.
2026/09/30 15:43:05 [next_song:3] Prepared "/var/azuracast/stations/evangile_du_royaume/media/Worship/15 - Satisfy My Soul - Calabar HF.mp3" (RID 192).
2026/09/30 15:49:04 [decoder:2] Decoding "/var/azuracast/stations/evangile_du_royaume/media/Worship/15 - Satisfy My Soul - Calabar HF.mp3" ended: Ffmpeg_decoder.End_of_file.
2026/09/30 15:49:05 [next_song:3] Prepared "/var/azuracast/stations/evangile_du_royaume/media/Worship/09 - Oh Lord I Want to Know Your Glory - Port Harcourt HF.mp3" (RID 193).
2026/09/30 15:55:17 [decoder:2] Decoding "/var/azuracast/stations/evangile_du_royaume/media/Worship/09 - Oh Lord I Want to Know Your Glory - Port Harcourt HF.mp3" ended: Ffmpeg_decoder.End_of_file.
2026/09/30 15:55:18 [next_song:3] Prepared "/var/azuracast/stations/evangile_du_royaume/media/Cantiques du royaume/jean-christ_-_10_minutes.mp3" (RID 194).
2026/09/30 16:04:38 [decoder:2] Decoding "/var/azuracast/stations/evangile_du_royaume/media/Cantiques du royaume/jean-christ_-_10_minutes.mp3" ended: Ffmpeg_decoder.End_of_file.
2026/09/30 16:04:39 [next_song:3] Prepared "/var/azuracast/stations/evangile_du_royaume/media/Worship/29 - Thy Throne Oh Lord - Ketu HF.mp3" (RID 195).
2026/09/30 16:14:18 [decoder:2] Decoding "/var/azuracast/stations/evangile_du_royaume/media/Worship/29 - Thy Throne Oh Lord - Ketu HF.mp3" ended: Ffmpeg_decoder.End_of_file.
2026/09/30 16:14:19 [next_song:3] Prepared "/var/azuracast/stations/evangile_du_royaume/media/Worship/53 - In Jesus - PHF.mp3" (RID 196).
2026/09/30 16:20:13 [decoder:2] Decoding "/var/azuracast/stations/evangile_du_royaume/media/Worship/53 - In Jesus - PHF.mp3" ended: Ffmpeg_decoder.End_of_file.
2026/09/30 16:20:14 [next_song:3] Prepared "/var/azuracast/stations/evangile_du_royaume/media/Jingle/jingle_avant_bible_07_place_a_la_lecture_de_la_bible.mp3" (RID 197).
2026/09/30 16:20:27 [decoder:2] Decoding "/var/azuracast/stations/evangile_du_royaume/media/Jingle/jingle_avant_bible_07_place_a_la_lecture_de_la_bible.mp3" ended: Ffmpeg_decoder.End_of_file.
2026/09/30 16:20:27 [next_song:3] Prepared "/var/azuracast/stations/evangile_du_royaume/media/La bible/cantique_des_cantiques_001.mp3" (RID 198).
2026/09/30 16:22:50 [decoder:2] Decoding "/var/azuracast/stations/evangile_du_royaume/media/La bible/cantique_des_cantiques_001.mp3" ended: Ffmpeg_decoder.End_of_file.
2026/09/30 16:22:50 [next_song:3] Prepared "/var/azuracast/stations/evangile_du_royaume/media/La bible/cantique_des_cantiques_002.mp3" (RID 199).
2026/09/30 16:25:19 [decoder:2] Decoding "/var/azuracast/stations/evangile_du_royaume/media/La bible/cantique_des_cantiques_002.mp3" ended: Ffmpeg_decoder.End_of_file.
2026/09/30 16:25:20 [next_song:3] Prepared "/var/azuracast/stations/evangile_du_royaume/media/La bible/cantique_des_cantiques_003.mp3" (RID 200).
2026/09/30 16:27:10 [decoder:2] Decoding "/var/azuracast/stations/evangile_du_royaume/media/La bible/cantique_des_cantiques_003.mp3" ended: Ffmpeg_decoder.End_of_file.
2026/09/30 16:27:10 [next_song:3] Prepared "/var/azuracast/stations/evangile_du_royaume/media/La bible/cantique_des_cantiques_004.mp3" (RID 201).
2026/09/30 16:29:57 [decoder:2] Decoding "/var/azuracast/stations/evangile_du_royaume/media/La bible/cantique_des_cantiques_004.mp3" ended: Ffmpeg_decoder.End_of_file.
2026/09/30 16:29:58 [next_song:3] Prepared "/var/azuracast/stations/evangile_du_royaume/media/La bible/cantique_des_cantiques_005.mp3" (RID 202).
2026/09/30 16:32:49 [decoder:2] Decoding "/var/azuracast/stations/evangile_du_royaume/media/La bible/cantique_des_cantiques_005.mp3" ended: Ffmpeg_decoder.End_of_file.
2026/09/30 16:32:49 [next_song:3] Prepared "/var/azuracast/stations/evangile_du_royaume/media/La bible/cantique_des_cantiques_006.mp3" (RID 203).
2026/09/30 16:34:52 [decoder:2] Decoding "/var/azuracast/stations/evangile_du_royaume/media/La bible/cantique_des_cantiques_006.mp3" ended: Ffmpeg_decoder.End_of_file.
2026/09/30 16:34:52 [next_song:3] Prepared "/var/azuracast/stations/evangile_du_royaume/media/La bible/cantique_des_cantiques_007.mp3" (RID 204).
2026/09/30 16:36:46 [decoder:2] Decoding "/var/azuracast/stations/evangile_du_royaume/media/La bible/cantique_des_cantiques_007.mp3" ended: Ffmpeg_decoder.End_of_file.
2026/09/30 16:36:47 [next_song:3] Prepared "/var/azuracast/stations/evangile_du_royaume/media/La bible/cantique_des_cantiques_008.mp3" (RID 205).
2026/09/30 16:39:13 [decoder:2] Decoding "/var/azuracast/stations/evangile_du_royaume/media/La bible/cantique_des_cantiques_008.mp3" ended: Ffmpeg_decoder.End_of_file.
2026/09/30 16:39:13 [next_song:3] Prepared "/var/azuracast/stations/evangile_du_royaume/media/La bible/josué_008.mp3" (RID 206).
2026/09/30 16:45:37 [decoder:2] Decoding "/var/azuracast/stations/evangile_du_royaume/media/La bible/josué_008.mp3" ended: Ffmpeg_decoder.End_of_file.
2026/09/30 16:45:37 [next_song:3] Prepared "/var/azuracast/stations/evangile_du_royaume/media/La bible/josué_009.mp3" (RID 207).
2026/09/30 16:50:12 [decoder:2] Decoding "/var/azuracast/stations/evangile_du_royaume/media/La bible/josué_009.mp3" ended: Ffmpeg_decoder.End_of_file.
2026/09/30 16:50:13 [next_song:3] Prepared "/var/azuracast/stations/evangile_du_royaume/media/La bible/josué_010.mp3" (RID 208).
2026/09/30 16:58:14 [decoder:2] Decoding "/var/azuracast/stations/evangile_du_royaume/media/La bible/josué_010.mp3" ended: Ffmpeg_decoder.End_of_file.
2026/09/30 16:58:14 [next_song:3] Prepared "/var/azuracast/stations/evangile_du_royaume/media/Jingle/jingle_avant_louange_06_que_la_louange_seleve.mp3" (RID 209).
2026/09/30 16:58:25 [decoder:2] Decoding "/var/azuracast/stations/evangile_du_royaume/media/Jingle/jingle_avant_louange_06_que_la_louange_seleve.mp3" ended: Ffmpeg_decoder.End_of_file.
2026/09/30 16:58:25 [next_song:3] Prepared "/var/azuracast/stations/evangile_du_royaume/media/Cantiques du royaume/cantique___prends_tout_le_contrôle.mp3" (RID 210).
2026/09/30 17:03:15 [decoder:2] Decoding "/var/azuracast/stations/evangile_du_royaume/media/Cantiques du royaume/cantique___prends_tout_le_contrôle.mp3" ended: Ffmpeg_decoder.End_of_file.
2026/09/30 17:03:15 [next_song:3] Prepared "/var/azuracast/stations/evangile_du_royaume/media/Cantiques du royaume/4-_resurrection_ses_cheveux_étaient_blancs.mp3" (RID 211).
2026/09/30 17:06:34 [decoder:2] Decoding "/var/azuracast/stations/evangile_du_royaume/media/Cantiques du royaume/4-_resurrection_ses_cheveux_étaient_blancs.mp3" ended: Ffmpeg_decoder.End_of_file.
2026/09/30 17:06:35 [next_song:3] Prepared "/var/azuracast/stations/evangile_du_royaume/media/Worship/56 - Hashem - PHF.mp3" (RID 212).
2026/09/30 17:18:24 [decoder:2] Decoding "/var/azuracast/stations/evangile_du_royaume/media/Worship/56 - Hashem - PHF.mp3" ended: Ffmpeg_decoder.End_of_file.
2026/09/30 17:18:25 [next_song:3] Prepared "/var/azuracast/stations/evangile_du_royaume/media/Cantiques du royaume/cantique__tes_promesses__pub_direct_dec_2021_import_(2).mp3" (RID 213).
2026/09/30 17:25:39 [decoder:2] Decoding "/var/azuracast/stations/evangile_du_royaume/media/Cantiques du royaume/cantique__tes_promesses__pub_direct_dec_2021_import_(2).mp3" ended: Ffmpeg_decoder.End_of_file.
2026/09/30 17:25:40 [next_song:3] Prepared "/var/azuracast/stations/evangile_du_royaume/media/Worship/90 - Bless Ye the Lord - PHF.mp3" (RID 214).
2026/09/30 17:34:01 [decoder:2] Decoding "/var/azuracast/stations/evangile_du_royaume/media/Worship/90 - Bless Ye the Lord - PHF.mp3" ended: Ffmpeg_decoder.End_of_file.
2026/09/30 17:34:01 [next_song:3] Prepared "/var/azuracast/stations/evangile_du_royaume/media/Worship/54 - He Has Given Me - PHF.mp3" (RID 215).
2026/09/30 17:39:07 [decoder:2] Decoding "/var/azuracast/stations/evangile_du_royaume/media/Worship/54 - He Has Given Me - PHF.mp3" ended: Ffmpeg_decoder.End_of_file.
2026/09/30 17:39:07 [next_song:3] Prepared "/var/azuracast/stations/evangile_du_royaume/media/Cantiques du royaume/Cantique - Je veux vivre ton royaume.mp3" (RID 216).
2026/09/30 17:39:08 [clock.main:2] We must catchup 1.02 seconds!
2026/09/30 17:43:49 [decoder:2] Decoding "/var/azuracast/stations/evangile_du_royaume/media/Cantiques du royaume/Cantique - Je veux vivre ton royaume.mp3" ended: Ffmpeg_decoder.End_of_file.
2026/09/30 17:43:49 [next_song:3] Prepared "/var/azuracast/stations/evangile_du_royaume/media/Jingle/jingle_id_station_03_notre_mission_annonce_levangile.mp3" (RID 217).
2026/09/30 17:44:01 [decoder:2] Decoding "/var/azuracast/stations/evangile_du_royaume/media/Jingle/jingle_id_station_03_notre_mission_annonce_levangile.mp3" ended: Ffmpeg_decoder.End_of_file.
2026/09/30 17:44:01 [next_song:3] Prepared "/var/azuracast/stations/evangile_du_royaume/media/La bible/deutéronome_005.mp3" (RID 218).
2026/09/30 17:49:31 [decoder:2] Decoding "/var/azuracast/stations/evangile_du_royaume/media/La bible/deutéronome_005.mp3" ended: Ffmpeg_decoder.End_of_file.
2026/09/30 17:49:31 [next_song:3] Prepared "/var/azuracast/stations/evangile_du_royaume/media/La bible/deutéronome_006.mp3" (RID 219).
2026/09/30 17:53:19 [decoder:2] Decoding "/var/azuracast/stations/evangile_du_royaume/media/La bible/deutéronome_006.mp3" ended: Ffmpeg_decoder.End_of_file.
2026/09/30 17:53:20 [next_song:3] Prepared "/var/azuracast/stations/evangile_du_royaume/media/La bible/deutéronome_007.mp3" (RID 220).
2026/09/30 17:58:25 [decoder:2] Decoding "/var/azuracast/stations/evangile_du_royaume/media/La bible/deutéronome_007.mp3" ended: Ffmpeg_decoder.End_of_file.
2026/09/30 17:58:26 [next_song:3] Prepared "/var/azuracast/stations/evangile_du_royaume/media/La bible/deutéronome_008.mp3" (RID 221).
2026/09/30 18:01:46 [decoder:2] Decoding "/var/azuracast/stations/evangile_du_royaume/media/La bible/deutéronome_008.mp3" ended: Ffmpeg_decoder.End_of_file.
2026/09/30 18:01:46 [next_song:3] Prepared "/var/azuracast/stations/evangile_du_royaume/media/Jingle/jingle_avant_message_03_vous_ecoutez_parole_prophetique_fm.mp3" (RID 222).
2026/09/30 18:01:55 [decoder:2] Decoding "/var/azuracast/stations/evangile_du_royaume/media/Jingle/jingle_avant_message_03_vous_ecoutez_parole_prophetique_fm.mp3" ended: Ffmpeg_decoder.End_of_file.
2026/09/30 18:01:55 [next_song:3] Prepared "/var/azuracast/stations/evangile_du_royaume/media/bosson_1_la_marche_avec_dieu(1).mp3" (RID 223).
2026/09/30 19:31:52 [decoder:2] Decoding "/var/azuracast/stations/evangile_du_royaume/media/bosson_1_la_marche_avec_dieu(1).mp3" ended: Ffmpeg_decoder.End_of_file.
2026/09/30 19:31:52 [next_song:3] Prepared "/var/azuracast/stations/evangile_du_royaume/media/Jingle/jingle_avant_bible_07_place_a_la_lecture_de_la_bible.mp3" (RID 224).
2026/09/30 19:32:05 [decoder:2] Decoding "/var/azuracast/stations/evangile_du_royaume/media/Jingle/jingle_avant_bible_07_place_a_la_lecture_de_la_bible.mp3" ended: Ffmpeg_decoder.End_of_file.
2026/09/30 19:32:06 [next_song:3] Prepared "/var/azuracast/stations/evangile_du_royaume/media/La bible/néhémie_006.mp3" (RID 225).
2026/09/30 19:35:26 [decoder:2] Decoding "/var/azuracast/stations/evangile_du_royaume/media/La bible/néhémie_006.mp3" ended: Ffmpeg_decoder.End_of_file.
2026/09/30 19:35:27 [next_song:3] Prepared "/var/azuracast/stations/evangile_du_royaume/media/La bible/néhémie_007.mp3" (RID 226).
2026/09/30 19:42:13 [decoder:2] Decoding "/var/azuracast/stations/evangile_du_royaume/media/La bible/néhémie_007.mp3" ended: Ffmpeg_decoder.End_of_file.
2026/09/30 19:42:13 [next_song:3] Prepared "/var/azuracast/stations/evangile_du_royaume/media/La bible/néhémie_008.mp3" (RID 227).
2026/09/30 19:46:09 [decoder:2] Decoding "/var/azuracast/stations/evangile_du_royaume/media/La bible/néhémie_008.mp3" ended: Ffmpeg_decoder.End_of_file.
2026/09/30 19:46:09 [next_song:3] Prepared "/var/azuracast/stations/evangile_du_royaume/media/La bible/néhémie_009.mp3" (RID 228).
2026/09/30 19:53:53 [decoder:2] Decoding "/var/azuracast/stations/evangile_du_royaume/media/La bible/néhémie_009.mp3" ended: Ffmpeg_decoder.End_of_file.
2026/09/30 19:53:54 [next_song:3] Prepared "/var/azuracast/stations/evangile_du_royaume/media/La bible/néhémie_010.mp3" (RID 229).
2026/09/30 19:58:27 [decoder:2] Decoding "/var/azuracast/stations/evangile_du_royaume/media/La bible/néhémie_010.mp3" ended: Ffmpeg_decoder.End_of_file.
2026/09/30 19:58:27 [next_song:3] Prepared "/var/azuracast/stations/evangile_du_royaume/media/La bible/néhémie_011.mp3" (RID 230).
2026/09/30 20:03:19 [decoder:2] Decoding "/var/azuracast/stations/evangile_du_royaume/media/La bible/néhémie_011.mp3" ended: Ffmpeg_decoder.End_of_file.
2026/09/30 20:03:19 [next_song:3] Prepared "/var/azuracast/stations/evangile_du_royaume/media/La bible/néhémie_012.mp3" (RID 231).
2026/09/30 20:09:46 [decoder:2] Decoding "/var/azuracast/stations/evangile_du_royaume/media/La bible/néhémie_012.mp3" ended: Ffmpeg_decoder.End_of_file.
2026/09/30 20:09:46 [next_song:3] Prepared "/var/azuracast/stations/evangile_du_royaume/media/La bible/néhémie_013.mp3" (RID 232).
2026/09/30 20:15:03 [decoder:2] Decoding "/var/azuracast/stations/evangile_du_royaume/media/La bible/néhémie_013.mp3" ended: Ffmpeg_decoder.End_of_file.
2026/09/30 20:15:04 [next_song:3] Prepared "/var/azuracast/stations/evangile_du_royaume/media/Jingle/jingle_avant_louange_07_voici_un_temps_de_louange.mp3" (RID 233).
2026/09/30 20:15:16 [decoder:2] Decoding "/var/azuracast/stations/evangile_du_royaume/media/Jingle/jingle_avant_louange_07_voici_un_temps_de_louange.mp3" ended: Ffmpeg_decoder.End_of_file.
2026/09/30 20:15:17 [next_song:3] Prepared "/var/azuracast/stations/evangile_du_royaume/media/Cantiques du royaume/Cantique Jahweh, Tu es élevé au dessus de tout (1).mp3" (RID 234).
2026/09/30 20:20:06 [decoder:2] Decoding "/var/azuracast/stations/evangile_du_royaume/media/Cantiques du royaume/Cantique Jahweh, Tu es élevé au dessus de tout (1).mp3" ended: Ffmpeg_decoder.End_of_file.
2026/09/30 20:20:07 [next_song:3] Prepared "/var/azuracast/stations/evangile_du_royaume/media/SWBN Lead Concert Live Worship/03 - Holy are You oh Lord (Olaedo Uzoma & Vincent Opara).mp3" (RID 235).
2026/09/30 20:29:42 [decoder:2] Decoding "/var/azuracast/stations/evangile_du_royaume/media/SWBN Lead Concert Live Worship/03 - Holy are You oh Lord (Olaedo Uzoma & Vincent Opara).mp3" ended: Ffmpeg_decoder.End_of_file.
2026/09/30 20:29:42 [next_song:3] Prepared "/var/azuracast/stations/evangile_du_royaume/media/Worship/31 - You Are Worthy - Ketu HF.mp3" (RID 236).
2026/09/30 20:33:57 [decoder:2] Decoding "/var/azuracast/stations/evangile_du_royaume/media/Worship/31 - You Are Worthy - Ketu HF.mp3" ended: Ffmpeg_decoder.End_of_file.
2026/09/30 20:33:58 [next_song:3] Prepared "/var/azuracast/stations/evangile_du_royaume/media/Worship/24 - We Ascribe Greatness - Abuja HF.mp3" (RID 237).
2026/09/30 20:35:03 [clock.main:2] We must catchup 1.04 seconds!
2026/09/30 20:35:05 [clock.main:2] We must catchup 1.12 seconds!
2026/09/30 20:35:06 [clock.main:2] We must catchup 1.49 seconds!
2026/09/30 20:35:07 [clock.main:2] We must catchup 1.55 seconds!
2026/09/30 20:39:42 [decoder:2] Decoding "/var/azuracast/stations/evangile_du_royaume/media/Worship/24 - We Ascribe Greatness - Abuja HF.mp3" ended: Ffmpeg_decoder.End_of_file.
2026/09/30 20:39:43 [next_song:3] Prepared "/var/azuracast/stations/evangile_du_royaume/media/Worship/61 - Unto Him - CHF.mp3" (RID 238).
2026/09/30 20:45:59 [decoder:2] Decoding "/var/azuracast/stations/evangile_du_royaume/media/Worship/61 - Unto Him - CHF.mp3" ended: Ffmpeg_decoder.End_of_file.
2026/09/30 20:45:59 [next_song:3] Prepared "/var/azuracast/stations/evangile_du_royaume/media/Worship/89 - I Know The Blood - PHF.mp3" (RID 239).
2026/09/30 20:50:15 [decoder:2] Decoding "/var/azuracast/stations/evangile_du_royaume/media/Worship/89 - I Know The Blood - PHF.mp3" ended: Ffmpeg_decoder.End_of_file.
2026/09/30 20:50:15 [next_song:3] Prepared "/var/azuracast/stations/evangile_du_royaume/media/Worship/43 - The Mountains, Come and, Oh City - Ketu HF.mp3" (RID 240).
2026/09/30 20:58:37 [decoder:2] Decoding "/var/azuracast/stations/evangile_du_royaume/media/Worship/43 - The Mountains, Come and, Oh City - Ketu HF.mp3" ended: Ffmpeg_decoder.End_of_file.
2026/09/30 20:58:38 [next_song:3] Prepared "/var/azuracast/stations/evangile_du_royaume/media/Jingle/jingle_avant_bible_06_ouvrons_les_saintes_ecritures.mp3" (RID 241).
2026/09/30 20:58:48 [decoder:2] Decoding "/var/azuracast/stations/evangile_du_royaume/media/Jingle/jingle_avant_bible_06_ouvrons_les_saintes_ecritures.mp3" ended: Ffmpeg_decoder.End_of_file.
2026/09/30 20:58:48 [next_song:3] Prepared "/var/azuracast/stations/evangile_du_royaume/media/La bible/1_corinthiens_013.mp3" (RID 242).
2026/09/30 21:01:23 [decoder:2] Decoding "/var/azuracast/stations/evangile_du_royaume/media/La bible/1_corinthiens_013.mp3" ended: Ffmpeg_decoder.End_of_file.
2026/09/30 21:01:24 [next_song:3] Prepared "/var/azuracast/stations/evangile_du_royaume/media/La bible/1_corinthiens_014.mp3" (RID 243).
2026/09/30 21:07:51 [decoder:2] Decoding "/var/azuracast/stations/evangile_du_royaume/media/La bible/1_corinthiens_014.mp3" ended: Ffmpeg_decoder.End_of_file.
2026/09/30 21:07:52 [next_song:3] Prepared "/var/azuracast/stations/evangile_du_royaume/media/La bible/1_corinthiens_015.mp3" (RID 244).
2026/09/30 21:16:23 [decoder:2] Decoding "/var/azuracast/stations/evangile_du_royaume/media/La bible/1_corinthiens_015.mp3" ended: Ffmpeg_decoder.End_of_file.
2026/09/30 21:16:23 [next_song:3] Prepared "/var/azuracast/stations/evangile_du_royaume/media/La bible/1_corinthiens_016.mp3" (RID 245).
2026/09/30 21:19:27 [decoder:2] Decoding "/var/azuracast/stations/evangile_du_royaume/media/La bible/1_corinthiens_016.mp3" ended: Ffmpeg_decoder.End_of_file.
2026/09/30 21:19:28 [next_song:3] Prepared "/var/azuracast/stations/evangile_du_royaume/media/Jingle/jingle_avant_louange_05_elevons_nos_coeurs_vers_dieu.mp3" (RID 246).
2026/09/30 21:19:39 [decoder:2] Decoding "/var/azuracast/stations/evangile_du_royaume/media/Jingle/jingle_avant_louange_05_elevons_nos_coeurs_vers_dieu.mp3" ended: Ffmpeg_decoder.End_of_file.
2026/09/30 21:19:39 [next_song:3] Prepared "/var/azuracast/stations/evangile_du_royaume/media/Cantiques du royaume/Cantique-A jamais, tu seras l_Agneau de Dieu.mp3" (RID 247).
2026/09/30 21:28:51 [decoder:2] Decoding "/var/azuracast/stations/evangile_du_royaume/media/Cantiques du royaume/Cantique-A jamais, tu seras l_Agneau de Dieu.mp3" ended: Ffmpeg_decoder.End_of_file.
2026/09/30 21:28:51 [next_song:3] Prepared "/var/azuracast/stations/evangile_du_royaume/media/Cantiques du royaume/cantique__nous_sommes_le_sel_de_la_terre.mp3" (RID 248).
2026/09/30 21:31:04 [decoder:2] Decoding "/var/azuracast/stations/evangile_du_royaume/media/Cantiques du royaume/cantique__nous_sommes_le_sel_de_la_terre.mp3" ended: Ffmpeg_decoder.End_of_file.
2026/09/30 21:31:04 [next_song:3] Prepared "/var/azuracast/stations/evangile_du_royaume/media/Cantiques du royaume/cantique__heureux_l_homme_qui_ne_marche_pas_selon.mp3" (RID 249).
2026/09/30 21:33:21 [decoder:2] Decoding "/var/azuracast/stations/evangile_du_royaume/media/Cantiques du royaume/cantique__heureux_l_homme_qui_ne_marche_pas_selon.mp3" ended: Ffmpeg_decoder.End_of_file.
2026/09/30 21:33:21 [next_song:3] Prepared "/var/azuracast/stations/evangile_du_royaume/media/Worship/68 - Shine in Darkness O Lord  - Winnipeg Fellowship.mp3" (RID 250).
2026/09/30 21:43:42 [decoder:2] Decoding "/var/azuracast/stations/evangile_du_royaume/media/Worship/68 - Shine in Darkness O Lord  - Winnipeg Fellowship.mp3" ended: Ffmpeg_decoder.End_of_file.
2026/09/30 21:43:43 [next_song:3] Prepared "/var/azuracast/stations/evangile_du_royaume/media/Worship/28 - He Shall Feed His Flock - I Want to walk  - Ketu HF.mp3" (RID 251).
2026/09/30 21:49:13 [decoder:2] Decoding "/var/azuracast/stations/evangile_du_royaume/media/Worship/28 - He Shall Feed His Flock - I Want to walk  - Ketu HF.mp3" ended: Ffmpeg_decoder.End_of_file.
2026/09/30 21:49:13 [next_song:3] Prepared "/var/azuracast/stations/evangile_du_royaume/media/Cantiques du royaume/Cantique sa miséricorde.mp3" (RID 252).
2026/09/30 21:52:34 [decoder:2] Decoding "/var/azuracast/stations/evangile_du_royaume/media/Cantiques du royaume/Cantique sa miséricorde.mp3" ended: Ffmpeg_decoder.End_of_file.
2026/09/30 21:52:34 [next_song:3] Prepared "/var/azuracast/stations/evangile_du_royaume/media/Worship/73 - Arise Out of Zion  - Winnipeg Fellowship.mp3" (RID 253).
2026/09/30 22:00:17 [decoder:2] Decoding "/var/azuracast/stations/evangile_du_royaume/media/Worship/73 - Arise Out of Zion  - Winnipeg Fellowship.mp3" ended: Ffmpeg_decoder.End_of_file.
2026/09/30 22:00:18 [next_song:3] Prepared "/var/azuracast/stations/evangile_du_royaume/media/Jingle/jingle_avant_bible_08_prenons_un_moment_pour_ecouter_la_parole.mp3" (RID 254).
2026/09/30 22:00:27 [decoder:2] Decoding "/var/azuracast/stations/evangile_du_royaume/media/Jingle/jingle_avant_bible_08_prenons_un_moment_pour_ecouter_la_parole.mp3" ended: Ffmpeg_decoder.End_of_file.
2026/09/30 22:00:27 [next_song:3] Prepared "/var/azuracast/stations/evangile_du_royaume/media/La bible/juges_001.mp3" (RID 255).
2026/09/30 22:06:10 [decoder:2] Decoding "/var/azuracast/stations/evangile_du_royaume/media/La bible/juges_001.mp3" ended: Ffmpeg_decoder.End_of_file.
2026/09/30 22:06:11 [next_song:3] Prepared "/var/azuracast/stations/evangile_du_royaume/media/La bible/juges_002.mp3" (RID 256).
2026/09/30 22:10:08 [decoder:2] Decoding "/var/azuracast/stations/evangile_du_royaume/media/La bible/juges_002.mp3" ended: Ffmpeg_decoder.End_of_file.
2026/09/30 22:10:09 [next_song:3] Prepared "/var/azuracast/stations/evangile_du_royaume/media/La bible/juges_003.mp3" (RID 257).
2026/09/30 22:15:24 [decoder:2] Decoding "/var/azuracast/stations/evangile_du_royaume/media/La bible/juges_003.mp3" ended: Ffmpeg_decoder.End_of_file.
2026/09/30 22:15:24 [next_song:3] Prepared "/var/azuracast/stations/evangile_du_royaume/media/La bible/juges_004.mp3" (RID 258).
2026/09/30 22:19:53 [decoder:2] Decoding "/var/azuracast/stations/evangile_du_royaume/media/La bible/juges_004.mp3" ended: Ffmpeg_decoder.End_of_file.
2026/09/30 22:19:54 [next_song:3] Prepared "/var/azuracast/stations/evangile_du_royaume/media/La bible/juges_005.mp3" (RID 259).
2026/09/30 22:25:05 [decoder:2] Decoding "/var/azuracast/stations/evangile_du_royaume/media/La bible/juges_005.mp3" ended: Ffmpeg_decoder.End_of_file.
2026/09/30 22:25:06 [next_song:3] Prepared "/var/azuracast/stations/evangile_du_royaume/media/La bible/juges_006.mp3" (RID 260).
2026/09/30 22:32:44 [decoder:2] Decoding "/var/azuracast/stations/evangile_du_royaume/media/La bible/juges_006.mp3" ended: Ffmpeg_decoder.End_of_file.
2026/09/30 22:32:44 [next_song:3] Prepared "/var/azuracast/stations/evangile_du_royaume/media/Jingle/jingle_avant_louange_06_que_la_louange_seleve.mp3" (RID 261).
2026/09/30 22:32:55 [decoder:2] Decoding "/var/azuracast/stations/evangile_du_royaume/media/Jingle/jingle_avant_louange_06_que_la_louange_seleve.mp3" ended: Ffmpeg_decoder.End_of_file.
2026/09/30 22:32:55 [next_song:3] Prepared "/var/azuracast/stations/evangile_du_royaume/media/Worship/52 - Thou art Worthy Lord - PHF.mp3" (RID 262).
2026/09/30 22:42:15 [decoder:2] Decoding "/var/azuracast/stations/evangile_du_royaume/media/Worship/52 - Thou art Worthy Lord - PHF.mp3" ended: Ffmpeg_decoder.End_of_file.
2026/09/30 22:42:16 [next_song:3] Prepared "/var/azuracast/stations/evangile_du_royaume/media/Cantiques du royaume/8-_mohamed_sanogo_hymne_des_vainqueurs.mp3" (RID 263).
2026/09/30 22:48:22 [decoder:2] Decoding "/var/azuracast/stations/evangile_du_royaume/media/Cantiques du royaume/8-_mohamed_sanogo_hymne_des_vainqueurs.mp3" ended: Ffmpeg_decoder.End_of_file.
2026/09/30 22:48:23 [next_song:3] Prepared "/var/azuracast/stations/evangile_du_royaume/media/Worship/69 - We Bless You Wonderful God  - Winnipeg Fellowship.mp3" (RID 264).
2026/09/30 22:55:24 [decoder:2] Decoding "/var/azuracast/stations/evangile_du_royaume/media/Worship/69 - We Bless You Wonderful God  - Winnipeg Fellowship.mp3" ended: Ffmpeg_decoder.End_of_file.
2026/09/30 22:55:24 [next_song:3] Prepared "/var/azuracast/stations/evangile_du_royaume/media/Worship/77 - We Shall Not Fear - Nonso Njoku.mp3" (RID 265).
2026/09/30 23:00:42 [decoder:2] Decoding "/var/azuracast/stations/evangile_du_royaume/media/Worship/77 - We Shall Not Fear - Nonso Njoku.mp3" ended: Ffmpeg_decoder.End_of_file.
2026/09/30 23:00:42 [next_song:3] Prepared "/var/azuracast/stations/evangile_du_royaume/media/Worship/17 - Where Two or Three are Gathered - Calabar HF.mp3" (RID 266).
2026/09/30 23:06:31 [decoder:2] Decoding "/var/azuracast/stations/evangile_du_royaume/media/Worship/17 - Where Two or Three are Gathered - Calabar HF.mp3" ended: Ffmpeg_decoder.End_of_file.
2026/09/30 23:06:32 [next_song:3] Prepared "/var/azuracast/stations/evangile_du_royaume/media/Worship/87 - We Shall Come - Asaba Fellowship.mp3" (RID 267).
2026/09/30 23:11:35 [decoder:2] Decoding "/var/azuracast/stations/evangile_du_royaume/media/Worship/87 - We Shall Come - Asaba Fellowship.mp3" ended: Ffmpeg_decoder.End_of_file.
2026/09/30 23:11:36 [next_song:3] Prepared "/var/azuracast/stations/evangile_du_royaume/media/Worship/66 - Victorious Is the Lamb - Winnipeg Fellowship.mp3" (RID 268).
2026/09/30 23:18:57 [decoder:2] Decoding "/var/azuracast/stations/evangile_du_royaume/media/Worship/66 - Victorious Is the Lamb - Winnipeg Fellowship.mp3" ended: Ffmpeg_decoder.End_of_file.
2026/09/30 23:18:58 [next_song:3] Prepared "/var/azuracast/stations/evangile_du_royaume/media/Jingle/jingle_id_station_02_radio_evangile_du_royaume.mp3" (RID 269).
2026/09/30 23:19:07 [decoder:2] Decoding "/var/azuracast/stations/evangile_du_royaume/media/Jingle/jingle_id_station_02_radio_evangile_du_royaume.mp3" ended: Ffmpeg_decoder.End_of_file.
2026/09/30 23:19:08 [next_song:3] Prepared "/var/azuracast/stations/evangile_du_royaume/media/La bible/hébreux_012.mp3" (RID 270).
2026/09/30 23:24:09 [decoder:2] Decoding "/var/azuracast/stations/evangile_du_royaume/media/La bible/hébreux_012.mp3" ended: Ffmpeg_decoder.End_of_file.
2026/09/30 23:24:10 [next_song:3] Prepared "/var/azuracast/stations/evangile_du_royaume/media/La bible/hébreux_013.mp3" (RID 271).
2026/09/30 23:27:43 [decoder:2] Decoding "/var/azuracast/stations/evangile_du_royaume/media/La bible/hébreux_013.mp3" ended: Ffmpeg_decoder.End_of_file.
2026/09/30 23:27:43 [next_song:3] Prepared "/var/azuracast/stations/evangile_du_royaume/media/La bible/2_thessaloniciens_001.mp3" (RID 272).
2026/09/30 23:29:52 [decoder:2] Decoding "/var/azuracast/stations/evangile_du_royaume/media/La bible/2_thessaloniciens_001.mp3" ended: Ffmpeg_decoder.End_of_file.
2026/09/30 23:29:52 [next_song:3] Prepared "/var/azuracast/stations/evangile_du_royaume/media/Jingle/jingle_avant_louange_07_voici_un_temps_de_louange.mp3" (RID 273).
2026/09/30 23:30:05 [decoder:2] Decoding "/var/azuracast/stations/evangile_du_royaume/media/Jingle/jingle_avant_louange_07_voici_un_temps_de_louange.mp3" ended: Ffmpeg_decoder.End_of_file.
2026/09/30 23:30:06 [next_song:3] Prepared "/var/azuracast/stations/evangile_du_royaume/media/Worship/73 - Arise Out of Zion  - Winnipeg Fellowship.mp3" (RID 274).
2026/09/30 23:32:32 [request.dynamic:3] Fetch failed: retry.
2026/09/30 23:32:33 [request.dynamic:3] Fetch failed: retry.
2026/09/30 23:32:33 [request.dynamic:3] Fetch failed: retry.
2026/09/30 23:32:34 [request.dynamic:3] Fetch failed: retry.
2026/09/30 23:32:35 [request.dynamic:3] Fetch failed: retry.
2026/09/30 23:32:36 [request.dynamic:3] Fetch failed: retry.
2026/09/30 23:32:37 [request.dynamic:3] Fetch failed: retry.
2026/09/30 23:32:38 [request.dynamic:3] Fetch failed: retry.
2026/09/30 23:33:24 [request.dynamic:3] Fetch failed: retry.
2026/09/30 23:33:24 [request.dynamic:3] Fetch failed: retry.
2026/09/30 23:33:25 [request.dynamic:3] Fetch failed: retry.
2026/09/30 23:33:25 [request.dynamic:3] Fetch failed: retry.
2026/09/30 23:33:26 [request.dynamic:3] Fetch failed: retry.
2026/09/30 23:33:27 [request.dynamic:3] Fetch failed: retry.
2026/09/30 23:33:28 [request.dynamic:3] Fetch failed: retry.
2026/09/30 23:33:29 [request.dynamic:3] Fetch failed: retry.
2026/09/30 23:33:30 [request.dynamic:3] Fetch failed: retry.
2026/09/30 23:33:30 [request.dynamic:3] Fetch failed: retry.
2026/09/30 23:34:17 [request.dynamic:3] Fetch failed: retry.
2026/09/30 23:34:17 [request.dynamic:3] Fetch failed: retry.
2026/09/30 23:34:18 [request.dynamic:3] Fetch failed: retry.
2026/09/30 23:34:19 [request.dynamic:3] Fetch failed: retry.
2026/09/30 23:34:20 [request.dynamic:3] Fetch failed: retry.
2026/09/30 23:34:20 [request.dynamic:3] Fetch failed: retry.
2026/09/30 23:34:21 [request.dynamic:3] Fetch failed: retry.
2026/09/30 23:34:21 [request.dynamic:3] Fetch failed: retry.
2026/09/30 23:34:22 [request.dynamic:3] Fetch failed: retry.
2026/09/30 23:34:23 [request.dynamic:3] Fetch failed: retry.
2026/09/30 23:34:23 [request.dynamic:3] Fetch failed: retry.
2026/09/30 23:34:24 [request.dynamic:3] Fetch failed: retry.
2026/09/30 23:34:24 [request.dynamic:3] Fetch failed: retry.
2026/09/30 23:34:25 [request.dynamic:3] Fetch failed: retry.
2026/09/30 23:34:25 [request.dynamic:3] Fetch failed: retry.
2026/09/30 23:34:26 [request.dynamic:3] Fetch failed: retry.
2026/09/30 23:34:26 [request.dynamic:3] Fetch failed: retry.
2026/09/30 23:34:58 [request.dynamic:3] Fetch failed: retry.
2026/09/30 23:37:49 [decoder:2] Decoding "/var/azuracast/stations/evangile_du_royaume/media/Worship/73 - Arise Out of Zion  - Winnipeg Fellowship.mp3" ended: Ffmpeg_decoder.End_of_file.
2026/09/30 23:37:49 [next_song:3] Prepared "/var/azuracast/stations/evangile_du_royaume/media/Cantiques du royaume/cantique__tes_promesses__pub_direct_dec_2021_import_(2).mp3" (RID 275).
2026/09/30 23:45:04 [decoder:2] Decoding "/var/azuracast/stations/evangile_du_royaume/media/Cantiques du royaume/cantique__tes_promesses__pub_direct_dec_2021_import_(2).mp3" ended: Ffmpeg_decoder.End_of_file.
2026/09/30 23:45:04 [next_song:3] Prepared "/var/azuracast/stations/evangile_du_royaume/media/Cantiques du royaume/jean-christ_-_10_minutes.mp3" (RID 1190).
2026/09/30 23:54:25 [decoder:2] Decoding "/var/azuracast/stations/evangile_du_royaume/media/Cantiques du royaume/jean-christ_-_10_minutes.mp3" ended: Ffmpeg_decoder.End_of_file.
2026/09/30 23:54:25 [next_song:3] Prepared "/var/azuracast/stations/evangile_du_royaume/media/Worship/31 - You Are Worthy - Ketu HF.mp3" (RID 1191).
2026/09/30 23:58:40 [decoder:2] Decoding "/var/azuracast/stations/evangile_du_royaume/media/Worship/31 - You Are Worthy - Ketu HF.mp3" ended: Ffmpeg_decoder.End_of_file.
2026/09/30 23:58:41 [next_song:3] Prepared "/var/azuracast/stations/evangile_du_royaume/media/Cantiques du royaume/3-gabrielle_lidji_-_mélodie_céleste__by_lfxa(light_fx_animation)_2.mp3" (RID 1192).
