2026/07/24 00:01:20 [lang:2] Could not perform http request: CurlException(Aborted_by_callback, 42, CURLE_ABORTED_BY_CALLBACK).
2026/07/24 00:01:20 [lang.deprecated:2] WARNING: "error.kind" is deprecated and will be removed in future version.
2026/07/24 00:01:20 [lang.deprecated:2] WARNING: "error.message" is deprecated and will be removed in future version.
2026/07/24 00:01:20 [lang:3] API djoff - Error: http - CurlException(Aborted_by_callback, 42, CURLE_ABORTED_BY_CALLBACK)
2026/07/24 00:01:25 [lang.deprecated:2] WARNING: "map_metadata" is deprecated and will be removed in future version. Please use "metadata.map" instead.
2026/07/24 00:01:25 [lang.deprecated:2] WARNING: "map_metadata" is deprecated and will be removed in future version. Please use "metadata.map" instead.
2026/07/24 00:01:25 [error_jingle:3] "/usr/local/share/icecast/web/error.mp3" is static, resolving once for all...
2026/07/24 00:01:25 [error_jingle:3] Prepared "/usr/local/share/icecast/web/error.mp3" (RID 6).
2026/07/24 00:01:25 [safe_fallback:3] Switch to error_jingle.
2026/07/24 00:01:25 [next_song:3] Prepared "/var/azuracast/stations/evangile_du_royaume/media/Jingle/jingle_avant_message_04_bienvenue_sur_parole_prophetique_fm.mp3" (RID 8).
2026/07/24 00:01:25 [safe_fallback:3] Switch to amplify_0 with transition.
2026/07/24 00:01:25 [live_fallback:3] Switch to cross_0.
2026/07/24 00:01:25 [interrupting_fallback:3] Switch to requests_fallback.
2026/07/24 00:01:25 [requests_fallback:3] Switch to autodj_fallback.
2026/07/24 00:01:25 [autodj_fallback:3] Switch to dynamic_startup.
2026/07/24 00:01:25 [dynamic_startup:3] Switch to cue_next_song.
2026/07/24 00:01:32 [decoder:2] Decoding "/var/azuracast/stations/evangile_du_royaume/media/Jingle/jingle_avant_message_04_bienvenue_sur_parole_prophetique_fm.mp3" ended: Ffmpeg_decoder.End_of_file.
2026/07/24 00:01:32 [next_song:3] Prepared "/var/azuracast/stations/evangile_du_royaume/media/Jingle/jingle_avant_message_04_bienvenue_sur_parole_prophetique_fm.mp3" (RID 14).
2026/07/24 00:01:39 [decoder:2] Decoding "/var/azuracast/stations/evangile_du_royaume/media/Jingle/jingle_avant_message_04_bienvenue_sur_parole_prophetique_fm.mp3" ended: Ffmpeg_decoder.End_of_file.
2026/07/24 00:01:39 [next_song:3] Prepared "/var/azuracast/stations/evangile_du_royaume/media/jingles_de_transition_1.mp3" (RID 15).
2026/07/24 00:03:15 [decoder:2] Decoding "/var/azuracast/stations/evangile_du_royaume/media/jingles_de_transition_1.mp3" ended: Ffmpeg_decoder.End_of_file.
2026/07/24 00:03:15 [next_song:3] Prepared "/var/azuracast/stations/evangile_du_royaume/media/amc_tian_combat_spirituel_1.mp3" (RID 16).
2026/07/24 00:12:57 [decoder:2] Decoding "/var/azuracast/stations/evangile_du_royaume/media/amc_tian_combat_spirituel_1.mp3" ended: Ffmpeg_decoder.End_of_file.
2026/07/24 00:12:57 [next_song:3] Prepared "/var/azuracast/stations/evangile_du_royaume/media/Jingle/jingle_avant_bible_08_prenons_un_moment_pour_ecouter_la_parole.mp3" (RID 17).
2026/07/24 00:13:04 [decoder:2] Decoding "/var/azuracast/stations/evangile_du_royaume/media/Jingle/jingle_avant_bible_08_prenons_un_moment_pour_ecouter_la_parole.mp3" ended: Ffmpeg_decoder.End_of_file.
2026/07/24 00:13:04 [next_song:3] Prepared "/var/azuracast/stations/evangile_du_royaume/media/La bible/nombres_001.mp3" (RID 18).
2026/07/24 00:20:03 [decoder:2] Decoding "/var/azuracast/stations/evangile_du_royaume/media/La bible/nombres_001.mp3" ended: Ffmpeg_decoder.End_of_file.
2026/07/24 00:20:04 [next_song:3] Prepared "/var/azuracast/stations/evangile_du_royaume/media/La bible/nombres_002.mp3" (RID 19).
2026/07/24 00:24:28 [decoder:2] Decoding "/var/azuracast/stations/evangile_du_royaume/media/La bible/nombres_002.mp3" ended: Ffmpeg_decoder.End_of_file.
2026/07/24 00:24:29 [next_song:3] Prepared "/var/azuracast/stations/evangile_du_royaume/media/La bible/nombres_003.mp3" (RID 20).
2026/07/24 00:31:30 [decoder:2] Decoding "/var/azuracast/stations/evangile_du_royaume/media/La bible/nombres_003.mp3" ended: Ffmpeg_decoder.End_of_file.
2026/07/24 00:31:31 [next_song:3] Prepared "/var/azuracast/stations/evangile_du_royaume/media/La bible/nombres_004.mp3" (RID 21).
2026/07/24 00:39:03 [decoder:2] Decoding "/var/azuracast/stations/evangile_du_royaume/media/La bible/nombres_004.mp3" ended: Ffmpeg_decoder.End_of_file.
2026/07/24 00:39:04 [next_song:3] Prepared "/var/azuracast/stations/evangile_du_royaume/media/La bible/nombres_005.mp3" (RID 22).
2026/07/24 00:43:57 [decoder:2] Decoding "/var/azuracast/stations/evangile_du_royaume/media/La bible/nombres_005.mp3" ended: Ffmpeg_decoder.End_of_file.
2026/07/24 00:43:57 [next_song:3] Prepared "/var/azuracast/stations/evangile_du_royaume/media/La bible/nombres_006.mp3" (RID 23).
2026/07/24 00:48:09 [decoder:2] Decoding "/var/azuracast/stations/evangile_du_royaume/media/La bible/nombres_006.mp3" ended: Ffmpeg_decoder.End_of_file.
2026/07/24 00:48:09 [next_song:3] Prepared "/var/azuracast/stations/evangile_du_royaume/media/La bible/nombres_007.mp3" (RID 24).
2026/07/24 00:59:27 [decoder:2] Decoding "/var/azuracast/stations/evangile_du_royaume/media/La bible/nombres_007.mp3" ended: Ffmpeg_decoder.End_of_file.
2026/07/24 00:59:27 [next_song:3] Prepared "/var/azuracast/stations/evangile_du_royaume/media/La bible/nombres_008.mp3" (RID 25).
2026/07/24 01:03:24 [decoder:2] Decoding "/var/azuracast/stations/evangile_du_royaume/media/La bible/nombres_008.mp3" ended: Ffmpeg_decoder.End_of_file.
2026/07/24 01:03:24 [next_song:3] Prepared "/var/azuracast/stations/evangile_du_royaume/media/La bible/nombres_009.mp3" (RID 26).
2026/07/24 01:07:01 [decoder:2] Decoding "/var/azuracast/stations/evangile_du_royaume/media/La bible/nombres_009.mp3" ended: Ffmpeg_decoder.End_of_file.
2026/07/24 01:07:01 [next_song:3] Prepared "/var/azuracast/stations/evangile_du_royaume/media/La bible/nombres_010.mp3" (RID 27).
2026/07/24 01:11:49 [decoder:2] Decoding "/var/azuracast/stations/evangile_du_royaume/media/La bible/nombres_010.mp3" ended: Ffmpeg_decoder.End_of_file.
2026/07/24 01:11:49 [next_song:3] Prepared "/var/azuracast/stations/evangile_du_royaume/media/Jingle/jingle_avant_louange_07_voici_un_temps_de_louange.mp3" (RID 28).
2026/07/24 01:11:59 [decoder:2] Decoding "/var/azuracast/stations/evangile_du_royaume/media/Jingle/jingle_avant_louange_07_voici_un_temps_de_louange.mp3" ended: Ffmpeg_decoder.End_of_file.
2026/07/24 01:12:00 [next_song:3] Prepared "/var/azuracast/stations/evangile_du_royaume/media/Worship/45 - Now is Come Salvation - Toronto HF.mp3" (RID 29).
2026/07/24 01:17:15 [decoder:2] Decoding "/var/azuracast/stations/evangile_du_royaume/media/Worship/45 - Now is Come Salvation - Toronto HF.mp3" ended: Ffmpeg_decoder.End_of_file.
2026/07/24 01:17:15 [next_song:3] Prepared "/var/azuracast/stations/evangile_du_royaume/media/Cantiques du royaume/Cantique Jean 1- la Parole.mp3" (RID 30).
2026/07/24 01:20:22 [decoder:2] Decoding "/var/azuracast/stations/evangile_du_royaume/media/Cantiques du royaume/Cantique Jean 1- la Parole.mp3" ended: Ffmpeg_decoder.End_of_file.
2026/07/24 01:20:22 [next_song:3] Prepared "/var/azuracast/stations/evangile_du_royaume/media/Worship/81 - As We Worship In Ypur Presence.mp3" (RID 31).
2026/07/24 01:27:15 [decoder:2] Decoding "/var/azuracast/stations/evangile_du_royaume/media/Worship/81 - As We Worship In Ypur Presence.mp3" ended: Ffmpeg_decoder.End_of_file.
2026/07/24 01:27:16 [next_song:3] Prepared "/var/azuracast/stations/evangile_du_royaume/media/Worship/43 - The Mountains, Come and, Oh City - Ketu HF.mp3" (RID 32).
2026/07/24 01:35:38 [decoder:2] Decoding "/var/azuracast/stations/evangile_du_royaume/media/Worship/43 - The Mountains, Come and, Oh City - Ketu HF.mp3" ended: Ffmpeg_decoder.End_of_file.
2026/07/24 01:35:38 [next_song:3] Prepared "/var/azuracast/stations/evangile_du_royaume/media/Worship/44 - Great is, Ascribe - Ketu HF.mp3" (RID 33).
2026/07/24 01:46:36 [decoder:2] Decoding "/var/azuracast/stations/evangile_du_royaume/media/Worship/44 - Great is, Ascribe - Ketu HF.mp3" ended: Ffmpeg_decoder.End_of_file.
2026/07/24 01:46:36 [next_song:3] Prepared "/var/azuracast/stations/evangile_du_royaume/media/Cantiques du royaume/8-_mohamed_sanogo_hymne_des_vainqueurs.mp3" (RID 34).
2026/07/24 01:52:43 [decoder:2] Decoding "/var/azuracast/stations/evangile_du_royaume/media/Cantiques du royaume/8-_mohamed_sanogo_hymne_des_vainqueurs.mp3" ended: Ffmpeg_decoder.End_of_file.
2026/07/24 01:52:43 [next_song:3] Prepared "/var/azuracast/stations/evangile_du_royaume/media/Worship/60 - Be Exalted - PHF.mp3" (RID 35).
2026/07/24 02:03:19 [decoder:2] Decoding "/var/azuracast/stations/evangile_du_royaume/media/Worship/60 - Be Exalted - PHF.mp3" ended: Ffmpeg_decoder.End_of_file.
2026/07/24 02:03:19 [next_song:3] Prepared "/var/azuracast/stations/evangile_du_royaume/media/Worship/06 - Psalm 93 - Port Harcourt HF.mp3" (RID 36).
2026/07/24 02:12:55 [decoder:2] Decoding "/var/azuracast/stations/evangile_du_royaume/media/Worship/06 - Psalm 93 - Port Harcourt HF.mp3" ended: Ffmpeg_decoder.End_of_file.
2026/07/24 02:12:56 [next_song:3] Prepared "/var/azuracast/stations/evangile_du_royaume/media/Jingle/jingle_avant_bible_06_ouvrons_les_saintes_ecritures.mp3" (RID 37).
2026/07/24 02:13:03 [decoder:2] Decoding "/var/azuracast/stations/evangile_du_royaume/media/Jingle/jingle_avant_bible_06_ouvrons_les_saintes_ecritures.mp3" ended: Ffmpeg_decoder.End_of_file.
2026/07/24 02:13:03 [next_song:3] Prepared "/var/azuracast/stations/evangile_du_royaume/media/La bible/jacques_001.mp3" (RID 38).
2026/07/24 02:16:57 [decoder:2] Decoding "/var/azuracast/stations/evangile_du_royaume/media/La bible/jacques_001.mp3" ended: Ffmpeg_decoder.End_of_file.
2026/07/24 02:16:58 [next_song:3] Prepared "/var/azuracast/stations/evangile_du_royaume/media/La bible/jacques_002.mp3" (RID 39).
2026/07/24 02:20:46 [decoder:2] Decoding "/var/azuracast/stations/evangile_du_royaume/media/La bible/jacques_002.mp3" ended: Ffmpeg_decoder.End_of_file.
2026/07/24 02:20:46 [next_song:3] Prepared "/var/azuracast/stations/evangile_du_royaume/media/La bible/jacques_003.mp3" (RID 40).
2026/07/24 02:23:39 [decoder:2] Decoding "/var/azuracast/stations/evangile_du_royaume/media/La bible/jacques_003.mp3" ended: Ffmpeg_decoder.End_of_file.
2026/07/24 02:23:39 [next_song:3] Prepared "/var/azuracast/stations/evangile_du_royaume/media/La bible/jacques_004.mp3" (RID 41).
2026/07/24 02:26:23 [decoder:2] Decoding "/var/azuracast/stations/evangile_du_royaume/media/La bible/jacques_004.mp3" ended: Ffmpeg_decoder.End_of_file.
2026/07/24 02:26:23 [next_song:3] Prepared "/var/azuracast/stations/evangile_du_royaume/media/La bible/jacques_005.mp3" (RID 42).
2026/07/24 02:29:48 [decoder:2] Decoding "/var/azuracast/stations/evangile_du_royaume/media/La bible/jacques_005.mp3" ended: Ffmpeg_decoder.End_of_file.
2026/07/24 02:29:49 [next_song:3] Prepared "/var/azuracast/stations/evangile_du_royaume/media/La bible/1_thessaloniciens_001.mp3" (RID 43).
2026/07/24 02:31:35 [decoder:2] Decoding "/var/azuracast/stations/evangile_du_royaume/media/La bible/1_thessaloniciens_001.mp3" ended: Ffmpeg_decoder.End_of_file.
2026/07/24 02:31:35 [next_song:3] Prepared "/var/azuracast/stations/evangile_du_royaume/media/La bible/1_thessaloniciens_002.mp3" (RID 44).
2026/07/24 02:35:01 [decoder:2] Decoding "/var/azuracast/stations/evangile_du_royaume/media/La bible/1_thessaloniciens_002.mp3" ended: Ffmpeg_decoder.End_of_file.
2026/07/24 02:35:02 [next_song:3] Prepared "/var/azuracast/stations/evangile_du_royaume/media/La bible/1_thessaloniciens_003.mp3" (RID 45).
2026/07/24 02:37:11 [decoder:2] Decoding "/var/azuracast/stations/evangile_du_royaume/media/La bible/1_thessaloniciens_003.mp3" ended: Ffmpeg_decoder.End_of_file.
2026/07/24 02:37:12 [next_song:3] Prepared "/var/azuracast/stations/evangile_du_royaume/media/La bible/1_thessaloniciens_004.mp3" (RID 46).
2026/07/24 02:40:12 [decoder:2] Decoding "/var/azuracast/stations/evangile_du_royaume/media/La bible/1_thessaloniciens_004.mp3" ended: Ffmpeg_decoder.End_of_file.
2026/07/24 02:40:12 [next_song:3] Prepared "/var/azuracast/stations/evangile_du_royaume/media/La bible/1_thessaloniciens_005.mp3" (RID 47).
2026/07/24 02:43:14 [decoder:2] Decoding "/var/azuracast/stations/evangile_du_royaume/media/La bible/1_thessaloniciens_005.mp3" ended: Ffmpeg_decoder.End_of_file.
2026/07/24 02:43:14 [next_song:3] Prepared "/var/azuracast/stations/evangile_du_royaume/media/Jingle/jingle_avant_louange_05_elevons_nos_coeurs_vers_dieu.mp3" (RID 48).
2026/07/24 02:43:22 [decoder:2] Decoding "/var/azuracast/stations/evangile_du_royaume/media/Jingle/jingle_avant_louange_05_elevons_nos_coeurs_vers_dieu.mp3" ended: Ffmpeg_decoder.End_of_file.
2026/07/24 02:43:22 [next_song:3] Prepared "/var/azuracast/stations/evangile_du_royaume/media/Worship/72 - There is no name  - Winnipeg Fellowship.mp3" (RID 49).
2026/07/24 02:51:10 [decoder:2] Decoding "/var/azuracast/stations/evangile_du_royaume/media/Worship/72 - There is no name  - Winnipeg Fellowship.mp3" ended: Ffmpeg_decoder.End_of_file.
2026/07/24 02:51:11 [next_song:3] Prepared "/var/azuracast/stations/evangile_du_royaume/media/Worship/84 - Song Of Victory - Emmanuel Igunbor.mp3" (RID 50).
2026/07/24 02:55:13 [decoder:2] Decoding "/var/azuracast/stations/evangile_du_royaume/media/Worship/84 - Song Of Victory - Emmanuel Igunbor.mp3" ended: Ffmpeg_decoder.End_of_file.
2026/07/24 02:55:14 [next_song:3] Prepared "/var/azuracast/stations/evangile_du_royaume/media/SWBN Lead Concert Live Worship/04 - The King is Here (Abasiama Timothy).mp3" (RID 51).
2026/07/24 03:01:22 [decoder:2] Decoding "/var/azuracast/stations/evangile_du_royaume/media/SWBN Lead Concert Live Worship/04 - The King is Here (Abasiama Timothy).mp3" ended: Ffmpeg_decoder.End_of_file.
2026/07/24 03:01:23 [next_song:3] Prepared "/var/azuracast/stations/evangile_du_royaume/media/Cantiques du royaume/Cantique Jahweh, Tu es élevé au dessus de tout (1).mp3" (RID 52).
2026/07/24 03:06:12 [decoder:2] Decoding "/var/azuracast/stations/evangile_du_royaume/media/Cantiques du royaume/Cantique Jahweh, Tu es élevé au dessus de tout (1).mp3" ended: Ffmpeg_decoder.End_of_file.
2026/07/24 03:06:13 [next_song:3] Prepared "/var/azuracast/stations/evangile_du_royaume/media/Cantiques du royaume/Cantique sa miséricorde.mp3" (RID 53).
2026/07/24 03:09:34 [decoder:2] Decoding "/var/azuracast/stations/evangile_du_royaume/media/Cantiques du royaume/Cantique sa miséricorde.mp3" ended: Ffmpeg_decoder.End_of_file.
2026/07/24 03:09:34 [next_song:3] Prepared "/var/azuracast/stations/evangile_du_royaume/media/Worship/15 - Satisfy My Soul - Calabar HF.mp3" (RID 54).
2026/07/24 03:15:33 [decoder:2] Decoding "/var/azuracast/stations/evangile_du_royaume/media/Worship/15 - Satisfy My Soul - Calabar HF.mp3" ended: Ffmpeg_decoder.End_of_file.
2026/07/24 03:15:34 [next_song:3] Prepared "/var/azuracast/stations/evangile_du_royaume/media/Worship/32 - There is A Mighty River Flowing - Ketu HF.mp3" (RID 55).
2026/07/24 03:22:40 [decoder:2] Decoding "/var/azuracast/stations/evangile_du_royaume/media/Worship/32 - There is A Mighty River Flowing - Ketu HF.mp3" ended: Ffmpeg_decoder.End_of_file.
2026/07/24 03:22:40 [next_song:3] Prepared "/var/azuracast/stations/evangile_du_royaume/media/SWBN Lead Concert Live Worship/05 - Jesus I'm Waiting for You (Mary Umoh).mp3" (RID 56).
2026/07/24 03:28:27 [decoder:2] Decoding "/var/azuracast/stations/evangile_du_royaume/media/SWBN Lead Concert Live Worship/05 - Jesus I'm Waiting for You (Mary Umoh).mp3" ended: Ffmpeg_decoder.End_of_file.
2026/07/24 03:28:28 [next_song:3] Prepared "/var/azuracast/stations/evangile_du_royaume/media/SWBN Lead Concert Live Worship/01 - Holy is the Lord (Emmanuel Umoh).mp3" (RID 57).
2026/07/24 03:35:42 [decoder:2] Decoding "/var/azuracast/stations/evangile_du_royaume/media/SWBN Lead Concert Live Worship/01 - Holy is the Lord (Emmanuel Umoh).mp3" ended: Ffmpeg_decoder.End_of_file.
2026/07/24 03:35:43 [next_song:3] Prepared "/var/azuracast/stations/evangile_du_royaume/media/Worship/35 - God is Moving Us On - Ketu HF.mp3" (RID 58).
2026/07/24 03:40:32 [decoder:2] Decoding "/var/azuracast/stations/evangile_du_royaume/media/Worship/35 - God is Moving Us On - Ketu HF.mp3" ended: Ffmpeg_decoder.End_of_file.
2026/07/24 03:40:33 [next_song:3] Prepared "/var/azuracast/stations/evangile_du_royaume/media/Worship/70 - Sing Unto the Lord a new Song  - Winnipeg Fellowship.mp3" (RID 59).
