2026/10/07 00:00:12 [clock.main:2] We must catchup 0.14 seconds!
2026/10/07 00:01:40 [lang:2] Could not perform http request: CurlException(Aborted_by_callback, 42, CURLE_ABORTED_BY_CALLBACK).
2026/10/07 00:01:40 [lang.deprecated:2] WARNING: "error.kind" is deprecated and will be removed in future version.
2026/10/07 00:01:40 [lang.deprecated:2] WARNING: "error.message" is deprecated and will be removed in future version.
2026/10/07 00:01:40 [lang:3] API djoff - Error: http - CurlException(Aborted_by_callback, 42, CURLE_ABORTED_BY_CALLBACK)
2026/10/07 00:01:40 [threads:2] Queue generic queue #1 crashed with exception Sys_error("Condition.wait: Operation not permitted")
2026/10/07 00:01:40 [threads:2] Raised by primitive operation at Duppy.queue.run in file "src/duppy.ml", line 341, characters 6-32
2026/10/07 00:01:40 [threads:2] Called from Duppy.queue in file "src/duppy.ml", line 357, characters 8-12
2026/10/07 00:01:40 [threads:2] Re-raised at Duppy.queue in file "src/duppy.ml", line 361, characters 8-17
2026/10/07 00:01:40 [threads:2] Called from Tutils.create.(fun).process in file "tools/tutils.ml", line 164, characters 12-15
2026/10/07 00:01:40 [threads:2] 
2026/10/07 00:01:40 [threads:1] PANIC: Liquidsoap has crashed, exiting.,
2026/10/07 00:01:40 [threads:1] Please report at: savonet-users@lists.sf.net
2026/10/07 00:01:46 [lang.deprecated:2] WARNING: "map_metadata" is deprecated and will be removed in future version. Please use "metadata.map" instead.
2026/10/07 00:01:46 [lang.deprecated:2] WARNING: "map_metadata" is deprecated and will be removed in future version. Please use "metadata.map" instead.
2026/10/07 00:01:46 [error_jingle:3] "/usr/local/share/icecast/web/error.mp3" is static, resolving once for all...
2026/10/07 00:01:46 [error_jingle:3] Prepared "/usr/local/share/icecast/web/error.mp3" (RID 7).
2026/10/07 00:01:46 [safe_fallback:3] Switch to error_jingle.
2026/10/07 00:01:46 [next_song:3] Prepared "/var/azuracast/stations/evangile_du_royaume/media/La bible/psaumes_054.mp3" (RID 10).
2026/10/07 00:01:46 [safe_fallback:3] Switch to amplify_0 with transition.
2026/10/07 00:01:46 [live_fallback:3] Switch to cross_0.
2026/10/07 00:01:46 [interrupting_fallback:3] Switch to requests_fallback.
2026/10/07 00:01:46 [requests_fallback:3] Switch to autodj_fallback.
2026/10/07 00:01:46 [autodj_fallback:3] Switch to dynamic_startup.
2026/10/07 00:01:46 [dynamic_startup:3] Switch to cue_next_song.
2026/10/07 00:02:24 [decoder:2] Decoding "/var/azuracast/stations/evangile_du_royaume/media/La bible/psaumes_054.mp3" ended: Ffmpeg_decoder.End_of_file.
2026/10/07 00:02:25 [next_song:3] Prepared "/var/azuracast/stations/evangile_du_royaume/media/Jingle/jingle_avant_message_01_voici_le_message_du_jour.mp3" (RID 16).
2026/10/07 00:02:35 [decoder:2] Decoding "/var/azuracast/stations/evangile_du_royaume/media/Jingle/jingle_avant_message_01_voici_le_message_du_jour.mp3" ended: Ffmpeg_decoder.End_of_file.
2026/10/07 00:02:36 [next_song:3] Prepared "/var/azuracast/stations/evangile_du_royaume/media/la_moisson_5_adé.mp3" (RID 17).
2026/10/07 00:23:15 [clock.main:2] We must catchup 0.46 seconds!
2026/10/07 00:27:22 [decoder:2] Decoding "/var/azuracast/stations/evangile_du_royaume/media/la_moisson_5_adé.mp3" ended: Ffmpeg_decoder.End_of_file.
2026/10/07 00:27:22 [next_song:3] Prepared "/var/azuracast/stations/evangile_du_royaume/media/Jingle/jingle_avant_bible_06_ouvrons_les_saintes_ecritures.mp3" (RID 18).
2026/10/07 00:27:33 [decoder:2] Decoding "/var/azuracast/stations/evangile_du_royaume/media/Jingle/jingle_avant_bible_06_ouvrons_les_saintes_ecritures.mp3" ended: Ffmpeg_decoder.End_of_file.
2026/10/07 00:27:33 [next_song:3] Prepared "/var/azuracast/stations/evangile_du_royaume/media/La bible/2_pierre_001.mp3" (RID 19).
2026/10/07 00:31:12 [decoder:2] Decoding "/var/azuracast/stations/evangile_du_royaume/media/La bible/2_pierre_001.mp3" ended: Ffmpeg_decoder.End_of_file.
2026/10/07 00:31:12 [next_song:3] Prepared "/var/azuracast/stations/evangile_du_royaume/media/La bible/2_pierre_002.mp3" (RID 20).
2026/10/07 00:35:13 [decoder:2] Decoding "/var/azuracast/stations/evangile_du_royaume/media/La bible/2_pierre_002.mp3" ended: Ffmpeg_decoder.End_of_file.
2026/10/07 00:35:14 [next_song:3] Prepared "/var/azuracast/stations/evangile_du_royaume/media/La bible/2_pierre_003.mp3" (RID 21).
2026/10/07 00:38:28 [decoder:2] Decoding "/var/azuracast/stations/evangile_du_royaume/media/La bible/2_pierre_003.mp3" ended: Ffmpeg_decoder.End_of_file.
2026/10/07 00:38:28 [next_song:3] Prepared "/var/azuracast/stations/evangile_du_royaume/media/La bible/zacharie_001.mp3" (RID 22).
2026/10/07 00:41:59 [decoder:2] Decoding "/var/azuracast/stations/evangile_du_royaume/media/La bible/zacharie_001.mp3" ended: Ffmpeg_decoder.End_of_file.
2026/10/07 00:42:00 [next_song:3] Prepared "/var/azuracast/stations/evangile_du_royaume/media/La bible/zacharie_002.mp3" (RID 23).
2026/10/07 00:43:48 [decoder:2] Decoding "/var/azuracast/stations/evangile_du_royaume/media/La bible/zacharie_002.mp3" ended: Ffmpeg_decoder.End_of_file.
2026/10/07 00:43:48 [next_song:3] Prepared "/var/azuracast/stations/evangile_du_royaume/media/La bible/zacharie_003.mp3" (RID 24).
2026/10/07 00:45:31 [decoder:2] Decoding "/var/azuracast/stations/evangile_du_royaume/media/La bible/zacharie_003.mp3" ended: Ffmpeg_decoder.End_of_file.
2026/10/07 00:45:32 [next_song:3] Prepared "/var/azuracast/stations/evangile_du_royaume/media/La bible/zacharie_004.mp3" (RID 25).
2026/10/07 00:47:35 [decoder:2] Decoding "/var/azuracast/stations/evangile_du_royaume/media/La bible/zacharie_004.mp3" ended: Ffmpeg_decoder.End_of_file.
2026/10/07 00:47:35 [next_song:3] Prepared "/var/azuracast/stations/evangile_du_royaume/media/La bible/zacharie_005.mp3" (RID 26).
2026/10/07 00:49:11 [decoder:2] Decoding "/var/azuracast/stations/evangile_du_royaume/media/La bible/zacharie_005.mp3" ended: Ffmpeg_decoder.End_of_file.
2026/10/07 00:49:11 [next_song:3] Prepared "/var/azuracast/stations/evangile_du_royaume/media/La bible/zacharie_006.mp3" (RID 27).
2026/10/07 00:51:30 [decoder:2] Decoding "/var/azuracast/stations/evangile_du_royaume/media/La bible/zacharie_006.mp3" ended: Ffmpeg_decoder.End_of_file.
2026/10/07 00:51:30 [next_song:3] Prepared "/var/azuracast/stations/evangile_du_royaume/media/La bible/zacharie_007.mp3" (RID 28).
2026/10/07 00:53:34 [decoder:2] Decoding "/var/azuracast/stations/evangile_du_royaume/media/La bible/zacharie_007.mp3" ended: Ffmpeg_decoder.End_of_file.
2026/10/07 00:53:35 [next_song:3] Prepared "/var/azuracast/stations/evangile_du_royaume/media/La bible/zacharie_008.mp3" (RID 29).
2026/10/07 00:57:23 [decoder:2] Decoding "/var/azuracast/stations/evangile_du_royaume/media/La bible/zacharie_008.mp3" ended: Ffmpeg_decoder.End_of_file.
2026/10/07 00:57:24 [next_song:3] Prepared "/var/azuracast/stations/evangile_du_royaume/media/La bible/zacharie_009.mp3" (RID 30).
2026/10/07 01:00:32 [decoder:2] Decoding "/var/azuracast/stations/evangile_du_royaume/media/La bible/zacharie_009.mp3" ended: Ffmpeg_decoder.End_of_file.
2026/10/07 01:00:33 [next_song:3] Prepared "/var/azuracast/stations/evangile_du_royaume/media/La bible/zacharie_010.mp3" (RID 31).
2026/10/07 01:02:43 [decoder:2] Decoding "/var/azuracast/stations/evangile_du_royaume/media/La bible/zacharie_010.mp3" ended: Ffmpeg_decoder.End_of_file.
2026/10/07 01:02:43 [next_song:3] Prepared "/var/azuracast/stations/evangile_du_royaume/media/La bible/zacharie_011.mp3" (RID 32).
2026/10/07 01:05:34 [decoder:2] Decoding "/var/azuracast/stations/evangile_du_royaume/media/La bible/zacharie_011.mp3" ended: Ffmpeg_decoder.End_of_file.
2026/10/07 01:05:34 [next_song:3] Prepared "/var/azuracast/stations/evangile_du_royaume/media/La bible/zacharie_012.mp3" (RID 33).
2026/10/07 01:08:09 [decoder:2] Decoding "/var/azuracast/stations/evangile_du_royaume/media/La bible/zacharie_012.mp3" ended: Ffmpeg_decoder.End_of_file.
2026/10/07 01:08:09 [next_song:3] Prepared "/var/azuracast/stations/evangile_du_royaume/media/La bible/zacharie_013.mp3" (RID 34).
2026/10/07 01:09:50 [decoder:2] Decoding "/var/azuracast/stations/evangile_du_royaume/media/La bible/zacharie_013.mp3" ended: Ffmpeg_decoder.End_of_file.
2026/10/07 01:09:50 [next_song:3] Prepared "/var/azuracast/stations/evangile_du_royaume/media/La bible/zacharie_014.mp3" (RID 35).
2026/10/07 01:13:53 [decoder:2] Decoding "/var/azuracast/stations/evangile_du_royaume/media/La bible/zacharie_014.mp3" ended: Ffmpeg_decoder.End_of_file.
2026/10/07 01:13:53 [next_song:3] Prepared "/var/azuracast/stations/evangile_du_royaume/media/La bible/habacuc_001.mp3" (RID 36).
2026/10/07 01:16:30 [decoder:2] Decoding "/var/azuracast/stations/evangile_du_royaume/media/La bible/habacuc_001.mp3" ended: Ffmpeg_decoder.End_of_file.
2026/10/07 01:16:30 [next_song:3] Prepared "/var/azuracast/stations/evangile_du_royaume/media/La bible/habacuc_002.mp3" (RID 37).
2026/10/07 01:19:51 [decoder:2] Decoding "/var/azuracast/stations/evangile_du_royaume/media/La bible/habacuc_002.mp3" ended: Ffmpeg_decoder.End_of_file.
2026/10/07 01:19:52 [next_song:3] Prepared "/var/azuracast/stations/evangile_du_royaume/media/La bible/habacuc_003.mp3" (RID 38).
2026/10/07 01:23:00 [decoder:2] Decoding "/var/azuracast/stations/evangile_du_royaume/media/La bible/habacuc_003.mp3" ended: Ffmpeg_decoder.End_of_file.
2026/10/07 01:23:00 [next_song:3] Prepared "/var/azuracast/stations/evangile_du_royaume/media/Jingle/jingle_avant_louange_05_elevons_nos_coeurs_vers_dieu.mp3" (RID 39).
2026/10/07 01:23:11 [decoder:2] Decoding "/var/azuracast/stations/evangile_du_royaume/media/Jingle/jingle_avant_louange_05_elevons_nos_coeurs_vers_dieu.mp3" ended: Ffmpeg_decoder.End_of_file.
2026/10/07 01:23:12 [next_song:3] Prepared "/var/azuracast/stations/evangile_du_royaume/media/SWBN Lead Concert Live Worship/02 - Unto Him (Vincent Opara).mp3" (RID 40).
2026/10/07 01:31:49 [decoder:2] Decoding "/var/azuracast/stations/evangile_du_royaume/media/SWBN Lead Concert Live Worship/02 - Unto Him (Vincent Opara).mp3" ended: Ffmpeg_decoder.End_of_file.
2026/10/07 01:31:50 [next_song:3] Prepared "/var/azuracast/stations/evangile_du_royaume/media/Worship/82 - A Song Of Love.mp3" (RID 41).
2026/10/07 01:36:49 [decoder:2] Decoding "/var/azuracast/stations/evangile_du_royaume/media/Worship/82 - A Song Of Love.mp3" ended: Ffmpeg_decoder.End_of_file.
2026/10/07 01:36:50 [next_song:3] Prepared "/var/azuracast/stations/evangile_du_royaume/media/Worship/76 - You Have sworn By Your Holiness - Chidera Bisong.mp3" (RID 42).
2026/10/07 01:44:06 [decoder:2] Decoding "/var/azuracast/stations/evangile_du_royaume/media/Worship/76 - You Have sworn By Your Holiness - Chidera Bisong.mp3" ended: Ffmpeg_decoder.End_of_file.
2026/10/07 01:44:06 [next_song:3] Prepared "/var/azuracast/stations/evangile_du_royaume/media/Cantiques du royaume/Cantique-A jamais, tu seras l_Agneau de Dieu.mp3" (RID 43).
2026/10/07 01:53:18 [decoder:2] Decoding "/var/azuracast/stations/evangile_du_royaume/media/Cantiques du royaume/Cantique-A jamais, tu seras l_Agneau de Dieu.mp3" ended: Ffmpeg_decoder.End_of_file.
2026/10/07 01:53:18 [next_song:3] Prepared "/var/azuracast/stations/evangile_du_royaume/media/SWBN Lead Concert Live Worship/06 - Yahweh is Mighty (Imah Adegoke).mp3" (RID 44).
2026/10/07 02:01:13 [decoder:2] Decoding "/var/azuracast/stations/evangile_du_royaume/media/SWBN Lead Concert Live Worship/06 - Yahweh is Mighty (Imah Adegoke).mp3" ended: Ffmpeg_decoder.End_of_file.
2026/10/07 02:01:13 [next_song:3] Prepared "/var/azuracast/stations/evangile_du_royaume/media/Cantiques du royaume/8-_mohamed_sanogo_hymne_des_vainqueurs.mp3" (RID 45).
2026/10/07 02:07:20 [decoder:2] Decoding "/var/azuracast/stations/evangile_du_royaume/media/Cantiques du royaume/8-_mohamed_sanogo_hymne_des_vainqueurs.mp3" ended: Ffmpeg_decoder.End_of_file.
2026/10/07 02:07:20 [next_song:3] Prepared "/var/azuracast/stations/evangile_du_royaume/media/Worship/23 - Guide Me - El ELyon - Abuja HF.mp3" (RID 46).
2026/10/07 02:12:21 [decoder:2] Decoding "/var/azuracast/stations/evangile_du_royaume/media/Worship/23 - Guide Me - El ELyon - Abuja HF.mp3" ended: Ffmpeg_decoder.End_of_file.
2026/10/07 02:12:22 [next_song:3] Prepared "/var/azuracast/stations/evangile_du_royaume/media/Worship/70 - Sing Unto the Lord a new Song  - Winnipeg Fellowship.mp3" (RID 47).
2026/10/07 02:18:23 [decoder:2] Decoding "/var/azuracast/stations/evangile_du_royaume/media/Worship/70 - Sing Unto the Lord a new Song  - Winnipeg Fellowship.mp3" ended: Ffmpeg_decoder.End_of_file.
2026/10/07 02:18:24 [next_song:3] Prepared "/var/azuracast/stations/evangile_du_royaume/media/Worship/53 - In Jesus - PHF.mp3" (RID 48).
2026/10/07 02:24:18 [decoder:2] Decoding "/var/azuracast/stations/evangile_du_royaume/media/Worship/53 - In Jesus - PHF.mp3" ended: Ffmpeg_decoder.End_of_file.
2026/10/07 02:24:19 [next_song:3] Prepared "/var/azuracast/stations/evangile_du_royaume/media/Jingle/jingle_avant_bible_08_prenons_un_moment_pour_ecouter_la_parole.mp3" (RID 49).
2026/10/07 02:24:28 [decoder:2] Decoding "/var/azuracast/stations/evangile_du_royaume/media/Jingle/jingle_avant_bible_08_prenons_un_moment_pour_ecouter_la_parole.mp3" ended: Ffmpeg_decoder.End_of_file.
2026/10/07 02:24:28 [next_song:3] Prepared "/var/azuracast/stations/evangile_du_royaume/media/La bible/lamentations_004.mp3" (RID 50).
2026/10/07 02:28:21 [decoder:2] Decoding "/var/azuracast/stations/evangile_du_royaume/media/La bible/lamentations_004.mp3" ended: Ffmpeg_decoder.End_of_file.
2026/10/07 02:28:22 [next_song:3] Prepared "/var/azuracast/stations/evangile_du_royaume/media/La bible/lamentations_005.mp3" (RID 51).
2026/10/07 02:30:39 [decoder:2] Decoding "/var/azuracast/stations/evangile_du_royaume/media/La bible/lamentations_005.mp3" ended: Ffmpeg_decoder.End_of_file.
2026/10/07 02:30:39 [next_song:3] Prepared "/var/azuracast/stations/evangile_du_royaume/media/La bible/2_chroniques_017.mp3" (RID 52).
2026/10/07 02:33:23 [decoder:2] Decoding "/var/azuracast/stations/evangile_du_royaume/media/La bible/2_chroniques_017.mp3" ended: Ffmpeg_decoder.End_of_file.
2026/10/07 02:33:23 [next_song:3] Prepared "/var/azuracast/stations/evangile_du_royaume/media/La bible/2_chroniques_018.mp3" (RID 53).
2026/10/07 02:39:26 [decoder:2] Decoding "/var/azuracast/stations/evangile_du_royaume/media/La bible/2_chroniques_018.mp3" ended: Ffmpeg_decoder.End_of_file.
2026/10/07 02:39:27 [next_song:3] Prepared "/var/azuracast/stations/evangile_du_royaume/media/La bible/2_chroniques_019.mp3" (RID 54).
2026/10/07 02:41:45 [decoder:2] Decoding "/var/azuracast/stations/evangile_du_royaume/media/La bible/2_chroniques_019.mp3" ended: Ffmpeg_decoder.End_of_file.
2026/10/07 02:41:45 [next_song:3] Prepared "/var/azuracast/stations/evangile_du_royaume/media/La bible/2_chroniques_020.mp3" (RID 55).
2026/10/07 02:48:46 [decoder:2] Decoding "/var/azuracast/stations/evangile_du_royaume/media/La bible/2_chroniques_020.mp3" ended: Ffmpeg_decoder.End_of_file.
2026/10/07 02:48:46 [next_song:3] Prepared "/var/azuracast/stations/evangile_du_royaume/media/La bible/2_chroniques_021.mp3" (RID 56).
2026/10/07 02:52:17 [decoder:2] Decoding "/var/azuracast/stations/evangile_du_royaume/media/La bible/2_chroniques_021.mp3" ended: Ffmpeg_decoder.End_of_file.
2026/10/07 02:52:18 [next_song:3] Prepared "/var/azuracast/stations/evangile_du_royaume/media/Jingle/jingle_avant_louange_06_que_la_louange_seleve.mp3" (RID 57).
2026/10/07 02:52:28 [decoder:2] Decoding "/var/azuracast/stations/evangile_du_royaume/media/Jingle/jingle_avant_louange_06_que_la_louange_seleve.mp3" ended: Ffmpeg_decoder.End_of_file.
2026/10/07 02:52:29 [next_song:3] Prepared "/var/azuracast/stations/evangile_du_royaume/media/Worship/78 - Crown Him Lord of Lords - Nonso Njoku.mp3" (RID 58).
2026/10/07 02:58:27 [decoder:2] Decoding "/var/azuracast/stations/evangile_du_royaume/media/Worship/78 - Crown Him Lord of Lords - Nonso Njoku.mp3" ended: Ffmpeg_decoder.End_of_file.
2026/10/07 02:58:28 [next_song:3] Prepared "/var/azuracast/stations/evangile_du_royaume/media/Worship/04 - Yahweh Is Mighty - SWBN TV.mp3" (RID 59).
2026/10/07 03:06:43 [decoder:2] Decoding "/var/azuracast/stations/evangile_du_royaume/media/Worship/04 - Yahweh Is Mighty - SWBN TV.mp3" ended: Ffmpeg_decoder.End_of_file.
2026/10/07 03:06:44 [next_song:3] Prepared "/var/azuracast/stations/evangile_du_royaume/media/Cantiques du royaume/jean-christ_-_10_minutes.mp3" (RID 60).
2026/10/07 03:16:04 [decoder:2] Decoding "/var/azuracast/stations/evangile_du_royaume/media/Cantiques du royaume/jean-christ_-_10_minutes.mp3" ended: Ffmpeg_decoder.End_of_file.
2026/10/07 03:16:04 [next_song:3] Prepared "/var/azuracast/stations/evangile_du_royaume/media/Cantiques du royaume/4-_resurrection_ses_cheveux_étaient_blancs.mp3" (RID 61).
2026/10/07 03:19:23 [decoder:2] Decoding "/var/azuracast/stations/evangile_du_royaume/media/Cantiques du royaume/4-_resurrection_ses_cheveux_étaient_blancs.mp3" ended: Ffmpeg_decoder.End_of_file.
2026/10/07 03:19:24 [next_song:3] Prepared "/var/azuracast/stations/evangile_du_royaume/media/Worship/52 - Thou art Worthy Lord - PHF.mp3" (RID 62).
2026/10/07 03:28:44 [decoder:2] Decoding "/var/azuracast/stations/evangile_du_royaume/media/Worship/52 - Thou art Worthy Lord - PHF.mp3" ended: Ffmpeg_decoder.End_of_file.
2026/10/07 03:28:45 [next_song:3] Prepared "/var/azuracast/stations/evangile_du_royaume/media/Worship/34 - Great and Marvellous - Ketu HF.mp3" (RID 63).
2026/10/07 03:36:51 [decoder:2] Decoding "/var/azuracast/stations/evangile_du_royaume/media/Worship/34 - Great and Marvellous - Ketu HF.mp3" ended: Ffmpeg_decoder.End_of_file.
2026/10/07 03:36:52 [next_song:3] Prepared "/var/azuracast/stations/evangile_du_royaume/media/Worship/02 - There's A Mighty River Flowing - SWBN TV.mp3" (RID 64).
2026/10/07 03:41:09 [decoder:2] Decoding "/var/azuracast/stations/evangile_du_royaume/media/Worship/02 - There's A Mighty River Flowing - SWBN TV.mp3" ended: Ffmpeg_decoder.End_of_file.
2026/10/07 03:41:10 [next_song:3] Prepared "/var/azuracast/stations/evangile_du_royaume/media/Worship/06 - Psalm 93 - Port Harcourt HF.mp3" (RID 65).
2026/10/07 03:50:46 [decoder:2] Decoding "/var/azuracast/stations/evangile_du_royaume/media/Worship/06 - Psalm 93 - Port Harcourt HF.mp3" ended: Ffmpeg_decoder.End_of_file.
2026/10/07 03:50:46 [next_song:3] Prepared "/var/azuracast/stations/evangile_du_royaume/media/Jingle/jingle_avant_bible_07_place_a_la_lecture_de_la_bible.mp3" (RID 66).
2026/10/07 03:50:59 [decoder:2] Decoding "/var/azuracast/stations/evangile_du_royaume/media/Jingle/jingle_avant_bible_07_place_a_la_lecture_de_la_bible.mp3" ended: Ffmpeg_decoder.End_of_file.
2026/10/07 03:51:00 [next_song:3] Prepared "/var/azuracast/stations/evangile_du_royaume/media/La bible/1_corinthiens_012.mp3" (RID 67).
2026/10/07 03:55:38 [decoder:2] Decoding "/var/azuracast/stations/evangile_du_royaume/media/La bible/1_corinthiens_012.mp3" ended: Ffmpeg_decoder.End_of_file.
2026/10/07 03:55:39 [next_song:3] Prepared "/var/azuracast/stations/evangile_du_royaume/media/La bible/1_corinthiens_013.mp3" (RID 68).
2026/10/07 03:58:13 [decoder:2] Decoding "/var/azuracast/stations/evangile_du_royaume/media/La bible/1_corinthiens_013.mp3" ended: Ffmpeg_decoder.End_of_file.
2026/10/07 03:58:14 [next_song:3] Prepared "/var/azuracast/stations/evangile_du_royaume/media/La bible/1_corinthiens_014.mp3" (RID 69).
2026/10/07 04:04:41 [decoder:2] Decoding "/var/azuracast/stations/evangile_du_royaume/media/La bible/1_corinthiens_014.mp3" ended: Ffmpeg_decoder.End_of_file.
2026/10/07 04:04:42 [next_song:3] Prepared "/var/azuracast/stations/evangile_du_royaume/media/La bible/1_corinthiens_015.mp3" (RID 70).
2026/10/07 04:13:13 [decoder:2] Decoding "/var/azuracast/stations/evangile_du_royaume/media/La bible/1_corinthiens_015.mp3" ended: Ffmpeg_decoder.End_of_file.
2026/10/07 04:13:13 [next_song:3] Prepared "/var/azuracast/stations/evangile_du_royaume/media/La bible/1_corinthiens_016.mp3" (RID 71).
2026/10/07 04:16:18 [decoder:2] Decoding "/var/azuracast/stations/evangile_du_royaume/media/La bible/1_corinthiens_016.mp3" ended: Ffmpeg_decoder.End_of_file.
2026/10/07 04:16:18 [next_song:3] Prepared "/var/azuracast/stations/evangile_du_royaume/media/La bible/proverbes_021.mp3" (RID 72).
2026/10/07 04:19:23 [decoder:2] Decoding "/var/azuracast/stations/evangile_du_royaume/media/La bible/proverbes_021.mp3" ended: Ffmpeg_decoder.End_of_file.
2026/10/07 04:19:24 [next_song:3] Prepared "/var/azuracast/stations/evangile_du_royaume/media/La bible/proverbes_022.mp3" (RID 73).
2026/10/07 04:22:13 [decoder:2] Decoding "/var/azuracast/stations/evangile_du_royaume/media/La bible/proverbes_022.mp3" ended: Ffmpeg_decoder.End_of_file.
2026/10/07 04:22:13 [next_song:3] Prepared "/var/azuracast/stations/evangile_du_royaume/media/La bible/proverbes_023.mp3" (RID 74).
2026/10/07 04:25:26 [decoder:2] Decoding "/var/azuracast/stations/evangile_du_royaume/media/La bible/proverbes_023.mp3" ended: Ffmpeg_decoder.End_of_file.
2026/10/07 04:25:26 [next_song:3] Prepared "/var/azuracast/stations/evangile_du_royaume/media/La bible/proverbes_024.mp3" (RID 75).
2026/10/07 04:28:37 [decoder:2] Decoding "/var/azuracast/stations/evangile_du_royaume/media/La bible/proverbes_024.mp3" ended: Ffmpeg_decoder.End_of_file.
2026/10/07 04:28:37 [next_song:3] Prepared "/var/azuracast/stations/evangile_du_royaume/media/La bible/proverbes_025.mp3" (RID 76).
2026/10/07 04:31:32 [decoder:2] Decoding "/var/azuracast/stations/evangile_du_royaume/media/La bible/proverbes_025.mp3" ended: Ffmpeg_decoder.End_of_file.
2026/10/07 04:31:32 [next_song:3] Prepared "/var/azuracast/stations/evangile_du_royaume/media/La bible/proverbes_026.mp3" (RID 77).
2026/10/07 04:34:14 [decoder:2] Decoding "/var/azuracast/stations/evangile_du_royaume/media/La bible/proverbes_026.mp3" ended: Ffmpeg_decoder.End_of_file.
2026/10/07 04:34:14 [next_song:3] Prepared "/var/azuracast/stations/evangile_du_royaume/media/Jingle/jingle_avant_louange_07_voici_un_temps_de_louange.mp3" (RID 78).
2026/10/07 04:34:27 [decoder:2] Decoding "/var/azuracast/stations/evangile_du_royaume/media/Jingle/jingle_avant_louange_07_voici_un_temps_de_louange.mp3" ended: Ffmpeg_decoder.End_of_file.
2026/10/07 04:34:28 [next_song:3] Prepared "/var/azuracast/stations/evangile_du_royaume/media/Worship/50 - Jesus is Alpha - PHF.mp3" (RID 79).
2026/10/07 04:42:36 [decoder:2] Decoding "/var/azuracast/stations/evangile_du_royaume/media/Worship/50 - Jesus is Alpha - PHF.mp3" ended: Ffmpeg_decoder.End_of_file.
2026/10/07 04:42:37 [next_song:3] Prepared "/var/azuracast/stations/evangile_du_royaume/media/Worship/42 - God is Building - Will You Be - Ketu HF.mp3" (RID 80).
2026/10/07 04:47:07 [decoder:2] Decoding "/var/azuracast/stations/evangile_du_royaume/media/Worship/42 - God is Building - Will You Be - Ketu HF.mp3" ended: Ffmpeg_decoder.End_of_file.
2026/10/07 04:47:08 [next_song:3] Prepared "/var/azuracast/stations/evangile_du_royaume/media/Worship/87 - We Shall Come - Asaba Fellowship.mp3" (RID 81).
2026/10/07 04:52:11 [decoder:2] Decoding "/var/azuracast/stations/evangile_du_royaume/media/Worship/87 - We Shall Come - Asaba Fellowship.mp3" ended: Ffmpeg_decoder.End_of_file.
2026/10/07 04:52:12 [next_song:3] Prepared "/var/azuracast/stations/evangile_du_royaume/media/Worship/10 - Yeshua Hamashiach - Calabar HF.mp3" (RID 82).
2026/10/07 05:00:31 [decoder:2] Decoding "/var/azuracast/stations/evangile_du_royaume/media/Worship/10 - Yeshua Hamashiach - Calabar HF.mp3" ended: Ffmpeg_decoder.End_of_file.
2026/10/07 05:00:31 [next_song:3] Prepared "/var/azuracast/stations/evangile_du_royaume/media/Cantiques du royaume/cantique__-_qui_est_digne_d_ouvrir_le_livre.mp3" (RID 83).
2026/10/07 05:07:25 [decoder:2] Decoding "/var/azuracast/stations/evangile_du_royaume/media/Cantiques du royaume/cantique__-_qui_est_digne_d_ouvrir_le_livre.mp3" ended: Ffmpeg_decoder.End_of_file.
2026/10/07 05:07:26 [next_song:3] Prepared "/var/azuracast/stations/evangile_du_royaume/media/Worship/67 - My God Is Good - Winnipeg Fellowship.mp3" (RID 84).
2026/10/07 05:14:32 [decoder:2] Decoding "/var/azuracast/stations/evangile_du_royaume/media/Worship/67 - My God Is Good - Winnipeg Fellowship.mp3" ended: Ffmpeg_decoder.End_of_file.
2026/10/07 05:14:33 [next_song:3] Prepared "/var/azuracast/stations/evangile_du_royaume/media/Worship/60 - Be Exalted - PHF.mp3" (RID 85).
2026/10/07 05:25:08 [decoder:2] Decoding "/var/azuracast/stations/evangile_du_royaume/media/Worship/60 - Be Exalted - PHF.mp3" ended: Ffmpeg_decoder.End_of_file.
2026/10/07 05:25:09 [next_song:3] Prepared "/var/azuracast/stations/evangile_du_royaume/media/Cantiques du royaume/Cantique- Mon modèle, c_est Jésus.mp3" (RID 86).
2026/10/07 05:29:20 [decoder:2] Decoding "/var/azuracast/stations/evangile_du_royaume/media/Cantiques du royaume/Cantique- Mon modèle, c_est Jésus.mp3" ended: Ffmpeg_decoder.End_of_file.
2026/10/07 05:29:20 [next_song:3] Prepared "/var/azuracast/stations/evangile_du_royaume/media/Worship/08 - I Enter The Holy of Holies - Port Harcourt HF.mp3" (RID 87).
2026/10/07 05:34:21 [decoder:2] Decoding "/var/azuracast/stations/evangile_du_royaume/media/Worship/08 - I Enter The Holy of Holies - Port Harcourt HF.mp3" ended: Ffmpeg_decoder.End_of_file.
2026/10/07 05:34:22 [next_song:3] Prepared "/var/azuracast/stations/evangile_du_royaume/media/Jingle/jingle_musical_station_fm_parole_prophetique_01.mp3" (RID 88).
2026/10/07 05:34:31 [decoder:2] Decoding "/var/azuracast/stations/evangile_du_royaume/media/Jingle/jingle_musical_station_fm_parole_prophetique_01.mp3" ended: Ffmpeg_decoder.End_of_file.
2026/10/07 05:34:32 [next_song:3] Prepared "/var/azuracast/stations/evangile_du_royaume/media/La bible/luc_001.mp3" (RID 89).
2026/10/07 05:43:46 [decoder:2] Decoding "/var/azuracast/stations/evangile_du_royaume/media/La bible/luc_001.mp3" ended: Ffmpeg_decoder.End_of_file.
2026/10/07 05:43:46 [next_song:3] Prepared "/var/azuracast/stations/evangile_du_royaume/media/La bible/luc_002.mp3" (RID 90).
2026/10/07 05:50:31 [decoder:2] Decoding "/var/azuracast/stations/evangile_du_royaume/media/La bible/luc_002.mp3" ended: Ffmpeg_decoder.End_of_file.
2026/10/07 05:50:31 [next_song:3] Prepared "/var/azuracast/stations/evangile_du_royaume/media/La bible/luc_003.mp3" (RID 91).
2026/10/07 05:56:32 [decoder:2] Decoding "/var/azuracast/stations/evangile_du_royaume/media/La bible/luc_003.mp3" ended: Ffmpeg_decoder.End_of_file.
2026/10/07 05:56:33 [next_song:3] Prepared "/var/azuracast/stations/evangile_du_royaume/media/Jingle/jingle_id_station_03_notre_mission_annonce_levangile.mp3" (RID 92).
2026/10/07 05:56:44 [decoder:2] Decoding "/var/azuracast/stations/evangile_du_royaume/media/Jingle/jingle_id_station_03_notre_mission_annonce_levangile.mp3" ended: Ffmpeg_decoder.End_of_file.
2026/10/07 05:56:45 [next_song:3] Prepared "/var/azuracast/stations/evangile_du_royaume/media/Cantiques du royaume/Cantique   Oh Éternel Dieu, Tu es le Dieu Incomparable.mp3" (RID 93).
2026/10/07 06:00:53 [decoder:2] Decoding "/var/azuracast/stations/evangile_du_royaume/media/Cantiques du royaume/Cantique   Oh Éternel Dieu, Tu es le Dieu Incomparable.mp3" ended: Ffmpeg_decoder.End_of_file.
2026/10/07 06:00:53 [next_song:3] Prepared "/var/azuracast/stations/evangile_du_royaume/media/Jingle/jingle_avant_message_04_bienvenue_sur_parole_prophetique_fm.mp3" (RID 94).
2026/10/07 06:01:03 [decoder:2] Decoding "/var/azuracast/stations/evangile_du_royaume/media/Jingle/jingle_avant_message_04_bienvenue_sur_parole_prophetique_fm.mp3" ended: Ffmpeg_decoder.End_of_file.
2026/10/07 06:01:03 [next_song:3] Prepared "/var/azuracast/stations/evangile_du_royaume/media/la_moisson_5_adé.mp3" (RID 95).
2026/10/07 06:25:50 [decoder:2] Decoding "/var/azuracast/stations/evangile_du_royaume/media/la_moisson_5_adé.mp3" ended: Ffmpeg_decoder.End_of_file.
2026/10/07 06:25:50 [next_song:3] Prepared "/var/azuracast/stations/evangile_du_royaume/media/Jingle/jingle_avant_bible_08_prenons_un_moment_pour_ecouter_la_parole.mp3" (RID 96).
2026/10/07 06:25:59 [decoder:2] Decoding "/var/azuracast/stations/evangile_du_royaume/media/Jingle/jingle_avant_bible_08_prenons_un_moment_pour_ecouter_la_parole.mp3" ended: Ffmpeg_decoder.End_of_file.
2026/10/07 06:26:00 [next_song:3] Prepared "/var/azuracast/stations/evangile_du_royaume/media/La bible/2_timothée_002.mp3" (RID 97).
2026/10/07 06:29:49 [decoder:2] Decoding "/var/azuracast/stations/evangile_du_royaume/media/La bible/2_timothée_002.mp3" ended: Ffmpeg_decoder.End_of_file.
2026/10/07 06:29:50 [next_song:3] Prepared "/var/azuracast/stations/evangile_du_royaume/media/La bible/2_timothée_003.mp3" (RID 98).
2026/10/07 06:32:23 [decoder:2] Decoding "/var/azuracast/stations/evangile_du_royaume/media/La bible/2_timothée_003.mp3" ended: Ffmpeg_decoder.End_of_file.
2026/10/07 06:32:24 [next_song:3] Prepared "/var/azuracast/stations/evangile_du_royaume/media/La bible/2_timothée_004.mp3" (RID 99).
2026/10/07 06:35:30 [decoder:2] Decoding "/var/azuracast/stations/evangile_du_royaume/media/La bible/2_timothée_004.mp3" ended: Ffmpeg_decoder.End_of_file.
2026/10/07 06:35:30 [next_song:3] Prepared "/var/azuracast/stations/evangile_du_royaume/media/La bible/michée_001.mp3" (RID 100).
2026/10/07 06:38:04 [decoder:2] Decoding "/var/azuracast/stations/evangile_du_royaume/media/La bible/michée_001.mp3" ended: Ffmpeg_decoder.End_of_file.
2026/10/07 06:38:05 [next_song:3] Prepared "/var/azuracast/stations/evangile_du_royaume/media/La bible/michée_002.mp3" (RID 101).
2026/10/07 06:40:22 [decoder:2] Decoding "/var/azuracast/stations/evangile_du_royaume/media/La bible/michée_002.mp3" ended: Ffmpeg_decoder.End_of_file.
2026/10/07 06:40:22 [next_song:3] Prepared "/var/azuracast/stations/evangile_du_royaume/media/La bible/michée_003.mp3" (RID 102).
2026/10/07 06:42:24 [decoder:2] Decoding "/var/azuracast/stations/evangile_du_royaume/media/La bible/michée_003.mp3" ended: Ffmpeg_decoder.End_of_file.
2026/10/07 06:42:25 [next_song:3] Prepared "/var/azuracast/stations/evangile_du_royaume/media/La bible/michée_004.mp3" (RID 103).
2026/10/07 06:44:56 [decoder:2] Decoding "/var/azuracast/stations/evangile_du_royaume/media/La bible/michée_004.mp3" ended: Ffmpeg_decoder.End_of_file.
2026/10/07 06:44:56 [next_song:3] Prepared "/var/azuracast/stations/evangile_du_royaume/media/La bible/michée_005.mp3" (RID 104).
2026/10/07 06:47:13 [decoder:2] Decoding "/var/azuracast/stations/evangile_du_royaume/media/La bible/michée_005.mp3" ended: Ffmpeg_decoder.End_of_file.
2026/10/07 06:47:13 [next_song:3] Prepared "/var/azuracast/stations/evangile_du_royaume/media/La bible/michée_006.mp3" (RID 105).
2026/10/07 06:49:47 [decoder:2] Decoding "/var/azuracast/stations/evangile_du_royaume/media/La bible/michée_006.mp3" ended: Ffmpeg_decoder.End_of_file.
2026/10/07 06:49:48 [next_song:3] Prepared "/var/azuracast/stations/evangile_du_royaume/media/La bible/michée_007.mp3" (RID 106).
2026/10/07 06:53:11 [decoder:2] Decoding "/var/azuracast/stations/evangile_du_royaume/media/La bible/michée_007.mp3" ended: Ffmpeg_decoder.End_of_file.
2026/10/07 06:53:12 [next_song:3] Prepared "/var/azuracast/stations/evangile_du_royaume/media/La bible/nombres_015.mp3" (RID 107).
2026/10/07 06:58:56 [decoder:2] Decoding "/var/azuracast/stations/evangile_du_royaume/media/La bible/nombres_015.mp3" ended: Ffmpeg_decoder.End_of_file.
2026/10/07 06:58:56 [next_song:3] Prepared "/var/azuracast/stations/evangile_du_royaume/media/La bible/nombres_016.mp3" (RID 108).
2026/10/07 07:06:42 [decoder:2] Decoding "/var/azuracast/stations/evangile_du_royaume/media/La bible/nombres_016.mp3" ended: Ffmpeg_decoder.End_of_file.
2026/10/07 07:06:42 [next_song:3] Prepared "/var/azuracast/stations/evangile_du_royaume/media/La bible/nombres_017.mp3" (RID 109).
2026/10/07 07:08:37 [decoder:2] Decoding "/var/azuracast/stations/evangile_du_royaume/media/La bible/nombres_017.mp3" ended: Ffmpeg_decoder.End_of_file.
2026/10/07 07:08:37 [next_song:3] Prepared "/var/azuracast/stations/evangile_du_royaume/media/La bible/nombres_018.mp3" (RID 110).
2026/10/07 07:14:50 [decoder:2] Decoding "/var/azuracast/stations/evangile_du_royaume/media/La bible/nombres_018.mp3" ended: Ffmpeg_decoder.End_of_file.
2026/10/07 07:14:50 [next_song:3] Prepared "/var/azuracast/stations/evangile_du_royaume/media/La bible/nombres_019.mp3" (RID 111).
2026/10/07 07:18:48 [decoder:2] Decoding "/var/azuracast/stations/evangile_du_royaume/media/La bible/nombres_019.mp3" ended: Ffmpeg_decoder.End_of_file.
2026/10/07 07:18:48 [next_song:3] Prepared "/var/azuracast/stations/evangile_du_royaume/media/La bible/nombres_020.mp3" (RID 112).
2026/10/07 07:23:24 [decoder:2] Decoding "/var/azuracast/stations/evangile_du_royaume/media/La bible/nombres_020.mp3" ended: Ffmpeg_decoder.End_of_file.
2026/10/07 07:23:25 [next_song:3] Prepared "/var/azuracast/stations/evangile_du_royaume/media/Jingle/jingle_avant_louange_05_elevons_nos_coeurs_vers_dieu.mp3" (RID 113).
2026/10/07 07:23:35 [decoder:2] Decoding "/var/azuracast/stations/evangile_du_royaume/media/Jingle/jingle_avant_louange_05_elevons_nos_coeurs_vers_dieu.mp3" ended: Ffmpeg_decoder.End_of_file.
2026/10/07 07:23:36 [next_song:3] Prepared "/var/azuracast/stations/evangile_du_royaume/media/Worship/18 - El Elyon - Toronto & Winnipeg HF.mp3" (RID 114).
2026/10/07 07:32:31 [decoder:2] Decoding "/var/azuracast/stations/evangile_du_royaume/media/Worship/18 - El Elyon - Toronto & Winnipeg HF.mp3" ended: Ffmpeg_decoder.End_of_file.
2026/10/07 07:32:31 [next_song:3] Prepared "/var/azuracast/stations/evangile_du_royaume/media/Cantiques du royaume/Cantique sa miséricorde.mp3" (RID 115).
2026/10/07 07:35:52 [decoder:2] Decoding "/var/azuracast/stations/evangile_du_royaume/media/Cantiques du royaume/Cantique sa miséricorde.mp3" ended: Ffmpeg_decoder.End_of_file.
2026/10/07 07:35:52 [next_song:3] Prepared "/var/azuracast/stations/evangile_du_royaume/media/Worship/26 - Sing Hallelujah - Abuja HF.mp3" (RID 116).
2026/10/07 07:40:10 [decoder:2] Decoding "/var/azuracast/stations/evangile_du_royaume/media/Worship/26 - Sing Hallelujah - Abuja HF.mp3" ended: Ffmpeg_decoder.End_of_file.
2026/10/07 07:40:11 [next_song:3] Prepared "/var/azuracast/stations/evangile_du_royaume/media/Cantiques du royaume/6-_igwe.mp3" (RID 117).
2026/10/07 07:45:18 [decoder:2] Decoding "/var/azuracast/stations/evangile_du_royaume/media/Cantiques du royaume/6-_igwe.mp3" ended: Ffmpeg_decoder.End_of_file.
2026/10/07 07:45:18 [next_song:3] Prepared "/var/azuracast/stations/evangile_du_royaume/media/Worship/16 - I Will Not Be Silent - Calabar HF.mp3" (RID 118).
2026/10/07 07:49:18 [decoder:2] Decoding "/var/azuracast/stations/evangile_du_royaume/media/Worship/16 - I Will Not Be Silent - Calabar HF.mp3" ended: Ffmpeg_decoder.End_of_file.
2026/10/07 07:49:19 [next_song:3] Prepared "/var/azuracast/stations/evangile_du_royaume/media/Worship/69 - We Bless You Wonderful God  - Winnipeg Fellowship.mp3" (RID 119).
2026/10/07 07:56:19 [decoder:2] Decoding "/var/azuracast/stations/evangile_du_royaume/media/Worship/69 - We Bless You Wonderful God  - Winnipeg Fellowship.mp3" ended: Ffmpeg_decoder.End_of_file.
2026/10/07 07:56:20 [next_song:3] Prepared "/var/azuracast/stations/evangile_du_royaume/media/Worship/45 - Now is Come Salvation - Toronto HF.mp3" (RID 120).
2026/10/07 08:01:35 [decoder:2] Decoding "/var/azuracast/stations/evangile_du_royaume/media/Worship/45 - Now is Come Salvation - Toronto HF.mp3" ended: Ffmpeg_decoder.End_of_file.
2026/10/07 08:01:36 [next_song:3] Prepared "/var/azuracast/stations/evangile_du_royaume/media/Cantiques du royaume/cantique___il_s_est_lui-même_humilié.mp3" (RID 121).
2026/10/07 08:07:01 [decoder:2] Decoding "/var/azuracast/stations/evangile_du_royaume/media/Cantiques du royaume/cantique___il_s_est_lui-même_humilié.mp3" ended: Ffmpeg_decoder.End_of_file.
2026/10/07 08:07:02 [next_song:3] Prepared "/var/azuracast/stations/evangile_du_royaume/media/Worship/88 - Good God - Asaba Fellowship.mp3" (RID 122).
2026/10/07 08:13:04 [decoder:2] Decoding "/var/azuracast/stations/evangile_du_royaume/media/Worship/88 - Good God - Asaba Fellowship.mp3" ended: Ffmpeg_decoder.End_of_file.
2026/10/07 08:13:05 [next_song:3] Prepared "/var/azuracast/stations/evangile_du_royaume/media/Worship/81 - As We Worship In Ypur Presence.mp3" (RID 123).
2026/10/07 08:19:58 [decoder:2] Decoding "/var/azuracast/stations/evangile_du_royaume/media/Worship/81 - As We Worship In Ypur Presence.mp3" ended: Ffmpeg_decoder.End_of_file.
2026/10/07 08:19:58 [next_song:3] Prepared "/var/azuracast/stations/evangile_du_royaume/media/Jingle/jingle_avant_bible_07_place_a_la_lecture_de_la_bible.mp3" (RID 124).
2026/10/07 08:20:11 [decoder:2] Decoding "/var/azuracast/stations/evangile_du_royaume/media/Jingle/jingle_avant_bible_07_place_a_la_lecture_de_la_bible.mp3" ended: Ffmpeg_decoder.End_of_file.
2026/10/07 08:20:12 [next_song:3] Prepared "/var/azuracast/stations/evangile_du_royaume/media/La bible/lévitique_019.mp3" (RID 125).
2026/10/07 08:25:45 [decoder:2] Decoding "/var/azuracast/stations/evangile_du_royaume/media/La bible/lévitique_019.mp3" ended: Ffmpeg_decoder.End_of_file.
2026/10/07 08:25:46 [next_song:3] Prepared "/var/azuracast/stations/evangile_du_royaume/media/La bible/lévitique_020.mp3" (RID 126).
2026/10/07 08:30:17 [decoder:2] Decoding "/var/azuracast/stations/evangile_du_royaume/media/La bible/lévitique_020.mp3" ended: Ffmpeg_decoder.End_of_file.
2026/10/07 08:30:18 [next_song:3] Prepared "/var/azuracast/stations/evangile_du_royaume/media/La bible/lévitique_021.mp3" (RID 127).
2026/10/07 08:33:39 [decoder:2] Decoding "/var/azuracast/stations/evangile_du_royaume/media/La bible/lévitique_021.mp3" ended: Ffmpeg_decoder.End_of_file.
2026/10/07 08:33:40 [next_song:3] Prepared "/var/azuracast/stations/evangile_du_royaume/media/La bible/lévitique_022.mp3" (RID 128).
2026/10/07 08:38:43 [decoder:2] Decoding "/var/azuracast/stations/evangile_du_royaume/media/La bible/lévitique_022.mp3" ended: Ffmpeg_decoder.End_of_file.
2026/10/07 08:38:43 [next_song:3] Prepared "/var/azuracast/stations/evangile_du_royaume/media/La bible/lévitique_023.mp3" (RID 129).
