2026/09/29 00:01:14 [decoder:2] Decoding "/var/azuracast/stations/evangile_du_royaume/media/Worship/45 - Now is Come Salvation - Toronto HF.mp3" ended: Ffmpeg_decoder.End_of_file.
2026/09/29 00:01:14 [next_song:3] Prepared "/var/azuracast/stations/evangile_du_royaume/media/jingles_de_transition_1.mp3" (RID 1167).
2026/09/29 00:01:27 [threads:2] Queue generic queue #2 crashed with exception Sys_error("Condition.wait: Operation not permitted")
2026/09/29 00:01:27 [threads:2] Raised by primitive operation at Duppy.queue.run in file "src/duppy.ml", line 341, characters 6-32
2026/09/29 00:01:27 [threads:2] Called from Duppy.queue in file "src/duppy.ml", line 357, characters 8-12
2026/09/29 00:01:27 [threads:2] Re-raised at Duppy.queue in file "src/duppy.ml", line 361, characters 8-17
2026/09/29 00:01:27 [threads:2] Called from Tutils.create.(fun).process in file "tools/tutils.ml", line 164, characters 12-15
2026/09/29 00:01:27 [threads:2] 
2026/09/29 00:01:27 [threads:1] PANIC: Liquidsoap has crashed, exiting.,
2026/09/29 00:01:27 [threads:1] Please report at: savonet-users@lists.sf.net
2026/09/29 00:01:31 [lang.deprecated:2] WARNING: "map_metadata" is deprecated and will be removed in future version. Please use "metadata.map" instead.
2026/09/29 00:01:31 [lang.deprecated:2] WARNING: "map_metadata" is deprecated and will be removed in future version. Please use "metadata.map" instead.
2026/09/29 00:01:31 [error_jingle:3] "/usr/local/share/icecast/web/error.mp3" is static, resolving once for all...
2026/09/29 00:01:32 [error_jingle:3] Prepared "/usr/local/share/icecast/web/error.mp3" (RID 7).
2026/09/29 00:01:32 [safe_fallback:3] Switch to error_jingle.
2026/09/29 00:01:32 [playlist_000_transition:3] Prepared "/var/azuracast/stations/evangile_du_royaume/media/jingles_de_transition_1.mp3" (RID 12).
2026/09/29 00:01:32 [safe_fallback:3] Switch to amplify_0 with transition.
2026/09/29 00:01:32 [live_fallback:3] Switch to cross_0.
2026/09/29 00:01:32 [interrupting_fallback:3] Switch to requests_fallback.
2026/09/29 00:01:32 [requests_fallback:3] Switch to autodj_fallback.
2026/09/29 00:01:32 [autodj_fallback:3] Switch to schedule_switch.
2026/09/29 00:01:32 [schedule_switch:3] Switch to metadata.map_0.
2026/09/29 00:01:43 [next_song:3] Prepared "/var/azuracast/stations/evangile_du_royaume/media/La bible/psaumes_130.mp3" (RID 16).
2026/09/29 00:03:07 [decoder:2] Decoding "/var/azuracast/stations/evangile_du_royaume/media/jingles_de_transition_1.mp3" ended: Ffmpeg_decoder.End_of_file.
2026/09/29 00:03:08 [playlist_bloc_a_serie_du_jour:3] Prepared "/var/azuracast/stations/evangile_du_royaume/media/Jingle/jingle_avant_message_05_vous_etes_a_lecoute_de_levangile_du_royaume.mp3" (RID 8).
2026/09/29 00:03:08 [schedule_switch:3] Switch to cue_playlist_bloc_a_serie_du_jour with forgetful transition.
2026/09/29 00:03:08 [autodj_fallback:3] Switch to dynamic_startup with forgetful transition.
2026/09/29 00:03:08 [dynamic_startup:3] Switch to cue_next_song.
2026/09/29 00:03:53 [decoder:2] Decoding "/var/azuracast/stations/evangile_du_royaume/media/La bible/psaumes_130.mp3" ended: Ffmpeg_decoder.End_of_file.
2026/09/29 00:03:53 [next_song:3] Prepared "/var/azuracast/stations/evangile_du_royaume/media/Jingle/jingle_avant_message_05_vous_etes_a_lecoute_de_levangile_du_royaume.mp3" (RID 17).
2026/09/29 00:04:04 [decoder:2] Decoding "/var/azuracast/stations/evangile_du_royaume/media/Jingle/jingle_avant_message_05_vous_etes_a_lecoute_de_levangile_du_royaume.mp3" ended: Ffmpeg_decoder.End_of_file.
2026/09/29 00:04:05 [next_song:3] Prepared "/var/azuracast/stations/evangile_du_royaume/media/bosson_1_la_marche_avec_dieu.mp3" (RID 18).
2026/09/29 02:40:23 [decoder:2] Decoding "/var/azuracast/stations/evangile_du_royaume/media/bosson_1_la_marche_avec_dieu.mp3" ended: Ffmpeg_decoder.End_of_file.
2026/09/29 02:40:24 [next_song:3] Prepared "/var/azuracast/stations/evangile_du_royaume/media/Jingle/jingle_avant_bible_07_place_a_la_lecture_de_la_bible.mp3" (RID 19).
2026/09/29 02:40:36 [decoder:2] Decoding "/var/azuracast/stations/evangile_du_royaume/media/Jingle/jingle_avant_bible_07_place_a_la_lecture_de_la_bible.mp3" ended: Ffmpeg_decoder.End_of_file.
2026/09/29 02:40:37 [next_song:3] Prepared "/var/azuracast/stations/evangile_du_royaume/media/La bible/1_corinthiens_004.mp3" (RID 20).
2026/09/29 02:44:14 [decoder:2] Decoding "/var/azuracast/stations/evangile_du_royaume/media/La bible/1_corinthiens_004.mp3" ended: Ffmpeg_decoder.End_of_file.
2026/09/29 02:44:15 [next_song:3] Prepared "/var/azuracast/stations/evangile_du_royaume/media/La bible/1_corinthiens_005.mp3" (RID 21).
2026/09/29 02:46:29 [decoder:2] Decoding "/var/azuracast/stations/evangile_du_royaume/media/La bible/1_corinthiens_005.mp3" ended: Ffmpeg_decoder.End_of_file.
2026/09/29 02:46:30 [next_song:3] Prepared "/var/azuracast/stations/evangile_du_royaume/media/La bible/1_corinthiens_006.mp3" (RID 22).
2026/09/29 02:49:45 [decoder:2] Decoding "/var/azuracast/stations/evangile_du_royaume/media/La bible/1_corinthiens_006.mp3" ended: Ffmpeg_decoder.End_of_file.
2026/09/29 02:49:46 [next_song:3] Prepared "/var/azuracast/stations/evangile_du_royaume/media/La bible/1_corinthiens_007.mp3" (RID 23).
2026/09/29 02:56:12 [decoder:2] Decoding "/var/azuracast/stations/evangile_du_royaume/media/La bible/1_corinthiens_007.mp3" ended: Ffmpeg_decoder.End_of_file.
2026/09/29 02:56:12 [next_song:3] Prepared "/var/azuracast/stations/evangile_du_royaume/media/La bible/1_corinthiens_008.mp3" (RID 24).
2026/09/29 02:58:13 [decoder:2] Decoding "/var/azuracast/stations/evangile_du_royaume/media/La bible/1_corinthiens_008.mp3" ended: Ffmpeg_decoder.End_of_file.
2026/09/29 02:58:14 [next_song:3] Prepared "/var/azuracast/stations/evangile_du_royaume/media/La bible/1_corinthiens_009.mp3" (RID 25).
2026/09/29 03:02:19 [decoder:2] Decoding "/var/azuracast/stations/evangile_du_royaume/media/La bible/1_corinthiens_009.mp3" ended: Ffmpeg_decoder.End_of_file.
2026/09/29 03:02:20 [next_song:3] Prepared "/var/azuracast/stations/evangile_du_royaume/media/La bible/1_corinthiens_010.mp3" (RID 26).
2026/09/29 03:07:05 [decoder:2] Decoding "/var/azuracast/stations/evangile_du_royaume/media/La bible/1_corinthiens_010.mp3" ended: Ffmpeg_decoder.End_of_file.
2026/09/29 03:07:06 [next_song:3] Prepared "/var/azuracast/stations/evangile_du_royaume/media/La bible/1_corinthiens_011.mp3" (RID 27).
2026/09/29 03:12:11 [decoder:2] Decoding "/var/azuracast/stations/evangile_du_royaume/media/La bible/1_corinthiens_011.mp3" ended: Ffmpeg_decoder.End_of_file.
2026/09/29 03:12:12 [next_song:3] Prepared "/var/azuracast/stations/evangile_du_royaume/media/La bible/1_corinthiens_012.mp3" (RID 28).
2026/09/29 03:16:50 [decoder:2] Decoding "/var/azuracast/stations/evangile_du_royaume/media/La bible/1_corinthiens_012.mp3" ended: Ffmpeg_decoder.End_of_file.
2026/09/29 03:16:51 [next_song:3] Prepared "/var/azuracast/stations/evangile_du_royaume/media/Jingle/jingle_avant_louange_07_voici_un_temps_de_louange.mp3" (RID 29).
2026/09/29 03:17:03 [decoder:2] Decoding "/var/azuracast/stations/evangile_du_royaume/media/Jingle/jingle_avant_louange_07_voici_un_temps_de_louange.mp3" ended: Ffmpeg_decoder.End_of_file.
2026/09/29 03:17:04 [next_song:3] Prepared "/var/azuracast/stations/evangile_du_royaume/media/Worship/12 - As We Worship - Toronto & Winnipeg HF.mp3" (RID 30).
2026/09/29 03:27:13 [decoder:2] Decoding "/var/azuracast/stations/evangile_du_royaume/media/Worship/12 - As We Worship - Toronto & Winnipeg HF.mp3" ended: Ffmpeg_decoder.End_of_file.
2026/09/29 03:27:14 [next_song:3] Prepared "/var/azuracast/stations/evangile_du_royaume/media/Worship/01 - There Is Forgiveness In Thee - SWBN TV.mp3" (RID 31).
2026/09/29 03:33:18 [decoder:2] Decoding "/var/azuracast/stations/evangile_du_royaume/media/Worship/01 - There Is Forgiveness In Thee - SWBN TV.mp3" ended: Ffmpeg_decoder.End_of_file.
2026/09/29 03:33:19 [next_song:3] Prepared "/var/azuracast/stations/evangile_du_royaume/media/Worship/77 - We Shall Not Fear - Nonso Njoku.mp3" (RID 32).
2026/09/29 03:38:36 [decoder:2] Decoding "/var/azuracast/stations/evangile_du_royaume/media/Worship/77 - We Shall Not Fear - Nonso Njoku.mp3" ended: Ffmpeg_decoder.End_of_file.
2026/09/29 03:38:37 [next_song:3] Prepared "/var/azuracast/stations/evangile_du_royaume/media/Worship/69 - We Bless You Wonderful God  - Winnipeg Fellowship.mp3" (RID 33).
2026/09/29 03:45:38 [decoder:2] Decoding "/var/azuracast/stations/evangile_du_royaume/media/Worship/69 - We Bless You Wonderful God  - Winnipeg Fellowship.mp3" ended: Ffmpeg_decoder.End_of_file.
2026/09/29 03:45:38 [next_song:3] Prepared "/var/azuracast/stations/evangile_du_royaume/media/Worship/08 - I Enter The Holy of Holies - Port Harcourt HF.mp3" (RID 34).
2026/09/29 03:50:40 [decoder:2] Decoding "/var/azuracast/stations/evangile_du_royaume/media/Worship/08 - I Enter The Holy of Holies - Port Harcourt HF.mp3" ended: Ffmpeg_decoder.End_of_file.
2026/09/29 03:50:40 [next_song:3] Prepared "/var/azuracast/stations/evangile_du_royaume/media/Worship/49 - We Worship Adonai - PHF.mp3" (RID 35).
2026/09/29 03:59:07 [decoder:2] Decoding "/var/azuracast/stations/evangile_du_royaume/media/Worship/49 - We Worship Adonai - PHF.mp3" ended: Ffmpeg_decoder.End_of_file.
2026/09/29 03:59:08 [next_song:3] Prepared "/var/azuracast/stations/evangile_du_royaume/media/Jingle/jingle_avant_bible_08_prenons_un_moment_pour_ecouter_la_parole.mp3" (RID 36).
2026/09/29 03:59:17 [decoder:2] Decoding "/var/azuracast/stations/evangile_du_royaume/media/Jingle/jingle_avant_bible_08_prenons_un_moment_pour_ecouter_la_parole.mp3" ended: Ffmpeg_decoder.End_of_file.
2026/09/29 03:59:18 [next_song:3] Prepared "/var/azuracast/stations/evangile_du_royaume/media/La bible/ézéchiel_023.mp3" (RID 37).
2026/09/29 04:06:38 [decoder:2] Decoding "/var/azuracast/stations/evangile_du_royaume/media/La bible/ézéchiel_023.mp3" ended: Ffmpeg_decoder.End_of_file.
2026/09/29 04:06:39 [next_song:3] Prepared "/var/azuracast/stations/evangile_du_royaume/media/La bible/ézéchiel_024.mp3" (RID 38).
2026/09/29 04:10:44 [decoder:2] Decoding "/var/azuracast/stations/evangile_du_royaume/media/La bible/ézéchiel_024.mp3" ended: Ffmpeg_decoder.End_of_file.
2026/09/29 04:10:45 [next_song:3] Prepared "/var/azuracast/stations/evangile_du_royaume/media/La bible/ézéchiel_025.mp3" (RID 39).
2026/09/29 04:13:41 [decoder:2] Decoding "/var/azuracast/stations/evangile_du_royaume/media/La bible/ézéchiel_025.mp3" ended: Ffmpeg_decoder.End_of_file.
2026/09/29 04:13:42 [next_song:3] Prepared "/var/azuracast/stations/evangile_du_royaume/media/La bible/ézéchiel_026.mp3" (RID 40).
2026/09/29 04:17:24 [decoder:2] Decoding "/var/azuracast/stations/evangile_du_royaume/media/La bible/ézéchiel_026.mp3" ended: Ffmpeg_decoder.End_of_file.
2026/09/29 04:17:25 [next_song:3] Prepared "/var/azuracast/stations/evangile_du_royaume/media/Jingle/jingle_avant_louange_05_elevons_nos_coeurs_vers_dieu.mp3" (RID 41).
2026/09/29 04:17:36 [decoder:2] Decoding "/var/azuracast/stations/evangile_du_royaume/media/Jingle/jingle_avant_louange_05_elevons_nos_coeurs_vers_dieu.mp3" ended: Ffmpeg_decoder.End_of_file.
2026/09/29 04:17:36 [next_song:3] Prepared "/var/azuracast/stations/evangile_du_royaume/media/Cantiques du royaume/Cantique Jahweh, Tu es élevé au dessus de tout (1).mp3" (RID 42).
2026/09/29 04:22:26 [decoder:2] Decoding "/var/azuracast/stations/evangile_du_royaume/media/Cantiques du royaume/Cantique Jahweh, Tu es élevé au dessus de tout (1).mp3" ended: Ffmpeg_decoder.End_of_file.
2026/09/29 04:22:26 [next_song:3] Prepared "/var/azuracast/stations/evangile_du_royaume/media/Worship/55 - God's Got An Army - PHF.mp3" (RID 43).
2026/09/29 04:27:45 [decoder:2] Decoding "/var/azuracast/stations/evangile_du_royaume/media/Worship/55 - God's Got An Army - PHF.mp3" ended: Ffmpeg_decoder.End_of_file.
2026/09/29 04:27:46 [next_song:3] Prepared "/var/azuracast/stations/evangile_du_royaume/media/Worship/03 - Agunechemba - SWBN TV.mp3" (RID 44).
2026/09/29 04:35:53 [decoder:2] Decoding "/var/azuracast/stations/evangile_du_royaume/media/Worship/03 - Agunechemba - SWBN TV.mp3" ended: Ffmpeg_decoder.End_of_file.
2026/09/29 04:35:54 [next_song:3] Prepared "/var/azuracast/stations/evangile_du_royaume/media/Worship/75 - How Precious Oh Lord.mp3" (RID 45).
2026/09/29 04:41:35 [decoder:2] Decoding "/var/azuracast/stations/evangile_du_royaume/media/Worship/75 - How Precious Oh Lord.mp3" ended: Ffmpeg_decoder.End_of_file.
2026/09/29 04:41:36 [next_song:3] Prepared "/var/azuracast/stations/evangile_du_royaume/media/SWBN Lead Concert Live Worship/03 - Holy are You oh Lord (Olaedo Uzoma & Vincent Opara).mp3" (RID 46).
2026/09/29 04:51:11 [decoder:2] Decoding "/var/azuracast/stations/evangile_du_royaume/media/SWBN Lead Concert Live Worship/03 - Holy are You oh Lord (Olaedo Uzoma & Vincent Opara).mp3" ended: Ffmpeg_decoder.End_of_file.
2026/09/29 04:51:11 [next_song:3] Prepared "/var/azuracast/stations/evangile_du_royaume/media/Worship/59 - Ascribe Greatness - PHF.mp3" (RID 47).
2026/09/29 04:55:12 [decoder:2] Decoding "/var/azuracast/stations/evangile_du_royaume/media/Worship/59 - Ascribe Greatness - PHF.mp3" ended: Ffmpeg_decoder.End_of_file.
2026/09/29 04:55:13 [next_song:3] Prepared "/var/azuracast/stations/evangile_du_royaume/media/Jingle/jingle_avant_bible_06_ouvrons_les_saintes_ecritures.mp3" (RID 48).
2026/09/29 04:55:23 [decoder:2] Decoding "/var/azuracast/stations/evangile_du_royaume/media/Jingle/jingle_avant_bible_06_ouvrons_les_saintes_ecritures.mp3" ended: Ffmpeg_decoder.End_of_file.
2026/09/29 04:55:23 [next_song:3] Prepared "/var/azuracast/stations/evangile_du_royaume/media/La bible/jérémie_049.mp3" (RID 49).
2026/09/29 05:02:18 [decoder:2] Decoding "/var/azuracast/stations/evangile_du_royaume/media/La bible/jérémie_049.mp3" ended: Ffmpeg_decoder.End_of_file.
2026/09/29 05:02:19 [next_song:3] Prepared "/var/azuracast/stations/evangile_du_royaume/media/La bible/jérémie_050.mp3" (RID 50).
2026/09/29 05:10:25 [decoder:2] Decoding "/var/azuracast/stations/evangile_du_royaume/media/La bible/jérémie_050.mp3" ended: Ffmpeg_decoder.End_of_file.
2026/09/29 05:10:25 [next_song:3] Prepared "/var/azuracast/stations/evangile_du_royaume/media/La bible/jérémie_051.mp3" (RID 51).
2026/09/29 05:20:54 [decoder:2] Decoding "/var/azuracast/stations/evangile_du_royaume/media/La bible/jérémie_051.mp3" ended: Ffmpeg_decoder.End_of_file.
2026/09/29 05:20:54 [next_song:3] Prepared "/var/azuracast/stations/evangile_du_royaume/media/Jingle/jingle_avant_louange_06_que_la_louange_seleve.mp3" (RID 52).
2026/09/29 05:21:05 [decoder:2] Decoding "/var/azuracast/stations/evangile_du_royaume/media/Jingle/jingle_avant_louange_06_que_la_louange_seleve.mp3" ended: Ffmpeg_decoder.End_of_file.
2026/09/29 05:21:05 [next_song:3] Prepared "/var/azuracast/stations/evangile_du_royaume/media/Cantiques du royaume/Cantique-A jamais, tu seras l_Agneau de Dieu.mp3" (RID 53).
2026/09/29 05:30:17 [decoder:2] Decoding "/var/azuracast/stations/evangile_du_royaume/media/Cantiques du royaume/Cantique-A jamais, tu seras l_Agneau de Dieu.mp3" ended: Ffmpeg_decoder.End_of_file.
2026/09/29 05:30:17 [next_song:3] Prepared "/var/azuracast/stations/evangile_du_royaume/media/Worship/22 - Holy Holy - Abuja HF.mp3" (RID 54).
2026/09/29 05:38:45 [decoder:2] Decoding "/var/azuracast/stations/evangile_du_royaume/media/Worship/22 - Holy Holy - Abuja HF.mp3" ended: Ffmpeg_decoder.End_of_file.
2026/09/29 05:38:46 [next_song:3] Prepared "/var/azuracast/stations/evangile_du_royaume/media/Worship/89 - I Know The Blood - PHF.mp3" (RID 55).
2026/09/29 05:43:02 [decoder:2] Decoding "/var/azuracast/stations/evangile_du_royaume/media/Worship/89 - I Know The Blood - PHF.mp3" ended: Ffmpeg_decoder.End_of_file.
2026/09/29 05:43:02 [next_song:3] Prepared "/var/azuracast/stations/evangile_du_royaume/media/Cantiques du royaume/cantique___ta_lumière.mp3" (RID 56).
2026/09/29 05:49:34 [decoder:2] Decoding "/var/azuracast/stations/evangile_du_royaume/media/Cantiques du royaume/cantique___ta_lumière.mp3" ended: Ffmpeg_decoder.End_of_file.
2026/09/29 05:49:35 [next_song:3] Prepared "/var/azuracast/stations/evangile_du_royaume/media/Worship/14 - Great & Marvelluos - Toronto HF.mp3" (RID 57).
2026/09/29 06:01:26 [decoder:2] Decoding "/var/azuracast/stations/evangile_du_royaume/media/Worship/14 - Great & Marvelluos - Toronto HF.mp3" ended: Ffmpeg_decoder.End_of_file.
2026/09/29 06:01:26 [next_song:3] Prepared "/var/azuracast/stations/evangile_du_royaume/media/Jingle/jingle_avant_message_05_vous_etes_a_lecoute_de_levangile_du_royaume.mp3" (RID 58).
2026/09/29 06:01:37 [decoder:2] Decoding "/var/azuracast/stations/evangile_du_royaume/media/Jingle/jingle_avant_message_05_vous_etes_a_lecoute_de_levangile_du_royaume.mp3" ended: Ffmpeg_decoder.End_of_file.
2026/09/29 06:01:38 [next_song:3] Prepared "/var/azuracast/stations/evangile_du_royaume/media/bosson_1_la_marche_avec_dieu.mp3" (RID 59).
