2026/09/04 00:00:35 [decoder:2] Decoding "/var/azuracast/stations/evangile_du_royaume/media/Cantiques du royaume/7-_gael_adorons_léternel.mp3" ended: Ffmpeg_decoder.End_of_file.
2026/09/04 00:00:35 [next_song:3] Prepared "/var/azuracast/stations/evangile_du_royaume/media/jingles_de_transition_2.mp3" (RID 1303).
2026/09/04 00:01:33 [lang:2] Could not perform http request: CurlException(Aborted_by_callback, 42, CURLE_ABORTED_BY_CALLBACK).
2026/09/04 00:01:33 [lang.deprecated:2] WARNING: "error.kind" is deprecated and will be removed in future version.
2026/09/04 00:01:33 [lang.deprecated:2] WARNING: "error.message" is deprecated and will be removed in future version.
2026/09/04 00:01:33 [lang:3] API djoff - Error: http - CurlException(Aborted_by_callback, 42, CURLE_ABORTED_BY_CALLBACK)
2026/09/04 00:01:33 [threads:2] Queue generic queue #1 crashed with exception Sys_error("Condition.wait: Operation not permitted")
2026/09/04 00:01:33 [threads:2] Raised by primitive operation at Duppy.queue.run in file "src/duppy.ml", line 341, characters 6-32
2026/09/04 00:01:33 [threads:2] Called from Duppy.queue in file "src/duppy.ml", line 357, characters 8-12
2026/09/04 00:01:33 [threads:2] Re-raised at Duppy.queue in file "src/duppy.ml", line 361, characters 8-17
2026/09/04 00:01:33 [threads:2] Called from Tutils.create.(fun).process in file "tools/tutils.ml", line 164, characters 12-15
2026/09/04 00:01:33 [threads:2] 
2026/09/04 00:01:33 [threads:1] PANIC: Liquidsoap has crashed, exiting.,
2026/09/04 00:01:33 [threads:1] Please report at: savonet-users@lists.sf.net
2026/09/04 00:01:37 [lang.deprecated:2] WARNING: "map_metadata" is deprecated and will be removed in future version. Please use "metadata.map" instead.
2026/09/04 00:01:37 [lang.deprecated:2] WARNING: "map_metadata" is deprecated and will be removed in future version. Please use "metadata.map" instead.
2026/09/04 00:01:37 [error_jingle:3] "/usr/local/share/icecast/web/error.mp3" is static, resolving once for all...
2026/09/04 00:01:37 [error_jingle:3] Prepared "/usr/local/share/icecast/web/error.mp3" (RID 6).
2026/09/04 00:01:37 [safe_fallback:3] Switch to error_jingle.
2026/09/04 00:01:38 [playlist_000_transition:3] Prepared "/var/azuracast/stations/evangile_du_royaume/media/jingles_de_transition_1.mp3" (RID 11).
2026/09/04 00:01:38 [safe_fallback:3] Switch to amplify_0 with transition.
2026/09/04 00:01:38 [live_fallback:3] Switch to cross_0.
2026/09/04 00:01:38 [interrupting_fallback:3] Switch to requests_fallback.
2026/09/04 00:01:38 [requests_fallback:3] Switch to autodj_fallback.
2026/09/04 00:01:38 [autodj_fallback:3] Switch to schedule_switch.
2026/09/04 00:01:38 [schedule_switch:3] Switch to metadata.map_0.
2026/09/04 00:01:48 [next_song:3] Prepared "/var/azuracast/stations/evangile_du_royaume/media/Jingle/jingle_avant_message_05_vous_etes_a_lecoute_de_levangile_du_royaume.mp3" (RID 14).
2026/09/04 00:03:13 [decoder:2] Decoding "/var/azuracast/stations/evangile_du_royaume/media/jingles_de_transition_1.mp3" ended: Ffmpeg_decoder.End_of_file.
2026/09/04 00:03:14 [playlist_bloc_a_serie_du_jour:3] Prepared "/var/azuracast/stations/evangile_du_royaume/media/Jingle/jingle_avant_message_05_vous_etes_a_lecoute_de_levangile_du_royaume.mp3" (RID 7).
2026/09/04 00:03:14 [schedule_switch:3] Switch to cue_playlist_bloc_a_serie_du_jour with forgetful transition.
2026/09/04 00:03:14 [autodj_fallback:3] Switch to dynamic_startup with forgetful transition.
2026/09/04 00:03:14 [dynamic_startup:3] Switch to cue_next_song.
2026/09/04 00:03:21 [decoder:2] Decoding "/var/azuracast/stations/evangile_du_royaume/media/Jingle/jingle_avant_message_05_vous_etes_a_lecoute_de_levangile_du_royaume.mp3" ended: Ffmpeg_decoder.End_of_file.
2026/09/04 00:03:22 [next_song:3] Prepared "/var/azuracast/stations/evangile_du_royaume/media/Jingle/jingle_avant_message_05_vous_etes_a_lecoute_de_levangile_du_royaume.mp3" (RID 15).
2026/09/04 00:03:30 [decoder:2] Decoding "/var/azuracast/stations/evangile_du_royaume/media/Jingle/jingle_avant_message_05_vous_etes_a_lecoute_de_levangile_du_royaume.mp3" ended: Ffmpeg_decoder.End_of_file.
2026/09/04 00:03:30 [next_song:3] Prepared "/var/azuracast/stations/evangile_du_royaume/media/Parole qui éclaire/pqe_c1.mp3" (RID 16).
2026/09/04 00:25:58 [decoder:2] Decoding "/var/azuracast/stations/evangile_du_royaume/media/Parole qui éclaire/pqe_c1.mp3" ended: Ffmpeg_decoder.End_of_file.
2026/09/04 00:25:59 [next_song:3] Prepared "/var/azuracast/stations/evangile_du_royaume/media/Jingle/jingle_avant_bible_07_place_a_la_lecture_de_la_bible.mp3" (RID 17).
2026/09/04 00:26:09 [decoder:2] Decoding "/var/azuracast/stations/evangile_du_royaume/media/Jingle/jingle_avant_bible_07_place_a_la_lecture_de_la_bible.mp3" ended: Ffmpeg_decoder.End_of_file.
2026/09/04 00:26:09 [next_song:3] Prepared "/var/azuracast/stations/evangile_du_royaume/media/La bible/tite_001.mp3" (RID 18).
2026/09/04 00:28:50 [decoder:2] Decoding "/var/azuracast/stations/evangile_du_royaume/media/La bible/tite_001.mp3" ended: Ffmpeg_decoder.End_of_file.
2026/09/04 00:28:50 [next_song:3] Prepared "/var/azuracast/stations/evangile_du_royaume/media/La bible/tite_002.mp3" (RID 19).
2026/09/04 00:30:57 [decoder:2] Decoding "/var/azuracast/stations/evangile_du_royaume/media/La bible/tite_002.mp3" ended: Ffmpeg_decoder.End_of_file.
2026/09/04 00:30:58 [next_song:3] Prepared "/var/azuracast/stations/evangile_du_royaume/media/La bible/tite_003.mp3" (RID 20).
2026/09/04 00:33:17 [decoder:2] Decoding "/var/azuracast/stations/evangile_du_royaume/media/La bible/tite_003.mp3" ended: Ffmpeg_decoder.End_of_file.
2026/09/04 00:33:17 [next_song:3] Prepared "/var/azuracast/stations/evangile_du_royaume/media/La bible/malachie_001.mp3" (RID 21).
2026/09/04 00:36:08 [decoder:2] Decoding "/var/azuracast/stations/evangile_du_royaume/media/La bible/malachie_001.mp3" ended: Ffmpeg_decoder.End_of_file.
2026/09/04 00:36:08 [next_song:3] Prepared "/var/azuracast/stations/evangile_du_royaume/media/La bible/malachie_002.mp3" (RID 22).
2026/09/04 00:39:22 [decoder:2] Decoding "/var/azuracast/stations/evangile_du_royaume/media/La bible/malachie_002.mp3" ended: Ffmpeg_decoder.End_of_file.
2026/09/04 00:39:22 [next_song:3] Prepared "/var/azuracast/stations/evangile_du_royaume/media/La bible/malachie_003.mp3" (RID 23).
2026/09/04 00:42:41 [decoder:2] Decoding "/var/azuracast/stations/evangile_du_royaume/media/La bible/malachie_003.mp3" ended: Ffmpeg_decoder.End_of_file.
2026/09/04 00:42:41 [next_song:3] Prepared "/var/azuracast/stations/evangile_du_royaume/media/La bible/malachie_004.mp3" (RID 24).
2026/09/04 00:43:43 [decoder:2] Decoding "/var/azuracast/stations/evangile_du_royaume/media/La bible/malachie_004.mp3" ended: Ffmpeg_decoder.End_of_file.
2026/09/04 00:43:44 [next_song:3] Prepared "/var/azuracast/stations/evangile_du_royaume/media/La bible/aggée_001.mp3" (RID 25).
2026/09/04 00:46:24 [decoder:2] Decoding "/var/azuracast/stations/evangile_du_royaume/media/La bible/aggée_001.mp3" ended: Ffmpeg_decoder.End_of_file.
2026/09/04 00:46:24 [next_song:3] Prepared "/var/azuracast/stations/evangile_du_royaume/media/La bible/aggée_002.mp3" (RID 26).
2026/09/04 00:50:19 [decoder:2] Decoding "/var/azuracast/stations/evangile_du_royaume/media/La bible/aggée_002.mp3" ended: Ffmpeg_decoder.End_of_file.
2026/09/04 00:50:20 [next_song:3] Prepared "/var/azuracast/stations/evangile_du_royaume/media/La bible/1_chroniques_009.mp3" (RID 27).
2026/09/04 00:56:08 [decoder:2] Decoding "/var/azuracast/stations/evangile_du_royaume/media/La bible/1_chroniques_009.mp3" ended: Ffmpeg_decoder.End_of_file.
2026/09/04 00:56:08 [next_song:3] Prepared "/var/azuracast/stations/evangile_du_royaume/media/La bible/1_chroniques_010.mp3" (RID 28).
2026/09/04 00:58:13 [decoder:2] Decoding "/var/azuracast/stations/evangile_du_royaume/media/La bible/1_chroniques_010.mp3" ended: Ffmpeg_decoder.End_of_file.
2026/09/04 00:58:14 [next_song:3] Prepared "/var/azuracast/stations/evangile_du_royaume/media/La bible/1_chroniques_011.mp3" (RID 29).
2026/09/04 01:04:26 [decoder:2] Decoding "/var/azuracast/stations/evangile_du_royaume/media/La bible/1_chroniques_011.mp3" ended: Ffmpeg_decoder.End_of_file.
2026/09/04 01:04:27 [next_song:3] Prepared "/var/azuracast/stations/evangile_du_royaume/media/La bible/1_chroniques_012.mp3" (RID 30).
2026/09/04 01:10:34 [decoder:2] Decoding "/var/azuracast/stations/evangile_du_royaume/media/La bible/1_chroniques_012.mp3" ended: Ffmpeg_decoder.End_of_file.
2026/09/04 01:10:35 [next_song:3] Prepared "/var/azuracast/stations/evangile_du_royaume/media/La bible/1_chroniques_013.mp3" (RID 31).
2026/09/04 01:12:45 [decoder:2] Decoding "/var/azuracast/stations/evangile_du_royaume/media/La bible/1_chroniques_013.mp3" ended: Ffmpeg_decoder.End_of_file.
2026/09/04 01:12:45 [next_song:3] Prepared "/var/azuracast/stations/evangile_du_royaume/media/La bible/1_chroniques_014.mp3" (RID 32).
2026/09/04 01:14:57 [decoder:2] Decoding "/var/azuracast/stations/evangile_du_royaume/media/La bible/1_chroniques_014.mp3" ended: Ffmpeg_decoder.End_of_file.
2026/09/04 01:14:58 [next_song:3] Prepared "/var/azuracast/stations/evangile_du_royaume/media/La bible/1_chroniques_015.mp3" (RID 33).
2026/09/04 01:19:23 [decoder:2] Decoding "/var/azuracast/stations/evangile_du_royaume/media/La bible/1_chroniques_015.mp3" ended: Ffmpeg_decoder.End_of_file.
2026/09/04 01:19:23 [next_song:3] Prepared "/var/azuracast/stations/evangile_du_royaume/media/La bible/1_chroniques_016.mp3" (RID 34).
2026/09/04 01:24:56 [decoder:2] Decoding "/var/azuracast/stations/evangile_du_royaume/media/La bible/1_chroniques_016.mp3" ended: Ffmpeg_decoder.End_of_file.
2026/09/04 01:24:57 [next_song:3] Prepared "/var/azuracast/stations/evangile_du_royaume/media/Jingle/jingle_avant_louange_07_voici_un_temps_de_louange.mp3" (RID 35).
2026/09/04 01:25:06 [decoder:2] Decoding "/var/azuracast/stations/evangile_du_royaume/media/Jingle/jingle_avant_louange_07_voici_un_temps_de_louange.mp3" ended: Ffmpeg_decoder.End_of_file.
2026/09/04 01:25:07 [next_song:3] Prepared "/var/azuracast/stations/evangile_du_royaume/media/Worship/29 - Thy Throne Oh Lord - Ketu HF.mp3" (RID 36).
2026/09/04 01:34:46 [decoder:2] Decoding "/var/azuracast/stations/evangile_du_royaume/media/Worship/29 - Thy Throne Oh Lord - Ketu HF.mp3" ended: Ffmpeg_decoder.End_of_file.
2026/09/04 01:34:47 [next_song:3] Prepared "/var/azuracast/stations/evangile_du_royaume/media/Cantiques du royaume/Cantique - Je veux vivre ton royaume.mp3" (RID 37).
2026/09/04 01:39:28 [decoder:2] Decoding "/var/azuracast/stations/evangile_du_royaume/media/Cantiques du royaume/Cantique - Je veux vivre ton royaume.mp3" ended: Ffmpeg_decoder.End_of_file.
2026/09/04 01:39:29 [next_song:3] Prepared "/var/azuracast/stations/evangile_du_royaume/media/Worship/40 - I See Your Face - Toronto HF.mp3" (RID 38).
2026/09/04 01:48:50 [decoder:2] Decoding "/var/azuracast/stations/evangile_du_royaume/media/Worship/40 - I See Your Face - Toronto HF.mp3" ended: Ffmpeg_decoder.End_of_file.
2026/09/04 01:48:50 [next_song:3] Prepared "/var/azuracast/stations/evangile_du_royaume/media/Cantiques du royaume/cantique___ta_lumière.mp3" (RID 39).
2026/09/04 01:55:22 [decoder:2] Decoding "/var/azuracast/stations/evangile_du_royaume/media/Cantiques du royaume/cantique___ta_lumière.mp3" ended: Ffmpeg_decoder.End_of_file.
2026/09/04 01:55:23 [next_song:3] Prepared "/var/azuracast/stations/evangile_du_royaume/media/Cantiques du royaume/8-_mohamed_sanogo_hymne_des_vainqueurs.mp3" (RID 40).
2026/09/04 02:01:29 [decoder:2] Decoding "/var/azuracast/stations/evangile_du_royaume/media/Cantiques du royaume/8-_mohamed_sanogo_hymne_des_vainqueurs.mp3" ended: Ffmpeg_decoder.End_of_file.
2026/09/04 02:01:30 [next_song:3] Prepared "/var/azuracast/stations/evangile_du_royaume/media/Cantiques du royaume/cantique__ta_bonte.mp3" (RID 41).
2026/09/04 02:07:33 [decoder:2] Decoding "/var/azuracast/stations/evangile_du_royaume/media/Cantiques du royaume/cantique__ta_bonte.mp3" ended: Ffmpeg_decoder.End_of_file.
2026/09/04 02:07:34 [next_song:3] Prepared "/var/azuracast/stations/evangile_du_royaume/media/Worship/39 - My Heart Rejoices - Toronto HF.mp3" (RID 42).
2026/09/04 02:15:52 [decoder:2] Decoding "/var/azuracast/stations/evangile_du_royaume/media/Worship/39 - My Heart Rejoices - Toronto HF.mp3" ended: Ffmpeg_decoder.End_of_file.
2026/09/04 02:15:52 [next_song:3] Prepared "/var/azuracast/stations/evangile_du_royaume/media/Cantiques du royaume/3-gabrielle_lidji_-_mélodie_céleste__by_lfxa(light_fx_animation)_2.mp3" (RID 43).
2026/09/04 02:21:09 [decoder:2] Decoding "/var/azuracast/stations/evangile_du_royaume/media/Cantiques du royaume/3-gabrielle_lidji_-_mélodie_céleste__by_lfxa(light_fx_animation)_2.mp3" ended: Ffmpeg_decoder.End_of_file.
2026/09/04 02:21:09 [next_song:3] Prepared "/var/azuracast/stations/evangile_du_royaume/media/Jingle/jingle_avant_bible_08_prenons_un_moment_pour_ecouter_la_parole.mp3" (RID 44).
2026/09/04 02:21:15 [decoder:2] Decoding "/var/azuracast/stations/evangile_du_royaume/media/Jingle/jingle_avant_bible_08_prenons_un_moment_pour_ecouter_la_parole.mp3" ended: Ffmpeg_decoder.End_of_file.
2026/09/04 02:21:16 [next_song:3] Prepared "/var/azuracast/stations/evangile_du_royaume/media/La bible/abdias_001.mp3" (RID 45).
2026/09/04 02:24:39 [decoder:2] Decoding "/var/azuracast/stations/evangile_du_royaume/media/La bible/abdias_001.mp3" ended: Ffmpeg_decoder.End_of_file.
2026/09/04 02:24:39 [next_song:3] Prepared "/var/azuracast/stations/evangile_du_royaume/media/La bible/osée_001.mp3" (RID 46).
2026/09/04 02:26:40 [decoder:2] Decoding "/var/azuracast/stations/evangile_du_royaume/media/La bible/osée_001.mp3" ended: Ffmpeg_decoder.End_of_file.
2026/09/04 02:26:41 [next_song:3] Prepared "/var/azuracast/stations/evangile_du_royaume/media/La bible/osée_002.mp3" (RID 47).
2026/09/04 02:30:07 [decoder:2] Decoding "/var/azuracast/stations/evangile_du_royaume/media/La bible/osée_002.mp3" ended: Ffmpeg_decoder.End_of_file.
2026/09/04 02:30:07 [next_song:3] Prepared "/var/azuracast/stations/evangile_du_royaume/media/La bible/osée_003.mp3" (RID 48).
2026/09/04 02:31:01 [decoder:2] Decoding "/var/azuracast/stations/evangile_du_royaume/media/La bible/osée_003.mp3" ended: Ffmpeg_decoder.End_of_file.
2026/09/04 02:31:02 [next_song:3] Prepared "/var/azuracast/stations/evangile_du_royaume/media/La bible/osée_004.mp3" (RID 49).
2026/09/04 02:33:55 [decoder:2] Decoding "/var/azuracast/stations/evangile_du_royaume/media/La bible/osée_004.mp3" ended: Ffmpeg_decoder.End_of_file.
2026/09/04 02:33:56 [next_song:3] Prepared "/var/azuracast/stations/evangile_du_royaume/media/La bible/osée_005.mp3" (RID 50).
2026/09/04 02:36:16 [decoder:2] Decoding "/var/azuracast/stations/evangile_du_royaume/media/La bible/osée_005.mp3" ended: Ffmpeg_decoder.End_of_file.
2026/09/04 02:36:17 [next_song:3] Prepared "/var/azuracast/stations/evangile_du_royaume/media/La bible/osée_006.mp3" (RID 51).
2026/09/04 02:37:45 [decoder:2] Decoding "/var/azuracast/stations/evangile_du_royaume/media/La bible/osée_006.mp3" ended: Ffmpeg_decoder.End_of_file.
2026/09/04 02:37:46 [next_song:3] Prepared "/var/azuracast/stations/evangile_du_royaume/media/La bible/osée_007.mp3" (RID 52).
2026/09/04 02:40:10 [decoder:2] Decoding "/var/azuracast/stations/evangile_du_royaume/media/La bible/osée_007.mp3" ended: Ffmpeg_decoder.End_of_file.
2026/09/04 02:40:10 [next_song:3] Prepared "/var/azuracast/stations/evangile_du_royaume/media/La bible/osée_008.mp3" (RID 53).
2026/09/04 02:42:13 [decoder:2] Decoding "/var/azuracast/stations/evangile_du_royaume/media/La bible/osée_008.mp3" ended: Ffmpeg_decoder.End_of_file.
2026/09/04 02:42:13 [next_song:3] Prepared "/var/azuracast/stations/evangile_du_royaume/media/La bible/osée_009.mp3" (RID 54).
2026/09/04 02:45:15 [decoder:2] Decoding "/var/azuracast/stations/evangile_du_royaume/media/La bible/osée_009.mp3" ended: Ffmpeg_decoder.End_of_file.
2026/09/04 02:45:15 [next_song:3] Prepared "/var/azuracast/stations/evangile_du_royaume/media/La bible/osée_010.mp3" (RID 55).
2026/09/04 02:47:49 [decoder:2] Decoding "/var/azuracast/stations/evangile_du_royaume/media/La bible/osée_010.mp3" ended: Ffmpeg_decoder.End_of_file.
2026/09/04 02:47:49 [next_song:3] Prepared "/var/azuracast/stations/evangile_du_royaume/media/La bible/osée_011.mp3" (RID 56).
2026/09/04 02:49:39 [decoder:2] Decoding "/var/azuracast/stations/evangile_du_royaume/media/La bible/osée_011.mp3" ended: Ffmpeg_decoder.End_of_file.
2026/09/04 02:49:40 [next_song:3] Prepared "/var/azuracast/stations/evangile_du_royaume/media/Jingle/jingle_avant_louange_05_elevons_nos_coeurs_vers_dieu.mp3" (RID 57).
2026/09/04 02:49:48 [decoder:2] Decoding "/var/azuracast/stations/evangile_du_royaume/media/Jingle/jingle_avant_louange_05_elevons_nos_coeurs_vers_dieu.mp3" ended: Ffmpeg_decoder.End_of_file.
2026/09/04 02:49:48 [next_song:3] Prepared "/var/azuracast/stations/evangile_du_royaume/media/SWBN Lead Concert Live Worship/01 - Holy is the Lord (Emmanuel Umoh).mp3" (RID 58).
2026/09/04 02:57:03 [decoder:2] Decoding "/var/azuracast/stations/evangile_du_royaume/media/SWBN Lead Concert Live Worship/01 - Holy is the Lord (Emmanuel Umoh).mp3" ended: Ffmpeg_decoder.End_of_file.
2026/09/04 02:57:04 [next_song:3] Prepared "/var/azuracast/stations/evangile_du_royaume/media/Worship/20 - Yahweh Be Praised - Abuja HF.mp3" (RID 59).
2026/09/04 03:02:16 [decoder:2] Decoding "/var/azuracast/stations/evangile_du_royaume/media/Worship/20 - Yahweh Be Praised - Abuja HF.mp3" ended: Ffmpeg_decoder.End_of_file.
2026/09/04 03:02:17 [next_song:3] Prepared "/var/azuracast/stations/evangile_du_royaume/media/Worship/14 - Great & Marvelluos - Toronto HF.mp3" (RID 60).
2026/09/04 03:14:07 [decoder:2] Decoding "/var/azuracast/stations/evangile_du_royaume/media/Worship/14 - Great & Marvelluos - Toronto HF.mp3" ended: Ffmpeg_decoder.End_of_file.
2026/09/04 03:14:08 [next_song:3] Prepared "/var/azuracast/stations/evangile_du_royaume/media/Cantiques du royaume/6-_igwe.mp3" (RID 61).
2026/09/04 03:19:15 [decoder:2] Decoding "/var/azuracast/stations/evangile_du_royaume/media/Cantiques du royaume/6-_igwe.mp3" ended: Ffmpeg_decoder.End_of_file.
2026/09/04 03:19:16 [next_song:3] Prepared "/var/azuracast/stations/evangile_du_royaume/media/Worship/91 - Ella Samuels - Oh Lord Our Maker.mp3" (RID 62).
2026/09/04 03:24:57 [decoder:2] Decoding "/var/azuracast/stations/evangile_du_royaume/media/Worship/91 - Ella Samuels - Oh Lord Our Maker.mp3" ended: Ffmpeg_decoder.End_of_file.
2026/09/04 03:24:58 [next_song:3] Prepared "/var/azuracast/stations/evangile_du_royaume/media/Cantiques du royaume/Cantique-A jamais, tu seras l_Agneau de Dieu.mp3" (RID 63).
2026/09/04 03:34:09 [decoder:2] Decoding "/var/azuracast/stations/evangile_du_royaume/media/Cantiques du royaume/Cantique-A jamais, tu seras l_Agneau de Dieu.mp3" ended: Ffmpeg_decoder.End_of_file.
2026/09/04 03:34:10 [next_song:3] Prepared "/var/azuracast/stations/evangile_du_royaume/media/SWBN Lead Concert Live Worship/05 - Jesus I'm Waiting for You (Mary Umoh).mp3" (RID 64).
2026/09/04 03:39:57 [decoder:2] Decoding "/var/azuracast/stations/evangile_du_royaume/media/SWBN Lead Concert Live Worship/05 - Jesus I'm Waiting for You (Mary Umoh).mp3" ended: Ffmpeg_decoder.End_of_file.
2026/09/04 03:39:57 [next_song:3] Prepared "/var/azuracast/stations/evangile_du_royaume/media/Worship/67 - My God Is Good - Winnipeg Fellowship.mp3" (RID 65).
2026/09/04 03:47:03 [decoder:2] Decoding "/var/azuracast/stations/evangile_du_royaume/media/Worship/67 - My God Is Good - Winnipeg Fellowship.mp3" ended: Ffmpeg_decoder.End_of_file.
2026/09/04 03:47:04 [next_song:3] Prepared "/var/azuracast/stations/evangile_du_royaume/media/Jingle/jingle_avant_bible_06_ouvrons_les_saintes_ecritures.mp3" (RID 66).
2026/09/04 03:47:11 [decoder:2] Decoding "/var/azuracast/stations/evangile_du_royaume/media/Jingle/jingle_avant_bible_06_ouvrons_les_saintes_ecritures.mp3" ended: Ffmpeg_decoder.End_of_file.
2026/09/04 03:47:12 [next_song:3] Prepared "/var/azuracast/stations/evangile_du_royaume/media/La bible/nahum_001.mp3" (RID 67).
2026/09/04 03:49:30 [decoder:2] Decoding "/var/azuracast/stations/evangile_du_royaume/media/La bible/nahum_001.mp3" ended: Ffmpeg_decoder.End_of_file.
2026/09/04 03:49:30 [next_song:3] Prepared "/var/azuracast/stations/evangile_du_royaume/media/La bible/nahum_002.mp3" (RID 68).
2026/09/04 03:51:31 [decoder:2] Decoding "/var/azuracast/stations/evangile_du_royaume/media/La bible/nahum_002.mp3" ended: Ffmpeg_decoder.End_of_file.
2026/09/04 03:51:31 [next_song:3] Prepared "/var/azuracast/stations/evangile_du_royaume/media/La bible/nahum_003.mp3" (RID 69).
2026/09/04 03:54:31 [decoder:2] Decoding "/var/azuracast/stations/evangile_du_royaume/media/La bible/nahum_003.mp3" ended: Ffmpeg_decoder.End_of_file.
2026/09/04 03:54:31 [next_song:3] Prepared "/var/azuracast/stations/evangile_du_royaume/media/La bible/habacuc_001.mp3" (RID 70).
2026/09/04 03:57:08 [decoder:2] Decoding "/var/azuracast/stations/evangile_du_royaume/media/La bible/habacuc_001.mp3" ended: Ffmpeg_decoder.End_of_file.
2026/09/04 03:57:08 [next_song:3] Prepared "/var/azuracast/stations/evangile_du_royaume/media/La bible/habacuc_002.mp3" (RID 71).
2026/09/04 04:00:29 [decoder:2] Decoding "/var/azuracast/stations/evangile_du_royaume/media/La bible/habacuc_002.mp3" ended: Ffmpeg_decoder.End_of_file.
2026/09/04 04:00:30 [next_song:3] Prepared "/var/azuracast/stations/evangile_du_royaume/media/La bible/habacuc_003.mp3" (RID 72).
2026/09/04 04:03:38 [decoder:2] Decoding "/var/azuracast/stations/evangile_du_royaume/media/La bible/habacuc_003.mp3" ended: Ffmpeg_decoder.End_of_file.
2026/09/04 04:03:38 [next_song:3] Prepared "/var/azuracast/stations/evangile_du_royaume/media/La bible/1_timothée_001.mp3" (RID 73).
2026/09/04 04:06:51 [decoder:2] Decoding "/var/azuracast/stations/evangile_du_royaume/media/La bible/1_timothée_001.mp3" ended: Ffmpeg_decoder.End_of_file.
2026/09/04 04:06:51 [next_song:3] Prepared "/var/azuracast/stations/evangile_du_royaume/media/La bible/1_timothée_002.mp3" (RID 74).
2026/09/04 04:08:58 [decoder:2] Decoding "/var/azuracast/stations/evangile_du_royaume/media/La bible/1_timothée_002.mp3" ended: Ffmpeg_decoder.End_of_file.
2026/09/04 04:08:58 [next_song:3] Prepared "/var/azuracast/stations/evangile_du_royaume/media/La bible/1_timothée_003.mp3" (RID 75).
2026/09/04 04:11:20 [decoder:2] Decoding "/var/azuracast/stations/evangile_du_royaume/media/La bible/1_timothée_003.mp3" ended: Ffmpeg_decoder.End_of_file.
2026/09/04 04:11:20 [next_song:3] Prepared "/var/azuracast/stations/evangile_du_royaume/media/La bible/1_timothée_004.mp3" (RID 76).
2026/09/04 04:13:46 [decoder:2] Decoding "/var/azuracast/stations/evangile_du_royaume/media/La bible/1_timothée_004.mp3" ended: Ffmpeg_decoder.End_of_file.
2026/09/04 04:13:47 [next_song:3] Prepared "/var/azuracast/stations/evangile_du_royaume/media/La bible/1_timothée_005.mp3" (RID 77).
2026/09/04 04:17:29 [decoder:2] Decoding "/var/azuracast/stations/evangile_du_royaume/media/La bible/1_timothée_005.mp3" ended: Ffmpeg_decoder.End_of_file.
2026/09/04 04:17:29 [next_song:3] Prepared "/var/azuracast/stations/evangile_du_royaume/media/La bible/1_timothée_006.mp3" (RID 78).
2026/09/04 04:21:19 [decoder:2] Decoding "/var/azuracast/stations/evangile_du_royaume/media/La bible/1_timothée_006.mp3" ended: Ffmpeg_decoder.End_of_file.
2026/09/04 04:21:19 [next_song:3] Prepared "/var/azuracast/stations/evangile_du_royaume/media/La bible/apocalypse_017.mp3" (RID 79).
2026/09/04 04:25:01 [decoder:2] Decoding "/var/azuracast/stations/evangile_du_royaume/media/La bible/apocalypse_017.mp3" ended: Ffmpeg_decoder.End_of_file.
2026/09/04 04:25:01 [next_song:3] Prepared "/var/azuracast/stations/evangile_du_royaume/media/La bible/apocalypse_018.mp3" (RID 80).
2026/09/04 04:30:14 [decoder:2] Decoding "/var/azuracast/stations/evangile_du_royaume/media/La bible/apocalypse_018.mp3" ended: Ffmpeg_decoder.End_of_file.
2026/09/04 04:30:14 [next_song:3] Prepared "/var/azuracast/stations/evangile_du_royaume/media/Jingle/jingle_avant_louange_06_que_la_louange_seleve.mp3" (RID 81).
2026/09/04 04:30:22 [decoder:2] Decoding "/var/azuracast/stations/evangile_du_royaume/media/Jingle/jingle_avant_louange_06_que_la_louange_seleve.mp3" ended: Ffmpeg_decoder.End_of_file.
2026/09/04 04:30:22 [next_song:3] Prepared "/var/azuracast/stations/evangile_du_royaume/media/Worship/33 - By the word of the lord - Ketu HF.mp3" (RID 82).
2026/09/04 04:35:41 [decoder:2] Decoding "/var/azuracast/stations/evangile_du_royaume/media/Worship/33 - By the word of the lord - Ketu HF.mp3" ended: Ffmpeg_decoder.End_of_file.
2026/09/04 04:35:41 [next_song:3] Prepared "/var/azuracast/stations/evangile_du_royaume/media/Worship/16 - I Will Not Be Silent - Calabar HF.mp3" (RID 83).
2026/09/04 05:59:38 [decoder:2] Decoding "/var/azuracast/stations/evangile_du_royaume/media/Worship/54 - He Has Given Me - PHF.mp3" ended: Ffmpeg_decoder.End_of_file.
2026/09/04 05:59:38 [autodj_fallback:3] Switch to schedule_switch with forgetful transition.
2026/09/04 05:59:46 [decoder:2] Decoding "/var/azuracast/stations/evangile_du_royaume/media/Jingle/jingle_avant_message_05_vous_etes_a_lecoute_de_levangile_du_royaume.mp3" ended: Ffmpeg_decoder.End_of_file.
2026/09/04 05:59:50 [safe_fallback:3] Switch to error_jingle with forgetful transition.
2026/09/04 06:00:00 [playlist_bloc_b_serie_du_jour:3] Prepared "/var/azuracast/stations/evangile_du_royaume/media/Jingle/jingle_avant_message_01_voici_le_message_du_jour.mp3" (RID 8).
2026/09/04 06:00:00 [safe_fallback:3] Switch to amplify_0 with transition.
2026/09/04 06:00:00 [live_fallback:3] Switch to cross_0.
2026/09/04 06:00:00 [interrupting_fallback:3] Switch to requests_fallback.
2026/09/04 06:00:00 [requests_fallback:3] Switch to autodj_fallback.
2026/09/04 06:00:00 [autodj_fallback:3] Switch to schedule_switch.
2026/09/04 06:00:00 [schedule_switch:3] Switch to cue_playlist_bloc_b_serie_du_jour.
2026/09/04 06:00:10 [decoder:2] Decoding "/var/azuracast/stations/evangile_du_royaume/media/Jingle/jingle_avant_message_01_voici_le_message_du_jour.mp3" ended: Ffmpeg_decoder.End_of_file.
2026/09/04 06:00:10 [playlist_bloc_b_serie_du_jour:3] Prepared "/var/azuracast/stations/evangile_du_royaume/media/Parole qui éclaire/pqe_c1.mp3" (RID 102).
2026/09/04 06:22:38 [decoder:2] Decoding "/var/azuracast/stations/evangile_du_royaume/media/Parole qui éclaire/pqe_c1.mp3" ended: Ffmpeg_decoder.End_of_file.
2026/09/04 06:22:39 [playlist_bloc_b_serie_du_jour:3] Prepared "/var/azuracast/stations/evangile_du_royaume/media/Jingle/jingle_avant_bible_08_prenons_un_moment_pour_ecouter_la_parole.mp3" (RID 103).
2026/09/04 06:22:39 [next_song:3] Prepared "/var/azuracast/stations/evangile_du_royaume/media/Jingle/jingle_avant_message_01_voici_le_message_du_jour.mp3" (RID 104).
2026/09/04 06:22:39 [autodj_fallback:3] Switch to dynamic_startup with forgetful transition.
2026/09/04 06:22:39 [dynamic_startup:3] Switch to cue_next_song.
2026/09/04 06:22:49 [decoder:2] Decoding "/var/azuracast/stations/evangile_du_royaume/media/Jingle/jingle_avant_message_01_voici_le_message_du_jour.mp3" ended: Ffmpeg_decoder.End_of_file.
2026/09/04 06:22:49 [next_song:3] Prepared "/var/azuracast/stations/evangile_du_royaume/media/Parole qui éclaire/pqe_c1.mp3" (RID 105).
2026/09/04 06:45:17 [decoder:2] Decoding "/var/azuracast/stations/evangile_du_royaume/media/Parole qui éclaire/pqe_c1.mp3" ended: Ffmpeg_decoder.End_of_file.
2026/09/04 06:45:18 [next_song:3] Prepared "/var/azuracast/stations/evangile_du_royaume/media/Jingle/jingle_avant_bible_08_prenons_un_moment_pour_ecouter_la_parole.mp3" (RID 106).
2026/09/04 06:45:24 [decoder:2] Decoding "/var/azuracast/stations/evangile_du_royaume/media/Jingle/jingle_avant_bible_08_prenons_un_moment_pour_ecouter_la_parole.mp3" ended: Ffmpeg_decoder.End_of_file.
2026/09/04 06:45:24 [next_song:3] Prepared "/var/azuracast/stations/evangile_du_royaume/media/La bible/lamentations_001.mp3" (RID 107).
2026/09/04 06:50:31 [decoder:2] Decoding "/var/azuracast/stations/evangile_du_royaume/media/La bible/lamentations_001.mp3" ended: Ffmpeg_decoder.End_of_file.
2026/09/04 06:50:31 [next_song:3] Prepared "/var/azuracast/stations/evangile_du_royaume/media/La bible/lamentations_002.mp3" (RID 108).
2026/09/04 06:55:43 [decoder:2] Decoding "/var/azuracast/stations/evangile_du_royaume/media/La bible/lamentations_002.mp3" ended: Ffmpeg_decoder.End_of_file.
2026/09/04 06:55:43 [next_song:3] Prepared "/var/azuracast/stations/evangile_du_royaume/media/La bible/lamentations_003.mp3" (RID 109).
2026/09/04 07:01:42 [decoder:2] Decoding "/var/azuracast/stations/evangile_du_royaume/media/La bible/lamentations_003.mp3" ended: Ffmpeg_decoder.End_of_file.
2026/09/04 07:01:42 [next_song:3] Prepared "/var/azuracast/stations/evangile_du_royaume/media/La bible/lamentations_004.mp3" (RID 110).
2026/09/04 07:05:36 [decoder:2] Decoding "/var/azuracast/stations/evangile_du_royaume/media/La bible/lamentations_004.mp3" ended: Ffmpeg_decoder.End_of_file.
2026/09/04 07:05:36 [next_song:3] Prepared "/var/azuracast/stations/evangile_du_royaume/media/La bible/lamentations_005.mp3" (RID 111).
2026/09/04 07:07:53 [decoder:2] Decoding "/var/azuracast/stations/evangile_du_royaume/media/La bible/lamentations_005.mp3" ended: Ffmpeg_decoder.End_of_file.
2026/09/04 07:07:54 [next_song:3] Prepared "/var/azuracast/stations/evangile_du_royaume/media/La bible/jude_001.mp3" (RID 112).
2026/09/04 07:12:18 [decoder:2] Decoding "/var/azuracast/stations/evangile_du_royaume/media/La bible/jude_001.mp3" ended: Ffmpeg_decoder.End_of_file.
2026/09/04 07:12:18 [next_song:3] Prepared "/var/azuracast/stations/evangile_du_royaume/media/La bible/2_rois_021.mp3" (RID 113).
2026/09/04 07:16:26 [decoder:2] Decoding "/var/azuracast/stations/evangile_du_royaume/media/La bible/2_rois_021.mp3" ended: Ffmpeg_decoder.End_of_file.
2026/09/04 07:16:26 [next_song:3] Prepared "/var/azuracast/stations/evangile_du_royaume/media/La bible/2_rois_022.mp3" (RID 114).
2026/09/04 07:20:25 [decoder:2] Decoding "/var/azuracast/stations/evangile_du_royaume/media/La bible/2_rois_022.mp3" ended: Ffmpeg_decoder.End_of_file.
2026/09/04 07:20:26 [next_song:3] Prepared "/var/azuracast/stations/evangile_du_royaume/media/La bible/2_rois_023.mp3" (RID 115).
2026/09/04 07:28:14 [decoder:2] Decoding "/var/azuracast/stations/evangile_du_royaume/media/La bible/2_rois_023.mp3" ended: Ffmpeg_decoder.End_of_file.
2026/09/04 07:28:14 [next_song:3] Prepared "/var/azuracast/stations/evangile_du_royaume/media/La bible/2_rois_024.mp3" (RID 116).
2026/09/04 07:31:36 [decoder:2] Decoding "/var/azuracast/stations/evangile_du_royaume/media/La bible/2_rois_024.mp3" ended: Ffmpeg_decoder.End_of_file.
2026/09/04 07:31:37 [next_song:3] Prepared "/var/azuracast/stations/evangile_du_royaume/media/La bible/2_rois_025.mp3" (RID 117).
2026/09/04 07:37:05 [decoder:2] Decoding "/var/azuracast/stations/evangile_du_royaume/media/La bible/2_rois_025.mp3" ended: Ffmpeg_decoder.End_of_file.
2026/09/04 07:37:06 [next_song:3] Prepared "/var/azuracast/stations/evangile_du_royaume/media/La bible/josué_020.mp3" (RID 118).
2026/09/04 07:38:55 [decoder:2] Decoding "/var/azuracast/stations/evangile_du_royaume/media/La bible/josué_020.mp3" ended: Ffmpeg_decoder.End_of_file.
2026/09/04 07:38:56 [next_song:3] Prepared "/var/azuracast/stations/evangile_du_royaume/media/La bible/josué_021.mp3" (RID 119).
2026/09/04 07:44:27 [decoder:2] Decoding "/var/azuracast/stations/evangile_du_royaume/media/La bible/josué_021.mp3" ended: Ffmpeg_decoder.End_of_file.
2026/09/04 07:44:27 [next_song:3] Prepared "/var/azuracast/stations/evangile_du_royaume/media/Jingle/jingle_avant_louange_05_elevons_nos_coeurs_vers_dieu.mp3" (RID 120).
2026/09/04 07:44:35 [decoder:2] Decoding "/var/azuracast/stations/evangile_du_royaume/media/Jingle/jingle_avant_louange_05_elevons_nos_coeurs_vers_dieu.mp3" ended: Ffmpeg_decoder.End_of_file.
2026/09/04 07:44:36 [next_song:3] Prepared "/var/azuracast/stations/evangile_du_royaume/media/Worship/30 - Yeshua I'm Waiting for You  - Ketu HF.mp3" (RID 121).
2026/09/04 07:49:21 [decoder:2] Decoding "/var/azuracast/stations/evangile_du_royaume/media/Worship/30 - Yeshua I'm Waiting for You  - Ketu HF.mp3" ended: Ffmpeg_decoder.End_of_file.
2026/09/04 07:49:22 [next_song:3] Prepared "/var/azuracast/stations/evangile_du_royaume/media/Worship/47 - You Are the Captain of the Host - Toronto HF.mp3" (RID 122).
2026/09/04 07:52:16 [decoder:2] Decoding "/var/azuracast/stations/evangile_du_royaume/media/Worship/47 - You Are the Captain of the Host - Toronto HF.mp3" ended: Ffmpeg_decoder.End_of_file.
2026/09/04 07:52:16 [next_song:3] Prepared "/var/azuracast/stations/evangile_du_royaume/media/Worship/60 - Be Exalted - PHF.mp3" (RID 123).
2026/09/04 08:02:52 [decoder:2] Decoding "/var/azuracast/stations/evangile_du_royaume/media/Worship/60 - Be Exalted - PHF.mp3" ended: Ffmpeg_decoder.End_of_file.
2026/09/04 08:02:52 [next_song:3] Prepared "/var/azuracast/stations/evangile_du_royaume/media/Worship/27 - Forever You Reign - Abuja HF.mp3" (RID 124).
2026/09/04 08:08:37 [decoder:2] Decoding "/var/azuracast/stations/evangile_du_royaume/media/Worship/27 - Forever You Reign - Abuja HF.mp3" ended: Ffmpeg_decoder.End_of_file.
2026/09/04 08:08:38 [next_song:3] Prepared "/var/azuracast/stations/evangile_du_royaume/media/SWBN Lead Concert Live Worship/04 - The King is Here (Abasiama Timothy).mp3" (RID 125).
2026/09/04 08:14:47 [decoder:2] Decoding "/var/azuracast/stations/evangile_du_royaume/media/SWBN Lead Concert Live Worship/04 - The King is Here (Abasiama Timothy).mp3" ended: Ffmpeg_decoder.End_of_file.
2026/09/04 08:14:47 [next_song:3] Prepared "/var/azuracast/stations/evangile_du_royaume/media/Worship/68 - Shine in Darkness O Lord  - Winnipeg Fellowship.mp3" (RID 126).
2026/09/04 08:25:08 [decoder:2] Decoding "/var/azuracast/stations/evangile_du_royaume/media/Worship/68 - Shine in Darkness O Lord  - Winnipeg Fellowship.mp3" ended: Ffmpeg_decoder.End_of_file.
2026/09/04 08:25:09 [next_song:3] Prepared "/var/azuracast/stations/evangile_du_royaume/media/Worship/51 - Hallelujah - PHF.mp3" (RID 127).
2026/09/04 08:32:35 [decoder:2] Decoding "/var/azuracast/stations/evangile_du_royaume/media/Worship/51 - Hallelujah - PHF.mp3" ended: Ffmpeg_decoder.End_of_file.
2026/09/04 08:32:35 [next_song:3] Prepared "/var/azuracast/stations/evangile_du_royaume/media/Cantiques du royaume/jean-christ_-_6_minutes.mp3" (RID 128).
2026/09/04 08:39:13 [decoder:2] Decoding "/var/azuracast/stations/evangile_du_royaume/media/Cantiques du royaume/jean-christ_-_6_minutes.mp3" ended: Ffmpeg_decoder.End_of_file.
2026/09/04 08:39:13 [next_song:3] Prepared "/var/azuracast/stations/evangile_du_royaume/media/Worship/84 - Song Of Victory - Emmanuel Igunbor.mp3" (RID 129).
2026/09/04 08:43:16 [decoder:2] Decoding "/var/azuracast/stations/evangile_du_royaume/media/Worship/84 - Song Of Victory - Emmanuel Igunbor.mp3" ended: Ffmpeg_decoder.End_of_file.
2026/09/04 08:43:16 [next_song:3] Prepared "/var/azuracast/stations/evangile_du_royaume/media/Jingle/jingle_avant_bible_06_ouvrons_les_saintes_ecritures.mp3" (RID 130).
2026/09/04 08:43:24 [decoder:2] Decoding "/var/azuracast/stations/evangile_du_royaume/media/Jingle/jingle_avant_bible_06_ouvrons_les_saintes_ecritures.mp3" ended: Ffmpeg_decoder.End_of_file.
2026/09/04 08:43:24 [next_song:3] Prepared "/var/azuracast/stations/evangile_du_royaume/media/La bible/exode_029.mp3" (RID 131).
2026/09/04 08:51:40 [decoder:2] Decoding "/var/azuracast/stations/evangile_du_royaume/media/La bible/exode_029.mp3" ended: Ffmpeg_decoder.End_of_file.
2026/09/04 08:51:41 [next_song:3] Prepared "/var/azuracast/stations/evangile_du_royaume/media/La bible/exode_030.mp3" (RID 132).
2026/09/04 08:57:55 [decoder:2] Decoding "/var/azuracast/stations/evangile_du_royaume/media/La bible/exode_030.mp3" ended: Ffmpeg_decoder.End_of_file.
2026/09/04 08:57:56 [next_song:3] Prepared "/var/azuracast/stations/evangile_du_royaume/media/La bible/exode_031.mp3" (RID 133).
2026/09/04 09:01:10 [decoder:2] Decoding "/var/azuracast/stations/evangile_du_royaume/media/La bible/exode_031.mp3" ended: Ffmpeg_decoder.End_of_file.
2026/09/04 09:01:10 [next_song:3] Prepared "/var/azuracast/stations/evangile_du_royaume/media/La bible/exode_032.mp3" (RID 134).
2026/09/04 09:08:11 [decoder:2] Decoding "/var/azuracast/stations/evangile_du_royaume/media/La bible/exode_032.mp3" ended: Ffmpeg_decoder.End_of_file.
2026/09/04 09:08:11 [next_song:3] Prepared "/var/azuracast/stations/evangile_du_royaume/media/La bible/exode_033.mp3" (RID 135).
2026/09/04 09:13:09 [decoder:2] Decoding "/var/azuracast/stations/evangile_du_royaume/media/La bible/exode_033.mp3" ended: Ffmpeg_decoder.End_of_file.
2026/09/04 09:13:09 [next_song:3] Prepared "/var/azuracast/stations/evangile_du_royaume/media/Jingle/jingle_avant_louange_06_que_la_louange_seleve.mp3" (RID 136).
2026/09/04 09:13:16 [decoder:2] Decoding "/var/azuracast/stations/evangile_du_royaume/media/Jingle/jingle_avant_louange_06_que_la_louange_seleve.mp3" ended: Ffmpeg_decoder.End_of_file.
2026/09/04 09:13:17 [next_song:3] Prepared "/var/azuracast/stations/evangile_du_royaume/media/Worship/75 - How Precious Oh Lord.mp3" (RID 137).
2026/09/04 09:18:59 [decoder:2] Decoding "/var/azuracast/stations/evangile_du_royaume/media/Worship/75 - How Precious Oh Lord.mp3" ended: Ffmpeg_decoder.End_of_file.
2026/09/04 09:18:59 [next_song:3] Prepared "/var/azuracast/stations/evangile_du_royaume/media/Worship/08 - I Enter The Holy of Holies - Port Harcourt HF.mp3" (RID 138).
2026/09/04 09:24:01 [decoder:2] Decoding "/var/azuracast/stations/evangile_du_royaume/media/Worship/08 - I Enter The Holy of Holies - Port Harcourt HF.mp3" ended: Ffmpeg_decoder.End_of_file.
2026/09/04 09:24:01 [next_song:3] Prepared "/var/azuracast/stations/evangile_du_royaume/media/Worship/71 - In the Day of Your Power  - Winnipeg Fellowship.mp3" (RID 139).
2026/09/04 09:32:19 [decoder:2] Decoding "/var/azuracast/stations/evangile_du_royaume/media/Worship/71 - In the Day of Your Power  - Winnipeg Fellowship.mp3" ended: Ffmpeg_decoder.End_of_file.
2026/09/04 09:32:20 [next_song:3] Prepared "/var/azuracast/stations/evangile_du_royaume/media/Worship/10 - Yeshua Hamashiach - Calabar HF.mp3" (RID 140).
2026/09/04 09:40:39 [decoder:2] Decoding "/var/azuracast/stations/evangile_du_royaume/media/Worship/10 - Yeshua Hamashiach - Calabar HF.mp3" ended: Ffmpeg_decoder.End_of_file.
2026/09/04 09:40:39 [next_song:3] Prepared "/var/azuracast/stations/evangile_du_royaume/media/Cantiques du royaume/cantique_-_jai_donné_ma_vie_à_jésus_(1).mp3" (RID 141).
