2026/08/26 00:00:04 [decoder:2] Decoding "/var/azuracast/stations/evangile_du_royaume/media/Jingle/jingle_avant_bible_08_prenons_un_moment_pour_ecouter_la_parole.mp3" ended: Ffmpeg_decoder.End_of_file.
2026/08/26 00:00:05 [playlist_000_transition:3] Prepared "/var/azuracast/stations/evangile_du_royaume/media/jingles_de_transition_2.mp3" (RID 12).
2026/08/26 00:00:05 [schedule_switch:3] Switch to metadata.map_0 with forgetful transition.
2026/08/26 00:00:06 [clock.main:2] We must catchup 1.04 seconds!
2026/08/26 00:00:07 [clock.main:2] We must catchup 1.26 seconds!
2026/08/26 00:00:10 [clock.main:2] We must catchup 1.05 seconds!
2026/08/26 00:00:11 [clock.main:2] We must catchup 1.14 seconds!
2026/08/26 00:01:22 [threads:2] Queue generic queue #2 crashed with exception Sys_error("Condition.wait: Operation not permitted")
2026/08/26 00:01:22 [threads:2] Raised by primitive operation at Duppy.queue.run in file "src/duppy.ml", line 341, characters 6-32
2026/08/26 00:01:22 [threads:2] Called from Duppy.queue in file "src/duppy.ml", line 357, characters 8-12
2026/08/26 00:01:22 [threads:2] Re-raised at Duppy.queue in file "src/duppy.ml", line 361, characters 8-17
2026/08/26 00:01:22 [threads:2] Called from Tutils.create.(fun).process in file "tools/tutils.ml", line 164, characters 12-15
2026/08/26 00:01:22 [threads:2] 
2026/08/26 00:01:22 [threads:1] PANIC: Liquidsoap has crashed, exiting.,
2026/08/26 00:01:22 [threads:1] Please report at: savonet-users@lists.sf.net
2026/08/26 00:01:26 [lang.deprecated:2] WARNING: "map_metadata" is deprecated and will be removed in future version. Please use "metadata.map" instead.
2026/08/26 00:01:26 [lang.deprecated:2] WARNING: "map_metadata" is deprecated and will be removed in future version. Please use "metadata.map" instead.
2026/08/26 00:01:26 [error_jingle:3] "/usr/local/share/icecast/web/error.mp3" is static, resolving once for all...
2026/08/26 00:01:27 [error_jingle:3] Prepared "/usr/local/share/icecast/web/error.mp3" (RID 6).
2026/08/26 00:01:27 [playlist_000_transition:3] Prepared "/var/azuracast/stations/evangile_du_royaume/media/jingles_de_transition_2.mp3" (RID 11).
2026/08/26 00:01:27 [safe_fallback:3] Switch to amplify_0 with transition.
2026/08/26 00:01:27 [live_fallback:3] Switch to cross_0.
2026/08/26 00:01:27 [interrupting_fallback:3] Switch to requests_fallback.
2026/08/26 00:01:27 [requests_fallback:3] Switch to autodj_fallback.
2026/08/26 00:01:27 [autodj_fallback:3] Switch to schedule_switch.
2026/08/26 00:01:27 [schedule_switch:3] Switch to metadata.map_0.
2026/08/26 00:01:38 [next_song:3] Prepared "/var/azuracast/stations/evangile_du_royaume/media/Jingle/jingle_avant_message_04_bienvenue_sur_parole_prophetique_fm.mp3" (RID 14).
2026/08/26 00:02:56 [decoder:2] Decoding "/var/azuracast/stations/evangile_du_royaume/media/jingles_de_transition_2.mp3" ended: Ffmpeg_decoder.End_of_file.
2026/08/26 00:02:56 [playlist_bloc_a_serie_du_jour:3] Prepared "/var/azuracast/stations/evangile_du_royaume/media/Jingle/jingle_avant_message_04_bienvenue_sur_parole_prophetique_fm.mp3" (RID 7).
2026/08/26 00:02:56 [schedule_switch:3] Switch to cue_playlist_bloc_a_serie_du_jour with forgetful transition.
2026/08/26 00:02:56 [autodj_fallback:3] Switch to dynamic_startup with forgetful transition.
2026/08/26 00:02:56 [dynamic_startup:3] Switch to cue_next_song.
2026/08/26 00:03:03 [decoder:2] Decoding "/var/azuracast/stations/evangile_du_royaume/media/Jingle/jingle_avant_message_04_bienvenue_sur_parole_prophetique_fm.mp3" ended: Ffmpeg_decoder.End_of_file.
2026/08/26 00:03:03 [next_song:3] Prepared "/var/azuracast/stations/evangile_du_royaume/media/APS/aps_la_moisson_20220226_7.mp3" (RID 15).
2026/08/26 01:51:11 [decoder:2] Decoding "/var/azuracast/stations/evangile_du_royaume/media/APS/aps_la_moisson_20220226_7.mp3" ended: Ffmpeg_decoder.End_of_file.
2026/08/26 01:51:11 [next_song:3] Prepared "/var/azuracast/stations/evangile_du_royaume/media/Jingle/jingle_avant_bible_06_ouvrons_les_saintes_ecritures.mp3" (RID 16).
2026/08/26 01:51:19 [decoder:2] Decoding "/var/azuracast/stations/evangile_du_royaume/media/Jingle/jingle_avant_bible_06_ouvrons_les_saintes_ecritures.mp3" ended: Ffmpeg_decoder.End_of_file.
2026/08/26 01:51:19 [next_song:3] Prepared "/var/azuracast/stations/evangile_du_royaume/media/La bible/aggée_001.mp3" (RID 17).
2026/08/26 01:53:59 [decoder:2] Decoding "/var/azuracast/stations/evangile_du_royaume/media/La bible/aggée_001.mp3" ended: Ffmpeg_decoder.End_of_file.
2026/08/26 01:53:59 [next_song:3] Prepared "/var/azuracast/stations/evangile_du_royaume/media/La bible/aggée_002.mp3" (RID 18).
2026/08/26 01:57:55 [decoder:2] Decoding "/var/azuracast/stations/evangile_du_royaume/media/La bible/aggée_002.mp3" ended: Ffmpeg_decoder.End_of_file.
2026/08/26 01:57:55 [next_song:3] Prepared "/var/azuracast/stations/evangile_du_royaume/media/La bible/2_thessaloniciens_001.mp3" (RID 19).
