2026/08/31 00:00:00 [playlist_000_transition:3] Prepared "/var/azuracast/stations/evangile_du_royaume/media/jingles_de_transition_1.mp3" (RID 13).
2026/08/31 00:00:00 [safe_fallback:3] Switch to amplify_0 with transition.
2026/08/31 00:00:00 [live_fallback:3] Switch to cross_0.
2026/08/31 00:00:00 [interrupting_fallback:3] Switch to requests_fallback.
2026/08/31 00:00:00 [requests_fallback:3] Switch to autodj_fallback.
2026/08/31 00:00:00 [autodj_fallback:3] Switch to schedule_switch.
2026/08/31 00:00:00 [schedule_switch:3] Switch to metadata.map_0.
2026/08/31 00:00:07 [clock.main:2] We must catchup 1.07 seconds!
2026/08/31 00:00:08 [clock.main:2] We must catchup 1.36 seconds!
2026/08/31 00:00:11 [clock.main:2] We must catchup 0.12 seconds!
2026/08/31 00:01:31 [lang:2] Could not perform http request: CurlException(Aborted_by_callback, 42, CURLE_ABORTED_BY_CALLBACK).
2026/08/31 00:01:31 [lang.deprecated:2] WARNING: "error.kind" is deprecated and will be removed in future version.
2026/08/31 00:01:31 [lang.deprecated:2] WARNING: "error.message" is deprecated and will be removed in future version.
2026/08/31 00:01:31 [lang:3] API djoff - Error: http - CurlException(Aborted_by_callback, 42, CURLE_ABORTED_BY_CALLBACK)
2026/08/31 00:01:34 [lang.deprecated:2] WARNING: "map_metadata" is deprecated and will be removed in future version. Please use "metadata.map" instead.
2026/08/31 00:01:34 [lang.deprecated:2] WARNING: "map_metadata" is deprecated and will be removed in future version. Please use "metadata.map" instead.
2026/08/31 00:01:34 [error_jingle:3] "/usr/local/share/icecast/web/error.mp3" is static, resolving once for all...
2026/08/31 00:01:34 [error_jingle:3] Prepared "/usr/local/share/icecast/web/error.mp3" (RID 6).
2026/08/31 00:01:34 [safe_fallback:3] Switch to error_jingle.
2026/08/31 00:01:35 [playlist_000_transition:3] Prepared "/var/azuracast/stations/evangile_du_royaume/media/jingles_de_transition_3.mp3" (RID 11).
2026/08/31 00:01:35 [safe_fallback:3] Switch to amplify_0 with transition.
2026/08/31 00:01:35 [live_fallback:3] Switch to cross_0.
2026/08/31 00:01:35 [interrupting_fallback:3] Switch to requests_fallback.
2026/08/31 00:01:35 [requests_fallback:3] Switch to autodj_fallback.
2026/08/31 00:01:35 [autodj_fallback:3] Switch to schedule_switch.
2026/08/31 00:01:35 [schedule_switch:3] Switch to metadata.map_0.
2026/08/31 00:01:45 [next_song:3] Prepared "/var/azuracast/stations/evangile_du_royaume/media/Jingle/jingle_avant_message_05_vous_etes_a_lecoute_de_levangile_du_royaume.mp3" (RID 14).
2026/08/31 00:03:47 [decoder:2] Decoding "/var/azuracast/stations/evangile_du_royaume/media/jingles_de_transition_3.mp3" ended: Ffmpeg_decoder.End_of_file.
2026/08/31 00:03:47 [playlist_bloc_a_serie_du_jour:3] Prepared "/var/azuracast/stations/evangile_du_royaume/media/Jingle/jingle_avant_message_05_vous_etes_a_lecoute_de_levangile_du_royaume.mp3" (RID 7).
2026/08/31 00:03:47 [schedule_switch:3] Switch to cue_playlist_bloc_a_serie_du_jour with forgetful transition.
2026/08/31 00:03:47 [autodj_fallback:3] Switch to dynamic_startup with forgetful transition.
2026/08/31 00:03:47 [dynamic_startup:3] Switch to cue_next_song.
2026/08/31 00:03:55 [decoder:2] Decoding "/var/azuracast/stations/evangile_du_royaume/media/Jingle/jingle_avant_message_05_vous_etes_a_lecoute_de_levangile_du_royaume.mp3" ended: Ffmpeg_decoder.End_of_file.
2026/08/31 00:03:56 [next_song:3] Prepared "/var/azuracast/stations/evangile_du_royaume/media/Parole qui éclaire/pqe_j5.mp3" (RID 15).
2026/08/31 00:34:04 [decoder:2] Decoding "/var/azuracast/stations/evangile_du_royaume/media/Parole qui éclaire/pqe_j5.mp3" ended: Ffmpeg_decoder.End_of_file.
2026/08/31 00:34:05 [next_song:3] Prepared "/var/azuracast/stations/evangile_du_royaume/media/Jingle/jingle_avant_bible_07_place_a_la_lecture_de_la_bible.mp3" (RID 16).
2026/08/31 00:34:15 [decoder:2] Decoding "/var/azuracast/stations/evangile_du_royaume/media/Jingle/jingle_avant_bible_07_place_a_la_lecture_de_la_bible.mp3" ended: Ffmpeg_decoder.End_of_file.
2026/08/31 00:34:15 [next_song:3] Prepared "/var/azuracast/stations/evangile_du_royaume/media/La bible/1_timothée_005.mp3" (RID 17).
2026/08/31 00:37:57 [decoder:2] Decoding "/var/azuracast/stations/evangile_du_royaume/media/La bible/1_timothée_005.mp3" ended: Ffmpeg_decoder.End_of_file.
2026/08/31 00:37:57 [next_song:3] Prepared "/var/azuracast/stations/evangile_du_royaume/media/La bible/1_timothée_006.mp3" (RID 18).
2026/08/31 00:41:47 [decoder:2] Decoding "/var/azuracast/stations/evangile_du_royaume/media/La bible/1_timothée_006.mp3" ended: Ffmpeg_decoder.End_of_file.
2026/08/31 00:41:48 [next_song:3] Prepared "/var/azuracast/stations/evangile_du_royaume/media/La bible/sophonie_001.mp3" (RID 19).
2026/08/31 00:44:41 [decoder:2] Decoding "/var/azuracast/stations/evangile_du_royaume/media/La bible/sophonie_001.mp3" ended: Ffmpeg_decoder.End_of_file.
2026/08/31 00:44:41 [next_song:3] Prepared "/var/azuracast/stations/evangile_du_royaume/media/La bible/sophonie_002.mp3" (RID 20).
2026/08/31 00:47:24 [decoder:2] Decoding "/var/azuracast/stations/evangile_du_royaume/media/La bible/sophonie_002.mp3" ended: Ffmpeg_decoder.End_of_file.
2026/08/31 00:47:25 [next_song:3] Prepared "/var/azuracast/stations/evangile_du_royaume/media/La bible/sophonie_003.mp3" (RID 21).
2026/08/31 00:51:08 [decoder:2] Decoding "/var/azuracast/stations/evangile_du_royaume/media/La bible/sophonie_003.mp3" ended: Ffmpeg_decoder.End_of_file.
2026/08/31 00:51:08 [next_song:3] Prepared "/var/azuracast/stations/evangile_du_royaume/media/La bible/éphésiens_001.mp3" (RID 22).
2026/08/31 00:54:32 [decoder:2] Decoding "/var/azuracast/stations/evangile_du_royaume/media/La bible/éphésiens_001.mp3" ended: Ffmpeg_decoder.End_of_file.
2026/08/31 00:54:32 [next_song:3] Prepared "/var/azuracast/stations/evangile_du_royaume/media/La bible/éphésiens_002.mp3" (RID 23).
2026/08/31 00:57:45 [decoder:2] Decoding "/var/azuracast/stations/evangile_du_royaume/media/La bible/éphésiens_002.mp3" ended: Ffmpeg_decoder.End_of_file.
2026/08/31 00:57:46 [next_song:3] Prepared "/var/azuracast/stations/evangile_du_royaume/media/La bible/éphésiens_003.mp3" (RID 24).
2026/08/31 01:00:39 [decoder:2] Decoding "/var/azuracast/stations/evangile_du_royaume/media/La bible/éphésiens_003.mp3" ended: Ffmpeg_decoder.End_of_file.
2026/08/31 01:00:39 [next_song:3] Prepared "/var/azuracast/stations/evangile_du_royaume/media/La bible/éphésiens_004.mp3" (RID 25).
2026/08/31 01:05:30 [decoder:2] Decoding "/var/azuracast/stations/evangile_du_royaume/media/La bible/éphésiens_004.mp3" ended: Ffmpeg_decoder.End_of_file.
2026/08/31 01:05:30 [next_song:3] Prepared "/var/azuracast/stations/evangile_du_royaume/media/La bible/éphésiens_005.mp3" (RID 26).
2026/08/31 01:09:39 [decoder:2] Decoding "/var/azuracast/stations/evangile_du_royaume/media/La bible/éphésiens_005.mp3" ended: Ffmpeg_decoder.End_of_file.
2026/08/31 01:09:40 [next_song:3] Prepared "/var/azuracast/stations/evangile_du_royaume/media/La bible/éphésiens_006.mp3" (RID 27).
2026/08/31 01:12:57 [decoder:2] Decoding "/var/azuracast/stations/evangile_du_royaume/media/La bible/éphésiens_006.mp3" ended: Ffmpeg_decoder.End_of_file.
2026/08/31 01:12:58 [next_song:3] Prepared "/var/azuracast/stations/evangile_du_royaume/media/La bible/luc_009.mp3" (RID 28).
2026/08/31 01:22:54 [decoder:2] Decoding "/var/azuracast/stations/evangile_du_royaume/media/La bible/luc_009.mp3" ended: Ffmpeg_decoder.End_of_file.
2026/08/31 01:22:55 [next_song:3] Prepared "/var/azuracast/stations/evangile_du_royaume/media/La bible/luc_010.mp3" (RID 29).
2026/08/31 01:29:24 [decoder:2] Decoding "/var/azuracast/stations/evangile_du_royaume/media/La bible/luc_010.mp3" ended: Ffmpeg_decoder.End_of_file.
2026/08/31 01:29:25 [next_song:3] Prepared "/var/azuracast/stations/evangile_du_royaume/media/Jingle/jingle_avant_louange_05_elevons_nos_coeurs_vers_dieu.mp3" (RID 30).
2026/08/31 01:29:32 [decoder:2] Decoding "/var/azuracast/stations/evangile_du_royaume/media/Jingle/jingle_avant_louange_05_elevons_nos_coeurs_vers_dieu.mp3" ended: Ffmpeg_decoder.End_of_file.
2026/08/31 01:29:33 [next_song:3] Prepared "/var/azuracast/stations/evangile_du_royaume/media/Cantiques du royaume/9-_sylvain_akouala_le_bien-etre_universel.mp3" (RID 31).
2026/08/31 01:35:58 [decoder:2] Decoding "/var/azuracast/stations/evangile_du_royaume/media/Cantiques du royaume/9-_sylvain_akouala_le_bien-etre_universel.mp3" ended: Ffmpeg_decoder.End_of_file.
2026/08/31 01:35:58 [next_song:3] Prepared "/var/azuracast/stations/evangile_du_royaume/media/Cantiques du royaume/Cantique- Mon modèle, c_est Jésus.mp3" (RID 32).
2026/08/31 01:40:09 [decoder:2] Decoding "/var/azuracast/stations/evangile_du_royaume/media/Cantiques du royaume/Cantique- Mon modèle, c_est Jésus.mp3" ended: Ffmpeg_decoder.End_of_file.
2026/08/31 01:40:10 [next_song:3] Prepared "/var/azuracast/stations/evangile_du_royaume/media/Cantiques du royaume/Cantique Jean 1- la Parole.mp3" (RID 33).
2026/08/31 01:43:16 [decoder:2] Decoding "/var/azuracast/stations/evangile_du_royaume/media/Cantiques du royaume/Cantique Jean 1- la Parole.mp3" ended: Ffmpeg_decoder.End_of_file.
2026/08/31 01:43:17 [next_song:3] Prepared "/var/azuracast/stations/evangile_du_royaume/media/Worship/82 - A Song Of Love.mp3" (RID 34).
2026/08/31 01:48:16 [decoder:2] Decoding "/var/azuracast/stations/evangile_du_royaume/media/Worship/82 - A Song Of Love.mp3" ended: Ffmpeg_decoder.End_of_file.
2026/08/31 01:48:17 [next_song:3] Prepared "/var/azuracast/stations/evangile_du_royaume/media/Worship/68 - Shine in Darkness O Lord  - Winnipeg Fellowship.mp3" (RID 35).
2026/08/31 01:58:38 [decoder:2] Decoding "/var/azuracast/stations/evangile_du_royaume/media/Worship/68 - Shine in Darkness O Lord  - Winnipeg Fellowship.mp3" ended: Ffmpeg_decoder.End_of_file.
2026/08/31 01:58:38 [next_song:3] Prepared "/var/azuracast/stations/evangile_du_royaume/media/Worship/01 - There Is Forgiveness In Thee - SWBN TV.mp3" (RID 36).
2026/08/31 02:04:42 [decoder:2] Decoding "/var/azuracast/stations/evangile_du_royaume/media/Worship/01 - There Is Forgiveness In Thee - SWBN TV.mp3" ended: Ffmpeg_decoder.End_of_file.
2026/08/31 02:04:43 [next_song:3] Prepared "/var/azuracast/stations/evangile_du_royaume/media/Worship/23 - Guide Me - El ELyon - Abuja HF.mp3" (RID 37).
2026/08/31 02:09:44 [decoder:2] Decoding "/var/azuracast/stations/evangile_du_royaume/media/Worship/23 - Guide Me - El ELyon - Abuja HF.mp3" ended: Ffmpeg_decoder.End_of_file.
2026/08/31 02:09:45 [next_song:3] Prepared "/var/azuracast/stations/evangile_du_royaume/media/Worship/73 - Arise Out of Zion  - Winnipeg Fellowship.mp3" (RID 38).
2026/08/31 02:17:28 [decoder:2] Decoding "/var/azuracast/stations/evangile_du_royaume/media/Worship/73 - Arise Out of Zion  - Winnipeg Fellowship.mp3" ended: Ffmpeg_decoder.End_of_file.
2026/08/31 02:17:28 [next_song:3] Prepared "/var/azuracast/stations/evangile_du_royaume/media/Cantiques du royaume/cantique___il_s_est_lui-même_humilié.mp3" (RID 39).
2026/08/31 02:22:53 [decoder:2] Decoding "/var/azuracast/stations/evangile_du_royaume/media/Cantiques du royaume/cantique___il_s_est_lui-même_humilié.mp3" ended: Ffmpeg_decoder.End_of_file.
2026/08/31 02:22:54 [next_song:3] Prepared "/var/azuracast/stations/evangile_du_royaume/media/Worship/61 - Unto Him - CHF.mp3" (RID 40).
2026/08/31 02:29:10 [decoder:2] Decoding "/var/azuracast/stations/evangile_du_royaume/media/Worship/61 - Unto Him - CHF.mp3" ended: Ffmpeg_decoder.End_of_file.
2026/08/31 02:29:10 [next_song:3] Prepared "/var/azuracast/stations/evangile_du_royaume/media/Jingle/jingle_avant_bible_06_ouvrons_les_saintes_ecritures.mp3" (RID 41).
2026/08/31 02:29:18 [decoder:2] Decoding "/var/azuracast/stations/evangile_du_royaume/media/Jingle/jingle_avant_bible_06_ouvrons_les_saintes_ecritures.mp3" ended: Ffmpeg_decoder.End_of_file.
2026/08/31 02:29:18 [next_song:3] Prepared "/var/azuracast/stations/evangile_du_royaume/media/La bible/cantique_des_cantiques_001.mp3" (RID 42).
2026/08/31 02:31:41 [decoder:2] Decoding "/var/azuracast/stations/evangile_du_royaume/media/La bible/cantique_des_cantiques_001.mp3" ended: Ffmpeg_decoder.End_of_file.
2026/08/31 02:31:41 [next_song:3] Prepared "/var/azuracast/stations/evangile_du_royaume/media/La bible/cantique_des_cantiques_002.mp3" (RID 43).
2026/08/31 02:34:10 [decoder:2] Decoding "/var/azuracast/stations/evangile_du_royaume/media/La bible/cantique_des_cantiques_002.mp3" ended: Ffmpeg_decoder.End_of_file.
2026/08/31 02:34:11 [next_song:3] Prepared "/var/azuracast/stations/evangile_du_royaume/media/La bible/cantique_des_cantiques_003.mp3" (RID 44).
2026/08/31 02:36:01 [decoder:2] Decoding "/var/azuracast/stations/evangile_du_royaume/media/La bible/cantique_des_cantiques_003.mp3" ended: Ffmpeg_decoder.End_of_file.
2026/08/31 02:36:01 [next_song:3] Prepared "/var/azuracast/stations/evangile_du_royaume/media/La bible/cantique_des_cantiques_004.mp3" (RID 45).
2026/08/31 02:38:48 [decoder:2] Decoding "/var/azuracast/stations/evangile_du_royaume/media/La bible/cantique_des_cantiques_004.mp3" ended: Ffmpeg_decoder.End_of_file.
2026/08/31 02:38:49 [next_song:3] Prepared "/var/azuracast/stations/evangile_du_royaume/media/La bible/cantique_des_cantiques_005.mp3" (RID 46).
2026/08/31 02:41:40 [decoder:2] Decoding "/var/azuracast/stations/evangile_du_royaume/media/La bible/cantique_des_cantiques_005.mp3" ended: Ffmpeg_decoder.End_of_file.
2026/08/31 02:41:40 [next_song:3] Prepared "/var/azuracast/stations/evangile_du_royaume/media/La bible/cantique_des_cantiques_006.mp3" (RID 47).
2026/08/31 02:43:43 [decoder:2] Decoding "/var/azuracast/stations/evangile_du_royaume/media/La bible/cantique_des_cantiques_006.mp3" ended: Ffmpeg_decoder.End_of_file.
2026/08/31 02:43:43 [next_song:3] Prepared "/var/azuracast/stations/evangile_du_royaume/media/La bible/cantique_des_cantiques_007.mp3" (RID 48).
2026/08/31 02:45:37 [decoder:2] Decoding "/var/azuracast/stations/evangile_du_royaume/media/La bible/cantique_des_cantiques_007.mp3" ended: Ffmpeg_decoder.End_of_file.
2026/08/31 02:45:38 [next_song:3] Prepared "/var/azuracast/stations/evangile_du_royaume/media/La bible/cantique_des_cantiques_008.mp3" (RID 49).
2026/08/31 02:48:04 [decoder:2] Decoding "/var/azuracast/stations/evangile_du_royaume/media/La bible/cantique_des_cantiques_008.mp3" ended: Ffmpeg_decoder.End_of_file.
2026/08/31 02:48:04 [next_song:3] Prepared "/var/azuracast/stations/evangile_du_royaume/media/La bible/1_samuel_031.mp3" (RID 50).
2026/08/31 02:50:03 [decoder:2] Decoding "/var/azuracast/stations/evangile_du_royaume/media/La bible/1_samuel_031.mp3" ended: Ffmpeg_decoder.End_of_file.
2026/08/31 02:50:04 [next_song:3] Prepared "/var/azuracast/stations/evangile_du_royaume/media/La bible/néhémie_004.mp3" (RID 51).
2026/08/31 02:50:05 [clock.main:2] We must catchup 1.13 seconds!
2026/08/31 02:53:47 [decoder:2] Decoding "/var/azuracast/stations/evangile_du_royaume/media/La bible/néhémie_004.mp3" ended: Ffmpeg_decoder.End_of_file.
2026/08/31 02:53:47 [next_song:3] Prepared "/var/azuracast/stations/evangile_du_royaume/media/La bible/néhémie_005.mp3" (RID 52).
2026/08/31 02:57:13 [decoder:2] Decoding "/var/azuracast/stations/evangile_du_royaume/media/La bible/néhémie_005.mp3" ended: Ffmpeg_decoder.End_of_file.
2026/08/31 02:57:13 [next_song:3] Prepared "/var/azuracast/stations/evangile_du_royaume/media/Jingle/jingle_avant_louange_06_que_la_louange_seleve.mp3" (RID 53).
2026/08/31 02:57:20 [decoder:2] Decoding "/var/azuracast/stations/evangile_du_royaume/media/Jingle/jingle_avant_louange_06_que_la_louange_seleve.mp3" ended: Ffmpeg_decoder.End_of_file.
2026/08/31 02:57:21 [next_song:3] Prepared "/var/azuracast/stations/evangile_du_royaume/media/Worship/41 - Abba, Singing a, I Will Sing - Ketu HF.mp3" (RID 54).
2026/08/31 03:08:05 [decoder:2] Decoding "/var/azuracast/stations/evangile_du_royaume/media/Worship/41 - Abba, Singing a, I Will Sing - Ketu HF.mp3" ended: Ffmpeg_decoder.End_of_file.
2026/08/31 03:08:06 [next_song:3] Prepared "/var/azuracast/stations/evangile_du_royaume/media/Worship/24 - We Ascribe Greatness - Abuja HF.mp3" (RID 55).
2026/08/31 03:13:50 [decoder:2] Decoding "/var/azuracast/stations/evangile_du_royaume/media/Worship/24 - We Ascribe Greatness - Abuja HF.mp3" ended: Ffmpeg_decoder.End_of_file.
2026/08/31 03:13:50 [next_song:3] Prepared "/var/azuracast/stations/evangile_du_royaume/media/SWBN Lead Concert Live Worship/10 - He Has Given Me & Emmanuel You Joy Over Us (Medley) (Abasiama Timothy & Imah Adegoke).mp3" (RID 56).
2026/08/31 03:22:25 [decoder:2] Decoding "/var/azuracast/stations/evangile_du_royaume/media/SWBN Lead Concert Live Worship/10 - He Has Given Me & Emmanuel You Joy Over Us (Medley) (Abasiama Timothy & Imah Adegoke).mp3" ended: Ffmpeg_decoder.End_of_file.
2026/08/31 03:22:25 [next_song:3] Prepared "/var/azuracast/stations/evangile_du_royaume/media/Worship/88 - Good God - Asaba Fellowship.mp3" (RID 57).
2026/08/31 03:28:28 [decoder:2] Decoding "/var/azuracast/stations/evangile_du_royaume/media/Worship/88 - Good God - Asaba Fellowship.mp3" ended: Ffmpeg_decoder.End_of_file.
2026/08/31 03:28:28 [next_song:3] Prepared "/var/azuracast/stations/evangile_du_royaume/media/Cantiques du royaume/5-il_sappelait_emmanuel_-_marcel_boungou__paroles.mp3" (RID 58).
2026/08/31 03:33:39 [decoder:2] Decoding "/var/azuracast/stations/evangile_du_royaume/media/Cantiques du royaume/5-il_sappelait_emmanuel_-_marcel_boungou__paroles.mp3" ended: Ffmpeg_decoder.End_of_file.
2026/08/31 03:33:39 [next_song:3] Prepared "/var/azuracast/stations/evangile_du_royaume/media/SWBN Lead Concert Live Worship/08 - You're the Lamb (Abasiama Timothy).mp3" (RID 59).
2026/08/31 03:40:45 [decoder:2] Decoding "/var/azuracast/stations/evangile_du_royaume/media/SWBN Lead Concert Live Worship/08 - You're the Lamb (Abasiama Timothy).mp3" ended: Ffmpeg_decoder.End_of_file.
2026/08/31 03:40:46 [next_song:3] Prepared "/var/azuracast/stations/evangile_du_royaume/media/Worship/48 - The Glory -  PHF.mp3" (RID 60).
2026/08/31 03:48:03 [decoder:2] Decoding "/var/azuracast/stations/evangile_du_royaume/media/Worship/48 - The Glory -  PHF.mp3" ended: Ffmpeg_decoder.End_of_file.
2026/08/31 03:48:04 [next_song:3] Prepared "/var/azuracast/stations/evangile_du_royaume/media/Worship/33 - By the word of the lord - Ketu HF.mp3" (RID 61).
2026/08/31 03:53:22 [decoder:2] Decoding "/var/azuracast/stations/evangile_du_royaume/media/Worship/33 - By the word of the lord - Ketu HF.mp3" ended: Ffmpeg_decoder.End_of_file.
2026/08/31 03:53:22 [next_song:3] Prepared "/var/azuracast/stations/evangile_du_royaume/media/Jingle/jingle_avant_bible_08_prenons_un_moment_pour_ecouter_la_parole.mp3" (RID 62).
2026/08/31 03:53:29 [decoder:2] Decoding "/var/azuracast/stations/evangile_du_royaume/media/Jingle/jingle_avant_bible_08_prenons_un_moment_pour_ecouter_la_parole.mp3" ended: Ffmpeg_decoder.End_of_file.
2026/08/31 03:53:29 [next_song:3] Prepared "/var/azuracast/stations/evangile_du_royaume/media/La bible/actes_002.mp3" (RID 63).
2026/08/31 03:59:47 [decoder:2] Decoding "/var/azuracast/stations/evangile_du_royaume/media/La bible/actes_002.mp3" ended: Ffmpeg_decoder.End_of_file.
2026/08/31 03:59:48 [next_song:3] Prepared "/var/azuracast/stations/evangile_du_royaume/media/La bible/actes_003.mp3" (RID 64).
2026/08/31 04:03:20 [decoder:2] Decoding "/var/azuracast/stations/evangile_du_royaume/media/La bible/actes_003.mp3" ended: Ffmpeg_decoder.End_of_file.
2026/08/31 04:03:21 [next_song:3] Prepared "/var/azuracast/stations/evangile_du_royaume/media/La bible/actes_004.mp3" (RID 65).
2026/08/31 04:08:42 [decoder:2] Decoding "/var/azuracast/stations/evangile_du_royaume/media/La bible/actes_004.mp3" ended: Ffmpeg_decoder.End_of_file.
2026/08/31 04:08:42 [next_song:3] Prepared "/var/azuracast/stations/evangile_du_royaume/media/La bible/actes_005.mp3" (RID 66).
2026/08/31 04:15:11 [decoder:2] Decoding "/var/azuracast/stations/evangile_du_royaume/media/La bible/actes_005.mp3" ended: Ffmpeg_decoder.End_of_file.
2026/08/31 04:15:11 [next_song:3] Prepared "/var/azuracast/stations/evangile_du_royaume/media/La bible/actes_006.mp3" (RID 67).
2026/08/31 04:17:35 [decoder:2] Decoding "/var/azuracast/stations/evangile_du_royaume/media/La bible/actes_006.mp3" ended: Ffmpeg_decoder.End_of_file.
2026/08/31 04:17:36 [next_song:3] Prepared "/var/azuracast/stations/evangile_du_royaume/media/La bible/actes_007.mp3" (RID 68).
2026/08/31 04:26:26 [decoder:2] Decoding "/var/azuracast/stations/evangile_du_royaume/media/La bible/actes_007.mp3" ended: Ffmpeg_decoder.End_of_file.
2026/08/31 04:26:27 [next_song:3] Prepared "/var/azuracast/stations/evangile_du_royaume/media/La bible/actes_008.mp3" (RID 69).
2026/08/31 04:31:46 [decoder:2] Decoding "/var/azuracast/stations/evangile_du_royaume/media/La bible/actes_008.mp3" ended: Ffmpeg_decoder.End_of_file.
2026/08/31 04:31:46 [next_song:3] Prepared "/var/azuracast/stations/evangile_du_royaume/media/La bible/actes_009.mp3" (RID 70).
2026/08/31 04:38:15 [decoder:2] Decoding "/var/azuracast/stations/evangile_du_royaume/media/La bible/actes_009.mp3" ended: Ffmpeg_decoder.End_of_file.
2026/08/31 04:38:16 [next_song:3] Prepared "/var/azuracast/stations/evangile_du_royaume/media/Jingle/jingle_avant_louange_07_voici_un_temps_de_louange.mp3" (RID 71).
2026/08/31 04:38:25 [decoder:2] Decoding "/var/azuracast/stations/evangile_du_royaume/media/Jingle/jingle_avant_louange_07_voici_un_temps_de_louange.mp3" ended: Ffmpeg_decoder.End_of_file.
2026/08/31 04:38:26 [next_song:3] Prepared "/var/azuracast/stations/evangile_du_royaume/media/Worship/19 - You're the Lamb - Calabar HF.mp3" (RID 72).
2026/08/31 04:47:26 [decoder:2] Decoding "/var/azuracast/stations/evangile_du_royaume/media/Worship/19 - You're the Lamb - Calabar HF.mp3" ended: Ffmpeg_decoder.End_of_file.
2026/08/31 04:47:27 [next_song:3] Prepared "/var/azuracast/stations/evangile_du_royaume/media/Cantiques du royaume/jean-christ_-_6_minutes.mp3" (RID 73).
2026/08/31 04:54:05 [decoder:2] Decoding "/var/azuracast/stations/evangile_du_royaume/media/Cantiques du royaume/jean-christ_-_6_minutes.mp3" ended: Ffmpeg_decoder.End_of_file.
2026/08/31 04:54:05 [next_song:3] Prepared "/var/azuracast/stations/evangile_du_royaume/media/Cantiques du royaume/Cantique l_Éternel est mon Berger (1).mp3" (RID 74).
2026/08/31 04:59:45 [decoder:2] Decoding "/var/azuracast/stations/evangile_du_royaume/media/Cantiques du royaume/Cantique l_Éternel est mon Berger (1).mp3" ended: Ffmpeg_decoder.End_of_file.
2026/08/31 04:59:46 [next_song:3] Prepared "/var/azuracast/stations/evangile_du_royaume/media/Worship/54 - He Has Given Me - PHF.mp3" (RID 75).
2026/08/31 05:04:51 [decoder:2] Decoding "/var/azuracast/stations/evangile_du_royaume/media/Worship/54 - He Has Given Me - PHF.mp3" ended: Ffmpeg_decoder.End_of_file.
2026/08/31 05:04:52 [next_song:3] Prepared "/var/azuracast/stations/evangile_du_royaume/media/Worship/78 - Crown Him Lord of Lords - Nonso Njoku.mp3" (RID 76).
2026/08/31 05:10:50 [decoder:2] Decoding "/var/azuracast/stations/evangile_du_royaume/media/Worship/78 - Crown Him Lord of Lords - Nonso Njoku.mp3" ended: Ffmpeg_decoder.End_of_file.
2026/08/31 05:10:51 [next_song:3] Prepared "/var/azuracast/stations/evangile_du_royaume/media/Worship/71 - In the Day of Your Power  - Winnipeg Fellowship.mp3" (RID 77).
2026/08/31 05:19:09 [decoder:2] Decoding "/var/azuracast/stations/evangile_du_royaume/media/Worship/71 - In the Day of Your Power  - Winnipeg Fellowship.mp3" ended: Ffmpeg_decoder.End_of_file.
2026/08/31 05:19:09 [next_song:3] Prepared "/var/azuracast/stations/evangile_du_royaume/media/Cantiques du royaume/cantique__béni_soit_le_dieu_d_israël.mp3" (RID 78).
2026/08/31 05:25:40 [decoder:2] Decoding "/var/azuracast/stations/evangile_du_royaume/media/Cantiques du royaume/cantique__béni_soit_le_dieu_d_israël.mp3" ended: Ffmpeg_decoder.End_of_file.
2026/08/31 05:25:41 [next_song:3] Prepared "/var/azuracast/stations/evangile_du_royaume/media/Worship/40 - I See Your Face - Toronto HF.mp3" (RID 79).
2026/08/31 05:35:02 [decoder:2] Decoding "/var/azuracast/stations/evangile_du_royaume/media/Worship/40 - I See Your Face - Toronto HF.mp3" ended: Ffmpeg_decoder.End_of_file.
2026/08/31 05:35:02 [next_song:3] Prepared "/var/azuracast/stations/evangile_du_royaume/media/Jingle/jingle_id_station_02_radio_evangile_du_royaume.mp3" (RID 80).
2026/08/31 05:35:03 [clock.main:2] We must catchup 1.07 seconds!
2026/08/31 05:35:12 [decoder:2] Decoding "/var/azuracast/stations/evangile_du_royaume/media/Jingle/jingle_id_station_02_radio_evangile_du_royaume.mp3" ended: Ffmpeg_decoder.End_of_file.
2026/08/31 05:35:12 [next_song:3] Prepared "/var/azuracast/stations/evangile_du_royaume/media/La bible/josué_001.mp3" (RID 81).
