2026/09/28 00:01:25 [threads:2] Queue generic queue #1 crashed with exception Sys_error("Condition.wait: Operation not permitted")
2026/09/28 00:01:25 [threads:2] Raised by primitive operation at Duppy.queue.run in file "src/duppy.ml", line 341, characters 6-32
2026/09/28 00:01:25 [threads:2] Called from Duppy.queue in file "src/duppy.ml", line 357, characters 8-12
2026/09/28 00:01:25 [threads:2] Re-raised at Duppy.queue in file "src/duppy.ml", line 361, characters 8-17
2026/09/28 00:01:25 [threads:2] Called from Tutils.create.(fun).process in file "tools/tutils.ml", line 164, characters 12-15
2026/09/28 00:01:25 [threads:2] 
2026/09/28 00:01:25 [threads:1] PANIC: Liquidsoap has crashed, exiting.,
2026/09/28 00:01:25 [threads:1] Please report at: savonet-users@lists.sf.net
2026/09/28 00:01:30 [lang.deprecated:2] WARNING: "map_metadata" is deprecated and will be removed in future version. Please use "metadata.map" instead.
2026/09/28 00:01:30 [lang.deprecated:2] WARNING: "map_metadata" is deprecated and will be removed in future version. Please use "metadata.map" instead.
2026/09/28 00:01:30 [error_jingle:3] "/usr/local/share/icecast/web/error.mp3" is static, resolving once for all...
2026/09/28 00:01:30 [error_jingle:3] Prepared "/usr/local/share/icecast/web/error.mp3" (RID 7).
2026/09/28 00:01:30 [safe_fallback:3] Switch to error_jingle.
2026/09/28 00:01:31 [playlist_000_transition:3] Prepared "/var/azuracast/stations/evangile_du_royaume/media/jingles_de_transition_1.mp3" (RID 12).
2026/09/28 00:01:31 [safe_fallback:3] Switch to amplify_0 with transition.
2026/09/28 00:01:31 [live_fallback:3] Switch to cross_0.
2026/09/28 00:01:31 [interrupting_fallback:3] Switch to requests_fallback.
2026/09/28 00:01:31 [requests_fallback:3] Switch to autodj_fallback.
2026/09/28 00:01:31 [autodj_fallback:3] Switch to schedule_switch.
2026/09/28 00:01:31 [schedule_switch:3] Switch to metadata.map_0.
2026/09/28 00:01:42 [next_song:3] Prepared "/var/azuracast/stations/evangile_du_royaume/media/Jingle/jingle_avant_message_05_vous_etes_a_lecoute_de_levangile_du_royaume.mp3" (RID 16).
2026/09/28 00:03:06 [decoder:2] Decoding "/var/azuracast/stations/evangile_du_royaume/media/jingles_de_transition_1.mp3" ended: Ffmpeg_decoder.End_of_file.
2026/09/28 00:03:07 [playlist_bloc_a_serie_du_jour:3] Prepared "/var/azuracast/stations/evangile_du_royaume/media/Jingle/jingle_avant_message_05_vous_etes_a_lecoute_de_levangile_du_royaume.mp3" (RID 8).
2026/09/28 00:03:07 [schedule_switch:3] Switch to cue_playlist_bloc_a_serie_du_jour with forgetful transition.
2026/09/28 00:03:07 [autodj_fallback:3] Switch to dynamic_startup with forgetful transition.
2026/09/28 00:03:07 [dynamic_startup:3] Switch to cue_next_song.
2026/09/28 00:03:18 [decoder:2] Decoding "/var/azuracast/stations/evangile_du_royaume/media/Jingle/jingle_avant_message_05_vous_etes_a_lecoute_de_levangile_du_royaume.mp3" ended: Ffmpeg_decoder.End_of_file.
2026/09/28 00:03:18 [next_song:3] Prepared "/var/azuracast/stations/evangile_du_royaume/media/2017_ndimy_distraction_comme_aux_jours_de_noe_et_lot_2-2.mp3" (RID 17).
2026/09/28 01:01:51 [decoder:2] Decoding "/var/azuracast/stations/evangile_du_royaume/media/2017_ndimy_distraction_comme_aux_jours_de_noe_et_lot_2-2.mp3" ended: Ffmpeg_decoder.End_of_file.
2026/09/28 01:01:51 [next_song:3] Prepared "/var/azuracast/stations/evangile_du_royaume/media/Jingle/jingle_avant_bible_06_ouvrons_les_saintes_ecritures.mp3" (RID 18).
2026/09/28 01:02:01 [decoder:2] Decoding "/var/azuracast/stations/evangile_du_royaume/media/Jingle/jingle_avant_bible_06_ouvrons_les_saintes_ecritures.mp3" ended: Ffmpeg_decoder.End_of_file.
2026/09/28 01:02:02 [next_song:3] Prepared "/var/azuracast/stations/evangile_du_royaume/media/La bible/marc_001.mp3" (RID 19).
2026/09/28 01:07:39 [decoder:2] Decoding "/var/azuracast/stations/evangile_du_royaume/media/La bible/marc_001.mp3" ended: Ffmpeg_decoder.End_of_file.
2026/09/28 01:07:39 [next_song:3] Prepared "/var/azuracast/stations/evangile_du_royaume/media/La bible/marc_002.mp3" (RID 20).
2026/09/28 01:11:58 [decoder:2] Decoding "/var/azuracast/stations/evangile_du_royaume/media/La bible/marc_002.mp3" ended: Ffmpeg_decoder.End_of_file.
2026/09/28 01:11:58 [next_song:3] Prepared "/var/azuracast/stations/evangile_du_royaume/media/La bible/marc_003.mp3" (RID 21).
2026/09/28 01:16:10 [decoder:2] Decoding "/var/azuracast/stations/evangile_du_royaume/media/La bible/marc_003.mp3" ended: Ffmpeg_decoder.End_of_file.
2026/09/28 01:16:11 [next_song:3] Prepared "/var/azuracast/stations/evangile_du_royaume/media/La bible/marc_004.mp3" (RID 22).
2026/09/28 01:21:34 [decoder:2] Decoding "/var/azuracast/stations/evangile_du_royaume/media/La bible/marc_004.mp3" ended: Ffmpeg_decoder.End_of_file.
2026/09/28 01:21:35 [next_song:3] Prepared "/var/azuracast/stations/evangile_du_royaume/media/La bible/marc_005.mp3" (RID 23).
2026/09/28 01:27:10 [decoder:2] Decoding "/var/azuracast/stations/evangile_du_royaume/media/La bible/marc_005.mp3" ended: Ffmpeg_decoder.End_of_file.
2026/09/28 01:27:11 [next_song:3] Prepared "/var/azuracast/stations/evangile_du_royaume/media/La bible/marc_006.mp3" (RID 24).
2026/09/28 01:35:06 [decoder:2] Decoding "/var/azuracast/stations/evangile_du_royaume/media/La bible/marc_006.mp3" ended: Ffmpeg_decoder.End_of_file.
2026/09/28 01:35:06 [next_song:3] Prepared "/var/azuracast/stations/evangile_du_royaume/media/La bible/marc_007.mp3" (RID 25).
2026/09/28 01:39:59 [decoder:2] Decoding "/var/azuracast/stations/evangile_du_royaume/media/La bible/marc_007.mp3" ended: Ffmpeg_decoder.End_of_file.
2026/09/28 01:40:00 [next_song:3] Prepared "/var/azuracast/stations/evangile_du_royaume/media/La bible/marc_008.mp3" (RID 26).
2026/09/28 01:45:23 [decoder:2] Decoding "/var/azuracast/stations/evangile_du_royaume/media/La bible/marc_008.mp3" ended: Ffmpeg_decoder.End_of_file.
2026/09/28 01:45:23 [next_song:3] Prepared "/var/azuracast/stations/evangile_du_royaume/media/La bible/marc_009.mp3" (RID 27).
2026/09/28 01:52:05 [decoder:2] Decoding "/var/azuracast/stations/evangile_du_royaume/media/La bible/marc_009.mp3" ended: Ffmpeg_decoder.End_of_file.
2026/09/28 01:52:06 [next_song:3] Prepared "/var/azuracast/stations/evangile_du_royaume/media/Jingle/jingle_avant_louange_06_que_la_louange_seleve.mp3" (RID 28).
2026/09/28 01:52:16 [decoder:2] Decoding "/var/azuracast/stations/evangile_du_royaume/media/Jingle/jingle_avant_louange_06_que_la_louange_seleve.mp3" ended: Ffmpeg_decoder.End_of_file.
2026/09/28 01:52:17 [next_song:3] Prepared "/var/azuracast/stations/evangile_du_royaume/media/Worship/08 - I Enter The Holy of Holies - Port Harcourt HF.mp3" (RID 29).
2026/09/28 01:57:18 [decoder:2] Decoding "/var/azuracast/stations/evangile_du_royaume/media/Worship/08 - I Enter The Holy of Holies - Port Harcourt HF.mp3" ended: Ffmpeg_decoder.End_of_file.
2026/09/28 01:57:19 [next_song:3] Prepared "/var/azuracast/stations/evangile_du_royaume/media/Worship/72 - There is no name  - Winnipeg Fellowship.mp3" (RID 30).
2026/09/28 02:05:06 [decoder:2] Decoding "/var/azuracast/stations/evangile_du_royaume/media/Worship/72 - There is no name  - Winnipeg Fellowship.mp3" ended: Ffmpeg_decoder.End_of_file.
2026/09/28 02:05:07 [next_song:3] Prepared "/var/azuracast/stations/evangile_du_royaume/media/Cantiques du royaume/Cantique sa miséricorde.mp3" (RID 31).
2026/09/28 02:08:27 [decoder:2] Decoding "/var/azuracast/stations/evangile_du_royaume/media/Cantiques du royaume/Cantique sa miséricorde.mp3" ended: Ffmpeg_decoder.End_of_file.
2026/09/28 02:08:28 [next_song:3] Prepared "/var/azuracast/stations/evangile_du_royaume/media/Cantiques du royaume/jean-christ_-_6_minutes.mp3" (RID 32).
2026/09/28 02:15:06 [decoder:2] Decoding "/var/azuracast/stations/evangile_du_royaume/media/Cantiques du royaume/jean-christ_-_6_minutes.mp3" ended: Ffmpeg_decoder.End_of_file.
2026/09/28 02:15:06 [next_song:3] Prepared "/var/azuracast/stations/evangile_du_royaume/media/Worship/78 - Crown Him Lord of Lords - Nonso Njoku.mp3" (RID 33).
2026/09/28 02:21:05 [decoder:2] Decoding "/var/azuracast/stations/evangile_du_royaume/media/Worship/78 - Crown Him Lord of Lords - Nonso Njoku.mp3" ended: Ffmpeg_decoder.End_of_file.
2026/09/28 02:21:05 [next_song:3] Prepared "/var/azuracast/stations/evangile_du_royaume/media/SWBN Lead Concert Live Worship/06 - Yahweh is Mighty (Imah Adegoke).mp3" (RID 34).
2026/09/28 02:29:00 [decoder:2] Decoding "/var/azuracast/stations/evangile_du_royaume/media/SWBN Lead Concert Live Worship/06 - Yahweh is Mighty (Imah Adegoke).mp3" ended: Ffmpeg_decoder.End_of_file.
2026/09/28 02:29:00 [next_song:3] Prepared "/var/azuracast/stations/evangile_du_royaume/media/Cantiques du royaume/cantique__ta_bonte.mp3" (RID 35).
2026/09/28 02:35:04 [decoder:2] Decoding "/var/azuracast/stations/evangile_du_royaume/media/Cantiques du royaume/cantique__ta_bonte.mp3" ended: Ffmpeg_decoder.End_of_file.
2026/09/28 02:35:05 [next_song:3] Prepared "/var/azuracast/stations/evangile_du_royaume/media/Worship/79 - The Lord is my Light and Salvation - Nonso Njoku.mp3" (RID 36).
2026/09/28 02:35:06 [clock.main:2] We must catchup 1.51 seconds!
2026/09/28 02:38:05 [decoder:2] Decoding "/var/azuracast/stations/evangile_du_royaume/media/Worship/79 - The Lord is my Light and Salvation - Nonso Njoku.mp3" ended: Ffmpeg_decoder.End_of_file.
2026/09/28 02:38:05 [next_song:3] Prepared "/var/azuracast/stations/evangile_du_royaume/media/Worship/33 - By the word of the lord - Ketu HF.mp3" (RID 37).
2026/09/28 02:43:24 [decoder:2] Decoding "/var/azuracast/stations/evangile_du_royaume/media/Worship/33 - By the word of the lord - Ketu HF.mp3" ended: Ffmpeg_decoder.End_of_file.
2026/09/28 02:43:24 [next_song:3] Prepared "/var/azuracast/stations/evangile_du_royaume/media/Jingle/jingle_avant_bible_07_place_a_la_lecture_de_la_bible.mp3" (RID 38).
2026/09/28 02:43:37 [decoder:2] Decoding "/var/azuracast/stations/evangile_du_royaume/media/Jingle/jingle_avant_bible_07_place_a_la_lecture_de_la_bible.mp3" ended: Ffmpeg_decoder.End_of_file.
2026/09/28 02:43:38 [next_song:3] Prepared "/var/azuracast/stations/evangile_du_royaume/media/La bible/1_rois_009.mp3" (RID 39).
2026/09/28 02:48:22 [decoder:2] Decoding "/var/azuracast/stations/evangile_du_royaume/media/La bible/1_rois_009.mp3" ended: Ffmpeg_decoder.End_of_file.
2026/09/28 02:48:23 [next_song:3] Prepared "/var/azuracast/stations/evangile_du_royaume/media/La bible/1_rois_010.mp3" (RID 40).
2026/09/28 02:53:02 [decoder:2] Decoding "/var/azuracast/stations/evangile_du_royaume/media/La bible/1_rois_010.mp3" ended: Ffmpeg_decoder.End_of_file.
2026/09/28 02:53:03 [next_song:3] Prepared "/var/azuracast/stations/evangile_du_royaume/media/La bible/1_rois_011.mp3" (RID 41).
2026/09/28 03:00:33 [decoder:2] Decoding "/var/azuracast/stations/evangile_du_royaume/media/La bible/1_rois_011.mp3" ended: Ffmpeg_decoder.End_of_file.
2026/09/28 03:00:33 [next_song:3] Prepared "/var/azuracast/stations/evangile_du_royaume/media/La bible/1_rois_012.mp3" (RID 42).
2026/09/28 03:06:33 [decoder:2] Decoding "/var/azuracast/stations/evangile_du_royaume/media/La bible/1_rois_012.mp3" ended: Ffmpeg_decoder.End_of_file.
2026/09/28 03:06:34 [next_song:3] Prepared "/var/azuracast/stations/evangile_du_royaume/media/La bible/1_rois_013.mp3" (RID 43).
2026/09/28 03:13:07 [decoder:2] Decoding "/var/azuracast/stations/evangile_du_royaume/media/La bible/1_rois_013.mp3" ended: Ffmpeg_decoder.End_of_file.
2026/09/28 03:13:08 [next_song:3] Prepared "/var/azuracast/stations/evangile_du_royaume/media/Jingle/jingle_avant_louange_05_elevons_nos_coeurs_vers_dieu.mp3" (RID 44).
2026/09/28 03:13:18 [decoder:2] Decoding "/var/azuracast/stations/evangile_du_royaume/media/Jingle/jingle_avant_louange_05_elevons_nos_coeurs_vers_dieu.mp3" ended: Ffmpeg_decoder.End_of_file.
2026/09/28 03:13:19 [next_song:3] Prepared "/var/azuracast/stations/evangile_du_royaume/media/SWBN Lead Concert Live Worship/04 - The King is Here (Abasiama Timothy).mp3" (RID 45).
2026/09/28 03:19:28 [decoder:2] Decoding "/var/azuracast/stations/evangile_du_royaume/media/SWBN Lead Concert Live Worship/04 - The King is Here (Abasiama Timothy).mp3" ended: Ffmpeg_decoder.End_of_file.
2026/09/28 03:19:28 [next_song:3] Prepared "/var/azuracast/stations/evangile_du_royaume/media/Cantiques du royaume/8-_mohamed_sanogo_hymne_des_vainqueurs.mp3" (RID 46).
2026/09/28 03:25:35 [decoder:2] Decoding "/var/azuracast/stations/evangile_du_royaume/media/Cantiques du royaume/8-_mohamed_sanogo_hymne_des_vainqueurs.mp3" ended: Ffmpeg_decoder.End_of_file.
2026/09/28 03:25:35 [next_song:3] Prepared "/var/azuracast/stations/evangile_du_royaume/media/Worship/80 - I Will Call Upon The Lord.mp3" (RID 47).
2026/09/28 03:30:42 [decoder:2] Decoding "/var/azuracast/stations/evangile_du_royaume/media/Worship/80 - I Will Call Upon The Lord.mp3" ended: Ffmpeg_decoder.End_of_file.
2026/09/28 03:30:43 [next_song:3] Prepared "/var/azuracast/stations/evangile_du_royaume/media/Worship/68 - Shine in Darkness O Lord  - Winnipeg Fellowship.mp3" (RID 48).
2026/09/28 03:41:04 [decoder:2] Decoding "/var/azuracast/stations/evangile_du_royaume/media/Worship/68 - Shine in Darkness O Lord  - Winnipeg Fellowship.mp3" ended: Ffmpeg_decoder.End_of_file.
2026/09/28 03:41:05 [next_song:3] Prepared "/var/azuracast/stations/evangile_du_royaume/media/Worship/84 - Song Of Victory - Emmanuel Igunbor.mp3" (RID 49).
2026/09/28 03:45:07 [decoder:2] Decoding "/var/azuracast/stations/evangile_du_royaume/media/Worship/84 - Song Of Victory - Emmanuel Igunbor.mp3" ended: Ffmpeg_decoder.End_of_file.
2026/09/28 03:45:07 [next_song:3] Prepared "/var/azuracast/stations/evangile_du_royaume/media/Cantiques du royaume/jean-christ_-_10_minutes.mp3" (RID 50).
2026/09/28 03:54:28 [decoder:2] Decoding "/var/azuracast/stations/evangile_du_royaume/media/Cantiques du royaume/jean-christ_-_10_minutes.mp3" ended: Ffmpeg_decoder.End_of_file.
2026/09/28 03:54:28 [next_song:3] Prepared "/var/azuracast/stations/evangile_du_royaume/media/SWBN Lead Concert Live Worship/03 - Holy are You oh Lord (Olaedo Uzoma & Vincent Opara).mp3" (RID 51).
2026/09/28 04:04:03 [decoder:2] Decoding "/var/azuracast/stations/evangile_du_royaume/media/SWBN Lead Concert Live Worship/03 - Holy are You oh Lord (Olaedo Uzoma & Vincent Opara).mp3" ended: Ffmpeg_decoder.End_of_file.
2026/09/28 04:04:04 [next_song:3] Prepared "/var/azuracast/stations/evangile_du_royaume/media/Jingle/jingle_avant_bible_08_prenons_un_moment_pour_ecouter_la_parole.mp3" (RID 52).
2026/09/28 04:04:13 [decoder:2] Decoding "/var/azuracast/stations/evangile_du_royaume/media/Jingle/jingle_avant_bible_08_prenons_un_moment_pour_ecouter_la_parole.mp3" ended: Ffmpeg_decoder.End_of_file.
2026/09/28 04:04:13 [next_song:3] Prepared "/var/azuracast/stations/evangile_du_royaume/media/La bible/genèse_016.mp3" (RID 53).
2026/09/28 04:06:58 [decoder:2] Decoding "/var/azuracast/stations/evangile_du_royaume/media/La bible/genèse_016.mp3" ended: Ffmpeg_decoder.End_of_file.
2026/09/28 04:06:58 [next_song:3] Prepared "/var/azuracast/stations/evangile_du_royaume/media/La bible/genèse_017.mp3" (RID 54).
2026/09/28 04:11:11 [decoder:2] Decoding "/var/azuracast/stations/evangile_du_royaume/media/La bible/genèse_017.mp3" ended: Ffmpeg_decoder.End_of_file.
2026/09/28 04:11:11 [next_song:3] Prepared "/var/azuracast/stations/evangile_du_royaume/media/La bible/genèse_018.mp3" (RID 55).
2026/09/28 04:16:50 [decoder:2] Decoding "/var/azuracast/stations/evangile_du_royaume/media/La bible/genèse_018.mp3" ended: Ffmpeg_decoder.End_of_file.
2026/09/28 04:16:51 [next_song:3] Prepared "/var/azuracast/stations/evangile_du_royaume/media/La bible/genèse_019.mp3" (RID 56).
2026/09/28 04:23:21 [decoder:2] Decoding "/var/azuracast/stations/evangile_du_royaume/media/La bible/genèse_019.mp3" ended: Ffmpeg_decoder.End_of_file.
2026/09/28 04:23:21 [next_song:3] Prepared "/var/azuracast/stations/evangile_du_royaume/media/La bible/genèse_020.mp3" (RID 57).
2026/09/28 04:26:25 [decoder:2] Decoding "/var/azuracast/stations/evangile_du_royaume/media/La bible/genèse_020.mp3" ended: Ffmpeg_decoder.End_of_file.
2026/09/28 04:26:26 [next_song:3] Prepared "/var/azuracast/stations/evangile_du_royaume/media/La bible/genèse_021.mp3" (RID 58).
2026/09/28 04:31:08 [decoder:2] Decoding "/var/azuracast/stations/evangile_du_royaume/media/La bible/genèse_021.mp3" ended: Ffmpeg_decoder.End_of_file.
2026/09/28 04:31:08 [next_song:3] Prepared "/var/azuracast/stations/evangile_du_royaume/media/La bible/genèse_022.mp3" (RID 59).
2026/09/28 04:35:12 [decoder:2] Decoding "/var/azuracast/stations/evangile_du_royaume/media/La bible/genèse_022.mp3" ended: Ffmpeg_decoder.End_of_file.
2026/09/28 04:35:12 [next_song:3] Prepared "/var/azuracast/stations/evangile_du_royaume/media/La bible/genèse_023.mp3" (RID 60).
2026/09/28 04:38:28 [decoder:2] Decoding "/var/azuracast/stations/evangile_du_royaume/media/La bible/genèse_023.mp3" ended: Ffmpeg_decoder.End_of_file.
2026/09/28 04:38:28 [next_song:3] Prepared "/var/azuracast/stations/evangile_du_royaume/media/La bible/genèse_024.mp3" (RID 61).
2026/09/28 04:49:41 [decoder:2] Decoding "/var/azuracast/stations/evangile_du_royaume/media/La bible/genèse_024.mp3" ended: Ffmpeg_decoder.End_of_file.
2026/09/28 04:49:41 [next_song:3] Prepared "/var/azuracast/stations/evangile_du_royaume/media/Jingle/jingle_avant_louange_07_voici_un_temps_de_louange.mp3" (RID 62).
2026/09/28 04:49:54 [decoder:2] Decoding "/var/azuracast/stations/evangile_du_royaume/media/Jingle/jingle_avant_louange_07_voici_un_temps_de_louange.mp3" ended: Ffmpeg_decoder.End_of_file.
2026/09/28 04:49:55 [next_song:3] Prepared "/var/azuracast/stations/evangile_du_royaume/media/Cantiques du royaume/3-gabrielle_lidji_-_mélodie_céleste__by_lfxa(light_fx_animation)_2.mp3" (RID 63).
2026/09/28 04:55:11 [decoder:2] Decoding "/var/azuracast/stations/evangile_du_royaume/media/Cantiques du royaume/3-gabrielle_lidji_-_mélodie_céleste__by_lfxa(light_fx_animation)_2.mp3" ended: Ffmpeg_decoder.End_of_file.
2026/09/28 04:55:12 [next_song:3] Prepared "/var/azuracast/stations/evangile_du_royaume/media/Worship/27 - Forever You Reign - Abuja HF.mp3" (RID 64).
2026/09/28 05:00:57 [decoder:2] Decoding "/var/azuracast/stations/evangile_du_royaume/media/Worship/27 - Forever You Reign - Abuja HF.mp3" ended: Ffmpeg_decoder.End_of_file.
2026/09/28 05:00:57 [next_song:3] Prepared "/var/azuracast/stations/evangile_du_royaume/media/Worship/60 - Be Exalted - PHF.mp3" (RID 65).
2026/09/28 05:11:33 [decoder:2] Decoding "/var/azuracast/stations/evangile_du_royaume/media/Worship/60 - Be Exalted - PHF.mp3" ended: Ffmpeg_decoder.End_of_file.
2026/09/28 05:11:33 [next_song:3] Prepared "/var/azuracast/stations/evangile_du_royaume/media/Cantiques du royaume/Cantique Jahweh, Tu es élevé au dessus de tout (1).mp3" (RID 66).
2026/09/28 05:16:23 [decoder:2] Decoding "/var/azuracast/stations/evangile_du_royaume/media/Cantiques du royaume/Cantique Jahweh, Tu es élevé au dessus de tout (1).mp3" ended: Ffmpeg_decoder.End_of_file.
2026/09/28 05:16:23 [next_song:3] Prepared "/var/azuracast/stations/evangile_du_royaume/media/Worship/89 - I Know The Blood - PHF.mp3" (RID 67).
2026/09/28 05:20:39 [decoder:2] Decoding "/var/azuracast/stations/evangile_du_royaume/media/Worship/89 - I Know The Blood - PHF.mp3" ended: Ffmpeg_decoder.End_of_file.
2026/09/28 05:20:39 [next_song:3] Prepared "/var/azuracast/stations/evangile_du_royaume/media/Worship/02 - There's A Mighty River Flowing - SWBN TV.mp3" (RID 68).
2026/09/28 05:24:57 [decoder:2] Decoding "/var/azuracast/stations/evangile_du_royaume/media/Worship/02 - There's A Mighty River Flowing - SWBN TV.mp3" ended: Ffmpeg_decoder.End_of_file.
2026/09/28 05:24:57 [next_song:3] Prepared "/var/azuracast/stations/evangile_du_royaume/media/Worship/15 - Satisfy My Soul - Calabar HF.mp3" (RID 69).
2026/09/28 05:30:57 [decoder:2] Decoding "/var/azuracast/stations/evangile_du_royaume/media/Worship/15 - Satisfy My Soul - Calabar HF.mp3" ended: Ffmpeg_decoder.End_of_file.
2026/09/28 05:30:57 [next_song:3] Prepared "/var/azuracast/stations/evangile_du_royaume/media/Worship/70 - Sing Unto the Lord a new Song  - Winnipeg Fellowship.mp3" (RID 70).
2026/09/28 05:36:58 [decoder:2] Decoding "/var/azuracast/stations/evangile_du_royaume/media/Worship/70 - Sing Unto the Lord a new Song  - Winnipeg Fellowship.mp3" ended: Ffmpeg_decoder.End_of_file.
2026/09/28 05:36:59 [next_song:3] Prepared "/var/azuracast/stations/evangile_du_royaume/media/Cantiques du royaume/Cantiques  Il a pris mes iniquités.mp3" (RID 71).
2026/09/28 05:44:32 [decoder:2] Decoding "/var/azuracast/stations/evangile_du_royaume/media/Cantiques du royaume/Cantiques  Il a pris mes iniquités.mp3" ended: Ffmpeg_decoder.End_of_file.
2026/09/28 05:44:33 [next_song:3] Prepared "/var/azuracast/stations/evangile_du_royaume/media/Jingle/jingle_musical_station_fm_parole_prophetique_01.mp3" (RID 72).
2026/09/28 05:44:42 [decoder:2] Decoding "/var/azuracast/stations/evangile_du_royaume/media/Jingle/jingle_musical_station_fm_parole_prophetique_01.mp3" ended: Ffmpeg_decoder.End_of_file.
2026/09/28 05:44:42 [next_song:3] Prepared "/var/azuracast/stations/evangile_du_royaume/media/La bible/nombres_004.mp3" (RID 73).
2026/09/28 05:52:15 [decoder:2] Decoding "/var/azuracast/stations/evangile_du_royaume/media/La bible/nombres_004.mp3" ended: Ffmpeg_decoder.End_of_file.
2026/09/28 05:52:15 [next_song:3] Prepared "/var/azuracast/stations/evangile_du_royaume/media/La bible/nombres_005.mp3" (RID 74).
2026/09/28 05:57:09 [decoder:2] Decoding "/var/azuracast/stations/evangile_du_royaume/media/La bible/nombres_005.mp3" ended: Ffmpeg_decoder.End_of_file.
2026/09/28 05:57:09 [next_song:3] Prepared "/var/azuracast/stations/evangile_du_royaume/media/La bible/nombres_006.mp3" (RID 75).
2026/09/28 06:01:20 [decoder:2] Decoding "/var/azuracast/stations/evangile_du_royaume/media/La bible/nombres_006.mp3" ended: Ffmpeg_decoder.End_of_file.
2026/09/28 06:01:21 [next_song:3] Prepared "/var/azuracast/stations/evangile_du_royaume/media/Jingle/jingle_avant_message_04_bienvenue_sur_parole_prophetique_fm.mp3" (RID 76).
2026/09/28 06:01:31 [decoder:2] Decoding "/var/azuracast/stations/evangile_du_royaume/media/Jingle/jingle_avant_message_04_bienvenue_sur_parole_prophetique_fm.mp3" ended: Ffmpeg_decoder.End_of_file.
2026/09/28 06:01:31 [next_song:3] Prepared "/var/azuracast/stations/evangile_du_royaume/media/2017_ndimy_distraction_comme_aux_jours_de_noe_et_lot_2-2.mp3" (RID 77).
