2026/10/06 00:00:06 [decoder:2] Decoding "/var/azuracast/stations/evangile_du_royaume/media/Cantiques du royaume/cantique__heureux_l_homme_qui_ne_marche_pas_selon.mp3" ended: Ffmpeg_decoder.End_of_file.
2026/10/06 00:00:06 [next_song:3] Prepared "/var/azuracast/stations/evangile_du_royaume/media/jingles_de_transition_2.mp3" (RID 1220).
2026/10/06 00:00:08 [clock.main:2] We must catchup 1.45 seconds!
2026/10/06 00:01:31 [lang:2] Could not perform http request: CurlException(Aborted_by_callback, 42, CURLE_ABORTED_BY_CALLBACK).
2026/10/06 00:01:31 [lang.deprecated:2] WARNING: "error.kind" is deprecated and will be removed in future version.
2026/10/06 00:01:31 [lang.deprecated:2] WARNING: "error.message" is deprecated and will be removed in future version.
2026/10/06 00:01:31 [lang:3] API djoff - Error: http - CurlException(Aborted_by_callback, 42, CURLE_ABORTED_BY_CALLBACK)
2026/10/06 00:01:31 [threads:2] Queue generic queue #1 crashed with exception Sys_error("Condition.wait: Operation not permitted")
2026/10/06 00:01:31 [threads:2] Raised by primitive operation at Duppy.queue.run in file "src/duppy.ml", line 341, characters 6-32
2026/10/06 00:01:31 [threads:2] Called from Duppy.queue in file "src/duppy.ml", line 357, characters 8-12
2026/10/06 00:01:31 [threads:2] Re-raised at Duppy.queue in file "src/duppy.ml", line 361, characters 8-17
2026/10/06 00:01:31 [threads:2] Called from Tutils.create.(fun).process in file "tools/tutils.ml", line 164, characters 12-15
2026/10/06 00:01:31 [threads:2] 
2026/10/06 00:01:31 [threads:1] PANIC: Liquidsoap has crashed, exiting.,
2026/10/06 00:01:31 [threads:1] Please report at: savonet-users@lists.sf.net
2026/10/06 00:01:38 [lang.deprecated:2] WARNING: "map_metadata" is deprecated and will be removed in future version. Please use "metadata.map" instead.
2026/10/06 00:01:38 [lang.deprecated:2] WARNING: "map_metadata" is deprecated and will be removed in future version. Please use "metadata.map" instead.
2026/10/06 00:01:38 [error_jingle:3] "/usr/local/share/icecast/web/error.mp3" is static, resolving once for all...
2026/10/06 00:01:38 [error_jingle:3] Prepared "/usr/local/share/icecast/web/error.mp3" (RID 7).
2026/10/06 00:01:38 [safe_fallback:3] Switch to error_jingle.
2026/10/06 00:01:38 [next_song:3] Prepared "/var/azuracast/stations/evangile_du_royaume/media/Jingle/jingle_avant_message_04_bienvenue_sur_parole_prophetique_fm.mp3" (RID 9).
2026/10/06 00:01:38 [safe_fallback:3] Switch to amplify_0 with transition.
2026/10/06 00:01:38 [live_fallback:3] Switch to cross_0.
2026/10/06 00:01:38 [interrupting_fallback:3] Switch to requests_fallback.
2026/10/06 00:01:38 [requests_fallback:3] Switch to autodj_fallback.
2026/10/06 00:01:38 [autodj_fallback:3] Switch to dynamic_startup.
2026/10/06 00:01:38 [dynamic_startup:3] Switch to cue_next_song.
2026/10/06 00:01:48 [decoder:2] Decoding "/var/azuracast/stations/evangile_du_royaume/media/Jingle/jingle_avant_message_04_bienvenue_sur_parole_prophetique_fm.mp3" ended: Ffmpeg_decoder.End_of_file.
2026/10/06 00:01:48 [next_song:3] Prepared "/var/azuracast/stations/evangile_du_royaume/media/jingles_de_transition_1.mp3" (RID 16).
2026/10/06 00:03:24 [decoder:2] Decoding "/var/azuracast/stations/evangile_du_royaume/media/jingles_de_transition_1.mp3" ended: Ffmpeg_decoder.End_of_file.
2026/10/06 00:03:24 [next_song:3] Prepared "/var/azuracast/stations/evangile_du_royaume/media/la_moisson_4_adé.mp3" (RID 17).
2026/10/06 00:30:58 [decoder:2] Decoding "/var/azuracast/stations/evangile_du_royaume/media/la_moisson_4_adé.mp3" ended: Ffmpeg_decoder.End_of_file.
2026/10/06 00:30:58 [next_song:3] Prepared "/var/azuracast/stations/evangile_du_royaume/media/Jingle/jingle_avant_bible_07_place_a_la_lecture_de_la_bible.mp3" (RID 18).
2026/10/06 00:31:11 [decoder:2] Decoding "/var/azuracast/stations/evangile_du_royaume/media/Jingle/jingle_avant_bible_07_place_a_la_lecture_de_la_bible.mp3" ended: Ffmpeg_decoder.End_of_file.
2026/10/06 00:31:12 [next_song:3] Prepared "/var/azuracast/stations/evangile_du_royaume/media/La bible/cantique_des_cantiques_001.mp3" (RID 19).
2026/10/06 00:33:34 [decoder:2] Decoding "/var/azuracast/stations/evangile_du_royaume/media/La bible/cantique_des_cantiques_001.mp3" ended: Ffmpeg_decoder.End_of_file.
2026/10/06 00:33:34 [next_song:3] Prepared "/var/azuracast/stations/evangile_du_royaume/media/La bible/cantique_des_cantiques_002.mp3" (RID 20).
2026/10/06 00:36:03 [decoder:2] Decoding "/var/azuracast/stations/evangile_du_royaume/media/La bible/cantique_des_cantiques_002.mp3" ended: Ffmpeg_decoder.End_of_file.
2026/10/06 00:36:04 [next_song:3] Prepared "/var/azuracast/stations/evangile_du_royaume/media/La bible/cantique_des_cantiques_003.mp3" (RID 21).
2026/10/06 00:37:54 [decoder:2] Decoding "/var/azuracast/stations/evangile_du_royaume/media/La bible/cantique_des_cantiques_003.mp3" ended: Ffmpeg_decoder.End_of_file.
2026/10/06 00:37:55 [next_song:3] Prepared "/var/azuracast/stations/evangile_du_royaume/media/La bible/cantique_des_cantiques_004.mp3" (RID 22).
2026/10/06 00:40:41 [decoder:2] Decoding "/var/azuracast/stations/evangile_du_royaume/media/La bible/cantique_des_cantiques_004.mp3" ended: Ffmpeg_decoder.End_of_file.
2026/10/06 00:40:42 [next_song:3] Prepared "/var/azuracast/stations/evangile_du_royaume/media/La bible/cantique_des_cantiques_005.mp3" (RID 23).
2026/10/06 00:43:33 [decoder:2] Decoding "/var/azuracast/stations/evangile_du_royaume/media/La bible/cantique_des_cantiques_005.mp3" ended: Ffmpeg_decoder.End_of_file.
2026/10/06 00:43:34 [next_song:3] Prepared "/var/azuracast/stations/evangile_du_royaume/media/La bible/cantique_des_cantiques_006.mp3" (RID 24).
2026/10/06 00:45:36 [decoder:2] Decoding "/var/azuracast/stations/evangile_du_royaume/media/La bible/cantique_des_cantiques_006.mp3" ended: Ffmpeg_decoder.End_of_file.
2026/10/06 00:45:37 [next_song:3] Prepared "/var/azuracast/stations/evangile_du_royaume/media/La bible/cantique_des_cantiques_007.mp3" (RID 25).
2026/10/06 00:47:30 [decoder:2] Decoding "/var/azuracast/stations/evangile_du_royaume/media/La bible/cantique_des_cantiques_007.mp3" ended: Ffmpeg_decoder.End_of_file.
2026/10/06 00:47:31 [next_song:3] Prepared "/var/azuracast/stations/evangile_du_royaume/media/La bible/cantique_des_cantiques_008.mp3" (RID 26).
2026/10/06 00:49:57 [decoder:2] Decoding "/var/azuracast/stations/evangile_du_royaume/media/La bible/cantique_des_cantiques_008.mp3" ended: Ffmpeg_decoder.End_of_file.
2026/10/06 00:49:57 [next_song:3] Prepared "/var/azuracast/stations/evangile_du_royaume/media/La bible/1_rois_001.mp3" (RID 27).
2026/10/06 00:59:58 [decoder:2] Decoding "/var/azuracast/stations/evangile_du_royaume/media/La bible/1_rois_001.mp3" ended: Ffmpeg_decoder.End_of_file.
2026/10/06 00:59:59 [next_song:3] Prepared "/var/azuracast/stations/evangile_du_royaume/media/La bible/1_rois_002.mp3" (RID 28).
2026/10/06 01:09:07 [decoder:2] Decoding "/var/azuracast/stations/evangile_du_royaume/media/La bible/1_rois_002.mp3" ended: Ffmpeg_decoder.End_of_file.
2026/10/06 01:09:08 [next_song:3] Prepared "/var/azuracast/stations/evangile_du_royaume/media/La bible/1_rois_003.mp3" (RID 29).
2026/10/06 01:14:25 [decoder:2] Decoding "/var/azuracast/stations/evangile_du_royaume/media/La bible/1_rois_003.mp3" ended: Ffmpeg_decoder.End_of_file.
2026/10/06 01:14:25 [next_song:3] Prepared "/var/azuracast/stations/evangile_du_royaume/media/La bible/1_rois_004.mp3" (RID 30).
2026/10/06 01:19:19 [decoder:2] Decoding "/var/azuracast/stations/evangile_du_royaume/media/La bible/1_rois_004.mp3" ended: Ffmpeg_decoder.End_of_file.
2026/10/06 01:19:19 [next_song:3] Prepared "/var/azuracast/stations/evangile_du_royaume/media/La bible/1_rois_005.mp3" (RID 31).
2026/10/06 01:22:25 [decoder:2] Decoding "/var/azuracast/stations/evangile_du_royaume/media/La bible/1_rois_005.mp3" ended: Ffmpeg_decoder.End_of_file.
2026/10/06 01:22:25 [next_song:3] Prepared "/var/azuracast/stations/evangile_du_royaume/media/La bible/1_rois_006.mp3" (RID 32).
2026/10/06 01:28:06 [decoder:2] Decoding "/var/azuracast/stations/evangile_du_royaume/media/La bible/1_rois_006.mp3" ended: Ffmpeg_decoder.End_of_file.
2026/10/06 01:28:06 [next_song:3] Prepared "/var/azuracast/stations/evangile_du_royaume/media/Jingle/jingle_avant_louange_07_voici_un_temps_de_louange.mp3" (RID 33).
2026/10/06 01:28:19 [decoder:2] Decoding "/var/azuracast/stations/evangile_du_royaume/media/Jingle/jingle_avant_louange_07_voici_un_temps_de_louange.mp3" ended: Ffmpeg_decoder.End_of_file.
2026/10/06 01:28:20 [next_song:3] Prepared "/var/azuracast/stations/evangile_du_royaume/media/Worship/32 - There is A Mighty River Flowing - Ketu HF.mp3" (RID 34).
2026/10/06 01:35:25 [decoder:2] Decoding "/var/azuracast/stations/evangile_du_royaume/media/Worship/32 - There is A Mighty River Flowing - Ketu HF.mp3" ended: Ffmpeg_decoder.End_of_file.
2026/10/06 01:35:26 [next_song:3] Prepared "/var/azuracast/stations/evangile_du_royaume/media/Worship/21 - I Choose the Way of the Lord - Abuja HF.mp3" (RID 35).
2026/10/06 01:39:30 [decoder:2] Decoding "/var/azuracast/stations/evangile_du_royaume/media/Worship/21 - I Choose the Way of the Lord - Abuja HF.mp3" ended: Ffmpeg_decoder.End_of_file.
2026/10/06 01:39:31 [next_song:3] Prepared "/var/azuracast/stations/evangile_du_royaume/media/Worship/04 - Yahweh Is Mighty - SWBN TV.mp3" (RID 36).
2026/10/06 01:47:46 [decoder:2] Decoding "/var/azuracast/stations/evangile_du_royaume/media/Worship/04 - Yahweh Is Mighty - SWBN TV.mp3" ended: Ffmpeg_decoder.End_of_file.
2026/10/06 01:47:47 [next_song:3] Prepared "/var/azuracast/stations/evangile_du_royaume/media/SWBN Lead Concert Live Worship/08 - You're the Lamb (Abasiama Timothy).mp3" (RID 37).
2026/10/06 01:54:53 [decoder:2] Decoding "/var/azuracast/stations/evangile_du_royaume/media/SWBN Lead Concert Live Worship/08 - You're the Lamb (Abasiama Timothy).mp3" ended: Ffmpeg_decoder.End_of_file.
2026/10/06 01:54:53 [next_song:3] Prepared "/var/azuracast/stations/evangile_du_royaume/media/Worship/13 - For By My God - Toronto & Winnipeg HF.mp3" (RID 38).
2026/10/06 02:02:11 [decoder:2] Decoding "/var/azuracast/stations/evangile_du_royaume/media/Worship/13 - For By My God - Toronto & Winnipeg HF.mp3" ended: Ffmpeg_decoder.End_of_file.
2026/10/06 02:02:11 [next_song:3] Prepared "/var/azuracast/stations/evangile_du_royaume/media/Cantiques du royaume/5-il_sappelait_emmanuel_-_marcel_boungou__paroles.mp3" (RID 39).
2026/10/06 02:07:22 [decoder:2] Decoding "/var/azuracast/stations/evangile_du_royaume/media/Cantiques du royaume/5-il_sappelait_emmanuel_-_marcel_boungou__paroles.mp3" ended: Ffmpeg_decoder.End_of_file.
2026/10/06 02:07:22 [next_song:3] Prepared "/var/azuracast/stations/evangile_du_royaume/media/Worship/55 - God's Got An Army - PHF.mp3" (RID 40).
2026/10/06 02:12:41 [decoder:2] Decoding "/var/azuracast/stations/evangile_du_royaume/media/Worship/55 - God's Got An Army - PHF.mp3" ended: Ffmpeg_decoder.End_of_file.
2026/10/06 02:12:42 [next_song:3] Prepared "/var/azuracast/stations/evangile_du_royaume/media/SWBN Lead Concert Live Worship/05 - Jesus I'm Waiting for You (Mary Umoh).mp3" (RID 41).
2026/10/06 02:18:29 [decoder:2] Decoding "/var/azuracast/stations/evangile_du_royaume/media/SWBN Lead Concert Live Worship/05 - Jesus I'm Waiting for You (Mary Umoh).mp3" ended: Ffmpeg_decoder.End_of_file.
2026/10/06 02:18:29 [next_song:3] Prepared "/var/azuracast/stations/evangile_du_royaume/media/Worship/16 - I Will Not Be Silent - Calabar HF.mp3" (RID 42).
2026/10/06 02:22:29 [decoder:2] Decoding "/var/azuracast/stations/evangile_du_royaume/media/Worship/16 - I Will Not Be Silent - Calabar HF.mp3" ended: Ffmpeg_decoder.End_of_file.
2026/10/06 02:22:30 [next_song:3] Prepared "/var/azuracast/stations/evangile_du_royaume/media/Worship/74 - You are God - Winnipeg Fellowship.mp3" (RID 43).
2026/10/06 02:28:23 [decoder:2] Decoding "/var/azuracast/stations/evangile_du_royaume/media/Worship/74 - You are God - Winnipeg Fellowship.mp3" ended: Ffmpeg_decoder.End_of_file.
2026/10/06 02:28:24 [next_song:3] Prepared "/var/azuracast/stations/evangile_du_royaume/media/Jingle/jingle_avant_bible_08_prenons_un_moment_pour_ecouter_la_parole.mp3" (RID 44).
2026/10/06 02:28:33 [decoder:2] Decoding "/var/azuracast/stations/evangile_du_royaume/media/Jingle/jingle_avant_bible_08_prenons_un_moment_pour_ecouter_la_parole.mp3" ended: Ffmpeg_decoder.End_of_file.
2026/10/06 02:28:33 [next_song:3] Prepared "/var/azuracast/stations/evangile_du_royaume/media/La bible/philippiens_001.mp3" (RID 45).
2026/10/06 02:32:45 [decoder:2] Decoding "/var/azuracast/stations/evangile_du_royaume/media/La bible/philippiens_001.mp3" ended: Ffmpeg_decoder.End_of_file.
2026/10/06 02:32:46 [next_song:3] Prepared "/var/azuracast/stations/evangile_du_royaume/media/La bible/philippiens_002.mp3" (RID 46).
2026/10/06 02:37:11 [decoder:2] Decoding "/var/azuracast/stations/evangile_du_royaume/media/La bible/philippiens_002.mp3" ended: Ffmpeg_decoder.End_of_file.
2026/10/06 02:37:11 [next_song:3] Prepared "/var/azuracast/stations/evangile_du_royaume/media/La bible/philippiens_003.mp3" (RID 47).
2026/10/06 02:40:34 [decoder:2] Decoding "/var/azuracast/stations/evangile_du_royaume/media/La bible/philippiens_003.mp3" ended: Ffmpeg_decoder.End_of_file.
2026/10/06 02:40:34 [next_song:3] Prepared "/var/azuracast/stations/evangile_du_royaume/media/La bible/philippiens_004.mp3" (RID 48).
2026/10/06 02:44:10 [decoder:2] Decoding "/var/azuracast/stations/evangile_du_royaume/media/La bible/philippiens_004.mp3" ended: Ffmpeg_decoder.End_of_file.
2026/10/06 02:44:11 [next_song:3] Prepared "/var/azuracast/stations/evangile_du_royaume/media/La bible/esther_002.mp3" (RID 49).
2026/10/06 02:48:51 [decoder:2] Decoding "/var/azuracast/stations/evangile_du_royaume/media/La bible/esther_002.mp3" ended: Ffmpeg_decoder.End_of_file.
2026/10/06 02:48:52 [next_song:3] Prepared "/var/azuracast/stations/evangile_du_royaume/media/La bible/esther_003.mp3" (RID 50).
2026/10/06 02:52:06 [decoder:2] Decoding "/var/azuracast/stations/evangile_du_royaume/media/La bible/esther_003.mp3" ended: Ffmpeg_decoder.End_of_file.
2026/10/06 02:52:06 [next_song:3] Prepared "/var/azuracast/stations/evangile_du_royaume/media/La bible/esther_004.mp3" (RID 51).
2026/10/06 02:54:58 [decoder:2] Decoding "/var/azuracast/stations/evangile_du_royaume/media/La bible/esther_004.mp3" ended: Ffmpeg_decoder.End_of_file.
2026/10/06 02:54:59 [next_song:3] Prepared "/var/azuracast/stations/evangile_du_royaume/media/La bible/esther_005.mp3" (RID 52).
2026/10/06 02:57:41 [decoder:2] Decoding "/var/azuracast/stations/evangile_du_royaume/media/La bible/esther_005.mp3" ended: Ffmpeg_decoder.End_of_file.
2026/10/06 02:57:42 [next_song:3] Prepared "/var/azuracast/stations/evangile_du_royaume/media/Jingle/jingle_avant_louange_06_que_la_louange_seleve.mp3" (RID 53).
2026/10/06 02:57:52 [decoder:2] Decoding "/var/azuracast/stations/evangile_du_royaume/media/Jingle/jingle_avant_louange_06_que_la_louange_seleve.mp3" ended: Ffmpeg_decoder.End_of_file.
2026/10/06 02:57:53 [next_song:3] Prepared "/var/azuracast/stations/evangile_du_royaume/media/Cantiques du royaume/3-gabrielle_lidji_-_mélodie_céleste__by_lfxa(light_fx_animation)_2.mp3" (RID 54).
2026/10/06 03:03:09 [decoder:2] Decoding "/var/azuracast/stations/evangile_du_royaume/media/Cantiques du royaume/3-gabrielle_lidji_-_mélodie_céleste__by_lfxa(light_fx_animation)_2.mp3" ended: Ffmpeg_decoder.End_of_file.
2026/10/06 03:03:09 [next_song:3] Prepared "/var/azuracast/stations/evangile_du_royaume/media/Worship/18 - El Elyon - Toronto & Winnipeg HF.mp3" (RID 55).
2026/10/06 03:12:04 [decoder:2] Decoding "/var/azuracast/stations/evangile_du_royaume/media/Worship/18 - El Elyon - Toronto & Winnipeg HF.mp3" ended: Ffmpeg_decoder.End_of_file.
2026/10/06 03:12:05 [next_song:3] Prepared "/var/azuracast/stations/evangile_du_royaume/media/Cantiques du royaume/7-_gael_adorons_léternel.mp3" (RID 56).
2026/10/06 03:15:43 [decoder:2] Decoding "/var/azuracast/stations/evangile_du_royaume/media/Cantiques du royaume/7-_gael_adorons_léternel.mp3" ended: Ffmpeg_decoder.End_of_file.
2026/10/06 03:15:44 [next_song:3] Prepared "/var/azuracast/stations/evangile_du_royaume/media/Worship/58 - Rejoice - PHF.mp3" (RID 57).
2026/10/06 03:21:43 [decoder:2] Decoding "/var/azuracast/stations/evangile_du_royaume/media/Worship/58 - Rejoice - PHF.mp3" ended: Ffmpeg_decoder.End_of_file.
2026/10/06 03:21:43 [next_song:3] Prepared "/var/azuracast/stations/evangile_du_royaume/media/Worship/33 - By the word of the lord - Ketu HF.mp3" (RID 58).
2026/10/06 03:27:02 [decoder:2] Decoding "/var/azuracast/stations/evangile_du_royaume/media/Worship/33 - By the word of the lord - Ketu HF.mp3" ended: Ffmpeg_decoder.End_of_file.
2026/10/06 03:27:03 [next_song:3] Prepared "/var/azuracast/stations/evangile_du_royaume/media/Worship/90 - Bless Ye the Lord - PHF.mp3" (RID 59).
2026/10/06 03:35:23 [decoder:2] Decoding "/var/azuracast/stations/evangile_du_royaume/media/Worship/90 - Bless Ye the Lord - PHF.mp3" ended: Ffmpeg_decoder.End_of_file.
2026/10/06 03:35:24 [next_song:3] Prepared "/var/azuracast/stations/evangile_du_royaume/media/Worship/80 - I Will Call Upon The Lord.mp3" (RID 60).
2026/10/06 03:40:31 [decoder:2] Decoding "/var/azuracast/stations/evangile_du_royaume/media/Worship/80 - I Will Call Upon The Lord.mp3" ended: Ffmpeg_decoder.End_of_file.
2026/10/06 03:40:31 [next_song:3] Prepared "/var/azuracast/stations/evangile_du_royaume/media/Cantiques du royaume/cantique___ta_lumière.mp3" (RID 61).
2026/10/06 03:47:03 [decoder:2] Decoding "/var/azuracast/stations/evangile_du_royaume/media/Cantiques du royaume/cantique___ta_lumière.mp3" ended: Ffmpeg_decoder.End_of_file.
2026/10/06 03:47:04 [next_song:3] Prepared "/var/azuracast/stations/evangile_du_royaume/media/Worship/73 - Arise Out of Zion  - Winnipeg Fellowship.mp3" (RID 62).
2026/10/06 03:54:47 [decoder:2] Decoding "/var/azuracast/stations/evangile_du_royaume/media/Worship/73 - Arise Out of Zion  - Winnipeg Fellowship.mp3" ended: Ffmpeg_decoder.End_of_file.
2026/10/06 03:54:47 [next_song:3] Prepared "/var/azuracast/stations/evangile_du_royaume/media/Jingle/jingle_avant_bible_06_ouvrons_les_saintes_ecritures.mp3" (RID 63).
2026/10/06 03:54:58 [decoder:2] Decoding "/var/azuracast/stations/evangile_du_royaume/media/Jingle/jingle_avant_bible_06_ouvrons_les_saintes_ecritures.mp3" ended: Ffmpeg_decoder.End_of_file.
2026/10/06 03:54:58 [next_song:3] Prepared "/var/azuracast/stations/evangile_du_royaume/media/La bible/nombres_007.mp3" (RID 64).
2026/10/06 04:06:16 [decoder:2] Decoding "/var/azuracast/stations/evangile_du_royaume/media/La bible/nombres_007.mp3" ended: Ffmpeg_decoder.End_of_file.
2026/10/06 04:06:16 [next_song:3] Prepared "/var/azuracast/stations/evangile_du_royaume/media/La bible/nombres_008.mp3" (RID 65).
2026/10/06 04:10:13 [decoder:2] Decoding "/var/azuracast/stations/evangile_du_royaume/media/La bible/nombres_008.mp3" ended: Ffmpeg_decoder.End_of_file.
2026/10/06 04:10:13 [next_song:3] Prepared "/var/azuracast/stations/evangile_du_royaume/media/La bible/nombres_009.mp3" (RID 66).
2026/10/06 04:13:50 [decoder:2] Decoding "/var/azuracast/stations/evangile_du_royaume/media/La bible/nombres_009.mp3" ended: Ffmpeg_decoder.End_of_file.
2026/10/06 04:13:50 [next_song:3] Prepared "/var/azuracast/stations/evangile_du_royaume/media/La bible/nombres_010.mp3" (RID 67).
2026/10/06 04:18:38 [decoder:2] Decoding "/var/azuracast/stations/evangile_du_royaume/media/La bible/nombres_010.mp3" ended: Ffmpeg_decoder.End_of_file.
2026/10/06 04:18:38 [next_song:3] Prepared "/var/azuracast/stations/evangile_du_royaume/media/La bible/nombres_011.mp3" (RID 68).
2026/10/06 04:24:45 [decoder:2] Decoding "/var/azuracast/stations/evangile_du_royaume/media/La bible/nombres_011.mp3" ended: Ffmpeg_decoder.End_of_file.
2026/10/06 04:24:45 [next_song:3] Prepared "/var/azuracast/stations/evangile_du_royaume/media/La bible/nombres_012.mp3" (RID 69).
2026/10/06 04:27:14 [decoder:2] Decoding "/var/azuracast/stations/evangile_du_royaume/media/La bible/nombres_012.mp3" ended: Ffmpeg_decoder.End_of_file.
2026/10/06 04:27:15 [next_song:3] Prepared "/var/azuracast/stations/evangile_du_royaume/media/La bible/nombres_013.mp3" (RID 70).
2026/10/06 04:31:35 [decoder:2] Decoding "/var/azuracast/stations/evangile_du_royaume/media/La bible/nombres_013.mp3" ended: Ffmpeg_decoder.End_of_file.
2026/10/06 04:31:36 [next_song:3] Prepared "/var/azuracast/stations/evangile_du_royaume/media/La bible/nombres_014.mp3" (RID 71).
2026/10/06 04:38:16 [decoder:2] Decoding "/var/azuracast/stations/evangile_du_royaume/media/La bible/nombres_014.mp3" ended: Ffmpeg_decoder.End_of_file.
2026/10/06 04:38:16 [next_song:3] Prepared "/var/azuracast/stations/evangile_du_royaume/media/Jingle/jingle_avant_louange_05_elevons_nos_coeurs_vers_dieu.mp3" (RID 72).
2026/10/06 04:38:27 [decoder:2] Decoding "/var/azuracast/stations/evangile_du_royaume/media/Jingle/jingle_avant_louange_05_elevons_nos_coeurs_vers_dieu.mp3" ended: Ffmpeg_decoder.End_of_file.
2026/10/06 04:38:28 [next_song:3] Prepared "/var/azuracast/stations/evangile_du_royaume/media/Worship/12 - As We Worship - Toronto & Winnipeg HF.mp3" (RID 73).
2026/10/06 04:48:37 [decoder:2] Decoding "/var/azuracast/stations/evangile_du_royaume/media/Worship/12 - As We Worship - Toronto & Winnipeg HF.mp3" ended: Ffmpeg_decoder.End_of_file.
2026/10/06 04:48:38 [next_song:3] Prepared "/var/azuracast/stations/evangile_du_royaume/media/Worship/03 - Agunechemba - SWBN TV.mp3" (RID 74).
2026/10/06 04:56:45 [decoder:2] Decoding "/var/azuracast/stations/evangile_du_royaume/media/Worship/03 - Agunechemba - SWBN TV.mp3" ended: Ffmpeg_decoder.End_of_file.
2026/10/06 04:56:46 [next_song:3] Prepared "/var/azuracast/stations/evangile_du_royaume/media/Worship/50 - Jesus is Alpha - PHF.mp3" (RID 75).
2026/10/06 05:04:54 [decoder:2] Decoding "/var/azuracast/stations/evangile_du_royaume/media/Worship/50 - Jesus is Alpha - PHF.mp3" ended: Ffmpeg_decoder.End_of_file.
2026/10/06 05:04:55 [next_song:3] Prepared "/var/azuracast/stations/evangile_du_royaume/media/Worship/79 - The Lord is my Light and Salvation - Nonso Njoku.mp3" (RID 76).
2026/10/06 05:07:56 [decoder:2] Decoding "/var/azuracast/stations/evangile_du_royaume/media/Worship/79 - The Lord is my Light and Salvation - Nonso Njoku.mp3" ended: Ffmpeg_decoder.End_of_file.
2026/10/06 05:07:56 [next_song:3] Prepared "/var/azuracast/stations/evangile_du_royaume/media/SWBN Lead Concert Live Worship/10 - He Has Given Me & Emmanuel You Joy Over Us (Medley) (Abasiama Timothy & Imah Adegoke).mp3" (RID 77).
2026/10/06 05:16:30 [decoder:2] Decoding "/var/azuracast/stations/evangile_du_royaume/media/SWBN Lead Concert Live Worship/10 - He Has Given Me & Emmanuel You Joy Over Us (Medley) (Abasiama Timothy & Imah Adegoke).mp3" ended: Ffmpeg_decoder.End_of_file.
2026/10/06 05:16:31 [next_song:3] Prepared "/var/azuracast/stations/evangile_du_royaume/media/Worship/45 - Now is Come Salvation - Toronto HF.mp3" (RID 78).
2026/10/06 05:21:46 [decoder:2] Decoding "/var/azuracast/stations/evangile_du_royaume/media/Worship/45 - Now is Come Salvation - Toronto HF.mp3" ended: Ffmpeg_decoder.End_of_file.
2026/10/06 05:21:47 [next_song:3] Prepared "/var/azuracast/stations/evangile_du_royaume/media/Worship/19 - You're the Lamb - Calabar HF.mp3" (RID 79).
2026/10/06 05:30:47 [decoder:2] Decoding "/var/azuracast/stations/evangile_du_royaume/media/Worship/19 - You're the Lamb - Calabar HF.mp3" ended: Ffmpeg_decoder.End_of_file.
2026/10/06 05:30:48 [next_song:3] Prepared "/var/azuracast/stations/evangile_du_royaume/media/Cantiques du royaume/jean-chist_-_4_minutes.mp3" (RID 80).
2026/10/06 05:34:58 [decoder:2] Decoding "/var/azuracast/stations/evangile_du_royaume/media/Cantiques du royaume/jean-chist_-_4_minutes.mp3" ended: Ffmpeg_decoder.End_of_file.
2026/10/06 05:34:58 [next_song:3] Prepared "/var/azuracast/stations/evangile_du_royaume/media/Jingle/jingle_id_station_01_la_bonne_nouvelle_partout.mp3" (RID 81).
2026/10/06 05:35:07 [decoder:2] Decoding "/var/azuracast/stations/evangile_du_royaume/media/Jingle/jingle_id_station_01_la_bonne_nouvelle_partout.mp3" ended: Ffmpeg_decoder.End_of_file.
2026/10/06 05:35:08 [next_song:3] Prepared "/var/azuracast/stations/evangile_du_royaume/media/La bible/2_samuel_018.mp3" (RID 82).
2026/10/06 05:41:23 [decoder:2] Decoding "/var/azuracast/stations/evangile_du_royaume/media/La bible/2_samuel_018.mp3" ended: Ffmpeg_decoder.End_of_file.
2026/10/06 05:41:24 [next_song:3] Prepared "/var/azuracast/stations/evangile_du_royaume/media/La bible/2_samuel_019.mp3" (RID 83).
2026/10/06 05:49:20 [decoder:2] Decoding "/var/azuracast/stations/evangile_du_royaume/media/La bible/2_samuel_019.mp3" ended: Ffmpeg_decoder.End_of_file.
2026/10/06 05:49:21 [next_song:3] Prepared "/var/azuracast/stations/evangile_du_royaume/media/La bible/2_samuel_020.mp3" (RID 84).
2026/10/06 05:54:17 [decoder:2] Decoding "/var/azuracast/stations/evangile_du_royaume/media/La bible/2_samuel_020.mp3" ended: Ffmpeg_decoder.End_of_file.
2026/10/06 05:54:18 [next_song:3] Prepared "/var/azuracast/stations/evangile_du_royaume/media/Jingle/jingle_musical_station_fm_parole_prophetique_02.mp3" (RID 85).
2026/10/06 05:54:27 [decoder:2] Decoding "/var/azuracast/stations/evangile_du_royaume/media/Jingle/jingle_musical_station_fm_parole_prophetique_02.mp3" ended: Ffmpeg_decoder.End_of_file.
2026/10/06 05:54:27 [next_song:3] Prepared "/var/azuracast/stations/evangile_du_royaume/media/Worship/71 - In the Day of Your Power  - Winnipeg Fellowship.mp3" (RID 86).
2026/10/06 06:02:45 [decoder:2] Decoding "/var/azuracast/stations/evangile_du_royaume/media/Worship/71 - In the Day of Your Power  - Winnipeg Fellowship.mp3" ended: Ffmpeg_decoder.End_of_file.
2026/10/06 06:02:46 [next_song:3] Prepared "/var/azuracast/stations/evangile_du_royaume/media/Jingle/jingle_avant_message_04_bienvenue_sur_parole_prophetique_fm.mp3" (RID 87).
2026/10/06 06:02:56 [decoder:2] Decoding "/var/azuracast/stations/evangile_du_royaume/media/Jingle/jingle_avant_message_04_bienvenue_sur_parole_prophetique_fm.mp3" ended: Ffmpeg_decoder.End_of_file.
2026/10/06 06:02:56 [next_song:3] Prepared "/var/azuracast/stations/evangile_du_royaume/media/la_moisson_4_adé.mp3" (RID 88).
2026/10/06 06:30:30 [decoder:2] Decoding "/var/azuracast/stations/evangile_du_royaume/media/la_moisson_4_adé.mp3" ended: Ffmpeg_decoder.End_of_file.
2026/10/06 06:30:30 [next_song:3] Prepared "/var/azuracast/stations/evangile_du_royaume/media/Jingle/jingle_avant_bible_08_prenons_un_moment_pour_ecouter_la_parole.mp3" (RID 89).
2026/10/06 06:30:39 [decoder:2] Decoding "/var/azuracast/stations/evangile_du_royaume/media/Jingle/jingle_avant_bible_08_prenons_un_moment_pour_ecouter_la_parole.mp3" ended: Ffmpeg_decoder.End_of_file.
2026/10/06 06:30:40 [next_song:3] Prepared "/var/azuracast/stations/evangile_du_royaume/media/La bible/matthieu_025.mp3" (RID 90).
2026/10/06 06:36:29 [decoder:2] Decoding "/var/azuracast/stations/evangile_du_royaume/media/La bible/matthieu_025.mp3" ended: Ffmpeg_decoder.End_of_file.
2026/10/06 06:36:30 [next_song:3] Prepared "/var/azuracast/stations/evangile_du_royaume/media/La bible/matthieu_026.mp3" (RID 91).
2026/10/06 06:46:37 [decoder:2] Decoding "/var/azuracast/stations/evangile_du_royaume/media/La bible/matthieu_026.mp3" ended: Ffmpeg_decoder.End_of_file.
2026/10/06 06:46:37 [next_song:3] Prepared "/var/azuracast/stations/evangile_du_royaume/media/La bible/matthieu_027.mp3" (RID 92).
2026/10/06 06:55:17 [decoder:2] Decoding "/var/azuracast/stations/evangile_du_royaume/media/La bible/matthieu_027.mp3" ended: Ffmpeg_decoder.End_of_file.
2026/10/06 06:55:17 [next_song:3] Prepared "/var/azuracast/stations/evangile_du_royaume/media/La bible/matthieu_028.mp3" (RID 93).
2026/10/06 06:57:58 [decoder:2] Decoding "/var/azuracast/stations/evangile_du_royaume/media/La bible/matthieu_028.mp3" ended: Ffmpeg_decoder.End_of_file.
2026/10/06 06:57:59 [next_song:3] Prepared "/var/azuracast/stations/evangile_du_royaume/media/La bible/esdras_005.mp3" (RID 94).
2026/10/06 07:01:04 [decoder:2] Decoding "/var/azuracast/stations/evangile_du_royaume/media/La bible/esdras_005.mp3" ended: Ffmpeg_decoder.End_of_file.
2026/10/06 07:01:04 [next_song:3] Prepared "/var/azuracast/stations/evangile_du_royaume/media/La bible/esdras_006.mp3" (RID 95).
2026/10/06 07:05:13 [decoder:2] Decoding "/var/azuracast/stations/evangile_du_royaume/media/La bible/esdras_006.mp3" ended: Ffmpeg_decoder.End_of_file.
2026/10/06 07:05:14 [next_song:3] Prepared "/var/azuracast/stations/evangile_du_royaume/media/La bible/esdras_007.mp3" (RID 96).
2026/10/06 07:09:45 [decoder:2] Decoding "/var/azuracast/stations/evangile_du_royaume/media/La bible/esdras_007.mp3" ended: Ffmpeg_decoder.End_of_file.
2026/10/06 07:09:45 [next_song:3] Prepared "/var/azuracast/stations/evangile_du_royaume/media/La bible/esdras_008.mp3" (RID 97).
2026/10/06 07:15:24 [decoder:2] Decoding "/var/azuracast/stations/evangile_du_royaume/media/La bible/esdras_008.mp3" ended: Ffmpeg_decoder.End_of_file.
2026/10/06 07:15:25 [next_song:3] Prepared "/var/azuracast/stations/evangile_du_royaume/media/La bible/esdras_009.mp3" (RID 98).
2026/10/06 07:18:56 [decoder:2] Decoding "/var/azuracast/stations/evangile_du_royaume/media/La bible/esdras_009.mp3" ended: Ffmpeg_decoder.End_of_file.
2026/10/06 07:18:57 [next_song:3] Prepared "/var/azuracast/stations/evangile_du_royaume/media/La bible/esdras_010.mp3" (RID 99).
2026/10/06 07:25:15 [decoder:2] Decoding "/var/azuracast/stations/evangile_du_royaume/media/La bible/esdras_010.mp3" ended: Ffmpeg_decoder.End_of_file.
2026/10/06 07:25:15 [next_song:3] Prepared "/var/azuracast/stations/evangile_du_royaume/media/La bible/2_jean_001.mp3" (RID 100).
2026/10/06 07:27:19 [decoder:2] Decoding "/var/azuracast/stations/evangile_du_royaume/media/La bible/2_jean_001.mp3" ended: Ffmpeg_decoder.End_of_file.
2026/10/06 07:27:20 [next_song:3] Prepared "/var/azuracast/stations/evangile_du_royaume/media/Jingle/jingle_avant_louange_06_que_la_louange_seleve.mp3" (RID 101).
2026/10/06 07:27:30 [decoder:2] Decoding "/var/azuracast/stations/evangile_du_royaume/media/Jingle/jingle_avant_louange_06_que_la_louange_seleve.mp3" ended: Ffmpeg_decoder.End_of_file.
2026/10/06 07:27:31 [next_song:3] Prepared "/var/azuracast/stations/evangile_du_royaume/media/Cantiques du royaume/9-_sylvain_akouala_le_bien-etre_universel.mp3" (RID 102).
2026/10/06 07:33:55 [decoder:2] Decoding "/var/azuracast/stations/evangile_du_royaume/media/Cantiques du royaume/9-_sylvain_akouala_le_bien-etre_universel.mp3" ended: Ffmpeg_decoder.End_of_file.
2026/10/06 07:33:56 [next_song:3] Prepared "/var/azuracast/stations/evangile_du_royaume/media/Worship/27 - Forever You Reign - Abuja HF.mp3" (RID 103).
2026/10/06 07:39:41 [decoder:2] Decoding "/var/azuracast/stations/evangile_du_royaume/media/Worship/27 - Forever You Reign - Abuja HF.mp3" ended: Ffmpeg_decoder.End_of_file.
2026/10/06 07:39:42 [next_song:3] Prepared "/var/azuracast/stations/evangile_du_royaume/media/Cantiques du royaume/Cantique Jahweh, Tu es élevé au dessus de tout (1).mp3" (RID 104).
2026/10/06 07:44:31 [decoder:2] Decoding "/var/azuracast/stations/evangile_du_royaume/media/Cantiques du royaume/Cantique Jahweh, Tu es élevé au dessus de tout (1).mp3" ended: Ffmpeg_decoder.End_of_file.
2026/10/06 07:44:32 [next_song:3] Prepared "/var/azuracast/stations/evangile_du_royaume/media/Worship/35 - God is Moving Us On - Ketu HF.mp3" (RID 105).
2026/10/06 07:49:21 [decoder:2] Decoding "/var/azuracast/stations/evangile_du_royaume/media/Worship/35 - God is Moving Us On - Ketu HF.mp3" ended: Ffmpeg_decoder.End_of_file.
2026/10/06 07:49:22 [next_song:3] Prepared "/var/azuracast/stations/evangile_du_royaume/media/Worship/69 - We Bless You Wonderful God  - Winnipeg Fellowship.mp3" (RID 106).
2026/10/06 07:56:22 [decoder:2] Decoding "/var/azuracast/stations/evangile_du_royaume/media/Worship/69 - We Bless You Wonderful God  - Winnipeg Fellowship.mp3" ended: Ffmpeg_decoder.End_of_file.
2026/10/06 07:56:23 [next_song:3] Prepared "/var/azuracast/stations/evangile_du_royaume/media/Worship/78 - Crown Him Lord of Lords - Nonso Njoku.mp3" (RID 107).
2026/10/06 08:02:22 [decoder:2] Decoding "/var/azuracast/stations/evangile_du_royaume/media/Worship/78 - Crown Him Lord of Lords - Nonso Njoku.mp3" ended: Ffmpeg_decoder.End_of_file.
2026/10/06 08:02:22 [next_song:3] Prepared "/var/azuracast/stations/evangile_du_royaume/media/Cantiques du royaume/Cantique-A jamais, tu seras l_Agneau de Dieu.mp3" (RID 108).
2026/10/06 08:11:34 [decoder:2] Decoding "/var/azuracast/stations/evangile_du_royaume/media/Cantiques du royaume/Cantique-A jamais, tu seras l_Agneau de Dieu.mp3" ended: Ffmpeg_decoder.End_of_file.
2026/10/06 08:11:34 [next_song:3] Prepared "/var/azuracast/stations/evangile_du_royaume/media/Cantiques du royaume/jean-christ_-_10_minutes.mp3" (RID 109).
2026/10/06 08:20:55 [decoder:2] Decoding "/var/azuracast/stations/evangile_du_royaume/media/Cantiques du royaume/jean-christ_-_10_minutes.mp3" ended: Ffmpeg_decoder.End_of_file.
2026/10/06 08:20:55 [next_song:3] Prepared "/var/azuracast/stations/evangile_du_royaume/media/SWBN Lead Concert Live Worship/04 - The King is Here (Abasiama Timothy).mp3" (RID 110).
2026/10/06 08:27:04 [decoder:2] Decoding "/var/azuracast/stations/evangile_du_royaume/media/SWBN Lead Concert Live Worship/04 - The King is Here (Abasiama Timothy).mp3" ended: Ffmpeg_decoder.End_of_file.
2026/10/06 08:27:04 [next_song:3] Prepared "/var/azuracast/stations/evangile_du_royaume/media/Jingle/jingle_avant_bible_07_place_a_la_lecture_de_la_bible.mp3" (RID 111).
2026/10/06 08:27:17 [decoder:2] Decoding "/var/azuracast/stations/evangile_du_royaume/media/Jingle/jingle_avant_bible_07_place_a_la_lecture_de_la_bible.mp3" ended: Ffmpeg_decoder.End_of_file.
2026/10/06 08:27:18 [next_song:3] Prepared "/var/azuracast/stations/evangile_du_royaume/media/La bible/jonas_001.mp3" (RID 112).
2026/10/06 08:30:15 [decoder:2] Decoding "/var/azuracast/stations/evangile_du_royaume/media/La bible/jonas_001.mp3" ended: Ffmpeg_decoder.End_of_file.
2026/10/06 08:30:15 [next_song:3] Prepared "/var/azuracast/stations/evangile_du_royaume/media/La bible/jonas_002.mp3" (RID 113).
2026/10/06 08:31:34 [decoder:2] Decoding "/var/azuracast/stations/evangile_du_royaume/media/La bible/jonas_002.mp3" ended: Ffmpeg_decoder.End_of_file.
2026/10/06 08:31:35 [next_song:3] Prepared "/var/azuracast/stations/evangile_du_royaume/media/La bible/jonas_003.mp3" (RID 114).
2026/10/06 08:33:08 [decoder:2] Decoding "/var/azuracast/stations/evangile_du_royaume/media/La bible/jonas_003.mp3" ended: Ffmpeg_decoder.End_of_file.
2026/10/06 08:33:08 [next_song:3] Prepared "/var/azuracast/stations/evangile_du_royaume/media/La bible/jonas_004.mp3" (RID 115).
2026/10/06 08:35:03 [decoder:2] Decoding "/var/azuracast/stations/evangile_du_royaume/media/La bible/jonas_004.mp3" ended: Ffmpeg_decoder.End_of_file.
2026/10/06 08:35:03 [next_song:3] Prepared "/var/azuracast/stations/evangile_du_royaume/media/La bible/job_020.mp3" (RID 116).
2026/10/06 08:38:00 [decoder:2] Decoding "/var/azuracast/stations/evangile_du_royaume/media/La bible/job_020.mp3" ended: Ffmpeg_decoder.End_of_file.
2026/10/06 08:38:00 [next_song:3] Prepared "/var/azuracast/stations/evangile_du_royaume/media/La bible/job_021.mp3" (RID 117).
2026/10/06 08:41:09 [decoder:2] Decoding "/var/azuracast/stations/evangile_du_royaume/media/La bible/job_021.mp3" ended: Ffmpeg_decoder.End_of_file.
2026/10/06 08:41:10 [next_song:3] Prepared "/var/azuracast/stations/evangile_du_royaume/media/La bible/job_022.mp3" (RID 118).
2026/10/06 08:43:44 [decoder:2] Decoding "/var/azuracast/stations/evangile_du_royaume/media/La bible/job_022.mp3" ended: Ffmpeg_decoder.End_of_file.
2026/10/06 08:43:45 [next_song:3] Prepared "/var/azuracast/stations/evangile_du_royaume/media/La bible/job_023.mp3" (RID 119).
2026/10/06 08:45:24 [decoder:2] Decoding "/var/azuracast/stations/evangile_du_royaume/media/La bible/job_023.mp3" ended: Ffmpeg_decoder.End_of_file.
2026/10/06 08:45:25 [next_song:3] Prepared "/var/azuracast/stations/evangile_du_royaume/media/La bible/job_024.mp3" (RID 120).
2026/10/06 08:48:14 [decoder:2] Decoding "/var/azuracast/stations/evangile_du_royaume/media/La bible/job_024.mp3" ended: Ffmpeg_decoder.End_of_file.
2026/10/06 08:48:14 [next_song:3] Prepared "/var/azuracast/stations/evangile_du_royaume/media/La bible/job_025.mp3" (RID 121).
2026/10/06 08:48:47 [decoder:2] Decoding "/var/azuracast/stations/evangile_du_royaume/media/La bible/job_025.mp3" ended: Ffmpeg_decoder.End_of_file.
2026/10/06 08:48:48 [next_song:3] Prepared "/var/azuracast/stations/evangile_du_royaume/media/La bible/job_026.mp3" (RID 122).
2026/10/06 08:49:58 [decoder:2] Decoding "/var/azuracast/stations/evangile_du_royaume/media/La bible/job_026.mp3" ended: Ffmpeg_decoder.End_of_file.
2026/10/06 08:49:59 [next_song:3] Prepared "/var/azuracast/stations/evangile_du_royaume/media/La bible/job_027.mp3" (RID 123).
2026/10/06 08:52:07 [decoder:2] Decoding "/var/azuracast/stations/evangile_du_royaume/media/La bible/job_027.mp3" ended: Ffmpeg_decoder.End_of_file.
2026/10/06 08:52:08 [next_song:3] Prepared "/var/azuracast/stations/evangile_du_royaume/media/La bible/job_028.mp3" (RID 124).
2026/10/06 08:54:52 [decoder:2] Decoding "/var/azuracast/stations/evangile_du_royaume/media/La bible/job_028.mp3" ended: Ffmpeg_decoder.End_of_file.
2026/10/06 08:54:52 [next_song:3] Prepared "/var/azuracast/stations/evangile_du_royaume/media/Jingle/jingle_avant_louange_05_elevons_nos_coeurs_vers_dieu.mp3" (RID 125).
2026/10/06 08:55:03 [decoder:2] Decoding "/var/azuracast/stations/evangile_du_royaume/media/Jingle/jingle_avant_louange_05_elevons_nos_coeurs_vers_dieu.mp3" ended: Ffmpeg_decoder.End_of_file.
2026/10/06 08:55:04 [next_song:3] Prepared "/var/azuracast/stations/evangile_du_royaume/media/Worship/57 - Holy Are You - PHF.mp3" (RID 126).
2026/10/06 09:05:26 [decoder:2] Decoding "/var/azuracast/stations/evangile_du_royaume/media/Worship/57 - Holy Are You - PHF.mp3" ended: Ffmpeg_decoder.End_of_file.
2026/10/06 09:05:26 [next_song:3] Prepared "/var/azuracast/stations/evangile_du_royaume/media/Worship/68 - Shine in Darkness O Lord  - Winnipeg Fellowship.mp3" (RID 127).
2026/10/06 09:15:47 [decoder:2] Decoding "/var/azuracast/stations/evangile_du_royaume/media/Worship/68 - Shine in Darkness O Lord  - Winnipeg Fellowship.mp3" ended: Ffmpeg_decoder.End_of_file.
2026/10/06 09:15:48 [next_song:3] Prepared "/var/azuracast/stations/evangile_du_royaume/media/Worship/01 - There Is Forgiveness In Thee - SWBN TV.mp3" (RID 128).
2026/10/06 09:21:52 [decoder:2] Decoding "/var/azuracast/stations/evangile_du_royaume/media/Worship/01 - There Is Forgiveness In Thee - SWBN TV.mp3" ended: Ffmpeg_decoder.End_of_file.
2026/10/06 09:21:53 [next_song:3] Prepared "/var/azuracast/stations/evangile_du_royaume/media/Worship/70 - Sing Unto the Lord a new Song  - Winnipeg Fellowship.mp3" (RID 129).
2026/10/06 09:27:54 [decoder:2] Decoding "/var/azuracast/stations/evangile_du_royaume/media/Worship/70 - Sing Unto the Lord a new Song  - Winnipeg Fellowship.mp3" ended: Ffmpeg_decoder.End_of_file.
2026/10/06 09:27:54 [next_song:3] Prepared "/var/azuracast/stations/evangile_du_royaume/media/Cantiques du royaume/cantique___prends_tout_le_contrôle.mp3" (RID 130).
2026/10/06 09:32:44 [decoder:2] Decoding "/var/azuracast/stations/evangile_du_royaume/media/Cantiques du royaume/cantique___prends_tout_le_contrôle.mp3" ended: Ffmpeg_decoder.End_of_file.
2026/10/06 09:32:44 [next_song:3] Prepared "/var/azuracast/stations/evangile_du_royaume/media/Worship/51 - Hallelujah - PHF.mp3" (RID 131).
2026/10/06 09:40:10 [decoder:2] Decoding "/var/azuracast/stations/evangile_du_royaume/media/Worship/51 - Hallelujah - PHF.mp3" ended: Ffmpeg_decoder.End_of_file.
2026/10/06 09:40:11 [next_song:3] Prepared "/var/azuracast/stations/evangile_du_royaume/media/Worship/48 - The Glory -  PHF.mp3" (RID 132).
2026/10/06 09:47:28 [decoder:2] Decoding "/var/azuracast/stations/evangile_du_royaume/media/Worship/48 - The Glory -  PHF.mp3" ended: Ffmpeg_decoder.End_of_file.
2026/10/06 09:47:28 [next_song:3] Prepared "/var/azuracast/stations/evangile_du_royaume/media/Worship/36 - Praise the Lord of Host - Toronto HF.mp3" (RID 133).
2026/10/06 09:53:55 [decoder:2] Decoding "/var/azuracast/stations/evangile_du_royaume/media/Worship/36 - Praise the Lord of Host - Toronto HF.mp3" ended: Ffmpeg_decoder.End_of_file.
2026/10/06 09:53:56 [next_song:3] Prepared "/var/azuracast/stations/evangile_du_royaume/media/Jingle/jingle_avant_bible_06_ouvrons_les_saintes_ecritures.mp3" (RID 134).
2026/10/06 09:54:06 [decoder:2] Decoding "/var/azuracast/stations/evangile_du_royaume/media/Jingle/jingle_avant_bible_06_ouvrons_les_saintes_ecritures.mp3" ended: Ffmpeg_decoder.End_of_file.
2026/10/06 09:54:07 [next_song:3] Prepared "/var/azuracast/stations/evangile_du_royaume/media/La bible/1_jean_001.mp3" (RID 135).
2026/10/06 09:55:43 [decoder:2] Decoding "/var/azuracast/stations/evangile_du_royaume/media/La bible/1_jean_001.mp3" ended: Ffmpeg_decoder.End_of_file.
2026/10/06 09:55:44 [next_song:3] Prepared "/var/azuracast/stations/evangile_du_royaume/media/La bible/1_jean_002.mp3" (RID 136).
2026/10/06 10:00:20 [decoder:2] Decoding "/var/azuracast/stations/evangile_du_royaume/media/La bible/1_jean_002.mp3" ended: Ffmpeg_decoder.End_of_file.
2026/10/06 10:00:20 [next_song:3] Prepared "/var/azuracast/stations/evangile_du_royaume/media/La bible/1_jean_003.mp3" (RID 137).
2026/10/06 10:03:52 [decoder:2] Decoding "/var/azuracast/stations/evangile_du_royaume/media/La bible/1_jean_003.mp3" ended: Ffmpeg_decoder.End_of_file.
2026/10/06 10:03:52 [next_song:3] Prepared "/var/azuracast/stations/evangile_du_royaume/media/La bible/1_jean_004.mp3" (RID 138).
2026/10/06 10:07:05 [decoder:2] Decoding "/var/azuracast/stations/evangile_du_royaume/media/La bible/1_jean_004.mp3" ended: Ffmpeg_decoder.End_of_file.
2026/10/06 10:07:06 [next_song:3] Prepared "/var/azuracast/stations/evangile_du_royaume/media/La bible/1_jean_005.mp3" (RID 139).
2026/10/06 10:10:14 [decoder:2] Decoding "/var/azuracast/stations/evangile_du_royaume/media/La bible/1_jean_005.mp3" ended: Ffmpeg_decoder.End_of_file.
2026/10/06 10:10:15 [next_song:3] Prepared "/var/azuracast/stations/evangile_du_royaume/media/La bible/amos_001.mp3" (RID 140).
2026/10/06 10:12:52 [decoder:2] Decoding "/var/azuracast/stations/evangile_du_royaume/media/La bible/amos_001.mp3" ended: Ffmpeg_decoder.End_of_file.
2026/10/06 10:12:52 [next_song:3] Prepared "/var/azuracast/stations/evangile_du_royaume/media/La bible/amos_002.mp3" (RID 141).
2026/10/06 10:15:20 [decoder:2] Decoding "/var/azuracast/stations/evangile_du_royaume/media/La bible/amos_002.mp3" ended: Ffmpeg_decoder.End_of_file.
2026/10/06 10:15:20 [next_song:3] Prepared "/var/azuracast/stations/evangile_du_royaume/media/La bible/amos_003.mp3" (RID 142).
2026/10/06 10:17:36 [decoder:2] Decoding "/var/azuracast/stations/evangile_du_royaume/media/La bible/amos_003.mp3" ended: Ffmpeg_decoder.End_of_file.
2026/10/06 10:17:37 [next_song:3] Prepared "/var/azuracast/stations/evangile_du_royaume/media/La bible/amos_004.mp3" (RID 143).
2026/10/06 10:20:17 [decoder:2] Decoding "/var/azuracast/stations/evangile_du_royaume/media/La bible/amos_004.mp3" ended: Ffmpeg_decoder.End_of_file.
2026/10/06 10:20:18 [next_song:3] Prepared "/var/azuracast/stations/evangile_du_royaume/media/La bible/amos_005.mp3" (RID 144).
2026/10/06 10:24:16 [decoder:2] Decoding "/var/azuracast/stations/evangile_du_royaume/media/La bible/amos_005.mp3" ended: Ffmpeg_decoder.End_of_file.
2026/10/06 10:24:17 [next_song:3] Prepared "/var/azuracast/stations/evangile_du_royaume/media/La bible/amos_006.mp3" (RID 145).
2026/10/06 10:26:35 [decoder:2] Decoding "/var/azuracast/stations/evangile_du_royaume/media/La bible/amos_006.mp3" ended: Ffmpeg_decoder.End_of_file.
2026/10/06 10:26:36 [next_song:3] Prepared "/var/azuracast/stations/evangile_du_royaume/media/La bible/amos_007.mp3" (RID 146).
2026/10/06 10:29:38 [decoder:2] Decoding "/var/azuracast/stations/evangile_du_royaume/media/La bible/amos_007.mp3" ended: Ffmpeg_decoder.End_of_file.
2026/10/06 10:29:38 [next_song:3] Prepared "/var/azuracast/stations/evangile_du_royaume/media/La bible/amos_008.mp3" (RID 147).
2026/10/06 10:32:05 [decoder:2] Decoding "/var/azuracast/stations/evangile_du_royaume/media/La bible/amos_008.mp3" ended: Ffmpeg_decoder.End_of_file.
2026/10/06 10:32:06 [next_song:3] Prepared "/var/azuracast/stations/evangile_du_royaume/media/La bible/amos_009.mp3" (RID 148).
2026/10/06 10:34:59 [decoder:2] Decoding "/var/azuracast/stations/evangile_du_royaume/media/La bible/amos_009.mp3" ended: Ffmpeg_decoder.End_of_file.
2026/10/06 10:35:00 [next_song:3] Prepared "/var/azuracast/stations/evangile_du_royaume/media/La bible/2_timothée_001.mp3" (RID 149).
2026/10/06 10:37:56 [decoder:2] Decoding "/var/azuracast/stations/evangile_du_royaume/media/La bible/2_timothée_001.mp3" ended: Ffmpeg_decoder.End_of_file.
2026/10/06 10:37:56 [next_song:3] Prepared "/var/azuracast/stations/evangile_du_royaume/media/Jingle/jingle_avant_louange_07_voici_un_temps_de_louange.mp3" (RID 150).
2026/10/06 10:38:09 [decoder:2] Decoding "/var/azuracast/stations/evangile_du_royaume/media/Jingle/jingle_avant_louange_07_voici_un_temps_de_louange.mp3" ended: Ffmpeg_decoder.End_of_file.
2026/10/06 10:38:10 [next_song:3] Prepared "/var/azuracast/stations/evangile_du_royaume/media/Worship/39 - My Heart Rejoices - Toronto HF.mp3" (RID 151).
2026/10/06 10:46:28 [decoder:2] Decoding "/var/azuracast/stations/evangile_du_royaume/media/Worship/39 - My Heart Rejoices - Toronto HF.mp3" ended: Ffmpeg_decoder.End_of_file.
2026/10/06 10:46:28 [next_song:3] Prepared "/var/azuracast/stations/evangile_du_royaume/media/Worship/10 - Yeshua Hamashiach - Calabar HF.mp3" (RID 152).
2026/10/06 10:54:47 [decoder:2] Decoding "/var/azuracast/stations/evangile_du_royaume/media/Worship/10 - Yeshua Hamashiach - Calabar HF.mp3" ended: Ffmpeg_decoder.End_of_file.
2026/10/06 10:54:48 [next_song:3] Prepared "/var/azuracast/stations/evangile_du_royaume/media/Cantiques du royaume/cantique_-_jai_donné_ma_vie_à_jésus_(1).mp3" (RID 153).
2026/10/06 10:58:55 [decoder:2] Decoding "/var/azuracast/stations/evangile_du_royaume/media/Cantiques du royaume/cantique_-_jai_donné_ma_vie_à_jésus_(1).mp3" ended: Ffmpeg_decoder.End_of_file.
2026/10/06 10:58:56 [next_song:3] Prepared "/var/azuracast/stations/evangile_du_royaume/media/Worship/30 - Yeshua I'm Waiting for You  - Ketu HF.mp3" (RID 154).
2026/10/06 11:03:41 [decoder:2] Decoding "/var/azuracast/stations/evangile_du_royaume/media/Worship/30 - Yeshua I'm Waiting for You  - Ketu HF.mp3" ended: Ffmpeg_decoder.End_of_file.
2026/10/06 11:03:42 [next_song:3] Prepared "/var/azuracast/stations/evangile_du_royaume/media/Worship/14 - Great & Marvelluos - Toronto HF.mp3" (RID 155).
2026/10/06 11:15:33 [decoder:2] Decoding "/var/azuracast/stations/evangile_du_royaume/media/Worship/14 - Great & Marvelluos - Toronto HF.mp3" ended: Ffmpeg_decoder.End_of_file.
2026/10/06 11:15:33 [next_song:3] Prepared "/var/azuracast/stations/evangile_du_royaume/media/SWBN Lead Concert Live Worship/01 - Holy is the Lord (Emmanuel Umoh).mp3" (RID 156).
2026/10/06 11:22:48 [decoder:2] Decoding "/var/azuracast/stations/evangile_du_royaume/media/SWBN Lead Concert Live Worship/01 - Holy is the Lord (Emmanuel Umoh).mp3" ended: Ffmpeg_decoder.End_of_file.
2026/10/06 11:22:48 [next_song:3] Prepared "/var/azuracast/stations/evangile_du_royaume/media/Worship/06 - Psalm 93 - Port Harcourt HF.mp3" (RID 157).
2026/10/06 11:32:24 [decoder:2] Decoding "/var/azuracast/stations/evangile_du_royaume/media/Worship/06 - Psalm 93 - Port Harcourt HF.mp3" ended: Ffmpeg_decoder.End_of_file.
2026/10/06 11:32:25 [next_song:3] Prepared "/var/azuracast/stations/evangile_du_royaume/media/Worship/82 - A Song Of Love.mp3" (RID 158).
2026/10/06 11:37:24 [decoder:2] Decoding "/var/azuracast/stations/evangile_du_royaume/media/Worship/82 - A Song Of Love.mp3" ended: Ffmpeg_decoder.End_of_file.
2026/10/06 11:37:25 [next_song:3] Prepared "/var/azuracast/stations/evangile_du_royaume/media/Jingle/jingle_musical_station_fm_parole_prophetique_02.mp3" (RID 159).
2026/10/06 11:37:34 [decoder:2] Decoding "/var/azuracast/stations/evangile_du_royaume/media/Jingle/jingle_musical_station_fm_parole_prophetique_02.mp3" ended: Ffmpeg_decoder.End_of_file.
2026/10/06 11:37:34 [next_song:3] Prepared "/var/azuracast/stations/evangile_du_royaume/media/La bible/jude_001.mp3" (RID 160).
2026/10/06 11:41:58 [decoder:2] Decoding "/var/azuracast/stations/evangile_du_royaume/media/La bible/jude_001.mp3" ended: Ffmpeg_decoder.End_of_file.
2026/10/06 11:41:59 [next_song:3] Prepared "/var/azuracast/stations/evangile_du_royaume/media/La bible/actes_020.mp3" (RID 161).
2026/10/06 11:47:18 [decoder:2] Decoding "/var/azuracast/stations/evangile_du_royaume/media/La bible/actes_020.mp3" ended: Ffmpeg_decoder.End_of_file.
2026/10/06 11:47:19 [next_song:3] Prepared "/var/azuracast/stations/evangile_du_royaume/media/La bible/actes_021.mp3" (RID 162).
2026/10/06 11:53:50 [decoder:2] Decoding "/var/azuracast/stations/evangile_du_royaume/media/La bible/actes_021.mp3" ended: Ffmpeg_decoder.End_of_file.
2026/10/06 11:53:50 [next_song:3] Prepared "/var/azuracast/stations/evangile_du_royaume/media/La bible/actes_022.mp3" (RID 163).
2026/10/06 11:58:19 [decoder:2] Decoding "/var/azuracast/stations/evangile_du_royaume/media/La bible/actes_022.mp3" ended: Ffmpeg_decoder.End_of_file.
2026/10/06 11:58:20 [next_song:3] Prepared "/var/azuracast/stations/evangile_du_royaume/media/Jingle/jingle_id_station_02_radio_evangile_du_royaume.mp3" (RID 164).
2026/10/06 11:58:29 [decoder:2] Decoding "/var/azuracast/stations/evangile_du_royaume/media/Jingle/jingle_id_station_02_radio_evangile_du_royaume.mp3" ended: Ffmpeg_decoder.End_of_file.
2026/10/06 11:58:30 [next_song:3] Prepared "/var/azuracast/stations/evangile_du_royaume/media/Worship/52 - Thou art Worthy Lord - PHF.mp3" (RID 165).
2026/10/06 12:07:50 [decoder:2] Decoding "/var/azuracast/stations/evangile_du_royaume/media/Worship/52 - Thou art Worthy Lord - PHF.mp3" ended: Ffmpeg_decoder.End_of_file.
2026/10/06 12:07:50 [next_song:3] Prepared "/var/azuracast/stations/evangile_du_royaume/media/Jingle/jingle_avant_message_01_voici_le_message_du_jour.mp3" (RID 166).
2026/10/06 12:08:01 [decoder:2] Decoding "/var/azuracast/stations/evangile_du_royaume/media/Jingle/jingle_avant_message_01_voici_le_message_du_jour.mp3" ended: Ffmpeg_decoder.End_of_file.
2026/10/06 12:08:01 [next_song:3] Prepared "/var/azuracast/stations/evangile_du_royaume/media/la_moisson_4_adé.mp3" (RID 167).
2026/10/06 12:35:34 [decoder:2] Decoding "/var/azuracast/stations/evangile_du_royaume/media/la_moisson_4_adé.mp3" ended: Ffmpeg_decoder.End_of_file.
2026/10/06 12:35:35 [next_song:3] Prepared "/var/azuracast/stations/evangile_du_royaume/media/Jingle/jingle_avant_bible_08_prenons_un_moment_pour_ecouter_la_parole.mp3" (RID 168).
2026/10/06 12:35:44 [decoder:2] Decoding "/var/azuracast/stations/evangile_du_royaume/media/Jingle/jingle_avant_bible_08_prenons_un_moment_pour_ecouter_la_parole.mp3" ended: Ffmpeg_decoder.End_of_file.
2026/10/06 12:35:44 [next_song:3] Prepared "/var/azuracast/stations/evangile_du_royaume/media/La bible/proverbes_001.mp3" (RID 169).
2026/10/06 12:38:53 [decoder:2] Decoding "/var/azuracast/stations/evangile_du_royaume/media/La bible/proverbes_001.mp3" ended: Ffmpeg_decoder.End_of_file.
2026/10/06 12:38:54 [next_song:3] Prepared "/var/azuracast/stations/evangile_du_royaume/media/La bible/proverbes_002.mp3" (RID 170).
2026/10/06 12:40:47 [decoder:2] Decoding "/var/azuracast/stations/evangile_du_royaume/media/La bible/proverbes_002.mp3" ended: Ffmpeg_decoder.End_of_file.
2026/10/06 12:40:48 [next_song:3] Prepared "/var/azuracast/stations/evangile_du_royaume/media/La bible/proverbes_003.mp3" (RID 171).
2026/10/06 12:43:49 [decoder:2] Decoding "/var/azuracast/stations/evangile_du_royaume/media/La bible/proverbes_003.mp3" ended: Ffmpeg_decoder.End_of_file.
2026/10/06 12:43:49 [next_song:3] Prepared "/var/azuracast/stations/evangile_du_royaume/media/La bible/proverbes_004.mp3" (RID 172).
2026/10/06 12:46:14 [decoder:2] Decoding "/var/azuracast/stations/evangile_du_royaume/media/La bible/proverbes_004.mp3" ended: Ffmpeg_decoder.End_of_file.
2026/10/06 12:46:14 [next_song:3] Prepared "/var/azuracast/stations/evangile_du_royaume/media/La bible/proverbes_005.mp3" (RID 173).
2026/10/06 12:48:17 [decoder:2] Decoding "/var/azuracast/stations/evangile_du_royaume/media/La bible/proverbes_005.mp3" ended: Ffmpeg_decoder.End_of_file.
2026/10/06 12:48:17 [next_song:3] Prepared "/var/azuracast/stations/evangile_du_royaume/media/La bible/proverbes_006.mp3" (RID 174).
2026/10/06 12:51:29 [decoder:2] Decoding "/var/azuracast/stations/evangile_du_royaume/media/La bible/proverbes_006.mp3" ended: Ffmpeg_decoder.End_of_file.
2026/10/06 12:51:29 [next_song:3] Prepared "/var/azuracast/stations/evangile_du_royaume/media/La bible/proverbes_007.mp3" (RID 175).
2026/10/06 12:53:50 [decoder:2] Decoding "/var/azuracast/stations/evangile_du_royaume/media/La bible/proverbes_007.mp3" ended: Ffmpeg_decoder.End_of_file.
2026/10/06 12:53:51 [next_song:3] Prepared "/var/azuracast/stations/evangile_du_royaume/media/La bible/proverbes_008.mp3" (RID 176).
2026/10/06 12:56:59 [decoder:2] Decoding "/var/azuracast/stations/evangile_du_royaume/media/La bible/proverbes_008.mp3" ended: Ffmpeg_decoder.End_of_file.
2026/10/06 12:56:59 [next_song:3] Prepared "/var/azuracast/stations/evangile_du_royaume/media/La bible/proverbes_009.mp3" (RID 177).
2026/10/06 12:58:32 [decoder:2] Decoding "/var/azuracast/stations/evangile_du_royaume/media/La bible/proverbes_009.mp3" ended: Ffmpeg_decoder.End_of_file.
2026/10/06 12:58:33 [next_song:3] Prepared "/var/azuracast/stations/evangile_du_royaume/media/La bible/proverbes_010.mp3" (RID 178).
2026/10/06 13:01:44 [decoder:2] Decoding "/var/azuracast/stations/evangile_du_royaume/media/La bible/proverbes_010.mp3" ended: Ffmpeg_decoder.End_of_file.
2026/10/06 13:01:44 [next_song:3] Prepared "/var/azuracast/stations/evangile_du_royaume/media/La bible/proverbes_011.mp3" (RID 179).
2026/10/06 13:04:54 [decoder:2] Decoding "/var/azuracast/stations/evangile_du_royaume/media/La bible/proverbes_011.mp3" ended: Ffmpeg_decoder.End_of_file.
2026/10/06 13:04:54 [next_song:3] Prepared "/var/azuracast/stations/evangile_du_royaume/media/La bible/proverbes_012.mp3" (RID 180).
2026/10/06 13:07:48 [decoder:2] Decoding "/var/azuracast/stations/evangile_du_royaume/media/La bible/proverbes_012.mp3" ended: Ffmpeg_decoder.End_of_file.
2026/10/06 13:07:48 [next_song:3] Prepared "/var/azuracast/stations/evangile_du_royaume/media/La bible/proverbes_013.mp3" (RID 181).
2026/10/06 13:10:26 [decoder:2] Decoding "/var/azuracast/stations/evangile_du_royaume/media/La bible/proverbes_013.mp3" ended: Ffmpeg_decoder.End_of_file.
2026/10/06 13:10:26 [next_song:3] Prepared "/var/azuracast/stations/evangile_du_royaume/media/La bible/proverbes_014.mp3" (RID 182).
2026/10/06 13:13:59 [decoder:2] Decoding "/var/azuracast/stations/evangile_du_royaume/media/La bible/proverbes_014.mp3" ended: Ffmpeg_decoder.End_of_file.
2026/10/06 13:13:59 [next_song:3] Prepared "/var/azuracast/stations/evangile_du_royaume/media/La bible/proverbes_015.mp3" (RID 183).
2026/10/06 13:17:22 [decoder:2] Decoding "/var/azuracast/stations/evangile_du_royaume/media/La bible/proverbes_015.mp3" ended: Ffmpeg_decoder.End_of_file.
2026/10/06 13:17:22 [next_song:3] Prepared "/var/azuracast/stations/evangile_du_royaume/media/La bible/proverbes_016.mp3" (RID 184).
2026/10/06 13:20:38 [decoder:2] Decoding "/var/azuracast/stations/evangile_du_royaume/media/La bible/proverbes_016.mp3" ended: Ffmpeg_decoder.End_of_file.
2026/10/06 13:20:38 [next_song:3] Prepared "/var/azuracast/stations/evangile_du_royaume/media/La bible/proverbes_017.mp3" (RID 185).
2026/10/06 13:23:32 [decoder:2] Decoding "/var/azuracast/stations/evangile_du_royaume/media/La bible/proverbes_017.mp3" ended: Ffmpeg_decoder.End_of_file.
2026/10/06 13:23:32 [next_song:3] Prepared "/var/azuracast/stations/evangile_du_royaume/media/La bible/proverbes_018.mp3" (RID 186).
2026/10/06 13:25:46 [decoder:2] Decoding "/var/azuracast/stations/evangile_du_royaume/media/La bible/proverbes_018.mp3" ended: Ffmpeg_decoder.End_of_file.
2026/10/06 13:25:46 [next_song:3] Prepared "/var/azuracast/stations/evangile_du_royaume/media/La bible/proverbes_019.mp3" (RID 187).
2026/10/06 13:28:44 [decoder:2] Decoding "/var/azuracast/stations/evangile_du_royaume/media/La bible/proverbes_019.mp3" ended: Ffmpeg_decoder.End_of_file.
2026/10/06 13:28:44 [next_song:3] Prepared "/var/azuracast/stations/evangile_du_royaume/media/La bible/proverbes_020.mp3" (RID 188).
2026/10/06 13:31:37 [decoder:2] Decoding "/var/azuracast/stations/evangile_du_royaume/media/La bible/proverbes_020.mp3" ended: Ffmpeg_decoder.End_of_file.
2026/10/06 13:31:37 [next_song:3] Prepared "/var/azuracast/stations/evangile_du_royaume/media/Jingle/jingle_avant_louange_07_voici_un_temps_de_louange.mp3" (RID 189).
2026/10/06 13:31:50 [decoder:2] Decoding "/var/azuracast/stations/evangile_du_royaume/media/Jingle/jingle_avant_louange_07_voici_un_temps_de_louange.mp3" ended: Ffmpeg_decoder.End_of_file.
2026/10/06 13:31:51 [next_song:3] Prepared "/var/azuracast/stations/evangile_du_royaume/media/Worship/66 - Victorious Is the Lamb - Winnipeg Fellowship.mp3" (RID 190).
2026/10/06 13:39:12 [decoder:2] Decoding "/var/azuracast/stations/evangile_du_royaume/media/Worship/66 - Victorious Is the Lamb - Winnipeg Fellowship.mp3" ended: Ffmpeg_decoder.End_of_file.
2026/10/06 13:39:13 [next_song:3] Prepared "/var/azuracast/stations/evangile_du_royaume/media/Worship/46 - Praise the Lord All Ye Nations - Toronto HF.mp3" (RID 191).
2026/10/06 13:45:22 [decoder:2] Decoding "/var/azuracast/stations/evangile_du_royaume/media/Worship/46 - Praise the Lord All Ye Nations - Toronto HF.mp3" ended: Ffmpeg_decoder.End_of_file.
2026/10/06 13:45:22 [next_song:3] Prepared "/var/azuracast/stations/evangile_du_royaume/media/Cantiques du royaume/Cantique- Mon modèle, c_est Jésus.mp3" (RID 192).
2026/10/06 13:49:33 [decoder:2] Decoding "/var/azuracast/stations/evangile_du_royaume/media/Cantiques du royaume/Cantique- Mon modèle, c_est Jésus.mp3" ended: Ffmpeg_decoder.End_of_file.
2026/10/06 13:49:34 [next_song:3] Prepared "/var/azuracast/stations/evangile_du_royaume/media/Cantiques du royaume/jean-christ_-_6_minutes.mp3" (RID 193).
2026/10/06 13:56:11 [decoder:2] Decoding "/var/azuracast/stations/evangile_du_royaume/media/Cantiques du royaume/jean-christ_-_6_minutes.mp3" ended: Ffmpeg_decoder.End_of_file.
2026/10/06 13:56:12 [next_song:3] Prepared "/var/azuracast/stations/evangile_du_royaume/media/Worship/31 - You Are Worthy - Ketu HF.mp3" (RID 194).
2026/10/06 14:00:27 [decoder:2] Decoding "/var/azuracast/stations/evangile_du_royaume/media/Worship/31 - You Are Worthy - Ketu HF.mp3" ended: Ffmpeg_decoder.End_of_file.
2026/10/06 14:00:28 [next_song:3] Prepared "/var/azuracast/stations/evangile_du_royaume/media/Worship/60 - Be Exalted - PHF.mp3" (RID 195).
2026/10/06 14:11:03 [decoder:2] Decoding "/var/azuracast/stations/evangile_du_royaume/media/Worship/60 - Be Exalted - PHF.mp3" ended: Ffmpeg_decoder.End_of_file.
2026/10/06 14:11:03 [next_song:3] Prepared "/var/azuracast/stations/evangile_du_royaume/media/Cantiques du royaume/Cantique sa miséricorde.mp3" (RID 196).
2026/10/06 14:14:24 [decoder:2] Decoding "/var/azuracast/stations/evangile_du_royaume/media/Cantiques du royaume/Cantique sa miséricorde.mp3" ended: Ffmpeg_decoder.End_of_file.
2026/10/06 14:14:25 [next_song:3] Prepared "/var/azuracast/stations/evangile_du_royaume/media/Worship/22 - Holy Holy - Abuja HF.mp3" (RID 197).
2026/10/06 14:22:53 [decoder:2] Decoding "/var/azuracast/stations/evangile_du_royaume/media/Worship/22 - Holy Holy - Abuja HF.mp3" ended: Ffmpeg_decoder.End_of_file.
2026/10/06 14:22:53 [next_song:3] Prepared "/var/azuracast/stations/evangile_du_royaume/media/Cantiques du royaume/cantique_-_esprit_de_dieu.mp3" (RID 198).
2026/10/06 14:26:03 [decoder:2] Decoding "/var/azuracast/stations/evangile_du_royaume/media/Cantiques du royaume/cantique_-_esprit_de_dieu.mp3" ended: Ffmpeg_decoder.End_of_file.
2026/10/06 14:26:03 [next_song:3] Prepared "/var/azuracast/stations/evangile_du_royaume/media/Cantiques du royaume/Cantiques  Il a pris mes iniquités.mp3" (RID 199).
2026/10/06 14:33:37 [decoder:2] Decoding "/var/azuracast/stations/evangile_du_royaume/media/Cantiques du royaume/Cantiques  Il a pris mes iniquités.mp3" ended: Ffmpeg_decoder.End_of_file.
2026/10/06 14:33:37 [next_song:3] Prepared "/var/azuracast/stations/evangile_du_royaume/media/Jingle/jingle_avant_bible_07_place_a_la_lecture_de_la_bible.mp3" (RID 200).
2026/10/06 14:33:50 [decoder:2] Decoding "/var/azuracast/stations/evangile_du_royaume/media/Jingle/jingle_avant_bible_07_place_a_la_lecture_de_la_bible.mp3" ended: Ffmpeg_decoder.End_of_file.
2026/10/06 14:33:51 [next_song:3] Prepared "/var/azuracast/stations/evangile_du_royaume/media/La bible/ézéchiel_041.mp3" (RID 201).
2026/10/06 14:37:46 [decoder:2] Decoding "/var/azuracast/stations/evangile_du_royaume/media/La bible/ézéchiel_041.mp3" ended: Ffmpeg_decoder.End_of_file.
2026/10/06 14:37:46 [next_song:3] Prepared "/var/azuracast/stations/evangile_du_royaume/media/La bible/ézéchiel_042.mp3" (RID 202).
2026/10/06 14:40:53 [decoder:2] Decoding "/var/azuracast/stations/evangile_du_royaume/media/La bible/ézéchiel_042.mp3" ended: Ffmpeg_decoder.End_of_file.
2026/10/06 14:40:53 [next_song:3] Prepared "/var/azuracast/stations/evangile_du_royaume/media/La bible/ézéchiel_043.mp3" (RID 203).
2026/10/06 14:45:27 [decoder:2] Decoding "/var/azuracast/stations/evangile_du_royaume/media/La bible/ézéchiel_043.mp3" ended: Ffmpeg_decoder.End_of_file.
2026/10/06 14:45:27 [next_song:3] Prepared "/var/azuracast/stations/evangile_du_royaume/media/La bible/ézéchiel_044.mp3" (RID 204).
2026/10/06 14:50:56 [decoder:2] Decoding "/var/azuracast/stations/evangile_du_royaume/media/La bible/ézéchiel_044.mp3" ended: Ffmpeg_decoder.End_of_file.
2026/10/06 14:50:57 [next_song:3] Prepared "/var/azuracast/stations/evangile_du_royaume/media/La bible/ézéchiel_045.mp3" (RID 205).
2026/10/06 14:55:13 [decoder:2] Decoding "/var/azuracast/stations/evangile_du_royaume/media/La bible/ézéchiel_045.mp3" ended: Ffmpeg_decoder.End_of_file.
2026/10/06 14:55:14 [next_song:3] Prepared "/var/azuracast/stations/evangile_du_royaume/media/La bible/ézéchiel_046.mp3" (RID 206).
2026/10/06 14:59:31 [decoder:2] Decoding "/var/azuracast/stations/evangile_du_royaume/media/La bible/ézéchiel_046.mp3" ended: Ffmpeg_decoder.End_of_file.
2026/10/06 14:59:31 [next_song:3] Prepared "/var/azuracast/stations/evangile_du_royaume/media/La bible/ézéchiel_047.mp3" (RID 207).
2026/10/06 15:03:36 [decoder:2] Decoding "/var/azuracast/stations/evangile_du_royaume/media/La bible/ézéchiel_047.mp3" ended: Ffmpeg_decoder.End_of_file.
2026/10/06 15:03:36 [next_song:3] Prepared "/var/azuracast/stations/evangile_du_royaume/media/Jingle/jingle_avant_louange_06_que_la_louange_seleve.mp3" (RID 208).
2026/10/06 15:03:47 [decoder:2] Decoding "/var/azuracast/stations/evangile_du_royaume/media/Jingle/jingle_avant_louange_06_que_la_louange_seleve.mp3" ended: Ffmpeg_decoder.End_of_file.
2026/10/06 15:03:47 [next_song:3] Prepared "/var/azuracast/stations/evangile_du_royaume/media/SWBN Lead Concert Live Worship/07 - There is no Lie (Imah Adegoke & Mary Umoh).mp3" (RID 209).
2026/10/06 15:10:38 [decoder:2] Decoding "/var/azuracast/stations/evangile_du_royaume/media/SWBN Lead Concert Live Worship/07 - There is no Lie (Imah Adegoke & Mary Umoh).mp3" ended: Ffmpeg_decoder.End_of_file.
2026/10/06 15:10:39 [next_song:3] Prepared "/var/azuracast/stations/evangile_du_royaume/media/Worship/62 - All in All - CHF.mp3" (RID 210).
2026/10/06 15:15:15 [decoder:2] Decoding "/var/azuracast/stations/evangile_du_royaume/media/Worship/62 - All in All - CHF.mp3" ended: Ffmpeg_decoder.End_of_file.
2026/10/06 15:15:16 [next_song:3] Prepared "/var/azuracast/stations/evangile_du_royaume/media/Worship/44 - Great is, Ascribe - Ketu HF.mp3" (RID 211).
2026/10/06 15:26:14 [decoder:2] Decoding "/var/azuracast/stations/evangile_du_royaume/media/Worship/44 - Great is, Ascribe - Ketu HF.mp3" ended: Ffmpeg_decoder.End_of_file.
2026/10/06 15:26:14 [next_song:3] Prepared "/var/azuracast/stations/evangile_du_royaume/media/Cantiques du royaume/8-_mohamed_sanogo_hymne_des_vainqueurs.mp3" (RID 212).
2026/10/06 15:32:21 [decoder:2] Decoding "/var/azuracast/stations/evangile_du_royaume/media/Cantiques du royaume/8-_mohamed_sanogo_hymne_des_vainqueurs.mp3" ended: Ffmpeg_decoder.End_of_file.
2026/10/06 15:32:21 [next_song:3] Prepared "/var/azuracast/stations/evangile_du_royaume/media/Cantiques du royaume/Cantique l_Éternel est mon Berger (1).mp3" (RID 213).
2026/10/06 15:38:01 [decoder:2] Decoding "/var/azuracast/stations/evangile_du_royaume/media/Cantiques du royaume/Cantique l_Éternel est mon Berger (1).mp3" ended: Ffmpeg_decoder.End_of_file.
2026/10/06 15:38:02 [next_song:3] Prepared "/var/azuracast/stations/evangile_du_royaume/media/Worship/75 - How Precious Oh Lord.mp3" (RID 214).
2026/10/06 15:43:43 [decoder:2] Decoding "/var/azuracast/stations/evangile_du_royaume/media/Worship/75 - How Precious Oh Lord.mp3" ended: Ffmpeg_decoder.End_of_file.
2026/10/06 15:43:44 [next_song:3] Prepared "/var/azuracast/stations/evangile_du_royaume/media/Worship/38 - That I May Know Him - Toronto HF.mp3" (RID 215).
2026/10/06 15:49:51 [decoder:2] Decoding "/var/azuracast/stations/evangile_du_royaume/media/Worship/38 - That I May Know Him - Toronto HF.mp3" ended: Ffmpeg_decoder.End_of_file.
2026/10/06 15:49:51 [next_song:3] Prepared "/var/azuracast/stations/evangile_du_royaume/media/Worship/81 - As We Worship In Ypur Presence.mp3" (RID 216).
2026/10/06 15:56:44 [decoder:2] Decoding "/var/azuracast/stations/evangile_du_royaume/media/Worship/81 - As We Worship In Ypur Presence.mp3" ended: Ffmpeg_decoder.End_of_file.
2026/10/06 15:56:45 [next_song:3] Prepared "/var/azuracast/stations/evangile_du_royaume/media/Cantiques du royaume/cantique__-_qui_est_digne_d_ouvrir_le_livre.mp3" (RID 217).
2026/10/06 16:03:39 [decoder:2] Decoding "/var/azuracast/stations/evangile_du_royaume/media/Cantiques du royaume/cantique__-_qui_est_digne_d_ouvrir_le_livre.mp3" ended: Ffmpeg_decoder.End_of_file.
2026/10/06 16:03:39 [next_song:3] Prepared "/var/azuracast/stations/evangile_du_royaume/media/Jingle/jingle_avant_bible_06_ouvrons_les_saintes_ecritures.mp3" (RID 218).
2026/10/06 16:03:49 [decoder:2] Decoding "/var/azuracast/stations/evangile_du_royaume/media/Jingle/jingle_avant_bible_06_ouvrons_les_saintes_ecritures.mp3" ended: Ffmpeg_decoder.End_of_file.
2026/10/06 16:03:50 [next_song:3] Prepared "/var/azuracast/stations/evangile_du_royaume/media/La bible/romains_015.mp3" (RID 219).
2026/10/06 16:08:59 [decoder:2] Decoding "/var/azuracast/stations/evangile_du_royaume/media/La bible/romains_015.mp3" ended: Ffmpeg_decoder.End_of_file.
2026/10/06 16:09:00 [next_song:3] Prepared "/var/azuracast/stations/evangile_du_royaume/media/La bible/romains_016.mp3" (RID 220).
2026/10/06 16:12:41 [decoder:2] Decoding "/var/azuracast/stations/evangile_du_royaume/media/La bible/romains_016.mp3" ended: Ffmpeg_decoder.End_of_file.
2026/10/06 16:12:41 [next_song:3] Prepared "/var/azuracast/stations/evangile_du_royaume/media/La bible/juges_001.mp3" (RID 221).
2026/10/06 16:18:24 [decoder:2] Decoding "/var/azuracast/stations/evangile_du_royaume/media/La bible/juges_001.mp3" ended: Ffmpeg_decoder.End_of_file.
2026/10/06 16:18:25 [next_song:3] Prepared "/var/azuracast/stations/evangile_du_royaume/media/La bible/juges_002.mp3" (RID 222).
2026/10/06 16:22:22 [decoder:2] Decoding "/var/azuracast/stations/evangile_du_royaume/media/La bible/juges_002.mp3" ended: Ffmpeg_decoder.End_of_file.
2026/10/06 16:22:23 [next_song:3] Prepared "/var/azuracast/stations/evangile_du_royaume/media/La bible/juges_003.mp3" (RID 223).
2026/10/06 16:27:38 [decoder:2] Decoding "/var/azuracast/stations/evangile_du_royaume/media/La bible/juges_003.mp3" ended: Ffmpeg_decoder.End_of_file.
2026/10/06 16:27:38 [next_song:3] Prepared "/var/azuracast/stations/evangile_du_royaume/media/La bible/juges_004.mp3" (RID 224).
2026/10/06 16:32:07 [decoder:2] Decoding "/var/azuracast/stations/evangile_du_royaume/media/La bible/juges_004.mp3" ended: Ffmpeg_decoder.End_of_file.
2026/10/06 16:32:08 [next_song:3] Prepared "/var/azuracast/stations/evangile_du_royaume/media/La bible/juges_005.mp3" (RID 225).
2026/10/06 16:37:19 [decoder:2] Decoding "/var/azuracast/stations/evangile_du_royaume/media/La bible/juges_005.mp3" ended: Ffmpeg_decoder.End_of_file.
2026/10/06 16:37:20 [next_song:3] Prepared "/var/azuracast/stations/evangile_du_royaume/media/La bible/juges_006.mp3" (RID 226).
2026/10/06 16:44:58 [decoder:2] Decoding "/var/azuracast/stations/evangile_du_royaume/media/La bible/juges_006.mp3" ended: Ffmpeg_decoder.End_of_file.
2026/10/06 16:44:58 [next_song:3] Prepared "/var/azuracast/stations/evangile_du_royaume/media/La bible/juges_007.mp3" (RID 227).
2026/10/06 16:50:28 [decoder:2] Decoding "/var/azuracast/stations/evangile_du_royaume/media/La bible/juges_007.mp3" ended: Ffmpeg_decoder.End_of_file.
2026/10/06 16:50:29 [next_song:3] Prepared "/var/azuracast/stations/evangile_du_royaume/media/Jingle/jingle_avant_louange_05_elevons_nos_coeurs_vers_dieu.mp3" (RID 228).
2026/10/06 16:50:40 [decoder:2] Decoding "/var/azuracast/stations/evangile_du_royaume/media/Jingle/jingle_avant_louange_05_elevons_nos_coeurs_vers_dieu.mp3" ended: Ffmpeg_decoder.End_of_file.
2026/10/06 16:50:40 [next_song:3] Prepared "/var/azuracast/stations/evangile_du_royaume/media/Cantiques du royaume/cantique__nous_sommes_le_sel_de_la_terre.mp3" (RID 229).
2026/10/06 16:52:53 [decoder:2] Decoding "/var/azuracast/stations/evangile_du_royaume/media/Cantiques du royaume/cantique__nous_sommes_le_sel_de_la_terre.mp3" ended: Ffmpeg_decoder.End_of_file.
2026/10/06 16:52:53 [next_song:3] Prepared "/var/azuracast/stations/evangile_du_royaume/media/Worship/87 - We Shall Come - Asaba Fellowship.mp3" (RID 230).
2026/10/06 16:57:57 [decoder:2] Decoding "/var/azuracast/stations/evangile_du_royaume/media/Worship/87 - We Shall Come - Asaba Fellowship.mp3" ended: Ffmpeg_decoder.End_of_file.
2026/10/06 16:57:57 [next_song:3] Prepared "/var/azuracast/stations/evangile_du_royaume/media/Cantiques du royaume/Cantique - Je veux vivre ton royaume.mp3" (RID 231).
2026/10/06 17:02:39 [decoder:2] Decoding "/var/azuracast/stations/evangile_du_royaume/media/Cantiques du royaume/Cantique - Je veux vivre ton royaume.mp3" ended: Ffmpeg_decoder.End_of_file.
2026/10/06 17:02:39 [next_song:3] Prepared "/var/azuracast/stations/evangile_du_royaume/media/SWBN Lead Concert Live Worship/09 - Not Naked (Abasiama Timothy).mp3" (RID 232).
2026/10/06 17:08:29 [decoder:2] Decoding "/var/azuracast/stations/evangile_du_royaume/media/SWBN Lead Concert Live Worship/09 - Not Naked (Abasiama Timothy).mp3" ended: Ffmpeg_decoder.End_of_file.
2026/10/06 17:08:29 [next_song:3] Prepared "/var/azuracast/stations/evangile_du_royaume/media/Worship/26 - Sing Hallelujah - Abuja HF.mp3" (RID 233).
2026/10/06 17:12:47 [decoder:2] Decoding "/var/azuracast/stations/evangile_du_royaume/media/Worship/26 - Sing Hallelujah - Abuja HF.mp3" ended: Ffmpeg_decoder.End_of_file.
2026/10/06 17:12:48 [next_song:3] Prepared "/var/azuracast/stations/evangile_du_royaume/media/Worship/67 - My God Is Good - Winnipeg Fellowship.mp3" (RID 234).
2026/10/06 17:19:54 [decoder:2] Decoding "/var/azuracast/stations/evangile_du_royaume/media/Worship/67 - My God Is Good - Winnipeg Fellowship.mp3" ended: Ffmpeg_decoder.End_of_file.
2026/10/06 17:19:54 [next_song:3] Prepared "/var/azuracast/stations/evangile_du_royaume/media/Worship/61 - Unto Him - CHF.mp3" (RID 235).
2026/10/06 17:26:10 [decoder:2] Decoding "/var/azuracast/stations/evangile_du_royaume/media/Worship/61 - Unto Him - CHF.mp3" ended: Ffmpeg_decoder.End_of_file.
2026/10/06 17:26:11 [next_song:3] Prepared "/var/azuracast/stations/evangile_du_royaume/media/SWBN Lead Concert Live Worship/06 - Yahweh is Mighty (Imah Adegoke).mp3" (RID 236).
2026/10/06 17:34:05 [decoder:2] Decoding "/var/azuracast/stations/evangile_du_royaume/media/SWBN Lead Concert Live Worship/06 - Yahweh is Mighty (Imah Adegoke).mp3" ended: Ffmpeg_decoder.End_of_file.
2026/10/06 17:34:06 [next_song:3] Prepared "/var/azuracast/stations/evangile_du_royaume/media/Worship/40 - I See Your Face - Toronto HF.mp3" (RID 237).
2026/10/06 17:43:27 [decoder:2] Decoding "/var/azuracast/stations/evangile_du_royaume/media/Worship/40 - I See Your Face - Toronto HF.mp3" ended: Ffmpeg_decoder.End_of_file.
2026/10/06 17:43:27 [next_song:3] Prepared "/var/azuracast/stations/evangile_du_royaume/media/Worship/91 - Ella Samuels - Oh Lord Our Maker.mp3" (RID 238).
2026/10/06 17:49:09 [decoder:2] Decoding "/var/azuracast/stations/evangile_du_royaume/media/Worship/91 - Ella Samuels - Oh Lord Our Maker.mp3" ended: Ffmpeg_decoder.End_of_file.
2026/10/06 17:49:10 [next_song:3] Prepared "/var/azuracast/stations/evangile_du_royaume/media/Jingle/jingle_id_station_03_notre_mission_annonce_levangile.mp3" (RID 239).
2026/10/06 17:49:21 [decoder:2] Decoding "/var/azuracast/stations/evangile_du_royaume/media/Jingle/jingle_id_station_03_notre_mission_annonce_levangile.mp3" ended: Ffmpeg_decoder.End_of_file.
2026/10/06 17:49:22 [next_song:3] Prepared "/var/azuracast/stations/evangile_du_royaume/media/La bible/1_timothée_002.mp3" (RID 240).
2026/10/06 17:51:28 [decoder:2] Decoding "/var/azuracast/stations/evangile_du_royaume/media/La bible/1_timothée_002.mp3" ended: Ffmpeg_decoder.End_of_file.
2026/10/06 17:51:29 [next_song:3] Prepared "/var/azuracast/stations/evangile_du_royaume/media/La bible/1_timothée_003.mp3" (RID 241).
2026/10/06 17:53:50 [decoder:2] Decoding "/var/azuracast/stations/evangile_du_royaume/media/La bible/1_timothée_003.mp3" ended: Ffmpeg_decoder.End_of_file.
2026/10/06 17:53:51 [next_song:3] Prepared "/var/azuracast/stations/evangile_du_royaume/media/La bible/1_timothée_004.mp3" (RID 242).
2026/10/06 17:56:17 [decoder:2] Decoding "/var/azuracast/stations/evangile_du_royaume/media/La bible/1_timothée_004.mp3" ended: Ffmpeg_decoder.End_of_file.
2026/10/06 17:56:17 [next_song:3] Prepared "/var/azuracast/stations/evangile_du_royaume/media/La bible/1_timothée_005.mp3" (RID 243).
2026/10/06 17:59:59 [decoder:2] Decoding "/var/azuracast/stations/evangile_du_royaume/media/La bible/1_timothée_005.mp3" ended: Ffmpeg_decoder.End_of_file.
2026/10/06 18:00:00 [next_song:3] Prepared "/var/azuracast/stations/evangile_du_royaume/media/Jingle/jingle_avant_bible_07_place_a_la_lecture_de_la_bible.mp3" (RID 244).
2026/10/06 18:00:13 [decoder:2] Decoding "/var/azuracast/stations/evangile_du_royaume/media/Jingle/jingle_avant_bible_07_place_a_la_lecture_de_la_bible.mp3" ended: Ffmpeg_decoder.End_of_file.
2026/10/06 18:00:13 [next_song:3] Prepared "/var/azuracast/stations/evangile_du_royaume/media/Jingle/jingle_avant_message_05_vous_etes_a_lecoute_de_levangile_du_royaume.mp3" (RID 245).
2026/10/06 18:00:24 [decoder:2] Decoding "/var/azuracast/stations/evangile_du_royaume/media/Jingle/jingle_avant_message_05_vous_etes_a_lecoute_de_levangile_du_royaume.mp3" ended: Ffmpeg_decoder.End_of_file.
2026/10/06 18:00:24 [next_song:3] Prepared "/var/azuracast/stations/evangile_du_royaume/media/la_moisson_4_adé.mp3" (RID 246).
2026/10/06 18:27:58 [decoder:2] Decoding "/var/azuracast/stations/evangile_du_royaume/media/la_moisson_4_adé.mp3" ended: Ffmpeg_decoder.End_of_file.
2026/10/06 18:27:58 [next_song:3] Prepared "/var/azuracast/stations/evangile_du_royaume/media/Jingle/jingle_avant_bible_08_prenons_un_moment_pour_ecouter_la_parole.mp3" (RID 247).
2026/10/06 18:28:07 [decoder:2] Decoding "/var/azuracast/stations/evangile_du_royaume/media/Jingle/jingle_avant_bible_08_prenons_un_moment_pour_ecouter_la_parole.mp3" ended: Ffmpeg_decoder.End_of_file.
2026/10/06 18:28:08 [next_song:3] Prepared "/var/azuracast/stations/evangile_du_royaume/media/La bible/hébreux_006.mp3" (RID 248).
2026/10/06 18:31:10 [decoder:2] Decoding "/var/azuracast/stations/evangile_du_royaume/media/La bible/hébreux_006.mp3" ended: Ffmpeg_decoder.End_of_file.
2026/10/06 18:31:11 [next_song:3] Prepared "/var/azuracast/stations/evangile_du_royaume/media/La bible/hébreux_007.mp3" (RID 249).
2026/10/06 18:35:59 [decoder:2] Decoding "/var/azuracast/stations/evangile_du_royaume/media/La bible/hébreux_007.mp3" ended: Ffmpeg_decoder.End_of_file.
2026/10/06 18:36:00 [next_song:3] Prepared "/var/azuracast/stations/evangile_du_royaume/media/La bible/hébreux_008.mp3" (RID 250).
2026/10/06 18:38:41 [decoder:2] Decoding "/var/azuracast/stations/evangile_du_royaume/media/La bible/hébreux_008.mp3" ended: Ffmpeg_decoder.End_of_file.
2026/10/06 18:38:42 [next_song:3] Prepared "/var/azuracast/stations/evangile_du_royaume/media/La bible/hébreux_009.mp3" (RID 251).
2026/10/06 18:43:53 [decoder:2] Decoding "/var/azuracast/stations/evangile_du_royaume/media/La bible/hébreux_009.mp3" ended: Ffmpeg_decoder.End_of_file.
2026/10/06 18:43:54 [next_song:3] Prepared "/var/azuracast/stations/evangile_du_royaume/media/La bible/hébreux_010.mp3" (RID 252).
2026/10/06 18:49:19 [decoder:2] Decoding "/var/azuracast/stations/evangile_du_royaume/media/La bible/hébreux_010.mp3" ended: Ffmpeg_decoder.End_of_file.
2026/10/06 18:49:20 [next_song:3] Prepared "/var/azuracast/stations/evangile_du_royaume/media/La bible/hébreux_011.mp3" (RID 253).
2026/10/06 18:56:04 [decoder:2] Decoding "/var/azuracast/stations/evangile_du_royaume/media/La bible/hébreux_011.mp3" ended: Ffmpeg_decoder.End_of_file.
2026/10/06 18:56:04 [next_song:3] Prepared "/var/azuracast/stations/evangile_du_royaume/media/La bible/hébreux_012.mp3" (RID 254).
2026/10/06 19:01:06 [decoder:2] Decoding "/var/azuracast/stations/evangile_du_royaume/media/La bible/hébreux_012.mp3" ended: Ffmpeg_decoder.End_of_file.
2026/10/06 19:01:06 [next_song:3] Prepared "/var/azuracast/stations/evangile_du_royaume/media/La bible/hébreux_013.mp3" (RID 255).
2026/10/06 19:04:39 [decoder:2] Decoding "/var/azuracast/stations/evangile_du_royaume/media/La bible/hébreux_013.mp3" ended: Ffmpeg_decoder.End_of_file.
2026/10/06 19:04:39 [next_song:3] Prepared "/var/azuracast/stations/evangile_du_royaume/media/La bible/lévitique_015.mp3" (RID 256).
2026/10/06 19:09:13 [decoder:2] Decoding "/var/azuracast/stations/evangile_du_royaume/media/La bible/lévitique_015.mp3" ended: Ffmpeg_decoder.End_of_file.
2026/10/06 19:09:14 [next_song:3] Prepared "/var/azuracast/stations/evangile_du_royaume/media/La bible/lévitique_016.mp3" (RID 257).
2026/10/06 19:15:06 [decoder:2] Decoding "/var/azuracast/stations/evangile_du_royaume/media/La bible/lévitique_016.mp3" ended: Ffmpeg_decoder.End_of_file.
2026/10/06 19:15:07 [next_song:3] Prepared "/var/azuracast/stations/evangile_du_royaume/media/La bible/lévitique_017.mp3" (RID 258).
2026/10/06 19:17:48 [decoder:2] Decoding "/var/azuracast/stations/evangile_du_royaume/media/La bible/lévitique_017.mp3" ended: Ffmpeg_decoder.End_of_file.
2026/10/06 19:17:48 [next_song:3] Prepared "/var/azuracast/stations/evangile_du_royaume/media/La bible/lévitique_018.mp3" (RID 259).
2026/10/06 19:21:39 [decoder:2] Decoding "/var/azuracast/stations/evangile_du_royaume/media/La bible/lévitique_018.mp3" ended: Ffmpeg_decoder.End_of_file.
2026/10/06 19:21:39 [next_song:3] Prepared "/var/azuracast/stations/evangile_du_royaume/media/Jingle/jingle_avant_louange_05_elevons_nos_coeurs_vers_dieu.mp3" (RID 260).
2026/10/06 19:21:50 [decoder:2] Decoding "/var/azuracast/stations/evangile_du_royaume/media/Jingle/jingle_avant_louange_05_elevons_nos_coeurs_vers_dieu.mp3" ended: Ffmpeg_decoder.End_of_file.
2026/10/06 19:21:51 [next_song:3] Prepared "/var/azuracast/stations/evangile_du_royaume/media/Worship/34 - Great and Marvellous - Ketu HF.mp3" (RID 261).
2026/10/06 19:29:57 [decoder:2] Decoding "/var/azuracast/stations/evangile_du_royaume/media/Worship/34 - Great and Marvellous - Ketu HF.mp3" ended: Ffmpeg_decoder.End_of_file.
2026/10/06 19:29:58 [next_song:3] Prepared "/var/azuracast/stations/evangile_du_royaume/media/Worship/24 - We Ascribe Greatness - Abuja HF.mp3" (RID 262).
2026/10/06 19:35:42 [decoder:2] Decoding "/var/azuracast/stations/evangile_du_royaume/media/Worship/24 - We Ascribe Greatness - Abuja HF.mp3" ended: Ffmpeg_decoder.End_of_file.
2026/10/06 19:35:42 [next_song:3] Prepared "/var/azuracast/stations/evangile_du_royaume/media/Worship/72 - There is no name  - Winnipeg Fellowship.mp3" (RID 263).
2026/10/06 19:43:30 [decoder:2] Decoding "/var/azuracast/stations/evangile_du_royaume/media/Worship/72 - There is no name  - Winnipeg Fellowship.mp3" ended: Ffmpeg_decoder.End_of_file.
2026/10/06 19:43:31 [next_song:3] Prepared "/var/azuracast/stations/evangile_du_royaume/media/Worship/20 - Yahweh Be Praised - Abuja HF.mp3" (RID 264).
2026/10/06 19:48:43 [decoder:2] Decoding "/var/azuracast/stations/evangile_du_royaume/media/Worship/20 - Yahweh Be Praised - Abuja HF.mp3" ended: Ffmpeg_decoder.End_of_file.
2026/10/06 19:48:44 [next_song:3] Prepared "/var/azuracast/stations/evangile_du_royaume/media/Worship/37 - The Lord on High is Mightier - Toronto HF.mp3" (RID 265).
2026/10/06 19:55:38 [decoder:2] Decoding "/var/azuracast/stations/evangile_du_royaume/media/Worship/37 - The Lord on High is Mightier - Toronto HF.mp3" ended: Ffmpeg_decoder.End_of_file.
2026/10/06 19:55:38 [next_song:3] Prepared "/var/azuracast/stations/evangile_du_royaume/media/Cantiques du royaume/cantique__béni_soit_le_dieu_d_israël.mp3" (RID 266).
2026/10/06 20:02:09 [decoder:2] Decoding "/var/azuracast/stations/evangile_du_royaume/media/Cantiques du royaume/cantique__béni_soit_le_dieu_d_israël.mp3" ended: Ffmpeg_decoder.End_of_file.
2026/10/06 20:02:10 [next_song:3] Prepared "/var/azuracast/stations/evangile_du_royaume/media/Cantiques du royaume/cantique__ta_bonte.mp3" (RID 267).
2026/10/06 20:08:13 [decoder:2] Decoding "/var/azuracast/stations/evangile_du_royaume/media/Cantiques du royaume/cantique__ta_bonte.mp3" ended: Ffmpeg_decoder.End_of_file.
2026/10/06 20:08:14 [next_song:3] Prepared "/var/azuracast/stations/evangile_du_royaume/media/Worship/25 - Immortal God - Elohim Adonai - Abuja HF.mp3" (RID 268).
2026/10/06 20:14:24 [decoder:2] Decoding "/var/azuracast/stations/evangile_du_royaume/media/Worship/25 - Immortal God - Elohim Adonai - Abuja HF.mp3" ended: Ffmpeg_decoder.End_of_file.
2026/10/06 20:14:24 [next_song:3] Prepared "/var/azuracast/stations/evangile_du_royaume/media/Jingle/jingle_avant_bible_07_place_a_la_lecture_de_la_bible.mp3" (RID 269).
2026/10/06 20:14:37 [decoder:2] Decoding "/var/azuracast/stations/evangile_du_royaume/media/Jingle/jingle_avant_bible_07_place_a_la_lecture_de_la_bible.mp3" ended: Ffmpeg_decoder.End_of_file.
2026/10/06 20:14:38 [next_song:3] Prepared "/var/azuracast/stations/evangile_du_royaume/media/La bible/1_chroniques_027.mp3" (RID 270).
2026/10/06 20:19:56 [decoder:2] Decoding "/var/azuracast/stations/evangile_du_royaume/media/La bible/1_chroniques_027.mp3" ended: Ffmpeg_decoder.End_of_file.
2026/10/06 20:19:56 [next_song:3] Prepared "/var/azuracast/stations/evangile_du_royaume/media/La bible/1_chroniques_028.mp3" (RID 271).
2026/10/06 20:24:35 [decoder:2] Decoding "/var/azuracast/stations/evangile_du_royaume/media/La bible/1_chroniques_028.mp3" ended: Ffmpeg_decoder.End_of_file.
2026/10/06 20:24:35 [next_song:3] Prepared "/var/azuracast/stations/evangile_du_royaume/media/La bible/1_chroniques_029.mp3" (RID 272).
2026/10/06 20:30:19 [decoder:2] Decoding "/var/azuracast/stations/evangile_du_royaume/media/La bible/1_chroniques_029.mp3" ended: Ffmpeg_decoder.End_of_file.
2026/10/06 20:30:19 [next_song:3] Prepared "/var/azuracast/stations/evangile_du_royaume/media/La bible/exode_015.mp3" (RID 273).
2026/10/06 20:35:28 [decoder:2] Decoding "/var/azuracast/stations/evangile_du_royaume/media/La bible/exode_015.mp3" ended: Ffmpeg_decoder.End_of_file.
2026/10/06 20:35:29 [next_song:3] Prepared "/var/azuracast/stations/evangile_du_royaume/media/La bible/exode_016.mp3" (RID 274).
2026/10/06 20:42:49 [decoder:2] Decoding "/var/azuracast/stations/evangile_du_royaume/media/La bible/exode_016.mp3" ended: Ffmpeg_decoder.End_of_file.
2026/10/06 20:42:50 [next_song:3] Prepared "/var/azuracast/stations/evangile_du_royaume/media/Jingle/jingle_avant_louange_06_que_la_louange_seleve.mp3" (RID 275).
2026/10/06 20:43:00 [decoder:2] Decoding "/var/azuracast/stations/evangile_du_royaume/media/Jingle/jingle_avant_louange_06_que_la_louange_seleve.mp3" ended: Ffmpeg_decoder.End_of_file.
2026/10/06 20:43:01 [next_song:3] Prepared "/var/azuracast/stations/evangile_du_royaume/media/SWBN Lead Concert Live Worship/02 - Unto Him (Vincent Opara).mp3" (RID 276).
2026/10/06 20:51:38 [decoder:2] Decoding "/var/azuracast/stations/evangile_du_royaume/media/SWBN Lead Concert Live Worship/02 - Unto Him (Vincent Opara).mp3" ended: Ffmpeg_decoder.End_of_file.
2026/10/06 20:51:39 [next_song:3] Prepared "/var/azuracast/stations/evangile_du_royaume/media/Cantiques du royaume/Cantique Jean 1- la Parole.mp3" (RID 277).
2026/10/06 20:54:46 [decoder:2] Decoding "/var/azuracast/stations/evangile_du_royaume/media/Cantiques du royaume/Cantique Jean 1- la Parole.mp3" ended: Ffmpeg_decoder.End_of_file.
2026/10/06 20:54:46 [next_song:3] Prepared "/var/azuracast/stations/evangile_du_royaume/media/Cantiques du royaume/WhatsApp Audio 2022-03-15 at 01.33.50 (1)(1).mp3" (RID 278).
2026/10/06 21:04:14 [decoder:2] Decoding "/var/azuracast/stations/evangile_du_royaume/media/Cantiques du royaume/WhatsApp Audio 2022-03-15 at 01.33.50 (1)(1).mp3" ended: Ffmpeg_decoder.End_of_file.
2026/10/06 21:04:14 [next_song:3] Prepared "/var/azuracast/stations/evangile_du_royaume/media/Worship/43 - The Mountains, Come and, Oh City - Ketu HF.mp3" (RID 279).
2026/10/06 21:12:36 [decoder:2] Decoding "/var/azuracast/stations/evangile_du_royaume/media/Worship/43 - The Mountains, Come and, Oh City - Ketu HF.mp3" ended: Ffmpeg_decoder.End_of_file.
2026/10/06 21:12:36 [next_song:3] Prepared "/var/azuracast/stations/evangile_du_royaume/media/Cantiques du royaume/cantique__heureux_l_homme_qui_ne_marche_pas_selon.mp3" (RID 280).
2026/10/06 21:14:53 [decoder:2] Decoding "/var/azuracast/stations/evangile_du_royaume/media/Cantiques du royaume/cantique__heureux_l_homme_qui_ne_marche_pas_selon.mp3" ended: Ffmpeg_decoder.End_of_file.
2026/10/06 21:14:53 [next_song:3] Prepared "/var/azuracast/stations/evangile_du_royaume/media/Worship/77 - We Shall Not Fear - Nonso Njoku.mp3" (RID 281).
2026/10/06 21:20:11 [decoder:2] Decoding "/var/azuracast/stations/evangile_du_royaume/media/Worship/77 - We Shall Not Fear - Nonso Njoku.mp3" ended: Ffmpeg_decoder.End_of_file.
2026/10/06 21:20:12 [next_song:3] Prepared "/var/azuracast/stations/evangile_du_royaume/media/Worship/76 - You Have sworn By Your Holiness - Chidera Bisong.mp3" (RID 282).
2026/10/06 21:27:28 [decoder:2] Decoding "/var/azuracast/stations/evangile_du_royaume/media/Worship/76 - You Have sworn By Your Holiness - Chidera Bisong.mp3" ended: Ffmpeg_decoder.End_of_file.
2026/10/06 21:27:28 [next_song:3] Prepared "/var/azuracast/stations/evangile_du_royaume/media/Worship/88 - Good God - Asaba Fellowship.mp3" (RID 283).
2026/10/06 21:33:31 [decoder:2] Decoding "/var/azuracast/stations/evangile_du_royaume/media/Worship/88 - Good God - Asaba Fellowship.mp3" ended: Ffmpeg_decoder.End_of_file.
2026/10/06 21:33:31 [next_song:3] Prepared "/var/azuracast/stations/evangile_du_royaume/media/Jingle/jingle_avant_bible_06_ouvrons_les_saintes_ecritures.mp3" (RID 284).
2026/10/06 21:33:42 [decoder:2] Decoding "/var/azuracast/stations/evangile_du_royaume/media/Jingle/jingle_avant_bible_06_ouvrons_les_saintes_ecritures.mp3" ended: Ffmpeg_decoder.End_of_file.
2026/10/06 21:33:42 [next_song:3] Prepared "/var/azuracast/stations/evangile_du_royaume/media/La bible/jérémie_016.mp3" (RID 285).
2026/10/06 21:37:46 [decoder:2] Decoding "/var/azuracast/stations/evangile_du_royaume/media/La bible/jérémie_016.mp3" ended: Ffmpeg_decoder.End_of_file.
2026/10/06 21:37:47 [next_song:3] Prepared "/var/azuracast/stations/evangile_du_royaume/media/La bible/jérémie_017.mp3" (RID 286).
