2026/09/02 00:01:35 [lang.deprecated:2] WARNING: "map_metadata" is deprecated and will be removed in future version. Please use "metadata.map" instead.
2026/09/02 00:01:35 [lang.deprecated:2] WARNING: "map_metadata" is deprecated and will be removed in future version. Please use "metadata.map" instead.
2026/09/02 00:01:35 [error_jingle:3] "/usr/local/share/icecast/web/error.mp3" is static, resolving once for all...
2026/09/02 00:01:35 [error_jingle:3] Prepared "/usr/local/share/icecast/web/error.mp3" (RID 6).
2026/09/02 00:01:35 [safe_fallback:3] Switch to error_jingle.
2026/09/02 00:01:36 [playlist_000_transition:3] Prepared "/var/azuracast/stations/evangile_du_royaume/media/jingles_de_transition_3.mp3" (RID 11).
2026/09/02 00:01:36 [safe_fallback:3] Switch to amplify_0 with transition.
2026/09/02 00:01:36 [live_fallback:3] Switch to cross_0.
2026/09/02 00:01:36 [interrupting_fallback:3] Switch to requests_fallback.
2026/09/02 00:01:36 [requests_fallback:3] Switch to autodj_fallback.
2026/09/02 00:01:36 [autodj_fallback:3] Switch to schedule_switch.
2026/09/02 00:01:36 [schedule_switch:3] Switch to metadata.map_0.
2026/09/02 00:01:47 [next_song:3] Prepared "/var/azuracast/stations/evangile_du_royaume/media/jingles_de_transition_1.mp3" (RID 14).
2026/09/02 00:03:48 [decoder:2] Decoding "/var/azuracast/stations/evangile_du_royaume/media/jingles_de_transition_3.mp3" ended: Ffmpeg_decoder.End_of_file.
2026/09/02 00:03:49 [playlist_bloc_a_serie_du_jour:3] Prepared "/var/azuracast/stations/evangile_du_royaume/media/Jingle/jingle_avant_message_04_bienvenue_sur_parole_prophetique_fm.mp3" (RID 7).
2026/09/02 00:03:49 [schedule_switch:3] Switch to cue_playlist_bloc_a_serie_du_jour with forgetful transition.
2026/09/02 00:03:49 [autodj_fallback:3] Switch to dynamic_startup with forgetful transition.
2026/09/02 00:03:49 [dynamic_startup:3] Switch to cue_next_song.
2026/09/02 00:05:24 [decoder:2] Decoding "/var/azuracast/stations/evangile_du_royaume/media/jingles_de_transition_1.mp3" ended: Ffmpeg_decoder.End_of_file.
2026/09/02 00:05:24 [next_song:3] Prepared "/var/azuracast/stations/evangile_du_royaume/media/Jingle/jingle_avant_message_04_bienvenue_sur_parole_prophetique_fm.mp3" (RID 15).
2026/09/02 00:05:31 [decoder:2] Decoding "/var/azuracast/stations/evangile_du_royaume/media/Jingle/jingle_avant_message_04_bienvenue_sur_parole_prophetique_fm.mp3" ended: Ffmpeg_decoder.End_of_file.
2026/09/02 00:05:32 [next_song:3] Prepared "/var/azuracast/stations/evangile_du_royaume/media/Parole qui éclaire/pqe_j7.mp3" (RID 16).
2026/09/02 00:29:10 [decoder:2] Decoding "/var/azuracast/stations/evangile_du_royaume/media/Parole qui éclaire/pqe_j7.mp3" ended: Ffmpeg_decoder.End_of_file.
2026/09/02 00:29:10 [next_song:3] Prepared "/var/azuracast/stations/evangile_du_royaume/media/Jingle/jingle_avant_bible_07_place_a_la_lecture_de_la_bible.mp3" (RID 17).
2026/09/02 00:29:20 [decoder:2] Decoding "/var/azuracast/stations/evangile_du_royaume/media/Jingle/jingle_avant_bible_07_place_a_la_lecture_de_la_bible.mp3" ended: Ffmpeg_decoder.End_of_file.
2026/09/02 00:29:21 [next_song:3] Prepared "/var/azuracast/stations/evangile_du_royaume/media/La bible/ecclésiaste_001.mp3" (RID 18).
2026/09/02 00:31:39 [decoder:2] Decoding "/var/azuracast/stations/evangile_du_royaume/media/La bible/ecclésiaste_001.mp3" ended: Ffmpeg_decoder.End_of_file.
2026/09/02 00:31:39 [next_song:3] Prepared "/var/azuracast/stations/evangile_du_royaume/media/La bible/ecclésiaste_002.mp3" (RID 19).
2026/09/02 00:35:54 [decoder:2] Decoding "/var/azuracast/stations/evangile_du_royaume/media/La bible/ecclésiaste_002.mp3" ended: Ffmpeg_decoder.End_of_file.
2026/09/02 00:35:54 [next_song:3] Prepared "/var/azuracast/stations/evangile_du_royaume/media/La bible/ecclésiaste_003.mp3" (RID 20).
2026/09/02 00:38:41 [decoder:2] Decoding "/var/azuracast/stations/evangile_du_royaume/media/La bible/ecclésiaste_003.mp3" ended: Ffmpeg_decoder.End_of_file.
2026/09/02 00:38:42 [next_song:3] Prepared "/var/azuracast/stations/evangile_du_royaume/media/La bible/ecclésiaste_004.mp3" (RID 21).
2026/09/02 00:41:01 [decoder:2] Decoding "/var/azuracast/stations/evangile_du_royaume/media/La bible/ecclésiaste_004.mp3" ended: Ffmpeg_decoder.End_of_file.
2026/09/02 00:41:02 [next_song:3] Prepared "/var/azuracast/stations/evangile_du_royaume/media/La bible/ecclésiaste_005.mp3" (RID 22).
2026/09/02 00:44:16 [decoder:2] Decoding "/var/azuracast/stations/evangile_du_royaume/media/La bible/ecclésiaste_005.mp3" ended: Ffmpeg_decoder.End_of_file.
2026/09/02 00:44:17 [next_song:3] Prepared "/var/azuracast/stations/evangile_du_royaume/media/La bible/ecclésiaste_006.mp3" (RID 23).
2026/09/02 00:46:04 [decoder:2] Decoding "/var/azuracast/stations/evangile_du_royaume/media/La bible/ecclésiaste_006.mp3" ended: Ffmpeg_decoder.End_of_file.
2026/09/02 00:46:04 [next_song:3] Prepared "/var/azuracast/stations/evangile_du_royaume/media/La bible/ecclésiaste_007.mp3" (RID 24).
2026/09/02 00:49:45 [decoder:2] Decoding "/var/azuracast/stations/evangile_du_royaume/media/La bible/ecclésiaste_007.mp3" ended: Ffmpeg_decoder.End_of_file.
2026/09/02 00:49:46 [next_song:3] Prepared "/var/azuracast/stations/evangile_du_royaume/media/La bible/ecclésiaste_008.mp3" (RID 25).
2026/09/02 00:52:34 [decoder:2] Decoding "/var/azuracast/stations/evangile_du_royaume/media/La bible/ecclésiaste_008.mp3" ended: Ffmpeg_decoder.End_of_file.
2026/09/02 00:52:35 [next_song:3] Prepared "/var/azuracast/stations/evangile_du_royaume/media/La bible/ecclésiaste_009.mp3" (RID 26).
2026/09/02 00:55:45 [decoder:2] Decoding "/var/azuracast/stations/evangile_du_royaume/media/La bible/ecclésiaste_009.mp3" ended: Ffmpeg_decoder.End_of_file.
2026/09/02 00:55:46 [next_song:3] Prepared "/var/azuracast/stations/evangile_du_royaume/media/La bible/ecclésiaste_010.mp3" (RID 27).
2026/09/02 00:58:12 [decoder:2] Decoding "/var/azuracast/stations/evangile_du_royaume/media/La bible/ecclésiaste_010.mp3" ended: Ffmpeg_decoder.End_of_file.
2026/09/02 00:58:13 [next_song:3] Prepared "/var/azuracast/stations/evangile_du_royaume/media/La bible/ecclésiaste_011.mp3" (RID 28).
2026/09/02 00:59:44 [decoder:2] Decoding "/var/azuracast/stations/evangile_du_royaume/media/La bible/ecclésiaste_011.mp3" ended: Ffmpeg_decoder.End_of_file.
2026/09/02 00:59:44 [next_song:3] Prepared "/var/azuracast/stations/evangile_du_royaume/media/La bible/ecclésiaste_012.mp3" (RID 29).
2026/09/02 01:01:57 [decoder:2] Decoding "/var/azuracast/stations/evangile_du_royaume/media/La bible/ecclésiaste_012.mp3" ended: Ffmpeg_decoder.End_of_file.
2026/09/02 01:01:58 [next_song:3] Prepared "/var/azuracast/stations/evangile_du_royaume/media/La bible/joël_001.mp3" (RID 30).
2026/09/02 01:05:02 [decoder:2] Decoding "/var/azuracast/stations/evangile_du_royaume/media/La bible/joël_001.mp3" ended: Ffmpeg_decoder.End_of_file.
2026/09/02 01:05:03 [next_song:3] Prepared "/var/azuracast/stations/evangile_du_royaume/media/La bible/joël_002.mp3" (RID 31).
2026/09/02 01:10:41 [decoder:2] Decoding "/var/azuracast/stations/evangile_du_royaume/media/La bible/joël_002.mp3" ended: Ffmpeg_decoder.End_of_file.
2026/09/02 01:10:41 [next_song:3] Prepared "/var/azuracast/stations/evangile_du_royaume/media/La bible/joël_003.mp3" (RID 32).
2026/09/02 01:14:14 [decoder:2] Decoding "/var/azuracast/stations/evangile_du_royaume/media/La bible/joël_003.mp3" ended: Ffmpeg_decoder.End_of_file.
2026/09/02 01:14:14 [next_song:3] Prepared "/var/azuracast/stations/evangile_du_royaume/media/La bible/1_corinthiens_013.mp3" (RID 33).
2026/09/02 01:16:49 [decoder:2] Decoding "/var/azuracast/stations/evangile_du_royaume/media/La bible/1_corinthiens_013.mp3" ended: Ffmpeg_decoder.End_of_file.
2026/09/02 01:16:49 [next_song:3] Prepared "/var/azuracast/stations/evangile_du_royaume/media/La bible/1_corinthiens_014.mp3" (RID 34).
2026/09/02 01:23:17 [decoder:2] Decoding "/var/azuracast/stations/evangile_du_royaume/media/La bible/1_corinthiens_014.mp3" ended: Ffmpeg_decoder.End_of_file.
2026/09/02 01:23:17 [next_song:3] Prepared "/var/azuracast/stations/evangile_du_royaume/media/La bible/1_corinthiens_015.mp3" (RID 35).
2026/09/02 01:31:48 [decoder:2] Decoding "/var/azuracast/stations/evangile_du_royaume/media/La bible/1_corinthiens_015.mp3" ended: Ffmpeg_decoder.End_of_file.
2026/09/02 01:31:49 [next_song:3] Prepared "/var/azuracast/stations/evangile_du_royaume/media/Jingle/jingle_avant_louange_06_que_la_louange_seleve.mp3" (RID 36).
2026/09/02 01:31:56 [decoder:2] Decoding "/var/azuracast/stations/evangile_du_royaume/media/Jingle/jingle_avant_louange_06_que_la_louange_seleve.mp3" ended: Ffmpeg_decoder.End_of_file.
2026/09/02 01:31:57 [next_song:3] Prepared "/var/azuracast/stations/evangile_du_royaume/media/Worship/77 - We Shall Not Fear - Nonso Njoku.mp3" (RID 37).
2026/09/02 01:37:15 [decoder:2] Decoding "/var/azuracast/stations/evangile_du_royaume/media/Worship/77 - We Shall Not Fear - Nonso Njoku.mp3" ended: Ffmpeg_decoder.End_of_file.
2026/09/02 01:37:15 [next_song:3] Prepared "/var/azuracast/stations/evangile_du_royaume/media/Worship/08 - I Enter The Holy of Holies - Port Harcourt HF.mp3" (RID 38).
2026/09/02 01:42:17 [decoder:2] Decoding "/var/azuracast/stations/evangile_du_royaume/media/Worship/08 - I Enter The Holy of Holies - Port Harcourt HF.mp3" ended: Ffmpeg_decoder.End_of_file.
2026/09/02 01:42:17 [next_song:3] Prepared "/var/azuracast/stations/evangile_du_royaume/media/Cantiques du royaume/cantique___il_s_est_lui-même_humilié.mp3" (RID 39).
2026/09/02 01:47:42 [decoder:2] Decoding "/var/azuracast/stations/evangile_du_royaume/media/Cantiques du royaume/cantique___il_s_est_lui-même_humilié.mp3" ended: Ffmpeg_decoder.End_of_file.
2026/09/02 01:47:43 [next_song:3] Prepared "/var/azuracast/stations/evangile_du_royaume/media/Worship/74 - You are God - Winnipeg Fellowship.mp3" (RID 40).
2026/09/02 01:53:36 [decoder:2] Decoding "/var/azuracast/stations/evangile_du_royaume/media/Worship/74 - You are God - Winnipeg Fellowship.mp3" ended: Ffmpeg_decoder.End_of_file.
2026/09/02 01:53:37 [next_song:3] Prepared "/var/azuracast/stations/evangile_du_royaume/media/Worship/07 - Baruch Ha'ba B'Shem Adonai⧸Blessed Is He Who Comes in the Name of the Lord - Port Harcourt HF.mp3" (RID 41).
2026/09/02 02:04:08 [decoder:2] Decoding "/var/azuracast/stations/evangile_du_royaume/media/Worship/07 - Baruch Ha'ba B'Shem Adonai⧸Blessed Is He Who Comes in the Name of the Lord - Port Harcourt HF.mp3" ended: Ffmpeg_decoder.End_of_file.
2026/09/02 02:04:09 [next_song:3] Prepared "/var/azuracast/stations/evangile_du_royaume/media/Worship/54 - He Has Given Me - PHF.mp3" (RID 42).
2026/09/02 02:09:14 [decoder:2] Decoding "/var/azuracast/stations/evangile_du_royaume/media/Worship/54 - He Has Given Me - PHF.mp3" ended: Ffmpeg_decoder.End_of_file.
2026/09/02 02:09:15 [next_song:3] Prepared "/var/azuracast/stations/evangile_du_royaume/media/Worship/14 - Great & Marvelluos - Toronto HF.mp3" (RID 43).
2026/09/02 02:21:06 [decoder:2] Decoding "/var/azuracast/stations/evangile_du_royaume/media/Worship/14 - Great & Marvelluos - Toronto HF.mp3" ended: Ffmpeg_decoder.End_of_file.
2026/09/02 02:21:06 [next_song:3] Prepared "/var/azuracast/stations/evangile_du_royaume/media/Cantiques du royaume/3-gabrielle_lidji_-_mélodie_céleste__by_lfxa(light_fx_animation)_2.mp3" (RID 44).
2026/09/02 02:26:23 [decoder:2] Decoding "/var/azuracast/stations/evangile_du_royaume/media/Cantiques du royaume/3-gabrielle_lidji_-_mélodie_céleste__by_lfxa(light_fx_animation)_2.mp3" ended: Ffmpeg_decoder.End_of_file.
2026/09/02 02:26:23 [next_song:3] Prepared "/var/azuracast/stations/evangile_du_royaume/media/Worship/58 - Rejoice - PHF.mp3" (RID 45).
2026/09/02 02:32:22 [decoder:2] Decoding "/var/azuracast/stations/evangile_du_royaume/media/Worship/58 - Rejoice - PHF.mp3" ended: Ffmpeg_decoder.End_of_file.
2026/09/02 02:32:23 [next_song:3] Prepared "/var/azuracast/stations/evangile_du_royaume/media/Jingle/jingle_avant_bible_06_ouvrons_les_saintes_ecritures.mp3" (RID 46).
2026/09/02 02:32:30 [decoder:2] Decoding "/var/azuracast/stations/evangile_du_royaume/media/Jingle/jingle_avant_bible_06_ouvrons_les_saintes_ecritures.mp3" ended: Ffmpeg_decoder.End_of_file.
2026/09/02 02:32:31 [next_song:3] Prepared "/var/azuracast/stations/evangile_du_royaume/media/La bible/zacharie_009.mp3" (RID 47).
2026/09/02 02:35:39 [decoder:2] Decoding "/var/azuracast/stations/evangile_du_royaume/media/La bible/zacharie_009.mp3" ended: Ffmpeg_decoder.End_of_file.
2026/09/02 02:35:40 [next_song:3] Prepared "/var/azuracast/stations/evangile_du_royaume/media/La bible/zacharie_010.mp3" (RID 48).
2026/09/02 02:37:50 [decoder:2] Decoding "/var/azuracast/stations/evangile_du_royaume/media/La bible/zacharie_010.mp3" ended: Ffmpeg_decoder.End_of_file.
2026/09/02 02:37:51 [next_song:3] Prepared "/var/azuracast/stations/evangile_du_royaume/media/La bible/zacharie_011.mp3" (RID 49).
2026/09/02 02:40:41 [decoder:2] Decoding "/var/azuracast/stations/evangile_du_royaume/media/La bible/zacharie_011.mp3" ended: Ffmpeg_decoder.End_of_file.
2026/09/02 02:40:41 [next_song:3] Prepared "/var/azuracast/stations/evangile_du_royaume/media/La bible/zacharie_012.mp3" (RID 50).
2026/09/02 02:43:16 [decoder:2] Decoding "/var/azuracast/stations/evangile_du_royaume/media/La bible/zacharie_012.mp3" ended: Ffmpeg_decoder.End_of_file.
2026/09/02 02:43:17 [next_song:3] Prepared "/var/azuracast/stations/evangile_du_royaume/media/La bible/zacharie_013.mp3" (RID 51).
2026/09/02 02:44:57 [decoder:2] Decoding "/var/azuracast/stations/evangile_du_royaume/media/La bible/zacharie_013.mp3" ended: Ffmpeg_decoder.End_of_file.
2026/09/02 02:44:58 [next_song:3] Prepared "/var/azuracast/stations/evangile_du_royaume/media/La bible/zacharie_014.mp3" (RID 52).
2026/09/02 02:49:00 [decoder:2] Decoding "/var/azuracast/stations/evangile_du_royaume/media/La bible/zacharie_014.mp3" ended: Ffmpeg_decoder.End_of_file.
2026/09/02 02:49:01 [next_song:3] Prepared "/var/azuracast/stations/evangile_du_royaume/media/La bible/sophonie_001.mp3" (RID 53).
2026/09/02 02:51:54 [decoder:2] Decoding "/var/azuracast/stations/evangile_du_royaume/media/La bible/sophonie_001.mp3" ended: Ffmpeg_decoder.End_of_file.
2026/09/02 02:51:54 [next_song:3] Prepared "/var/azuracast/stations/evangile_du_royaume/media/La bible/sophonie_002.mp3" (RID 54).
2026/09/02 02:54:37 [decoder:2] Decoding "/var/azuracast/stations/evangile_du_royaume/media/La bible/sophonie_002.mp3" ended: Ffmpeg_decoder.End_of_file.
2026/09/02 02:54:38 [next_song:3] Prepared "/var/azuracast/stations/evangile_du_royaume/media/La bible/sophonie_003.mp3" (RID 55).
2026/09/02 02:58:21 [decoder:2] Decoding "/var/azuracast/stations/evangile_du_royaume/media/La bible/sophonie_003.mp3" ended: Ffmpeg_decoder.End_of_file.
2026/09/02 02:58:21 [next_song:3] Prepared "/var/azuracast/stations/evangile_du_royaume/media/La bible/luc_011.mp3" (RID 56).
2026/09/02 03:06:52 [decoder:2] Decoding "/var/azuracast/stations/evangile_du_royaume/media/La bible/luc_011.mp3" ended: Ffmpeg_decoder.End_of_file.
2026/09/02 03:06:53 [next_song:3] Prepared "/var/azuracast/stations/evangile_du_royaume/media/Jingle/jingle_avant_louange_05_elevons_nos_coeurs_vers_dieu.mp3" (RID 57).
2026/09/02 03:07:01 [decoder:2] Decoding "/var/azuracast/stations/evangile_du_royaume/media/Jingle/jingle_avant_louange_05_elevons_nos_coeurs_vers_dieu.mp3" ended: Ffmpeg_decoder.End_of_file.
2026/09/02 03:07:01 [next_song:3] Prepared "/var/azuracast/stations/evangile_du_royaume/media/Cantiques du royaume/5-il_sappelait_emmanuel_-_marcel_boungou__paroles.mp3" (RID 58).
2026/09/02 03:12:11 [decoder:2] Decoding "/var/azuracast/stations/evangile_du_royaume/media/Cantiques du royaume/5-il_sappelait_emmanuel_-_marcel_boungou__paroles.mp3" ended: Ffmpeg_decoder.End_of_file.
2026/09/02 03:12:12 [next_song:3] Prepared "/var/azuracast/stations/evangile_du_royaume/media/Worship/17 - Where Two or Three are Gathered - Calabar HF.mp3" (RID 59).
2026/09/02 03:18:00 [decoder:2] Decoding "/var/azuracast/stations/evangile_du_royaume/media/Worship/17 - Where Two or Three are Gathered - Calabar HF.mp3" ended: Ffmpeg_decoder.End_of_file.
2026/09/02 03:18:01 [next_song:3] Prepared "/var/azuracast/stations/evangile_du_royaume/media/Worship/31 - You Are Worthy - Ketu HF.mp3" (RID 60).
2026/09/02 03:22:16 [decoder:2] Decoding "/var/azuracast/stations/evangile_du_royaume/media/Worship/31 - You Are Worthy - Ketu HF.mp3" ended: Ffmpeg_decoder.End_of_file.
2026/09/02 03:22:17 [next_song:3] Prepared "/var/azuracast/stations/evangile_du_royaume/media/Cantiques du royaume/cantique__béni_soit_le_dieu_d_israël.mp3" (RID 61).
2026/09/02 03:28:48 [decoder:2] Decoding "/var/azuracast/stations/evangile_du_royaume/media/Cantiques du royaume/cantique__béni_soit_le_dieu_d_israël.mp3" ended: Ffmpeg_decoder.End_of_file.
2026/09/02 03:28:48 [next_song:3] Prepared "/var/azuracast/stations/evangile_du_royaume/media/Worship/06 - Psalm 93 - Port Harcourt HF.mp3" (RID 62).
2026/09/02 03:38:24 [decoder:2] Decoding "/var/azuracast/stations/evangile_du_royaume/media/Worship/06 - Psalm 93 - Port Harcourt HF.mp3" ended: Ffmpeg_decoder.End_of_file.
2026/09/02 03:38:25 [next_song:3] Prepared "/var/azuracast/stations/evangile_du_royaume/media/Worship/04 - Yahweh Is Mighty - SWBN TV.mp3" (RID 63).
2026/09/02 03:46:40 [decoder:2] Decoding "/var/azuracast/stations/evangile_du_royaume/media/Worship/04 - Yahweh Is Mighty - SWBN TV.mp3" ended: Ffmpeg_decoder.End_of_file.
2026/09/02 03:46:40 [next_song:3] Prepared "/var/azuracast/stations/evangile_du_royaume/media/Cantiques du royaume/cantique_-_jai_donné_ma_vie_à_jésus_(1).mp3" (RID 64).
2026/09/02 03:50:48 [decoder:2] Decoding "/var/azuracast/stations/evangile_du_royaume/media/Cantiques du royaume/cantique_-_jai_donné_ma_vie_à_jésus_(1).mp3" ended: Ffmpeg_decoder.End_of_file.
2026/09/02 03:50:48 [next_song:3] Prepared "/var/azuracast/stations/evangile_du_royaume/media/Worship/35 - God is Moving Us On - Ketu HF.mp3" (RID 65).
2026/09/02 03:55:38 [decoder:2] Decoding "/var/azuracast/stations/evangile_du_royaume/media/Worship/35 - God is Moving Us On - Ketu HF.mp3" ended: Ffmpeg_decoder.End_of_file.
2026/09/02 03:55:38 [next_song:3] Prepared "/var/azuracast/stations/evangile_du_royaume/media/Worship/91 - Ella Samuels - Oh Lord Our Maker.mp3" (RID 66).
2026/09/02 04:01:20 [decoder:2] Decoding "/var/azuracast/stations/evangile_du_royaume/media/Worship/91 - Ella Samuels - Oh Lord Our Maker.mp3" ended: Ffmpeg_decoder.End_of_file.
2026/09/02 04:01:20 [next_song:3] Prepared "/var/azuracast/stations/evangile_du_royaume/media/Cantiques du royaume/Cantique- Mon modèle, c_est Jésus.mp3" (RID 67).
2026/09/02 04:05:31 [decoder:2] Decoding "/var/azuracast/stations/evangile_du_royaume/media/Cantiques du royaume/Cantique- Mon modèle, c_est Jésus.mp3" ended: Ffmpeg_decoder.End_of_file.
2026/09/02 04:05:32 [next_song:3] Prepared "/var/azuracast/stations/evangile_du_royaume/media/Jingle/jingle_avant_bible_08_prenons_un_moment_pour_ecouter_la_parole.mp3" (RID 68).
2026/09/02 04:05:38 [decoder:2] Decoding "/var/azuracast/stations/evangile_du_royaume/media/Jingle/jingle_avant_bible_08_prenons_un_moment_pour_ecouter_la_parole.mp3" ended: Ffmpeg_decoder.End_of_file.
2026/09/02 04:05:39 [next_song:3] Prepared "/var/azuracast/stations/evangile_du_royaume/media/La bible/jean_015.mp3" (RID 69).
2026/09/02 04:08:58 [decoder:2] Decoding "/var/azuracast/stations/evangile_du_royaume/media/La bible/jean_015.mp3" ended: Ffmpeg_decoder.End_of_file.
2026/09/02 04:08:58 [next_song:3] Prepared "/var/azuracast/stations/evangile_du_royaume/media/La bible/jean_016.mp3" (RID 70).
2026/09/02 04:13:15 [decoder:2] Decoding "/var/azuracast/stations/evangile_du_royaume/media/La bible/jean_016.mp3" ended: Ffmpeg_decoder.End_of_file.
2026/09/02 04:13:16 [next_song:3] Prepared "/var/azuracast/stations/evangile_du_royaume/media/La bible/jean_017.mp3" (RID 71).
2026/09/02 04:16:27 [decoder:2] Decoding "/var/azuracast/stations/evangile_du_royaume/media/La bible/jean_017.mp3" ended: Ffmpeg_decoder.End_of_file.
2026/09/02 04:16:27 [next_song:3] Prepared "/var/azuracast/stations/evangile_du_royaume/media/La bible/jean_018.mp3" (RID 72).
2026/09/02 04:22:04 [decoder:2] Decoding "/var/azuracast/stations/evangile_du_royaume/media/La bible/jean_018.mp3" ended: Ffmpeg_decoder.End_of_file.
2026/09/02 04:22:05 [next_song:3] Prepared "/var/azuracast/stations/evangile_du_royaume/media/La bible/jean_019.mp3" (RID 73).
2026/09/02 04:28:11 [decoder:2] Decoding "/var/azuracast/stations/evangile_du_royaume/media/La bible/jean_019.mp3" ended: Ffmpeg_decoder.End_of_file.
2026/09/02 04:28:12 [next_song:3] Prepared "/var/azuracast/stations/evangile_du_royaume/media/La bible/jean_020.mp3" (RID 74).
2026/09/02 04:32:35 [decoder:2] Decoding "/var/azuracast/stations/evangile_du_royaume/media/La bible/jean_020.mp3" ended: Ffmpeg_decoder.End_of_file.
2026/09/02 04:32:36 [next_song:3] Prepared "/var/azuracast/stations/evangile_du_royaume/media/La bible/jean_021.mp3" (RID 75).
2026/09/02 04:36:37 [decoder:2] Decoding "/var/azuracast/stations/evangile_du_royaume/media/La bible/jean_021.mp3" ended: Ffmpeg_decoder.End_of_file.
2026/09/02 04:36:37 [next_song:3] Prepared "/var/azuracast/stations/evangile_du_royaume/media/La bible/actes_010.mp3" (RID 76).
2026/09/02 04:43:06 [decoder:2] Decoding "/var/azuracast/stations/evangile_du_royaume/media/La bible/actes_010.mp3" ended: Ffmpeg_decoder.End_of_file.
2026/09/02 04:43:06 [next_song:3] Prepared "/var/azuracast/stations/evangile_du_royaume/media/La bible/actes_011.mp3" (RID 77).
2026/09/02 04:47:09 [decoder:2] Decoding "/var/azuracast/stations/evangile_du_royaume/media/La bible/actes_011.mp3" ended: Ffmpeg_decoder.End_of_file.
2026/09/02 04:47:10 [next_song:3] Prepared "/var/azuracast/stations/evangile_du_royaume/media/La bible/actes_012.mp3" (RID 78).
2026/09/02 04:51:00 [decoder:2] Decoding "/var/azuracast/stations/evangile_du_royaume/media/La bible/actes_012.mp3" ended: Ffmpeg_decoder.End_of_file.
2026/09/02 04:51:00 [next_song:3] Prepared "/var/azuracast/stations/evangile_du_royaume/media/Jingle/jingle_avant_louange_07_voici_un_temps_de_louange.mp3" (RID 79).
2026/09/02 04:51:10 [decoder:2] Decoding "/var/azuracast/stations/evangile_du_royaume/media/Jingle/jingle_avant_louange_07_voici_un_temps_de_louange.mp3" ended: Ffmpeg_decoder.End_of_file.
2026/09/02 04:51:10 [next_song:3] Prepared "/var/azuracast/stations/evangile_du_royaume/media/Cantiques du royaume/jean-christ_-_6_minutes.mp3" (RID 80).
2026/09/02 04:57:48 [decoder:2] Decoding "/var/azuracast/stations/evangile_du_royaume/media/Cantiques du royaume/jean-christ_-_6_minutes.mp3" ended: Ffmpeg_decoder.End_of_file.
2026/09/02 04:57:48 [next_song:3] Prepared "/var/azuracast/stations/evangile_du_royaume/media/Cantiques du royaume/cantique__tes_promesses__pub_direct_dec_2021_import_(2).mp3" (RID 81).
2026/09/02 05:05:03 [decoder:2] Decoding "/var/azuracast/stations/evangile_du_royaume/media/Cantiques du royaume/cantique__tes_promesses__pub_direct_dec_2021_import_(2).mp3" ended: Ffmpeg_decoder.End_of_file.
2026/09/02 05:05:04 [next_song:3] Prepared "/var/azuracast/stations/evangile_du_royaume/media/SWBN Lead Concert Live Worship/06 - Yahweh is Mighty (Imah Adegoke).mp3" (RID 82).
2026/09/02 05:12:58 [decoder:2] Decoding "/var/azuracast/stations/evangile_du_royaume/media/SWBN Lead Concert Live Worship/06 - Yahweh is Mighty (Imah Adegoke).mp3" ended: Ffmpeg_decoder.End_of_file.
2026/09/02 05:12:58 [next_song:3] Prepared "/var/azuracast/stations/evangile_du_royaume/media/Worship/26 - Sing Hallelujah - Abuja HF.mp3" (RID 83).
2026/09/02 05:17:16 [decoder:2] Decoding "/var/azuracast/stations/evangile_du_royaume/media/Worship/26 - Sing Hallelujah - Abuja HF.mp3" ended: Ffmpeg_decoder.End_of_file.
2026/09/02 05:17:17 [next_song:3] Prepared "/var/azuracast/stations/evangile_du_royaume/media/Cantiques du royaume/Cantiques  Il a pris mes iniquités.mp3" (RID 84).
2026/09/02 05:24:50 [decoder:2] Decoding "/var/azuracast/stations/evangile_du_royaume/media/Cantiques du royaume/Cantiques  Il a pris mes iniquités.mp3" ended: Ffmpeg_decoder.End_of_file.
2026/09/02 05:24:51 [next_song:3] Prepared "/var/azuracast/stations/evangile_du_royaume/media/SWBN Lead Concert Live Worship/09 - Not Naked (Abasiama Timothy).mp3" (RID 85).
2026/09/02 05:30:40 [decoder:2] Decoding "/var/azuracast/stations/evangile_du_royaume/media/SWBN Lead Concert Live Worship/09 - Not Naked (Abasiama Timothy).mp3" ended: Ffmpeg_decoder.End_of_file.
2026/09/02 05:30:41 [next_song:3] Prepared "/var/azuracast/stations/evangile_du_royaume/media/Worship/12 - As We Worship - Toronto & Winnipeg HF.mp3" (RID 86).
2026/09/02 05:40:50 [decoder:2] Decoding "/var/azuracast/stations/evangile_du_royaume/media/Worship/12 - As We Worship - Toronto & Winnipeg HF.mp3" ended: Ffmpeg_decoder.End_of_file.
2026/09/02 05:40:51 [next_song:3] Prepared "/var/azuracast/stations/evangile_du_royaume/media/Worship/09 - Oh Lord I Want to Know Your Glory - Port Harcourt HF.mp3" (RID 87).
2026/09/02 05:47:03 [decoder:2] Decoding "/var/azuracast/stations/evangile_du_royaume/media/Worship/09 - Oh Lord I Want to Know Your Glory - Port Harcourt HF.mp3" ended: Ffmpeg_decoder.End_of_file.
2026/09/02 05:47:04 [next_song:3] Prepared "/var/azuracast/stations/evangile_du_royaume/media/Jingle/jingle_musical_station_fm_parole_prophetique_01.mp3" (RID 88).
2026/09/02 05:47:13 [decoder:2] Decoding "/var/azuracast/stations/evangile_du_royaume/media/Jingle/jingle_musical_station_fm_parole_prophetique_01.mp3" ended: Ffmpeg_decoder.End_of_file.
2026/09/02 05:47:13 [next_song:3] Prepared "/var/azuracast/stations/evangile_du_royaume/media/La bible/jonas_001.mp3" (RID 89).
2026/09/02 05:50:10 [decoder:2] Decoding "/var/azuracast/stations/evangile_du_royaume/media/La bible/jonas_001.mp3" ended: Ffmpeg_decoder.End_of_file.
2026/09/02 05:50:11 [next_song:3] Prepared "/var/azuracast/stations/evangile_du_royaume/media/La bible/jonas_002.mp3" (RID 90).
2026/09/02 05:51:29 [decoder:2] Decoding "/var/azuracast/stations/evangile_du_royaume/media/La bible/jonas_002.mp3" ended: Ffmpeg_decoder.End_of_file.
2026/09/02 05:51:30 [next_song:3] Prepared "/var/azuracast/stations/evangile_du_royaume/media/La bible/jonas_003.mp3" (RID 91).
2026/09/02 05:53:03 [decoder:2] Decoding "/var/azuracast/stations/evangile_du_royaume/media/La bible/jonas_003.mp3" ended: Ffmpeg_decoder.End_of_file.
2026/09/02 05:53:04 [next_song:3] Prepared "/var/azuracast/stations/evangile_du_royaume/media/La bible/jonas_004.mp3" (RID 92).
2026/09/02 05:54:58 [decoder:2] Decoding "/var/azuracast/stations/evangile_du_royaume/media/La bible/jonas_004.mp3" ended: Ffmpeg_decoder.End_of_file.
2026/09/02 05:54:59 [next_song:3] Prepared "/var/azuracast/stations/evangile_du_royaume/media/La bible/1_thessaloniciens_001.mp3" (RID 93).
2026/09/02 05:56:45 [decoder:2] Decoding "/var/azuracast/stations/evangile_du_royaume/media/La bible/1_thessaloniciens_001.mp3" ended: Ffmpeg_decoder.End_of_file.
2026/09/02 05:56:45 [next_song:3] Prepared "/var/azuracast/stations/evangile_du_royaume/media/La bible/1_thessaloniciens_002.mp3" (RID 94).
2026/09/02 06:00:11 [decoder:2] Decoding "/var/azuracast/stations/evangile_du_royaume/media/La bible/1_thessaloniciens_002.mp3" ended: Ffmpeg_decoder.End_of_file.
2026/09/02 06:00:12 [next_song:3] Prepared "/var/azuracast/stations/evangile_du_royaume/media/Jingle/jingle_avant_message_05_vous_etes_a_lecoute_de_levangile_du_royaume.mp3" (RID 95).
2026/09/02 06:00:20 [decoder:2] Decoding "/var/azuracast/stations/evangile_du_royaume/media/Jingle/jingle_avant_message_05_vous_etes_a_lecoute_de_levangile_du_royaume.mp3" ended: Ffmpeg_decoder.End_of_file.
2026/09/02 06:00:20 [next_song:3] Prepared "/var/azuracast/stations/evangile_du_royaume/media/Parole qui éclaire/pqe_j7.mp3" (RID 96).
2026/09/02 06:23:58 [decoder:2] Decoding "/var/azuracast/stations/evangile_du_royaume/media/Parole qui éclaire/pqe_j7.mp3" ended: Ffmpeg_decoder.End_of_file.
2026/09/02 06:23:59 [next_song:3] Prepared "/var/azuracast/stations/evangile_du_royaume/media/Jingle/jingle_avant_bible_06_ouvrons_les_saintes_ecritures.mp3" (RID 97).
2026/09/02 06:24:06 [decoder:2] Decoding "/var/azuracast/stations/evangile_du_royaume/media/Jingle/jingle_avant_bible_06_ouvrons_les_saintes_ecritures.mp3" ended: Ffmpeg_decoder.End_of_file.
2026/09/02 06:24:07 [next_song:3] Prepared "/var/azuracast/stations/evangile_du_royaume/media/La bible/lamentations_002.mp3" (RID 98).
2026/09/02 06:29:18 [decoder:2] Decoding "/var/azuracast/stations/evangile_du_royaume/media/La bible/lamentations_002.mp3" ended: Ffmpeg_decoder.End_of_file.
2026/09/02 06:29:19 [next_song:3] Prepared "/var/azuracast/stations/evangile_du_royaume/media/La bible/lamentations_003.mp3" (RID 99).
2026/09/02 06:35:17 [decoder:2] Decoding "/var/azuracast/stations/evangile_du_royaume/media/La bible/lamentations_003.mp3" ended: Ffmpeg_decoder.End_of_file.
2026/09/02 06:35:18 [next_song:3] Prepared "/var/azuracast/stations/evangile_du_royaume/media/La bible/lamentations_004.mp3" (RID 100).
2026/09/02 06:39:11 [decoder:2] Decoding "/var/azuracast/stations/evangile_du_royaume/media/La bible/lamentations_004.mp3" ended: Ffmpeg_decoder.End_of_file.
2026/09/02 06:39:12 [next_song:3] Prepared "/var/azuracast/stations/evangile_du_royaume/media/La bible/lamentations_005.mp3" (RID 101).
2026/09/02 06:41:28 [decoder:2] Decoding "/var/azuracast/stations/evangile_du_royaume/media/La bible/lamentations_005.mp3" ended: Ffmpeg_decoder.End_of_file.
2026/09/02 06:41:29 [next_song:3] Prepared "/var/azuracast/stations/evangile_du_royaume/media/La bible/daniel_009.mp3" (RID 102).
2026/09/02 06:47:23 [decoder:2] Decoding "/var/azuracast/stations/evangile_du_royaume/media/La bible/daniel_009.mp3" ended: Ffmpeg_decoder.End_of_file.
2026/09/02 06:47:23 [next_song:3] Prepared "/var/azuracast/stations/evangile_du_royaume/media/La bible/daniel_010.mp3" (RID 103).
2026/09/02 06:51:06 [decoder:2] Decoding "/var/azuracast/stations/evangile_du_royaume/media/La bible/daniel_010.mp3" ended: Ffmpeg_decoder.End_of_file.
2026/09/02 06:51:06 [next_song:3] Prepared "/var/azuracast/stations/evangile_du_royaume/media/La bible/daniel_011.mp3" (RID 104).
2026/09/02 06:59:30 [decoder:2] Decoding "/var/azuracast/stations/evangile_du_royaume/media/La bible/daniel_011.mp3" ended: Ffmpeg_decoder.End_of_file.
2026/09/02 06:59:30 [next_song:3] Prepared "/var/azuracast/stations/evangile_du_royaume/media/La bible/daniel_012.mp3" (RID 105).
2026/09/02 07:01:53 [decoder:2] Decoding "/var/azuracast/stations/evangile_du_royaume/media/La bible/daniel_012.mp3" ended: Ffmpeg_decoder.End_of_file.
2026/09/02 07:01:54 [next_song:3] Prepared "/var/azuracast/stations/evangile_du_royaume/media/La bible/hébreux_011.mp3" (RID 106).
2026/09/02 07:08:37 [decoder:2] Decoding "/var/azuracast/stations/evangile_du_royaume/media/La bible/hébreux_011.mp3" ended: Ffmpeg_decoder.End_of_file.
2026/09/02 07:08:38 [next_song:3] Prepared "/var/azuracast/stations/evangile_du_royaume/media/La bible/hébreux_012.mp3" (RID 107).
2026/09/02 07:13:39 [decoder:2] Decoding "/var/azuracast/stations/evangile_du_royaume/media/La bible/hébreux_012.mp3" ended: Ffmpeg_decoder.End_of_file.
2026/09/02 07:13:40 [next_song:3] Prepared "/var/azuracast/stations/evangile_du_royaume/media/La bible/hébreux_013.mp3" (RID 108).
2026/09/02 07:17:13 [decoder:2] Decoding "/var/azuracast/stations/evangile_du_royaume/media/La bible/hébreux_013.mp3" ended: Ffmpeg_decoder.End_of_file.
2026/09/02 07:17:13 [next_song:3] Prepared "/var/azuracast/stations/evangile_du_royaume/media/La bible/3_jean_001.mp3" (RID 109).
2026/09/02 07:19:15 [decoder:2] Decoding "/var/azuracast/stations/evangile_du_royaume/media/La bible/3_jean_001.mp3" ended: Ffmpeg_decoder.End_of_file.
2026/09/02 07:19:15 [next_song:3] Prepared "/var/azuracast/stations/evangile_du_royaume/media/La bible/esther_001.mp3" (RID 110).
2026/09/02 07:23:14 [decoder:2] Decoding "/var/azuracast/stations/evangile_du_royaume/media/La bible/esther_001.mp3" ended: Ffmpeg_decoder.End_of_file.
2026/09/02 07:23:15 [next_song:3] Prepared "/var/azuracast/stations/evangile_du_royaume/media/Jingle/jingle_avant_louange_05_elevons_nos_coeurs_vers_dieu.mp3" (RID 111).
2026/09/02 07:23:22 [decoder:2] Decoding "/var/azuracast/stations/evangile_du_royaume/media/Jingle/jingle_avant_louange_05_elevons_nos_coeurs_vers_dieu.mp3" ended: Ffmpeg_decoder.End_of_file.
2026/09/02 07:23:23 [next_song:3] Prepared "/var/azuracast/stations/evangile_du_royaume/media/Worship/16 - I Will Not Be Silent - Calabar HF.mp3" (RID 112).
2026/09/02 07:27:23 [decoder:2] Decoding "/var/azuracast/stations/evangile_du_royaume/media/Worship/16 - I Will Not Be Silent - Calabar HF.mp3" ended: Ffmpeg_decoder.End_of_file.
2026/09/02 07:27:24 [next_song:3] Prepared "/var/azuracast/stations/evangile_du_royaume/media/Worship/53 - In Jesus - PHF.mp3" (RID 113).
2026/09/02 07:33:18 [decoder:2] Decoding "/var/azuracast/stations/evangile_du_royaume/media/Worship/53 - In Jesus - PHF.mp3" ended: Ffmpeg_decoder.End_of_file.
2026/09/02 07:33:19 [next_song:3] Prepared "/var/azuracast/stations/evangile_du_royaume/media/Worship/23 - Guide Me - El ELyon - Abuja HF.mp3" (RID 114).
2026/09/02 07:38:20 [decoder:2] Decoding "/var/azuracast/stations/evangile_du_royaume/media/Worship/23 - Guide Me - El ELyon - Abuja HF.mp3" ended: Ffmpeg_decoder.End_of_file.
2026/09/02 07:38:21 [next_song:3] Prepared "/var/azuracast/stations/evangile_du_royaume/media/Worship/02 - There's A Mighty River Flowing - SWBN TV.mp3" (RID 115).
2026/09/02 07:42:38 [decoder:2] Decoding "/var/azuracast/stations/evangile_du_royaume/media/Worship/02 - There's A Mighty River Flowing - SWBN TV.mp3" ended: Ffmpeg_decoder.End_of_file.
2026/09/02 07:42:38 [next_song:3] Prepared "/var/azuracast/stations/evangile_du_royaume/media/Worship/13 - For By My God - Toronto & Winnipeg HF.mp3" (RID 116).
2026/09/02 07:49:56 [decoder:2] Decoding "/var/azuracast/stations/evangile_du_royaume/media/Worship/13 - For By My God - Toronto & Winnipeg HF.mp3" ended: Ffmpeg_decoder.End_of_file.
2026/09/02 07:49:57 [next_song:3] Prepared "/var/azuracast/stations/evangile_du_royaume/media/Worship/57 - Holy Are You - PHF.mp3" (RID 117).
2026/09/02 08:00:19 [decoder:2] Decoding "/var/azuracast/stations/evangile_du_royaume/media/Worship/57 - Holy Are You - PHF.mp3" ended: Ffmpeg_decoder.End_of_file.
2026/09/02 08:00:20 [next_song:3] Prepared "/var/azuracast/stations/evangile_du_royaume/media/Worship/19 - You're the Lamb - Calabar HF.mp3" (RID 118).
2026/09/02 08:09:20 [decoder:2] Decoding "/var/azuracast/stations/evangile_du_royaume/media/Worship/19 - You're the Lamb - Calabar HF.mp3" ended: Ffmpeg_decoder.End_of_file.
2026/09/02 08:09:21 [next_song:3] Prepared "/var/azuracast/stations/evangile_du_royaume/media/SWBN Lead Concert Live Worship/02 - Unto Him (Vincent Opara).mp3" (RID 119).
2026/09/02 08:17:58 [decoder:2] Decoding "/var/azuracast/stations/evangile_du_royaume/media/SWBN Lead Concert Live Worship/02 - Unto Him (Vincent Opara).mp3" ended: Ffmpeg_decoder.End_of_file.
2026/09/02 08:17:59 [next_song:3] Prepared "/var/azuracast/stations/evangile_du_royaume/media/Cantiques du royaume/Cantique l_Éternel est mon Berger (1).mp3" (RID 120).
2026/09/02 08:23:39 [decoder:2] Decoding "/var/azuracast/stations/evangile_du_royaume/media/Cantiques du royaume/Cantique l_Éternel est mon Berger (1).mp3" ended: Ffmpeg_decoder.End_of_file.
2026/09/02 08:23:39 [next_song:3] Prepared "/var/azuracast/stations/evangile_du_royaume/media/Jingle/jingle_avant_bible_08_prenons_un_moment_pour_ecouter_la_parole.mp3" (RID 121).
2026/09/02 08:23:46 [decoder:2] Decoding "/var/azuracast/stations/evangile_du_royaume/media/Jingle/jingle_avant_bible_08_prenons_un_moment_pour_ecouter_la_parole.mp3" ended: Ffmpeg_decoder.End_of_file.
2026/09/02 08:23:46 [next_song:3] Prepared "/var/azuracast/stations/evangile_du_royaume/media/La bible/2_chroniques_024.mp3" (RID 122).
2026/09/02 08:28:51 [decoder:2] Decoding "/var/azuracast/stations/evangile_du_royaume/media/La bible/2_chroniques_024.mp3" ended: Ffmpeg_decoder.End_of_file.
2026/09/02 08:28:51 [next_song:3] Prepared "/var/azuracast/stations/evangile_du_royaume/media/La bible/2_chroniques_025.mp3" (RID 123).
2026/09/02 08:34:02 [decoder:2] Decoding "/var/azuracast/stations/evangile_du_royaume/media/La bible/2_chroniques_025.mp3" ended: Ffmpeg_decoder.End_of_file.
2026/09/02 08:34:02 [next_song:3] Prepared "/var/azuracast/stations/evangile_du_royaume/media/La bible/2_chroniques_026.mp3" (RID 124).
2026/09/02 08:38:04 [decoder:2] Decoding "/var/azuracast/stations/evangile_du_royaume/media/La bible/2_chroniques_026.mp3" ended: Ffmpeg_decoder.End_of_file.
2026/09/02 08:38:04 [next_song:3] Prepared "/var/azuracast/stations/evangile_du_royaume/media/La bible/2_chroniques_027.mp3" (RID 125).
2026/09/02 08:39:22 [decoder:2] Decoding "/var/azuracast/stations/evangile_du_royaume/media/La bible/2_chroniques_027.mp3" ended: Ffmpeg_decoder.End_of_file.
2026/09/02 08:39:23 [next_song:3] Prepared "/var/azuracast/stations/evangile_du_royaume/media/La bible/2_chroniques_028.mp3" (RID 126).
2026/09/02 08:44:15 [decoder:2] Decoding "/var/azuracast/stations/evangile_du_royaume/media/La bible/2_chroniques_028.mp3" ended: Ffmpeg_decoder.End_of_file.
2026/09/02 08:44:15 [next_song:3] Prepared "/var/azuracast/stations/evangile_du_royaume/media/La bible/2_chroniques_029.mp3" (RID 127).
2026/09/02 08:50:39 [decoder:2] Decoding "/var/azuracast/stations/evangile_du_royaume/media/La bible/2_chroniques_029.mp3" ended: Ffmpeg_decoder.End_of_file.
2026/09/02 08:50:40 [next_song:3] Prepared "/var/azuracast/stations/evangile_du_royaume/media/La bible/2_chroniques_030.mp3" (RID 128).
2026/09/02 08:55:39 [decoder:2] Decoding "/var/azuracast/stations/evangile_du_royaume/media/La bible/2_chroniques_030.mp3" ended: Ffmpeg_decoder.End_of_file.
2026/09/02 08:55:40 [next_song:3] Prepared "/var/azuracast/stations/evangile_du_royaume/media/Jingle/jingle_avant_louange_06_que_la_louange_seleve.mp3" (RID 129).
2026/09/02 08:55:47 [decoder:2] Decoding "/var/azuracast/stations/evangile_du_royaume/media/Jingle/jingle_avant_louange_06_que_la_louange_seleve.mp3" ended: Ffmpeg_decoder.End_of_file.
2026/09/02 08:55:47 [next_song:3] Prepared "/var/azuracast/stations/evangile_du_royaume/media/Worship/71 - In the Day of Your Power  - Winnipeg Fellowship.mp3" (RID 130).
2026/09/02 09:04:06 [decoder:2] Decoding "/var/azuracast/stations/evangile_du_royaume/media/Worship/71 - In the Day of Your Power  - Winnipeg Fellowship.mp3" ended: Ffmpeg_decoder.End_of_file.
2026/09/02 09:04:06 [next_song:3] Prepared "/var/azuracast/stations/evangile_du_royaume/media/Worship/87 - We Shall Come - Asaba Fellowship.mp3" (RID 131).
2026/09/02 09:09:10 [decoder:2] Decoding "/var/azuracast/stations/evangile_du_royaume/media/Worship/87 - We Shall Come - Asaba Fellowship.mp3" ended: Ffmpeg_decoder.End_of_file.
2026/09/02 09:09:10 [next_song:3] Prepared "/var/azuracast/stations/evangile_du_royaume/media/Worship/11 - Hosanna - Toronto HF.mp3" (RID 132).
2026/09/02 09:16:06 [decoder:2] Decoding "/var/azuracast/stations/evangile_du_royaume/media/Worship/11 - Hosanna - Toronto HF.mp3" ended: Ffmpeg_decoder.End_of_file.
2026/09/02 09:16:07 [next_song:3] Prepared "/var/azuracast/stations/evangile_du_royaume/media/Worship/88 - Good God - Asaba Fellowship.mp3" (RID 133).
2026/09/02 09:22:09 [decoder:2] Decoding "/var/azuracast/stations/evangile_du_royaume/media/Worship/88 - Good God - Asaba Fellowship.mp3" ended: Ffmpeg_decoder.End_of_file.
2026/09/02 09:22:10 [next_song:3] Prepared "/var/azuracast/stations/evangile_du_royaume/media/Worship/72 - There is no name  - Winnipeg Fellowship.mp3" (RID 134).
2026/09/02 09:29:58 [decoder:2] Decoding "/var/azuracast/stations/evangile_du_royaume/media/Worship/72 - There is no name  - Winnipeg Fellowship.mp3" ended: Ffmpeg_decoder.End_of_file.
2026/09/02 09:29:58 [next_song:3] Prepared "/var/azuracast/stations/evangile_du_royaume/media/Worship/75 - How Precious Oh Lord.mp3" (RID 135).
2026/09/02 09:35:40 [decoder:2] Decoding "/var/azuracast/stations/evangile_du_royaume/media/Worship/75 - How Precious Oh Lord.mp3" ended: Ffmpeg_decoder.End_of_file.
2026/09/02 09:35:41 [next_song:3] Prepared "/var/azuracast/stations/evangile_du_royaume/media/Worship/81 - As We Worship In Ypur Presence.mp3" (RID 136).
2026/09/02 09:42:34 [decoder:2] Decoding "/var/azuracast/stations/evangile_du_royaume/media/Worship/81 - As We Worship In Ypur Presence.mp3" ended: Ffmpeg_decoder.End_of_file.
2026/09/02 09:42:34 [next_song:3] Prepared "/var/azuracast/stations/evangile_du_royaume/media/Cantiques du royaume/cantique___ta_lumière.mp3" (RID 137).
2026/09/02 09:49:06 [decoder:2] Decoding "/var/azuracast/stations/evangile_du_royaume/media/Cantiques du royaume/cantique___ta_lumière.mp3" ended: Ffmpeg_decoder.End_of_file.
2026/09/02 09:49:07 [next_song:3] Prepared "/var/azuracast/stations/evangile_du_royaume/media/Worship/82 - A Song Of Love.mp3" (RID 138).
2026/09/02 09:54:06 [decoder:2] Decoding "/var/azuracast/stations/evangile_du_royaume/media/Worship/82 - A Song Of Love.mp3" ended: Ffmpeg_decoder.End_of_file.
2026/09/02 09:54:07 [next_song:3] Prepared "/var/azuracast/stations/evangile_du_royaume/media/Jingle/jingle_avant_bible_07_place_a_la_lecture_de_la_bible.mp3" (RID 139).
2026/09/02 09:54:17 [decoder:2] Decoding "/var/azuracast/stations/evangile_du_royaume/media/Jingle/jingle_avant_bible_07_place_a_la_lecture_de_la_bible.mp3" ended: Ffmpeg_decoder.End_of_file.
2026/09/02 09:54:17 [next_song:3] Prepared "/var/azuracast/stations/evangile_du_royaume/media/La bible/1_chroniques_001.mp3" (RID 140).
2026/09/02 09:59:55 [decoder:2] Decoding "/var/azuracast/stations/evangile_du_royaume/media/La bible/1_chroniques_001.mp3" ended: Ffmpeg_decoder.End_of_file.
2026/09/02 09:59:55 [next_song:3] Prepared "/var/azuracast/stations/evangile_du_royaume/media/La bible/1_chroniques_002.mp3" (RID 141).
2026/09/02 10:06:11 [decoder:2] Decoding "/var/azuracast/stations/evangile_du_royaume/media/La bible/1_chroniques_002.mp3" ended: Ffmpeg_decoder.End_of_file.
2026/09/02 10:06:12 [next_song:3] Prepared "/var/azuracast/stations/evangile_du_royaume/media/La bible/1_chroniques_003.mp3" (RID 142).
2026/09/02 10:09:24 [decoder:2] Decoding "/var/azuracast/stations/evangile_du_royaume/media/La bible/1_chroniques_003.mp3" ended: Ffmpeg_decoder.End_of_file.
2026/09/02 10:09:25 [next_song:3] Prepared "/var/azuracast/stations/evangile_du_royaume/media/La bible/1_chroniques_004.mp3" (RID 143).
2026/09/02 10:15:35 [decoder:2] Decoding "/var/azuracast/stations/evangile_du_royaume/media/La bible/1_chroniques_004.mp3" ended: Ffmpeg_decoder.End_of_file.
2026/09/02 10:15:35 [next_song:3] Prepared "/var/azuracast/stations/evangile_du_royaume/media/La bible/1_chroniques_005.mp3" (RID 144).
2026/09/02 10:19:57 [decoder:2] Decoding "/var/azuracast/stations/evangile_du_royaume/media/La bible/1_chroniques_005.mp3" ended: Ffmpeg_decoder.End_of_file.
2026/09/02 10:19:57 [next_song:3] Prepared "/var/azuracast/stations/evangile_du_royaume/media/La bible/1_chroniques_006.mp3" (RID 145).
2026/09/02 10:28:24 [decoder:2] Decoding "/var/azuracast/stations/evangile_du_royaume/media/La bible/1_chroniques_006.mp3" ended: Ffmpeg_decoder.End_of_file.
2026/09/02 10:28:24 [next_song:3] Prepared "/var/azuracast/stations/evangile_du_royaume/media/La bible/1_chroniques_007.mp3" (RID 146).
2026/09/02 10:34:08 [decoder:2] Decoding "/var/azuracast/stations/evangile_du_royaume/media/La bible/1_chroniques_007.mp3" ended: Ffmpeg_decoder.End_of_file.
2026/09/02 10:34:09 [next_song:3] Prepared "/var/azuracast/stations/evangile_du_royaume/media/La bible/1_chroniques_008.mp3" (RID 147).
2026/09/02 10:37:57 [decoder:2] Decoding "/var/azuracast/stations/evangile_du_royaume/media/La bible/1_chroniques_008.mp3" ended: Ffmpeg_decoder.End_of_file.
2026/09/02 10:37:58 [next_song:3] Prepared "/var/azuracast/stations/evangile_du_royaume/media/Jingle/jingle_avant_louange_07_voici_un_temps_de_louange.mp3" (RID 148).
2026/09/02 10:38:08 [decoder:2] Decoding "/var/azuracast/stations/evangile_du_royaume/media/Jingle/jingle_avant_louange_07_voici_un_temps_de_louange.mp3" ended: Ffmpeg_decoder.End_of_file.
2026/09/02 10:38:08 [next_song:3] Prepared "/var/azuracast/stations/evangile_du_royaume/media/Cantiques du royaume/cantique__heureux_l_homme_qui_ne_marche_pas_selon.mp3" (RID 149).
2026/09/02 10:40:25 [decoder:2] Decoding "/var/azuracast/stations/evangile_du_royaume/media/Cantiques du royaume/cantique__heureux_l_homme_qui_ne_marche_pas_selon.mp3" ended: Ffmpeg_decoder.End_of_file.
2026/09/02 10:40:25 [next_song:3] Prepared "/var/azuracast/stations/evangile_du_royaume/media/SWBN Lead Concert Live Worship/03 - Holy are You oh Lord (Olaedo Uzoma & Vincent Opara).mp3" (RID 150).
2026/09/02 10:50:00 [decoder:2] Decoding "/var/azuracast/stations/evangile_du_royaume/media/SWBN Lead Concert Live Worship/03 - Holy are You oh Lord (Olaedo Uzoma & Vincent Opara).mp3" ended: Ffmpeg_decoder.End_of_file.
2026/09/02 10:50:01 [next_song:3] Prepared "/var/azuracast/stations/evangile_du_royaume/media/Worship/30 - Yeshua I'm Waiting for You  - Ketu HF.mp3" (RID 151).
2026/09/02 10:54:46 [decoder:2] Decoding "/var/azuracast/stations/evangile_du_royaume/media/Worship/30 - Yeshua I'm Waiting for You  - Ketu HF.mp3" ended: Ffmpeg_decoder.End_of_file.
2026/09/02 10:54:47 [next_song:3] Prepared "/var/azuracast/stations/evangile_du_royaume/media/Worship/27 - Forever You Reign - Abuja HF.mp3" (RID 152).
2026/09/02 11:00:32 [decoder:2] Decoding "/var/azuracast/stations/evangile_du_royaume/media/Worship/27 - Forever You Reign - Abuja HF.mp3" ended: Ffmpeg_decoder.End_of_file.
2026/09/02 11:00:32 [next_song:3] Prepared "/var/azuracast/stations/evangile_du_royaume/media/Worship/84 - Song Of Victory - Emmanuel Igunbor.mp3" (RID 153).
2026/09/02 11:04:35 [decoder:2] Decoding "/var/azuracast/stations/evangile_du_royaume/media/Worship/84 - Song Of Victory - Emmanuel Igunbor.mp3" ended: Ffmpeg_decoder.End_of_file.
2026/09/02 11:04:35 [next_song:3] Prepared "/var/azuracast/stations/evangile_du_royaume/media/Worship/24 - We Ascribe Greatness - Abuja HF.mp3" (RID 154).
2026/09/02 11:10:19 [decoder:2] Decoding "/var/azuracast/stations/evangile_du_royaume/media/Worship/24 - We Ascribe Greatness - Abuja HF.mp3" ended: Ffmpeg_decoder.End_of_file.
2026/09/02 11:10:20 [next_song:3] Prepared "/var/azuracast/stations/evangile_du_royaume/media/Cantiques du royaume/cantique__-_qui_est_digne_d_ouvrir_le_livre.mp3" (RID 155).
2026/09/02 11:17:14 [decoder:2] Decoding "/var/azuracast/stations/evangile_du_royaume/media/Cantiques du royaume/cantique__-_qui_est_digne_d_ouvrir_le_livre.mp3" ended: Ffmpeg_decoder.End_of_file.
2026/09/02 11:17:14 [next_song:3] Prepared "/var/azuracast/stations/evangile_du_royaume/media/SWBN Lead Concert Live Worship/08 - You're the Lamb (Abasiama Timothy).mp3" (RID 156).
2026/09/02 11:24:21 [decoder:2] Decoding "/var/azuracast/stations/evangile_du_royaume/media/SWBN Lead Concert Live Worship/08 - You're the Lamb (Abasiama Timothy).mp3" ended: Ffmpeg_decoder.End_of_file.
2026/09/02 11:24:21 [next_song:3] Prepared "/var/azuracast/stations/evangile_du_royaume/media/Worship/49 - We Worship Adonai - PHF.mp3" (RID 157).
2026/09/02 11:32:48 [decoder:2] Decoding "/var/azuracast/stations/evangile_du_royaume/media/Worship/49 - We Worship Adonai - PHF.mp3" ended: Ffmpeg_decoder.End_of_file.
2026/09/02 11:32:49 [next_song:3] Prepared "/var/azuracast/stations/evangile_du_royaume/media/Worship/80 - I Will Call Upon The Lord.mp3" (RID 158).
2026/09/02 11:37:56 [decoder:2] Decoding "/var/azuracast/stations/evangile_du_royaume/media/Worship/80 - I Will Call Upon The Lord.mp3" ended: Ffmpeg_decoder.End_of_file.
2026/09/02 11:37:57 [next_song:3] Prepared "/var/azuracast/stations/evangile_du_royaume/media/Jingle/jingle_musical_station_fm_parole_prophetique_01.mp3" (RID 159).
2026/09/02 11:38:06 [decoder:2] Decoding "/var/azuracast/stations/evangile_du_royaume/media/Jingle/jingle_musical_station_fm_parole_prophetique_01.mp3" ended: Ffmpeg_decoder.End_of_file.
2026/09/02 11:38:06 [next_song:3] Prepared "/var/azuracast/stations/evangile_du_royaume/media/La bible/amos_001.mp3" (RID 160).
2026/09/02 11:40:43 [decoder:2] Decoding "/var/azuracast/stations/evangile_du_royaume/media/La bible/amos_001.mp3" ended: Ffmpeg_decoder.End_of_file.
2026/09/02 11:40:44 [next_song:3] Prepared "/var/azuracast/stations/evangile_du_royaume/media/La bible/amos_002.mp3" (RID 161).
2026/09/02 11:43:11 [decoder:2] Decoding "/var/azuracast/stations/evangile_du_royaume/media/La bible/amos_002.mp3" ended: Ffmpeg_decoder.End_of_file.
2026/09/02 11:43:12 [next_song:3] Prepared "/var/azuracast/stations/evangile_du_royaume/media/La bible/amos_003.mp3" (RID 162).
2026/09/02 11:45:28 [decoder:2] Decoding "/var/azuracast/stations/evangile_du_royaume/media/La bible/amos_003.mp3" ended: Ffmpeg_decoder.End_of_file.
2026/09/02 11:45:28 [next_song:3] Prepared "/var/azuracast/stations/evangile_du_royaume/media/La bible/amos_004.mp3" (RID 163).
2026/09/02 11:48:09 [decoder:2] Decoding "/var/azuracast/stations/evangile_du_royaume/media/La bible/amos_004.mp3" ended: Ffmpeg_decoder.End_of_file.
2026/09/02 11:48:09 [next_song:3] Prepared "/var/azuracast/stations/evangile_du_royaume/media/La bible/amos_005.mp3" (RID 164).
2026/09/02 11:52:08 [decoder:2] Decoding "/var/azuracast/stations/evangile_du_royaume/media/La bible/amos_005.mp3" ended: Ffmpeg_decoder.End_of_file.
2026/09/02 11:52:08 [next_song:3] Prepared "/var/azuracast/stations/evangile_du_royaume/media/La bible/amos_006.mp3" (RID 165).
2026/09/02 11:54:27 [decoder:2] Decoding "/var/azuracast/stations/evangile_du_royaume/media/La bible/amos_006.mp3" ended: Ffmpeg_decoder.End_of_file.
2026/09/02 11:54:27 [next_song:3] Prepared "/var/azuracast/stations/evangile_du_royaume/media/La bible/amos_007.mp3" (RID 166).
2026/09/02 11:57:29 [decoder:2] Decoding "/var/azuracast/stations/evangile_du_royaume/media/La bible/amos_007.mp3" ended: Ffmpeg_decoder.End_of_file.
2026/09/02 11:57:30 [next_song:3] Prepared "/var/azuracast/stations/evangile_du_royaume/media/Jingle/jingle_id_station_01_la_bonne_nouvelle_partout.mp3" (RID 167).
2026/09/02 11:57:39 [decoder:2] Decoding "/var/azuracast/stations/evangile_du_royaume/media/Jingle/jingle_id_station_01_la_bonne_nouvelle_partout.mp3" ended: Ffmpeg_decoder.End_of_file.
2026/09/02 11:57:39 [next_song:3] Prepared "/var/azuracast/stations/evangile_du_royaume/media/Worship/03 - Agunechemba - SWBN TV.mp3" (RID 168).
2026/09/02 12:05:46 [decoder:2] Decoding "/var/azuracast/stations/evangile_du_royaume/media/Worship/03 - Agunechemba - SWBN TV.mp3" ended: Ffmpeg_decoder.End_of_file.
2026/09/02 12:05:47 [next_song:3] Prepared "/var/azuracast/stations/evangile_du_royaume/media/Jingle/jingle_avant_message_01_voici_le_message_du_jour.mp3" (RID 169).
2026/09/02 12:05:57 [decoder:2] Decoding "/var/azuracast/stations/evangile_du_royaume/media/Jingle/jingle_avant_message_01_voici_le_message_du_jour.mp3" ended: Ffmpeg_decoder.End_of_file.
2026/09/02 12:05:57 [next_song:3] Prepared "/var/azuracast/stations/evangile_du_royaume/media/Parole qui éclaire/pqe_j7.mp3" (RID 170).
2026/09/02 12:29:35 [decoder:2] Decoding "/var/azuracast/stations/evangile_du_royaume/media/Parole qui éclaire/pqe_j7.mp3" ended: Ffmpeg_decoder.End_of_file.
2026/09/02 12:29:36 [next_song:3] Prepared "/var/azuracast/stations/evangile_du_royaume/media/Jingle/jingle_avant_bible_07_place_a_la_lecture_de_la_bible.mp3" (RID 171).
2026/09/02 12:29:46 [decoder:2] Decoding "/var/azuracast/stations/evangile_du_royaume/media/Jingle/jingle_avant_bible_07_place_a_la_lecture_de_la_bible.mp3" ended: Ffmpeg_decoder.End_of_file.
2026/09/02 12:29:46 [next_song:3] Prepared "/var/azuracast/stations/evangile_du_royaume/media/La bible/2_jean_001.mp3" (RID 172).
2026/09/02 12:31:51 [decoder:2] Decoding "/var/azuracast/stations/evangile_du_royaume/media/La bible/2_jean_001.mp3" ended: Ffmpeg_decoder.End_of_file.
2026/09/02 12:31:51 [next_song:3] Prepared "/var/azuracast/stations/evangile_du_royaume/media/La bible/michée_001.mp3" (RID 173).
2026/09/02 12:34:25 [decoder:2] Decoding "/var/azuracast/stations/evangile_du_royaume/media/La bible/michée_001.mp3" ended: Ffmpeg_decoder.End_of_file.
2026/09/02 12:34:26 [next_song:3] Prepared "/var/azuracast/stations/evangile_du_royaume/media/La bible/michée_002.mp3" (RID 174).
2026/09/02 12:36:43 [decoder:2] Decoding "/var/azuracast/stations/evangile_du_royaume/media/La bible/michée_002.mp3" ended: Ffmpeg_decoder.End_of_file.
2026/09/02 12:36:43 [next_song:3] Prepared "/var/azuracast/stations/evangile_du_royaume/media/La bible/michée_003.mp3" (RID 175).
2026/09/02 12:38:45 [decoder:2] Decoding "/var/azuracast/stations/evangile_du_royaume/media/La bible/michée_003.mp3" ended: Ffmpeg_decoder.End_of_file.
2026/09/02 12:38:46 [next_song:3] Prepared "/var/azuracast/stations/evangile_du_royaume/media/La bible/michée_004.mp3" (RID 176).
2026/09/02 12:41:17 [decoder:2] Decoding "/var/azuracast/stations/evangile_du_royaume/media/La bible/michée_004.mp3" ended: Ffmpeg_decoder.End_of_file.
2026/09/02 12:41:17 [next_song:3] Prepared "/var/azuracast/stations/evangile_du_royaume/media/La bible/michée_005.mp3" (RID 177).
2026/09/02 12:43:34 [decoder:2] Decoding "/var/azuracast/stations/evangile_du_royaume/media/La bible/michée_005.mp3" ended: Ffmpeg_decoder.End_of_file.
2026/09/02 12:43:34 [next_song:3] Prepared "/var/azuracast/stations/evangile_du_royaume/media/La bible/michée_006.mp3" (RID 178).
2026/09/02 12:46:08 [decoder:2] Decoding "/var/azuracast/stations/evangile_du_royaume/media/La bible/michée_006.mp3" ended: Ffmpeg_decoder.End_of_file.
2026/09/02 12:46:09 [next_song:3] Prepared "/var/azuracast/stations/evangile_du_royaume/media/La bible/michée_007.mp3" (RID 179).
2026/09/02 12:49:32 [decoder:2] Decoding "/var/azuracast/stations/evangile_du_royaume/media/La bible/michée_007.mp3" ended: Ffmpeg_decoder.End_of_file.
2026/09/02 12:49:33 [next_song:3] Prepared "/var/azuracast/stations/evangile_du_royaume/media/La bible/osée_001.mp3" (RID 180).
2026/09/02 12:51:34 [decoder:2] Decoding "/var/azuracast/stations/evangile_du_royaume/media/La bible/osée_001.mp3" ended: Ffmpeg_decoder.End_of_file.
2026/09/02 12:51:34 [next_song:3] Prepared "/var/azuracast/stations/evangile_du_royaume/media/La bible/osée_002.mp3" (RID 181).
2026/09/02 12:55:00 [decoder:2] Decoding "/var/azuracast/stations/evangile_du_royaume/media/La bible/osée_002.mp3" ended: Ffmpeg_decoder.End_of_file.
2026/09/02 12:55:01 [next_song:3] Prepared "/var/azuracast/stations/evangile_du_royaume/media/La bible/osée_003.mp3" (RID 182).
2026/09/02 12:55:55 [decoder:2] Decoding "/var/azuracast/stations/evangile_du_royaume/media/La bible/osée_003.mp3" ended: Ffmpeg_decoder.End_of_file.
2026/09/02 12:55:55 [next_song:3] Prepared "/var/azuracast/stations/evangile_du_royaume/media/La bible/osée_004.mp3" (RID 183).
2026/09/02 12:58:49 [decoder:2] Decoding "/var/azuracast/stations/evangile_du_royaume/media/La bible/osée_004.mp3" ended: Ffmpeg_decoder.End_of_file.
2026/09/02 12:58:49 [next_song:3] Prepared "/var/azuracast/stations/evangile_du_royaume/media/La bible/osée_005.mp3" (RID 184).
2026/09/02 13:01:10 [decoder:2] Decoding "/var/azuracast/stations/evangile_du_royaume/media/La bible/osée_005.mp3" ended: Ffmpeg_decoder.End_of_file.
2026/09/02 13:01:10 [next_song:3] Prepared "/var/azuracast/stations/evangile_du_royaume/media/La bible/osée_006.mp3" (RID 185).
2026/09/02 13:02:39 [decoder:2] Decoding "/var/azuracast/stations/evangile_du_royaume/media/La bible/osée_006.mp3" ended: Ffmpeg_decoder.End_of_file.
2026/09/02 13:02:39 [next_song:3] Prepared "/var/azuracast/stations/evangile_du_royaume/media/La bible/osée_007.mp3" (RID 186).
2026/09/02 13:05:03 [decoder:2] Decoding "/var/azuracast/stations/evangile_du_royaume/media/La bible/osée_007.mp3" ended: Ffmpeg_decoder.End_of_file.
2026/09/02 13:05:04 [next_song:3] Prepared "/var/azuracast/stations/evangile_du_royaume/media/La bible/osée_008.mp3" (RID 187).
2026/09/02 13:07:07 [decoder:2] Decoding "/var/azuracast/stations/evangile_du_royaume/media/La bible/osée_008.mp3" ended: Ffmpeg_decoder.End_of_file.
2026/09/02 13:07:07 [next_song:3] Prepared "/var/azuracast/stations/evangile_du_royaume/media/La bible/osée_009.mp3" (RID 188).
2026/09/02 13:10:08 [decoder:2] Decoding "/var/azuracast/stations/evangile_du_royaume/media/La bible/osée_009.mp3" ended: Ffmpeg_decoder.End_of_file.
2026/09/02 13:10:09 [next_song:3] Prepared "/var/azuracast/stations/evangile_du_royaume/media/La bible/osée_010.mp3" (RID 189).
2026/09/02 13:12:42 [decoder:2] Decoding "/var/azuracast/stations/evangile_du_royaume/media/La bible/osée_010.mp3" ended: Ffmpeg_decoder.End_of_file.
2026/09/02 13:12:43 [next_song:3] Prepared "/var/azuracast/stations/evangile_du_royaume/media/La bible/osée_011.mp3" (RID 190).
2026/09/02 13:14:33 [decoder:2] Decoding "/var/azuracast/stations/evangile_du_royaume/media/La bible/osée_011.mp3" ended: Ffmpeg_decoder.End_of_file.
2026/09/02 13:14:34 [next_song:3] Prepared "/var/azuracast/stations/evangile_du_royaume/media/La bible/osée_012.mp3" (RID 191).
2026/09/02 13:16:35 [decoder:2] Decoding "/var/azuracast/stations/evangile_du_royaume/media/La bible/osée_012.mp3" ended: Ffmpeg_decoder.End_of_file.
2026/09/02 13:16:35 [next_song:3] Prepared "/var/azuracast/stations/evangile_du_royaume/media/La bible/osée_013.mp3" (RID 192).
2026/09/02 13:19:15 [decoder:2] Decoding "/var/azuracast/stations/evangile_du_royaume/media/La bible/osée_013.mp3" ended: Ffmpeg_decoder.End_of_file.
2026/09/02 13:19:16 [next_song:3] Prepared "/var/azuracast/stations/evangile_du_royaume/media/La bible/osée_014.mp3" (RID 193).
2026/09/02 13:20:50 [decoder:2] Decoding "/var/azuracast/stations/evangile_du_royaume/media/La bible/osée_014.mp3" ended: Ffmpeg_decoder.End_of_file.
2026/09/02 13:20:51 [next_song:3] Prepared "/var/azuracast/stations/evangile_du_royaume/media/La bible/jérémie_032.mp3" (RID 194).
2026/09/02 13:28:29 [decoder:2] Decoding "/var/azuracast/stations/evangile_du_royaume/media/La bible/jérémie_032.mp3" ended: Ffmpeg_decoder.End_of_file.
2026/09/02 13:28:30 [next_song:3] Prepared "/var/azuracast/stations/evangile_du_royaume/media/Jingle/jingle_avant_louange_07_voici_un_temps_de_louange.mp3" (RID 195).
2026/09/02 13:28:40 [decoder:2] Decoding "/var/azuracast/stations/evangile_du_royaume/media/Jingle/jingle_avant_louange_07_voici_un_temps_de_louange.mp3" ended: Ffmpeg_decoder.End_of_file.
2026/09/02 13:28:40 [next_song:3] Prepared "/var/azuracast/stations/evangile_du_royaume/media/Worship/69 - We Bless You Wonderful God  - Winnipeg Fellowship.mp3" (RID 196).
2026/09/02 13:35:41 [decoder:2] Decoding "/var/azuracast/stations/evangile_du_royaume/media/Worship/69 - We Bless You Wonderful God  - Winnipeg Fellowship.mp3" ended: Ffmpeg_decoder.End_of_file.
2026/09/02 13:35:41 [next_song:3] Prepared "/var/azuracast/stations/evangile_du_royaume/media/Cantiques du royaume/jean-chist_-_4_minutes.mp3" (RID 197).
2026/09/02 13:39:51 [decoder:2] Decoding "/var/azuracast/stations/evangile_du_royaume/media/Cantiques du royaume/jean-chist_-_4_minutes.mp3" ended: Ffmpeg_decoder.End_of_file.
2026/09/02 13:39:52 [next_song:3] Prepared "/var/azuracast/stations/evangile_du_royaume/media/Worship/66 - Victorious Is the Lamb - Winnipeg Fellowship.mp3" (RID 198).
2026/09/02 13:47:14 [decoder:2] Decoding "/var/azuracast/stations/evangile_du_royaume/media/Worship/66 - Victorious Is the Lamb - Winnipeg Fellowship.mp3" ended: Ffmpeg_decoder.End_of_file.
2026/09/02 13:47:14 [next_song:3] Prepared "/var/azuracast/stations/evangile_du_royaume/media/Worship/21 - I Choose the Way of the Lord - Abuja HF.mp3" (RID 199).
2026/09/02 13:51:19 [decoder:2] Decoding "/var/azuracast/stations/evangile_du_royaume/media/Worship/21 - I Choose the Way of the Lord - Abuja HF.mp3" ended: Ffmpeg_decoder.End_of_file.
2026/09/02 13:51:19 [next_song:3] Prepared "/var/azuracast/stations/evangile_du_royaume/media/Worship/59 - Ascribe Greatness - PHF.mp3" (RID 200).
2026/09/02 13:55:20 [decoder:2] Decoding "/var/azuracast/stations/evangile_du_royaume/media/Worship/59 - Ascribe Greatness - PHF.mp3" ended: Ffmpeg_decoder.End_of_file.
2026/09/02 13:55:20 [next_song:3] Prepared "/var/azuracast/stations/evangile_du_royaume/media/Cantiques du royaume/jean-christ_-_10_minutes.mp3" (RID 201).
2026/09/02 14:04:41 [decoder:2] Decoding "/var/azuracast/stations/evangile_du_royaume/media/Cantiques du royaume/jean-christ_-_10_minutes.mp3" ended: Ffmpeg_decoder.End_of_file.
2026/09/02 14:04:41 [next_song:3] Prepared "/var/azuracast/stations/evangile_du_royaume/media/Cantiques du royaume/Cantique - Je veux vivre ton royaume.mp3" (RID 202).
2026/09/02 14:09:23 [decoder:2] Decoding "/var/azuracast/stations/evangile_du_royaume/media/Cantiques du royaume/Cantique - Je veux vivre ton royaume.mp3" ended: Ffmpeg_decoder.End_of_file.
2026/09/02 14:09:23 [next_song:3] Prepared "/var/azuracast/stations/evangile_du_royaume/media/Worship/42 - God is Building - Will You Be - Ketu HF.mp3" (RID 203).
2026/09/02 14:13:54 [decoder:2] Decoding "/var/azuracast/stations/evangile_du_royaume/media/Worship/42 - God is Building - Will You Be - Ketu HF.mp3" ended: Ffmpeg_decoder.End_of_file.
2026/09/02 14:13:54 [next_song:3] Prepared "/var/azuracast/stations/evangile_du_royaume/media/Worship/39 - My Heart Rejoices - Toronto HF.mp3" (RID 204).
2026/09/02 14:22:12 [decoder:2] Decoding "/var/azuracast/stations/evangile_du_royaume/media/Worship/39 - My Heart Rejoices - Toronto HF.mp3" ended: Ffmpeg_decoder.End_of_file.
2026/09/02 14:22:13 [next_song:3] Prepared "/var/azuracast/stations/evangile_du_royaume/media/Worship/37 - The Lord on High is Mightier - Toronto HF.mp3" (RID 205).
2026/09/02 14:29:07 [decoder:2] Decoding "/var/azuracast/stations/evangile_du_royaume/media/Worship/37 - The Lord on High is Mightier - Toronto HF.mp3" ended: Ffmpeg_decoder.End_of_file.
2026/09/02 14:29:07 [next_song:3] Prepared "/var/azuracast/stations/evangile_du_royaume/media/Jingle/jingle_avant_bible_08_prenons_un_moment_pour_ecouter_la_parole.mp3" (RID 206).
2026/09/02 14:29:13 [decoder:2] Decoding "/var/azuracast/stations/evangile_du_royaume/media/Jingle/jingle_avant_bible_08_prenons_un_moment_pour_ecouter_la_parole.mp3" ended: Ffmpeg_decoder.End_of_file.
2026/09/02 14:29:14 [next_song:3] Prepared "/var/azuracast/stations/evangile_du_royaume/media/La bible/colossiens_001.mp3" (RID 207).
