2026/07/23 00:00:08 [clock.main:2] We must catchup 1.10 seconds!
2026/07/23 00:01:20 [lang:2] Could not perform http request: CurlException(Aborted_by_callback, 42, CURLE_ABORTED_BY_CALLBACK).
2026/07/23 00:01:20 [lang.deprecated:2] WARNING: "error.kind" is deprecated and will be removed in future version.
2026/07/23 00:01:20 [lang.deprecated:2] WARNING: "error.message" is deprecated and will be removed in future version.
2026/07/23 00:01:20 [lang:3] API djoff - Error: http - CurlException(Aborted_by_callback, 42, CURLE_ABORTED_BY_CALLBACK)
2026/07/23 00:01:20 [threads:2] Queue generic queue #2 crashed with exception Sys_error("Condition.wait: Operation not permitted")
2026/07/23 00:01:20 [threads:2] Raised by primitive operation at Duppy.queue.run in file "src/duppy.ml", line 341, characters 6-32
2026/07/23 00:01:20 [threads:2] Called from Duppy.queue in file "src/duppy.ml", line 357, characters 8-12
2026/07/23 00:01:20 [threads:2] Re-raised at Duppy.queue in file "src/duppy.ml", line 361, characters 8-17
2026/07/23 00:01:20 [threads:2] Called from Tutils.create.(fun).process in file "tools/tutils.ml", line 164, characters 12-15
2026/07/23 00:01:20 [threads:2] 
2026/07/23 00:01:20 [threads:1] PANIC: Liquidsoap has crashed, exiting.,
2026/07/23 00:01:20 [threads:1] Please report at: savonet-users@lists.sf.net
2026/07/23 00:01:26 [lang.deprecated:2] WARNING: "map_metadata" is deprecated and will be removed in future version. Please use "metadata.map" instead.
2026/07/23 00:01:26 [lang.deprecated:2] WARNING: "map_metadata" is deprecated and will be removed in future version. Please use "metadata.map" instead.
2026/07/23 00:01:26 [error_jingle:3] "/usr/local/share/icecast/web/error.mp3" is static, resolving once for all...
2026/07/23 00:01:26 [error_jingle:3] Prepared "/usr/local/share/icecast/web/error.mp3" (RID 6).
2026/07/23 00:01:26 [safe_fallback:3] Switch to error_jingle.
2026/07/23 00:01:26 [next_song:3] Prepared "/var/azuracast/stations/evangile_du_royaume/media/Jingle/jingle_avant_message_01_voici_le_message_du_jour.mp3" (RID 8).
2026/07/23 00:01:26 [safe_fallback:3] Switch to amplify_0 with transition.
2026/07/23 00:01:26 [live_fallback:3] Switch to cross_0.
2026/07/23 00:01:26 [interrupting_fallback:3] Switch to requests_fallback.
2026/07/23 00:01:26 [requests_fallback:3] Switch to autodj_fallback.
2026/07/23 00:01:26 [autodj_fallback:3] Switch to dynamic_startup.
2026/07/23 00:01:26 [dynamic_startup:3] Switch to cue_next_song.
2026/07/23 00:01:36 [decoder:2] Decoding "/var/azuracast/stations/evangile_du_royaume/media/Jingle/jingle_avant_message_01_voici_le_message_du_jour.mp3" ended: Ffmpeg_decoder.End_of_file.
2026/07/23 00:01:36 [next_song:3] Prepared "/var/azuracast/stations/evangile_du_royaume/media/Jingle/jingle_avant_message_01_voici_le_message_du_jour.mp3" (RID 14).
2026/07/23 00:01:46 [decoder:2] Decoding "/var/azuracast/stations/evangile_du_royaume/media/Jingle/jingle_avant_message_01_voici_le_message_du_jour.mp3" ended: Ffmpeg_decoder.End_of_file.
2026/07/23 00:01:47 [next_song:3] Prepared "/var/azuracast/stations/evangile_du_royaume/media/jingles_de_transition_1.mp3" (RID 15).
2026/07/23 00:03:22 [decoder:2] Decoding "/var/azuracast/stations/evangile_du_royaume/media/jingles_de_transition_1.mp3" ended: Ffmpeg_decoder.End_of_file.
2026/07/23 00:03:23 [next_song:3] Prepared "/var/azuracast/stations/evangile_du_royaume/media/2020_de_aud-20200824-wa0002_2.mp3" (RID 16).
2026/07/23 00:16:34 [decoder:2] Decoding "/var/azuracast/stations/evangile_du_royaume/media/2020_de_aud-20200824-wa0002_2.mp3" ended: Ffmpeg_decoder.End_of_file.
2026/07/23 00:16:35 [next_song:3] Prepared "/var/azuracast/stations/evangile_du_royaume/media/Jingle/jingle_avant_bible_08_prenons_un_moment_pour_ecouter_la_parole.mp3" (RID 17).
2026/07/23 00:16:41 [decoder:2] Decoding "/var/azuracast/stations/evangile_du_royaume/media/Jingle/jingle_avant_bible_08_prenons_un_moment_pour_ecouter_la_parole.mp3" ended: Ffmpeg_decoder.End_of_file.
2026/07/23 00:16:41 [next_song:3] Prepared "/var/azuracast/stations/evangile_du_royaume/media/La bible/1_samuel_001.mp3" (RID 18).
2026/07/23 00:21:17 [decoder:2] Decoding "/var/azuracast/stations/evangile_du_royaume/media/La bible/1_samuel_001.mp3" ended: Ffmpeg_decoder.End_of_file.
2026/07/23 00:21:17 [next_song:3] Prepared "/var/azuracast/stations/evangile_du_royaume/media/La bible/1_samuel_002.mp3" (RID 19).
2026/07/23 00:27:37 [decoder:2] Decoding "/var/azuracast/stations/evangile_du_royaume/media/La bible/1_samuel_002.mp3" ended: Ffmpeg_decoder.End_of_file.
2026/07/23 00:27:38 [next_song:3] Prepared "/var/azuracast/stations/evangile_du_royaume/media/La bible/1_samuel_003.mp3" (RID 20).
2026/07/23 00:31:04 [decoder:2] Decoding "/var/azuracast/stations/evangile_du_royaume/media/La bible/1_samuel_003.mp3" ended: Ffmpeg_decoder.End_of_file.
2026/07/23 00:31:04 [next_song:3] Prepared "/var/azuracast/stations/evangile_du_royaume/media/La bible/1_samuel_004.mp3" (RID 21).
2026/07/23 00:35:02 [decoder:2] Decoding "/var/azuracast/stations/evangile_du_royaume/media/La bible/1_samuel_004.mp3" ended: Ffmpeg_decoder.End_of_file.
2026/07/23 00:35:03 [next_song:3] Prepared "/var/azuracast/stations/evangile_du_royaume/media/La bible/1_samuel_005.mp3" (RID 22).
2026/07/23 00:37:24 [decoder:2] Decoding "/var/azuracast/stations/evangile_du_royaume/media/La bible/1_samuel_005.mp3" ended: Ffmpeg_decoder.End_of_file.
2026/07/23 00:37:25 [next_song:3] Prepared "/var/azuracast/stations/evangile_du_royaume/media/La bible/1_samuel_006.mp3" (RID 23).
2026/07/23 00:41:31 [decoder:2] Decoding "/var/azuracast/stations/evangile_du_royaume/media/La bible/1_samuel_006.mp3" ended: Ffmpeg_decoder.End_of_file.
2026/07/23 00:41:31 [next_song:3] Prepared "/var/azuracast/stations/evangile_du_royaume/media/La bible/1_samuel_007.mp3" (RID 24).
2026/07/23 00:44:19 [decoder:2] Decoding "/var/azuracast/stations/evangile_du_royaume/media/La bible/1_samuel_007.mp3" ended: Ffmpeg_decoder.End_of_file.
2026/07/23 00:44:20 [next_song:3] Prepared "/var/azuracast/stations/evangile_du_royaume/media/La bible/1_samuel_008.mp3" (RID 25).
2026/07/23 00:47:04 [decoder:2] Decoding "/var/azuracast/stations/evangile_du_royaume/media/La bible/1_samuel_008.mp3" ended: Ffmpeg_decoder.End_of_file.
2026/07/23 00:47:04 [next_song:3] Prepared "/var/azuracast/stations/evangile_du_royaume/media/La bible/1_samuel_009.mp3" (RID 26).
2026/07/23 00:52:20 [decoder:2] Decoding "/var/azuracast/stations/evangile_du_royaume/media/La bible/1_samuel_009.mp3" ended: Ffmpeg_decoder.End_of_file.
2026/07/23 00:52:20 [next_song:3] Prepared "/var/azuracast/stations/evangile_du_royaume/media/La bible/1_samuel_010.mp3" (RID 27).
2026/07/23 00:57:08 [decoder:2] Decoding "/var/azuracast/stations/evangile_du_royaume/media/La bible/1_samuel_010.mp3" ended: Ffmpeg_decoder.End_of_file.
2026/07/23 00:57:09 [next_song:3] Prepared "/var/azuracast/stations/evangile_du_royaume/media/La bible/1_samuel_011.mp3" (RID 28).
2026/07/23 00:59:56 [decoder:2] Decoding "/var/azuracast/stations/evangile_du_royaume/media/La bible/1_samuel_011.mp3" ended: Ffmpeg_decoder.End_of_file.
2026/07/23 00:59:56 [next_song:3] Prepared "/var/azuracast/stations/evangile_du_royaume/media/La bible/1_samuel_012.mp3" (RID 29).
2026/07/23 01:04:15 [decoder:2] Decoding "/var/azuracast/stations/evangile_du_royaume/media/La bible/1_samuel_012.mp3" ended: Ffmpeg_decoder.End_of_file.
2026/07/23 01:04:15 [next_song:3] Prepared "/var/azuracast/stations/evangile_du_royaume/media/La bible/1_samuel_013.mp3" (RID 30).
2026/07/23 01:08:03 [decoder:2] Decoding "/var/azuracast/stations/evangile_du_royaume/media/La bible/1_samuel_013.mp3" ended: Ffmpeg_decoder.End_of_file.
2026/07/23 01:08:03 [next_song:3] Prepared "/var/azuracast/stations/evangile_du_royaume/media/La bible/1_samuel_014.mp3" (RID 31).
2026/07/23 01:17:15 [decoder:2] Decoding "/var/azuracast/stations/evangile_du_royaume/media/La bible/1_samuel_014.mp3" ended: Ffmpeg_decoder.End_of_file.
2026/07/23 01:17:15 [next_song:3] Prepared "/var/azuracast/stations/evangile_du_royaume/media/Jingle/jingle_avant_louange_06_que_la_louange_seleve.mp3" (RID 32).
2026/07/23 01:17:22 [decoder:2] Decoding "/var/azuracast/stations/evangile_du_royaume/media/Jingle/jingle_avant_louange_06_que_la_louange_seleve.mp3" ended: Ffmpeg_decoder.End_of_file.
2026/07/23 01:17:23 [next_song:3] Prepared "/var/azuracast/stations/evangile_du_royaume/media/Worship/78 - Crown Him Lord of Lords - Nonso Njoku.mp3" (RID 33).
2026/07/23 01:23:22 [decoder:2] Decoding "/var/azuracast/stations/evangile_du_royaume/media/Worship/78 - Crown Him Lord of Lords - Nonso Njoku.mp3" ended: Ffmpeg_decoder.End_of_file.
2026/07/23 01:23:22 [next_song:3] Prepared "/var/azuracast/stations/evangile_du_royaume/media/Worship/47 - You Are the Captain of the Host - Toronto HF.mp3" (RID 34).
2026/07/23 01:26:17 [decoder:2] Decoding "/var/azuracast/stations/evangile_du_royaume/media/Worship/47 - You Are the Captain of the Host - Toronto HF.mp3" ended: Ffmpeg_decoder.End_of_file.
2026/07/23 01:26:17 [next_song:3] Prepared "/var/azuracast/stations/evangile_du_royaume/media/Cantiques du royaume/Cantique l_Éternel est mon Berger (1).mp3" (RID 35).
2026/07/23 01:31:57 [decoder:2] Decoding "/var/azuracast/stations/evangile_du_royaume/media/Cantiques du royaume/Cantique l_Éternel est mon Berger (1).mp3" ended: Ffmpeg_decoder.End_of_file.
2026/07/23 01:31:58 [next_song:3] Prepared "/var/azuracast/stations/evangile_du_royaume/media/Worship/33 - By the word of the lord - Ketu HF.mp3" (RID 36).
2026/07/23 01:37:16 [decoder:2] Decoding "/var/azuracast/stations/evangile_du_royaume/media/Worship/33 - By the word of the lord - Ketu HF.mp3" ended: Ffmpeg_decoder.End_of_file.
2026/07/23 01:37:17 [next_song:3] Prepared "/var/azuracast/stations/evangile_du_royaume/media/Cantiques du royaume/jean-christ_-_6_minutes.mp3" (RID 37).
2026/07/23 01:43:54 [decoder:2] Decoding "/var/azuracast/stations/evangile_du_royaume/media/Cantiques du royaume/jean-christ_-_6_minutes.mp3" ended: Ffmpeg_decoder.End_of_file.
2026/07/23 01:43:55 [next_song:3] Prepared "/var/azuracast/stations/evangile_du_royaume/media/Cantiques du royaume/cantique__nous_sommes_le_sel_de_la_terre.mp3" (RID 38).
2026/07/23 01:46:07 [decoder:2] Decoding "/var/azuracast/stations/evangile_du_royaume/media/Cantiques du royaume/cantique__nous_sommes_le_sel_de_la_terre.mp3" ended: Ffmpeg_decoder.End_of_file.
2026/07/23 01:46:08 [next_song:3] Prepared "/var/azuracast/stations/evangile_du_royaume/media/Worship/68 - Shine in Darkness O Lord  - Winnipeg Fellowship.mp3" (RID 39).
2026/07/23 01:56:29 [decoder:2] Decoding "/var/azuracast/stations/evangile_du_royaume/media/Worship/68 - Shine in Darkness O Lord  - Winnipeg Fellowship.mp3" ended: Ffmpeg_decoder.End_of_file.
2026/07/23 01:56:29 [next_song:3] Prepared "/var/azuracast/stations/evangile_du_royaume/media/Worship/27 - Forever You Reign - Abuja HF.mp3" (RID 40).
2026/07/23 02:02:15 [decoder:2] Decoding "/var/azuracast/stations/evangile_du_royaume/media/Worship/27 - Forever You Reign - Abuja HF.mp3" ended: Ffmpeg_decoder.End_of_file.
2026/07/23 02:02:15 [next_song:3] Prepared "/var/azuracast/stations/evangile_du_royaume/media/Cantiques du royaume/Cantique Jean 1- la Parole.mp3" (RID 41).
2026/07/23 02:05:22 [decoder:2] Decoding "/var/azuracast/stations/evangile_du_royaume/media/Cantiques du royaume/Cantique Jean 1- la Parole.mp3" ended: Ffmpeg_decoder.End_of_file.
2026/07/23 02:05:22 [next_song:3] Prepared "/var/azuracast/stations/evangile_du_royaume/media/Worship/55 - God's Got An Army - PHF.mp3" (RID 42).
2026/07/23 02:10:41 [decoder:2] Decoding "/var/azuracast/stations/evangile_du_royaume/media/Worship/55 - God's Got An Army - PHF.mp3" ended: Ffmpeg_decoder.End_of_file.
2026/07/23 02:10:42 [next_song:3] Prepared "/var/azuracast/stations/evangile_du_royaume/media/Worship/61 - Unto Him - CHF.mp3" (RID 43).
2026/07/23 02:16:58 [decoder:2] Decoding "/var/azuracast/stations/evangile_du_royaume/media/Worship/61 - Unto Him - CHF.mp3" ended: Ffmpeg_decoder.End_of_file.
2026/07/23 02:16:58 [next_song:3] Prepared "/var/azuracast/stations/evangile_du_royaume/media/Jingle/jingle_avant_bible_06_ouvrons_les_saintes_ecritures.mp3" (RID 44).
2026/07/23 02:17:06 [decoder:2] Decoding "/var/azuracast/stations/evangile_du_royaume/media/Jingle/jingle_avant_bible_06_ouvrons_les_saintes_ecritures.mp3" ended: Ffmpeg_decoder.End_of_file.
2026/07/23 02:17:06 [next_song:3] Prepared "/var/azuracast/stations/evangile_du_royaume/media/La bible/hébreux_008.mp3" (RID 45).
2026/07/23 02:19:48 [decoder:2] Decoding "/var/azuracast/stations/evangile_du_royaume/media/La bible/hébreux_008.mp3" ended: Ffmpeg_decoder.End_of_file.
2026/07/23 02:19:48 [next_song:3] Prepared "/var/azuracast/stations/evangile_du_royaume/media/La bible/hébreux_009.mp3" (RID 46).
2026/07/23 02:25:00 [decoder:2] Decoding "/var/azuracast/stations/evangile_du_royaume/media/La bible/hébreux_009.mp3" ended: Ffmpeg_decoder.End_of_file.
2026/07/23 02:25:00 [next_song:3] Prepared "/var/azuracast/stations/evangile_du_royaume/media/La bible/hébreux_010.mp3" (RID 47).
2026/07/23 02:30:26 [decoder:2] Decoding "/var/azuracast/stations/evangile_du_royaume/media/La bible/hébreux_010.mp3" ended: Ffmpeg_decoder.End_of_file.
2026/07/23 02:30:26 [next_song:3] Prepared "/var/azuracast/stations/evangile_du_royaume/media/La bible/hébreux_011.mp3" (RID 48).
2026/07/23 02:37:10 [decoder:2] Decoding "/var/azuracast/stations/evangile_du_royaume/media/La bible/hébreux_011.mp3" ended: Ffmpeg_decoder.End_of_file.
2026/07/23 02:37:11 [next_song:3] Prepared "/var/azuracast/stations/evangile_du_royaume/media/La bible/hébreux_012.mp3" (RID 49).
2026/07/23 02:42:12 [decoder:2] Decoding "/var/azuracast/stations/evangile_du_royaume/media/La bible/hébreux_012.mp3" ended: Ffmpeg_decoder.End_of_file.
2026/07/23 02:42:12 [next_song:3] Prepared "/var/azuracast/stations/evangile_du_royaume/media/La bible/hébreux_013.mp3" (RID 50).
2026/07/23 02:45:45 [decoder:2] Decoding "/var/azuracast/stations/evangile_du_royaume/media/La bible/hébreux_013.mp3" ended: Ffmpeg_decoder.End_of_file.
2026/07/23 02:45:46 [next_song:3] Prepared "/var/azuracast/stations/evangile_du_royaume/media/Jingle/jingle_avant_louange_05_elevons_nos_coeurs_vers_dieu.mp3" (RID 51).
2026/07/23 02:45:54 [decoder:2] Decoding "/var/azuracast/stations/evangile_du_royaume/media/Jingle/jingle_avant_louange_05_elevons_nos_coeurs_vers_dieu.mp3" ended: Ffmpeg_decoder.End_of_file.
2026/07/23 02:45:54 [next_song:3] Prepared "/var/azuracast/stations/evangile_du_royaume/media/Cantiques du royaume/cantique___il_s_est_lui-même_humilié.mp3" (RID 52).
2026/07/23 02:51:19 [decoder:2] Decoding "/var/azuracast/stations/evangile_du_royaume/media/Cantiques du royaume/cantique___il_s_est_lui-même_humilié.mp3" ended: Ffmpeg_decoder.End_of_file.
2026/07/23 02:51:20 [next_song:3] Prepared "/var/azuracast/stations/evangile_du_royaume/media/Worship/30 - Yeshua I'm Waiting for You  - Ketu HF.mp3" (RID 53).
2026/07/23 02:56:05 [decoder:2] Decoding "/var/azuracast/stations/evangile_du_royaume/media/Worship/30 - Yeshua I'm Waiting for You  - Ketu HF.mp3" ended: Ffmpeg_decoder.End_of_file.
2026/07/23 02:56:06 [next_song:3] Prepared "/var/azuracast/stations/evangile_du_royaume/media/Worship/79 - The Lord is my Light and Salvation - Nonso Njoku.mp3" (RID 54).
2026/07/23 02:59:06 [decoder:2] Decoding "/var/azuracast/stations/evangile_du_royaume/media/Worship/79 - The Lord is my Light and Salvation - Nonso Njoku.mp3" ended: Ffmpeg_decoder.End_of_file.
2026/07/23 02:59:07 [next_song:3] Prepared "/var/azuracast/stations/evangile_du_royaume/media/Worship/87 - We Shall Come - Asaba Fellowship.mp3" (RID 55).
2026/07/23 03:04:10 [decoder:2] Decoding "/var/azuracast/stations/evangile_du_royaume/media/Worship/87 - We Shall Come - Asaba Fellowship.mp3" ended: Ffmpeg_decoder.End_of_file.
2026/07/23 03:04:11 [next_song:3] Prepared "/var/azuracast/stations/evangile_du_royaume/media/Cantiques du royaume/cantique___prends_tout_le_contrôle.mp3" (RID 56).
2026/07/23 03:09:00 [decoder:2] Decoding "/var/azuracast/stations/evangile_du_royaume/media/Cantiques du royaume/cantique___prends_tout_le_contrôle.mp3" ended: Ffmpeg_decoder.End_of_file.
2026/07/23 03:09:01 [next_song:3] Prepared "/var/azuracast/stations/evangile_du_royaume/media/Worship/07 - Baruch Ha'ba B'Shem Adonai⧸Blessed Is He Who Comes in the Name of the Lord - Port Harcourt HF.mp3" (RID 57).
2026/07/23 03:19:33 [decoder:2] Decoding "/var/azuracast/stations/evangile_du_royaume/media/Worship/07 - Baruch Ha'ba B'Shem Adonai⧸Blessed Is He Who Comes in the Name of the Lord - Port Harcourt HF.mp3" ended: Ffmpeg_decoder.End_of_file.
2026/07/23 03:19:33 [next_song:3] Prepared "/var/azuracast/stations/evangile_du_royaume/media/Cantiques du royaume/Cantique-A jamais, tu seras l_Agneau de Dieu.mp3" (RID 58).
2026/07/23 03:28:45 [decoder:2] Decoding "/var/azuracast/stations/evangile_du_royaume/media/Cantiques du royaume/Cantique-A jamais, tu seras l_Agneau de Dieu.mp3" ended: Ffmpeg_decoder.End_of_file.
2026/07/23 03:28:45 [next_song:3] Prepared "/var/azuracast/stations/evangile_du_royaume/media/Worship/35 - God is Moving Us On - Ketu HF.mp3" (RID 59).
2026/07/23 03:33:34 [decoder:2] Decoding "/var/azuracast/stations/evangile_du_royaume/media/Worship/35 - God is Moving Us On - Ketu HF.mp3" ended: Ffmpeg_decoder.End_of_file.
2026/07/23 03:33:35 [next_song:3] Prepared "/var/azuracast/stations/evangile_du_royaume/media/Cantiques du royaume/6-_igwe.mp3" (RID 60).
2026/07/23 03:38:42 [decoder:2] Decoding "/var/azuracast/stations/evangile_du_royaume/media/Cantiques du royaume/6-_igwe.mp3" ended: Ffmpeg_decoder.End_of_file.
2026/07/23 03:38:43 [next_song:3] Prepared "/var/azuracast/stations/evangile_du_royaume/media/Worship/36 - Praise the Lord of Host - Toronto HF.mp3" (RID 61).
2026/07/23 03:45:10 [decoder:2] Decoding "/var/azuracast/stations/evangile_du_royaume/media/Worship/36 - Praise the Lord of Host - Toronto HF.mp3" ended: Ffmpeg_decoder.End_of_file.
2026/07/23 03:45:10 [next_song:3] Prepared "/var/azuracast/stations/evangile_du_royaume/media/Jingle/jingle_avant_bible_07_place_a_la_lecture_de_la_bible.mp3" (RID 62).
2026/07/23 03:45:20 [decoder:2] Decoding "/var/azuracast/stations/evangile_du_royaume/media/Jingle/jingle_avant_bible_07_place_a_la_lecture_de_la_bible.mp3" ended: Ffmpeg_decoder.End_of_file.
2026/07/23 03:45:21 [next_song:3] Prepared "/var/azuracast/stations/evangile_du_royaume/media/La bible/2_chroniques_033.mp3" (RID 63).
