2026/10/09 00:00:15 [clock.main:2] We must catchup 0.13 seconds!
2026/10/09 00:01:25 [lang.deprecated:2] WARNING: "map_metadata" is deprecated and will be removed in future version. Please use "metadata.map" instead.
2026/10/09 00:01:25 [lang.deprecated:2] WARNING: "map_metadata" is deprecated and will be removed in future version. Please use "metadata.map" instead.
2026/10/09 00:01:25 [error_jingle:3] "/usr/local/share/icecast/web/error.mp3" is static, resolving once for all...
2026/10/09 00:01:25 [error_jingle:3] Prepared "/usr/local/share/icecast/web/error.mp3" (RID 7).
2026/10/09 00:01:25 [safe_fallback:3] Switch to error_jingle.
2026/10/09 00:01:26 [next_song:3] Prepared "/var/azuracast/stations/evangile_du_royaume/media/Jingle/jingle_avant_message_01_voici_le_message_du_jour.mp3" (RID 9).
2026/10/09 00:01:26 [safe_fallback:3] Switch to amplify_0 with transition.
2026/10/09 00:01:26 [live_fallback:3] Switch to cross_0.
2026/10/09 00:01:26 [interrupting_fallback:3] Switch to requests_fallback.
2026/10/09 00:01:26 [requests_fallback:3] Switch to autodj_fallback.
2026/10/09 00:01:26 [autodj_fallback:3] Switch to dynamic_startup.
2026/10/09 00:01:26 [dynamic_startup:3] Switch to cue_next_song.
2026/10/09 00:01:35 [decoder:2] Decoding "/var/azuracast/stations/evangile_du_royaume/media/Jingle/jingle_avant_message_01_voici_le_message_du_jour.mp3" ended: Ffmpeg_decoder.End_of_file.
2026/10/09 00:01:36 [next_song:3] Prepared "/var/azuracast/stations/evangile_du_royaume/media/jingles_de_transition_3.mp3" (RID 16).
2026/10/09 00:03:48 [decoder:2] Decoding "/var/azuracast/stations/evangile_du_royaume/media/jingles_de_transition_3.mp3" ended: Ffmpeg_decoder.End_of_file.
2026/10/09 00:03:48 [next_song:3] Prepared "/var/azuracast/stations/evangile_du_royaume/media/À la conquête du royaume/acr__angora_en_ce_jour_là,_que_devrons-nous_faire_part_2.mp3" (RID 17).
2026/10/09 01:17:16 [decoder:2] Decoding "/var/azuracast/stations/evangile_du_royaume/media/À la conquête du royaume/acr__angora_en_ce_jour_là,_que_devrons-nous_faire_part_2.mp3" ended: Ffmpeg_decoder.End_of_file.
2026/10/09 01:17:17 [next_song:3] Prepared "/var/azuracast/stations/evangile_du_royaume/media/Jingle/jingle_avant_bible_07_place_a_la_lecture_de_la_bible.mp3" (RID 18).
2026/10/09 01:17:30 [decoder:2] Decoding "/var/azuracast/stations/evangile_du_royaume/media/Jingle/jingle_avant_bible_07_place_a_la_lecture_de_la_bible.mp3" ended: Ffmpeg_decoder.End_of_file.
2026/10/09 01:17:30 [next_song:3] Prepared "/var/azuracast/stations/evangile_du_royaume/media/La bible/2_samuel_024.mp3" (RID 19).
2026/10/09 01:22:25 [decoder:2] Decoding "/var/azuracast/stations/evangile_du_royaume/media/La bible/2_samuel_024.mp3" ended: Ffmpeg_decoder.End_of_file.
2026/10/09 01:22:26 [next_song:3] Prepared "/var/azuracast/stations/evangile_du_royaume/media/La bible/2_rois_016.mp3" (RID 20).
2026/10/09 01:26:04 [decoder:2] Decoding "/var/azuracast/stations/evangile_du_royaume/media/La bible/2_rois_016.mp3" ended: Ffmpeg_decoder.End_of_file.
2026/10/09 01:26:05 [next_song:3] Prepared "/var/azuracast/stations/evangile_du_royaume/media/La bible/2_rois_017.mp3" (RID 21).
2026/10/09 01:33:19 [decoder:2] Decoding "/var/azuracast/stations/evangile_du_royaume/media/La bible/2_rois_017.mp3" ended: Ffmpeg_decoder.End_of_file.
2026/10/09 01:33:19 [next_song:3] Prepared "/var/azuracast/stations/evangile_du_royaume/media/La bible/2_rois_018.mp3" (RID 22).
2026/10/09 01:40:31 [decoder:2] Decoding "/var/azuracast/stations/evangile_du_royaume/media/La bible/2_rois_018.mp3" ended: Ffmpeg_decoder.End_of_file.
2026/10/09 01:40:32 [next_song:3] Prepared "/var/azuracast/stations/evangile_du_royaume/media/La bible/2_rois_019.mp3" (RID 23).
2026/10/09 01:47:32 [decoder:2] Decoding "/var/azuracast/stations/evangile_du_royaume/media/La bible/2_rois_019.mp3" ended: Ffmpeg_decoder.End_of_file.
2026/10/09 01:47:32 [next_song:3] Prepared "/var/azuracast/stations/evangile_du_royaume/media/La bible/2_rois_020.mp3" (RID 24).
2026/10/09 01:51:35 [decoder:2] Decoding "/var/azuracast/stations/evangile_du_royaume/media/La bible/2_rois_020.mp3" ended: Ffmpeg_decoder.End_of_file.
2026/10/09 01:51:35 [next_song:3] Prepared "/var/azuracast/stations/evangile_du_royaume/media/La bible/2_rois_021.mp3" (RID 25).
2026/10/09 01:55:43 [decoder:2] Decoding "/var/azuracast/stations/evangile_du_royaume/media/La bible/2_rois_021.mp3" ended: Ffmpeg_decoder.End_of_file.
2026/10/09 01:55:44 [next_song:3] Prepared "/var/azuracast/stations/evangile_du_royaume/media/La bible/2_rois_022.mp3" (RID 26).
2026/10/09 01:59:43 [decoder:2] Decoding "/var/azuracast/stations/evangile_du_royaume/media/La bible/2_rois_022.mp3" ended: Ffmpeg_decoder.End_of_file.
2026/10/09 01:59:43 [next_song:3] Prepared "/var/azuracast/stations/evangile_du_royaume/media/La bible/2_rois_023.mp3" (RID 27).
2026/10/09 02:07:31 [decoder:2] Decoding "/var/azuracast/stations/evangile_du_royaume/media/La bible/2_rois_023.mp3" ended: Ffmpeg_decoder.End_of_file.
2026/10/09 02:07:32 [next_song:3] Prepared "/var/azuracast/stations/evangile_du_royaume/media/Jingle/jingle_avant_louange_06_que_la_louange_seleve.mp3" (RID 28).
2026/10/09 02:07:42 [decoder:2] Decoding "/var/azuracast/stations/evangile_du_royaume/media/Jingle/jingle_avant_louange_06_que_la_louange_seleve.mp3" ended: Ffmpeg_decoder.End_of_file.
2026/10/09 02:07:43 [next_song:3] Prepared "/var/azuracast/stations/evangile_du_royaume/media/Cantiques du royaume/cantique__ta_bonte.mp3" (RID 29).
2026/10/09 02:13:46 [decoder:2] Decoding "/var/azuracast/stations/evangile_du_royaume/media/Cantiques du royaume/cantique__ta_bonte.mp3" ended: Ffmpeg_decoder.End_of_file.
2026/10/09 02:13:47 [next_song:3] Prepared "/var/azuracast/stations/evangile_du_royaume/media/Worship/67 - My God Is Good - Winnipeg Fellowship.mp3" (RID 30).
2026/10/09 02:20:53 [decoder:2] Decoding "/var/azuracast/stations/evangile_du_royaume/media/Worship/67 - My God Is Good - Winnipeg Fellowship.mp3" ended: Ffmpeg_decoder.End_of_file.
2026/10/09 02:20:53 [next_song:3] Prepared "/var/azuracast/stations/evangile_du_royaume/media/Worship/57 - Holy Are You - PHF.mp3" (RID 31).
2026/10/09 02:31:16 [decoder:2] Decoding "/var/azuracast/stations/evangile_du_royaume/media/Worship/57 - Holy Are You - PHF.mp3" ended: Ffmpeg_decoder.End_of_file.
2026/10/09 02:31:16 [next_song:3] Prepared "/var/azuracast/stations/evangile_du_royaume/media/SWBN Lead Concert Live Worship/04 - The King is Here (Abasiama Timothy).mp3" (RID 32).
2026/10/09 02:37:25 [decoder:2] Decoding "/var/azuracast/stations/evangile_du_royaume/media/SWBN Lead Concert Live Worship/04 - The King is Here (Abasiama Timothy).mp3" ended: Ffmpeg_decoder.End_of_file.
2026/10/09 02:37:26 [next_song:3] Prepared "/var/azuracast/stations/evangile_du_royaume/media/Worship/87 - We Shall Come - Asaba Fellowship.mp3" (RID 33).
2026/10/09 02:42:29 [decoder:2] Decoding "/var/azuracast/stations/evangile_du_royaume/media/Worship/87 - We Shall Come - Asaba Fellowship.mp3" ended: Ffmpeg_decoder.End_of_file.
2026/10/09 02:42:30 [next_song:3] Prepared "/var/azuracast/stations/evangile_du_royaume/media/Worship/39 - My Heart Rejoices - Toronto HF.mp3" (RID 34).
2026/10/09 02:50:48 [decoder:2] Decoding "/var/azuracast/stations/evangile_du_royaume/media/Worship/39 - My Heart Rejoices - Toronto HF.mp3" ended: Ffmpeg_decoder.End_of_file.
2026/10/09 02:50:48 [next_song:3] Prepared "/var/azuracast/stations/evangile_du_royaume/media/Worship/89 - I Know The Blood - PHF.mp3" (RID 35).
2026/10/09 02:55:04 [decoder:2] Decoding "/var/azuracast/stations/evangile_du_royaume/media/Worship/89 - I Know The Blood - PHF.mp3" ended: Ffmpeg_decoder.End_of_file.
2026/10/09 02:55:05 [next_song:3] Prepared "/var/azuracast/stations/evangile_du_royaume/media/Worship/17 - Where Two or Three are Gathered - Calabar HF.mp3" (RID 36).
2026/10/09 03:00:53 [decoder:2] Decoding "/var/azuracast/stations/evangile_du_royaume/media/Worship/17 - Where Two or Three are Gathered - Calabar HF.mp3" ended: Ffmpeg_decoder.End_of_file.
2026/10/09 03:00:53 [next_song:3] Prepared "/var/azuracast/stations/evangile_du_royaume/media/Jingle/jingle_avant_bible_06_ouvrons_les_saintes_ecritures.mp3" (RID 37).
2026/10/09 03:01:04 [decoder:2] Decoding "/var/azuracast/stations/evangile_du_royaume/media/Jingle/jingle_avant_bible_06_ouvrons_les_saintes_ecritures.mp3" ended: Ffmpeg_decoder.End_of_file.
2026/10/09 03:01:04 [next_song:3] Prepared "/var/azuracast/stations/evangile_du_royaume/media/La bible/juges_008.mp3" (RID 38).
2026/10/09 03:06:43 [decoder:2] Decoding "/var/azuracast/stations/evangile_du_royaume/media/La bible/juges_008.mp3" ended: Ffmpeg_decoder.End_of_file.
2026/10/09 03:06:44 [next_song:3] Prepared "/var/azuracast/stations/evangile_du_royaume/media/La bible/juges_009.mp3" (RID 39).
2026/10/09 03:16:29 [decoder:2] Decoding "/var/azuracast/stations/evangile_du_royaume/media/La bible/juges_009.mp3" ended: Ffmpeg_decoder.End_of_file.
2026/10/09 03:16:29 [next_song:3] Prepared "/var/azuracast/stations/evangile_du_royaume/media/La bible/juges_010.mp3" (RID 40).
2026/10/09 03:19:15 [decoder:2] Decoding "/var/azuracast/stations/evangile_du_royaume/media/La bible/juges_010.mp3" ended: Ffmpeg_decoder.End_of_file.
2026/10/09 03:19:15 [next_song:3] Prepared "/var/azuracast/stations/evangile_du_royaume/media/La bible/juges_011.mp3" (RID 41).
2026/10/09 03:26:14 [decoder:2] Decoding "/var/azuracast/stations/evangile_du_royaume/media/La bible/juges_011.mp3" ended: Ffmpeg_decoder.End_of_file.
2026/10/09 03:26:14 [next_song:3] Prepared "/var/azuracast/stations/evangile_du_royaume/media/Jingle/jingle_avant_louange_05_elevons_nos_coeurs_vers_dieu.mp3" (RID 42).
2026/10/09 03:26:25 [decoder:2] Decoding "/var/azuracast/stations/evangile_du_royaume/media/Jingle/jingle_avant_louange_05_elevons_nos_coeurs_vers_dieu.mp3" ended: Ffmpeg_decoder.End_of_file.
2026/10/09 03:26:26 [next_song:3] Prepared "/var/azuracast/stations/evangile_du_royaume/media/Worship/01 - There Is Forgiveness In Thee - SWBN TV.mp3" (RID 43).
2026/10/09 03:32:30 [decoder:2] Decoding "/var/azuracast/stations/evangile_du_royaume/media/Worship/01 - There Is Forgiveness In Thee - SWBN TV.mp3" ended: Ffmpeg_decoder.End_of_file.
2026/10/09 03:32:30 [next_song:3] Prepared "/var/azuracast/stations/evangile_du_royaume/media/Cantiques du royaume/Cantique Jahweh, Tu es élevé au dessus de tout (1).mp3" (RID 44).
2026/10/09 03:37:20 [decoder:2] Decoding "/var/azuracast/stations/evangile_du_royaume/media/Cantiques du royaume/Cantique Jahweh, Tu es élevé au dessus de tout (1).mp3" ended: Ffmpeg_decoder.End_of_file.
2026/10/09 03:37:21 [next_song:3] Prepared "/var/azuracast/stations/evangile_du_royaume/media/Cantiques du royaume/Cantique - Je veux vivre ton royaume.mp3" (RID 45).
2026/10/09 03:42:02 [decoder:2] Decoding "/var/azuracast/stations/evangile_du_royaume/media/Cantiques du royaume/Cantique - Je veux vivre ton royaume.mp3" ended: Ffmpeg_decoder.End_of_file.
2026/10/09 03:42:03 [next_song:3] Prepared "/var/azuracast/stations/evangile_du_royaume/media/Worship/88 - Good God - Asaba Fellowship.mp3" (RID 46).
2026/10/09 03:48:05 [decoder:2] Decoding "/var/azuracast/stations/evangile_du_royaume/media/Worship/88 - Good God - Asaba Fellowship.mp3" ended: Ffmpeg_decoder.End_of_file.
2026/10/09 03:48:06 [next_song:3] Prepared "/var/azuracast/stations/evangile_du_royaume/media/Cantiques du royaume/jean-chist_-_4_minutes.mp3" (RID 47).
2026/10/09 03:52:16 [decoder:2] Decoding "/var/azuracast/stations/evangile_du_royaume/media/Cantiques du royaume/jean-chist_-_4_minutes.mp3" ended: Ffmpeg_decoder.End_of_file.
2026/10/09 03:52:16 [next_song:3] Prepared "/var/azuracast/stations/evangile_du_royaume/media/SWBN Lead Concert Live Worship/09 - Not Naked (Abasiama Timothy).mp3" (RID 48).
2026/10/09 03:58:06 [decoder:2] Decoding "/var/azuracast/stations/evangile_du_royaume/media/SWBN Lead Concert Live Worship/09 - Not Naked (Abasiama Timothy).mp3" ended: Ffmpeg_decoder.End_of_file.
2026/10/09 03:58:06 [next_song:3] Prepared "/var/azuracast/stations/evangile_du_royaume/media/Worship/46 - Praise the Lord All Ye Nations - Toronto HF.mp3" (RID 49).
2026/10/09 04:04:15 [decoder:2] Decoding "/var/azuracast/stations/evangile_du_royaume/media/Worship/46 - Praise the Lord All Ye Nations - Toronto HF.mp3" ended: Ffmpeg_decoder.End_of_file.
2026/10/09 04:04:16 [next_song:3] Prepared "/var/azuracast/stations/evangile_du_royaume/media/Worship/32 - There is A Mighty River Flowing - Ketu HF.mp3" (RID 50).
2026/10/09 04:11:21 [decoder:2] Decoding "/var/azuracast/stations/evangile_du_royaume/media/Worship/32 - There is A Mighty River Flowing - Ketu HF.mp3" ended: Ffmpeg_decoder.End_of_file.
2026/10/09 04:11:22 [next_song:3] Prepared "/var/azuracast/stations/evangile_du_royaume/media/Worship/41 - Abba, Singing a, I Will Sing - Ketu HF.mp3" (RID 51).
2026/10/09 04:22:06 [decoder:2] Decoding "/var/azuracast/stations/evangile_du_royaume/media/Worship/41 - Abba, Singing a, I Will Sing - Ketu HF.mp3" ended: Ffmpeg_decoder.End_of_file.
2026/10/09 04:22:06 [next_song:3] Prepared "/var/azuracast/stations/evangile_du_royaume/media/Jingle/jingle_avant_bible_08_prenons_un_moment_pour_ecouter_la_parole.mp3" (RID 52).
2026/10/09 04:22:16 [decoder:2] Decoding "/var/azuracast/stations/evangile_du_royaume/media/Jingle/jingle_avant_bible_08_prenons_un_moment_pour_ecouter_la_parole.mp3" ended: Ffmpeg_decoder.End_of_file.
2026/10/09 04:22:16 [next_song:3] Prepared "/var/azuracast/stations/evangile_du_royaume/media/La bible/esdras_001.mp3" (RID 53).
2026/10/09 04:24:08 [decoder:2] Decoding "/var/azuracast/stations/evangile_du_royaume/media/La bible/esdras_001.mp3" ended: Ffmpeg_decoder.End_of_file.
2026/10/09 04:24:08 [next_song:3] Prepared "/var/azuracast/stations/evangile_du_royaume/media/La bible/esdras_002.mp3" (RID 54).
2026/10/09 04:30:16 [decoder:2] Decoding "/var/azuracast/stations/evangile_du_royaume/media/La bible/esdras_002.mp3" ended: Ffmpeg_decoder.End_of_file.
2026/10/09 04:30:16 [next_song:3] Prepared "/var/azuracast/stations/evangile_du_royaume/media/La bible/esdras_003.mp3" (RID 55).
2026/10/09 04:33:10 [decoder:2] Decoding "/var/azuracast/stations/evangile_du_royaume/media/La bible/esdras_003.mp3" ended: Ffmpeg_decoder.End_of_file.
2026/10/09 04:33:10 [next_song:3] Prepared "/var/azuracast/stations/evangile_du_royaume/media/La bible/esdras_004.mp3" (RID 56).
2026/10/09 04:37:31 [decoder:2] Decoding "/var/azuracast/stations/evangile_du_royaume/media/La bible/esdras_004.mp3" ended: Ffmpeg_decoder.End_of_file.
2026/10/09 04:37:32 [next_song:3] Prepared "/var/azuracast/stations/evangile_du_royaume/media/La bible/esdras_005.mp3" (RID 57).
2026/10/09 04:40:37 [decoder:2] Decoding "/var/azuracast/stations/evangile_du_royaume/media/La bible/esdras_005.mp3" ended: Ffmpeg_decoder.End_of_file.
2026/10/09 04:40:37 [next_song:3] Prepared "/var/azuracast/stations/evangile_du_royaume/media/La bible/esdras_006.mp3" (RID 58).
2026/10/09 04:44:46 [decoder:2] Decoding "/var/azuracast/stations/evangile_du_royaume/media/La bible/esdras_006.mp3" ended: Ffmpeg_decoder.End_of_file.
2026/10/09 04:44:47 [next_song:3] Prepared "/var/azuracast/stations/evangile_du_royaume/media/La bible/esdras_007.mp3" (RID 59).
2026/10/09 04:49:18 [decoder:2] Decoding "/var/azuracast/stations/evangile_du_royaume/media/La bible/esdras_007.mp3" ended: Ffmpeg_decoder.End_of_file.
2026/10/09 04:49:18 [next_song:3] Prepared "/var/azuracast/stations/evangile_du_royaume/media/La bible/esdras_008.mp3" (RID 60).
2026/10/09 04:54:57 [decoder:2] Decoding "/var/azuracast/stations/evangile_du_royaume/media/La bible/esdras_008.mp3" ended: Ffmpeg_decoder.End_of_file.
2026/10/09 04:54:58 [next_song:3] Prepared "/var/azuracast/stations/evangile_du_royaume/media/La bible/esdras_009.mp3" (RID 61).
2026/10/09 04:58:29 [decoder:2] Decoding "/var/azuracast/stations/evangile_du_royaume/media/La bible/esdras_009.mp3" ended: Ffmpeg_decoder.End_of_file.
2026/10/09 04:58:30 [next_song:3] Prepared "/var/azuracast/stations/evangile_du_royaume/media/Jingle/jingle_avant_louange_07_voici_un_temps_de_louange.mp3" (RID 62).
2026/10/09 04:58:43 [decoder:2] Decoding "/var/azuracast/stations/evangile_du_royaume/media/Jingle/jingle_avant_louange_07_voici_un_temps_de_louange.mp3" ended: Ffmpeg_decoder.End_of_file.
2026/10/09 04:58:43 [next_song:3] Prepared "/var/azuracast/stations/evangile_du_royaume/media/Worship/71 - In the Day of Your Power  - Winnipeg Fellowship.mp3" (RID 63).
2026/10/09 05:07:01 [decoder:2] Decoding "/var/azuracast/stations/evangile_du_royaume/media/Worship/71 - In the Day of Your Power  - Winnipeg Fellowship.mp3" ended: Ffmpeg_decoder.End_of_file.
2026/10/09 05:07:02 [next_song:3] Prepared "/var/azuracast/stations/evangile_du_royaume/media/Worship/18 - El Elyon - Toronto & Winnipeg HF.mp3" (RID 64).
2026/10/09 05:15:56 [decoder:2] Decoding "/var/azuracast/stations/evangile_du_royaume/media/Worship/18 - El Elyon - Toronto & Winnipeg HF.mp3" ended: Ffmpeg_decoder.End_of_file.
2026/10/09 05:15:57 [next_song:3] Prepared "/var/azuracast/stations/evangile_du_royaume/media/Worship/61 - Unto Him - CHF.mp3" (RID 65).
2026/10/09 05:22:13 [decoder:2] Decoding "/var/azuracast/stations/evangile_du_royaume/media/Worship/61 - Unto Him - CHF.mp3" ended: Ffmpeg_decoder.End_of_file.
2026/10/09 05:22:14 [next_song:3] Prepared "/var/azuracast/stations/evangile_du_royaume/media/Cantiques du royaume/7-_gael_adorons_léternel.mp3" (RID 66).
2026/10/09 05:25:52 [decoder:2] Decoding "/var/azuracast/stations/evangile_du_royaume/media/Cantiques du royaume/7-_gael_adorons_léternel.mp3" ended: Ffmpeg_decoder.End_of_file.
2026/10/09 05:25:53 [next_song:3] Prepared "/var/azuracast/stations/evangile_du_royaume/media/Worship/43 - The Mountains, Come and, Oh City - Ketu HF.mp3" (RID 67).
2026/10/09 05:34:14 [decoder:2] Decoding "/var/azuracast/stations/evangile_du_royaume/media/Worship/43 - The Mountains, Come and, Oh City - Ketu HF.mp3" ended: Ffmpeg_decoder.End_of_file.
2026/10/09 05:34:15 [next_song:3] Prepared "/var/azuracast/stations/evangile_du_royaume/media/Worship/22 - Holy Holy - Abuja HF.mp3" (RID 68).
2026/10/09 05:42:43 [decoder:2] Decoding "/var/azuracast/stations/evangile_du_royaume/media/Worship/22 - Holy Holy - Abuja HF.mp3" ended: Ffmpeg_decoder.End_of_file.
2026/10/09 05:42:43 [next_song:3] Prepared "/var/azuracast/stations/evangile_du_royaume/media/SWBN Lead Concert Live Worship/06 - Yahweh is Mighty (Imah Adegoke).mp3" (RID 69).
2026/10/09 05:50:38 [decoder:2] Decoding "/var/azuracast/stations/evangile_du_royaume/media/SWBN Lead Concert Live Worship/06 - Yahweh is Mighty (Imah Adegoke).mp3" ended: Ffmpeg_decoder.End_of_file.
2026/10/09 05:50:38 [next_song:3] Prepared "/var/azuracast/stations/evangile_du_royaume/media/Jingle/jingle_id_station_01_la_bonne_nouvelle_partout.mp3" (RID 70).
2026/10/09 05:50:47 [decoder:2] Decoding "/var/azuracast/stations/evangile_du_royaume/media/Jingle/jingle_id_station_01_la_bonne_nouvelle_partout.mp3" ended: Ffmpeg_decoder.End_of_file.
2026/10/09 05:50:48 [next_song:3] Prepared "/var/azuracast/stations/evangile_du_royaume/media/La bible/1_corinthiens_006.mp3" (RID 71).
2026/10/09 05:54:04 [decoder:2] Decoding "/var/azuracast/stations/evangile_du_royaume/media/La bible/1_corinthiens_006.mp3" ended: Ffmpeg_decoder.End_of_file.
2026/10/09 05:54:04 [next_song:3] Prepared "/var/azuracast/stations/evangile_du_royaume/media/La bible/1_corinthiens_007.mp3" (RID 72).
2026/10/09 06:00:30 [decoder:2] Decoding "/var/azuracast/stations/evangile_du_royaume/media/La bible/1_corinthiens_007.mp3" ended: Ffmpeg_decoder.End_of_file.
2026/10/09 06:00:30 [next_song:3] Prepared "/var/azuracast/stations/evangile_du_royaume/media/Jingle/jingle_avant_message_05_vous_etes_a_lecoute_de_levangile_du_royaume.mp3" (RID 73).
2026/10/09 06:00:41 [decoder:2] Decoding "/var/azuracast/stations/evangile_du_royaume/media/Jingle/jingle_avant_message_05_vous_etes_a_lecoute_de_levangile_du_royaume.mp3" ended: Ffmpeg_decoder.End_of_file.
2026/10/09 06:00:42 [next_song:3] Prepared "/var/azuracast/stations/evangile_du_royaume/media/À la conquête du royaume/acr__angora_en_ce_jour_là,_que_devrons-nous_faire_part_2.mp3" (RID 74).
2026/10/09 07:14:09 [decoder:2] Decoding "/var/azuracast/stations/evangile_du_royaume/media/À la conquête du royaume/acr__angora_en_ce_jour_là,_que_devrons-nous_faire_part_2.mp3" ended: Ffmpeg_decoder.End_of_file.
2026/10/09 07:14:10 [next_song:3] Prepared "/var/azuracast/stations/evangile_du_royaume/media/Jingle/jingle_avant_bible_06_ouvrons_les_saintes_ecritures.mp3" (RID 75).
2026/10/09 07:14:20 [decoder:2] Decoding "/var/azuracast/stations/evangile_du_royaume/media/Jingle/jingle_avant_bible_06_ouvrons_les_saintes_ecritures.mp3" ended: Ffmpeg_decoder.End_of_file.
2026/10/09 07:14:21 [next_song:3] Prepared "/var/azuracast/stations/evangile_du_royaume/media/La bible/philémon_001.mp3" (RID 76).
2026/10/09 07:17:17 [decoder:2] Decoding "/var/azuracast/stations/evangile_du_royaume/media/La bible/philémon_001.mp3" ended: Ffmpeg_decoder.End_of_file.
2026/10/09 07:17:17 [next_song:3] Prepared "/var/azuracast/stations/evangile_du_royaume/media/La bible/cantique_des_cantiques_001.mp3" (RID 77).
2026/10/09 07:19:40 [decoder:2] Decoding "/var/azuracast/stations/evangile_du_royaume/media/La bible/cantique_des_cantiques_001.mp3" ended: Ffmpeg_decoder.End_of_file.
2026/10/09 07:19:40 [next_song:3] Prepared "/var/azuracast/stations/evangile_du_royaume/media/La bible/cantique_des_cantiques_002.mp3" (RID 78).
2026/10/09 07:22:09 [decoder:2] Decoding "/var/azuracast/stations/evangile_du_royaume/media/La bible/cantique_des_cantiques_002.mp3" ended: Ffmpeg_decoder.End_of_file.
2026/10/09 07:22:09 [next_song:3] Prepared "/var/azuracast/stations/evangile_du_royaume/media/La bible/cantique_des_cantiques_003.mp3" (RID 79).
2026/10/09 07:24:00 [decoder:2] Decoding "/var/azuracast/stations/evangile_du_royaume/media/La bible/cantique_des_cantiques_003.mp3" ended: Ffmpeg_decoder.End_of_file.
2026/10/09 07:24:00 [next_song:3] Prepared "/var/azuracast/stations/evangile_du_royaume/media/La bible/cantique_des_cantiques_004.mp3" (RID 80).
2026/10/09 07:26:47 [decoder:2] Decoding "/var/azuracast/stations/evangile_du_royaume/media/La bible/cantique_des_cantiques_004.mp3" ended: Ffmpeg_decoder.End_of_file.
2026/10/09 07:26:47 [next_song:3] Prepared "/var/azuracast/stations/evangile_du_royaume/media/La bible/cantique_des_cantiques_005.mp3" (RID 81).
2026/10/09 07:29:39 [decoder:2] Decoding "/var/azuracast/stations/evangile_du_royaume/media/La bible/cantique_des_cantiques_005.mp3" ended: Ffmpeg_decoder.End_of_file.
2026/10/09 07:29:39 [next_song:3] Prepared "/var/azuracast/stations/evangile_du_royaume/media/La bible/cantique_des_cantiques_006.mp3" (RID 82).
2026/10/09 07:31:42 [decoder:2] Decoding "/var/azuracast/stations/evangile_du_royaume/media/La bible/cantique_des_cantiques_006.mp3" ended: Ffmpeg_decoder.End_of_file.
2026/10/09 07:31:42 [next_song:3] Prepared "/var/azuracast/stations/evangile_du_royaume/media/La bible/cantique_des_cantiques_007.mp3" (RID 83).
2026/10/09 07:33:36 [decoder:2] Decoding "/var/azuracast/stations/evangile_du_royaume/media/La bible/cantique_des_cantiques_007.mp3" ended: Ffmpeg_decoder.End_of_file.
2026/10/09 07:33:36 [next_song:3] Prepared "/var/azuracast/stations/evangile_du_royaume/media/La bible/cantique_des_cantiques_008.mp3" (RID 84).
2026/10/09 07:36:02 [decoder:2] Decoding "/var/azuracast/stations/evangile_du_royaume/media/La bible/cantique_des_cantiques_008.mp3" ended: Ffmpeg_decoder.End_of_file.
2026/10/09 07:36:03 [next_song:3] Prepared "/var/azuracast/stations/evangile_du_royaume/media/La bible/amos_001.mp3" (RID 85).
2026/10/09 07:38:40 [decoder:2] Decoding "/var/azuracast/stations/evangile_du_royaume/media/La bible/amos_001.mp3" ended: Ffmpeg_decoder.End_of_file.
2026/10/09 07:38:40 [next_song:3] Prepared "/var/azuracast/stations/evangile_du_royaume/media/La bible/amos_002.mp3" (RID 86).
2026/10/09 07:41:08 [decoder:2] Decoding "/var/azuracast/stations/evangile_du_royaume/media/La bible/amos_002.mp3" ended: Ffmpeg_decoder.End_of_file.
2026/10/09 07:41:08 [next_song:3] Prepared "/var/azuracast/stations/evangile_du_royaume/media/La bible/amos_003.mp3" (RID 87).
2026/10/09 07:43:24 [decoder:2] Decoding "/var/azuracast/stations/evangile_du_royaume/media/La bible/amos_003.mp3" ended: Ffmpeg_decoder.End_of_file.
2026/10/09 07:43:25 [next_song:3] Prepared "/var/azuracast/stations/evangile_du_royaume/media/La bible/amos_004.mp3" (RID 88).
2026/10/09 07:46:05 [decoder:2] Decoding "/var/azuracast/stations/evangile_du_royaume/media/La bible/amos_004.mp3" ended: Ffmpeg_decoder.End_of_file.
2026/10/09 07:46:06 [next_song:3] Prepared "/var/azuracast/stations/evangile_du_royaume/media/La bible/amos_005.mp3" (RID 89).
2026/10/09 07:50:04 [decoder:2] Decoding "/var/azuracast/stations/evangile_du_royaume/media/La bible/amos_005.mp3" ended: Ffmpeg_decoder.End_of_file.
2026/10/09 07:50:05 [next_song:3] Prepared "/var/azuracast/stations/evangile_du_royaume/media/La bible/amos_006.mp3" (RID 90).
2026/10/09 07:52:23 [decoder:2] Decoding "/var/azuracast/stations/evangile_du_royaume/media/La bible/amos_006.mp3" ended: Ffmpeg_decoder.End_of_file.
2026/10/09 07:52:24 [next_song:3] Prepared "/var/azuracast/stations/evangile_du_royaume/media/La bible/amos_007.mp3" (RID 91).
2026/10/09 07:55:26 [decoder:2] Decoding "/var/azuracast/stations/evangile_du_royaume/media/La bible/amos_007.mp3" ended: Ffmpeg_decoder.End_of_file.
2026/10/09 07:55:26 [next_song:3] Prepared "/var/azuracast/stations/evangile_du_royaume/media/La bible/amos_008.mp3" (RID 92).
2026/10/09 07:57:53 [decoder:2] Decoding "/var/azuracast/stations/evangile_du_royaume/media/La bible/amos_008.mp3" ended: Ffmpeg_decoder.End_of_file.
2026/10/09 07:57:54 [next_song:3] Prepared "/var/azuracast/stations/evangile_du_royaume/media/La bible/amos_009.mp3" (RID 93).
2026/10/09 08:00:47 [decoder:2] Decoding "/var/azuracast/stations/evangile_du_royaume/media/La bible/amos_009.mp3" ended: Ffmpeg_decoder.End_of_file.
2026/10/09 08:00:48 [next_song:3] Prepared "/var/azuracast/stations/evangile_du_royaume/media/La bible/matthieu_010.mp3" (RID 94).
2026/10/09 08:06:30 [decoder:2] Decoding "/var/azuracast/stations/evangile_du_royaume/media/La bible/matthieu_010.mp3" ended: Ffmpeg_decoder.End_of_file.
2026/10/09 08:06:30 [next_song:3] Prepared "/var/azuracast/stations/evangile_du_royaume/media/Jingle/jingle_avant_louange_06_que_la_louange_seleve.mp3" (RID 95).
2026/10/09 08:06:41 [decoder:2] Decoding "/var/azuracast/stations/evangile_du_royaume/media/Jingle/jingle_avant_louange_06_que_la_louange_seleve.mp3" ended: Ffmpeg_decoder.End_of_file.
2026/10/09 08:06:41 [next_song:3] Prepared "/var/azuracast/stations/evangile_du_royaume/media/Worship/47 - You Are the Captain of the Host - Toronto HF.mp3" (RID 96).
2026/10/09 08:09:36 [decoder:2] Decoding "/var/azuracast/stations/evangile_du_royaume/media/Worship/47 - You Are the Captain of the Host - Toronto HF.mp3" ended: Ffmpeg_decoder.End_of_file.
2026/10/09 08:09:36 [next_song:3] Prepared "/var/azuracast/stations/evangile_du_royaume/media/Worship/08 - I Enter The Holy of Holies - Port Harcourt HF.mp3" (RID 97).
2026/10/09 08:14:38 [decoder:2] Decoding "/var/azuracast/stations/evangile_du_royaume/media/Worship/08 - I Enter The Holy of Holies - Port Harcourt HF.mp3" ended: Ffmpeg_decoder.End_of_file.
2026/10/09 08:14:38 [next_song:3] Prepared "/var/azuracast/stations/evangile_du_royaume/media/Worship/26 - Sing Hallelujah - Abuja HF.mp3" (RID 98).
2026/10/09 08:18:56 [decoder:2] Decoding "/var/azuracast/stations/evangile_du_royaume/media/Worship/26 - Sing Hallelujah - Abuja HF.mp3" ended: Ffmpeg_decoder.End_of_file.
2026/10/09 08:18:57 [next_song:3] Prepared "/var/azuracast/stations/evangile_du_royaume/media/Worship/90 - Bless Ye the Lord - PHF.mp3" (RID 99).
2026/10/09 08:27:17 [decoder:2] Decoding "/var/azuracast/stations/evangile_du_royaume/media/Worship/90 - Bless Ye the Lord - PHF.mp3" ended: Ffmpeg_decoder.End_of_file.
2026/10/09 08:27:18 [next_song:3] Prepared "/var/azuracast/stations/evangile_du_royaume/media/Cantiques du royaume/cantique__heureux_l_homme_qui_ne_marche_pas_selon.mp3" (RID 100).
2026/10/09 08:29:34 [decoder:2] Decoding "/var/azuracast/stations/evangile_du_royaume/media/Cantiques du royaume/cantique__heureux_l_homme_qui_ne_marche_pas_selon.mp3" ended: Ffmpeg_decoder.End_of_file.
2026/10/09 08:29:35 [next_song:3] Prepared "/var/azuracast/stations/evangile_du_royaume/media/Worship/75 - How Precious Oh Lord.mp3" (RID 101).
2026/10/09 08:35:17 [decoder:2] Decoding "/var/azuracast/stations/evangile_du_royaume/media/Worship/75 - How Precious Oh Lord.mp3" ended: Ffmpeg_decoder.End_of_file.
2026/10/09 08:35:17 [next_song:3] Prepared "/var/azuracast/stations/evangile_du_royaume/media/Cantiques du royaume/cantique__nous_sommes_le_sel_de_la_terre.mp3" (RID 102).
2026/10/09 08:37:30 [decoder:2] Decoding "/var/azuracast/stations/evangile_du_royaume/media/Cantiques du royaume/cantique__nous_sommes_le_sel_de_la_terre.mp3" ended: Ffmpeg_decoder.End_of_file.
2026/10/09 08:37:30 [next_song:3] Prepared "/var/azuracast/stations/evangile_du_royaume/media/Worship/80 - I Will Call Upon The Lord.mp3" (RID 103).
2026/10/09 08:42:37 [decoder:2] Decoding "/var/azuracast/stations/evangile_du_royaume/media/Worship/80 - I Will Call Upon The Lord.mp3" ended: Ffmpeg_decoder.End_of_file.
2026/10/09 08:42:38 [next_song:3] Prepared "/var/azuracast/stations/evangile_du_royaume/media/Worship/52 - Thou art Worthy Lord - PHF.mp3" (RID 104).
2026/10/09 08:51:58 [decoder:2] Decoding "/var/azuracast/stations/evangile_du_royaume/media/Worship/52 - Thou art Worthy Lord - PHF.mp3" ended: Ffmpeg_decoder.End_of_file.
2026/10/09 08:51:59 [next_song:3] Prepared "/var/azuracast/stations/evangile_du_royaume/media/Cantiques du royaume/WhatsApp Audio 2022-03-15 at 01.33.50 (1)(1).mp3" (RID 105).
2026/10/09 09:01:26 [decoder:2] Decoding "/var/azuracast/stations/evangile_du_royaume/media/Cantiques du royaume/WhatsApp Audio 2022-03-15 at 01.33.50 (1)(1).mp3" ended: Ffmpeg_decoder.End_of_file.
2026/10/09 09:01:27 [next_song:3] Prepared "/var/azuracast/stations/evangile_du_royaume/media/Jingle/jingle_avant_bible_08_prenons_un_moment_pour_ecouter_la_parole.mp3" (RID 106).
2026/10/09 09:01:36 [decoder:2] Decoding "/var/azuracast/stations/evangile_du_royaume/media/Jingle/jingle_avant_bible_08_prenons_un_moment_pour_ecouter_la_parole.mp3" ended: Ffmpeg_decoder.End_of_file.
2026/10/09 09:01:36 [next_song:3] Prepared "/var/azuracast/stations/evangile_du_royaume/media/La bible/tite_001.mp3" (RID 107).
2026/10/09 09:04:17 [decoder:2] Decoding "/var/azuracast/stations/evangile_du_royaume/media/La bible/tite_001.mp3" ended: Ffmpeg_decoder.End_of_file.
2026/10/09 09:04:17 [next_song:3] Prepared "/var/azuracast/stations/evangile_du_royaume/media/La bible/tite_002.mp3" (RID 108).
2026/10/09 09:06:24 [decoder:2] Decoding "/var/azuracast/stations/evangile_du_royaume/media/La bible/tite_002.mp3" ended: Ffmpeg_decoder.End_of_file.
2026/10/09 09:06:25 [next_song:3] Prepared "/var/azuracast/stations/evangile_du_royaume/media/La bible/tite_003.mp3" (RID 109).
