2026/08/11 00:01:23 [threads:2] Queue generic queue #2 crashed with exception Sys_error("Condition.wait: Operation not permitted")
2026/08/11 00:01:23 [threads:2] Raised by primitive operation at Duppy.queue.run in file "src/duppy.ml", line 341, characters 6-32
2026/08/11 00:01:23 [threads:2] Called from Duppy.queue in file "src/duppy.ml", line 357, characters 8-12
2026/08/11 00:01:23 [threads:2] Re-raised at Duppy.queue in file "src/duppy.ml", line 361, characters 8-17
2026/08/11 00:01:23 [threads:2] Called from Tutils.create.(fun).process in file "tools/tutils.ml", line 164, characters 12-15
2026/08/11 00:01:23 [threads:2] 
2026/08/11 00:01:23 [threads:1] PANIC: Liquidsoap has crashed, exiting.,
2026/08/11 00:01:23 [threads:1] Please report at: savonet-users@lists.sf.net
2026/08/11 00:01:26 [lang.deprecated:2] WARNING: "map_metadata" is deprecated and will be removed in future version. Please use "metadata.map" instead.
2026/08/11 00:01:26 [lang.deprecated:2] WARNING: "map_metadata" is deprecated and will be removed in future version. Please use "metadata.map" instead.
2026/08/11 00:01:26 [error_jingle:3] "/usr/local/share/icecast/web/error.mp3" is static, resolving once for all...
2026/08/11 00:01:26 [error_jingle:3] Prepared "/usr/local/share/icecast/web/error.mp3" (RID 6).
2026/08/11 00:01:26 [safe_fallback:3] Switch to error_jingle.
2026/08/11 00:01:27 [playlist_000_transition:3] Prepared "/var/azuracast/stations/evangile_du_royaume/media/jingles_de_transition_1.mp3" (RID 11).
2026/08/11 00:01:27 [safe_fallback:3] Switch to amplify_0 with transition.
2026/08/11 00:01:27 [live_fallback:3] Switch to cross_0.
2026/08/11 00:01:27 [interrupting_fallback:3] Switch to requests_fallback.
2026/08/11 00:01:27 [requests_fallback:3] Switch to autodj_fallback.
2026/08/11 00:01:27 [autodj_fallback:3] Switch to schedule_switch.
2026/08/11 00:01:27 [schedule_switch:3] Switch to metadata.map_0.
2026/08/11 00:01:38 [next_song:3] Prepared "/var/azuracast/stations/evangile_du_royaume/media/Jingle/jingle_avant_message_01_voici_le_message_du_jour.mp3" (RID 14).
2026/08/11 00:03:02 [decoder:2] Decoding "/var/azuracast/stations/evangile_du_royaume/media/jingles_de_transition_1.mp3" ended: Ffmpeg_decoder.End_of_file.
2026/08/11 00:03:03 [playlist_bloc_a_serie_du_jour:3] Prepared "/var/azuracast/stations/evangile_du_royaume/media/Jingle/jingle_avant_message_01_voici_le_message_du_jour.mp3" (RID 7).
2026/08/11 00:03:03 [schedule_switch:3] Switch to cue_playlist_bloc_a_serie_du_jour with forgetful transition.
2026/08/11 00:03:03 [autodj_fallback:3] Switch to dynamic_startup with forgetful transition.
2026/08/11 00:03:03 [dynamic_startup:3] Switch to cue_next_song.
2026/08/11 00:03:13 [decoder:2] Decoding "/var/azuracast/stations/evangile_du_royaume/media/Jingle/jingle_avant_message_01_voici_le_message_du_jour.mp3" ended: Ffmpeg_decoder.End_of_file.
2026/08/11 00:03:13 [next_song:3] Prepared "/var/azuracast/stations/evangile_du_royaume/media/la_moisson_2_adé.mp3" (RID 15).
2026/08/11 00:29:11 [decoder:2] Decoding "/var/azuracast/stations/evangile_du_royaume/media/la_moisson_2_adé.mp3" ended: Ffmpeg_decoder.End_of_file.
2026/08/11 00:29:11 [next_song:3] Prepared "/var/azuracast/stations/evangile_du_royaume/media/Jingle/jingle_avant_bible_06_ouvrons_les_saintes_ecritures.mp3" (RID 16).
2026/08/11 00:29:19 [decoder:2] Decoding "/var/azuracast/stations/evangile_du_royaume/media/Jingle/jingle_avant_bible_06_ouvrons_les_saintes_ecritures.mp3" ended: Ffmpeg_decoder.End_of_file.
2026/08/11 00:29:19 [next_song:3] Prepared "/var/azuracast/stations/evangile_du_royaume/media/La bible/zacharie_001.mp3" (RID 17).
2026/08/11 00:32:50 [decoder:2] Decoding "/var/azuracast/stations/evangile_du_royaume/media/La bible/zacharie_001.mp3" ended: Ffmpeg_decoder.End_of_file.
2026/08/11 00:32:51 [next_song:3] Prepared "/var/azuracast/stations/evangile_du_royaume/media/La bible/zacharie_002.mp3" (RID 18).
2026/08/11 00:34:39 [decoder:2] Decoding "/var/azuracast/stations/evangile_du_royaume/media/La bible/zacharie_002.mp3" ended: Ffmpeg_decoder.End_of_file.
2026/08/11 00:34:39 [next_song:3] Prepared "/var/azuracast/stations/evangile_du_royaume/media/La bible/zacharie_003.mp3" (RID 19).
2026/08/11 00:36:22 [decoder:2] Decoding "/var/azuracast/stations/evangile_du_royaume/media/La bible/zacharie_003.mp3" ended: Ffmpeg_decoder.End_of_file.
2026/08/11 00:36:23 [next_song:3] Prepared "/var/azuracast/stations/evangile_du_royaume/media/La bible/zacharie_004.mp3" (RID 20).
2026/08/11 00:38:26 [decoder:2] Decoding "/var/azuracast/stations/evangile_du_royaume/media/La bible/zacharie_004.mp3" ended: Ffmpeg_decoder.End_of_file.
2026/08/11 00:38:26 [next_song:3] Prepared "/var/azuracast/stations/evangile_du_royaume/media/La bible/zacharie_005.mp3" (RID 21).
2026/08/11 00:40:02 [decoder:2] Decoding "/var/azuracast/stations/evangile_du_royaume/media/La bible/zacharie_005.mp3" ended: Ffmpeg_decoder.End_of_file.
2026/08/11 00:40:02 [next_song:3] Prepared "/var/azuracast/stations/evangile_du_royaume/media/La bible/zacharie_006.mp3" (RID 22).
2026/08/11 00:42:21 [decoder:2] Decoding "/var/azuracast/stations/evangile_du_royaume/media/La bible/zacharie_006.mp3" ended: Ffmpeg_decoder.End_of_file.
2026/08/11 00:42:21 [next_song:3] Prepared "/var/azuracast/stations/evangile_du_royaume/media/La bible/zacharie_007.mp3" (RID 23).
2026/08/11 00:44:26 [decoder:2] Decoding "/var/azuracast/stations/evangile_du_royaume/media/La bible/zacharie_007.mp3" ended: Ffmpeg_decoder.End_of_file.
2026/08/11 00:44:26 [next_song:3] Prepared "/var/azuracast/stations/evangile_du_royaume/media/La bible/zacharie_008.mp3" (RID 24).
2026/08/11 00:48:14 [decoder:2] Decoding "/var/azuracast/stations/evangile_du_royaume/media/La bible/zacharie_008.mp3" ended: Ffmpeg_decoder.End_of_file.
2026/08/11 00:48:15 [next_song:3] Prepared "/var/azuracast/stations/evangile_du_royaume/media/La bible/zacharie_009.mp3" (RID 25).
2026/08/11 00:51:23 [decoder:2] Decoding "/var/azuracast/stations/evangile_du_royaume/media/La bible/zacharie_009.mp3" ended: Ffmpeg_decoder.End_of_file.
2026/08/11 00:51:24 [next_song:3] Prepared "/var/azuracast/stations/evangile_du_royaume/media/La bible/zacharie_010.mp3" (RID 26).
2026/08/11 00:53:34 [decoder:2] Decoding "/var/azuracast/stations/evangile_du_royaume/media/La bible/zacharie_010.mp3" ended: Ffmpeg_decoder.End_of_file.
2026/08/11 00:53:35 [next_song:3] Prepared "/var/azuracast/stations/evangile_du_royaume/media/La bible/zacharie_011.mp3" (RID 27).
2026/08/11 00:56:25 [decoder:2] Decoding "/var/azuracast/stations/evangile_du_royaume/media/La bible/zacharie_011.mp3" ended: Ffmpeg_decoder.End_of_file.
2026/08/11 00:56:25 [next_song:3] Prepared "/var/azuracast/stations/evangile_du_royaume/media/La bible/zacharie_012.mp3" (RID 28).
2026/08/11 00:59:00 [decoder:2] Decoding "/var/azuracast/stations/evangile_du_royaume/media/La bible/zacharie_012.mp3" ended: Ffmpeg_decoder.End_of_file.
2026/08/11 00:59:01 [next_song:3] Prepared "/var/azuracast/stations/evangile_du_royaume/media/La bible/zacharie_013.mp3" (RID 29).
2026/08/11 01:00:41 [decoder:2] Decoding "/var/azuracast/stations/evangile_du_royaume/media/La bible/zacharie_013.mp3" ended: Ffmpeg_decoder.End_of_file.
2026/08/11 01:00:42 [next_song:3] Prepared "/var/azuracast/stations/evangile_du_royaume/media/La bible/zacharie_014.mp3" (RID 30).
2026/08/11 01:04:44 [decoder:2] Decoding "/var/azuracast/stations/evangile_du_royaume/media/La bible/zacharie_014.mp3" ended: Ffmpeg_decoder.End_of_file.
2026/08/11 01:04:45 [next_song:3] Prepared "/var/azuracast/stations/evangile_du_royaume/media/La bible/lévitique_002.mp3" (RID 31).
2026/08/11 01:07:14 [decoder:2] Decoding "/var/azuracast/stations/evangile_du_royaume/media/La bible/lévitique_002.mp3" ended: Ffmpeg_decoder.End_of_file.
2026/08/11 01:07:15 [next_song:3] Prepared "/var/azuracast/stations/evangile_du_royaume/media/La bible/lévitique_003.mp3" (RID 32).
2026/08/11 01:09:53 [decoder:2] Decoding "/var/azuracast/stations/evangile_du_royaume/media/La bible/lévitique_003.mp3" ended: Ffmpeg_decoder.End_of_file.
2026/08/11 01:09:53 [next_song:3] Prepared "/var/azuracast/stations/evangile_du_royaume/media/La bible/lévitique_004.mp3" (RID 33).
2026/08/11 01:16:03 [decoder:2] Decoding "/var/azuracast/stations/evangile_du_royaume/media/La bible/lévitique_004.mp3" ended: Ffmpeg_decoder.End_of_file.
2026/08/11 01:16:03 [next_song:3] Prepared "/var/azuracast/stations/evangile_du_royaume/media/La bible/lévitique_005.mp3" (RID 34).
2026/08/11 01:19:53 [decoder:2] Decoding "/var/azuracast/stations/evangile_du_royaume/media/La bible/lévitique_005.mp3" ended: Ffmpeg_decoder.End_of_file.
2026/08/11 01:19:53 [next_song:3] Prepared "/var/azuracast/stations/evangile_du_royaume/media/La bible/lévitique_006.mp3" (RID 35).
2026/08/11 01:24:28 [decoder:2] Decoding "/var/azuracast/stations/evangile_du_royaume/media/La bible/lévitique_006.mp3" ended: Ffmpeg_decoder.End_of_file.
2026/08/11 01:24:29 [next_song:3] Prepared "/var/azuracast/stations/evangile_du_royaume/media/Jingle/jingle_avant_louange_07_voici_un_temps_de_louange.mp3" (RID 36).
2026/08/11 01:24:38 [decoder:2] Decoding "/var/azuracast/stations/evangile_du_royaume/media/Jingle/jingle_avant_louange_07_voici_un_temps_de_louange.mp3" ended: Ffmpeg_decoder.End_of_file.
2026/08/11 01:24:39 [next_song:3] Prepared "/var/azuracast/stations/evangile_du_royaume/media/Worship/57 - Holy Are You - PHF.mp3" (RID 37).
2026/08/11 01:35:01 [decoder:2] Decoding "/var/azuracast/stations/evangile_du_royaume/media/Worship/57 - Holy Are You - PHF.mp3" ended: Ffmpeg_decoder.End_of_file.
2026/08/11 01:35:02 [next_song:3] Prepared "/var/azuracast/stations/evangile_du_royaume/media/Cantiques du royaume/WhatsApp Audio 2022-03-15 at 01.33.50 (1)(1).mp3" (RID 38).
2026/08/11 01:44:29 [decoder:2] Decoding "/var/azuracast/stations/evangile_du_royaume/media/Cantiques du royaume/WhatsApp Audio 2022-03-15 at 01.33.50 (1)(1).mp3" ended: Ffmpeg_decoder.End_of_file.
2026/08/11 01:44:30 [next_song:3] Prepared "/var/azuracast/stations/evangile_du_royaume/media/Worship/37 - The Lord on High is Mightier - Toronto HF.mp3" (RID 39).
2026/08/11 01:51:24 [decoder:2] Decoding "/var/azuracast/stations/evangile_du_royaume/media/Worship/37 - The Lord on High is Mightier - Toronto HF.mp3" ended: Ffmpeg_decoder.End_of_file.
2026/08/11 01:51:25 [next_song:3] Prepared "/var/azuracast/stations/evangile_du_royaume/media/Worship/60 - Be Exalted - PHF.mp3" (RID 40).
2026/08/11 02:02:00 [decoder:2] Decoding "/var/azuracast/stations/evangile_du_royaume/media/Worship/60 - Be Exalted - PHF.mp3" ended: Ffmpeg_decoder.End_of_file.
2026/08/11 02:02:01 [next_song:3] Prepared "/var/azuracast/stations/evangile_du_royaume/media/Worship/70 - Sing Unto the Lord a new Song  - Winnipeg Fellowship.mp3" (RID 41).
2026/08/11 02:08:02 [decoder:2] Decoding "/var/azuracast/stations/evangile_du_royaume/media/Worship/70 - Sing Unto the Lord a new Song  - Winnipeg Fellowship.mp3" ended: Ffmpeg_decoder.End_of_file.
2026/08/11 02:08:02 [next_song:3] Prepared "/var/azuracast/stations/evangile_du_royaume/media/Cantiques du royaume/Cantique Jahweh, Tu es élevé au dessus de tout (1).mp3" (RID 42).
2026/08/11 02:12:52 [decoder:2] Decoding "/var/azuracast/stations/evangile_du_royaume/media/Cantiques du royaume/Cantique Jahweh, Tu es élevé au dessus de tout (1).mp3" ended: Ffmpeg_decoder.End_of_file.
2026/08/11 02:12:52 [next_song:3] Prepared "/var/azuracast/stations/evangile_du_royaume/media/Cantiques du royaume/8-_mohamed_sanogo_hymne_des_vainqueurs.mp3" (RID 43).
2026/08/11 02:18:59 [decoder:2] Decoding "/var/azuracast/stations/evangile_du_royaume/media/Cantiques du royaume/8-_mohamed_sanogo_hymne_des_vainqueurs.mp3" ended: Ffmpeg_decoder.End_of_file.
2026/08/11 02:18:59 [next_song:3] Prepared "/var/azuracast/stations/evangile_du_royaume/media/Worship/35 - God is Moving Us On - Ketu HF.mp3" (RID 44).
2026/08/11 02:23:49 [decoder:2] Decoding "/var/azuracast/stations/evangile_du_royaume/media/Worship/35 - God is Moving Us On - Ketu HF.mp3" ended: Ffmpeg_decoder.End_of_file.
2026/08/11 02:23:49 [next_song:3] Prepared "/var/azuracast/stations/evangile_du_royaume/media/Jingle/jingle_avant_bible_08_prenons_un_moment_pour_ecouter_la_parole.mp3" (RID 45).
2026/08/11 02:23:55 [decoder:2] Decoding "/var/azuracast/stations/evangile_du_royaume/media/Jingle/jingle_avant_bible_08_prenons_un_moment_pour_ecouter_la_parole.mp3" ended: Ffmpeg_decoder.End_of_file.
2026/08/11 02:23:56 [next_song:3] Prepared "/var/azuracast/stations/evangile_du_royaume/media/La bible/daniel_005.mp3" (RID 46).
