2026/08/20 00:01:22 [lang.deprecated:2] WARNING: "map_metadata" is deprecated and will be removed in future version. Please use "metadata.map" instead.
2026/08/20 00:01:22 [lang.deprecated:2] WARNING: "map_metadata" is deprecated and will be removed in future version. Please use "metadata.map" instead.
2026/08/20 00:01:22 [error_jingle:3] "/usr/local/share/icecast/web/error.mp3" is static, resolving once for all...
2026/08/20 00:01:22 [error_jingle:3] Prepared "/usr/local/share/icecast/web/error.mp3" (RID 6).
2026/08/20 00:01:23 [playlist_000_transition:3] Prepared "/var/azuracast/stations/evangile_du_royaume/media/jingles_de_transition_2.mp3" (RID 11).
2026/08/20 00:01:23 [safe_fallback:3] Switch to amplify_0 with transition.
2026/08/20 00:01:23 [live_fallback:3] Switch to cross_0.
2026/08/20 00:01:23 [interrupting_fallback:3] Switch to requests_fallback.
2026/08/20 00:01:23 [requests_fallback:3] Switch to autodj_fallback.
2026/08/20 00:01:23 [autodj_fallback:3] Switch to schedule_switch.
2026/08/20 00:01:23 [schedule_switch:3] Switch to metadata.map_0.
2026/08/20 00:01:33 [next_song:3] Prepared "/var/azuracast/stations/evangile_du_royaume/media/jingles_de_transition_1.mp3" (RID 14).
2026/08/20 00:02:51 [decoder:2] Decoding "/var/azuracast/stations/evangile_du_royaume/media/jingles_de_transition_2.mp3" ended: Ffmpeg_decoder.End_of_file.
2026/08/20 00:02:52 [playlist_bloc_a_serie_du_jour:3] Prepared "/var/azuracast/stations/evangile_du_royaume/media/Jingle/jingle_avant_message_01_voici_le_message_du_jour.mp3" (RID 7).
2026/08/20 00:02:52 [schedule_switch:3] Switch to cue_playlist_bloc_a_serie_du_jour with forgetful transition.
2026/08/20 00:02:52 [autodj_fallback:3] Switch to dynamic_startup with forgetful transition.
2026/08/20 00:02:52 [dynamic_startup:3] Switch to cue_next_song.
2026/08/20 00:04:27 [decoder:2] Decoding "/var/azuracast/stations/evangile_du_royaume/media/jingles_de_transition_1.mp3" ended: Ffmpeg_decoder.End_of_file.
2026/08/20 00:04:28 [next_song:3] Prepared "/var/azuracast/stations/evangile_du_royaume/media/Jingle/jingle_avant_message_01_voici_le_message_du_jour.mp3" (RID 15).
2026/08/20 00:04:38 [decoder:2] Decoding "/var/azuracast/stations/evangile_du_royaume/media/Jingle/jingle_avant_message_01_voici_le_message_du_jour.mp3" ended: Ffmpeg_decoder.End_of_file.
2026/08/20 00:04:38 [next_song:3] Prepared "/var/azuracast/stations/evangile_du_royaume/media/APS/aps_la_moisson_2022-01-19_1.mp3" (RID 16).
2026/08/20 01:04:56 [decoder:2] Decoding "/var/azuracast/stations/evangile_du_royaume/media/APS/aps_la_moisson_2022-01-19_1.mp3" ended: Ffmpeg_decoder.End_of_file.
2026/08/20 01:04:57 [next_song:3] Prepared "/var/azuracast/stations/evangile_du_royaume/media/Jingle/jingle_avant_bible_06_ouvrons_les_saintes_ecritures.mp3" (RID 17).
2026/08/20 01:05:04 [decoder:2] Decoding "/var/azuracast/stations/evangile_du_royaume/media/Jingle/jingle_avant_bible_06_ouvrons_les_saintes_ecritures.mp3" ended: Ffmpeg_decoder.End_of_file.
2026/08/20 01:05:05 [next_song:3] Prepared "/var/azuracast/stations/evangile_du_royaume/media/La bible/nahum_001.mp3" (RID 18).
2026/08/20 01:07:23 [decoder:2] Decoding "/var/azuracast/stations/evangile_du_royaume/media/La bible/nahum_001.mp3" ended: Ffmpeg_decoder.End_of_file.
2026/08/20 01:07:23 [next_song:3] Prepared "/var/azuracast/stations/evangile_du_royaume/media/La bible/nahum_002.mp3" (RID 19).
2026/08/20 01:09:24 [decoder:2] Decoding "/var/azuracast/stations/evangile_du_royaume/media/La bible/nahum_002.mp3" ended: Ffmpeg_decoder.End_of_file.
2026/08/20 01:09:24 [next_song:3] Prepared "/var/azuracast/stations/evangile_du_royaume/media/La bible/nahum_003.mp3" (RID 20).
2026/08/20 01:12:24 [decoder:2] Decoding "/var/azuracast/stations/evangile_du_royaume/media/La bible/nahum_003.mp3" ended: Ffmpeg_decoder.End_of_file.
2026/08/20 01:12:24 [next_song:3] Prepared "/var/azuracast/stations/evangile_du_royaume/media/La bible/lamentations_005.mp3" (RID 21).
2026/08/20 01:14:41 [decoder:2] Decoding "/var/azuracast/stations/evangile_du_royaume/media/La bible/lamentations_005.mp3" ended: Ffmpeg_decoder.End_of_file.
2026/08/20 01:14:42 [next_song:3] Prepared "/var/azuracast/stations/evangile_du_royaume/media/La bible/2_thessaloniciens_001.mp3" (RID 22).
2026/08/20 01:16:51 [decoder:2] Decoding "/var/azuracast/stations/evangile_du_royaume/media/La bible/2_thessaloniciens_001.mp3" ended: Ffmpeg_decoder.End_of_file.
2026/08/20 01:16:51 [next_song:3] Prepared "/var/azuracast/stations/evangile_du_royaume/media/La bible/2_thessaloniciens_002.mp3" (RID 23).
2026/08/20 01:19:35 [decoder:2] Decoding "/var/azuracast/stations/evangile_du_royaume/media/La bible/2_thessaloniciens_002.mp3" ended: Ffmpeg_decoder.End_of_file.
2026/08/20 01:19:35 [next_song:3] Prepared "/var/azuracast/stations/evangile_du_royaume/media/La bible/2_thessaloniciens_003.mp3" (RID 24).
2026/08/20 01:22:07 [decoder:2] Decoding "/var/azuracast/stations/evangile_du_royaume/media/La bible/2_thessaloniciens_003.mp3" ended: Ffmpeg_decoder.End_of_file.
2026/08/20 01:22:08 [next_song:3] Prepared "/var/azuracast/stations/evangile_du_royaume/media/La bible/1_thessaloniciens_001.mp3" (RID 25).
2026/08/20 01:23:54 [decoder:2] Decoding "/var/azuracast/stations/evangile_du_royaume/media/La bible/1_thessaloniciens_001.mp3" ended: Ffmpeg_decoder.End_of_file.
2026/08/20 01:23:55 [next_song:3] Prepared "/var/azuracast/stations/evangile_du_royaume/media/La bible/1_thessaloniciens_002.mp3" (RID 26).
2026/08/20 01:27:21 [decoder:2] Decoding "/var/azuracast/stations/evangile_du_royaume/media/La bible/1_thessaloniciens_002.mp3" ended: Ffmpeg_decoder.End_of_file.
2026/08/20 01:27:21 [next_song:3] Prepared "/var/azuracast/stations/evangile_du_royaume/media/La bible/1_thessaloniciens_003.mp3" (RID 27).
2026/08/20 01:29:31 [decoder:2] Decoding "/var/azuracast/stations/evangile_du_royaume/media/La bible/1_thessaloniciens_003.mp3" ended: Ffmpeg_decoder.End_of_file.
2026/08/20 01:29:31 [next_song:3] Prepared "/var/azuracast/stations/evangile_du_royaume/media/La bible/1_thessaloniciens_004.mp3" (RID 28).
2026/08/20 01:32:31 [decoder:2] Decoding "/var/azuracast/stations/evangile_du_royaume/media/La bible/1_thessaloniciens_004.mp3" ended: Ffmpeg_decoder.End_of_file.
2026/08/20 01:32:32 [next_song:3] Prepared "/var/azuracast/stations/evangile_du_royaume/media/La bible/1_thessaloniciens_005.mp3" (RID 29).
2026/08/20 01:35:33 [decoder:2] Decoding "/var/azuracast/stations/evangile_du_royaume/media/La bible/1_thessaloniciens_005.mp3" ended: Ffmpeg_decoder.End_of_file.
2026/08/20 01:35:33 [next_song:3] Prepared "/var/azuracast/stations/evangile_du_royaume/media/La bible/galates_001.mp3" (RID 30).
2026/08/20 01:38:48 [decoder:2] Decoding "/var/azuracast/stations/evangile_du_royaume/media/La bible/galates_001.mp3" ended: Ffmpeg_decoder.End_of_file.
2026/08/20 01:38:48 [next_song:3] Prepared "/var/azuracast/stations/evangile_du_royaume/media/La bible/galates_002.mp3" (RID 31).
2026/08/20 01:42:53 [decoder:2] Decoding "/var/azuracast/stations/evangile_du_royaume/media/La bible/galates_002.mp3" ended: Ffmpeg_decoder.End_of_file.
2026/08/20 01:42:54 [next_song:3] Prepared "/var/azuracast/stations/evangile_du_royaume/media/La bible/galates_003.mp3" (RID 32).
2026/08/20 01:47:41 [decoder:2] Decoding "/var/azuracast/stations/evangile_du_royaume/media/La bible/galates_003.mp3" ended: Ffmpeg_decoder.End_of_file.
2026/08/20 01:47:41 [next_song:3] Prepared "/var/azuracast/stations/evangile_du_royaume/media/La bible/galates_004.mp3" (RID 33).
2026/08/20 01:52:08 [decoder:2] Decoding "/var/azuracast/stations/evangile_du_royaume/media/La bible/galates_004.mp3" ended: Ffmpeg_decoder.End_of_file.
2026/08/20 01:52:09 [next_song:3] Prepared "/var/azuracast/stations/evangile_du_royaume/media/La bible/galates_005.mp3" (RID 34).
