2026/08/19 00:01:15 [lang:2] Could not perform http request: CurlException(Aborted_by_callback, 42, CURLE_ABORTED_BY_CALLBACK).
2026/08/19 00:01:15 [lang.deprecated:2] WARNING: "error.kind" is deprecated and will be removed in future version.
2026/08/19 00:01:15 [lang.deprecated:2] WARNING: "error.message" is deprecated and will be removed in future version.
2026/08/19 00:01:15 [lang:3] API djoff - Error: http - CurlException(Aborted_by_callback, 42, CURLE_ABORTED_BY_CALLBACK)
2026/08/19 00:01:20 [lang.deprecated:2] WARNING: "map_metadata" is deprecated and will be removed in future version. Please use "metadata.map" instead.
2026/08/19 00:01:20 [lang.deprecated:2] WARNING: "map_metadata" is deprecated and will be removed in future version. Please use "metadata.map" instead.
2026/08/19 00:01:20 [error_jingle:3] "/usr/local/share/icecast/web/error.mp3" is static, resolving once for all...
2026/08/19 00:01:20 [error_jingle:3] Prepared "/usr/local/share/icecast/web/error.mp3" (RID 6).
2026/08/19 00:01:20 [safe_fallback:3] Switch to error_jingle.
2026/08/19 00:01:21 [next_song:3] Prepared "/var/azuracast/stations/evangile_du_royaume/media/Jingle/jingle_avant_message_04_bienvenue_sur_parole_prophetique_fm.mp3" (RID 8).
2026/08/19 00:01:21 [safe_fallback:3] Switch to amplify_0 with transition.
2026/08/19 00:01:21 [live_fallback:3] Switch to cross_0.
2026/08/19 00:01:21 [interrupting_fallback:3] Switch to requests_fallback.
2026/08/19 00:01:21 [requests_fallback:3] Switch to autodj_fallback.
2026/08/19 00:01:21 [autodj_fallback:3] Switch to dynamic_startup.
2026/08/19 00:01:21 [dynamic_startup:3] Switch to cue_next_song.
2026/08/19 00:01:27 [decoder:2] Decoding "/var/azuracast/stations/evangile_du_royaume/media/Jingle/jingle_avant_message_04_bienvenue_sur_parole_prophetique_fm.mp3" ended: Ffmpeg_decoder.End_of_file.
2026/08/19 00:01:28 [next_song:3] Prepared "/var/azuracast/stations/evangile_du_royaume/media/Jingle/jingle_avant_message_04_bienvenue_sur_parole_prophetique_fm.mp3" (RID 14).
2026/08/19 00:01:35 [decoder:2] Decoding "/var/azuracast/stations/evangile_du_royaume/media/Jingle/jingle_avant_message_04_bienvenue_sur_parole_prophetique_fm.mp3" ended: Ffmpeg_decoder.End_of_file.
2026/08/19 00:01:35 [next_song:3] Prepared "/var/azuracast/stations/evangile_du_royaume/media/jingles_de_transition_2.mp3" (RID 15).
2026/08/19 00:03:03 [decoder:2] Decoding "/var/azuracast/stations/evangile_du_royaume/media/jingles_de_transition_2.mp3" ended: Ffmpeg_decoder.End_of_file.
2026/08/19 00:03:04 [next_song:3] Prepared "/var/azuracast/stations/evangile_du_royaume/media/À la conquête du royaume/acr__angora_en_ce_jour_là,_que_devrons-nous_faire_part_5.mp3" (RID 16).
2026/08/19 01:15:48 [decoder:2] Decoding "/var/azuracast/stations/evangile_du_royaume/media/À la conquête du royaume/acr__angora_en_ce_jour_là,_que_devrons-nous_faire_part_5.mp3" ended: Ffmpeg_decoder.End_of_file.
2026/08/19 01:15:48 [next_song:3] Prepared "/var/azuracast/stations/evangile_du_royaume/media/Jingle/jingle_avant_bible_06_ouvrons_les_saintes_ecritures.mp3" (RID 17).
2026/08/19 01:15:55 [decoder:2] Decoding "/var/azuracast/stations/evangile_du_royaume/media/Jingle/jingle_avant_bible_06_ouvrons_les_saintes_ecritures.mp3" ended: Ffmpeg_decoder.End_of_file.
2026/08/19 01:15:56 [next_song:3] Prepared "/var/azuracast/stations/evangile_du_royaume/media/La bible/jacques_001.mp3" (RID 18).
2026/08/19 01:19:50 [decoder:2] Decoding "/var/azuracast/stations/evangile_du_royaume/media/La bible/jacques_001.mp3" ended: Ffmpeg_decoder.End_of_file.
2026/08/19 01:19:50 [next_song:3] Prepared "/var/azuracast/stations/evangile_du_royaume/media/La bible/jacques_002.mp3" (RID 19).
2026/08/19 01:23:38 [decoder:2] Decoding "/var/azuracast/stations/evangile_du_royaume/media/La bible/jacques_002.mp3" ended: Ffmpeg_decoder.End_of_file.
2026/08/19 01:23:38 [next_song:3] Prepared "/var/azuracast/stations/evangile_du_royaume/media/La bible/jacques_003.mp3" (RID 20).
2026/08/19 01:26:31 [decoder:2] Decoding "/var/azuracast/stations/evangile_du_royaume/media/La bible/jacques_003.mp3" ended: Ffmpeg_decoder.End_of_file.
2026/08/19 01:26:31 [next_song:3] Prepared "/var/azuracast/stations/evangile_du_royaume/media/La bible/jacques_004.mp3" (RID 21).
2026/08/19 01:29:15 [decoder:2] Decoding "/var/azuracast/stations/evangile_du_royaume/media/La bible/jacques_004.mp3" ended: Ffmpeg_decoder.End_of_file.
2026/08/19 01:29:15 [next_song:3] Prepared "/var/azuracast/stations/evangile_du_royaume/media/La bible/jacques_005.mp3" (RID 22).
2026/08/19 01:32:40 [decoder:2] Decoding "/var/azuracast/stations/evangile_du_royaume/media/La bible/jacques_005.mp3" ended: Ffmpeg_decoder.End_of_file.
2026/08/19 01:32:41 [next_song:3] Prepared "/var/azuracast/stations/evangile_du_royaume/media/La bible/1_timothée_001.mp3" (RID 23).
2026/08/19 01:35:54 [decoder:2] Decoding "/var/azuracast/stations/evangile_du_royaume/media/La bible/1_timothée_001.mp3" ended: Ffmpeg_decoder.End_of_file.
2026/08/19 01:35:54 [next_song:3] Prepared "/var/azuracast/stations/evangile_du_royaume/media/La bible/1_timothée_002.mp3" (RID 24).
2026/08/19 01:38:01 [decoder:2] Decoding "/var/azuracast/stations/evangile_du_royaume/media/La bible/1_timothée_002.mp3" ended: Ffmpeg_decoder.End_of_file.
2026/08/19 01:38:01 [next_song:3] Prepared "/var/azuracast/stations/evangile_du_royaume/media/La bible/1_timothée_003.mp3" (RID 25).
2026/08/19 01:40:22 [decoder:2] Decoding "/var/azuracast/stations/evangile_du_royaume/media/La bible/1_timothée_003.mp3" ended: Ffmpeg_decoder.End_of_file.
2026/08/19 01:40:23 [next_song:3] Prepared "/var/azuracast/stations/evangile_du_royaume/media/La bible/1_timothée_004.mp3" (RID 26).
2026/08/19 01:42:49 [decoder:2] Decoding "/var/azuracast/stations/evangile_du_royaume/media/La bible/1_timothée_004.mp3" ended: Ffmpeg_decoder.End_of_file.
2026/08/19 01:42:50 [next_song:3] Prepared "/var/azuracast/stations/evangile_du_royaume/media/La bible/1_timothée_005.mp3" (RID 27).
2026/08/19 01:46:31 [decoder:2] Decoding "/var/azuracast/stations/evangile_du_royaume/media/La bible/1_timothée_005.mp3" ended: Ffmpeg_decoder.End_of_file.
2026/08/19 01:46:32 [next_song:3] Prepared "/var/azuracast/stations/evangile_du_royaume/media/La bible/1_timothée_006.mp3" (RID 28).
2026/08/19 01:50:21 [decoder:2] Decoding "/var/azuracast/stations/evangile_du_royaume/media/La bible/1_timothée_006.mp3" ended: Ffmpeg_decoder.End_of_file.
2026/08/19 01:50:22 [next_song:3] Prepared "/var/azuracast/stations/evangile_du_royaume/media/La bible/3_jean_001.mp3" (RID 29).
2026/08/19 01:52:24 [decoder:2] Decoding "/var/azuracast/stations/evangile_du_royaume/media/La bible/3_jean_001.mp3" ended: Ffmpeg_decoder.End_of_file.
2026/08/19 01:52:24 [next_song:3] Prepared "/var/azuracast/stations/evangile_du_royaume/media/La bible/2_pierre_001.mp3" (RID 30).
