2026/08/28 00:00:06 [clock.main:2] We must catchup 0.30 seconds!
2026/08/28 00:00:21 [decoder:2] Decoding "/var/azuracast/stations/evangile_du_royaume/media/Worship/28 - He Shall Feed His Flock - I Want to walk  - Ketu HF.mp3" ended: Ffmpeg_decoder.End_of_file.
2026/08/28 00:00:21 [next_song:3] Prepared "/var/azuracast/stations/evangile_du_royaume/media/jingles_de_transition_1.mp3" (RID 1160).
2026/08/28 00:00:22 [clock.main:2] We must catchup 1.03 seconds!
2026/08/28 00:01:37 [threads:2] Queue generic queue #2 crashed with exception Sys_error("Condition.wait: Operation not permitted")
2026/08/28 00:01:37 [threads:2] Raised by primitive operation at Duppy.queue.run in file "src/duppy.ml", line 341, characters 6-32
2026/08/28 00:01:37 [threads:2] Called from Duppy.queue in file "src/duppy.ml", line 357, characters 8-12
2026/08/28 00:01:37 [threads:2] Re-raised at Duppy.queue in file "src/duppy.ml", line 361, characters 8-17
2026/08/28 00:01:37 [threads:2] Called from Tutils.create.(fun).process in file "tools/tutils.ml", line 164, characters 12-15
2026/08/28 00:01:37 [threads:2] 
2026/08/28 00:01:37 [threads:1] PANIC: Liquidsoap has crashed, exiting.,
2026/08/28 00:01:37 [threads:1] Please report at: savonet-users@lists.sf.net
2026/08/28 00:01:41 [lang.deprecated:2] WARNING: "map_metadata" is deprecated and will be removed in future version. Please use "metadata.map" instead.
2026/08/28 00:01:41 [lang.deprecated:2] WARNING: "map_metadata" is deprecated and will be removed in future version. Please use "metadata.map" instead.
2026/08/28 00:01:41 [error_jingle:3] "/usr/local/share/icecast/web/error.mp3" is static, resolving once for all...
2026/08/28 00:01:41 [error_jingle:3] Prepared "/usr/local/share/icecast/web/error.mp3" (RID 6).
2026/08/28 00:01:41 [safe_fallback:3] Switch to error_jingle.
2026/08/28 00:01:42 [playlist_000_transition:3] Prepared "/var/azuracast/stations/evangile_du_royaume/media/jingles_de_transition_3.mp3" (RID 11).
2026/08/28 00:01:42 [safe_fallback:3] Switch to amplify_0 with transition.
2026/08/28 00:01:42 [live_fallback:3] Switch to cross_0.
2026/08/28 00:01:42 [interrupting_fallback:3] Switch to requests_fallback.
2026/08/28 00:01:42 [requests_fallback:3] Switch to autodj_fallback.
2026/08/28 00:01:42 [autodj_fallback:3] Switch to schedule_switch.
2026/08/28 00:01:42 [schedule_switch:3] Switch to metadata.map_0.
2026/08/28 00:01:53 [next_song:3] Prepared "/var/azuracast/stations/evangile_du_royaume/media/Jingle/jingle_avant_message_05_vous_etes_a_lecoute_de_levangile_du_royaume.mp3" (RID 14).
2026/08/28 00:03:54 [decoder:2] Decoding "/var/azuracast/stations/evangile_du_royaume/media/jingles_de_transition_3.mp3" ended: Ffmpeg_decoder.End_of_file.
2026/08/28 00:03:54 [playlist_bloc_a_serie_du_jour:3] Prepared "/var/azuracast/stations/evangile_du_royaume/media/Jingle/jingle_avant_message_05_vous_etes_a_lecoute_de_levangile_du_royaume.mp3" (RID 7).
2026/08/28 00:03:54 [schedule_switch:3] Switch to cue_playlist_bloc_a_serie_du_jour with forgetful transition.
2026/08/28 00:03:54 [autodj_fallback:3] Switch to dynamic_startup with forgetful transition.
2026/08/28 00:03:54 [dynamic_startup:3] Switch to cue_next_song.
2026/08/28 00:04:02 [decoder:2] Decoding "/var/azuracast/stations/evangile_du_royaume/media/Jingle/jingle_avant_message_05_vous_etes_a_lecoute_de_levangile_du_royaume.mp3" ended: Ffmpeg_decoder.End_of_file.
2026/08/28 00:04:03 [next_song:3] Prepared "/var/azuracast/stations/evangile_du_royaume/media/Parole qui éclaire/pqe_j2.mp3" (RID 15).
2026/08/28 00:30:25 [decoder:2] Decoding "/var/azuracast/stations/evangile_du_royaume/media/Parole qui éclaire/pqe_j2.mp3" ended: Ffmpeg_decoder.End_of_file.
2026/08/28 00:30:25 [next_song:3] Prepared "/var/azuracast/stations/evangile_du_royaume/media/Jingle/jingle_avant_bible_07_place_a_la_lecture_de_la_bible.mp3" (RID 16).
2026/08/28 00:30:35 [decoder:2] Decoding "/var/azuracast/stations/evangile_du_royaume/media/Jingle/jingle_avant_bible_07_place_a_la_lecture_de_la_bible.mp3" ended: Ffmpeg_decoder.End_of_file.
2026/08/28 00:30:36 [next_song:3] Prepared "/var/azuracast/stations/evangile_du_royaume/media/La bible/lamentations_001.mp3" (RID 17).
2026/08/28 00:35:42 [decoder:2] Decoding "/var/azuracast/stations/evangile_du_royaume/media/La bible/lamentations_001.mp3" ended: Ffmpeg_decoder.End_of_file.
2026/08/28 00:35:43 [next_song:3] Prepared "/var/azuracast/stations/evangile_du_royaume/media/La bible/lamentations_002.mp3" (RID 18).
2026/08/28 00:40:54 [decoder:2] Decoding "/var/azuracast/stations/evangile_du_royaume/media/La bible/lamentations_002.mp3" ended: Ffmpeg_decoder.End_of_file.
2026/08/28 00:40:55 [next_song:3] Prepared "/var/azuracast/stations/evangile_du_royaume/media/La bible/lamentations_003.mp3" (RID 19).
2026/08/28 00:46:53 [decoder:2] Decoding "/var/azuracast/stations/evangile_du_royaume/media/La bible/lamentations_003.mp3" ended: Ffmpeg_decoder.End_of_file.
2026/08/28 00:46:54 [next_song:3] Prepared "/var/azuracast/stations/evangile_du_royaume/media/La bible/lamentations_004.mp3" (RID 20).
2026/08/28 00:50:47 [decoder:2] Decoding "/var/azuracast/stations/evangile_du_royaume/media/La bible/lamentations_004.mp3" ended: Ffmpeg_decoder.End_of_file.
2026/08/28 00:50:48 [next_song:3] Prepared "/var/azuracast/stations/evangile_du_royaume/media/La bible/lamentations_005.mp3" (RID 21).
2026/08/28 00:53:05 [decoder:2] Decoding "/var/azuracast/stations/evangile_du_royaume/media/La bible/lamentations_005.mp3" ended: Ffmpeg_decoder.End_of_file.
2026/08/28 00:53:05 [next_song:3] Prepared "/var/azuracast/stations/evangile_du_royaume/media/La bible/esdras_001.mp3" (RID 22).
2026/08/28 00:54:57 [decoder:2] Decoding "/var/azuracast/stations/evangile_du_royaume/media/La bible/esdras_001.mp3" ended: Ffmpeg_decoder.End_of_file.
2026/08/28 00:54:57 [next_song:3] Prepared "/var/azuracast/stations/evangile_du_royaume/media/La bible/esdras_002.mp3" (RID 23).
2026/08/28 01:01:05 [decoder:2] Decoding "/var/azuracast/stations/evangile_du_royaume/media/La bible/esdras_002.mp3" ended: Ffmpeg_decoder.End_of_file.
2026/08/28 01:01:05 [next_song:3] Prepared "/var/azuracast/stations/evangile_du_royaume/media/La bible/esdras_003.mp3" (RID 24).
2026/08/28 01:03:59 [decoder:2] Decoding "/var/azuracast/stations/evangile_du_royaume/media/La bible/esdras_003.mp3" ended: Ffmpeg_decoder.End_of_file.
2026/08/28 01:03:59 [next_song:3] Prepared "/var/azuracast/stations/evangile_du_royaume/media/La bible/esdras_004.mp3" (RID 25).
2026/08/28 01:08:20 [decoder:2] Decoding "/var/azuracast/stations/evangile_du_royaume/media/La bible/esdras_004.mp3" ended: Ffmpeg_decoder.End_of_file.
2026/08/28 01:08:21 [next_song:3] Prepared "/var/azuracast/stations/evangile_du_royaume/media/La bible/esdras_005.mp3" (RID 26).
2026/08/28 01:11:26 [decoder:2] Decoding "/var/azuracast/stations/evangile_du_royaume/media/La bible/esdras_005.mp3" ended: Ffmpeg_decoder.End_of_file.
2026/08/28 01:11:26 [next_song:3] Prepared "/var/azuracast/stations/evangile_du_royaume/media/La bible/esdras_006.mp3" (RID 27).
2026/08/28 01:15:35 [decoder:2] Decoding "/var/azuracast/stations/evangile_du_royaume/media/La bible/esdras_006.mp3" ended: Ffmpeg_decoder.End_of_file.
2026/08/28 01:15:36 [next_song:3] Prepared "/var/azuracast/stations/evangile_du_royaume/media/La bible/esdras_007.mp3" (RID 28).
2026/08/28 01:20:07 [decoder:2] Decoding "/var/azuracast/stations/evangile_du_royaume/media/La bible/esdras_007.mp3" ended: Ffmpeg_decoder.End_of_file.
2026/08/28 01:20:07 [next_song:3] Prepared "/var/azuracast/stations/evangile_du_royaume/media/La bible/esdras_008.mp3" (RID 29).
2026/08/28 01:25:46 [decoder:2] Decoding "/var/azuracast/stations/evangile_du_royaume/media/La bible/esdras_008.mp3" ended: Ffmpeg_decoder.End_of_file.
2026/08/28 01:25:47 [next_song:3] Prepared "/var/azuracast/stations/evangile_du_royaume/media/Jingle/jingle_avant_louange_06_que_la_louange_seleve.mp3" (RID 30).
2026/08/28 01:25:54 [decoder:2] Decoding "/var/azuracast/stations/evangile_du_royaume/media/Jingle/jingle_avant_louange_06_que_la_louange_seleve.mp3" ended: Ffmpeg_decoder.End_of_file.
2026/08/28 01:25:55 [next_song:3] Prepared "/var/azuracast/stations/evangile_du_royaume/media/Worship/87 - We Shall Come - Asaba Fellowship.mp3" (RID 31).
2026/08/28 01:30:58 [decoder:2] Decoding "/var/azuracast/stations/evangile_du_royaume/media/Worship/87 - We Shall Come - Asaba Fellowship.mp3" ended: Ffmpeg_decoder.End_of_file.
2026/08/28 01:30:59 [next_song:3] Prepared "/var/azuracast/stations/evangile_du_royaume/media/Worship/82 - A Song Of Love.mp3" (RID 32).
2026/08/28 01:35:58 [decoder:2] Decoding "/var/azuracast/stations/evangile_du_royaume/media/Worship/82 - A Song Of Love.mp3" ended: Ffmpeg_decoder.End_of_file.
2026/08/28 01:35:59 [next_song:3] Prepared "/var/azuracast/stations/evangile_du_royaume/media/Worship/12 - As We Worship - Toronto & Winnipeg HF.mp3" (RID 33).
2026/08/28 01:46:08 [decoder:2] Decoding "/var/azuracast/stations/evangile_du_royaume/media/Worship/12 - As We Worship - Toronto & Winnipeg HF.mp3" ended: Ffmpeg_decoder.End_of_file.
2026/08/28 01:46:09 [next_song:3] Prepared "/var/azuracast/stations/evangile_du_royaume/media/Worship/50 - Jesus is Alpha - PHF.mp3" (RID 34).
2026/08/28 01:54:18 [decoder:2] Decoding "/var/azuracast/stations/evangile_du_royaume/media/Worship/50 - Jesus is Alpha - PHF.mp3" ended: Ffmpeg_decoder.End_of_file.
2026/08/28 01:54:18 [next_song:3] Prepared "/var/azuracast/stations/evangile_du_royaume/media/Cantiques du royaume/cantique__tes_promesses__pub_direct_dec_2021_import_(2).mp3" (RID 35).
2026/08/28 02:01:33 [decoder:2] Decoding "/var/azuracast/stations/evangile_du_royaume/media/Cantiques du royaume/cantique__tes_promesses__pub_direct_dec_2021_import_(2).mp3" ended: Ffmpeg_decoder.End_of_file.
2026/08/28 02:01:34 [next_song:3] Prepared "/var/azuracast/stations/evangile_du_royaume/media/Worship/10 - Yeshua Hamashiach - Calabar HF.mp3" (RID 36).
2026/08/28 02:09:53 [decoder:2] Decoding "/var/azuracast/stations/evangile_du_royaume/media/Worship/10 - Yeshua Hamashiach - Calabar HF.mp3" ended: Ffmpeg_decoder.End_of_file.
2026/08/28 02:09:53 [next_song:3] Prepared "/var/azuracast/stations/evangile_du_royaume/media/Worship/60 - Be Exalted - PHF.mp3" (RID 37).
2026/08/28 02:20:28 [decoder:2] Decoding "/var/azuracast/stations/evangile_du_royaume/media/Worship/60 - Be Exalted - PHF.mp3" ended: Ffmpeg_decoder.End_of_file.
2026/08/28 02:20:29 [next_song:3] Prepared "/var/azuracast/stations/evangile_du_royaume/media/Cantiques du royaume/cantique__heureux_l_homme_qui_ne_marche_pas_selon.mp3" (RID 38).
2026/08/28 02:22:45 [decoder:2] Decoding "/var/azuracast/stations/evangile_du_royaume/media/Cantiques du royaume/cantique__heureux_l_homme_qui_ne_marche_pas_selon.mp3" ended: Ffmpeg_decoder.End_of_file.
2026/08/28 02:22:46 [next_song:3] Prepared "/var/azuracast/stations/evangile_du_royaume/media/Jingle/jingle_avant_bible_06_ouvrons_les_saintes_ecritures.mp3" (RID 39).
2026/08/28 02:22:53 [decoder:2] Decoding "/var/azuracast/stations/evangile_du_royaume/media/Jingle/jingle_avant_bible_06_ouvrons_les_saintes_ecritures.mp3" ended: Ffmpeg_decoder.End_of_file.
2026/08/28 02:22:54 [next_song:3] Prepared "/var/azuracast/stations/evangile_du_royaume/media/La bible/daniel_008.mp3" (RID 40).
2026/08/28 02:27:42 [decoder:2] Decoding "/var/azuracast/stations/evangile_du_royaume/media/La bible/daniel_008.mp3" ended: Ffmpeg_decoder.End_of_file.
2026/08/28 02:27:43 [next_song:3] Prepared "/var/azuracast/stations/evangile_du_royaume/media/La bible/daniel_009.mp3" (RID 41).
2026/08/28 02:33:37 [decoder:2] Decoding "/var/azuracast/stations/evangile_du_royaume/media/La bible/daniel_009.mp3" ended: Ffmpeg_decoder.End_of_file.
2026/08/28 02:33:37 [next_song:3] Prepared "/var/azuracast/stations/evangile_du_royaume/media/La bible/daniel_010.mp3" (RID 42).
2026/08/28 02:37:20 [decoder:2] Decoding "/var/azuracast/stations/evangile_du_royaume/media/La bible/daniel_010.mp3" ended: Ffmpeg_decoder.End_of_file.
2026/08/28 02:37:20 [next_song:3] Prepared "/var/azuracast/stations/evangile_du_royaume/media/La bible/daniel_011.mp3" (RID 43).
2026/08/28 02:45:43 [decoder:2] Decoding "/var/azuracast/stations/evangile_du_royaume/media/La bible/daniel_011.mp3" ended: Ffmpeg_decoder.End_of_file.
2026/08/28 02:45:44 [next_song:3] Prepared "/var/azuracast/stations/evangile_du_royaume/media/La bible/daniel_012.mp3" (RID 44).
2026/08/28 02:48:07 [decoder:2] Decoding "/var/azuracast/stations/evangile_du_royaume/media/La bible/daniel_012.mp3" ended: Ffmpeg_decoder.End_of_file.
2026/08/28 02:48:07 [next_song:3] Prepared "/var/azuracast/stations/evangile_du_royaume/media/La bible/colossiens_001.mp3" (RID 45).
2026/08/28 02:52:40 [decoder:2] Decoding "/var/azuracast/stations/evangile_du_royaume/media/La bible/colossiens_001.mp3" ended: Ffmpeg_decoder.End_of_file.
2026/08/28 02:52:40 [next_song:3] Prepared "/var/azuracast/stations/evangile_du_royaume/media/Jingle/jingle_avant_louange_05_elevons_nos_coeurs_vers_dieu.mp3" (RID 46).
2026/08/28 02:52:48 [decoder:2] Decoding "/var/azuracast/stations/evangile_du_royaume/media/Jingle/jingle_avant_louange_05_elevons_nos_coeurs_vers_dieu.mp3" ended: Ffmpeg_decoder.End_of_file.
2026/08/28 02:52:48 [next_song:3] Prepared "/var/azuracast/stations/evangile_du_royaume/media/SWBN Lead Concert Live Worship/05 - Jesus I'm Waiting for You (Mary Umoh).mp3" (RID 47).
2026/08/28 02:58:35 [decoder:2] Decoding "/var/azuracast/stations/evangile_du_royaume/media/SWBN Lead Concert Live Worship/05 - Jesus I'm Waiting for You (Mary Umoh).mp3" ended: Ffmpeg_decoder.End_of_file.
2026/08/28 02:58:36 [next_song:3] Prepared "/var/azuracast/stations/evangile_du_royaume/media/SWBN Lead Concert Live Worship/03 - Holy are You oh Lord (Olaedo Uzoma & Vincent Opara).mp3" (RID 48).
2026/08/28 03:08:11 [decoder:2] Decoding "/var/azuracast/stations/evangile_du_royaume/media/SWBN Lead Concert Live Worship/03 - Holy are You oh Lord (Olaedo Uzoma & Vincent Opara).mp3" ended: Ffmpeg_decoder.End_of_file.
2026/08/28 03:08:11 [next_song:3] Prepared "/var/azuracast/stations/evangile_du_royaume/media/Worship/15 - Satisfy My Soul - Calabar HF.mp3" (RID 49).
2026/08/28 03:14:10 [decoder:2] Decoding "/var/azuracast/stations/evangile_du_royaume/media/Worship/15 - Satisfy My Soul - Calabar HF.mp3" ended: Ffmpeg_decoder.End_of_file.
2026/08/28 03:14:11 [next_song:3] Prepared "/var/azuracast/stations/evangile_du_royaume/media/Worship/75 - How Precious Oh Lord.mp3" (RID 50).
2026/08/28 03:19:53 [decoder:2] Decoding "/var/azuracast/stations/evangile_du_royaume/media/Worship/75 - How Precious Oh Lord.mp3" ended: Ffmpeg_decoder.End_of_file.
2026/08/28 03:19:53 [next_song:3] Prepared "/var/azuracast/stations/evangile_du_royaume/media/Cantiques du royaume/4-_resurrection_ses_cheveux_étaient_blancs.mp3" (RID 51).
2026/08/28 03:23:12 [decoder:2] Decoding "/var/azuracast/stations/evangile_du_royaume/media/Cantiques du royaume/4-_resurrection_ses_cheveux_étaient_blancs.mp3" ended: Ffmpeg_decoder.End_of_file.
2026/08/28 03:23:13 [next_song:3] Prepared "/var/azuracast/stations/evangile_du_royaume/media/Worship/62 - All in All - CHF.mp3" (RID 52).
2026/08/28 03:27:49 [decoder:2] Decoding "/var/azuracast/stations/evangile_du_royaume/media/Worship/62 - All in All - CHF.mp3" ended: Ffmpeg_decoder.End_of_file.
2026/08/28 03:27:50 [next_song:3] Prepared "/var/azuracast/stations/evangile_du_royaume/media/Cantiques du royaume/Cantique l_Éternel est mon Berger (1).mp3" (RID 53).
2026/08/28 03:33:30 [decoder:2] Decoding "/var/azuracast/stations/evangile_du_royaume/media/Cantiques du royaume/Cantique l_Éternel est mon Berger (1).mp3" ended: Ffmpeg_decoder.End_of_file.
2026/08/28 03:33:30 [next_song:3] Prepared "/var/azuracast/stations/evangile_du_royaume/media/Cantiques du royaume/3-gabrielle_lidji_-_mélodie_céleste__by_lfxa(light_fx_animation)_2.mp3" (RID 54).
2026/08/28 03:38:47 [decoder:2] Decoding "/var/azuracast/stations/evangile_du_royaume/media/Cantiques du royaume/3-gabrielle_lidji_-_mélodie_céleste__by_lfxa(light_fx_animation)_2.mp3" ended: Ffmpeg_decoder.End_of_file.
2026/08/28 03:38:47 [next_song:3] Prepared "/var/azuracast/stations/evangile_du_royaume/media/Worship/73 - Arise Out of Zion  - Winnipeg Fellowship.mp3" (RID 55).
2026/08/28 03:46:30 [decoder:2] Decoding "/var/azuracast/stations/evangile_du_royaume/media/Worship/73 - Arise Out of Zion  - Winnipeg Fellowship.mp3" ended: Ffmpeg_decoder.End_of_file.
2026/08/28 03:46:31 [next_song:3] Prepared "/var/azuracast/stations/evangile_du_royaume/media/Worship/01 - There Is Forgiveness In Thee - SWBN TV.mp3" (RID 56).
2026/08/28 03:52:35 [decoder:2] Decoding "/var/azuracast/stations/evangile_du_royaume/media/Worship/01 - There Is Forgiveness In Thee - SWBN TV.mp3" ended: Ffmpeg_decoder.End_of_file.
2026/08/28 03:52:36 [next_song:3] Prepared "/var/azuracast/stations/evangile_du_royaume/media/Jingle/jingle_avant_bible_08_prenons_un_moment_pour_ecouter_la_parole.mp3" (RID 57).
2026/08/28 03:52:42 [decoder:2] Decoding "/var/azuracast/stations/evangile_du_royaume/media/Jingle/jingle_avant_bible_08_prenons_un_moment_pour_ecouter_la_parole.mp3" ended: Ffmpeg_decoder.End_of_file.
2026/08/28 03:52:42 [next_song:3] Prepared "/var/azuracast/stations/evangile_du_royaume/media/La bible/2_samuel_001.mp3" (RID 58).
2026/08/28 03:56:45 [decoder:2] Decoding "/var/azuracast/stations/evangile_du_royaume/media/La bible/2_samuel_001.mp3" ended: Ffmpeg_decoder.End_of_file.
2026/08/28 03:56:46 [next_song:3] Prepared "/var/azuracast/stations/evangile_du_royaume/media/La bible/2_samuel_002.mp3" (RID 59).
2026/08/28 04:01:55 [decoder:2] Decoding "/var/azuracast/stations/evangile_du_royaume/media/La bible/2_samuel_002.mp3" ended: Ffmpeg_decoder.End_of_file.
2026/08/28 04:01:55 [next_song:3] Prepared "/var/azuracast/stations/evangile_du_royaume/media/La bible/2_samuel_003.mp3" (RID 60).
2026/08/28 04:08:28 [decoder:2] Decoding "/var/azuracast/stations/evangile_du_royaume/media/La bible/2_samuel_003.mp3" ended: Ffmpeg_decoder.End_of_file.
2026/08/28 04:08:29 [next_song:3] Prepared "/var/azuracast/stations/evangile_du_royaume/media/La bible/2_samuel_004.mp3" (RID 61).
2026/08/28 04:10:53 [decoder:2] Decoding "/var/azuracast/stations/evangile_du_royaume/media/La bible/2_samuel_004.mp3" ended: Ffmpeg_decoder.End_of_file.
2026/08/28 04:10:54 [next_song:3] Prepared "/var/azuracast/stations/evangile_du_royaume/media/La bible/2_samuel_005.mp3" (RID 62).
2026/08/28 04:14:36 [decoder:2] Decoding "/var/azuracast/stations/evangile_du_royaume/media/La bible/2_samuel_005.mp3" ended: Ffmpeg_decoder.End_of_file.
2026/08/28 04:14:36 [next_song:3] Prepared "/var/azuracast/stations/evangile_du_royaume/media/La bible/2_samuel_006.mp3" (RID 63).
2026/08/28 04:18:28 [decoder:2] Decoding "/var/azuracast/stations/evangile_du_royaume/media/La bible/2_samuel_006.mp3" ended: Ffmpeg_decoder.End_of_file.
2026/08/28 04:18:29 [next_song:3] Prepared "/var/azuracast/stations/evangile_du_royaume/media/La bible/2_samuel_007.mp3" (RID 64).
2026/08/28 04:23:09 [decoder:2] Decoding "/var/azuracast/stations/evangile_du_royaume/media/La bible/2_samuel_007.mp3" ended: Ffmpeg_decoder.End_of_file.
2026/08/28 04:23:10 [next_song:3] Prepared "/var/azuracast/stations/evangile_du_royaume/media/La bible/2_samuel_008.mp3" (RID 65).
2026/08/28 04:25:59 [decoder:2] Decoding "/var/azuracast/stations/evangile_du_royaume/media/La bible/2_samuel_008.mp3" ended: Ffmpeg_decoder.End_of_file.
2026/08/28 04:26:00 [next_song:3] Prepared "/var/azuracast/stations/evangile_du_royaume/media/La bible/2_samuel_009.mp3" (RID 66).
2026/08/28 04:28:19 [decoder:2] Decoding "/var/azuracast/stations/evangile_du_royaume/media/La bible/2_samuel_009.mp3" ended: Ffmpeg_decoder.End_of_file.
2026/08/28 04:28:20 [next_song:3] Prepared "/var/azuracast/stations/evangile_du_royaume/media/La bible/2_samuel_010.mp3" (RID 67).
2026/08/28 04:31:37 [decoder:2] Decoding "/var/azuracast/stations/evangile_du_royaume/media/La bible/2_samuel_010.mp3" ended: Ffmpeg_decoder.End_of_file.
2026/08/28 04:31:38 [next_song:3] Prepared "/var/azuracast/stations/evangile_du_royaume/media/La bible/2_samuel_011.mp3" (RID 68).
2026/08/28 04:36:17 [decoder:2] Decoding "/var/azuracast/stations/evangile_du_royaume/media/La bible/2_samuel_011.mp3" ended: Ffmpeg_decoder.End_of_file.
2026/08/28 04:36:18 [next_song:3] Prepared "/var/azuracast/stations/evangile_du_royaume/media/Jingle/jingle_avant_louange_07_voici_un_temps_de_louange.mp3" (RID 69).
2026/08/28 04:36:28 [decoder:2] Decoding "/var/azuracast/stations/evangile_du_royaume/media/Jingle/jingle_avant_louange_07_voici_un_temps_de_louange.mp3" ended: Ffmpeg_decoder.End_of_file.
2026/08/28 04:36:28 [next_song:3] Prepared "/var/azuracast/stations/evangile_du_royaume/media/Worship/16 - I Will Not Be Silent - Calabar HF.mp3" (RID 70).
2026/08/28 04:40:28 [decoder:2] Decoding "/var/azuracast/stations/evangile_du_royaume/media/Worship/16 - I Will Not Be Silent - Calabar HF.mp3" ended: Ffmpeg_decoder.End_of_file.
2026/08/28 04:40:29 [next_song:3] Prepared "/var/azuracast/stations/evangile_du_royaume/media/Worship/30 - Yeshua I'm Waiting for You  - Ketu HF.mp3" (RID 71).
2026/08/28 04:45:14 [decoder:2] Decoding "/var/azuracast/stations/evangile_du_royaume/media/Worship/30 - Yeshua I'm Waiting for You  - Ketu HF.mp3" ended: Ffmpeg_decoder.End_of_file.
2026/08/28 04:45:15 [next_song:3] Prepared "/var/azuracast/stations/evangile_du_royaume/media/Worship/09 - Oh Lord I Want to Know Your Glory - Port Harcourt HF.mp3" (RID 72).
2026/08/28 04:51:27 [decoder:2] Decoding "/var/azuracast/stations/evangile_du_royaume/media/Worship/09 - Oh Lord I Want to Know Your Glory - Port Harcourt HF.mp3" ended: Ffmpeg_decoder.End_of_file.
2026/08/28 04:51:27 [next_song:3] Prepared "/var/azuracast/stations/evangile_du_royaume/media/SWBN Lead Concert Live Worship/08 - You're the Lamb (Abasiama Timothy).mp3" (RID 73).
2026/08/28 04:58:34 [decoder:2] Decoding "/var/azuracast/stations/evangile_du_royaume/media/SWBN Lead Concert Live Worship/08 - You're the Lamb (Abasiama Timothy).mp3" ended: Ffmpeg_decoder.End_of_file.
2026/08/28 04:58:34 [next_song:3] Prepared "/var/azuracast/stations/evangile_du_royaume/media/Worship/76 - You Have sworn By Your Holiness - Chidera Bisong.mp3" (RID 74).
2026/08/28 05:05:50 [decoder:2] Decoding "/var/azuracast/stations/evangile_du_royaume/media/Worship/76 - You Have sworn By Your Holiness - Chidera Bisong.mp3" ended: Ffmpeg_decoder.End_of_file.
2026/08/28 05:05:51 [next_song:3] Prepared "/var/azuracast/stations/evangile_du_royaume/media/Worship/57 - Holy Are You - PHF.mp3" (RID 75).
2026/08/28 05:16:13 [decoder:2] Decoding "/var/azuracast/stations/evangile_du_royaume/media/Worship/57 - Holy Are You - PHF.mp3" ended: Ffmpeg_decoder.End_of_file.
2026/08/28 05:16:14 [next_song:3] Prepared "/var/azuracast/stations/evangile_du_royaume/media/Worship/23 - Guide Me - El ELyon - Abuja HF.mp3" (RID 76).
2026/08/28 05:21:15 [decoder:2] Decoding "/var/azuracast/stations/evangile_du_royaume/media/Worship/23 - Guide Me - El ELyon - Abuja HF.mp3" ended: Ffmpeg_decoder.End_of_file.
2026/08/28 05:21:15 [next_song:3] Prepared "/var/azuracast/stations/evangile_du_royaume/media/Cantiques du royaume/jean-chist_-_4_minutes.mp3" (RID 77).
