2026/09/26 00:00:25 [decoder:2] Decoding "/var/azuracast/stations/evangile_du_royaume/media/Worship/84 - Song Of Victory - Emmanuel Igunbor.mp3" ended: Ffmpeg_decoder.End_of_file.
2026/09/26 00:00:25 [next_song:3] Prepared "/var/azuracast/stations/evangile_du_royaume/media/jingles_de_transition_1.mp3" (RID 1018).
2026/09/26 00:00:27 [clock.main:2] We must catchup 1.32 seconds!
2026/09/26 00:00:28 [clock.main:2] We must catchup 1.49 seconds!
2026/09/26 00:01:28 [threads:2] Queue generic queue #1 crashed with exception Sys_error("Condition.wait: Operation not permitted")
2026/09/26 00:01:28 [threads:2] Raised by primitive operation at Duppy.queue.run in file "src/duppy.ml", line 341, characters 6-32
2026/09/26 00:01:28 [threads:2] Called from Duppy.queue in file "src/duppy.ml", line 357, characters 8-12
2026/09/26 00:01:28 [threads:2] Re-raised at Duppy.queue in file "src/duppy.ml", line 361, characters 8-17
2026/09/26 00:01:28 [threads:2] Called from Tutils.create.(fun).process in file "tools/tutils.ml", line 164, characters 12-15
2026/09/26 00:01:28 [threads:2] 
2026/09/26 00:01:28 [threads:1] PANIC: Liquidsoap has crashed, exiting.,
2026/09/26 00:01:28 [threads:1] Please report at: savonet-users@lists.sf.net
2026/09/26 00:01:35 [lang.deprecated:2] WARNING: "map_metadata" is deprecated and will be removed in future version. Please use "metadata.map" instead.
2026/09/26 00:01:35 [lang.deprecated:2] WARNING: "map_metadata" is deprecated and will be removed in future version. Please use "metadata.map" instead.
2026/09/26 00:01:35 [error_jingle:3] "/usr/local/share/icecast/web/error.mp3" is static, resolving once for all...
2026/09/26 00:01:35 [error_jingle:3] Prepared "/usr/local/share/icecast/web/error.mp3" (RID 7).
2026/09/26 00:01:35 [safe_fallback:3] Switch to error_jingle.
2026/09/26 00:01:35 [playlist_000_transition:3] Prepared "/var/azuracast/stations/evangile_du_royaume/media/jingles_de_transition_3.mp3" (RID 12).
2026/09/26 00:01:35 [safe_fallback:3] Switch to amplify_0 with transition.
2026/09/26 00:01:35 [live_fallback:3] Switch to cross_0.
2026/09/26 00:01:35 [interrupting_fallback:3] Switch to requests_fallback.
2026/09/26 00:01:35 [requests_fallback:3] Switch to autodj_fallback.
2026/09/26 00:01:35 [autodj_fallback:3] Switch to schedule_switch.
2026/09/26 00:01:35 [schedule_switch:3] Switch to metadata.map_0.
2026/09/26 00:01:46 [next_song:3] Prepared "/var/azuracast/stations/evangile_du_royaume/media/Jingle/jingle_avant_message_05_vous_etes_a_lecoute_de_levangile_du_royaume.mp3" (RID 16).
2026/09/26 00:03:47 [decoder:2] Decoding "/var/azuracast/stations/evangile_du_royaume/media/jingles_de_transition_3.mp3" ended: Ffmpeg_decoder.End_of_file.
2026/09/26 00:03:48 [playlist_bloc_a_serie_du_jour:3] Prepared "/var/azuracast/stations/evangile_du_royaume/media/Jingle/jingle_avant_message_04_bienvenue_sur_parole_prophetique_fm.mp3" (RID 8).
2026/09/26 00:03:48 [schedule_switch:3] Switch to cue_playlist_bloc_a_serie_du_jour with forgetful transition.
2026/09/26 00:03:48 [autodj_fallback:3] Switch to dynamic_startup with forgetful transition.
2026/09/26 00:03:48 [dynamic_startup:3] Switch to cue_next_song.
2026/09/26 00:03:59 [decoder:2] Decoding "/var/azuracast/stations/evangile_du_royaume/media/Jingle/jingle_avant_message_05_vous_etes_a_lecoute_de_levangile_du_royaume.mp3" ended: Ffmpeg_decoder.End_of_file.
2026/09/26 00:03:59 [next_song:3] Prepared "/var/azuracast/stations/evangile_du_royaume/media/Jingle/jingle_avant_message_04_bienvenue_sur_parole_prophetique_fm.mp3" (RID 17).
2026/09/26 00:04:09 [decoder:2] Decoding "/var/azuracast/stations/evangile_du_royaume/media/Jingle/jingle_avant_message_04_bienvenue_sur_parole_prophetique_fm.mp3" ended: Ffmpeg_decoder.End_of_file.
2026/09/26 00:04:10 [next_song:3] Prepared "/var/azuracast/stations/evangile_du_royaume/media/Jingle/jingle_avant_message_04_bienvenue_sur_parole_prophetique_fm.mp3" (RID 18).
2026/09/26 00:04:19 [decoder:2] Decoding "/var/azuracast/stations/evangile_du_royaume/media/Jingle/jingle_avant_message_04_bienvenue_sur_parole_prophetique_fm.mp3" ended: Ffmpeg_decoder.End_of_file.
2026/09/26 00:04:20 [next_song:3] Prepared "/var/azuracast/stations/evangile_du_royaume/media/Jingle/jingle_avant_bible_07_place_a_la_lecture_de_la_bible.mp3" (RID 19).
2026/09/26 00:04:33 [decoder:2] Decoding "/var/azuracast/stations/evangile_du_royaume/media/Jingle/jingle_avant_bible_07_place_a_la_lecture_de_la_bible.mp3" ended: Ffmpeg_decoder.End_of_file.
2026/09/26 00:04:33 [next_song:3] Prepared "/var/azuracast/stations/evangile_du_royaume/media/La bible/1_timothée_001.mp3" (RID 20).
2026/09/26 00:07:46 [decoder:2] Decoding "/var/azuracast/stations/evangile_du_royaume/media/La bible/1_timothée_001.mp3" ended: Ffmpeg_decoder.End_of_file.
2026/09/26 00:07:46 [next_song:3] Prepared "/var/azuracast/stations/evangile_du_royaume/media/La bible/1_timothée_002.mp3" (RID 21).
2026/09/26 00:09:53 [decoder:2] Decoding "/var/azuracast/stations/evangile_du_royaume/media/La bible/1_timothée_002.mp3" ended: Ffmpeg_decoder.End_of_file.
2026/09/26 00:09:54 [next_song:3] Prepared "/var/azuracast/stations/evangile_du_royaume/media/La bible/1_timothée_003.mp3" (RID 22).
2026/09/26 00:12:15 [decoder:2] Decoding "/var/azuracast/stations/evangile_du_royaume/media/La bible/1_timothée_003.mp3" ended: Ffmpeg_decoder.End_of_file.
2026/09/26 00:12:15 [next_song:3] Prepared "/var/azuracast/stations/evangile_du_royaume/media/La bible/1_timothée_004.mp3" (RID 23).
2026/09/26 00:14:42 [decoder:2] Decoding "/var/azuracast/stations/evangile_du_royaume/media/La bible/1_timothée_004.mp3" ended: Ffmpeg_decoder.End_of_file.
2026/09/26 00:14:42 [next_song:3] Prepared "/var/azuracast/stations/evangile_du_royaume/media/La bible/1_timothée_005.mp3" (RID 24).
2026/09/26 00:18:24 [decoder:2] Decoding "/var/azuracast/stations/evangile_du_royaume/media/La bible/1_timothée_005.mp3" ended: Ffmpeg_decoder.End_of_file.
2026/09/26 00:18:24 [next_song:3] Prepared "/var/azuracast/stations/evangile_du_royaume/media/La bible/1_timothée_006.mp3" (RID 25).
2026/09/26 00:22:14 [decoder:2] Decoding "/var/azuracast/stations/evangile_du_royaume/media/La bible/1_timothée_006.mp3" ended: Ffmpeg_decoder.End_of_file.
2026/09/26 00:22:14 [next_song:3] Prepared "/var/azuracast/stations/evangile_du_royaume/media/La bible/proverbes_001.mp3" (RID 26).
2026/09/26 00:25:23 [decoder:2] Decoding "/var/azuracast/stations/evangile_du_royaume/media/La bible/proverbes_001.mp3" ended: Ffmpeg_decoder.End_of_file.
2026/09/26 00:25:23 [next_song:3] Prepared "/var/azuracast/stations/evangile_du_royaume/media/La bible/proverbes_002.mp3" (RID 27).
2026/09/26 00:27:17 [decoder:2] Decoding "/var/azuracast/stations/evangile_du_royaume/media/La bible/proverbes_002.mp3" ended: Ffmpeg_decoder.End_of_file.
2026/09/26 00:27:17 [next_song:3] Prepared "/var/azuracast/stations/evangile_du_royaume/media/La bible/proverbes_003.mp3" (RID 28).
2026/09/26 00:30:19 [decoder:2] Decoding "/var/azuracast/stations/evangile_du_royaume/media/La bible/proverbes_003.mp3" ended: Ffmpeg_decoder.End_of_file.
2026/09/26 00:30:19 [next_song:3] Prepared "/var/azuracast/stations/evangile_du_royaume/media/La bible/proverbes_004.mp3" (RID 29).
2026/09/26 00:32:43 [decoder:2] Decoding "/var/azuracast/stations/evangile_du_royaume/media/La bible/proverbes_004.mp3" ended: Ffmpeg_decoder.End_of_file.
2026/09/26 00:32:44 [next_song:3] Prepared "/var/azuracast/stations/evangile_du_royaume/media/La bible/proverbes_005.mp3" (RID 30).
2026/09/26 00:34:47 [decoder:2] Decoding "/var/azuracast/stations/evangile_du_royaume/media/La bible/proverbes_005.mp3" ended: Ffmpeg_decoder.End_of_file.
2026/09/26 00:34:47 [next_song:3] Prepared "/var/azuracast/stations/evangile_du_royaume/media/La bible/proverbes_006.mp3" (RID 31).
2026/09/26 00:37:58 [decoder:2] Decoding "/var/azuracast/stations/evangile_du_royaume/media/La bible/proverbes_006.mp3" ended: Ffmpeg_decoder.End_of_file.
2026/09/26 00:37:59 [next_song:3] Prepared "/var/azuracast/stations/evangile_du_royaume/media/La bible/proverbes_007.mp3" (RID 32).
2026/09/26 00:40:20 [decoder:2] Decoding "/var/azuracast/stations/evangile_du_royaume/media/La bible/proverbes_007.mp3" ended: Ffmpeg_decoder.End_of_file.
2026/09/26 00:40:21 [next_song:3] Prepared "/var/azuracast/stations/evangile_du_royaume/media/La bible/proverbes_008.mp3" (RID 33).
2026/09/26 00:43:29 [decoder:2] Decoding "/var/azuracast/stations/evangile_du_royaume/media/La bible/proverbes_008.mp3" ended: Ffmpeg_decoder.End_of_file.
2026/09/26 00:43:29 [next_song:3] Prepared "/var/azuracast/stations/evangile_du_royaume/media/La bible/proverbes_009.mp3" (RID 34).
2026/09/26 00:45:02 [decoder:2] Decoding "/var/azuracast/stations/evangile_du_royaume/media/La bible/proverbes_009.mp3" ended: Ffmpeg_decoder.End_of_file.
2026/09/26 00:45:02 [next_song:3] Prepared "/var/azuracast/stations/evangile_du_royaume/media/La bible/proverbes_010.mp3" (RID 35).
2026/09/26 00:45:04 [clock.main:2] We must catchup 1.18 seconds!
2026/09/26 00:48:14 [decoder:2] Decoding "/var/azuracast/stations/evangile_du_royaume/media/La bible/proverbes_010.mp3" ended: Ffmpeg_decoder.End_of_file.
2026/09/26 00:48:14 [next_song:3] Prepared "/var/azuracast/stations/evangile_du_royaume/media/La bible/proverbes_011.mp3" (RID 36).
2026/09/26 00:51:24 [decoder:2] Decoding "/var/azuracast/stations/evangile_du_royaume/media/La bible/proverbes_011.mp3" ended: Ffmpeg_decoder.End_of_file.
2026/09/26 00:51:24 [next_song:3] Prepared "/var/azuracast/stations/evangile_du_royaume/media/La bible/proverbes_012.mp3" (RID 37).
2026/09/26 00:54:18 [decoder:2] Decoding "/var/azuracast/stations/evangile_du_royaume/media/La bible/proverbes_012.mp3" ended: Ffmpeg_decoder.End_of_file.
2026/09/26 00:54:18 [next_song:3] Prepared "/var/azuracast/stations/evangile_du_royaume/media/La bible/proverbes_013.mp3" (RID 38).
2026/09/26 00:56:56 [decoder:2] Decoding "/var/azuracast/stations/evangile_du_royaume/media/La bible/proverbes_013.mp3" ended: Ffmpeg_decoder.End_of_file.
2026/09/26 00:56:56 [next_song:3] Prepared "/var/azuracast/stations/evangile_du_royaume/media/La bible/proverbes_014.mp3" (RID 39).
2026/09/26 01:00:29 [decoder:2] Decoding "/var/azuracast/stations/evangile_du_royaume/media/La bible/proverbes_014.mp3" ended: Ffmpeg_decoder.End_of_file.
2026/09/26 01:00:29 [next_song:3] Prepared "/var/azuracast/stations/evangile_du_royaume/media/Jingle/jingle_avant_louange_07_voici_un_temps_de_louange.mp3" (RID 40).
2026/09/26 01:00:42 [decoder:2] Decoding "/var/azuracast/stations/evangile_du_royaume/media/Jingle/jingle_avant_louange_07_voici_un_temps_de_louange.mp3" ended: Ffmpeg_decoder.End_of_file.
2026/09/26 01:00:42 [next_song:3] Prepared "/var/azuracast/stations/evangile_du_royaume/media/Cantiques du royaume/7-_gael_adorons_léternel.mp3" (RID 41).
2026/09/26 01:04:21 [decoder:2] Decoding "/var/azuracast/stations/evangile_du_royaume/media/Cantiques du royaume/7-_gael_adorons_léternel.mp3" ended: Ffmpeg_decoder.End_of_file.
2026/09/26 01:04:21 [next_song:3] Prepared "/var/azuracast/stations/evangile_du_royaume/media/Cantiques du royaume/WhatsApp Audio 2022-03-15 at 01.33.50 (1)(1).mp3" (RID 42).
2026/09/26 01:13:49 [decoder:2] Decoding "/var/azuracast/stations/evangile_du_royaume/media/Cantiques du royaume/WhatsApp Audio 2022-03-15 at 01.33.50 (1)(1).mp3" ended: Ffmpeg_decoder.End_of_file.
2026/09/26 01:13:49 [next_song:3] Prepared "/var/azuracast/stations/evangile_du_royaume/media/Worship/36 - Praise the Lord of Host - Toronto HF.mp3" (RID 43).
2026/09/26 01:20:16 [decoder:2] Decoding "/var/azuracast/stations/evangile_du_royaume/media/Worship/36 - Praise the Lord of Host - Toronto HF.mp3" ended: Ffmpeg_decoder.End_of_file.
2026/09/26 01:20:17 [next_song:3] Prepared "/var/azuracast/stations/evangile_du_royaume/media/Worship/78 - Crown Him Lord of Lords - Nonso Njoku.mp3" (RID 44).
2026/09/26 01:26:16 [decoder:2] Decoding "/var/azuracast/stations/evangile_du_royaume/media/Worship/78 - Crown Him Lord of Lords - Nonso Njoku.mp3" ended: Ffmpeg_decoder.End_of_file.
2026/09/26 01:26:16 [next_song:3] Prepared "/var/azuracast/stations/evangile_du_royaume/media/Cantiques du royaume/Cantique Jean 1- la Parole.mp3" (RID 45).
2026/09/26 01:29:23 [decoder:2] Decoding "/var/azuracast/stations/evangile_du_royaume/media/Cantiques du royaume/Cantique Jean 1- la Parole.mp3" ended: Ffmpeg_decoder.End_of_file.
2026/09/26 01:29:23 [next_song:3] Prepared "/var/azuracast/stations/evangile_du_royaume/media/Cantiques du royaume/cantique__béni_soit_le_dieu_d_israël.mp3" (RID 46).
2026/09/26 01:35:54 [decoder:2] Decoding "/var/azuracast/stations/evangile_du_royaume/media/Cantiques du royaume/cantique__béni_soit_le_dieu_d_israël.mp3" ended: Ffmpeg_decoder.End_of_file.
2026/09/26 01:35:55 [next_song:3] Prepared "/var/azuracast/stations/evangile_du_royaume/media/Worship/12 - As We Worship - Toronto & Winnipeg HF.mp3" (RID 47).
2026/09/26 01:46:04 [decoder:2] Decoding "/var/azuracast/stations/evangile_du_royaume/media/Worship/12 - As We Worship - Toronto & Winnipeg HF.mp3" ended: Ffmpeg_decoder.End_of_file.
2026/09/26 01:46:05 [next_song:3] Prepared "/var/azuracast/stations/evangile_du_royaume/media/Cantiques du royaume/Cantique- Mon modèle, c_est Jésus.mp3" (RID 48).
2026/09/26 01:50:16 [decoder:2] Decoding "/var/azuracast/stations/evangile_du_royaume/media/Cantiques du royaume/Cantique- Mon modèle, c_est Jésus.mp3" ended: Ffmpeg_decoder.End_of_file.
2026/09/26 01:50:16 [next_song:3] Prepared "/var/azuracast/stations/evangile_du_royaume/media/Cantiques du royaume/4-_resurrection_ses_cheveux_étaient_blancs.mp3" (RID 49).
2026/09/26 01:53:35 [decoder:2] Decoding "/var/azuracast/stations/evangile_du_royaume/media/Cantiques du royaume/4-_resurrection_ses_cheveux_étaient_blancs.mp3" ended: Ffmpeg_decoder.End_of_file.
2026/09/26 01:53:36 [next_song:3] Prepared "/var/azuracast/stations/evangile_du_royaume/media/Worship/82 - A Song Of Love.mp3" (RID 50).
2026/09/26 01:58:35 [decoder:2] Decoding "/var/azuracast/stations/evangile_du_royaume/media/Worship/82 - A Song Of Love.mp3" ended: Ffmpeg_decoder.End_of_file.
2026/09/26 01:58:36 [next_song:3] Prepared "/var/azuracast/stations/evangile_du_royaume/media/Jingle/jingle_avant_bible_08_prenons_un_moment_pour_ecouter_la_parole.mp3" (RID 51).
2026/09/26 01:58:45 [decoder:2] Decoding "/var/azuracast/stations/evangile_du_royaume/media/Jingle/jingle_avant_bible_08_prenons_un_moment_pour_ecouter_la_parole.mp3" ended: Ffmpeg_decoder.End_of_file.
2026/09/26 01:58:45 [next_song:3] Prepared "/var/azuracast/stations/evangile_du_royaume/media/La bible/deutéronome_001.mp3" (RID 52).
2026/09/26 02:06:22 [decoder:2] Decoding "/var/azuracast/stations/evangile_du_royaume/media/La bible/deutéronome_001.mp3" ended: Ffmpeg_decoder.End_of_file.
2026/09/26 02:06:23 [next_song:3] Prepared "/var/azuracast/stations/evangile_du_royaume/media/La bible/deutéronome_002.mp3" (RID 53).
2026/09/26 02:12:14 [decoder:2] Decoding "/var/azuracast/stations/evangile_du_royaume/media/La bible/deutéronome_002.mp3" ended: Ffmpeg_decoder.End_of_file.
2026/09/26 02:12:15 [next_song:3] Prepared "/var/azuracast/stations/evangile_du_royaume/media/La bible/deutéronome_003.mp3" (RID 54).
2026/09/26 02:17:19 [decoder:2] Decoding "/var/azuracast/stations/evangile_du_royaume/media/La bible/deutéronome_003.mp3" ended: Ffmpeg_decoder.End_of_file.
2026/09/26 02:17:19 [next_song:3] Prepared "/var/azuracast/stations/evangile_du_royaume/media/La bible/deutéronome_004.mp3" (RID 55).
2026/09/26 02:26:19 [decoder:2] Decoding "/var/azuracast/stations/evangile_du_royaume/media/La bible/deutéronome_004.mp3" ended: Ffmpeg_decoder.End_of_file.
2026/09/26 02:26:20 [next_song:3] Prepared "/var/azuracast/stations/evangile_du_royaume/media/Jingle/jingle_avant_louange_05_elevons_nos_coeurs_vers_dieu.mp3" (RID 56).
2026/09/26 02:26:31 [decoder:2] Decoding "/var/azuracast/stations/evangile_du_royaume/media/Jingle/jingle_avant_louange_05_elevons_nos_coeurs_vers_dieu.mp3" ended: Ffmpeg_decoder.End_of_file.
2026/09/26 02:26:31 [next_song:3] Prepared "/var/azuracast/stations/evangile_du_royaume/media/Cantiques du royaume/3-gabrielle_lidji_-_mélodie_céleste__by_lfxa(light_fx_animation)_2.mp3" (RID 57).
2026/09/26 02:31:47 [decoder:2] Decoding "/var/azuracast/stations/evangile_du_royaume/media/Cantiques du royaume/3-gabrielle_lidji_-_mélodie_céleste__by_lfxa(light_fx_animation)_2.mp3" ended: Ffmpeg_decoder.End_of_file.
2026/09/26 02:31:48 [next_song:3] Prepared "/var/azuracast/stations/evangile_du_royaume/media/Worship/71 - In the Day of Your Power  - Winnipeg Fellowship.mp3" (RID 58).
2026/09/26 02:40:06 [decoder:2] Decoding "/var/azuracast/stations/evangile_du_royaume/media/Worship/71 - In the Day of Your Power  - Winnipeg Fellowship.mp3" ended: Ffmpeg_decoder.End_of_file.
2026/09/26 02:40:07 [next_song:3] Prepared "/var/azuracast/stations/evangile_du_royaume/media/Worship/43 - The Mountains, Come and, Oh City - Ketu HF.mp3" (RID 59).
2026/09/26 02:48:28 [decoder:2] Decoding "/var/azuracast/stations/evangile_du_royaume/media/Worship/43 - The Mountains, Come and, Oh City - Ketu HF.mp3" ended: Ffmpeg_decoder.End_of_file.
2026/09/26 02:48:29 [next_song:3] Prepared "/var/azuracast/stations/evangile_du_royaume/media/Worship/34 - Great and Marvellous - Ketu HF.mp3" (RID 60).
2026/09/26 02:56:35 [decoder:2] Decoding "/var/azuracast/stations/evangile_du_royaume/media/Worship/34 - Great and Marvellous - Ketu HF.mp3" ended: Ffmpeg_decoder.End_of_file.
2026/09/26 02:56:36 [next_song:3] Prepared "/var/azuracast/stations/evangile_du_royaume/media/SWBN Lead Concert Live Worship/04 - The King is Here (Abasiama Timothy).mp3" (RID 61).
2026/09/26 03:02:45 [decoder:2] Decoding "/var/azuracast/stations/evangile_du_royaume/media/SWBN Lead Concert Live Worship/04 - The King is Here (Abasiama Timothy).mp3" ended: Ffmpeg_decoder.End_of_file.
2026/09/26 03:02:45 [next_song:3] Prepared "/var/azuracast/stations/evangile_du_royaume/media/Worship/11 - Hosanna - Toronto HF.mp3" (RID 62).
2026/09/26 03:09:41 [decoder:2] Decoding "/var/azuracast/stations/evangile_du_royaume/media/Worship/11 - Hosanna - Toronto HF.mp3" ended: Ffmpeg_decoder.End_of_file.
2026/09/26 03:09:42 [next_song:3] Prepared "/var/azuracast/stations/evangile_du_royaume/media/Cantiques du royaume/Cantique Jahweh, Tu es élevé au dessus de tout (1).mp3" (RID 63).
2026/09/26 03:14:31 [decoder:2] Decoding "/var/azuracast/stations/evangile_du_royaume/media/Cantiques du royaume/Cantique Jahweh, Tu es élevé au dessus de tout (1).mp3" ended: Ffmpeg_decoder.End_of_file.
2026/09/26 03:14:32 [next_song:3] Prepared "/var/azuracast/stations/evangile_du_royaume/media/Worship/72 - There is no name  - Winnipeg Fellowship.mp3" (RID 64).
2026/09/26 03:22:19 [decoder:2] Decoding "/var/azuracast/stations/evangile_du_royaume/media/Worship/72 - There is no name  - Winnipeg Fellowship.mp3" ended: Ffmpeg_decoder.End_of_file.
2026/09/26 03:22:20 [next_song:3] Prepared "/var/azuracast/stations/evangile_du_royaume/media/Jingle/jingle_avant_bible_06_ouvrons_les_saintes_ecritures.mp3" (RID 65).
2026/09/26 03:22:30 [decoder:2] Decoding "/var/azuracast/stations/evangile_du_royaume/media/Jingle/jingle_avant_bible_06_ouvrons_les_saintes_ecritures.mp3" ended: Ffmpeg_decoder.End_of_file.
2026/09/26 03:22:31 [next_song:3] Prepared "/var/azuracast/stations/evangile_du_royaume/media/La bible/jude_001.mp3" (RID 66).
2026/09/26 03:26:55 [decoder:2] Decoding "/var/azuracast/stations/evangile_du_royaume/media/La bible/jude_001.mp3" ended: Ffmpeg_decoder.End_of_file.
2026/09/26 03:26:55 [next_song:3] Prepared "/var/azuracast/stations/evangile_du_royaume/media/La bible/ecclésiaste_012.mp3" (RID 67).
2026/09/26 03:29:08 [decoder:2] Decoding "/var/azuracast/stations/evangile_du_royaume/media/La bible/ecclésiaste_012.mp3" ended: Ffmpeg_decoder.End_of_file.
2026/09/26 03:29:08 [next_song:3] Prepared "/var/azuracast/stations/evangile_du_royaume/media/La bible/jacques_001.mp3" (RID 68).
2026/09/26 03:33:02 [decoder:2] Decoding "/var/azuracast/stations/evangile_du_royaume/media/La bible/jacques_001.mp3" ended: Ffmpeg_decoder.End_of_file.
2026/09/26 03:33:03 [next_song:3] Prepared "/var/azuracast/stations/evangile_du_royaume/media/La bible/jacques_002.mp3" (RID 69).
2026/09/26 03:36:51 [decoder:2] Decoding "/var/azuracast/stations/evangile_du_royaume/media/La bible/jacques_002.mp3" ended: Ffmpeg_decoder.End_of_file.
2026/09/26 03:36:51 [next_song:3] Prepared "/var/azuracast/stations/evangile_du_royaume/media/La bible/jacques_003.mp3" (RID 70).
2026/09/26 03:39:44 [decoder:2] Decoding "/var/azuracast/stations/evangile_du_royaume/media/La bible/jacques_003.mp3" ended: Ffmpeg_decoder.End_of_file.
2026/09/26 03:39:44 [next_song:3] Prepared "/var/azuracast/stations/evangile_du_royaume/media/La bible/jacques_004.mp3" (RID 71).
2026/09/26 03:40:04 [clock.main:2] We must catchup 1.18 seconds!
2026/09/26 03:40:05 [clock.main:2] We must catchup 1.66 seconds!
2026/09/26 03:40:06 [clock.main:2] We must catchup 2.28 seconds!
2026/09/26 03:40:07 [clock.main:2] We must catchup 2.71 seconds!
2026/09/26 03:40:08 [clock.main:2] We must catchup 2.53 seconds!
2026/09/26 03:42:28 [decoder:2] Decoding "/var/azuracast/stations/evangile_du_royaume/media/La bible/jacques_004.mp3" ended: Ffmpeg_decoder.End_of_file.
2026/09/26 03:42:28 [next_song:3] Prepared "/var/azuracast/stations/evangile_du_royaume/media/La bible/jacques_005.mp3" (RID 72).
2026/09/26 03:45:53 [decoder:2] Decoding "/var/azuracast/stations/evangile_du_royaume/media/La bible/jacques_005.mp3" ended: Ffmpeg_decoder.End_of_file.
2026/09/26 03:45:53 [next_song:3] Prepared "/var/azuracast/stations/evangile_du_royaume/media/La bible/hébreux_011.mp3" (RID 73).
2026/09/26 03:52:37 [decoder:2] Decoding "/var/azuracast/stations/evangile_du_royaume/media/La bible/hébreux_011.mp3" ended: Ffmpeg_decoder.End_of_file.
2026/09/26 03:52:38 [next_song:3] Prepared "/var/azuracast/stations/evangile_du_royaume/media/La bible/hébreux_012.mp3" (RID 74).
2026/09/26 03:57:39 [decoder:2] Decoding "/var/azuracast/stations/evangile_du_royaume/media/La bible/hébreux_012.mp3" ended: Ffmpeg_decoder.End_of_file.
2026/09/26 03:57:40 [next_song:3] Prepared "/var/azuracast/stations/evangile_du_royaume/media/La bible/hébreux_013.mp3" (RID 75).
2026/09/26 04:01:13 [decoder:2] Decoding "/var/azuracast/stations/evangile_du_royaume/media/La bible/hébreux_013.mp3" ended: Ffmpeg_decoder.End_of_file.
2026/09/26 04:01:13 [next_song:3] Prepared "/var/azuracast/stations/evangile_du_royaume/media/La bible/philippiens_001.mp3" (RID 76).
2026/09/26 04:05:25 [decoder:2] Decoding "/var/azuracast/stations/evangile_du_royaume/media/La bible/philippiens_001.mp3" ended: Ffmpeg_decoder.End_of_file.
2026/09/26 04:05:26 [next_song:3] Prepared "/var/azuracast/stations/evangile_du_royaume/media/Jingle/jingle_avant_louange_06_que_la_louange_seleve.mp3" (RID 77).
2026/09/26 04:05:36 [decoder:2] Decoding "/var/azuracast/stations/evangile_du_royaume/media/Jingle/jingle_avant_louange_06_que_la_louange_seleve.mp3" ended: Ffmpeg_decoder.End_of_file.
2026/09/26 04:05:37 [next_song:3] Prepared "/var/azuracast/stations/evangile_du_royaume/media/Worship/79 - The Lord is my Light and Salvation - Nonso Njoku.mp3" (RID 78).
2026/09/26 04:08:37 [decoder:2] Decoding "/var/azuracast/stations/evangile_du_royaume/media/Worship/79 - The Lord is my Light and Salvation - Nonso Njoku.mp3" ended: Ffmpeg_decoder.End_of_file.
2026/09/26 04:08:38 [next_song:3] Prepared "/var/azuracast/stations/evangile_du_royaume/media/Worship/09 - Oh Lord I Want to Know Your Glory - Port Harcourt HF.mp3" (RID 79).
2026/09/26 04:14:50 [decoder:2] Decoding "/var/azuracast/stations/evangile_du_royaume/media/Worship/09 - Oh Lord I Want to Know Your Glory - Port Harcourt HF.mp3" ended: Ffmpeg_decoder.End_of_file.
2026/09/26 04:14:51 [next_song:3] Prepared "/var/azuracast/stations/evangile_du_royaume/media/Cantiques du royaume/cantique__ta_bonte.mp3" (RID 80).
2026/09/26 04:20:54 [decoder:2] Decoding "/var/azuracast/stations/evangile_du_royaume/media/Cantiques du royaume/cantique__ta_bonte.mp3" ended: Ffmpeg_decoder.End_of_file.
2026/09/26 04:20:55 [next_song:3] Prepared "/var/azuracast/stations/evangile_du_royaume/media/Worship/16 - I Will Not Be Silent - Calabar HF.mp3" (RID 81).
2026/09/26 04:24:55 [decoder:2] Decoding "/var/azuracast/stations/evangile_du_royaume/media/Worship/16 - I Will Not Be Silent - Calabar HF.mp3" ended: Ffmpeg_decoder.End_of_file.
2026/09/26 04:24:55 [next_song:3] Prepared "/var/azuracast/stations/evangile_du_royaume/media/Cantiques du royaume/6-_igwe.mp3" (RID 82).
2026/09/26 04:30:02 [decoder:2] Decoding "/var/azuracast/stations/evangile_du_royaume/media/Cantiques du royaume/6-_igwe.mp3" ended: Ffmpeg_decoder.End_of_file.
2026/09/26 04:30:03 [next_song:3] Prepared "/var/azuracast/stations/evangile_du_royaume/media/Cantiques du royaume/Cantique - Je veux vivre ton royaume.mp3" (RID 83).
2026/09/26 04:30:04 [clock.main:2] We must catchup 1.15 seconds!
2026/09/26 04:30:05 [clock.main:2] We must catchup 1.72 seconds!
2026/09/26 04:34:44 [decoder:2] Decoding "/var/azuracast/stations/evangile_du_royaume/media/Cantiques du royaume/Cantique - Je veux vivre ton royaume.mp3" ended: Ffmpeg_decoder.End_of_file.
2026/09/26 04:34:45 [next_song:3] Prepared "/var/azuracast/stations/evangile_du_royaume/media/Cantiques du royaume/cantique__heureux_l_homme_qui_ne_marche_pas_selon.mp3" (RID 84).
2026/09/26 04:37:01 [decoder:2] Decoding "/var/azuracast/stations/evangile_du_royaume/media/Cantiques du royaume/cantique__heureux_l_homme_qui_ne_marche_pas_selon.mp3" ended: Ffmpeg_decoder.End_of_file.
2026/09/26 04:37:02 [next_song:3] Prepared "/var/azuracast/stations/evangile_du_royaume/media/Worship/21 - I Choose the Way of the Lord - Abuja HF.mp3" (RID 85).
2026/09/26 04:41:06 [decoder:2] Decoding "/var/azuracast/stations/evangile_du_royaume/media/Worship/21 - I Choose the Way of the Lord - Abuja HF.mp3" ended: Ffmpeg_decoder.End_of_file.
2026/09/26 04:41:07 [next_song:3] Prepared "/var/azuracast/stations/evangile_du_royaume/media/Worship/19 - You're the Lamb - Calabar HF.mp3" (RID 86).
2026/09/26 04:50:07 [decoder:2] Decoding "/var/azuracast/stations/evangile_du_royaume/media/Worship/19 - You're the Lamb - Calabar HF.mp3" ended: Ffmpeg_decoder.End_of_file.
2026/09/26 04:50:08 [next_song:3] Prepared "/var/azuracast/stations/evangile_du_royaume/media/Worship/44 - Great is, Ascribe - Ketu HF.mp3" (RID 87).
2026/09/26 05:01:06 [decoder:2] Decoding "/var/azuracast/stations/evangile_du_royaume/media/Worship/44 - Great is, Ascribe - Ketu HF.mp3" ended: Ffmpeg_decoder.End_of_file.
2026/09/26 05:01:06 [next_song:3] Prepared "/var/azuracast/stations/evangile_du_royaume/media/Jingle/jingle_musical_station_fm_parole_prophetique_01.mp3" (RID 88).
2026/09/26 05:01:15 [decoder:2] Decoding "/var/azuracast/stations/evangile_du_royaume/media/Jingle/jingle_musical_station_fm_parole_prophetique_01.mp3" ended: Ffmpeg_decoder.End_of_file.
2026/09/26 05:01:16 [next_song:3] Prepared "/var/azuracast/stations/evangile_du_royaume/media/La bible/lévitique_023.mp3" (RID 89).
2026/09/26 05:08:11 [decoder:2] Decoding "/var/azuracast/stations/evangile_du_royaume/media/La bible/lévitique_023.mp3" ended: Ffmpeg_decoder.End_of_file.
2026/09/26 05:08:11 [next_song:3] Prepared "/var/azuracast/stations/evangile_du_royaume/media/La bible/lévitique_024.mp3" (RID 90).
2026/09/26 05:11:19 [decoder:2] Decoding "/var/azuracast/stations/evangile_du_royaume/media/La bible/lévitique_024.mp3" ended: Ffmpeg_decoder.End_of_file.
2026/09/26 05:11:20 [next_song:3] Prepared "/var/azuracast/stations/evangile_du_royaume/media/La bible/lévitique_025.mp3" (RID 91).
2026/09/26 05:19:30 [decoder:2] Decoding "/var/azuracast/stations/evangile_du_royaume/media/La bible/lévitique_025.mp3" ended: Ffmpeg_decoder.End_of_file.
2026/09/26 05:19:30 [next_song:3] Prepared "/var/azuracast/stations/evangile_du_royaume/media/Jingle/jingle_id_station_03_notre_mission_annonce_levangile.mp3" (RID 92).
2026/09/26 05:19:42 [decoder:2] Decoding "/var/azuracast/stations/evangile_du_royaume/media/Jingle/jingle_id_station_03_notre_mission_annonce_levangile.mp3" ended: Ffmpeg_decoder.End_of_file.
2026/09/26 05:19:43 [next_song:3] Prepared "/var/azuracast/stations/evangile_du_royaume/media/Worship/90 - Bless Ye the Lord - PHF.mp3" (RID 93).
2026/09/26 05:28:03 [decoder:2] Decoding "/var/azuracast/stations/evangile_du_royaume/media/Worship/90 - Bless Ye the Lord - PHF.mp3" ended: Ffmpeg_decoder.End_of_file.
2026/09/26 05:28:04 [next_song:3] Prepared "/var/azuracast/stations/evangile_du_royaume/media/Cantiques du royaume/Cantique l_Éternel est mon Berger (1).mp3" (RID 94).
2026/09/26 05:33:44 [decoder:2] Decoding "/var/azuracast/stations/evangile_du_royaume/media/Cantiques du royaume/Cantique l_Éternel est mon Berger (1).mp3" ended: Ffmpeg_decoder.End_of_file.
2026/09/26 05:33:44 [next_song:3] Prepared "/var/azuracast/stations/evangile_du_royaume/media/SWBN Lead Concert Live Worship/02 - Unto Him (Vincent Opara).mp3" (RID 95).
2026/09/26 05:42:22 [decoder:2] Decoding "/var/azuracast/stations/evangile_du_royaume/media/SWBN Lead Concert Live Worship/02 - Unto Him (Vincent Opara).mp3" ended: Ffmpeg_decoder.End_of_file.
2026/09/26 05:42:23 [next_song:3] Prepared "/var/azuracast/stations/evangile_du_royaume/media/Worship/88 - Good God - Asaba Fellowship.mp3" (RID 96).
2026/09/26 05:48:26 [decoder:2] Decoding "/var/azuracast/stations/evangile_du_royaume/media/Worship/88 - Good God - Asaba Fellowship.mp3" ended: Ffmpeg_decoder.End_of_file.
2026/09/26 05:48:26 [next_song:3] Prepared "/var/azuracast/stations/evangile_du_royaume/media/Jingle/jingle_avant_message_04_bienvenue_sur_parole_prophetique_fm.mp3" (RID 97).
2026/09/26 05:48:36 [decoder:2] Decoding "/var/azuracast/stations/evangile_du_royaume/media/Jingle/jingle_avant_message_04_bienvenue_sur_parole_prophetique_fm.mp3" ended: Ffmpeg_decoder.End_of_file.
2026/09/26 05:48:36 [next_song:3] Prepared "/var/azuracast/stations/evangile_du_royaume/media/aa_la_révélation_de_la_victoire_du_fils_mâle.mp3" (RID 98).
2026/09/26 06:15:06 [clock.main:2] We must catchup 1.00 seconds!
2026/09/26 06:17:42 [decoder:2] Decoding "/var/azuracast/stations/evangile_du_royaume/media/aa_la_révélation_de_la_victoire_du_fils_mâle.mp3" ended: Ffmpeg_decoder.End_of_file.
2026/09/26 06:17:43 [next_song:3] Prepared "/var/azuracast/stations/evangile_du_royaume/media/Jingle/jingle_avant_message_04_bienvenue_sur_parole_prophetique_fm.mp3" (RID 99).
2026/09/26 06:17:52 [decoder:2] Decoding "/var/azuracast/stations/evangile_du_royaume/media/Jingle/jingle_avant_message_04_bienvenue_sur_parole_prophetique_fm.mp3" ended: Ffmpeg_decoder.End_of_file.
2026/09/26 06:17:53 [next_song:3] Prepared "/var/azuracast/stations/evangile_du_royaume/media/aa_la_révélation_de_la_victoire_du_fils_mâle.mp3" (RID 100).
2026/09/26 06:46:58 [decoder:2] Decoding "/var/azuracast/stations/evangile_du_royaume/media/aa_la_révélation_de_la_victoire_du_fils_mâle.mp3" ended: Ffmpeg_decoder.End_of_file.
2026/09/26 06:46:59 [next_song:3] Prepared "/var/azuracast/stations/evangile_du_royaume/media/Jingle/jingle_avant_bible_07_place_a_la_lecture_de_la_bible.mp3" (RID 101).
2026/09/26 06:47:12 [decoder:2] Decoding "/var/azuracast/stations/evangile_du_royaume/media/Jingle/jingle_avant_bible_07_place_a_la_lecture_de_la_bible.mp3" ended: Ffmpeg_decoder.End_of_file.
2026/09/26 06:47:12 [next_song:3] Prepared "/var/azuracast/stations/evangile_du_royaume/media/La bible/nahum_001.mp3" (RID 102).
2026/09/26 06:49:30 [decoder:2] Decoding "/var/azuracast/stations/evangile_du_royaume/media/La bible/nahum_001.mp3" ended: Ffmpeg_decoder.End_of_file.
2026/09/26 06:49:31 [next_song:3] Prepared "/var/azuracast/stations/evangile_du_royaume/media/La bible/nahum_002.mp3" (RID 103).
2026/09/26 06:51:32 [decoder:2] Decoding "/var/azuracast/stations/evangile_du_royaume/media/La bible/nahum_002.mp3" ended: Ffmpeg_decoder.End_of_file.
2026/09/26 06:51:32 [next_song:3] Prepared "/var/azuracast/stations/evangile_du_royaume/media/La bible/nahum_003.mp3" (RID 104).
2026/09/26 06:54:31 [decoder:2] Decoding "/var/azuracast/stations/evangile_du_royaume/media/La bible/nahum_003.mp3" ended: Ffmpeg_decoder.End_of_file.
2026/09/26 06:54:32 [next_song:3] Prepared "/var/azuracast/stations/evangile_du_royaume/media/La bible/exode_033.mp3" (RID 105).
2026/09/26 06:59:29 [decoder:2] Decoding "/var/azuracast/stations/evangile_du_royaume/media/La bible/exode_033.mp3" ended: Ffmpeg_decoder.End_of_file.
2026/09/26 06:59:30 [next_song:3] Prepared "/var/azuracast/stations/evangile_du_royaume/media/La bible/exode_034.mp3" (RID 106).
2026/09/26 07:06:51 [decoder:2] Decoding "/var/azuracast/stations/evangile_du_royaume/media/La bible/exode_034.mp3" ended: Ffmpeg_decoder.End_of_file.
2026/09/26 07:06:51 [next_song:3] Prepared "/var/azuracast/stations/evangile_du_royaume/media/La bible/exode_035.mp3" (RID 107).
2026/09/26 07:12:29 [decoder:2] Decoding "/var/azuracast/stations/evangile_du_royaume/media/La bible/exode_035.mp3" ended: Ffmpeg_decoder.End_of_file.
2026/09/26 07:12:30 [next_song:3] Prepared "/var/azuracast/stations/evangile_du_royaume/media/La bible/exode_036.mp3" (RID 108).
2026/09/26 07:17:43 [decoder:2] Decoding "/var/azuracast/stations/evangile_du_royaume/media/La bible/exode_036.mp3" ended: Ffmpeg_decoder.End_of_file.
2026/09/26 07:17:43 [next_song:3] Prepared "/var/azuracast/stations/evangile_du_royaume/media/La bible/exode_037.mp3" (RID 109).
2026/09/26 07:21:45 [decoder:2] Decoding "/var/azuracast/stations/evangile_du_royaume/media/La bible/exode_037.mp3" ended: Ffmpeg_decoder.End_of_file.
2026/09/26 07:21:45 [next_song:3] Prepared "/var/azuracast/stations/evangile_du_royaume/media/La bible/exode_038.mp3" (RID 110).
2026/09/26 07:26:38 [decoder:2] Decoding "/var/azuracast/stations/evangile_du_royaume/media/La bible/exode_038.mp3" ended: Ffmpeg_decoder.End_of_file.
2026/09/26 07:26:38 [next_song:3] Prepared "/var/azuracast/stations/evangile_du_royaume/media/La bible/exode_039.mp3" (RID 111).
2026/09/26 07:33:10 [decoder:2] Decoding "/var/azuracast/stations/evangile_du_royaume/media/La bible/exode_039.mp3" ended: Ffmpeg_decoder.End_of_file.
2026/09/26 07:33:10 [next_song:3] Prepared "/var/azuracast/stations/evangile_du_royaume/media/La bible/exode_040.mp3" (RID 112).
2026/09/26 07:38:21 [decoder:2] Decoding "/var/azuracast/stations/evangile_du_royaume/media/La bible/exode_040.mp3" ended: Ffmpeg_decoder.End_of_file.
2026/09/26 07:38:22 [next_song:3] Prepared "/var/azuracast/stations/evangile_du_royaume/media/La bible/2_jean_001.mp3" (RID 113).
2026/09/26 07:40:26 [decoder:2] Decoding "/var/azuracast/stations/evangile_du_royaume/media/La bible/2_jean_001.mp3" ended: Ffmpeg_decoder.End_of_file.
2026/09/26 07:40:26 [next_song:3] Prepared "/var/azuracast/stations/evangile_du_royaume/media/La bible/jean_002.mp3" (RID 114).
2026/09/26 07:43:16 [decoder:2] Decoding "/var/azuracast/stations/evangile_du_royaume/media/La bible/jean_002.mp3" ended: Ffmpeg_decoder.End_of_file.
2026/09/26 07:43:16 [next_song:3] Prepared "/var/azuracast/stations/evangile_du_royaume/media/Jingle/jingle_avant_louange_07_voici_un_temps_de_louange.mp3" (RID 115).
2026/09/26 07:43:29 [decoder:2] Decoding "/var/azuracast/stations/evangile_du_royaume/media/Jingle/jingle_avant_louange_07_voici_un_temps_de_louange.mp3" ended: Ffmpeg_decoder.End_of_file.
2026/09/26 07:43:29 [next_song:3] Prepared "/var/azuracast/stations/evangile_du_royaume/media/Worship/62 - All in All - CHF.mp3" (RID 116).
2026/09/26 07:48:06 [decoder:2] Decoding "/var/azuracast/stations/evangile_du_royaume/media/Worship/62 - All in All - CHF.mp3" ended: Ffmpeg_decoder.End_of_file.
2026/09/26 07:48:06 [next_song:3] Prepared "/var/azuracast/stations/evangile_du_royaume/media/Worship/32 - There is A Mighty River Flowing - Ketu HF.mp3" (RID 117).
2026/09/26 07:55:12 [decoder:2] Decoding "/var/azuracast/stations/evangile_du_royaume/media/Worship/32 - There is A Mighty River Flowing - Ketu HF.mp3" ended: Ffmpeg_decoder.End_of_file.
2026/09/26 07:55:13 [next_song:3] Prepared "/var/azuracast/stations/evangile_du_royaume/media/Cantiques du royaume/cantique__nous_sommes_le_sel_de_la_terre.mp3" (RID 118).
2026/09/26 07:57:25 [decoder:2] Decoding "/var/azuracast/stations/evangile_du_royaume/media/Cantiques du royaume/cantique__nous_sommes_le_sel_de_la_terre.mp3" ended: Ffmpeg_decoder.End_of_file.
2026/09/26 07:57:26 [next_song:3] Prepared "/var/azuracast/stations/evangile_du_royaume/media/Cantiques du royaume/cantique___ta_lumière.mp3" (RID 119).
2026/09/26 08:03:58 [decoder:2] Decoding "/var/azuracast/stations/evangile_du_royaume/media/Cantiques du royaume/cantique___ta_lumière.mp3" ended: Ffmpeg_decoder.End_of_file.
2026/09/26 08:03:58 [next_song:3] Prepared "/var/azuracast/stations/evangile_du_royaume/media/Worship/68 - Shine in Darkness O Lord  - Winnipeg Fellowship.mp3" (RID 120).
2026/09/26 08:14:19 [decoder:2] Decoding "/var/azuracast/stations/evangile_du_royaume/media/Worship/68 - Shine in Darkness O Lord  - Winnipeg Fellowship.mp3" ended: Ffmpeg_decoder.End_of_file.
2026/09/26 08:14:20 [next_song:3] Prepared "/var/azuracast/stations/evangile_du_royaume/media/Worship/66 - Victorious Is the Lamb - Winnipeg Fellowship.mp3" (RID 121).
2026/09/26 08:21:42 [decoder:2] Decoding "/var/azuracast/stations/evangile_du_royaume/media/Worship/66 - Victorious Is the Lamb - Winnipeg Fellowship.mp3" ended: Ffmpeg_decoder.End_of_file.
2026/09/26 08:21:42 [next_song:3] Prepared "/var/azuracast/stations/evangile_du_royaume/media/Worship/87 - We Shall Come - Asaba Fellowship.mp3" (RID 122).
2026/09/26 08:26:46 [decoder:2] Decoding "/var/azuracast/stations/evangile_du_royaume/media/Worship/87 - We Shall Come - Asaba Fellowship.mp3" ended: Ffmpeg_decoder.End_of_file.
2026/09/26 08:26:46 [next_song:3] Prepared "/var/azuracast/stations/evangile_du_royaume/media/Worship/33 - By the word of the lord - Ketu HF.mp3" (RID 123).
2026/09/26 08:32:05 [decoder:2] Decoding "/var/azuracast/stations/evangile_du_royaume/media/Worship/33 - By the word of the lord - Ketu HF.mp3" ended: Ffmpeg_decoder.End_of_file.
2026/09/26 08:32:05 [next_song:3] Prepared "/var/azuracast/stations/evangile_du_royaume/media/Worship/70 - Sing Unto the Lord a new Song  - Winnipeg Fellowship.mp3" (RID 124).
2026/09/26 08:38:06 [decoder:2] Decoding "/var/azuracast/stations/evangile_du_royaume/media/Worship/70 - Sing Unto the Lord a new Song  - Winnipeg Fellowship.mp3" ended: Ffmpeg_decoder.End_of_file.
2026/09/26 08:38:07 [next_song:3] Prepared "/var/azuracast/stations/evangile_du_royaume/media/Worship/13 - For By My God - Toronto & Winnipeg HF.mp3" (RID 125).
2026/09/26 08:45:25 [decoder:2] Decoding "/var/azuracast/stations/evangile_du_royaume/media/Worship/13 - For By My God - Toronto & Winnipeg HF.mp3" ended: Ffmpeg_decoder.End_of_file.
2026/09/26 08:45:25 [next_song:3] Prepared "/var/azuracast/stations/evangile_du_royaume/media/Jingle/jingle_avant_bible_06_ouvrons_les_saintes_ecritures.mp3" (RID 126).
2026/09/26 08:45:35 [decoder:2] Decoding "/var/azuracast/stations/evangile_du_royaume/media/Jingle/jingle_avant_bible_06_ouvrons_les_saintes_ecritures.mp3" ended: Ffmpeg_decoder.End_of_file.
2026/09/26 08:45:36 [next_song:3] Prepared "/var/azuracast/stations/evangile_du_royaume/media/La bible/2_timothée_003.mp3" (RID 127).
2026/09/26 08:48:10 [decoder:2] Decoding "/var/azuracast/stations/evangile_du_royaume/media/La bible/2_timothée_003.mp3" ended: Ffmpeg_decoder.End_of_file.
2026/09/26 08:48:10 [next_song:3] Prepared "/var/azuracast/stations/evangile_du_royaume/media/La bible/2_timothée_004.mp3" (RID 128).
2026/09/26 08:51:16 [decoder:2] Decoding "/var/azuracast/stations/evangile_du_royaume/media/La bible/2_timothée_004.mp3" ended: Ffmpeg_decoder.End_of_file.
2026/09/26 08:51:16 [next_song:3] Prepared "/var/azuracast/stations/evangile_du_royaume/media/La bible/philémon_001.mp3" (RID 129).
2026/09/26 08:54:12 [decoder:2] Decoding "/var/azuracast/stations/evangile_du_royaume/media/La bible/philémon_001.mp3" ended: Ffmpeg_decoder.End_of_file.
2026/09/26 08:54:13 [next_song:3] Prepared "/var/azuracast/stations/evangile_du_royaume/media/La bible/amos_001.mp3" (RID 130).
2026/09/26 08:56:50 [decoder:2] Decoding "/var/azuracast/stations/evangile_du_royaume/media/La bible/amos_001.mp3" ended: Ffmpeg_decoder.End_of_file.
2026/09/26 08:56:50 [next_song:3] Prepared "/var/azuracast/stations/evangile_du_royaume/media/La bible/amos_002.mp3" (RID 131).
2026/09/26 08:59:18 [decoder:2] Decoding "/var/azuracast/stations/evangile_du_royaume/media/La bible/amos_002.mp3" ended: Ffmpeg_decoder.End_of_file.
2026/09/26 08:59:18 [next_song:3] Prepared "/var/azuracast/stations/evangile_du_royaume/media/La bible/amos_003.mp3" (RID 132).
2026/09/26 09:01:34 [decoder:2] Decoding "/var/azuracast/stations/evangile_du_royaume/media/La bible/amos_003.mp3" ended: Ffmpeg_decoder.End_of_file.
2026/09/26 09:01:35 [next_song:3] Prepared "/var/azuracast/stations/evangile_du_royaume/media/La bible/amos_004.mp3" (RID 133).
2026/09/26 09:04:15 [decoder:2] Decoding "/var/azuracast/stations/evangile_du_royaume/media/La bible/amos_004.mp3" ended: Ffmpeg_decoder.End_of_file.
2026/09/26 09:04:16 [next_song:3] Prepared "/var/azuracast/stations/evangile_du_royaume/media/La bible/amos_005.mp3" (RID 134).
2026/09/26 09:08:14 [decoder:2] Decoding "/var/azuracast/stations/evangile_du_royaume/media/La bible/amos_005.mp3" ended: Ffmpeg_decoder.End_of_file.
2026/09/26 09:08:15 [next_song:3] Prepared "/var/azuracast/stations/evangile_du_royaume/media/La bible/amos_006.mp3" (RID 135).
2026/09/26 09:10:33 [decoder:2] Decoding "/var/azuracast/stations/evangile_du_royaume/media/La bible/amos_006.mp3" ended: Ffmpeg_decoder.End_of_file.
2026/09/26 09:10:34 [next_song:3] Prepared "/var/azuracast/stations/evangile_du_royaume/media/La bible/amos_007.mp3" (RID 136).
2026/09/26 09:13:36 [decoder:2] Decoding "/var/azuracast/stations/evangile_du_royaume/media/La bible/amos_007.mp3" ended: Ffmpeg_decoder.End_of_file.
2026/09/26 09:13:36 [next_song:3] Prepared "/var/azuracast/stations/evangile_du_royaume/media/Jingle/jingle_avant_louange_06_que_la_louange_seleve.mp3" (RID 137).
2026/09/26 09:13:47 [decoder:2] Decoding "/var/azuracast/stations/evangile_du_royaume/media/Jingle/jingle_avant_louange_06_que_la_louange_seleve.mp3" ended: Ffmpeg_decoder.End_of_file.
2026/09/26 09:13:47 [next_song:3] Prepared "/var/azuracast/stations/evangile_du_royaume/media/Worship/47 - You Are the Captain of the Host - Toronto HF.mp3" (RID 138).
2026/09/26 09:16:41 [decoder:2] Decoding "/var/azuracast/stations/evangile_du_royaume/media/Worship/47 - You Are the Captain of the Host - Toronto HF.mp3" ended: Ffmpeg_decoder.End_of_file.
2026/09/26 09:16:42 [next_song:3] Prepared "/var/azuracast/stations/evangile_du_royaume/media/Worship/83 - Awaken My Heart.mp3" (RID 139).
2026/09/26 09:19:57 [decoder:2] Decoding "/var/azuracast/stations/evangile_du_royaume/media/Worship/83 - Awaken My Heart.mp3" ended: Ffmpeg_decoder.End_of_file.
2026/09/26 09:19:58 [next_song:3] Prepared "/var/azuracast/stations/evangile_du_royaume/media/SWBN Lead Concert Live Worship/05 - Jesus I'm Waiting for You (Mary Umoh).mp3" (RID 140).
2026/09/26 09:25:45 [decoder:2] Decoding "/var/azuracast/stations/evangile_du_royaume/media/SWBN Lead Concert Live Worship/05 - Jesus I'm Waiting for You (Mary Umoh).mp3" ended: Ffmpeg_decoder.End_of_file.
2026/09/26 09:25:45 [next_song:3] Prepared "/var/azuracast/stations/evangile_du_royaume/media/Cantiques du royaume/cantique__tes_promesses__pub_direct_dec_2021_import_(2).mp3" (RID 141).
2026/09/26 09:33:00 [decoder:2] Decoding "/var/azuracast/stations/evangile_du_royaume/media/Cantiques du royaume/cantique__tes_promesses__pub_direct_dec_2021_import_(2).mp3" ended: Ffmpeg_decoder.End_of_file.
2026/09/26 09:33:00 [next_song:3] Prepared "/var/azuracast/stations/evangile_du_royaume/media/Worship/55 - God's Got An Army - PHF.mp3" (RID 142).
2026/09/26 09:38:19 [decoder:2] Decoding "/var/azuracast/stations/evangile_du_royaume/media/Worship/55 - God's Got An Army - PHF.mp3" ended: Ffmpeg_decoder.End_of_file.
2026/09/26 09:38:20 [next_song:3] Prepared "/var/azuracast/stations/evangile_du_royaume/media/Worship/45 - Now is Come Salvation - Toronto HF.mp3" (RID 143).
2026/09/26 09:43:35 [decoder:2] Decoding "/var/azuracast/stations/evangile_du_royaume/media/Worship/45 - Now is Come Salvation - Toronto HF.mp3" ended: Ffmpeg_decoder.End_of_file.
2026/09/26 09:43:36 [next_song:3] Prepared "/var/azuracast/stations/evangile_du_royaume/media/Worship/40 - I See Your Face - Toronto HF.mp3" (RID 144).
2026/09/26 09:52:56 [decoder:2] Decoding "/var/azuracast/stations/evangile_du_royaume/media/Worship/40 - I See Your Face - Toronto HF.mp3" ended: Ffmpeg_decoder.End_of_file.
2026/09/26 09:52:57 [next_song:3] Prepared "/var/azuracast/stations/evangile_du_royaume/media/Cantiques du royaume/Cantique   Oh Éternel Dieu, Tu es le Dieu Incomparable.mp3" (RID 145).
2026/09/26 09:57:05 [decoder:2] Decoding "/var/azuracast/stations/evangile_du_royaume/media/Cantiques du royaume/Cantique   Oh Éternel Dieu, Tu es le Dieu Incomparable.mp3" ended: Ffmpeg_decoder.End_of_file.
2026/09/26 09:57:06 [next_song:3] Prepared "/var/azuracast/stations/evangile_du_royaume/media/Worship/53 - In Jesus - PHF.mp3" (RID 146).
2026/09/26 10:03:00 [decoder:2] Decoding "/var/azuracast/stations/evangile_du_royaume/media/Worship/53 - In Jesus - PHF.mp3" ended: Ffmpeg_decoder.End_of_file.
2026/09/26 10:03:01 [next_song:3] Prepared "/var/azuracast/stations/evangile_du_royaume/media/Worship/59 - Ascribe Greatness - PHF.mp3" (RID 147).
2026/09/26 10:07:01 [decoder:2] Decoding "/var/azuracast/stations/evangile_du_royaume/media/Worship/59 - Ascribe Greatness - PHF.mp3" ended: Ffmpeg_decoder.End_of_file.
2026/09/26 10:07:02 [next_song:3] Prepared "/var/azuracast/stations/evangile_du_royaume/media/Worship/05 - There Is No Lie - SWBN TV.mp3" (RID 148).
2026/09/26 10:14:35 [decoder:2] Decoding "/var/azuracast/stations/evangile_du_royaume/media/Worship/05 - There Is No Lie - SWBN TV.mp3" ended: Ffmpeg_decoder.End_of_file.
2026/09/26 10:14:35 [next_song:3] Prepared "/var/azuracast/stations/evangile_du_royaume/media/Jingle/jingle_avant_bible_08_prenons_un_moment_pour_ecouter_la_parole.mp3" (RID 149).
2026/09/26 10:14:44 [decoder:2] Decoding "/var/azuracast/stations/evangile_du_royaume/media/Jingle/jingle_avant_bible_08_prenons_un_moment_pour_ecouter_la_parole.mp3" ended: Ffmpeg_decoder.End_of_file.
2026/09/26 10:14:45 [next_song:3] Prepared "/var/azuracast/stations/evangile_du_royaume/media/La bible/sophonie_001.mp3" (RID 150).
2026/09/26 10:17:38 [decoder:2] Decoding "/var/azuracast/stations/evangile_du_royaume/media/La bible/sophonie_001.mp3" ended: Ffmpeg_decoder.End_of_file.
2026/09/26 10:17:39 [next_song:3] Prepared "/var/azuracast/stations/evangile_du_royaume/media/La bible/sophonie_002.mp3" (RID 151).
2026/09/26 10:20:22 [decoder:2] Decoding "/var/azuracast/stations/evangile_du_royaume/media/La bible/sophonie_002.mp3" ended: Ffmpeg_decoder.End_of_file.
2026/09/26 10:20:22 [next_song:3] Prepared "/var/azuracast/stations/evangile_du_royaume/media/La bible/sophonie_003.mp3" (RID 152).
2026/09/26 10:24:05 [decoder:2] Decoding "/var/azuracast/stations/evangile_du_royaume/media/La bible/sophonie_003.mp3" ended: Ffmpeg_decoder.End_of_file.
2026/09/26 10:24:06 [next_song:3] Prepared "/var/azuracast/stations/evangile_du_royaume/media/La bible/apocalypse_003.mp3" (RID 153).
2026/09/26 10:28:19 [decoder:2] Decoding "/var/azuracast/stations/evangile_du_royaume/media/La bible/apocalypse_003.mp3" ended: Ffmpeg_decoder.End_of_file.
2026/09/26 10:28:19 [next_song:3] Prepared "/var/azuracast/stations/evangile_du_royaume/media/La bible/apocalypse_004.mp3" (RID 154).
2026/09/26 10:30:48 [decoder:2] Decoding "/var/azuracast/stations/evangile_du_royaume/media/La bible/apocalypse_004.mp3" ended: Ffmpeg_decoder.End_of_file.
2026/09/26 10:30:48 [next_song:3] Prepared "/var/azuracast/stations/evangile_du_royaume/media/La bible/apocalypse_005.mp3" (RID 155).
2026/09/26 10:33:36 [decoder:2] Decoding "/var/azuracast/stations/evangile_du_royaume/media/La bible/apocalypse_005.mp3" ended: Ffmpeg_decoder.End_of_file.
2026/09/26 10:33:37 [next_song:3] Prepared "/var/azuracast/stations/evangile_du_royaume/media/La bible/apocalypse_006.mp3" (RID 156).
2026/09/26 10:37:07 [decoder:2] Decoding "/var/azuracast/stations/evangile_du_royaume/media/La bible/apocalypse_006.mp3" ended: Ffmpeg_decoder.End_of_file.
2026/09/26 10:37:08 [next_song:3] Prepared "/var/azuracast/stations/evangile_du_royaume/media/La bible/apocalypse_007.mp3" (RID 157).
2026/09/26 10:40:19 [decoder:2] Decoding "/var/azuracast/stations/evangile_du_royaume/media/La bible/apocalypse_007.mp3" ended: Ffmpeg_decoder.End_of_file.
2026/09/26 10:40:19 [next_song:3] Prepared "/var/azuracast/stations/evangile_du_royaume/media/La bible/apocalypse_008.mp3" (RID 158).
2026/09/26 10:42:52 [decoder:2] Decoding "/var/azuracast/stations/evangile_du_royaume/media/La bible/apocalypse_008.mp3" ended: Ffmpeg_decoder.End_of_file.
2026/09/26 10:42:52 [next_song:3] Prepared "/var/azuracast/stations/evangile_du_royaume/media/La bible/apocalypse_009.mp3" (RID 159).
2026/09/26 10:46:39 [decoder:2] Decoding "/var/azuracast/stations/evangile_du_royaume/media/La bible/apocalypse_009.mp3" ended: Ffmpeg_decoder.End_of_file.
2026/09/26 10:46:40 [next_song:3] Prepared "/var/azuracast/stations/evangile_du_royaume/media/La bible/apocalypse_010.mp3" (RID 160).
2026/09/26 10:48:50 [decoder:2] Decoding "/var/azuracast/stations/evangile_du_royaume/media/La bible/apocalypse_010.mp3" ended: Ffmpeg_decoder.End_of_file.
2026/09/26 10:48:51 [next_song:3] Prepared "/var/azuracast/stations/evangile_du_royaume/media/La bible/apocalypse_011.mp3" (RID 161).
2026/09/26 10:52:40 [decoder:2] Decoding "/var/azuracast/stations/evangile_du_royaume/media/La bible/apocalypse_011.mp3" ended: Ffmpeg_decoder.End_of_file.
2026/09/26 10:52:40 [next_song:3] Prepared "/var/azuracast/stations/evangile_du_royaume/media/La bible/apocalypse_012.mp3" (RID 162).
2026/09/26 10:55:59 [decoder:2] Decoding "/var/azuracast/stations/evangile_du_royaume/media/La bible/apocalypse_012.mp3" ended: Ffmpeg_decoder.End_of_file.
2026/09/26 10:56:00 [next_song:3] Prepared "/var/azuracast/stations/evangile_du_royaume/media/Jingle/jingle_avant_louange_05_elevons_nos_coeurs_vers_dieu.mp3" (RID 163).
2026/09/26 10:56:11 [decoder:2] Decoding "/var/azuracast/stations/evangile_du_royaume/media/Jingle/jingle_avant_louange_05_elevons_nos_coeurs_vers_dieu.mp3" ended: Ffmpeg_decoder.End_of_file.
2026/09/26 10:56:11 [next_song:3] Prepared "/var/azuracast/stations/evangile_du_royaume/media/Worship/31 - You Are Worthy - Ketu HF.mp3" (RID 164).
2026/09/26 11:00:26 [decoder:2] Decoding "/var/azuracast/stations/evangile_du_royaume/media/Worship/31 - You Are Worthy - Ketu HF.mp3" ended: Ffmpeg_decoder.End_of_file.
2026/09/26 11:00:27 [next_song:3] Prepared "/var/azuracast/stations/evangile_du_royaume/media/Worship/03 - Agunechemba - SWBN TV.mp3" (RID 165).
2026/09/26 11:08:34 [decoder:2] Decoding "/var/azuracast/stations/evangile_du_royaume/media/Worship/03 - Agunechemba - SWBN TV.mp3" ended: Ffmpeg_decoder.End_of_file.
2026/09/26 11:08:35 [next_song:3] Prepared "/var/azuracast/stations/evangile_du_royaume/media/SWBN Lead Concert Live Worship/07 - There is no Lie (Imah Adegoke & Mary Umoh).mp3" (RID 166).
2026/09/26 11:15:26 [decoder:2] Decoding "/var/azuracast/stations/evangile_du_royaume/media/SWBN Lead Concert Live Worship/07 - There is no Lie (Imah Adegoke & Mary Umoh).mp3" ended: Ffmpeg_decoder.End_of_file.
2026/09/26 11:15:26 [next_song:3] Prepared "/var/azuracast/stations/evangile_du_royaume/media/Worship/10 - Yeshua Hamashiach - Calabar HF.mp3" (RID 167).
2026/09/26 11:23:45 [decoder:2] Decoding "/var/azuracast/stations/evangile_du_royaume/media/Worship/10 - Yeshua Hamashiach - Calabar HF.mp3" ended: Ffmpeg_decoder.End_of_file.
2026/09/26 11:23:46 [next_song:3] Prepared "/var/azuracast/stations/evangile_du_royaume/media/Worship/22 - Holy Holy - Abuja HF.mp3" (RID 168).
2026/09/26 11:32:14 [decoder:2] Decoding "/var/azuracast/stations/evangile_du_royaume/media/Worship/22 - Holy Holy - Abuja HF.mp3" ended: Ffmpeg_decoder.End_of_file.
2026/09/26 11:32:14 [next_song:3] Prepared "/var/azuracast/stations/evangile_du_royaume/media/Worship/39 - My Heart Rejoices - Toronto HF.mp3" (RID 169).
2026/09/26 11:40:32 [decoder:2] Decoding "/var/azuracast/stations/evangile_du_royaume/media/Worship/39 - My Heart Rejoices - Toronto HF.mp3" ended: Ffmpeg_decoder.End_of_file.
2026/09/26 11:40:33 [next_song:3] Prepared "/var/azuracast/stations/evangile_du_royaume/media/Worship/75 - How Precious Oh Lord.mp3" (RID 170).
2026/09/26 11:46:15 [decoder:2] Decoding "/var/azuracast/stations/evangile_du_royaume/media/Worship/75 - How Precious Oh Lord.mp3" ended: Ffmpeg_decoder.End_of_file.
2026/09/26 11:46:16 [next_song:3] Prepared "/var/azuracast/stations/evangile_du_royaume/media/Worship/23 - Guide Me - El ELyon - Abuja HF.mp3" (RID 171).
2026/09/26 11:51:17 [decoder:2] Decoding "/var/azuracast/stations/evangile_du_royaume/media/Worship/23 - Guide Me - El ELyon - Abuja HF.mp3" ended: Ffmpeg_decoder.End_of_file.
2026/09/26 11:51:17 [next_song:3] Prepared "/var/azuracast/stations/evangile_du_royaume/media/Jingle/jingle_id_station_02_radio_evangile_du_royaume.mp3" (RID 172).
2026/09/26 11:51:27 [decoder:2] Decoding "/var/azuracast/stations/evangile_du_royaume/media/Jingle/jingle_id_station_02_radio_evangile_du_royaume.mp3" ended: Ffmpeg_decoder.End_of_file.
2026/09/26 11:51:27 [next_song:3] Prepared "/var/azuracast/stations/evangile_du_royaume/media/La bible/romains_010.mp3" (RID 173).
2026/09/26 11:54:30 [decoder:2] Decoding "/var/azuracast/stations/evangile_du_royaume/media/La bible/romains_010.mp3" ended: Ffmpeg_decoder.End_of_file.
2026/09/26 11:54:31 [next_song:3] Prepared "/var/azuracast/stations/evangile_du_royaume/media/La bible/romains_011.mp3" (RID 174).
2026/09/26 12:00:05 [decoder:2] Decoding "/var/azuracast/stations/evangile_du_royaume/media/La bible/romains_011.mp3" ended: Ffmpeg_decoder.End_of_file.
2026/09/26 12:00:05 [next_song:3] Prepared "/var/azuracast/stations/evangile_du_royaume/media/Jingle/jingle_avant_message_05_vous_etes_a_lecoute_de_levangile_du_royaume.mp3" (RID 175).
2026/09/26 12:00:07 [clock.main:2] We must catchup 1.86 seconds!
2026/09/26 12:00:08 [clock.main:2] We must catchup 2.07 seconds!
2026/09/26 12:00:09 [clock.main:2] We must catchup 1.06 seconds!
2026/09/26 12:00:16 [decoder:2] Decoding "/var/azuracast/stations/evangile_du_royaume/media/Jingle/jingle_avant_message_05_vous_etes_a_lecoute_de_levangile_du_royaume.mp3" ended: Ffmpeg_decoder.End_of_file.
2026/09/26 12:00:17 [next_song:3] Prepared "/var/azuracast/stations/evangile_du_royaume/media/aa_la_révélation_de_la_victoire_du_fils_mâle.mp3" (RID 176).
2026/09/26 12:25:05 [clock.main:2] We must catchup 1.22 seconds!
2026/09/26 12:29:22 [decoder:2] Decoding "/var/azuracast/stations/evangile_du_royaume/media/aa_la_révélation_de_la_victoire_du_fils_mâle.mp3" ended: Ffmpeg_decoder.End_of_file.
2026/09/26 12:29:23 [next_song:3] Prepared "/var/azuracast/stations/evangile_du_royaume/media/Jingle/jingle_avant_bible_06_ouvrons_les_saintes_ecritures.mp3" (RID 177).
2026/09/26 12:29:33 [decoder:2] Decoding "/var/azuracast/stations/evangile_du_royaume/media/Jingle/jingle_avant_bible_06_ouvrons_les_saintes_ecritures.mp3" ended: Ffmpeg_decoder.End_of_file.
2026/09/26 12:29:33 [next_song:3] Prepared "/var/azuracast/stations/evangile_du_royaume/media/La bible/ésaïe_029.mp3" (RID 178).
2026/09/26 12:33:53 [decoder:2] Decoding "/var/azuracast/stations/evangile_du_royaume/media/La bible/ésaïe_029.mp3" ended: Ffmpeg_decoder.End_of_file.
2026/09/26 12:33:54 [next_song:3] Prepared "/var/azuracast/stations/evangile_du_royaume/media/La bible/ésaïe_030.mp3" (RID 179).
2026/09/26 12:39:53 [decoder:2] Decoding "/var/azuracast/stations/evangile_du_royaume/media/La bible/ésaïe_030.mp3" ended: Ffmpeg_decoder.End_of_file.
2026/09/26 12:39:53 [next_song:3] Prepared "/var/azuracast/stations/evangile_du_royaume/media/La bible/ésaïe_031.mp3" (RID 180).
2026/09/26 12:41:53 [decoder:2] Decoding "/var/azuracast/stations/evangile_du_royaume/media/La bible/ésaïe_031.mp3" ended: Ffmpeg_decoder.End_of_file.
2026/09/26 12:41:54 [next_song:3] Prepared "/var/azuracast/stations/evangile_du_royaume/media/La bible/ésaïe_032.mp3" (RID 181).
2026/09/26 12:44:40 [decoder:2] Decoding "/var/azuracast/stations/evangile_du_royaume/media/La bible/ésaïe_032.mp3" ended: Ffmpeg_decoder.End_of_file.
2026/09/26 12:44:41 [next_song:3] Prepared "/var/azuracast/stations/evangile_du_royaume/media/La bible/ésaïe_033.mp3" (RID 182).
2026/09/26 12:48:47 [decoder:2] Decoding "/var/azuracast/stations/evangile_du_royaume/media/La bible/ésaïe_033.mp3" ended: Ffmpeg_decoder.End_of_file.
2026/09/26 12:48:47 [next_song:3] Prepared "/var/azuracast/stations/evangile_du_royaume/media/La bible/ésaïe_034.mp3" (RID 183).
2026/09/26 12:51:41 [decoder:2] Decoding "/var/azuracast/stations/evangile_du_royaume/media/La bible/ésaïe_034.mp3" ended: Ffmpeg_decoder.End_of_file.
2026/09/26 12:51:41 [next_song:3] Prepared "/var/azuracast/stations/evangile_du_royaume/media/La bible/ésaïe_035.mp3" (RID 184).
2026/09/26 12:53:36 [decoder:2] Decoding "/var/azuracast/stations/evangile_du_royaume/media/La bible/ésaïe_035.mp3" ended: Ffmpeg_decoder.End_of_file.
2026/09/26 12:53:36 [next_song:3] Prepared "/var/azuracast/stations/evangile_du_royaume/media/La bible/ésaïe_036.mp3" (RID 185).
2026/09/26 12:57:40 [decoder:2] Decoding "/var/azuracast/stations/evangile_du_royaume/media/La bible/ésaïe_036.mp3" ended: Ffmpeg_decoder.End_of_file.
2026/09/26 12:57:41 [next_song:3] Prepared "/var/azuracast/stations/evangile_du_royaume/media/La bible/ésaïe_037.mp3" (RID 186).
2026/09/26 13:04:39 [decoder:2] Decoding "/var/azuracast/stations/evangile_du_royaume/media/La bible/ésaïe_037.mp3" ended: Ffmpeg_decoder.End_of_file.
2026/09/26 13:04:40 [next_song:3] Prepared "/var/azuracast/stations/evangile_du_royaume/media/La bible/ésaïe_038.mp3" (RID 187).
2026/09/26 13:08:29 [decoder:2] Decoding "/var/azuracast/stations/evangile_du_royaume/media/La bible/ésaïe_038.mp3" ended: Ffmpeg_decoder.End_of_file.
2026/09/26 13:08:30 [next_song:3] Prepared "/var/azuracast/stations/evangile_du_royaume/media/La bible/ésaïe_039.mp3" (RID 188).
2026/09/26 13:10:09 [decoder:2] Decoding "/var/azuracast/stations/evangile_du_royaume/media/La bible/ésaïe_039.mp3" ended: Ffmpeg_decoder.End_of_file.
2026/09/26 13:10:10 [next_song:3] Prepared "/var/azuracast/stations/evangile_du_royaume/media/La bible/ésaïe_040.mp3" (RID 189).
2026/09/26 13:15:19 [decoder:2] Decoding "/var/azuracast/stations/evangile_du_royaume/media/La bible/ésaïe_040.mp3" ended: Ffmpeg_decoder.End_of_file.
2026/09/26 13:15:20 [next_song:3] Prepared "/var/azuracast/stations/evangile_du_royaume/media/La bible/ésaïe_041.mp3" (RID 190).
2026/09/26 13:20:42 [decoder:2] Decoding "/var/azuracast/stations/evangile_du_royaume/media/La bible/ésaïe_041.mp3" ended: Ffmpeg_decoder.End_of_file.
2026/09/26 13:20:42 [next_song:3] Prepared "/var/azuracast/stations/evangile_du_royaume/media/La bible/ésaïe_042.mp3" (RID 191).
2026/09/26 13:25:09 [decoder:2] Decoding "/var/azuracast/stations/evangile_du_royaume/media/La bible/ésaïe_042.mp3" ended: Ffmpeg_decoder.End_of_file.
2026/09/26 13:25:10 [next_song:3] Prepared "/var/azuracast/stations/evangile_du_royaume/media/Jingle/jingle_avant_louange_07_voici_un_temps_de_louange.mp3" (RID 192).
2026/09/26 13:25:22 [decoder:2] Decoding "/var/azuracast/stations/evangile_du_royaume/media/Jingle/jingle_avant_louange_07_voici_un_temps_de_louange.mp3" ended: Ffmpeg_decoder.End_of_file.
2026/09/26 13:25:23 [next_song:3] Prepared "/var/azuracast/stations/evangile_du_royaume/media/Cantiques du royaume/Cantiques  Il a pris mes iniquités.mp3" (RID 193).
2026/09/26 13:32:56 [decoder:2] Decoding "/var/azuracast/stations/evangile_du_royaume/media/Cantiques du royaume/Cantiques  Il a pris mes iniquités.mp3" ended: Ffmpeg_decoder.End_of_file.
2026/09/26 13:32:57 [next_song:3] Prepared "/var/azuracast/stations/evangile_du_royaume/media/Cantiques du royaume/cantique__-_qui_est_digne_d_ouvrir_le_livre.mp3" (RID 194).
2026/09/26 13:39:51 [decoder:2] Decoding "/var/azuracast/stations/evangile_du_royaume/media/Cantiques du royaume/cantique__-_qui_est_digne_d_ouvrir_le_livre.mp3" ended: Ffmpeg_decoder.End_of_file.
2026/09/26 13:39:51 [next_song:3] Prepared "/var/azuracast/stations/evangile_du_royaume/media/Worship/20 - Yahweh Be Praised - Abuja HF.mp3" (RID 195).
2026/09/26 13:45:04 [decoder:2] Decoding "/var/azuracast/stations/evangile_du_royaume/media/Worship/20 - Yahweh Be Praised - Abuja HF.mp3" ended: Ffmpeg_decoder.End_of_file.
2026/09/26 13:45:05 [next_song:3] Prepared "/var/azuracast/stations/evangile_du_royaume/media/Worship/48 - The Glory -  PHF.mp3" (RID 196).
2026/09/26 13:45:06 [clock.main:2] We must catchup 1.14 seconds!
2026/09/26 13:52:21 [decoder:2] Decoding "/var/azuracast/stations/evangile_du_royaume/media/Worship/48 - The Glory -  PHF.mp3" ended: Ffmpeg_decoder.End_of_file.
2026/09/26 13:52:22 [next_song:3] Prepared "/var/azuracast/stations/evangile_du_royaume/media/Worship/15 - Satisfy My Soul - Calabar HF.mp3" (RID 197).
2026/09/26 13:58:21 [decoder:2] Decoding "/var/azuracast/stations/evangile_du_royaume/media/Worship/15 - Satisfy My Soul - Calabar HF.mp3" ended: Ffmpeg_decoder.End_of_file.
2026/09/26 13:58:22 [next_song:3] Prepared "/var/azuracast/stations/evangile_du_royaume/media/Worship/42 - God is Building - Will You Be - Ketu HF.mp3" (RID 198).
2026/09/26 14:02:52 [decoder:2] Decoding "/var/azuracast/stations/evangile_du_royaume/media/Worship/42 - God is Building - Will You Be - Ketu HF.mp3" ended: Ffmpeg_decoder.End_of_file.
2026/09/26 14:02:53 [next_song:3] Prepared "/var/azuracast/stations/evangile_du_royaume/media/Worship/73 - Arise Out of Zion  - Winnipeg Fellowship.mp3" (RID 199).
2026/09/26 14:10:36 [decoder:2] Decoding "/var/azuracast/stations/evangile_du_royaume/media/Worship/73 - Arise Out of Zion  - Winnipeg Fellowship.mp3" ended: Ffmpeg_decoder.End_of_file.
2026/09/26 14:10:36 [next_song:3] Prepared "/var/azuracast/stations/evangile_du_royaume/media/SWBN Lead Concert Live Worship/09 - Not Naked (Abasiama Timothy).mp3" (RID 200).
2026/09/26 14:16:26 [decoder:2] Decoding "/var/azuracast/stations/evangile_du_royaume/media/SWBN Lead Concert Live Worship/09 - Not Naked (Abasiama Timothy).mp3" ended: Ffmpeg_decoder.End_of_file.
2026/09/26 14:16:26 [next_song:3] Prepared "/var/azuracast/stations/evangile_du_royaume/media/Worship/60 - Be Exalted - PHF.mp3" (RID 201).
2026/09/26 14:27:01 [decoder:2] Decoding "/var/azuracast/stations/evangile_du_royaume/media/Worship/60 - Be Exalted - PHF.mp3" ended: Ffmpeg_decoder.End_of_file.
2026/09/26 14:27:02 [next_song:3] Prepared "/var/azuracast/stations/evangile_du_royaume/media/Jingle/jingle_avant_bible_07_place_a_la_lecture_de_la_bible.mp3" (RID 202).
2026/09/26 14:27:15 [decoder:2] Decoding "/var/azuracast/stations/evangile_du_royaume/media/Jingle/jingle_avant_bible_07_place_a_la_lecture_de_la_bible.mp3" ended: Ffmpeg_decoder.End_of_file.
2026/09/26 14:27:15 [next_song:3] Prepared "/var/azuracast/stations/evangile_du_royaume/media/La bible/3_jean_001.mp3" (RID 203).
2026/09/26 14:29:17 [decoder:2] Decoding "/var/azuracast/stations/evangile_du_royaume/media/La bible/3_jean_001.mp3" ended: Ffmpeg_decoder.End_of_file.
2026/09/26 14:29:18 [next_song:3] Prepared "/var/azuracast/stations/evangile_du_royaume/media/La bible/2_thessaloniciens_003.mp3" (RID 204).
2026/09/26 14:31:50 [decoder:2] Decoding "/var/azuracast/stations/evangile_du_royaume/media/La bible/2_thessaloniciens_003.mp3" ended: Ffmpeg_decoder.End_of_file.
2026/09/26 14:31:50 [next_song:3] Prepared "/var/azuracast/stations/evangile_du_royaume/media/La bible/lamentations_004.mp3" (RID 205).
2026/09/26 14:35:43 [decoder:2] Decoding "/var/azuracast/stations/evangile_du_royaume/media/La bible/lamentations_004.mp3" ended: Ffmpeg_decoder.End_of_file.
2026/09/26 14:35:44 [next_song:3] Prepared "/var/azuracast/stations/evangile_du_royaume/media/La bible/lamentations_005.mp3" (RID 206).
2026/09/26 14:38:01 [decoder:2] Decoding "/var/azuracast/stations/evangile_du_royaume/media/La bible/lamentations_005.mp3" ended: Ffmpeg_decoder.End_of_file.
2026/09/26 14:38:01 [next_song:3] Prepared "/var/azuracast/stations/evangile_du_royaume/media/La bible/jonas_001.mp3" (RID 207).
2026/09/26 14:40:58 [decoder:2] Decoding "/var/azuracast/stations/evangile_du_royaume/media/La bible/jonas_001.mp3" ended: Ffmpeg_decoder.End_of_file.
2026/09/26 14:40:59 [next_song:3] Prepared "/var/azuracast/stations/evangile_du_royaume/media/La bible/jonas_002.mp3" (RID 208).
2026/09/26 14:42:17 [decoder:2] Decoding "/var/azuracast/stations/evangile_du_royaume/media/La bible/jonas_002.mp3" ended: Ffmpeg_decoder.End_of_file.
2026/09/26 14:42:18 [next_song:3] Prepared "/var/azuracast/stations/evangile_du_royaume/media/La bible/jonas_003.mp3" (RID 209).
2026/09/26 14:43:51 [decoder:2] Decoding "/var/azuracast/stations/evangile_du_royaume/media/La bible/jonas_003.mp3" ended: Ffmpeg_decoder.End_of_file.
2026/09/26 14:43:52 [next_song:3] Prepared "/var/azuracast/stations/evangile_du_royaume/media/La bible/jonas_004.mp3" (RID 210).
2026/09/26 14:45:46 [decoder:2] Decoding "/var/azuracast/stations/evangile_du_royaume/media/La bible/jonas_004.mp3" ended: Ffmpeg_decoder.End_of_file.
2026/09/26 14:45:46 [next_song:3] Prepared "/var/azuracast/stations/evangile_du_royaume/media/La bible/tite_001.mp3" (RID 211).
2026/09/26 14:48:27 [decoder:2] Decoding "/var/azuracast/stations/evangile_du_royaume/media/La bible/tite_001.mp3" ended: Ffmpeg_decoder.End_of_file.
2026/09/26 14:48:27 [next_song:3] Prepared "/var/azuracast/stations/evangile_du_royaume/media/La bible/tite_002.mp3" (RID 212).
2026/09/26 14:50:34 [decoder:2] Decoding "/var/azuracast/stations/evangile_du_royaume/media/La bible/tite_002.mp3" ended: Ffmpeg_decoder.End_of_file.
2026/09/26 14:50:35 [next_song:3] Prepared "/var/azuracast/stations/evangile_du_royaume/media/La bible/tite_003.mp3" (RID 213).
2026/09/26 14:52:54 [decoder:2] Decoding "/var/azuracast/stations/evangile_du_royaume/media/La bible/tite_003.mp3" ended: Ffmpeg_decoder.End_of_file.
2026/09/26 14:52:54 [next_song:3] Prepared "/var/azuracast/stations/evangile_du_royaume/media/La bible/néhémie_013.mp3" (RID 214).
2026/09/26 14:58:11 [decoder:2] Decoding "/var/azuracast/stations/evangile_du_royaume/media/La bible/néhémie_013.mp3" ended: Ffmpeg_decoder.End_of_file.
2026/09/26 14:58:11 [next_song:3] Prepared "/var/azuracast/stations/evangile_du_royaume/media/Jingle/jingle_avant_louange_05_elevons_nos_coeurs_vers_dieu.mp3" (RID 215).
2026/09/26 14:58:22 [decoder:2] Decoding "/var/azuracast/stations/evangile_du_royaume/media/Jingle/jingle_avant_louange_05_elevons_nos_coeurs_vers_dieu.mp3" ended: Ffmpeg_decoder.End_of_file.
2026/09/26 14:58:23 [next_song:3] Prepared "/var/azuracast/stations/evangile_du_royaume/media/Cantiques du royaume/cantique___il_s_est_lui-même_humilié.mp3" (RID 216).
2026/09/26 15:03:48 [decoder:2] Decoding "/var/azuracast/stations/evangile_du_royaume/media/Cantiques du royaume/cantique___il_s_est_lui-même_humilié.mp3" ended: Ffmpeg_decoder.End_of_file.
2026/09/26 15:03:48 [next_song:3] Prepared "/var/azuracast/stations/evangile_du_royaume/media/Worship/25 - Immortal God - Elohim Adonai - Abuja HF.mp3" (RID 217).
2026/09/26 15:09:58 [decoder:2] Decoding "/var/azuracast/stations/evangile_du_royaume/media/Worship/25 - Immortal God - Elohim Adonai - Abuja HF.mp3" ended: Ffmpeg_decoder.End_of_file.
2026/09/26 15:09:59 [next_song:3] Prepared "/var/azuracast/stations/evangile_du_royaume/media/Worship/49 - We Worship Adonai - PHF.mp3" (RID 218).
2026/09/26 15:18:26 [decoder:2] Decoding "/var/azuracast/stations/evangile_du_royaume/media/Worship/49 - We Worship Adonai - PHF.mp3" ended: Ffmpeg_decoder.End_of_file.
2026/09/26 15:18:27 [next_song:3] Prepared "/var/azuracast/stations/evangile_du_royaume/media/Worship/76 - You Have sworn By Your Holiness - Chidera Bisong.mp3" (RID 219).
2026/09/26 15:25:43 [decoder:2] Decoding "/var/azuracast/stations/evangile_du_royaume/media/Worship/76 - You Have sworn By Your Holiness - Chidera Bisong.mp3" ended: Ffmpeg_decoder.End_of_file.
2026/09/26 15:25:43 [next_song:3] Prepared "/var/azuracast/stations/evangile_du_royaume/media/Cantiques du royaume/cantique_-_jai_donné_ma_vie_à_jésus_(1).mp3" (RID 220).
2026/09/26 15:29:51 [decoder:2] Decoding "/var/azuracast/stations/evangile_du_royaume/media/Cantiques du royaume/cantique_-_jai_donné_ma_vie_à_jésus_(1).mp3" ended: Ffmpeg_decoder.End_of_file.
2026/09/26 15:29:51 [next_song:3] Prepared "/var/azuracast/stations/evangile_du_royaume/media/Worship/67 - My God Is Good - Winnipeg Fellowship.mp3" (RID 221).
2026/09/26 15:36:57 [decoder:2] Decoding "/var/azuracast/stations/evangile_du_royaume/media/Worship/67 - My God Is Good - Winnipeg Fellowship.mp3" ended: Ffmpeg_decoder.End_of_file.
2026/09/26 15:36:58 [next_song:3] Prepared "/var/azuracast/stations/evangile_du_royaume/media/Cantiques du royaume/cantique___prends_tout_le_contrôle.mp3" (RID 222).
2026/09/26 15:41:47 [decoder:2] Decoding "/var/azuracast/stations/evangile_du_royaume/media/Cantiques du royaume/cantique___prends_tout_le_contrôle.mp3" ended: Ffmpeg_decoder.End_of_file.
2026/09/26 15:41:48 [next_song:3] Prepared "/var/azuracast/stations/evangile_du_royaume/media/Worship/04 - Yahweh Is Mighty - SWBN TV.mp3" (RID 223).
2026/09/26 15:50:03 [decoder:2] Decoding "/var/azuracast/stations/evangile_du_royaume/media/Worship/04 - Yahweh Is Mighty - SWBN TV.mp3" ended: Ffmpeg_decoder.End_of_file.
2026/09/26 15:50:04 [next_song:3] Prepared "/var/azuracast/stations/evangile_du_royaume/media/SWBN Lead Concert Live Worship/10 - He Has Given Me & Emmanuel You Joy Over Us (Medley) (Abasiama Timothy & Imah Adegoke).mp3" (RID 224).
2026/09/26 15:50:05 [clock.main:2] We must catchup 1.30 seconds!
2026/09/26 15:50:06 [clock.main:2] We must catchup 1.10 seconds!
2026/09/26 15:58:38 [decoder:2] Decoding "/var/azuracast/stations/evangile_du_royaume/media/SWBN Lead Concert Live Worship/10 - He Has Given Me & Emmanuel You Joy Over Us (Medley) (Abasiama Timothy & Imah Adegoke).mp3" ended: Ffmpeg_decoder.End_of_file.
2026/09/26 15:58:38 [next_song:3] Prepared "/var/azuracast/stations/evangile_du_royaume/media/Jingle/jingle_avant_bible_08_prenons_un_moment_pour_ecouter_la_parole.mp3" (RID 225).
2026/09/26 15:58:47 [decoder:2] Decoding "/var/azuracast/stations/evangile_du_royaume/media/Jingle/jingle_avant_bible_08_prenons_un_moment_pour_ecouter_la_parole.mp3" ended: Ffmpeg_decoder.End_of_file.
2026/09/26 15:58:48 [next_song:3] Prepared "/var/azuracast/stations/evangile_du_royaume/media/La bible/genèse_004.mp3" (RID 226).
2026/09/26 16:03:06 [decoder:2] Decoding "/var/azuracast/stations/evangile_du_royaume/media/La bible/genèse_004.mp3" ended: Ffmpeg_decoder.End_of_file.
2026/09/26 16:03:07 [next_song:3] Prepared "/var/azuracast/stations/evangile_du_royaume/media/La bible/genèse_005.mp3" (RID 227).
2026/09/26 16:06:37 [decoder:2] Decoding "/var/azuracast/stations/evangile_du_royaume/media/La bible/genèse_005.mp3" ended: Ffmpeg_decoder.End_of_file.
2026/09/26 16:06:38 [next_song:3] Prepared "/var/azuracast/stations/evangile_du_royaume/media/La bible/genèse_006.mp3" (RID 228).
2026/09/26 16:10:27 [decoder:2] Decoding "/var/azuracast/stations/evangile_du_royaume/media/La bible/genèse_006.mp3" ended: Ffmpeg_decoder.End_of_file.
2026/09/26 16:10:27 [next_song:3] Prepared "/var/azuracast/stations/evangile_du_royaume/media/La bible/genèse_007.mp3" (RID 229).
2026/09/26 16:13:56 [decoder:2] Decoding "/var/azuracast/stations/evangile_du_royaume/media/La bible/genèse_007.mp3" ended: Ffmpeg_decoder.End_of_file.
2026/09/26 16:13:56 [next_song:3] Prepared "/var/azuracast/stations/evangile_du_royaume/media/La bible/genèse_008.mp3" (RID 230).
2026/09/26 16:17:21 [decoder:2] Decoding "/var/azuracast/stations/evangile_du_royaume/media/La bible/genèse_008.mp3" ended: Ffmpeg_decoder.End_of_file.
2026/09/26 16:17:22 [next_song:3] Prepared "/var/azuracast/stations/evangile_du_royaume/media/La bible/genèse_009.mp3" (RID 231).
2026/09/26 16:21:27 [decoder:2] Decoding "/var/azuracast/stations/evangile_du_royaume/media/La bible/genèse_009.mp3" ended: Ffmpeg_decoder.End_of_file.
2026/09/26 16:21:28 [next_song:3] Prepared "/var/azuracast/stations/evangile_du_royaume/media/La bible/genèse_010.mp3" (RID 232).
2026/09/26 16:25:15 [decoder:2] Decoding "/var/azuracast/stations/evangile_du_royaume/media/La bible/genèse_010.mp3" ended: Ffmpeg_decoder.End_of_file.
2026/09/26 16:25:16 [next_song:3] Prepared "/var/azuracast/stations/evangile_du_royaume/media/La bible/genèse_011.mp3" (RID 233).
2026/09/26 16:29:27 [decoder:2] Decoding "/var/azuracast/stations/evangile_du_royaume/media/La bible/genèse_011.mp3" ended: Ffmpeg_decoder.End_of_file.
2026/09/26 16:29:27 [next_song:3] Prepared "/var/azuracast/stations/evangile_du_royaume/media/La bible/genèse_012.mp3" (RID 234).
2026/09/26 16:32:36 [decoder:2] Decoding "/var/azuracast/stations/evangile_du_royaume/media/La bible/genèse_012.mp3" ended: Ffmpeg_decoder.End_of_file.
2026/09/26 16:32:36 [next_song:3] Prepared "/var/azuracast/stations/evangile_du_royaume/media/La bible/genèse_013.mp3" (RID 235).
2026/09/26 16:35:23 [decoder:2] Decoding "/var/azuracast/stations/evangile_du_royaume/media/La bible/genèse_013.mp3" ended: Ffmpeg_decoder.End_of_file.
2026/09/26 16:35:24 [next_song:3] Prepared "/var/azuracast/stations/evangile_du_royaume/media/La bible/genèse_014.mp3" (RID 236).
2026/09/26 16:39:30 [decoder:2] Decoding "/var/azuracast/stations/evangile_du_royaume/media/La bible/genèse_014.mp3" ended: Ffmpeg_decoder.End_of_file.
2026/09/26 16:39:30 [next_song:3] Prepared "/var/azuracast/stations/evangile_du_royaume/media/La bible/genèse_015.mp3" (RID 237).
2026/09/26 16:42:53 [decoder:2] Decoding "/var/azuracast/stations/evangile_du_royaume/media/La bible/genèse_015.mp3" ended: Ffmpeg_decoder.End_of_file.
2026/09/26 16:42:54 [next_song:3] Prepared "/var/azuracast/stations/evangile_du_royaume/media/Jingle/jingle_avant_louange_06_que_la_louange_seleve.mp3" (RID 238).
2026/09/26 16:43:04 [decoder:2] Decoding "/var/azuracast/stations/evangile_du_royaume/media/Jingle/jingle_avant_louange_06_que_la_louange_seleve.mp3" ended: Ffmpeg_decoder.End_of_file.
2026/09/26 16:43:05 [next_song:3] Prepared "/var/azuracast/stations/evangile_du_royaume/media/SWBN Lead Concert Live Worship/06 - Yahweh is Mighty (Imah Adegoke).mp3" (RID 239).
2026/09/26 16:50:59 [decoder:2] Decoding "/var/azuracast/stations/evangile_du_royaume/media/SWBN Lead Concert Live Worship/06 - Yahweh is Mighty (Imah Adegoke).mp3" ended: Ffmpeg_decoder.End_of_file.
2026/09/26 16:51:00 [next_song:3] Prepared "/var/azuracast/stations/evangile_du_royaume/media/Worship/06 - Psalm 93 - Port Harcourt HF.mp3" (RID 240).
2026/09/26 17:00:36 [decoder:2] Decoding "/var/azuracast/stations/evangile_du_royaume/media/Worship/06 - Psalm 93 - Port Harcourt HF.mp3" ended: Ffmpeg_decoder.End_of_file.
2026/09/26 17:00:36 [next_song:3] Prepared "/var/azuracast/stations/evangile_du_royaume/media/Worship/28 - He Shall Feed His Flock - I Want to walk  - Ketu HF.mp3" (RID 241).
2026/09/26 17:06:06 [decoder:2] Decoding "/var/azuracast/stations/evangile_du_royaume/media/Worship/28 - He Shall Feed His Flock - I Want to walk  - Ketu HF.mp3" ended: Ffmpeg_decoder.End_of_file.
2026/09/26 17:06:07 [next_song:3] Prepared "/var/azuracast/stations/evangile_du_royaume/media/Cantiques du royaume/jean-christ_-_10_minutes.mp3" (RID 242).
2026/09/26 17:15:27 [decoder:2] Decoding "/var/azuracast/stations/evangile_du_royaume/media/Cantiques du royaume/jean-christ_-_10_minutes.mp3" ended: Ffmpeg_decoder.End_of_file.
2026/09/26 17:15:28 [next_song:3] Prepared "/var/azuracast/stations/evangile_du_royaume/media/Worship/58 - Rejoice - PHF.mp3" (RID 243).
2026/09/26 17:21:27 [decoder:2] Decoding "/var/azuracast/stations/evangile_du_royaume/media/Worship/58 - Rejoice - PHF.mp3" ended: Ffmpeg_decoder.End_of_file.
2026/09/26 17:21:27 [next_song:3] Prepared "/var/azuracast/stations/evangile_du_royaume/media/Worship/69 - We Bless You Wonderful God  - Winnipeg Fellowship.mp3" (RID 244).
2026/09/26 17:28:28 [decoder:2] Decoding "/var/azuracast/stations/evangile_du_royaume/media/Worship/69 - We Bless You Wonderful God  - Winnipeg Fellowship.mp3" ended: Ffmpeg_decoder.End_of_file.
2026/09/26 17:28:28 [next_song:3] Prepared "/var/azuracast/stations/evangile_du_royaume/media/Cantiques du royaume/8-_mohamed_sanogo_hymne_des_vainqueurs.mp3" (RID 245).
2026/09/26 17:34:35 [decoder:2] Decoding "/var/azuracast/stations/evangile_du_royaume/media/Cantiques du royaume/8-_mohamed_sanogo_hymne_des_vainqueurs.mp3" ended: Ffmpeg_decoder.End_of_file.
2026/09/26 17:34:35 [next_song:3] Prepared "/var/azuracast/stations/evangile_du_royaume/media/Cantiques du royaume/5-il_sappelait_emmanuel_-_marcel_boungou__paroles.mp3" (RID 246).
2026/09/26 17:39:46 [decoder:2] Decoding "/var/azuracast/stations/evangile_du_royaume/media/Cantiques du royaume/5-il_sappelait_emmanuel_-_marcel_boungou__paroles.mp3" ended: Ffmpeg_decoder.End_of_file.
2026/09/26 17:39:46 [next_song:3] Prepared "/var/azuracast/stations/evangile_du_royaume/media/Jingle/jingle_musical_station_fm_parole_prophetique_02.mp3" (RID 247).
2026/09/26 17:39:55 [decoder:2] Decoding "/var/azuracast/stations/evangile_du_royaume/media/Jingle/jingle_musical_station_fm_parole_prophetique_02.mp3" ended: Ffmpeg_decoder.End_of_file.
2026/09/26 17:39:56 [next_song:3] Prepared "/var/azuracast/stations/evangile_du_royaume/media/La bible/2_pierre_001.mp3" (RID 248).
2026/09/26 17:43:34 [decoder:2] Decoding "/var/azuracast/stations/evangile_du_royaume/media/La bible/2_pierre_001.mp3" ended: Ffmpeg_decoder.End_of_file.
2026/09/26 17:43:35 [next_song:3] Prepared "/var/azuracast/stations/evangile_du_royaume/media/La bible/2_pierre_002.mp3" (RID 249).
2026/09/26 17:47:36 [decoder:2] Decoding "/var/azuracast/stations/evangile_du_royaume/media/La bible/2_pierre_002.mp3" ended: Ffmpeg_decoder.End_of_file.
2026/09/26 17:47:36 [next_song:3] Prepared "/var/azuracast/stations/evangile_du_royaume/media/La bible/2_pierre_003.mp3" (RID 250).
2026/09/26 17:50:50 [decoder:2] Decoding "/var/azuracast/stations/evangile_du_royaume/media/La bible/2_pierre_003.mp3" ended: Ffmpeg_decoder.End_of_file.
2026/09/26 17:50:51 [next_song:3] Prepared "/var/azuracast/stations/evangile_du_royaume/media/La bible/joël_001.mp3" (RID 251).
2026/09/26 17:53:55 [decoder:2] Decoding "/var/azuracast/stations/evangile_du_royaume/media/La bible/joël_001.mp3" ended: Ffmpeg_decoder.End_of_file.
2026/09/26 17:53:56 [next_song:3] Prepared "/var/azuracast/stations/evangile_du_royaume/media/La bible/joël_002.mp3" (RID 252).
2026/09/26 17:59:34 [decoder:2] Decoding "/var/azuracast/stations/evangile_du_royaume/media/La bible/joël_002.mp3" ended: Ffmpeg_decoder.End_of_file.
2026/09/26 17:59:34 [next_song:3] Prepared "/var/azuracast/stations/evangile_du_royaume/media/Jingle/jingle_id_station_02_radio_evangile_du_royaume.mp3" (RID 253).
2026/09/26 17:59:44 [decoder:2] Decoding "/var/azuracast/stations/evangile_du_royaume/media/Jingle/jingle_id_station_02_radio_evangile_du_royaume.mp3" ended: Ffmpeg_decoder.End_of_file.
2026/09/26 17:59:44 [next_song:3] Prepared "/var/azuracast/stations/evangile_du_royaume/media/La bible/psaumes_093.mp3" (RID 254).
2026/09/26 18:00:23 [decoder:2] Decoding "/var/azuracast/stations/evangile_du_royaume/media/La bible/psaumes_093.mp3" ended: Ffmpeg_decoder.End_of_file.
2026/09/26 18:00:23 [next_song:3] Prepared "/var/azuracast/stations/evangile_du_royaume/media/Jingle/jingle_avant_message_04_bienvenue_sur_parole_prophetique_fm.mp3" (RID 255).
2026/09/26 18:00:33 [decoder:2] Decoding "/var/azuracast/stations/evangile_du_royaume/media/Jingle/jingle_avant_message_04_bienvenue_sur_parole_prophetique_fm.mp3" ended: Ffmpeg_decoder.End_of_file.
2026/09/26 18:00:34 [next_song:3] Prepared "/var/azuracast/stations/evangile_du_royaume/media/aa_la_révélation_de_la_victoire_du_fils_mâle.mp3" (RID 256).
2026/09/26 18:29:39 [decoder:2] Decoding "/var/azuracast/stations/evangile_du_royaume/media/aa_la_révélation_de_la_victoire_du_fils_mâle.mp3" ended: Ffmpeg_decoder.End_of_file.
2026/09/26 18:29:40 [next_song:3] Prepared "/var/azuracast/stations/evangile_du_royaume/media/Jingle/jingle_avant_bible_08_prenons_un_moment_pour_ecouter_la_parole.mp3" (RID 257).
2026/09/26 18:29:49 [decoder:2] Decoding "/var/azuracast/stations/evangile_du_royaume/media/Jingle/jingle_avant_bible_08_prenons_un_moment_pour_ecouter_la_parole.mp3" ended: Ffmpeg_decoder.End_of_file.
2026/09/26 18:29:49 [next_song:3] Prepared "/var/azuracast/stations/evangile_du_royaume/media/La bible/josué_012.mp3" (RID 258).
2026/09/26 18:33:04 [decoder:2] Decoding "/var/azuracast/stations/evangile_du_royaume/media/La bible/josué_012.mp3" ended: Ffmpeg_decoder.End_of_file.
2026/09/26 18:33:04 [next_song:3] Prepared "/var/azuracast/stations/evangile_du_royaume/media/La bible/josué_013.mp3" (RID 259).
2026/09/26 18:38:13 [decoder:2] Decoding "/var/azuracast/stations/evangile_du_royaume/media/La bible/josué_013.mp3" ended: Ffmpeg_decoder.End_of_file.
2026/09/26 18:38:13 [next_song:3] Prepared "/var/azuracast/stations/evangile_du_royaume/media/La bible/josué_014.mp3" (RID 260).
2026/09/26 18:41:03 [decoder:2] Decoding "/var/azuracast/stations/evangile_du_royaume/media/La bible/josué_014.mp3" ended: Ffmpeg_decoder.End_of_file.
2026/09/26 18:41:04 [next_song:3] Prepared "/var/azuracast/stations/evangile_du_royaume/media/La bible/josué_015.mp3" (RID 261).
2026/09/26 18:48:08 [decoder:2] Decoding "/var/azuracast/stations/evangile_du_royaume/media/La bible/josué_015.mp3" ended: Ffmpeg_decoder.End_of_file.
2026/09/26 18:48:08 [next_song:3] Prepared "/var/azuracast/stations/evangile_du_royaume/media/La bible/josué_016.mp3" (RID 262).
2026/09/26 18:49:39 [decoder:2] Decoding "/var/azuracast/stations/evangile_du_royaume/media/La bible/josué_016.mp3" ended: Ffmpeg_decoder.End_of_file.
2026/09/26 18:49:39 [next_song:3] Prepared "/var/azuracast/stations/evangile_du_royaume/media/La bible/josué_017.mp3" (RID 263).
2026/09/26 18:53:27 [decoder:2] Decoding "/var/azuracast/stations/evangile_du_royaume/media/La bible/josué_017.mp3" ended: Ffmpeg_decoder.End_of_file.
2026/09/26 18:53:28 [next_song:3] Prepared "/var/azuracast/stations/evangile_du_royaume/media/La bible/josué_018.mp3" (RID 264).
2026/09/26 18:58:06 [decoder:2] Decoding "/var/azuracast/stations/evangile_du_royaume/media/La bible/josué_018.mp3" ended: Ffmpeg_decoder.End_of_file.
2026/09/26 18:58:06 [next_song:3] Prepared "/var/azuracast/stations/evangile_du_royaume/media/La bible/josué_019.mp3" (RID 265).
2026/09/26 19:04:24 [decoder:2] Decoding "/var/azuracast/stations/evangile_du_royaume/media/La bible/josué_019.mp3" ended: Ffmpeg_decoder.End_of_file.
2026/09/26 19:04:24 [next_song:3] Prepared "/var/azuracast/stations/evangile_du_royaume/media/La bible/josué_020.mp3" (RID 266).
2026/09/26 19:06:14 [decoder:2] Decoding "/var/azuracast/stations/evangile_du_royaume/media/La bible/josué_020.mp3" ended: Ffmpeg_decoder.End_of_file.
2026/09/26 19:06:14 [next_song:3] Prepared "/var/azuracast/stations/evangile_du_royaume/media/La bible/josué_021.mp3" (RID 267).
2026/09/26 19:11:45 [decoder:2] Decoding "/var/azuracast/stations/evangile_du_royaume/media/La bible/josué_021.mp3" ended: Ffmpeg_decoder.End_of_file.
2026/09/26 19:11:46 [next_song:3] Prepared "/var/azuracast/stations/evangile_du_royaume/media/La bible/josué_022.mp3" (RID 268).
2026/09/26 19:18:55 [decoder:2] Decoding "/var/azuracast/stations/evangile_du_royaume/media/La bible/josué_022.mp3" ended: Ffmpeg_decoder.End_of_file.
2026/09/26 19:18:55 [next_song:3] Prepared "/var/azuracast/stations/evangile_du_royaume/media/La bible/josué_023.mp3" (RID 269).
2026/09/26 19:22:01 [decoder:2] Decoding "/var/azuracast/stations/evangile_du_royaume/media/La bible/josué_023.mp3" ended: Ffmpeg_decoder.End_of_file.
2026/09/26 19:22:01 [next_song:3] Prepared "/var/azuracast/stations/evangile_du_royaume/media/Jingle/jingle_avant_louange_06_que_la_louange_seleve.mp3" (RID 270).
2026/09/26 19:22:12 [decoder:2] Decoding "/var/azuracast/stations/evangile_du_royaume/media/Jingle/jingle_avant_louange_06_que_la_louange_seleve.mp3" ended: Ffmpeg_decoder.End_of_file.
2026/09/26 19:22:12 [next_song:3] Prepared "/var/azuracast/stations/evangile_du_royaume/media/Cantiques du royaume/jean-chist_-_4_minutes.mp3" (RID 271).
2026/09/26 19:26:22 [decoder:2] Decoding "/var/azuracast/stations/evangile_du_royaume/media/Cantiques du royaume/jean-chist_-_4_minutes.mp3" ended: Ffmpeg_decoder.End_of_file.
2026/09/26 19:26:23 [next_song:3] Prepared "/var/azuracast/stations/evangile_du_royaume/media/Cantiques du royaume/jean-christ_-_6_minutes.mp3" (RID 272).
2026/09/26 19:33:00 [decoder:2] Decoding "/var/azuracast/stations/evangile_du_royaume/media/Cantiques du royaume/jean-christ_-_6_minutes.mp3" ended: Ffmpeg_decoder.End_of_file.
2026/09/26 19:33:01 [next_song:3] Prepared "/var/azuracast/stations/evangile_du_royaume/media/Worship/07 - Baruch Ha'ba B'Shem Adonai⧸Blessed Is He Who Comes in the Name of the Lord - Port Harcourt HF.mp3" (RID 273).
2026/09/26 19:43:33 [decoder:2] Decoding "/var/azuracast/stations/evangile_du_royaume/media/Worship/07 - Baruch Ha'ba B'Shem Adonai⧸Blessed Is He Who Comes in the Name of the Lord - Port Harcourt HF.mp3" ended: Ffmpeg_decoder.End_of_file.
2026/09/26 19:43:33 [next_song:3] Prepared "/var/azuracast/stations/evangile_du_royaume/media/Worship/91 - Ella Samuels - Oh Lord Our Maker.mp3" (RID 274).
2026/09/26 19:49:15 [decoder:2] Decoding "/var/azuracast/stations/evangile_du_royaume/media/Worship/91 - Ella Samuels - Oh Lord Our Maker.mp3" ended: Ffmpeg_decoder.End_of_file.
2026/09/26 19:49:16 [next_song:3] Prepared "/var/azuracast/stations/evangile_du_royaume/media/Worship/50 - Jesus is Alpha - PHF.mp3" (RID 275).
2026/09/26 19:57:25 [decoder:2] Decoding "/var/azuracast/stations/evangile_du_royaume/media/Worship/50 - Jesus is Alpha - PHF.mp3" ended: Ffmpeg_decoder.End_of_file.
2026/09/26 19:57:25 [next_song:3] Prepared "/var/azuracast/stations/evangile_du_royaume/media/Worship/14 - Great & Marvelluos - Toronto HF.mp3" (RID 276).
2026/09/26 20:09:16 [decoder:2] Decoding "/var/azuracast/stations/evangile_du_royaume/media/Worship/14 - Great & Marvelluos - Toronto HF.mp3" ended: Ffmpeg_decoder.End_of_file.
2026/09/26 20:09:17 [next_song:3] Prepared "/var/azuracast/stations/evangile_du_royaume/media/Worship/84 - Song Of Victory - Emmanuel Igunbor.mp3" (RID 277).
2026/09/26 20:13:19 [decoder:2] Decoding "/var/azuracast/stations/evangile_du_royaume/media/Worship/84 - Song Of Victory - Emmanuel Igunbor.mp3" ended: Ffmpeg_decoder.End_of_file.
2026/09/26 20:13:19 [next_song:3] Prepared "/var/azuracast/stations/evangile_du_royaume/media/Jingle/jingle_avant_bible_06_ouvrons_les_saintes_ecritures.mp3" (RID 278).
2026/09/26 20:13:30 [decoder:2] Decoding "/var/azuracast/stations/evangile_du_royaume/media/Jingle/jingle_avant_bible_06_ouvrons_les_saintes_ecritures.mp3" ended: Ffmpeg_decoder.End_of_file.
2026/09/26 20:13:30 [next_song:3] Prepared "/var/azuracast/stations/evangile_du_royaume/media/La bible/galates_001.mp3" (RID 279).
2026/09/26 20:16:45 [decoder:2] Decoding "/var/azuracast/stations/evangile_du_royaume/media/La bible/galates_001.mp3" ended: Ffmpeg_decoder.End_of_file.
2026/09/26 20:16:45 [next_song:3] Prepared "/var/azuracast/stations/evangile_du_royaume/media/La bible/galates_002.mp3" (RID 280).
2026/09/26 20:20:50 [decoder:2] Decoding "/var/azuracast/stations/evangile_du_royaume/media/La bible/galates_002.mp3" ended: Ffmpeg_decoder.End_of_file.
2026/09/26 20:20:51 [next_song:3] Prepared "/var/azuracast/stations/evangile_du_royaume/media/La bible/galates_003.mp3" (RID 281).
2026/09/26 20:25:38 [decoder:2] Decoding "/var/azuracast/stations/evangile_du_royaume/media/La bible/galates_003.mp3" ended: Ffmpeg_decoder.End_of_file.
2026/09/26 20:25:38 [next_song:3] Prepared "/var/azuracast/stations/evangile_du_royaume/media/La bible/galates_004.mp3" (RID 282).
2026/09/26 20:30:05 [decoder:2] Decoding "/var/azuracast/stations/evangile_du_royaume/media/La bible/galates_004.mp3" ended: Ffmpeg_decoder.End_of_file.
2026/09/26 20:30:06 [next_song:3] Prepared "/var/azuracast/stations/evangile_du_royaume/media/La bible/galates_005.mp3" (RID 283).
2026/09/26 20:34:07 [decoder:2] Decoding "/var/azuracast/stations/evangile_du_royaume/media/La bible/galates_005.mp3" ended: Ffmpeg_decoder.End_of_file.
2026/09/26 20:34:07 [next_song:3] Prepared "/var/azuracast/stations/evangile_du_royaume/media/La bible/galates_006.mp3" (RID 284).
2026/09/26 20:36:50 [decoder:2] Decoding "/var/azuracast/stations/evangile_du_royaume/media/La bible/galates_006.mp3" ended: Ffmpeg_decoder.End_of_file.
2026/09/26 20:36:51 [next_song:3] Prepared "/var/azuracast/stations/evangile_du_royaume/media/La bible/zacharie_001.mp3" (RID 285).
2026/09/26 20:40:22 [decoder:2] Decoding "/var/azuracast/stations/evangile_du_royaume/media/La bible/zacharie_001.mp3" ended: Ffmpeg_decoder.End_of_file.
2026/09/26 20:40:22 [next_song:3] Prepared "/var/azuracast/stations/evangile_du_royaume/media/Jingle/jingle_avant_louange_07_voici_un_temps_de_louange.mp3" (RID 286).
2026/09/26 20:40:35 [decoder:2] Decoding "/var/azuracast/stations/evangile_du_royaume/media/Jingle/jingle_avant_louange_07_voici_un_temps_de_louange.mp3" ended: Ffmpeg_decoder.End_of_file.
2026/09/26 20:40:36 [next_song:3] Prepared "/var/azuracast/stations/evangile_du_royaume/media/Cantiques du royaume/cantique_-_esprit_de_dieu.mp3" (RID 287).
2026/09/26 20:43:45 [decoder:2] Decoding "/var/azuracast/stations/evangile_du_royaume/media/Cantiques du royaume/cantique_-_esprit_de_dieu.mp3" ended: Ffmpeg_decoder.End_of_file.
2026/09/26 20:43:46 [next_song:3] Prepared "/var/azuracast/stations/evangile_du_royaume/media/Worship/18 - El Elyon - Toronto & Winnipeg HF.mp3" (RID 288).
2026/09/26 20:52:40 [decoder:2] Decoding "/var/azuracast/stations/evangile_du_royaume/media/Worship/18 - El Elyon - Toronto & Winnipeg HF.mp3" ended: Ffmpeg_decoder.End_of_file.
2026/09/26 20:52:41 [next_song:3] Prepared "/var/azuracast/stations/evangile_du_royaume/media/Worship/57 - Holy Are You - PHF.mp3" (RID 289).
2026/09/26 21:03:03 [decoder:2] Decoding "/var/azuracast/stations/evangile_du_royaume/media/Worship/57 - Holy Are You - PHF.mp3" ended: Ffmpeg_decoder.End_of_file.
2026/09/26 21:03:04 [next_song:3] Prepared "/var/azuracast/stations/evangile_du_royaume/media/Worship/56 - Hashem - PHF.mp3" (RID 290).
2026/09/26 21:14:53 [decoder:2] Decoding "/var/azuracast/stations/evangile_du_royaume/media/Worship/56 - Hashem - PHF.mp3" ended: Ffmpeg_decoder.End_of_file.
2026/09/26 21:14:54 [next_song:3] Prepared "/var/azuracast/stations/evangile_du_royaume/media/Worship/27 - Forever You Reign - Abuja HF.mp3" (RID 291).
2026/09/26 21:20:39 [decoder:2] Decoding "/var/azuracast/stations/evangile_du_royaume/media/Worship/27 - Forever You Reign - Abuja HF.mp3" ended: Ffmpeg_decoder.End_of_file.
2026/09/26 21:20:40 [next_song:3] Prepared "/var/azuracast/stations/evangile_du_royaume/media/Worship/89 - I Know The Blood - PHF.mp3" (RID 292).
2026/09/26 21:24:55 [decoder:2] Decoding "/var/azuracast/stations/evangile_du_royaume/media/Worship/89 - I Know The Blood - PHF.mp3" ended: Ffmpeg_decoder.End_of_file.
2026/09/26 21:24:56 [next_song:3] Prepared "/var/azuracast/stations/evangile_du_royaume/media/Worship/24 - We Ascribe Greatness - Abuja HF.mp3" (RID 293).
2026/09/26 21:30:40 [decoder:2] Decoding "/var/azuracast/stations/evangile_du_royaume/media/Worship/24 - We Ascribe Greatness - Abuja HF.mp3" ended: Ffmpeg_decoder.End_of_file.
2026/09/26 21:30:40 [next_song:3] Prepared "/var/azuracast/stations/evangile_du_royaume/media/Jingle/jingle_avant_bible_07_place_a_la_lecture_de_la_bible.mp3" (RID 294).
2026/09/26 21:30:53 [decoder:2] Decoding "/var/azuracast/stations/evangile_du_royaume/media/Jingle/jingle_avant_bible_07_place_a_la_lecture_de_la_bible.mp3" ended: Ffmpeg_decoder.End_of_file.
2026/09/26 21:30:54 [next_song:3] Prepared "/var/azuracast/stations/evangile_du_royaume/media/La bible/esdras_009.mp3" (RID 295).
2026/09/26 21:34:25 [decoder:2] Decoding "/var/azuracast/stations/evangile_du_royaume/media/La bible/esdras_009.mp3" ended: Ffmpeg_decoder.End_of_file.
2026/09/26 21:34:26 [next_song:3] Prepared "/var/azuracast/stations/evangile_du_royaume/media/La bible/esdras_010.mp3" (RID 296).
2026/09/26 21:40:43 [decoder:2] Decoding "/var/azuracast/stations/evangile_du_royaume/media/La bible/esdras_010.mp3" ended: Ffmpeg_decoder.End_of_file.
2026/09/26 21:40:44 [next_song:3] Prepared "/var/azuracast/stations/evangile_du_royaume/media/La bible/1_rois_005.mp3" (RID 297).
2026/09/26 21:43:49 [decoder:2] Decoding "/var/azuracast/stations/evangile_du_royaume/media/La bible/1_rois_005.mp3" ended: Ffmpeg_decoder.End_of_file.
2026/09/26 21:43:50 [next_song:3] Prepared "/var/azuracast/stations/evangile_du_royaume/media/La bible/1_rois_006.mp3" (RID 298).
2026/09/26 21:49:30 [decoder:2] Decoding "/var/azuracast/stations/evangile_du_royaume/media/La bible/1_rois_006.mp3" ended: Ffmpeg_decoder.End_of_file.
2026/09/26 21:49:31 [next_song:3] Prepared "/var/azuracast/stations/evangile_du_royaume/media/La bible/1_rois_007.mp3" (RID 299).
2026/09/26 21:58:14 [decoder:2] Decoding "/var/azuracast/stations/evangile_du_royaume/media/La bible/1_rois_007.mp3" ended: Ffmpeg_decoder.End_of_file.
2026/09/26 21:58:15 [next_song:3] Prepared "/var/azuracast/stations/evangile_du_royaume/media/La bible/1_rois_008.mp3" (RID 300).
2026/09/26 22:10:41 [decoder:2] Decoding "/var/azuracast/stations/evangile_du_royaume/media/La bible/1_rois_008.mp3" ended: Ffmpeg_decoder.End_of_file.
2026/09/26 22:10:41 [next_song:3] Prepared "/var/azuracast/stations/evangile_du_royaume/media/Jingle/jingle_avant_louange_05_elevons_nos_coeurs_vers_dieu.mp3" (RID 301).
2026/09/26 22:10:52 [decoder:2] Decoding "/var/azuracast/stations/evangile_du_royaume/media/Jingle/jingle_avant_louange_05_elevons_nos_coeurs_vers_dieu.mp3" ended: Ffmpeg_decoder.End_of_file.
2026/09/26 22:10:53 [next_song:3] Prepared "/var/azuracast/stations/evangile_du_royaume/media/Worship/30 - Yeshua I'm Waiting for You  - Ketu HF.mp3" (RID 302).
2026/09/26 22:15:38 [decoder:2] Decoding "/var/azuracast/stations/evangile_du_royaume/media/Worship/30 - Yeshua I'm Waiting for You  - Ketu HF.mp3" ended: Ffmpeg_decoder.End_of_file.
2026/09/26 22:15:39 [next_song:3] Prepared "/var/azuracast/stations/evangile_du_royaume/media/Worship/35 - God is Moving Us On - Ketu HF.mp3" (RID 303).
2026/09/26 22:20:28 [decoder:2] Decoding "/var/azuracast/stations/evangile_du_royaume/media/Worship/35 - God is Moving Us On - Ketu HF.mp3" ended: Ffmpeg_decoder.End_of_file.
2026/09/26 22:20:29 [next_song:3] Prepared "/var/azuracast/stations/evangile_du_royaume/media/Worship/51 - Hallelujah - PHF.mp3" (RID 304).
2026/09/26 22:27:54 [decoder:2] Decoding "/var/azuracast/stations/evangile_du_royaume/media/Worship/51 - Hallelujah - PHF.mp3" ended: Ffmpeg_decoder.End_of_file.
2026/09/26 22:27:55 [next_song:3] Prepared "/var/azuracast/stations/evangile_du_royaume/media/Cantiques du royaume/Cantique-A jamais, tu seras l_Agneau de Dieu.mp3" (RID 305).
2026/09/26 22:37:06 [decoder:2] Decoding "/var/azuracast/stations/evangile_du_royaume/media/Cantiques du royaume/Cantique-A jamais, tu seras l_Agneau de Dieu.mp3" ended: Ffmpeg_decoder.End_of_file.
2026/09/26 22:37:07 [next_song:3] Prepared "/var/azuracast/stations/evangile_du_royaume/media/Worship/46 - Praise the Lord All Ye Nations - Toronto HF.mp3" (RID 306).
2026/09/26 22:43:16 [decoder:2] Decoding "/var/azuracast/stations/evangile_du_royaume/media/Worship/46 - Praise the Lord All Ye Nations - Toronto HF.mp3" ended: Ffmpeg_decoder.End_of_file.
2026/09/26 22:43:16 [next_song:3] Prepared "/var/azuracast/stations/evangile_du_royaume/media/Worship/01 - There Is Forgiveness In Thee - SWBN TV.mp3" (RID 307).
2026/09/26 22:49:20 [decoder:2] Decoding "/var/azuracast/stations/evangile_du_royaume/media/Worship/01 - There Is Forgiveness In Thee - SWBN TV.mp3" ended: Ffmpeg_decoder.End_of_file.
2026/09/26 22:49:21 [next_song:3] Prepared "/var/azuracast/stations/evangile_du_royaume/media/SWBN Lead Concert Live Worship/08 - You're the Lamb (Abasiama Timothy).mp3" (RID 308).
