2026/09/08 01:15:46 [next_song:3] Prepared "/var/azuracast/stations/evangile_du_royaume/media/Jingle/jingle_avant_louange_05_elevons_nos_coeurs_vers_dieu.mp3" (RID 32).
2026/09/08 01:15:54 [decoder:2] Decoding "/var/azuracast/stations/evangile_du_royaume/media/Jingle/jingle_avant_louange_05_elevons_nos_coeurs_vers_dieu.mp3" ended: Ffmpeg_decoder.End_of_file.
2026/09/08 01:15:54 [next_song:3] Prepared "/var/azuracast/stations/evangile_du_royaume/media/Worship/38 - That I May Know Him - Toronto HF.mp3" (RID 33).
2026/09/08 01:22:01 [decoder:2] Decoding "/var/azuracast/stations/evangile_du_royaume/media/Worship/38 - That I May Know Him - Toronto HF.mp3" ended: Ffmpeg_decoder.End_of_file.
2026/09/08 01:22:01 [next_song:3] Prepared "/var/azuracast/stations/evangile_du_royaume/media/Worship/73 - Arise Out of Zion  - Winnipeg Fellowship.mp3" (RID 34).
2026/09/08 01:29:44 [decoder:2] Decoding "/var/azuracast/stations/evangile_du_royaume/media/Worship/73 - Arise Out of Zion  - Winnipeg Fellowship.mp3" ended: Ffmpeg_decoder.End_of_file.
2026/09/08 01:29:45 [next_song:3] Prepared "/var/azuracast/stations/evangile_du_royaume/media/Worship/23 - Guide Me - El ELyon - Abuja HF.mp3" (RID 35).
2026/09/08 01:34:46 [decoder:2] Decoding "/var/azuracast/stations/evangile_du_royaume/media/Worship/23 - Guide Me - El ELyon - Abuja HF.mp3" ended: Ffmpeg_decoder.End_of_file.
2026/09/08 01:34:47 [next_song:3] Prepared "/var/azuracast/stations/evangile_du_royaume/media/Worship/04 - Yahweh Is Mighty - SWBN TV.mp3" (RID 36).
2026/09/08 01:43:02 [decoder:2] Decoding "/var/azuracast/stations/evangile_du_royaume/media/Worship/04 - Yahweh Is Mighty - SWBN TV.mp3" ended: Ffmpeg_decoder.End_of_file.
2026/09/08 01:43:02 [next_song:3] Prepared "/var/azuracast/stations/evangile_du_royaume/media/SWBN Lead Concert Live Worship/09 - Not Naked (Abasiama Timothy).mp3" (RID 37).
2026/09/08 01:48:52 [decoder:2] Decoding "/var/azuracast/stations/evangile_du_royaume/media/SWBN Lead Concert Live Worship/09 - Not Naked (Abasiama Timothy).mp3" ended: Ffmpeg_decoder.End_of_file.
2026/09/08 01:48:52 [next_song:3] Prepared "/var/azuracast/stations/evangile_du_royaume/media/Worship/29 - Thy Throne Oh Lord - Ketu HF.mp3" (RID 38).
2026/09/08 01:58:32 [decoder:2] Decoding "/var/azuracast/stations/evangile_du_royaume/media/Worship/29 - Thy Throne Oh Lord - Ketu HF.mp3" ended: Ffmpeg_decoder.End_of_file.
2026/09/08 01:58:32 [next_song:3] Prepared "/var/azuracast/stations/evangile_du_royaume/media/SWBN Lead Concert Live Worship/01 - Holy is the Lord (Emmanuel Umoh).mp3" (RID 39).
2026/09/08 02:05:47 [decoder:2] Decoding "/var/azuracast/stations/evangile_du_royaume/media/SWBN Lead Concert Live Worship/01 - Holy is the Lord (Emmanuel Umoh).mp3" ended: Ffmpeg_decoder.End_of_file.
2026/09/08 02:05:48 [next_song:3] Prepared "/var/azuracast/stations/evangile_du_royaume/media/Worship/72 - There is no name  - Winnipeg Fellowship.mp3" (RID 40).
2026/09/08 02:13:35 [decoder:2] Decoding "/var/azuracast/stations/evangile_du_royaume/media/Worship/72 - There is no name  - Winnipeg Fellowship.mp3" ended: Ffmpeg_decoder.End_of_file.
2026/09/08 02:13:36 [next_song:3] Prepared "/var/azuracast/stations/evangile_du_royaume/media/Worship/78 - Crown Him Lord of Lords - Nonso Njoku.mp3" (RID 41).
2026/09/08 02:19:35 [decoder:2] Decoding "/var/azuracast/stations/evangile_du_royaume/media/Worship/78 - Crown Him Lord of Lords - Nonso Njoku.mp3" ended: Ffmpeg_decoder.End_of_file.
2026/09/08 02:19:35 [next_song:3] Prepared "/var/azuracast/stations/evangile_du_royaume/media/Jingle/jingle_avant_bible_07_place_a_la_lecture_de_la_bible.mp3" (RID 42).
2026/09/08 02:19:45 [decoder:2] Decoding "/var/azuracast/stations/evangile_du_royaume/media/Jingle/jingle_avant_bible_07_place_a_la_lecture_de_la_bible.mp3" ended: Ffmpeg_decoder.End_of_file.
2026/09/08 02:19:46 [next_song:3] Prepared "/var/azuracast/stations/evangile_du_royaume/media/La bible/jacques_001.mp3" (RID 43).
2026/09/08 02:23:39 [decoder:2] Decoding "/var/azuracast/stations/evangile_du_royaume/media/La bible/jacques_001.mp3" ended: Ffmpeg_decoder.End_of_file.
2026/09/08 02:23:40 [next_song:3] Prepared "/var/azuracast/stations/evangile_du_royaume/media/La bible/jacques_002.mp3" (RID 44).
2026/09/08 02:27:28 [decoder:2] Decoding "/var/azuracast/stations/evangile_du_royaume/media/La bible/jacques_002.mp3" ended: Ffmpeg_decoder.End_of_file.
2026/09/08 02:27:28 [next_song:3] Prepared "/var/azuracast/stations/evangile_du_royaume/media/La bible/jacques_003.mp3" (RID 45).
2026/09/08 02:30:21 [decoder:2] Decoding "/var/azuracast/stations/evangile_du_royaume/media/La bible/jacques_003.mp3" ended: Ffmpeg_decoder.End_of_file.
2026/09/08 02:30:21 [next_song:3] Prepared "/var/azuracast/stations/evangile_du_royaume/media/La bible/jacques_004.mp3" (RID 46).
2026/09/08 02:33:05 [decoder:2] Decoding "/var/azuracast/stations/evangile_du_royaume/media/La bible/jacques_004.mp3" ended: Ffmpeg_decoder.End_of_file.
2026/09/08 02:33:05 [next_song:3] Prepared "/var/azuracast/stations/evangile_du_royaume/media/La bible/jacques_005.mp3" (RID 47).
2026/09/08 02:36:30 [decoder:2] Decoding "/var/azuracast/stations/evangile_du_royaume/media/La bible/jacques_005.mp3" ended: Ffmpeg_decoder.End_of_file.
2026/09/08 02:36:31 [next_song:3] Prepared "/var/azuracast/stations/evangile_du_royaume/media/La bible/lamentations_001.mp3" (RID 48).
2026/09/08 02:41:37 [decoder:2] Decoding "/var/azuracast/stations/evangile_du_royaume/media/La bible/lamentations_001.mp3" ended: Ffmpeg_decoder.End_of_file.
2026/09/08 02:41:38 [next_song:3] Prepared "/var/azuracast/stations/evangile_du_royaume/media/La bible/lamentations_002.mp3" (RID 49).
2026/09/08 02:46:49 [decoder:2] Decoding "/var/azuracast/stations/evangile_du_royaume/media/La bible/lamentations_002.mp3" ended: Ffmpeg_decoder.End_of_file.
2026/09/08 02:46:50 [next_song:3] Prepared "/var/azuracast/stations/evangile_du_royaume/media/La bible/lamentations_003.mp3" (RID 50).
2026/09/08 02:52:48 [decoder:2] Decoding "/var/azuracast/stations/evangile_du_royaume/media/La bible/lamentations_003.mp3" ended: Ffmpeg_decoder.End_of_file.
2026/09/08 02:52:49 [next_song:3] Prepared "/var/azuracast/stations/evangile_du_royaume/media/Jingle/jingle_avant_louange_06_que_la_louange_seleve.mp3" (RID 51).
2026/09/08 02:52:56 [decoder:2] Decoding "/var/azuracast/stations/evangile_du_royaume/media/Jingle/jingle_avant_louange_06_que_la_louange_seleve.mp3" ended: Ffmpeg_decoder.End_of_file.
2026/09/08 02:52:57 [next_song:3] Prepared "/var/azuracast/stations/evangile_du_royaume/media/Cantiques du royaume/cantique___ta_lumière.mp3" (RID 52).
2026/09/08 02:59:29 [decoder:2] Decoding "/var/azuracast/stations/evangile_du_royaume/media/Cantiques du royaume/cantique___ta_lumière.mp3" ended: Ffmpeg_decoder.End_of_file.
2026/09/08 02:59:30 [next_song:3] Prepared "/var/azuracast/stations/evangile_du_royaume/media/SWBN Lead Concert Live Worship/06 - Yahweh is Mighty (Imah Adegoke).mp3" (RID 53).
2026/09/08 03:07:24 [decoder:2] Decoding "/var/azuracast/stations/evangile_du_royaume/media/SWBN Lead Concert Live Worship/06 - Yahweh is Mighty (Imah Adegoke).mp3" ended: Ffmpeg_decoder.End_of_file.
2026/09/08 03:07:25 [next_song:3] Prepared "/var/azuracast/stations/evangile_du_royaume/media/Worship/46 - Praise the Lord All Ye Nations - Toronto HF.mp3" (RID 54).
2026/09/08 03:13:33 [decoder:2] Decoding "/var/azuracast/stations/evangile_du_royaume/media/Worship/46 - Praise the Lord All Ye Nations - Toronto HF.mp3" ended: Ffmpeg_decoder.End_of_file.
2026/09/08 03:13:34 [next_song:3] Prepared "/var/azuracast/stations/evangile_du_royaume/media/Cantiques du royaume/8-_mohamed_sanogo_hymne_des_vainqueurs.mp3" (RID 55).
2026/09/08 03:19:40 [decoder:2] Decoding "/var/azuracast/stations/evangile_du_royaume/media/Cantiques du royaume/8-_mohamed_sanogo_hymne_des_vainqueurs.mp3" ended: Ffmpeg_decoder.End_of_file.
2026/09/08 03:19:41 [next_song:3] Prepared "/var/azuracast/stations/evangile_du_royaume/media/Worship/44 - Great is, Ascribe - Ketu HF.mp3" (RID 56).
2026/09/08 03:30:39 [decoder:2] Decoding "/var/azuracast/stations/evangile_du_royaume/media/Worship/44 - Great is, Ascribe - Ketu HF.mp3" ended: Ffmpeg_decoder.End_of_file.
2026/09/08 03:30:39 [next_song:3] Prepared "/var/azuracast/stations/evangile_du_royaume/media/Worship/37 - The Lord on High is Mightier - Toronto HF.mp3" (RID 57).
2026/09/08 03:37:33 [decoder:2] Decoding "/var/azuracast/stations/evangile_du_royaume/media/Worship/37 - The Lord on High is Mightier - Toronto HF.mp3" ended: Ffmpeg_decoder.End_of_file.
2026/09/08 03:37:34 [next_song:3] Prepared "/var/azuracast/stations/evangile_du_royaume/media/SWBN Lead Concert Live Worship/10 - He Has Given Me & Emmanuel You Joy Over Us (Medley) (Abasiama Timothy & Imah Adegoke).mp3" (RID 58).
2026/09/08 03:46:08 [decoder:2] Decoding "/var/azuracast/stations/evangile_du_royaume/media/SWBN Lead Concert Live Worship/10 - He Has Given Me & Emmanuel You Joy Over Us (Medley) (Abasiama Timothy & Imah Adegoke).mp3" ended: Ffmpeg_decoder.End_of_file.
2026/09/08 03:46:09 [next_song:3] Prepared "/var/azuracast/stations/evangile_du_royaume/media/Cantiques du royaume/jean-christ_-_10_minutes.mp3" (RID 59).
2026/09/08 03:55:29 [decoder:2] Decoding "/var/azuracast/stations/evangile_du_royaume/media/Cantiques du royaume/jean-christ_-_10_minutes.mp3" ended: Ffmpeg_decoder.End_of_file.
2026/09/08 03:55:30 [next_song:3] Prepared "/var/azuracast/stations/evangile_du_royaume/media/Jingle/jingle_avant_bible_08_prenons_un_moment_pour_ecouter_la_parole.mp3" (RID 60).
2026/09/08 03:55:36 [decoder:2] Decoding "/var/azuracast/stations/evangile_du_royaume/media/Jingle/jingle_avant_bible_08_prenons_un_moment_pour_ecouter_la_parole.mp3" ended: Ffmpeg_decoder.End_of_file.
2026/09/08 03:55:36 [next_song:3] Prepared "/var/azuracast/stations/evangile_du_royaume/media/La bible/1_thessaloniciens_001.mp3" (RID 61).
2026/09/08 03:57:23 [decoder:2] Decoding "/var/azuracast/stations/evangile_du_royaume/media/La bible/1_thessaloniciens_001.mp3" ended: Ffmpeg_decoder.End_of_file.
2026/09/08 03:57:23 [next_song:3] Prepared "/var/azuracast/stations/evangile_du_royaume/media/La bible/1_thessaloniciens_002.mp3" (RID 62).
2026/09/08 04:00:49 [decoder:2] Decoding "/var/azuracast/stations/evangile_du_royaume/media/La bible/1_thessaloniciens_002.mp3" ended: Ffmpeg_decoder.End_of_file.
2026/09/08 04:00:49 [next_song:3] Prepared "/var/azuracast/stations/evangile_du_royaume/media/La bible/1_thessaloniciens_003.mp3" (RID 63).
2026/09/08 04:02:59 [decoder:2] Decoding "/var/azuracast/stations/evangile_du_royaume/media/La bible/1_thessaloniciens_003.mp3" ended: Ffmpeg_decoder.End_of_file.
2026/09/08 04:02:59 [next_song:3] Prepared "/var/azuracast/stations/evangile_du_royaume/media/La bible/1_thessaloniciens_004.mp3" (RID 64).
2026/09/08 04:06:00 [decoder:2] Decoding "/var/azuracast/stations/evangile_du_royaume/media/La bible/1_thessaloniciens_004.mp3" ended: Ffmpeg_decoder.End_of_file.
2026/09/08 04:06:00 [next_song:3] Prepared "/var/azuracast/stations/evangile_du_royaume/media/La bible/1_thessaloniciens_005.mp3" (RID 65).
2026/09/08 04:09:01 [decoder:2] Decoding "/var/azuracast/stations/evangile_du_royaume/media/La bible/1_thessaloniciens_005.mp3" ended: Ffmpeg_decoder.End_of_file.
2026/09/08 04:09:02 [next_song:3] Prepared "/var/azuracast/stations/evangile_du_royaume/media/La bible/2_chroniques_033.mp3" (RID 66).
2026/09/08 04:09:03 [clock.main:2] We must catchup 1.33 seconds!
2026/09/08 04:13:22 [decoder:2] Decoding "/var/azuracast/stations/evangile_du_royaume/media/La bible/2_chroniques_033.mp3" ended: Ffmpeg_decoder.End_of_file.
2026/09/08 04:13:23 [next_song:3] Prepared "/var/azuracast/stations/evangile_du_royaume/media/La bible/2_chroniques_034.mp3" (RID 67).
2026/09/08 04:20:03 [decoder:2] Decoding "/var/azuracast/stations/evangile_du_royaume/media/La bible/2_chroniques_034.mp3" ended: Ffmpeg_decoder.End_of_file.
2026/09/08 04:20:03 [next_song:3] Prepared "/var/azuracast/stations/evangile_du_royaume/media/La bible/2_chroniques_035.mp3" (RID 68).
2026/09/08 04:25:27 [decoder:2] Decoding "/var/azuracast/stations/evangile_du_royaume/media/La bible/2_chroniques_035.mp3" ended: Ffmpeg_decoder.End_of_file.
2026/09/08 04:25:27 [next_song:3] Prepared "/var/azuracast/stations/evangile_du_royaume/media/La bible/2_chroniques_036.mp3" (RID 69).
2026/09/08 04:29:45 [decoder:2] Decoding "/var/azuracast/stations/evangile_du_royaume/media/La bible/2_chroniques_036.mp3" ended: Ffmpeg_decoder.End_of_file.
2026/09/08 04:29:45 [next_song:3] Prepared "/var/azuracast/stations/evangile_du_royaume/media/La bible/psaumes_106.mp3" (RID 70).
2026/09/08 04:34:17 [decoder:2] Decoding "/var/azuracast/stations/evangile_du_royaume/media/La bible/psaumes_106.mp3" ended: Ffmpeg_decoder.End_of_file.
2026/09/08 04:34:18 [next_song:3] Prepared "/var/azuracast/stations/evangile_du_royaume/media/La bible/psaumes_107.mp3" (RID 71).
2026/09/08 04:38:15 [decoder:2] Decoding "/var/azuracast/stations/evangile_du_royaume/media/La bible/psaumes_107.mp3" ended: Ffmpeg_decoder.End_of_file.
2026/09/08 04:38:16 [next_song:3] Prepared "/var/azuracast/stations/evangile_du_royaume/media/La bible/psaumes_108.mp3" (RID 72).
