2026/10/02 00:01:25 [lang:2] Could not perform http request: CurlException(Aborted_by_callback, 42, CURLE_ABORTED_BY_CALLBACK).
2026/10/02 00:01:25 [lang.deprecated:2] WARNING: "error.kind" is deprecated and will be removed in future version.
2026/10/02 00:01:25 [lang.deprecated:2] WARNING: "error.message" is deprecated and will be removed in future version.
2026/10/02 00:01:25 [lang:3] API djoff - Error: http - CurlException(Aborted_by_callback, 42, CURLE_ABORTED_BY_CALLBACK)
2026/10/02 00:01:25 [threads:2] Queue generic queue #1 crashed with exception Sys_error("Condition.wait: Operation not permitted")
2026/10/02 00:01:25 [threads:2] Raised by primitive operation at Duppy.queue.run in file "src/duppy.ml", line 341, characters 6-32
2026/10/02 00:01:25 [threads:2] Called from Duppy.queue in file "src/duppy.ml", line 357, characters 8-12
2026/10/02 00:01:25 [threads:2] Re-raised at Duppy.queue in file "src/duppy.ml", line 361, characters 8-17
2026/10/02 00:01:25 [threads:2] Called from Tutils.create.(fun).process in file "tools/tutils.ml", line 164, characters 12-15
2026/10/02 00:01:25 [threads:2] 
2026/10/02 00:01:25 [threads:1] PANIC: Liquidsoap has crashed, exiting.,
2026/10/02 00:01:25 [threads:1] Please report at: savonet-users@lists.sf.net
2026/10/02 00:01:29 [lang.deprecated:2] WARNING: "map_metadata" is deprecated and will be removed in future version. Please use "metadata.map" instead.
2026/10/02 00:01:29 [lang.deprecated:2] WARNING: "map_metadata" is deprecated and will be removed in future version. Please use "metadata.map" instead.
2026/10/02 00:01:29 [error_jingle:3] "/usr/local/share/icecast/web/error.mp3" is static, resolving once for all...
2026/10/02 00:01:29 [error_jingle:3] Prepared "/usr/local/share/icecast/web/error.mp3" (RID 7).
2026/10/02 00:01:29 [playlist_000_transition:3] Prepared "/var/azuracast/stations/evangile_du_royaume/media/jingles_de_transition_2.mp3" (RID 12).
2026/10/02 00:01:29 [safe_fallback:3] Switch to amplify_0 with transition.
2026/10/02 00:01:29 [live_fallback:3] Switch to cross_0.
2026/10/02 00:01:29 [interrupting_fallback:3] Switch to requests_fallback.
2026/10/02 00:01:29 [requests_fallback:3] Switch to autodj_fallback.
2026/10/02 00:01:29 [autodj_fallback:3] Switch to schedule_switch.
2026/10/02 00:01:29 [schedule_switch:3] Switch to metadata.map_0.
2026/10/02 00:01:40 [next_song:3] Prepared "/var/azuracast/stations/evangile_du_royaume/media/jingles_de_transition_3.mp3" (RID 16).
2026/10/02 00:02:58 [decoder:2] Decoding "/var/azuracast/stations/evangile_du_royaume/media/jingles_de_transition_2.mp3" ended: Ffmpeg_decoder.End_of_file.
2026/10/02 00:02:58 [playlist_bloc_a_serie_du_jour:3] Prepared "/var/azuracast/stations/evangile_du_royaume/media/Jingle/jingle_avant_message_04_bienvenue_sur_parole_prophetique_fm.mp3" (RID 8).
2026/10/02 00:02:58 [schedule_switch:3] Switch to cue_playlist_bloc_a_serie_du_jour with forgetful transition.
2026/10/02 00:02:58 [autodj_fallback:3] Switch to dynamic_startup with forgetful transition.
2026/10/02 00:02:58 [dynamic_startup:3] Switch to cue_next_song.
2026/10/02 00:05:10 [decoder:2] Decoding "/var/azuracast/stations/evangile_du_royaume/media/jingles_de_transition_3.mp3" ended: Ffmpeg_decoder.End_of_file.
2026/10/02 00:05:11 [next_song:3] Prepared "/var/azuracast/stations/evangile_du_royaume/media/Jingle/jingle_avant_message_04_bienvenue_sur_parole_prophetique_fm.mp3" (RID 17).
2026/10/02 00:05:21 [decoder:2] Decoding "/var/azuracast/stations/evangile_du_royaume/media/Jingle/jingle_avant_message_04_bienvenue_sur_parole_prophetique_fm.mp3" ended: Ffmpeg_decoder.End_of_file.
2026/10/02 00:05:21 [next_song:3] Prepared "/var/azuracast/stations/evangile_du_royaume/media/le_retour_du_seigneur.mp3" (RID 18).
2026/10/02 02:18:08 [decoder:2] Decoding "/var/azuracast/stations/evangile_du_royaume/media/le_retour_du_seigneur.mp3" ended: Ffmpeg_decoder.End_of_file.
2026/10/02 02:18:09 [next_song:3] Prepared "/var/azuracast/stations/evangile_du_royaume/media/Jingle/jingle_avant_bible_08_prenons_un_moment_pour_ecouter_la_parole.mp3" (RID 19).
2026/10/02 02:18:18 [decoder:2] Decoding "/var/azuracast/stations/evangile_du_royaume/media/Jingle/jingle_avant_bible_08_prenons_un_moment_pour_ecouter_la_parole.mp3" ended: Ffmpeg_decoder.End_of_file.
2026/10/02 02:18:19 [next_song:3] Prepared "/var/azuracast/stations/evangile_du_royaume/media/La bible/2_chroniques_035.mp3" (RID 20).
2026/10/02 02:23:42 [decoder:2] Decoding "/var/azuracast/stations/evangile_du_royaume/media/La bible/2_chroniques_035.mp3" ended: Ffmpeg_decoder.End_of_file.
2026/10/02 02:23:42 [next_song:3] Prepared "/var/azuracast/stations/evangile_du_royaume/media/La bible/2_chroniques_036.mp3" (RID 21).
2026/10/02 02:28:00 [decoder:2] Decoding "/var/azuracast/stations/evangile_du_royaume/media/La bible/2_chroniques_036.mp3" ended: Ffmpeg_decoder.End_of_file.
2026/10/02 02:28:00 [next_song:3] Prepared "/var/azuracast/stations/evangile_du_royaume/media/La bible/ecclésiaste_001.mp3" (RID 22).
2026/10/02 02:30:18 [decoder:2] Decoding "/var/azuracast/stations/evangile_du_royaume/media/La bible/ecclésiaste_001.mp3" ended: Ffmpeg_decoder.End_of_file.
2026/10/02 02:30:19 [next_song:3] Prepared "/var/azuracast/stations/evangile_du_royaume/media/La bible/ecclésiaste_002.mp3" (RID 23).
2026/10/02 02:34:33 [decoder:2] Decoding "/var/azuracast/stations/evangile_du_royaume/media/La bible/ecclésiaste_002.mp3" ended: Ffmpeg_decoder.End_of_file.
2026/10/02 02:34:34 [next_song:3] Prepared "/var/azuracast/stations/evangile_du_royaume/media/La bible/ecclésiaste_003.mp3" (RID 24).
2026/10/02 02:37:21 [decoder:2] Decoding "/var/azuracast/stations/evangile_du_royaume/media/La bible/ecclésiaste_003.mp3" ended: Ffmpeg_decoder.End_of_file.
2026/10/02 02:37:21 [next_song:3] Prepared "/var/azuracast/stations/evangile_du_royaume/media/La bible/ecclésiaste_004.mp3" (RID 25).
2026/10/02 02:39:41 [decoder:2] Decoding "/var/azuracast/stations/evangile_du_royaume/media/La bible/ecclésiaste_004.mp3" ended: Ffmpeg_decoder.End_of_file.
2026/10/02 02:39:41 [next_song:3] Prepared "/var/azuracast/stations/evangile_du_royaume/media/La bible/ecclésiaste_005.mp3" (RID 26).
2026/10/02 02:42:56 [decoder:2] Decoding "/var/azuracast/stations/evangile_du_royaume/media/La bible/ecclésiaste_005.mp3" ended: Ffmpeg_decoder.End_of_file.
2026/10/02 02:42:56 [next_song:3] Prepared "/var/azuracast/stations/evangile_du_royaume/media/La bible/ecclésiaste_006.mp3" (RID 27).
2026/10/02 02:44:43 [decoder:2] Decoding "/var/azuracast/stations/evangile_du_royaume/media/La bible/ecclésiaste_006.mp3" ended: Ffmpeg_decoder.End_of_file.
2026/10/02 02:44:43 [next_song:3] Prepared "/var/azuracast/stations/evangile_du_royaume/media/La bible/ecclésiaste_007.mp3" (RID 28).
2026/10/02 02:48:25 [decoder:2] Decoding "/var/azuracast/stations/evangile_du_royaume/media/La bible/ecclésiaste_007.mp3" ended: Ffmpeg_decoder.End_of_file.
2026/10/02 02:48:25 [next_song:3] Prepared "/var/azuracast/stations/evangile_du_royaume/media/La bible/ecclésiaste_008.mp3" (RID 29).
2026/10/02 02:51:14 [decoder:2] Decoding "/var/azuracast/stations/evangile_du_royaume/media/La bible/ecclésiaste_008.mp3" ended: Ffmpeg_decoder.End_of_file.
2026/10/02 02:51:14 [next_song:3] Prepared "/var/azuracast/stations/evangile_du_royaume/media/La bible/ecclésiaste_009.mp3" (RID 30).
2026/10/02 02:54:25 [decoder:2] Decoding "/var/azuracast/stations/evangile_du_royaume/media/La bible/ecclésiaste_009.mp3" ended: Ffmpeg_decoder.End_of_file.
2026/10/02 02:54:25 [next_song:3] Prepared "/var/azuracast/stations/evangile_du_royaume/media/La bible/ecclésiaste_010.mp3" (RID 31).
2026/10/02 02:56:52 [decoder:2] Decoding "/var/azuracast/stations/evangile_du_royaume/media/La bible/ecclésiaste_010.mp3" ended: Ffmpeg_decoder.End_of_file.
2026/10/02 02:56:52 [next_song:3] Prepared "/var/azuracast/stations/evangile_du_royaume/media/Jingle/jingle_avant_louange_07_voici_un_temps_de_louange.mp3" (RID 32).
2026/10/02 02:57:05 [decoder:2] Decoding "/var/azuracast/stations/evangile_du_royaume/media/Jingle/jingle_avant_louange_07_voici_un_temps_de_louange.mp3" ended: Ffmpeg_decoder.End_of_file.
2026/10/02 02:57:05 [next_song:3] Prepared "/var/azuracast/stations/evangile_du_royaume/media/Worship/50 - Jesus is Alpha - PHF.mp3" (RID 33).
2026/10/02 03:05:14 [decoder:2] Decoding "/var/azuracast/stations/evangile_du_royaume/media/Worship/50 - Jesus is Alpha - PHF.mp3" ended: Ffmpeg_decoder.End_of_file.
2026/10/02 03:05:15 [next_song:3] Prepared "/var/azuracast/stations/evangile_du_royaume/media/Worship/56 - Hashem - PHF.mp3" (RID 34).
2026/10/02 03:17:04 [decoder:2] Decoding "/var/azuracast/stations/evangile_du_royaume/media/Worship/56 - Hashem - PHF.mp3" ended: Ffmpeg_decoder.End_of_file.
2026/10/02 03:17:05 [next_song:3] Prepared "/var/azuracast/stations/evangile_du_royaume/media/Cantiques du royaume/Cantique sa miséricorde.mp3" (RID 35).
2026/10/02 03:20:26 [decoder:2] Decoding "/var/azuracast/stations/evangile_du_royaume/media/Cantiques du royaume/Cantique sa miséricorde.mp3" ended: Ffmpeg_decoder.End_of_file.
2026/10/02 03:20:26 [next_song:3] Prepared "/var/azuracast/stations/evangile_du_royaume/media/SWBN Lead Concert Live Worship/01 - Holy is the Lord (Emmanuel Umoh).mp3" (RID 36).
2026/10/02 03:27:41 [decoder:2] Decoding "/var/azuracast/stations/evangile_du_royaume/media/SWBN Lead Concert Live Worship/01 - Holy is the Lord (Emmanuel Umoh).mp3" ended: Ffmpeg_decoder.End_of_file.
2026/10/02 03:27:41 [next_song:3] Prepared "/var/azuracast/stations/evangile_du_royaume/media/Cantiques du royaume/cantique_-_esprit_de_dieu.mp3" (RID 37).
2026/10/02 03:30:51 [decoder:2] Decoding "/var/azuracast/stations/evangile_du_royaume/media/Cantiques du royaume/cantique_-_esprit_de_dieu.mp3" ended: Ffmpeg_decoder.End_of_file.
2026/10/02 03:30:51 [next_song:3] Prepared "/var/azuracast/stations/evangile_du_royaume/media/Worship/41 - Abba, Singing a, I Will Sing - Ketu HF.mp3" (RID 38).
2026/10/02 03:41:35 [decoder:2] Decoding "/var/azuracast/stations/evangile_du_royaume/media/Worship/41 - Abba, Singing a, I Will Sing - Ketu HF.mp3" ended: Ffmpeg_decoder.End_of_file.
2026/10/02 03:41:36 [next_song:3] Prepared "/var/azuracast/stations/evangile_du_royaume/media/Jingle/jingle_avant_bible_07_place_a_la_lecture_de_la_bible.mp3" (RID 39).
2026/10/02 03:41:49 [decoder:2] Decoding "/var/azuracast/stations/evangile_du_royaume/media/Jingle/jingle_avant_bible_07_place_a_la_lecture_de_la_bible.mp3" ended: Ffmpeg_decoder.End_of_file.
2026/10/02 03:41:49 [next_song:3] Prepared "/var/azuracast/stations/evangile_du_royaume/media/La bible/juges_007.mp3" (RID 40).
2026/10/02 03:47:19 [decoder:2] Decoding "/var/azuracast/stations/evangile_du_royaume/media/La bible/juges_007.mp3" ended: Ffmpeg_decoder.End_of_file.
2026/10/02 03:47:20 [next_song:3] Prepared "/var/azuracast/stations/evangile_du_royaume/media/La bible/juges_008.mp3" (RID 41).
2026/10/02 03:52:59 [decoder:2] Decoding "/var/azuracast/stations/evangile_du_royaume/media/La bible/juges_008.mp3" ended: Ffmpeg_decoder.End_of_file.
2026/10/02 03:52:59 [next_song:3] Prepared "/var/azuracast/stations/evangile_du_royaume/media/La bible/juges_009.mp3" (RID 42).
2026/10/02 04:02:45 [decoder:2] Decoding "/var/azuracast/stations/evangile_du_royaume/media/La bible/juges_009.mp3" ended: Ffmpeg_decoder.End_of_file.
2026/10/02 04:02:45 [next_song:3] Prepared "/var/azuracast/stations/evangile_du_royaume/media/Jingle/jingle_avant_louange_06_que_la_louange_seleve.mp3" (RID 43).
2026/10/02 04:02:55 [decoder:2] Decoding "/var/azuracast/stations/evangile_du_royaume/media/Jingle/jingle_avant_louange_06_que_la_louange_seleve.mp3" ended: Ffmpeg_decoder.End_of_file.
2026/10/02 04:02:56 [next_song:3] Prepared "/var/azuracast/stations/evangile_du_royaume/media/Cantiques du royaume/cantique__ta_bonte.mp3" (RID 44).
2026/10/02 04:08:59 [decoder:2] Decoding "/var/azuracast/stations/evangile_du_royaume/media/Cantiques du royaume/cantique__ta_bonte.mp3" ended: Ffmpeg_decoder.End_of_file.
2026/10/02 04:09:00 [next_song:3] Prepared "/var/azuracast/stations/evangile_du_royaume/media/Worship/91 - Ella Samuels - Oh Lord Our Maker.mp3" (RID 45).
2026/10/02 04:14:42 [decoder:2] Decoding "/var/azuracast/stations/evangile_du_royaume/media/Worship/91 - Ella Samuels - Oh Lord Our Maker.mp3" ended: Ffmpeg_decoder.End_of_file.
2026/10/02 04:14:42 [next_song:3] Prepared "/var/azuracast/stations/evangile_du_royaume/media/Cantiques du royaume/Cantique - Je veux vivre ton royaume.mp3" (RID 46).
2026/10/02 04:19:24 [decoder:2] Decoding "/var/azuracast/stations/evangile_du_royaume/media/Cantiques du royaume/Cantique - Je veux vivre ton royaume.mp3" ended: Ffmpeg_decoder.End_of_file.
2026/10/02 04:19:24 [next_song:3] Prepared "/var/azuracast/stations/evangile_du_royaume/media/Cantiques du royaume/jean-christ_-_10_minutes.mp3" (RID 47).
2026/10/02 04:28:45 [decoder:2] Decoding "/var/azuracast/stations/evangile_du_royaume/media/Cantiques du royaume/jean-christ_-_10_minutes.mp3" ended: Ffmpeg_decoder.End_of_file.
2026/10/02 04:28:45 [next_song:3] Prepared "/var/azuracast/stations/evangile_du_royaume/media/Worship/72 - There is no name  - Winnipeg Fellowship.mp3" (RID 48).
2026/10/02 04:36:33 [decoder:2] Decoding "/var/azuracast/stations/evangile_du_royaume/media/Worship/72 - There is no name  - Winnipeg Fellowship.mp3" ended: Ffmpeg_decoder.End_of_file.
2026/10/02 04:36:33 [next_song:3] Prepared "/var/azuracast/stations/evangile_du_royaume/media/Worship/55 - God's Got An Army - PHF.mp3" (RID 49).
2026/10/02 04:41:52 [decoder:2] Decoding "/var/azuracast/stations/evangile_du_royaume/media/Worship/55 - God's Got An Army - PHF.mp3" ended: Ffmpeg_decoder.End_of_file.
2026/10/02 04:41:53 [next_song:3] Prepared "/var/azuracast/stations/evangile_du_royaume/media/Jingle/jingle_avant_bible_06_ouvrons_les_saintes_ecritures.mp3" (RID 50).
2026/10/02 04:42:03 [decoder:2] Decoding "/var/azuracast/stations/evangile_du_royaume/media/Jingle/jingle_avant_bible_06_ouvrons_les_saintes_ecritures.mp3" ended: Ffmpeg_decoder.End_of_file.
2026/10/02 04:42:04 [next_song:3] Prepared "/var/azuracast/stations/evangile_du_royaume/media/La bible/michée_001.mp3" (RID 51).
2026/10/02 04:44:38 [decoder:2] Decoding "/var/azuracast/stations/evangile_du_royaume/media/La bible/michée_001.mp3" ended: Ffmpeg_decoder.End_of_file.
2026/10/02 04:44:38 [next_song:3] Prepared "/var/azuracast/stations/evangile_du_royaume/media/La bible/michée_002.mp3" (RID 52).
2026/10/02 04:46:56 [decoder:2] Decoding "/var/azuracast/stations/evangile_du_royaume/media/La bible/michée_002.mp3" ended: Ffmpeg_decoder.End_of_file.
2026/10/02 04:46:56 [next_song:3] Prepared "/var/azuracast/stations/evangile_du_royaume/media/La bible/michée_003.mp3" (RID 53).
2026/10/02 04:48:58 [decoder:2] Decoding "/var/azuracast/stations/evangile_du_royaume/media/La bible/michée_003.mp3" ended: Ffmpeg_decoder.End_of_file.
2026/10/02 04:48:58 [next_song:3] Prepared "/var/azuracast/stations/evangile_du_royaume/media/La bible/michée_004.mp3" (RID 54).
2026/10/02 04:51:29 [decoder:2] Decoding "/var/azuracast/stations/evangile_du_royaume/media/La bible/michée_004.mp3" ended: Ffmpeg_decoder.End_of_file.
2026/10/02 04:51:30 [next_song:3] Prepared "/var/azuracast/stations/evangile_du_royaume/media/La bible/michée_005.mp3" (RID 55).
2026/10/02 04:53:47 [decoder:2] Decoding "/var/azuracast/stations/evangile_du_royaume/media/La bible/michée_005.mp3" ended: Ffmpeg_decoder.End_of_file.
2026/10/02 04:53:47 [next_song:3] Prepared "/var/azuracast/stations/evangile_du_royaume/media/La bible/michée_006.mp3" (RID 56).
2026/10/02 04:56:21 [decoder:2] Decoding "/var/azuracast/stations/evangile_du_royaume/media/La bible/michée_006.mp3" ended: Ffmpeg_decoder.End_of_file.
2026/10/02 04:56:21 [next_song:3] Prepared "/var/azuracast/stations/evangile_du_royaume/media/La bible/michée_007.mp3" (RID 57).
2026/10/02 04:59:45 [decoder:2] Decoding "/var/azuracast/stations/evangile_du_royaume/media/La bible/michée_007.mp3" ended: Ffmpeg_decoder.End_of_file.
2026/10/02 04:59:45 [next_song:3] Prepared "/var/azuracast/stations/evangile_du_royaume/media/La bible/sophonie_001.mp3" (RID 58).
2026/10/02 05:02:39 [decoder:2] Decoding "/var/azuracast/stations/evangile_du_royaume/media/La bible/sophonie_001.mp3" ended: Ffmpeg_decoder.End_of_file.
2026/10/02 05:02:39 [next_song:3] Prepared "/var/azuracast/stations/evangile_du_royaume/media/La bible/sophonie_002.mp3" (RID 59).
2026/10/02 05:05:22 [decoder:2] Decoding "/var/azuracast/stations/evangile_du_royaume/media/La bible/sophonie_002.mp3" ended: Ffmpeg_decoder.End_of_file.
2026/10/02 05:05:22 [next_song:3] Prepared "/var/azuracast/stations/evangile_du_royaume/media/La bible/sophonie_003.mp3" (RID 60).
2026/10/02 05:09:06 [decoder:2] Decoding "/var/azuracast/stations/evangile_du_royaume/media/La bible/sophonie_003.mp3" ended: Ffmpeg_decoder.End_of_file.
2026/10/02 05:09:06 [next_song:3] Prepared "/var/azuracast/stations/evangile_du_royaume/media/La bible/1_rois_014.mp3" (RID 61).
2026/10/02 05:14:58 [decoder:2] Decoding "/var/azuracast/stations/evangile_du_royaume/media/La bible/1_rois_014.mp3" ended: Ffmpeg_decoder.End_of_file.
2026/10/02 05:14:58 [next_song:3] Prepared "/var/azuracast/stations/evangile_du_royaume/media/Jingle/jingle_avant_louange_05_elevons_nos_coeurs_vers_dieu.mp3" (RID 62).
2026/10/02 05:15:09 [decoder:2] Decoding "/var/azuracast/stations/evangile_du_royaume/media/Jingle/jingle_avant_louange_05_elevons_nos_coeurs_vers_dieu.mp3" ended: Ffmpeg_decoder.End_of_file.
2026/10/02 05:15:10 [next_song:3] Prepared "/var/azuracast/stations/evangile_du_royaume/media/Worship/47 - You Are the Captain of the Host - Toronto HF.mp3" (RID 63).
2026/10/02 05:18:04 [decoder:2] Decoding "/var/azuracast/stations/evangile_du_royaume/media/Worship/47 - You Are the Captain of the Host - Toronto HF.mp3" ended: Ffmpeg_decoder.End_of_file.
2026/10/02 05:18:05 [next_song:3] Prepared "/var/azuracast/stations/evangile_du_royaume/media/Worship/32 - There is A Mighty River Flowing - Ketu HF.mp3" (RID 64).
2026/10/02 05:25:10 [decoder:2] Decoding "/var/azuracast/stations/evangile_du_royaume/media/Worship/32 - There is A Mighty River Flowing - Ketu HF.mp3" ended: Ffmpeg_decoder.End_of_file.
2026/10/02 05:25:11 [next_song:3] Prepared "/var/azuracast/stations/evangile_du_royaume/media/Cantiques du royaume/7-_gael_adorons_léternel.mp3" (RID 65).
2026/10/02 05:28:49 [decoder:2] Decoding "/var/azuracast/stations/evangile_du_royaume/media/Cantiques du royaume/7-_gael_adorons_léternel.mp3" ended: Ffmpeg_decoder.End_of_file.
2026/10/02 05:28:50 [next_song:3] Prepared "/var/azuracast/stations/evangile_du_royaume/media/Worship/14 - Great & Marvelluos - Toronto HF.mp3" (RID 66).
2026/10/02 05:40:41 [decoder:2] Decoding "/var/azuracast/stations/evangile_du_royaume/media/Worship/14 - Great & Marvelluos - Toronto HF.mp3" ended: Ffmpeg_decoder.End_of_file.
2026/10/02 05:40:41 [next_song:3] Prepared "/var/azuracast/stations/evangile_du_royaume/media/Worship/53 - In Jesus - PHF.mp3" (RID 67).
2026/10/02 05:46:36 [decoder:2] Decoding "/var/azuracast/stations/evangile_du_royaume/media/Worship/53 - In Jesus - PHF.mp3" ended: Ffmpeg_decoder.End_of_file.
2026/10/02 05:46:36 [next_song:3] Prepared "/var/azuracast/stations/evangile_du_royaume/media/Cantiques du royaume/Cantique   Oh Éternel Dieu, Tu es le Dieu Incomparable.mp3" (RID 68).
2026/10/02 05:50:44 [decoder:2] Decoding "/var/azuracast/stations/evangile_du_royaume/media/Cantiques du royaume/Cantique   Oh Éternel Dieu, Tu es le Dieu Incomparable.mp3" ended: Ffmpeg_decoder.End_of_file.
2026/10/02 05:50:45 [next_song:3] Prepared "/var/azuracast/stations/evangile_du_royaume/media/Worship/33 - By the word of the lord - Ketu HF.mp3" (RID 69).
2026/10/02 05:56:03 [decoder:2] Decoding "/var/azuracast/stations/evangile_du_royaume/media/Worship/33 - By the word of the lord - Ketu HF.mp3" ended: Ffmpeg_decoder.End_of_file.
2026/10/02 05:56:04 [next_song:3] Prepared "/var/azuracast/stations/evangile_du_royaume/media/Jingle/jingle_id_station_02_radio_evangile_du_royaume.mp3" (RID 70).
2026/10/02 05:56:13 [decoder:2] Decoding "/var/azuracast/stations/evangile_du_royaume/media/Jingle/jingle_id_station_02_radio_evangile_du_royaume.mp3" ended: Ffmpeg_decoder.End_of_file.
2026/10/02 05:56:14 [next_song:3] Prepared "/var/azuracast/stations/evangile_du_royaume/media/La bible/2_timothée_001.mp3" (RID 71).
2026/10/02 05:59:10 [decoder:2] Decoding "/var/azuracast/stations/evangile_du_royaume/media/La bible/2_timothée_001.mp3" ended: Ffmpeg_decoder.End_of_file.
2026/10/02 05:59:10 [next_song:3] Prepared "/var/azuracast/stations/evangile_du_royaume/media/Jingle/jingle_avant_message_05_vous_etes_a_lecoute_de_levangile_du_royaume.mp3" (RID 72).
2026/10/02 05:59:21 [decoder:2] Decoding "/var/azuracast/stations/evangile_du_royaume/media/Jingle/jingle_avant_message_05_vous_etes_a_lecoute_de_levangile_du_royaume.mp3" ended: Ffmpeg_decoder.End_of_file.
2026/10/02 05:59:22 [next_song:3] Prepared "/var/azuracast/stations/evangile_du_royaume/media/Jingle/jingle_avant_message_04_bienvenue_sur_parole_prophetique_fm.mp3" (RID 73).
2026/10/02 05:59:32 [decoder:2] Decoding "/var/azuracast/stations/evangile_du_royaume/media/Jingle/jingle_avant_message_04_bienvenue_sur_parole_prophetique_fm.mp3" ended: Ffmpeg_decoder.End_of_file.
2026/10/02 05:59:32 [next_song:3] Prepared "/var/azuracast/stations/evangile_du_royaume/media/Jingle/jingle_avant_message_01_voici_le_message_du_jour.mp3" (RID 74).
2026/10/02 05:59:42 [decoder:2] Decoding "/var/azuracast/stations/evangile_du_royaume/media/Jingle/jingle_avant_message_01_voici_le_message_du_jour.mp3" ended: Ffmpeg_decoder.End_of_file.
2026/10/02 05:59:43 [next_song:3] Prepared "/var/azuracast/stations/evangile_du_royaume/media/Jingle/jingle_id_station_03_notre_mission_annonce_levangile.mp3" (RID 75).
2026/10/02 05:59:54 [decoder:2] Decoding "/var/azuracast/stations/evangile_du_royaume/media/Jingle/jingle_id_station_03_notre_mission_annonce_levangile.mp3" ended: Ffmpeg_decoder.End_of_file.
2026/10/02 05:59:55 [next_song:3] Prepared "/var/azuracast/stations/evangile_du_royaume/media/Jingle/jingle_musical_station_fm_parole_prophetique_02.mp3" (RID 76).
2026/10/02 06:00:04 [decoder:2] Decoding "/var/azuracast/stations/evangile_du_royaume/media/Jingle/jingle_musical_station_fm_parole_prophetique_02.mp3" ended: Ffmpeg_decoder.End_of_file.
2026/10/02 06:00:04 [next_song:3] Prepared "/var/azuracast/stations/evangile_du_royaume/media/Jingle/jingle_avant_louange_06_que_la_louange_seleve.mp3" (RID 77).
2026/10/02 06:00:15 [decoder:2] Decoding "/var/azuracast/stations/evangile_du_royaume/media/Jingle/jingle_avant_louange_06_que_la_louange_seleve.mp3" ended: Ffmpeg_decoder.End_of_file.
2026/10/02 06:00:15 [next_song:3] Prepared "/var/azuracast/stations/evangile_du_royaume/media/Jingle/jingle_avant_message_04_bienvenue_sur_parole_prophetique_fm.mp3" (RID 78).
2026/10/02 06:00:25 [decoder:2] Decoding "/var/azuracast/stations/evangile_du_royaume/media/Jingle/jingle_avant_message_04_bienvenue_sur_parole_prophetique_fm.mp3" ended: Ffmpeg_decoder.End_of_file.
2026/10/02 06:00:25 [next_song:3] Prepared "/var/azuracast/stations/evangile_du_royaume/media/le_retour_du_seigneur.mp3" (RID 79).
2026/10/02 08:13:13 [decoder:2] Decoding "/var/azuracast/stations/evangile_du_royaume/media/le_retour_du_seigneur.mp3" ended: Ffmpeg_decoder.End_of_file.
2026/10/02 08:13:13 [next_song:3] Prepared "/var/azuracast/stations/evangile_du_royaume/media/Jingle/jingle_avant_bible_06_ouvrons_les_saintes_ecritures.mp3" (RID 80).
2026/10/02 08:13:24 [decoder:2] Decoding "/var/azuracast/stations/evangile_du_royaume/media/Jingle/jingle_avant_bible_06_ouvrons_les_saintes_ecritures.mp3" ended: Ffmpeg_decoder.End_of_file.
2026/10/02 08:13:24 [next_song:3] Prepared "/var/azuracast/stations/evangile_du_royaume/media/La bible/ézéchiel_027.mp3" (RID 81).
2026/10/02 08:18:31 [decoder:2] Decoding "/var/azuracast/stations/evangile_du_royaume/media/La bible/ézéchiel_027.mp3" ended: Ffmpeg_decoder.End_of_file.
2026/10/02 08:18:32 [next_song:3] Prepared "/var/azuracast/stations/evangile_du_royaume/media/La bible/ézéchiel_028.mp3" (RID 82).
2026/10/02 08:22:52 [decoder:2] Decoding "/var/azuracast/stations/evangile_du_royaume/media/La bible/ézéchiel_028.mp3" ended: Ffmpeg_decoder.End_of_file.
2026/10/02 08:22:52 [next_song:3] Prepared "/var/azuracast/stations/evangile_du_royaume/media/La bible/ézéchiel_029.mp3" (RID 83).
2026/10/02 08:26:36 [decoder:2] Decoding "/var/azuracast/stations/evangile_du_royaume/media/La bible/ézéchiel_029.mp3" ended: Ffmpeg_decoder.End_of_file.
2026/10/02 08:26:37 [next_song:3] Prepared "/var/azuracast/stations/evangile_du_royaume/media/La bible/ézéchiel_030.mp3" (RID 84).
2026/10/02 08:30:32 [decoder:2] Decoding "/var/azuracast/stations/evangile_du_royaume/media/La bible/ézéchiel_030.mp3" ended: Ffmpeg_decoder.End_of_file.
2026/10/02 08:30:32 [next_song:3] Prepared "/var/azuracast/stations/evangile_du_royaume/media/La bible/ézéchiel_031.mp3" (RID 85).
2026/10/02 08:33:56 [decoder:2] Decoding "/var/azuracast/stations/evangile_du_royaume/media/La bible/ézéchiel_031.mp3" ended: Ffmpeg_decoder.End_of_file.
2026/10/02 08:33:57 [next_song:3] Prepared "/var/azuracast/stations/evangile_du_royaume/media/La bible/ézéchiel_032.mp3" (RID 86).
2026/10/02 08:39:22 [decoder:2] Decoding "/var/azuracast/stations/evangile_du_royaume/media/La bible/ézéchiel_032.mp3" ended: Ffmpeg_decoder.End_of_file.
2026/10/02 08:39:22 [next_song:3] Prepared "/var/azuracast/stations/evangile_du_royaume/media/La bible/ézéchiel_033.mp3" (RID 87).
2026/10/02 08:45:05 [decoder:2] Decoding "/var/azuracast/stations/evangile_du_royaume/media/La bible/ézéchiel_033.mp3" ended: Ffmpeg_decoder.End_of_file.
2026/10/02 08:45:05 [next_song:3] Prepared "/var/azuracast/stations/evangile_du_royaume/media/La bible/ézéchiel_034.mp3" (RID 88).
2026/10/02 08:50:24 [decoder:2] Decoding "/var/azuracast/stations/evangile_du_royaume/media/La bible/ézéchiel_034.mp3" ended: Ffmpeg_decoder.End_of_file.
2026/10/02 08:50:24 [next_song:3] Prepared "/var/azuracast/stations/evangile_du_royaume/media/La bible/ézéchiel_035.mp3" (RID 89).
2026/10/02 08:52:35 [decoder:2] Decoding "/var/azuracast/stations/evangile_du_royaume/media/La bible/ézéchiel_035.mp3" ended: Ffmpeg_decoder.End_of_file.
2026/10/02 08:52:35 [next_song:3] Prepared "/var/azuracast/stations/evangile_du_royaume/media/Jingle/jingle_avant_louange_06_que_la_louange_seleve.mp3" (RID 90).
2026/10/02 08:52:46 [decoder:2] Decoding "/var/azuracast/stations/evangile_du_royaume/media/Jingle/jingle_avant_louange_06_que_la_louange_seleve.mp3" ended: Ffmpeg_decoder.End_of_file.
2026/10/02 08:52:46 [next_song:3] Prepared "/var/azuracast/stations/evangile_du_royaume/media/Worship/08 - I Enter The Holy of Holies - Port Harcourt HF.mp3" (RID 91).
2026/10/02 08:57:48 [decoder:2] Decoding "/var/azuracast/stations/evangile_du_royaume/media/Worship/08 - I Enter The Holy of Holies - Port Harcourt HF.mp3" ended: Ffmpeg_decoder.End_of_file.
2026/10/02 08:57:48 [next_song:3] Prepared "/var/azuracast/stations/evangile_du_royaume/media/Worship/39 - My Heart Rejoices - Toronto HF.mp3" (RID 92).
2026/10/02 09:06:06 [decoder:2] Decoding "/var/azuracast/stations/evangile_du_royaume/media/Worship/39 - My Heart Rejoices - Toronto HF.mp3" ended: Ffmpeg_decoder.End_of_file.
2026/10/02 09:06:07 [next_song:3] Prepared "/var/azuracast/stations/evangile_du_royaume/media/Cantiques du royaume/cantique_-_jai_donné_ma_vie_à_jésus_(1).mp3" (RID 93).
2026/10/02 09:10:14 [decoder:2] Decoding "/var/azuracast/stations/evangile_du_royaume/media/Cantiques du royaume/cantique_-_jai_donné_ma_vie_à_jésus_(1).mp3" ended: Ffmpeg_decoder.End_of_file.
2026/10/02 09:10:15 [next_song:3] Prepared "/var/azuracast/stations/evangile_du_royaume/media/Worship/19 - You're the Lamb - Calabar HF.mp3" (RID 94).
2026/10/02 09:19:15 [decoder:2] Decoding "/var/azuracast/stations/evangile_du_royaume/media/Worship/19 - You're the Lamb - Calabar HF.mp3" ended: Ffmpeg_decoder.End_of_file.
2026/10/02 09:19:16 [next_song:3] Prepared "/var/azuracast/stations/evangile_du_royaume/media/Worship/22 - Holy Holy - Abuja HF.mp3" (RID 95).
2026/10/02 09:27:44 [decoder:2] Decoding "/var/azuracast/stations/evangile_du_royaume/media/Worship/22 - Holy Holy - Abuja HF.mp3" ended: Ffmpeg_decoder.End_of_file.
2026/10/02 09:27:44 [next_song:3] Prepared "/var/azuracast/stations/evangile_du_royaume/media/Worship/03 - Agunechemba - SWBN TV.mp3" (RID 96).
2026/10/02 09:35:52 [decoder:2] Decoding "/var/azuracast/stations/evangile_du_royaume/media/Worship/03 - Agunechemba - SWBN TV.mp3" ended: Ffmpeg_decoder.End_of_file.
2026/10/02 09:35:52 [next_song:3] Prepared "/var/azuracast/stations/evangile_du_royaume/media/Jingle/jingle_avant_bible_08_prenons_un_moment_pour_ecouter_la_parole.mp3" (RID 97).
2026/10/02 09:36:01 [decoder:2] Decoding "/var/azuracast/stations/evangile_du_royaume/media/Jingle/jingle_avant_bible_08_prenons_un_moment_pour_ecouter_la_parole.mp3" ended: Ffmpeg_decoder.End_of_file.
2026/10/02 09:36:02 [next_song:3] Prepared "/var/azuracast/stations/evangile_du_royaume/media/La bible/amos_001.mp3" (RID 98).
2026/10/02 09:38:39 [decoder:2] Decoding "/var/azuracast/stations/evangile_du_royaume/media/La bible/amos_001.mp3" ended: Ffmpeg_decoder.End_of_file.
2026/10/02 09:38:39 [next_song:3] Prepared "/var/azuracast/stations/evangile_du_royaume/media/La bible/amos_002.mp3" (RID 99).
2026/10/02 09:41:07 [decoder:2] Decoding "/var/azuracast/stations/evangile_du_royaume/media/La bible/amos_002.mp3" ended: Ffmpeg_decoder.End_of_file.
2026/10/02 09:41:07 [next_song:3] Prepared "/var/azuracast/stations/evangile_du_royaume/media/La bible/amos_003.mp3" (RID 100).
2026/10/02 09:43:23 [decoder:2] Decoding "/var/azuracast/stations/evangile_du_royaume/media/La bible/amos_003.mp3" ended: Ffmpeg_decoder.End_of_file.
2026/10/02 09:43:24 [next_song:3] Prepared "/var/azuracast/stations/evangile_du_royaume/media/La bible/amos_004.mp3" (RID 101).
2026/10/02 09:46:04 [decoder:2] Decoding "/var/azuracast/stations/evangile_du_royaume/media/La bible/amos_004.mp3" ended: Ffmpeg_decoder.End_of_file.
2026/10/02 09:46:05 [next_song:3] Prepared "/var/azuracast/stations/evangile_du_royaume/media/La bible/amos_005.mp3" (RID 102).
2026/10/02 09:50:03 [decoder:2] Decoding "/var/azuracast/stations/evangile_du_royaume/media/La bible/amos_005.mp3" ended: Ffmpeg_decoder.End_of_file.
2026/10/02 09:50:04 [next_song:3] Prepared "/var/azuracast/stations/evangile_du_royaume/media/La bible/amos_006.mp3" (RID 103).
2026/10/02 09:50:05 [clock.main:2] We must catchup 1.22 seconds!
2026/10/02 09:52:22 [decoder:2] Decoding "/var/azuracast/stations/evangile_du_royaume/media/La bible/amos_006.mp3" ended: Ffmpeg_decoder.End_of_file.
2026/10/02 09:52:23 [next_song:3] Prepared "/var/azuracast/stations/evangile_du_royaume/media/La bible/amos_007.mp3" (RID 104).
2026/10/02 09:55:25 [decoder:2] Decoding "/var/azuracast/stations/evangile_du_royaume/media/La bible/amos_007.mp3" ended: Ffmpeg_decoder.End_of_file.
2026/10/02 09:55:25 [next_song:3] Prepared "/var/azuracast/stations/evangile_du_royaume/media/Jingle/jingle_avant_louange_05_elevons_nos_coeurs_vers_dieu.mp3" (RID 105).
2026/10/02 09:55:36 [decoder:2] Decoding "/var/azuracast/stations/evangile_du_royaume/media/Jingle/jingle_avant_louange_05_elevons_nos_coeurs_vers_dieu.mp3" ended: Ffmpeg_decoder.End_of_file.
2026/10/02 09:55:37 [next_song:3] Prepared "/var/azuracast/stations/evangile_du_royaume/media/Worship/01 - There Is Forgiveness In Thee - SWBN TV.mp3" (RID 106).
2026/10/02 10:01:41 [decoder:2] Decoding "/var/azuracast/stations/evangile_du_royaume/media/Worship/01 - There Is Forgiveness In Thee - SWBN TV.mp3" ended: Ffmpeg_decoder.End_of_file.
2026/10/02 10:01:41 [next_song:3] Prepared "/var/azuracast/stations/evangile_du_royaume/media/Cantiques du royaume/cantique__heureux_l_homme_qui_ne_marche_pas_selon.mp3" (RID 107).
2026/10/02 10:03:58 [decoder:2] Decoding "/var/azuracast/stations/evangile_du_royaume/media/Cantiques du royaume/cantique__heureux_l_homme_qui_ne_marche_pas_selon.mp3" ended: Ffmpeg_decoder.End_of_file.
2026/10/02 10:03:58 [next_song:3] Prepared "/var/azuracast/stations/evangile_du_royaume/media/Worship/42 - God is Building - Will You Be - Ketu HF.mp3" (RID 108).
2026/10/02 10:08:28 [decoder:2] Decoding "/var/azuracast/stations/evangile_du_royaume/media/Worship/42 - God is Building - Will You Be - Ketu HF.mp3" ended: Ffmpeg_decoder.End_of_file.
2026/10/02 10:08:29 [next_song:3] Prepared "/var/azuracast/stations/evangile_du_royaume/media/Worship/24 - We Ascribe Greatness - Abuja HF.mp3" (RID 109).
2026/10/02 10:14:13 [decoder:2] Decoding "/var/azuracast/stations/evangile_du_royaume/media/Worship/24 - We Ascribe Greatness - Abuja HF.mp3" ended: Ffmpeg_decoder.End_of_file.
2026/10/02 10:14:14 [next_song:3] Prepared "/var/azuracast/stations/evangile_du_royaume/media/Cantiques du royaume/3-gabrielle_lidji_-_mélodie_céleste__by_lfxa(light_fx_animation)_2.mp3" (RID 110).
2026/10/02 10:19:30 [decoder:2] Decoding "/var/azuracast/stations/evangile_du_royaume/media/Cantiques du royaume/3-gabrielle_lidji_-_mélodie_céleste__by_lfxa(light_fx_animation)_2.mp3" ended: Ffmpeg_decoder.End_of_file.
2026/10/02 10:19:31 [next_song:3] Prepared "/var/azuracast/stations/evangile_du_royaume/media/Worship/38 - That I May Know Him - Toronto HF.mp3" (RID 111).
2026/10/02 10:25:37 [decoder:2] Decoding "/var/azuracast/stations/evangile_du_royaume/media/Worship/38 - That I May Know Him - Toronto HF.mp3" ended: Ffmpeg_decoder.End_of_file.
2026/10/02 10:25:38 [next_song:3] Prepared "/var/azuracast/stations/evangile_du_royaume/media/Cantiques du royaume/WhatsApp Audio 2022-03-15 at 01.33.50 (1)(1).mp3" (RID 112).
2026/10/02 10:35:05 [decoder:2] Decoding "/var/azuracast/stations/evangile_du_royaume/media/Cantiques du royaume/WhatsApp Audio 2022-03-15 at 01.33.50 (1)(1).mp3" ended: Ffmpeg_decoder.End_of_file.
2026/10/02 10:35:06 [next_song:3] Prepared "/var/azuracast/stations/evangile_du_royaume/media/Jingle/jingle_avant_bible_07_place_a_la_lecture_de_la_bible.mp3" (RID 113).
2026/10/02 10:35:19 [decoder:2] Decoding "/var/azuracast/stations/evangile_du_royaume/media/Jingle/jingle_avant_bible_07_place_a_la_lecture_de_la_bible.mp3" ended: Ffmpeg_decoder.End_of_file.
2026/10/02 10:35:19 [next_song:3] Prepared "/var/azuracast/stations/evangile_du_royaume/media/La bible/lamentations_001.mp3" (RID 114).
2026/10/02 10:40:25 [decoder:2] Decoding "/var/azuracast/stations/evangile_du_royaume/media/La bible/lamentations_001.mp3" ended: Ffmpeg_decoder.End_of_file.
2026/10/02 10:40:26 [next_song:3] Prepared "/var/azuracast/stations/evangile_du_royaume/media/La bible/lamentations_002.mp3" (RID 115).
2026/10/02 10:45:37 [decoder:2] Decoding "/var/azuracast/stations/evangile_du_royaume/media/La bible/lamentations_002.mp3" ended: Ffmpeg_decoder.End_of_file.
2026/10/02 10:45:38 [next_song:3] Prepared "/var/azuracast/stations/evangile_du_royaume/media/La bible/lamentations_003.mp3" (RID 116).
2026/10/02 10:51:37 [decoder:2] Decoding "/var/azuracast/stations/evangile_du_royaume/media/La bible/lamentations_003.mp3" ended: Ffmpeg_decoder.End_of_file.
2026/10/02 10:51:37 [next_song:3] Prepared "/var/azuracast/stations/evangile_du_royaume/media/La bible/lamentations_004.mp3" (RID 117).
2026/10/02 10:55:30 [decoder:2] Decoding "/var/azuracast/stations/evangile_du_royaume/media/La bible/lamentations_004.mp3" ended: Ffmpeg_decoder.End_of_file.
2026/10/02 10:55:31 [next_song:3] Prepared "/var/azuracast/stations/evangile_du_royaume/media/La bible/lamentations_005.mp3" (RID 118).
2026/10/02 10:57:48 [decoder:2] Decoding "/var/azuracast/stations/evangile_du_royaume/media/La bible/lamentations_005.mp3" ended: Ffmpeg_decoder.End_of_file.
2026/10/02 10:57:48 [next_song:3] Prepared "/var/azuracast/stations/evangile_du_royaume/media/La bible/osée_001.mp3" (RID 119).
2026/10/02 10:59:49 [decoder:2] Decoding "/var/azuracast/stations/evangile_du_royaume/media/La bible/osée_001.mp3" ended: Ffmpeg_decoder.End_of_file.
2026/10/02 10:59:50 [next_song:3] Prepared "/var/azuracast/stations/evangile_du_royaume/media/La bible/osée_002.mp3" (RID 120).
2026/10/02 11:03:16 [decoder:2] Decoding "/var/azuracast/stations/evangile_du_royaume/media/La bible/osée_002.mp3" ended: Ffmpeg_decoder.End_of_file.
2026/10/02 11:03:16 [next_song:3] Prepared "/var/azuracast/stations/evangile_du_royaume/media/La bible/osée_003.mp3" (RID 121).
2026/10/02 11:04:10 [decoder:2] Decoding "/var/azuracast/stations/evangile_du_royaume/media/La bible/osée_003.mp3" ended: Ffmpeg_decoder.End_of_file.
2026/10/02 11:04:11 [next_song:3] Prepared "/var/azuracast/stations/evangile_du_royaume/media/Jingle/jingle_avant_louange_07_voici_un_temps_de_louange.mp3" (RID 122).
2026/10/02 11:04:24 [decoder:2] Decoding "/var/azuracast/stations/evangile_du_royaume/media/Jingle/jingle_avant_louange_07_voici_un_temps_de_louange.mp3" ended: Ffmpeg_decoder.End_of_file.
2026/10/02 11:04:24 [next_song:3] Prepared "/var/azuracast/stations/evangile_du_royaume/media/Worship/82 - A Song Of Love.mp3" (RID 123).
2026/10/02 11:09:24 [decoder:2] Decoding "/var/azuracast/stations/evangile_du_royaume/media/Worship/82 - A Song Of Love.mp3" ended: Ffmpeg_decoder.End_of_file.
2026/10/02 11:09:24 [next_song:3] Prepared "/var/azuracast/stations/evangile_du_royaume/media/Worship/06 - Psalm 93 - Port Harcourt HF.mp3" (RID 124).
2026/10/02 11:19:00 [decoder:2] Decoding "/var/azuracast/stations/evangile_du_royaume/media/Worship/06 - Psalm 93 - Port Harcourt HF.mp3" ended: Ffmpeg_decoder.End_of_file.
2026/10/02 11:19:01 [next_song:3] Prepared "/var/azuracast/stations/evangile_du_royaume/media/Worship/02 - There's A Mighty River Flowing - SWBN TV.mp3" (RID 125).
2026/10/02 11:23:18 [decoder:2] Decoding "/var/azuracast/stations/evangile_du_royaume/media/Worship/02 - There's A Mighty River Flowing - SWBN TV.mp3" ended: Ffmpeg_decoder.End_of_file.
2026/10/02 11:23:18 [next_song:3] Prepared "/var/azuracast/stations/evangile_du_royaume/media/Worship/54 - He Has Given Me - PHF.mp3" (RID 126).
2026/10/02 11:28:24 [decoder:2] Decoding "/var/azuracast/stations/evangile_du_royaume/media/Worship/54 - He Has Given Me - PHF.mp3" ended: Ffmpeg_decoder.End_of_file.
2026/10/02 11:28:25 [next_song:3] Prepared "/var/azuracast/stations/evangile_du_royaume/media/Worship/81 - As We Worship In Ypur Presence.mp3" (RID 127).
2026/10/02 11:35:17 [decoder:2] Decoding "/var/azuracast/stations/evangile_du_royaume/media/Worship/81 - As We Worship In Ypur Presence.mp3" ended: Ffmpeg_decoder.End_of_file.
2026/10/02 11:35:18 [next_song:3] Prepared "/var/azuracast/stations/evangile_du_royaume/media/SWBN Lead Concert Live Worship/05 - Jesus I'm Waiting for You (Mary Umoh).mp3" (RID 128).
2026/10/02 11:41:05 [decoder:2] Decoding "/var/azuracast/stations/evangile_du_royaume/media/SWBN Lead Concert Live Worship/05 - Jesus I'm Waiting for You (Mary Umoh).mp3" ended: Ffmpeg_decoder.End_of_file.
2026/10/02 11:41:05 [next_song:3] Prepared "/var/azuracast/stations/evangile_du_royaume/media/SWBN Lead Concert Live Worship/09 - Not Naked (Abasiama Timothy).mp3" (RID 129).
2026/10/02 11:46:55 [decoder:2] Decoding "/var/azuracast/stations/evangile_du_royaume/media/SWBN Lead Concert Live Worship/09 - Not Naked (Abasiama Timothy).mp3" ended: Ffmpeg_decoder.End_of_file.
2026/10/02 11:46:55 [next_song:3] Prepared "/var/azuracast/stations/evangile_du_royaume/media/Jingle/jingle_id_station_03_notre_mission_annonce_levangile.mp3" (RID 130).
2026/10/02 11:47:07 [decoder:2] Decoding "/var/azuracast/stations/evangile_du_royaume/media/Jingle/jingle_id_station_03_notre_mission_annonce_levangile.mp3" ended: Ffmpeg_decoder.End_of_file.
2026/10/02 11:47:07 [next_song:3] Prepared "/var/azuracast/stations/evangile_du_royaume/media/La bible/1_thessaloniciens_001.mp3" (RID 131).
2026/10/02 11:48:53 [decoder:2] Decoding "/var/azuracast/stations/evangile_du_royaume/media/La bible/1_thessaloniciens_001.mp3" ended: Ffmpeg_decoder.End_of_file.
2026/10/02 11:48:54 [next_song:3] Prepared "/var/azuracast/stations/evangile_du_royaume/media/La bible/1_thessaloniciens_002.mp3" (RID 132).
2026/10/02 11:52:20 [decoder:2] Decoding "/var/azuracast/stations/evangile_du_royaume/media/La bible/1_thessaloniciens_002.mp3" ended: Ffmpeg_decoder.End_of_file.
2026/10/02 11:52:20 [next_song:3] Prepared "/var/azuracast/stations/evangile_du_royaume/media/La bible/1_thessaloniciens_003.mp3" (RID 133).
2026/10/02 11:54:30 [decoder:2] Decoding "/var/azuracast/stations/evangile_du_royaume/media/La bible/1_thessaloniciens_003.mp3" ended: Ffmpeg_decoder.End_of_file.
2026/10/02 11:54:30 [next_song:3] Prepared "/var/azuracast/stations/evangile_du_royaume/media/La bible/1_thessaloniciens_004.mp3" (RID 134).
2026/10/02 11:57:31 [decoder:2] Decoding "/var/azuracast/stations/evangile_du_royaume/media/La bible/1_thessaloniciens_004.mp3" ended: Ffmpeg_decoder.End_of_file.
2026/10/02 11:57:31 [next_song:3] Prepared "/var/azuracast/stations/evangile_du_royaume/media/La bible/1_thessaloniciens_005.mp3" (RID 135).
2026/10/02 12:00:32 [decoder:2] Decoding "/var/azuracast/stations/evangile_du_royaume/media/La bible/1_thessaloniciens_005.mp3" ended: Ffmpeg_decoder.End_of_file.
2026/10/02 12:00:33 [next_song:3] Prepared "/var/azuracast/stations/evangile_du_royaume/media/Jingle/jingle_avant_message_05_vous_etes_a_lecoute_de_levangile_du_royaume.mp3" (RID 136).
2026/10/02 12:00:44 [decoder:2] Decoding "/var/azuracast/stations/evangile_du_royaume/media/Jingle/jingle_avant_message_05_vous_etes_a_lecoute_de_levangile_du_royaume.mp3" ended: Ffmpeg_decoder.End_of_file.
2026/10/02 12:00:44 [next_song:3] Prepared "/var/azuracast/stations/evangile_du_royaume/media/le_retour_du_seigneur.mp3" (RID 137).
2026/10/02 14:13:31 [decoder:2] Decoding "/var/azuracast/stations/evangile_du_royaume/media/le_retour_du_seigneur.mp3" ended: Ffmpeg_decoder.End_of_file.
2026/10/02 14:13:32 [next_song:3] Prepared "/var/azuracast/stations/evangile_du_royaume/media/Jingle/jingle_avant_bible_08_prenons_un_moment_pour_ecouter_la_parole.mp3" (RID 138).
2026/10/02 14:13:41 [decoder:2] Decoding "/var/azuracast/stations/evangile_du_royaume/media/Jingle/jingle_avant_bible_08_prenons_un_moment_pour_ecouter_la_parole.mp3" ended: Ffmpeg_decoder.End_of_file.
2026/10/02 14:13:41 [next_song:3] Prepared "/var/azuracast/stations/evangile_du_royaume/media/La bible/2_samuel_001.mp3" (RID 139).
2026/10/02 14:17:44 [decoder:2] Decoding "/var/azuracast/stations/evangile_du_royaume/media/La bible/2_samuel_001.mp3" ended: Ffmpeg_decoder.End_of_file.
2026/10/02 14:17:45 [next_song:3] Prepared "/var/azuracast/stations/evangile_du_royaume/media/La bible/2_samuel_002.mp3" (RID 140).
2026/10/02 14:22:54 [decoder:2] Decoding "/var/azuracast/stations/evangile_du_royaume/media/La bible/2_samuel_002.mp3" ended: Ffmpeg_decoder.End_of_file.
2026/10/02 14:22:55 [next_song:3] Prepared "/var/azuracast/stations/evangile_du_royaume/media/La bible/2_samuel_003.mp3" (RID 141).
2026/10/02 14:29:28 [decoder:2] Decoding "/var/azuracast/stations/evangile_du_royaume/media/La bible/2_samuel_003.mp3" ended: Ffmpeg_decoder.End_of_file.
2026/10/02 14:29:28 [next_song:3] Prepared "/var/azuracast/stations/evangile_du_royaume/media/La bible/2_samuel_004.mp3" (RID 142).
2026/10/02 14:31:52 [decoder:2] Decoding "/var/azuracast/stations/evangile_du_royaume/media/La bible/2_samuel_004.mp3" ended: Ffmpeg_decoder.End_of_file.
2026/10/02 14:31:53 [next_song:3] Prepared "/var/azuracast/stations/evangile_du_royaume/media/La bible/2_samuel_005.mp3" (RID 143).
2026/10/02 14:35:35 [decoder:2] Decoding "/var/azuracast/stations/evangile_du_royaume/media/La bible/2_samuel_005.mp3" ended: Ffmpeg_decoder.End_of_file.
2026/10/02 14:35:36 [next_song:3] Prepared "/var/azuracast/stations/evangile_du_royaume/media/La bible/2_samuel_006.mp3" (RID 144).
2026/10/02 14:39:27 [decoder:2] Decoding "/var/azuracast/stations/evangile_du_royaume/media/La bible/2_samuel_006.mp3" ended: Ffmpeg_decoder.End_of_file.
2026/10/02 14:39:28 [next_song:3] Prepared "/var/azuracast/stations/evangile_du_royaume/media/La bible/2_samuel_007.mp3" (RID 145).
2026/10/02 14:44:09 [decoder:2] Decoding "/var/azuracast/stations/evangile_du_royaume/media/La bible/2_samuel_007.mp3" ended: Ffmpeg_decoder.End_of_file.
2026/10/02 14:44:09 [next_song:3] Prepared "/var/azuracast/stations/evangile_du_royaume/media/La bible/2_samuel_008.mp3" (RID 146).
2026/10/02 14:46:58 [decoder:2] Decoding "/var/azuracast/stations/evangile_du_royaume/media/La bible/2_samuel_008.mp3" ended: Ffmpeg_decoder.End_of_file.
2026/10/02 14:46:59 [next_song:3] Prepared "/var/azuracast/stations/evangile_du_royaume/media/La bible/2_samuel_009.mp3" (RID 147).
2026/10/02 14:49:19 [decoder:2] Decoding "/var/azuracast/stations/evangile_du_royaume/media/La bible/2_samuel_009.mp3" ended: Ffmpeg_decoder.End_of_file.
2026/10/02 14:49:19 [next_song:3] Prepared "/var/azuracast/stations/evangile_du_royaume/media/La bible/2_samuel_010.mp3" (RID 148).
2026/10/02 14:52:36 [decoder:2] Decoding "/var/azuracast/stations/evangile_du_royaume/media/La bible/2_samuel_010.mp3" ended: Ffmpeg_decoder.End_of_file.
2026/10/02 14:52:37 [next_song:3] Prepared "/var/azuracast/stations/evangile_du_royaume/media/Jingle/jingle_avant_louange_06_que_la_louange_seleve.mp3" (RID 149).
2026/10/02 14:52:47 [decoder:2] Decoding "/var/azuracast/stations/evangile_du_royaume/media/Jingle/jingle_avant_louange_06_que_la_louange_seleve.mp3" ended: Ffmpeg_decoder.End_of_file.
2026/10/02 14:52:48 [next_song:3] Prepared "/var/azuracast/stations/evangile_du_royaume/media/Cantiques du royaume/cantique__tes_promesses__pub_direct_dec_2021_import_(2).mp3" (RID 150).
2026/10/02 15:00:02 [decoder:2] Decoding "/var/azuracast/stations/evangile_du_royaume/media/Cantiques du royaume/cantique__tes_promesses__pub_direct_dec_2021_import_(2).mp3" ended: Ffmpeg_decoder.End_of_file.
2026/10/02 15:00:03 [next_song:3] Prepared "/var/azuracast/stations/evangile_du_royaume/media/Worship/59 - Ascribe Greatness - PHF.mp3" (RID 151).
2026/10/02 15:00:04 [clock.main:2] We must catchup 1.03 seconds!
2026/10/02 15:00:05 [clock.main:2] We must catchup 1.08 seconds!
2026/10/02 15:00:08 [clock.main:2] We must catchup 0.11 seconds!
2026/10/02 15:04:04 [decoder:2] Decoding "/var/azuracast/stations/evangile_du_royaume/media/Worship/59 - Ascribe Greatness - PHF.mp3" ended: Ffmpeg_decoder.End_of_file.
2026/10/02 15:04:04 [next_song:3] Prepared "/var/azuracast/stations/evangile_du_royaume/media/Worship/66 - Victorious Is the Lamb - Winnipeg Fellowship.mp3" (RID 152).
2026/10/02 15:11:26 [decoder:2] Decoding "/var/azuracast/stations/evangile_du_royaume/media/Worship/66 - Victorious Is the Lamb - Winnipeg Fellowship.mp3" ended: Ffmpeg_decoder.End_of_file.
2026/10/02 15:11:26 [next_song:3] Prepared "/var/azuracast/stations/evangile_du_royaume/media/Worship/75 - How Precious Oh Lord.mp3" (RID 153).
2026/10/02 15:17:08 [decoder:2] Decoding "/var/azuracast/stations/evangile_du_royaume/media/Worship/75 - How Precious Oh Lord.mp3" ended: Ffmpeg_decoder.End_of_file.
2026/10/02 15:17:09 [next_song:3] Prepared "/var/azuracast/stations/evangile_du_royaume/media/Worship/17 - Where Two or Three are Gathered - Calabar HF.mp3" (RID 154).
2026/10/02 15:22:57 [decoder:2] Decoding "/var/azuracast/stations/evangile_du_royaume/media/Worship/17 - Where Two or Three are Gathered - Calabar HF.mp3" ended: Ffmpeg_decoder.End_of_file.
2026/10/02 15:22:58 [next_song:3] Prepared "/var/azuracast/stations/evangile_du_royaume/media/Worship/77 - We Shall Not Fear - Nonso Njoku.mp3" (RID 155).
2026/10/02 15:28:15 [decoder:2] Decoding "/var/azuracast/stations/evangile_du_royaume/media/Worship/77 - We Shall Not Fear - Nonso Njoku.mp3" ended: Ffmpeg_decoder.End_of_file.
2026/10/02 15:28:16 [next_song:3] Prepared "/var/azuracast/stations/evangile_du_royaume/media/Worship/68 - Shine in Darkness O Lord  - Winnipeg Fellowship.mp3" (RID 156).
2026/10/02 15:38:37 [decoder:2] Decoding "/var/azuracast/stations/evangile_du_royaume/media/Worship/68 - Shine in Darkness O Lord  - Winnipeg Fellowship.mp3" ended: Ffmpeg_decoder.End_of_file.
2026/10/02 15:38:37 [next_song:3] Prepared "/var/azuracast/stations/evangile_du_royaume/media/Jingle/jingle_avant_bible_07_place_a_la_lecture_de_la_bible.mp3" (RID 157).
2026/10/02 15:38:50 [decoder:2] Decoding "/var/azuracast/stations/evangile_du_royaume/media/Jingle/jingle_avant_bible_07_place_a_la_lecture_de_la_bible.mp3" ended: Ffmpeg_decoder.End_of_file.
2026/10/02 15:38:51 [next_song:3] Prepared "/var/azuracast/stations/evangile_du_royaume/media/La bible/romains_008.mp3" (RID 158).
2026/10/02 15:44:30 [decoder:2] Decoding "/var/azuracast/stations/evangile_du_royaume/media/La bible/romains_008.mp3" ended: Ffmpeg_decoder.End_of_file.
2026/10/02 15:44:30 [next_song:3] Prepared "/var/azuracast/stations/evangile_du_royaume/media/La bible/romains_009.mp3" (RID 159).
2026/10/02 15:49:07 [decoder:2] Decoding "/var/azuracast/stations/evangile_du_royaume/media/La bible/romains_009.mp3" ended: Ffmpeg_decoder.End_of_file.
2026/10/02 15:49:07 [next_song:3] Prepared "/var/azuracast/stations/evangile_du_royaume/media/La bible/romains_010.mp3" (RID 160).
2026/10/02 15:52:11 [decoder:2] Decoding "/var/azuracast/stations/evangile_du_royaume/media/La bible/romains_010.mp3" ended: Ffmpeg_decoder.End_of_file.
2026/10/02 15:52:11 [next_song:3] Prepared "/var/azuracast/stations/evangile_du_royaume/media/La bible/romains_011.mp3" (RID 161).
2026/10/02 15:57:45 [decoder:2] Decoding "/var/azuracast/stations/evangile_du_royaume/media/La bible/romains_011.mp3" ended: Ffmpeg_decoder.End_of_file.
2026/10/02 15:57:45 [next_song:3] Prepared "/var/azuracast/stations/evangile_du_royaume/media/Jingle/jingle_avant_louange_05_elevons_nos_coeurs_vers_dieu.mp3" (RID 162).
2026/10/02 15:57:56 [decoder:2] Decoding "/var/azuracast/stations/evangile_du_royaume/media/Jingle/jingle_avant_louange_05_elevons_nos_coeurs_vers_dieu.mp3" ended: Ffmpeg_decoder.End_of_file.
2026/10/02 15:57:57 [next_song:3] Prepared "/var/azuracast/stations/evangile_du_royaume/media/Worship/45 - Now is Come Salvation - Toronto HF.mp3" (RID 163).
2026/10/02 16:03:12 [decoder:2] Decoding "/var/azuracast/stations/evangile_du_royaume/media/Worship/45 - Now is Come Salvation - Toronto HF.mp3" ended: Ffmpeg_decoder.End_of_file.
2026/10/02 16:03:13 [next_song:3] Prepared "/var/azuracast/stations/evangile_du_royaume/media/Worship/09 - Oh Lord I Want to Know Your Glory - Port Harcourt HF.mp3" (RID 164).
2026/10/02 16:09:25 [decoder:2] Decoding "/var/azuracast/stations/evangile_du_royaume/media/Worship/09 - Oh Lord I Want to Know Your Glory - Port Harcourt HF.mp3" ended: Ffmpeg_decoder.End_of_file.
2026/10/02 16:09:25 [next_song:3] Prepared "/var/azuracast/stations/evangile_du_royaume/media/Cantiques du royaume/jean-chist_-_4_minutes.mp3" (RID 165).
2026/10/02 16:13:35 [decoder:2] Decoding "/var/azuracast/stations/evangile_du_royaume/media/Cantiques du royaume/jean-chist_-_4_minutes.mp3" ended: Ffmpeg_decoder.End_of_file.
2026/10/02 16:13:36 [next_song:3] Prepared "/var/azuracast/stations/evangile_du_royaume/media/Cantiques du royaume/cantique__nous_sommes_le_sel_de_la_terre.mp3" (RID 166).
2026/10/02 16:15:48 [decoder:2] Decoding "/var/azuracast/stations/evangile_du_royaume/media/Cantiques du royaume/cantique__nous_sommes_le_sel_de_la_terre.mp3" ended: Ffmpeg_decoder.End_of_file.
2026/10/02 16:15:49 [next_song:3] Prepared "/var/azuracast/stations/evangile_du_royaume/media/Worship/28 - He Shall Feed His Flock - I Want to walk  - Ketu HF.mp3" (RID 167).
2026/10/02 16:21:19 [decoder:2] Decoding "/var/azuracast/stations/evangile_du_royaume/media/Worship/28 - He Shall Feed His Flock - I Want to walk  - Ketu HF.mp3" ended: Ffmpeg_decoder.End_of_file.
2026/10/02 16:21:19 [next_song:3] Prepared "/var/azuracast/stations/evangile_du_royaume/media/Worship/67 - My God Is Good - Winnipeg Fellowship.mp3" (RID 168).
2026/10/02 16:28:25 [decoder:2] Decoding "/var/azuracast/stations/evangile_du_royaume/media/Worship/67 - My God Is Good - Winnipeg Fellowship.mp3" ended: Ffmpeg_decoder.End_of_file.
2026/10/02 16:28:26 [next_song:3] Prepared "/var/azuracast/stations/evangile_du_royaume/media/Worship/88 - Good God - Asaba Fellowship.mp3" (RID 169).
2026/10/02 16:34:29 [decoder:2] Decoding "/var/azuracast/stations/evangile_du_royaume/media/Worship/88 - Good God - Asaba Fellowship.mp3" ended: Ffmpeg_decoder.End_of_file.
2026/10/02 16:34:29 [next_song:3] Prepared "/var/azuracast/stations/evangile_du_royaume/media/Worship/60 - Be Exalted - PHF.mp3" (RID 170).
2026/10/02 16:45:05 [decoder:2] Decoding "/var/azuracast/stations/evangile_du_royaume/media/Worship/60 - Be Exalted - PHF.mp3" ended: Ffmpeg_decoder.End_of_file.
2026/10/02 16:45:05 [next_song:3] Prepared "/var/azuracast/stations/evangile_du_royaume/media/Jingle/jingle_avant_bible_06_ouvrons_les_saintes_ecritures.mp3" (RID 171).
2026/10/02 16:45:15 [decoder:2] Decoding "/var/azuracast/stations/evangile_du_royaume/media/Jingle/jingle_avant_bible_06_ouvrons_les_saintes_ecritures.mp3" ended: Ffmpeg_decoder.End_of_file.
2026/10/02 16:45:16 [next_song:3] Prepared "/var/azuracast/stations/evangile_du_royaume/media/La bible/1_jean_005.mp3" (RID 172).
2026/10/02 16:48:24 [decoder:2] Decoding "/var/azuracast/stations/evangile_du_royaume/media/La bible/1_jean_005.mp3" ended: Ffmpeg_decoder.End_of_file.
2026/10/02 16:48:25 [next_song:3] Prepared "/var/azuracast/stations/evangile_du_royaume/media/La bible/2_jean_001.mp3" (RID 173).
2026/10/02 16:50:29 [decoder:2] Decoding "/var/azuracast/stations/evangile_du_royaume/media/La bible/2_jean_001.mp3" ended: Ffmpeg_decoder.End_of_file.
2026/10/02 16:50:30 [next_song:3] Prepared "/var/azuracast/stations/evangile_du_royaume/media/La bible/éphésiens_001.mp3" (RID 174).
2026/10/02 16:53:53 [decoder:2] Decoding "/var/azuracast/stations/evangile_du_royaume/media/La bible/éphésiens_001.mp3" ended: Ffmpeg_decoder.End_of_file.
2026/10/02 16:53:53 [next_song:3] Prepared "/var/azuracast/stations/evangile_du_royaume/media/La bible/éphésiens_002.mp3" (RID 175).
2026/10/02 16:57:06 [decoder:2] Decoding "/var/azuracast/stations/evangile_du_royaume/media/La bible/éphésiens_002.mp3" ended: Ffmpeg_decoder.End_of_file.
2026/10/02 16:57:07 [next_song:3] Prepared "/var/azuracast/stations/evangile_du_royaume/media/La bible/éphésiens_003.mp3" (RID 176).
2026/10/02 17:00:00 [decoder:2] Decoding "/var/azuracast/stations/evangile_du_royaume/media/La bible/éphésiens_003.mp3" ended: Ffmpeg_decoder.End_of_file.
2026/10/02 17:00:01 [next_song:3] Prepared "/var/azuracast/stations/evangile_du_royaume/media/La bible/éphésiens_004.mp3" (RID 177).
2026/10/02 17:04:51 [decoder:2] Decoding "/var/azuracast/stations/evangile_du_royaume/media/La bible/éphésiens_004.mp3" ended: Ffmpeg_decoder.End_of_file.
2026/10/02 17:04:51 [next_song:3] Prepared "/var/azuracast/stations/evangile_du_royaume/media/La bible/éphésiens_005.mp3" (RID 178).
2026/10/02 17:09:01 [decoder:2] Decoding "/var/azuracast/stations/evangile_du_royaume/media/La bible/éphésiens_005.mp3" ended: Ffmpeg_decoder.End_of_file.
2026/10/02 17:09:01 [next_song:3] Prepared "/var/azuracast/stations/evangile_du_royaume/media/La bible/éphésiens_006.mp3" (RID 179).
2026/10/02 17:12:19 [decoder:2] Decoding "/var/azuracast/stations/evangile_du_royaume/media/La bible/éphésiens_006.mp3" ended: Ffmpeg_decoder.End_of_file.
2026/10/02 17:12:19 [next_song:3] Prepared "/var/azuracast/stations/evangile_du_royaume/media/La bible/matthieu_018.mp3" (RID 180).
2026/10/02 17:17:17 [decoder:2] Decoding "/var/azuracast/stations/evangile_du_royaume/media/La bible/matthieu_018.mp3" ended: Ffmpeg_decoder.End_of_file.
2026/10/02 17:17:17 [next_song:3] Prepared "/var/azuracast/stations/evangile_du_royaume/media/Jingle/jingle_avant_louange_07_voici_un_temps_de_louange.mp3" (RID 181).
2026/10/02 17:17:30 [decoder:2] Decoding "/var/azuracast/stations/evangile_du_royaume/media/Jingle/jingle_avant_louange_07_voici_un_temps_de_louange.mp3" ended: Ffmpeg_decoder.End_of_file.
2026/10/02 17:17:31 [next_song:3] Prepared "/var/azuracast/stations/evangile_du_royaume/media/Worship/37 - The Lord on High is Mightier - Toronto HF.mp3" (RID 182).
2026/10/02 17:24:25 [decoder:2] Decoding "/var/azuracast/stations/evangile_du_royaume/media/Worship/37 - The Lord on High is Mightier - Toronto HF.mp3" ended: Ffmpeg_decoder.End_of_file.
2026/10/02 17:24:25 [next_song:3] Prepared "/var/azuracast/stations/evangile_du_royaume/media/Worship/87 - We Shall Come - Asaba Fellowship.mp3" (RID 183).
2026/10/02 17:29:29 [decoder:2] Decoding "/var/azuracast/stations/evangile_du_royaume/media/Worship/87 - We Shall Come - Asaba Fellowship.mp3" ended: Ffmpeg_decoder.End_of_file.
2026/10/02 17:29:29 [next_song:3] Prepared "/var/azuracast/stations/evangile_du_royaume/media/Cantiques du royaume/Cantique Jean 1- la Parole.mp3" (RID 184).
2026/10/02 17:32:36 [decoder:2] Decoding "/var/azuracast/stations/evangile_du_royaume/media/Cantiques du royaume/Cantique Jean 1- la Parole.mp3" ended: Ffmpeg_decoder.End_of_file.
2026/10/02 17:32:36 [next_song:3] Prepared "/var/azuracast/stations/evangile_du_royaume/media/Worship/69 - We Bless You Wonderful God  - Winnipeg Fellowship.mp3" (RID 185).
2026/10/02 17:39:37 [decoder:2] Decoding "/var/azuracast/stations/evangile_du_royaume/media/Worship/69 - We Bless You Wonderful God  - Winnipeg Fellowship.mp3" ended: Ffmpeg_decoder.End_of_file.
2026/10/02 17:39:38 [next_song:3] Prepared "/var/azuracast/stations/evangile_du_royaume/media/Worship/34 - Great and Marvellous - Ketu HF.mp3" (RID 186).
2026/10/02 17:47:44 [decoder:2] Decoding "/var/azuracast/stations/evangile_du_royaume/media/Worship/34 - Great and Marvellous - Ketu HF.mp3" ended: Ffmpeg_decoder.End_of_file.
2026/10/02 17:47:45 [next_song:3] Prepared "/var/azuracast/stations/evangile_du_royaume/media/Worship/78 - Crown Him Lord of Lords - Nonso Njoku.mp3" (RID 187).
2026/10/02 17:53:44 [decoder:2] Decoding "/var/azuracast/stations/evangile_du_royaume/media/Worship/78 - Crown Him Lord of Lords - Nonso Njoku.mp3" ended: Ffmpeg_decoder.End_of_file.
2026/10/02 17:53:44 [next_song:3] Prepared "/var/azuracast/stations/evangile_du_royaume/media/Worship/51 - Hallelujah - PHF.mp3" (RID 188).
2026/10/02 18:01:10 [decoder:2] Decoding "/var/azuracast/stations/evangile_du_royaume/media/Worship/51 - Hallelujah - PHF.mp3" ended: Ffmpeg_decoder.End_of_file.
2026/10/02 18:01:10 [next_song:3] Prepared "/var/azuracast/stations/evangile_du_royaume/media/Jingle/jingle_avant_message_05_vous_etes_a_lecoute_de_levangile_du_royaume.mp3" (RID 189).
2026/10/02 18:01:21 [decoder:2] Decoding "/var/azuracast/stations/evangile_du_royaume/media/Jingle/jingle_avant_message_05_vous_etes_a_lecoute_de_levangile_du_royaume.mp3" ended: Ffmpeg_decoder.End_of_file.
2026/10/02 18:01:22 [next_song:3] Prepared "/var/azuracast/stations/evangile_du_royaume/media/le_retour_du_seigneur.mp3" (RID 190).
2026/10/02 20:14:09 [decoder:2] Decoding "/var/azuracast/stations/evangile_du_royaume/media/le_retour_du_seigneur.mp3" ended: Ffmpeg_decoder.End_of_file.
2026/10/02 20:14:10 [next_song:3] Prepared "/var/azuracast/stations/evangile_du_royaume/media/Jingle/jingle_avant_bible_08_prenons_un_moment_pour_ecouter_la_parole.mp3" (RID 191).
2026/10/02 20:14:19 [decoder:2] Decoding "/var/azuracast/stations/evangile_du_royaume/media/Jingle/jingle_avant_bible_08_prenons_un_moment_pour_ecouter_la_parole.mp3" ended: Ffmpeg_decoder.End_of_file.
2026/10/02 20:14:19 [next_song:3] Prepared "/var/azuracast/stations/evangile_du_royaume/media/La bible/actes_010.mp3" (RID 192).
2026/10/02 20:20:54 [decoder:2] Decoding "/var/azuracast/stations/evangile_du_royaume/media/La bible/actes_010.mp3" ended: Ffmpeg_decoder.End_of_file.
2026/10/02 20:20:55 [next_song:3] Prepared "/var/azuracast/stations/evangile_du_royaume/media/La bible/actes_011.mp3" (RID 193).
2026/10/02 20:24:58 [decoder:2] Decoding "/var/azuracast/stations/evangile_du_royaume/media/La bible/actes_011.mp3" ended: Ffmpeg_decoder.End_of_file.
2026/10/02 20:24:58 [next_song:3] Prepared "/var/azuracast/stations/evangile_du_royaume/media/La bible/actes_012.mp3" (RID 194).
2026/10/02 20:28:48 [decoder:2] Decoding "/var/azuracast/stations/evangile_du_royaume/media/La bible/actes_012.mp3" ended: Ffmpeg_decoder.End_of_file.
2026/10/02 20:28:48 [next_song:3] Prepared "/var/azuracast/stations/evangile_du_royaume/media/La bible/actes_013.mp3" (RID 195).
2026/10/02 20:36:25 [decoder:2] Decoding "/var/azuracast/stations/evangile_du_royaume/media/La bible/actes_013.mp3" ended: Ffmpeg_decoder.End_of_file.
2026/10/02 20:36:26 [next_song:3] Prepared "/var/azuracast/stations/evangile_du_royaume/media/La bible/actes_014.mp3" (RID 196).
2026/10/02 20:40:26 [decoder:2] Decoding "/var/azuracast/stations/evangile_du_royaume/media/La bible/actes_014.mp3" ended: Ffmpeg_decoder.End_of_file.
2026/10/02 20:40:27 [next_song:3] Prepared "/var/azuracast/stations/evangile_du_royaume/media/La bible/actes_015.mp3" (RID 197).
2026/10/02 20:46:01 [decoder:2] Decoding "/var/azuracast/stations/evangile_du_royaume/media/La bible/actes_015.mp3" ended: Ffmpeg_decoder.End_of_file.
2026/10/02 20:46:02 [next_song:3] Prepared "/var/azuracast/stations/evangile_du_royaume/media/La bible/actes_016.mp3" (RID 198).
2026/10/02 20:51:41 [decoder:2] Decoding "/var/azuracast/stations/evangile_du_royaume/media/La bible/actes_016.mp3" ended: Ffmpeg_decoder.End_of_file.
2026/10/02 20:51:42 [next_song:3] Prepared "/var/azuracast/stations/evangile_du_royaume/media/Jingle/jingle_avant_louange_05_elevons_nos_coeurs_vers_dieu.mp3" (RID 199).
2026/10/02 20:51:52 [decoder:2] Decoding "/var/azuracast/stations/evangile_du_royaume/media/Jingle/jingle_avant_louange_05_elevons_nos_coeurs_vers_dieu.mp3" ended: Ffmpeg_decoder.End_of_file.
2026/10/02 20:51:53 [next_song:3] Prepared "/var/azuracast/stations/evangile_du_royaume/media/Worship/79 - The Lord is my Light and Salvation - Nonso Njoku.mp3" (RID 200).
2026/10/02 20:54:53 [decoder:2] Decoding "/var/azuracast/stations/evangile_du_royaume/media/Worship/79 - The Lord is my Light and Salvation - Nonso Njoku.mp3" ended: Ffmpeg_decoder.End_of_file.
2026/10/02 20:54:54 [next_song:3] Prepared "/var/azuracast/stations/evangile_du_royaume/media/Worship/90 - Bless Ye the Lord - PHF.mp3" (RID 201).
2026/10/02 21:03:15 [decoder:2] Decoding "/var/azuracast/stations/evangile_du_royaume/media/Worship/90 - Bless Ye the Lord - PHF.mp3" ended: Ffmpeg_decoder.End_of_file.
2026/10/02 21:03:15 [next_song:3] Prepared "/var/azuracast/stations/evangile_du_royaume/media/Worship/58 - Rejoice - PHF.mp3" (RID 202).
2026/10/02 21:09:14 [decoder:2] Decoding "/var/azuracast/stations/evangile_du_royaume/media/Worship/58 - Rejoice - PHF.mp3" ended: Ffmpeg_decoder.End_of_file.
2026/10/02 21:09:15 [next_song:3] Prepared "/var/azuracast/stations/evangile_du_royaume/media/Worship/04 - Yahweh Is Mighty - SWBN TV.mp3" (RID 203).
2026/10/02 21:17:30 [decoder:2] Decoding "/var/azuracast/stations/evangile_du_royaume/media/Worship/04 - Yahweh Is Mighty - SWBN TV.mp3" ended: Ffmpeg_decoder.End_of_file.
2026/10/02 21:17:31 [next_song:3] Prepared "/var/azuracast/stations/evangile_du_royaume/media/SWBN Lead Concert Live Worship/07 - There is no Lie (Imah Adegoke & Mary Umoh).mp3" (RID 204).
2026/10/02 21:24:22 [decoder:2] Decoding "/var/azuracast/stations/evangile_du_royaume/media/SWBN Lead Concert Live Worship/07 - There is no Lie (Imah Adegoke & Mary Umoh).mp3" ended: Ffmpeg_decoder.End_of_file.
2026/10/02 21:24:22 [next_song:3] Prepared "/var/azuracast/stations/evangile_du_royaume/media/Worship/74 - You are God - Winnipeg Fellowship.mp3" (RID 205).
2026/10/02 21:30:16 [decoder:2] Decoding "/var/azuracast/stations/evangile_du_royaume/media/Worship/74 - You are God - Winnipeg Fellowship.mp3" ended: Ffmpeg_decoder.End_of_file.
2026/10/02 21:30:16 [next_song:3] Prepared "/var/azuracast/stations/evangile_du_royaume/media/Jingle/jingle_avant_bible_06_ouvrons_les_saintes_ecritures.mp3" (RID 206).
2026/10/02 21:30:26 [decoder:2] Decoding "/var/azuracast/stations/evangile_du_royaume/media/Jingle/jingle_avant_bible_06_ouvrons_les_saintes_ecritures.mp3" ended: Ffmpeg_decoder.End_of_file.
2026/10/02 21:30:27 [next_song:3] Prepared "/var/azuracast/stations/evangile_du_royaume/media/La bible/1_timothée_001.mp3" (RID 207).
2026/10/02 21:33:39 [decoder:2] Decoding "/var/azuracast/stations/evangile_du_royaume/media/La bible/1_timothée_001.mp3" ended: Ffmpeg_decoder.End_of_file.
2026/10/02 21:33:40 [next_song:3] Prepared "/var/azuracast/stations/evangile_du_royaume/media/La bible/1_timothée_002.mp3" (RID 208).
2026/10/02 21:35:46 [decoder:2] Decoding "/var/azuracast/stations/evangile_du_royaume/media/La bible/1_timothée_002.mp3" ended: Ffmpeg_decoder.End_of_file.
2026/10/02 21:35:47 [next_song:3] Prepared "/var/azuracast/stations/evangile_du_royaume/media/La bible/1_timothée_003.mp3" (RID 209).
2026/10/02 21:38:08 [decoder:2] Decoding "/var/azuracast/stations/evangile_du_royaume/media/La bible/1_timothée_003.mp3" ended: Ffmpeg_decoder.End_of_file.
2026/10/02 21:38:09 [next_song:3] Prepared "/var/azuracast/stations/evangile_du_royaume/media/La bible/1_timothée_004.mp3" (RID 210).
2026/10/02 21:40:35 [decoder:2] Decoding "/var/azuracast/stations/evangile_du_royaume/media/La bible/1_timothée_004.mp3" ended: Ffmpeg_decoder.End_of_file.
2026/10/02 21:40:36 [next_song:3] Prepared "/var/azuracast/stations/evangile_du_royaume/media/La bible/1_timothée_005.mp3" (RID 211).
2026/10/02 21:44:17 [decoder:2] Decoding "/var/azuracast/stations/evangile_du_royaume/media/La bible/1_timothée_005.mp3" ended: Ffmpeg_decoder.End_of_file.
2026/10/02 21:44:18 [next_song:3] Prepared "/var/azuracast/stations/evangile_du_royaume/media/La bible/1_timothée_006.mp3" (RID 212).
2026/10/02 21:48:07 [decoder:2] Decoding "/var/azuracast/stations/evangile_du_royaume/media/La bible/1_timothée_006.mp3" ended: Ffmpeg_decoder.End_of_file.
2026/10/02 21:48:08 [next_song:3] Prepared "/var/azuracast/stations/evangile_du_royaume/media/Jingle/jingle_avant_louange_07_voici_un_temps_de_louange.mp3" (RID 213).
2026/10/02 21:48:21 [decoder:2] Decoding "/var/azuracast/stations/evangile_du_royaume/media/Jingle/jingle_avant_louange_07_voici_un_temps_de_louange.mp3" ended: Ffmpeg_decoder.End_of_file.
2026/10/02 21:48:21 [next_song:3] Prepared "/var/azuracast/stations/evangile_du_royaume/media/Cantiques du royaume/4-_resurrection_ses_cheveux_étaient_blancs.mp3" (RID 214).
2026/10/02 21:51:40 [decoder:2] Decoding "/var/azuracast/stations/evangile_du_royaume/media/Cantiques du royaume/4-_resurrection_ses_cheveux_étaient_blancs.mp3" ended: Ffmpeg_decoder.End_of_file.
2026/10/02 21:51:41 [next_song:3] Prepared "/var/azuracast/stations/evangile_du_royaume/media/Worship/31 - You Are Worthy - Ketu HF.mp3" (RID 215).
2026/10/02 21:55:56 [decoder:2] Decoding "/var/azuracast/stations/evangile_du_royaume/media/Worship/31 - You Are Worthy - Ketu HF.mp3" ended: Ffmpeg_decoder.End_of_file.
2026/10/02 21:55:56 [next_song:3] Prepared "/var/azuracast/stations/evangile_du_royaume/media/Worship/49 - We Worship Adonai - PHF.mp3" (RID 216).
2026/10/02 22:04:24 [decoder:2] Decoding "/var/azuracast/stations/evangile_du_royaume/media/Worship/49 - We Worship Adonai - PHF.mp3" ended: Ffmpeg_decoder.End_of_file.
2026/10/02 22:04:24 [next_song:3] Prepared "/var/azuracast/stations/evangile_du_royaume/media/Cantiques du royaume/cantique___prends_tout_le_contrôle.mp3" (RID 217).
2026/10/02 22:09:14 [decoder:2] Decoding "/var/azuracast/stations/evangile_du_royaume/media/Cantiques du royaume/cantique___prends_tout_le_contrôle.mp3" ended: Ffmpeg_decoder.End_of_file.
2026/10/02 22:09:14 [next_song:3] Prepared "/var/azuracast/stations/evangile_du_royaume/media/Worship/10 - Yeshua Hamashiach - Calabar HF.mp3" (RID 218).
2026/10/02 22:17:33 [decoder:2] Decoding "/var/azuracast/stations/evangile_du_royaume/media/Worship/10 - Yeshua Hamashiach - Calabar HF.mp3" ended: Ffmpeg_decoder.End_of_file.
2026/10/02 22:17:34 [next_song:3] Prepared "/var/azuracast/stations/evangile_du_royaume/media/Worship/76 - You Have sworn By Your Holiness - Chidera Bisong.mp3" (RID 219).
2026/10/02 22:24:50 [decoder:2] Decoding "/var/azuracast/stations/evangile_du_royaume/media/Worship/76 - You Have sworn By Your Holiness - Chidera Bisong.mp3" ended: Ffmpeg_decoder.End_of_file.
2026/10/02 22:24:50 [next_song:3] Prepared "/var/azuracast/stations/evangile_du_royaume/media/Jingle/jingle_avant_bible_07_place_a_la_lecture_de_la_bible.mp3" (RID 220).
2026/10/02 22:25:03 [decoder:2] Decoding "/var/azuracast/stations/evangile_du_royaume/media/Jingle/jingle_avant_bible_07_place_a_la_lecture_de_la_bible.mp3" ended: Ffmpeg_decoder.End_of_file.
2026/10/02 22:25:04 [next_song:3] Prepared "/var/azuracast/stations/evangile_du_royaume/media/La bible/job_009.mp3" (RID 221).
2026/10/02 22:28:13 [decoder:2] Decoding "/var/azuracast/stations/evangile_du_royaume/media/La bible/job_009.mp3" ended: Ffmpeg_decoder.End_of_file.
2026/10/02 22:28:13 [next_song:3] Prepared "/var/azuracast/stations/evangile_du_royaume/media/La bible/job_010.mp3" (RID 222).
2026/10/02 22:30:30 [decoder:2] Decoding "/var/azuracast/stations/evangile_du_royaume/media/La bible/job_010.mp3" ended: Ffmpeg_decoder.End_of_file.
2026/10/02 22:30:31 [next_song:3] Prepared "/var/azuracast/stations/evangile_du_royaume/media/La bible/job_011.mp3" (RID 223).
2026/10/02 22:32:25 [decoder:2] Decoding "/var/azuracast/stations/evangile_du_royaume/media/La bible/job_011.mp3" ended: Ffmpeg_decoder.End_of_file.
2026/10/02 22:32:25 [next_song:3] Prepared "/var/azuracast/stations/evangile_du_royaume/media/La bible/job_012.mp3" (RID 224).
2026/10/02 22:34:58 [decoder:2] Decoding "/var/azuracast/stations/evangile_du_royaume/media/La bible/job_012.mp3" ended: Ffmpeg_decoder.End_of_file.
2026/10/02 22:34:58 [next_song:3] Prepared "/var/azuracast/stations/evangile_du_royaume/media/La bible/job_013.mp3" (RID 225).
2026/10/02 22:37:32 [decoder:2] Decoding "/var/azuracast/stations/evangile_du_royaume/media/La bible/job_013.mp3" ended: Ffmpeg_decoder.End_of_file.
2026/10/02 22:37:33 [next_song:3] Prepared "/var/azuracast/stations/evangile_du_royaume/media/La bible/job_014.mp3" (RID 226).
2026/10/02 22:39:55 [decoder:2] Decoding "/var/azuracast/stations/evangile_du_royaume/media/La bible/job_014.mp3" ended: Ffmpeg_decoder.End_of_file.
2026/10/02 22:39:55 [next_song:3] Prepared "/var/azuracast/stations/evangile_du_royaume/media/La bible/job_015.mp3" (RID 227).
2026/10/02 22:43:13 [decoder:2] Decoding "/var/azuracast/stations/evangile_du_royaume/media/La bible/job_015.mp3" ended: Ffmpeg_decoder.End_of_file.
2026/10/02 22:43:13 [next_song:3] Prepared "/var/azuracast/stations/evangile_du_royaume/media/La bible/job_016.mp3" (RID 228).
2026/10/02 22:45:26 [decoder:2] Decoding "/var/azuracast/stations/evangile_du_royaume/media/La bible/job_016.mp3" ended: Ffmpeg_decoder.End_of_file.
2026/10/02 22:45:26 [next_song:3] Prepared "/var/azuracast/stations/evangile_du_royaume/media/La bible/job_017.mp3" (RID 229).
2026/10/02 22:46:59 [decoder:2] Decoding "/var/azuracast/stations/evangile_du_royaume/media/La bible/job_017.mp3" ended: Ffmpeg_decoder.End_of_file.
2026/10/02 22:47:00 [next_song:3] Prepared "/var/azuracast/stations/evangile_du_royaume/media/La bible/job_018.mp3" (RID 230).
2026/10/02 22:48:59 [decoder:2] Decoding "/var/azuracast/stations/evangile_du_royaume/media/La bible/job_018.mp3" ended: Ffmpeg_decoder.End_of_file.
2026/10/02 22:48:59 [next_song:3] Prepared "/var/azuracast/stations/evangile_du_royaume/media/La bible/job_019.mp3" (RID 231).
2026/10/02 22:52:01 [decoder:2] Decoding "/var/azuracast/stations/evangile_du_royaume/media/La bible/job_019.mp3" ended: Ffmpeg_decoder.End_of_file.
2026/10/02 22:52:02 [next_song:3] Prepared "/var/azuracast/stations/evangile_du_royaume/media/Jingle/jingle_avant_louange_06_que_la_louange_seleve.mp3" (RID 232).
2026/10/02 22:52:12 [decoder:2] Decoding "/var/azuracast/stations/evangile_du_royaume/media/Jingle/jingle_avant_louange_06_que_la_louange_seleve.mp3" ended: Ffmpeg_decoder.End_of_file.
2026/10/02 22:52:13 [next_song:3] Prepared "/var/azuracast/stations/evangile_du_royaume/media/Cantiques du royaume/Cantique Jahweh, Tu es élevé au dessus de tout (1).mp3" (RID 233).
2026/10/02 22:57:02 [decoder:2] Decoding "/var/azuracast/stations/evangile_du_royaume/media/Cantiques du royaume/Cantique Jahweh, Tu es élevé au dessus de tout (1).mp3" ended: Ffmpeg_decoder.End_of_file.
2026/10/02 22:57:03 [next_song:3] Prepared "/var/azuracast/stations/evangile_du_royaume/media/Cantiques du royaume/9-_sylvain_akouala_le_bien-etre_universel.mp3" (RID 234).
