2026/10/04 00:00:07 [clock.main:2] We must catchup 0.92 seconds!
2026/10/04 00:00:08 [clock.main:2] We must catchup 1.79 seconds!
2026/10/04 00:00:09 [clock.main:2] We must catchup 2.20 seconds!
2026/10/04 00:00:10 [clock.main:2] We must catchup 2.09 seconds!
2026/10/04 00:00:11 [clock.main:2] We must catchup 1.62 seconds!
2026/10/04 00:00:36 [decoder:2] Decoding "/var/azuracast/stations/evangile_du_royaume/media/Worship/68 - Shine in Darkness O Lord  - Winnipeg Fellowship.mp3" ended: Ffmpeg_decoder.End_of_file.
2026/10/04 00:00:37 [next_song:3] Prepared "/var/azuracast/stations/evangile_du_royaume/media/Cantiques du royaume/cantique__béni_soit_le_dieu_d_israël.mp3" (RID 1242).
2026/10/04 00:01:32 [threads:2] Queue generic queue #2 crashed with exception Sys_error("Condition.wait: Operation not permitted")
2026/10/04 00:01:32 [threads:2] Raised by primitive operation at Duppy.queue.run in file "src/duppy.ml", line 341, characters 6-32
2026/10/04 00:01:32 [threads:2] Called from Duppy.queue in file "src/duppy.ml", line 357, characters 8-12
2026/10/04 00:01:32 [threads:2] Re-raised at Duppy.queue in file "src/duppy.ml", line 361, characters 8-17
2026/10/04 00:01:32 [threads:2] Called from Tutils.create.(fun).process in file "tools/tutils.ml", line 164, characters 12-15
2026/10/04 00:01:32 [threads:2] 
2026/10/04 00:01:32 [threads:1] PANIC: Liquidsoap has crashed, exiting.,
2026/10/04 00:01:32 [threads:1] Please report at: savonet-users@lists.sf.net
2026/10/04 00:01:39 [lang.deprecated:2] WARNING: "map_metadata" is deprecated and will be removed in future version. Please use "metadata.map" instead.
2026/10/04 00:01:39 [lang.deprecated:2] WARNING: "map_metadata" is deprecated and will be removed in future version. Please use "metadata.map" instead.
2026/10/04 00:01:39 [error_jingle:3] "/usr/local/share/icecast/web/error.mp3" is static, resolving once for all...
2026/10/04 00:01:39 [error_jingle:3] Prepared "/usr/local/share/icecast/web/error.mp3" (RID 7).
2026/10/04 00:01:39 [safe_fallback:3] Switch to error_jingle.
2026/10/04 00:01:40 [next_song:3] Prepared "/var/azuracast/stations/evangile_du_royaume/media/La bible/psaumes_100.mp3" (RID 9).
2026/10/04 00:01:40 [safe_fallback:3] Switch to amplify_0 with transition.
2026/10/04 00:01:40 [live_fallback:3] Switch to cross_0.
2026/10/04 00:01:40 [interrupting_fallback:3] Switch to requests_fallback.
2026/10/04 00:01:40 [requests_fallback:3] Switch to autodj_fallback.
2026/10/04 00:01:40 [autodj_fallback:3] Switch to dynamic_startup.
2026/10/04 00:01:40 [dynamic_startup:3] Switch to cue_next_song.
2026/10/04 00:02:14 [decoder:2] Decoding "/var/azuracast/stations/evangile_du_royaume/media/La bible/psaumes_100.mp3" ended: Ffmpeg_decoder.End_of_file.
2026/10/04 00:02:14 [next_song:3] Prepared "/var/azuracast/stations/evangile_du_royaume/media/Jingle/jingle_avant_message_01_voici_le_message_du_jour.mp3" (RID 16).
2026/10/04 00:02:24 [decoder:2] Decoding "/var/azuracast/stations/evangile_du_royaume/media/Jingle/jingle_avant_message_01_voici_le_message_du_jour.mp3" ended: Ffmpeg_decoder.End_of_file.
2026/10/04 00:02:25 [next_song:3] Prepared "/var/azuracast/stations/evangile_du_royaume/media/Jingle/jingle_avant_message_01_voici_le_message_du_jour.mp3" (RID 17).
2026/10/04 00:02:35 [decoder:2] Decoding "/var/azuracast/stations/evangile_du_royaume/media/Jingle/jingle_avant_message_01_voici_le_message_du_jour.mp3" ended: Ffmpeg_decoder.End_of_file.
2026/10/04 00:02:35 [next_song:3] Prepared "/var/azuracast/stations/evangile_du_royaume/media/la_moisson_2_adé.mp3" (RID 18).
2026/10/04 00:28:33 [decoder:2] Decoding "/var/azuracast/stations/evangile_du_royaume/media/la_moisson_2_adé.mp3" ended: Ffmpeg_decoder.End_of_file.
2026/10/04 00:28:33 [next_song:3] Prepared "/var/azuracast/stations/evangile_du_royaume/media/Jingle/jingle_avant_bible_07_place_a_la_lecture_de_la_bible.mp3" (RID 19).
2026/10/04 00:28:46 [decoder:2] Decoding "/var/azuracast/stations/evangile_du_royaume/media/Jingle/jingle_avant_bible_07_place_a_la_lecture_de_la_bible.mp3" ended: Ffmpeg_decoder.End_of_file.
2026/10/04 00:28:47 [next_song:3] Prepared "/var/azuracast/stations/evangile_du_royaume/media/La bible/luc_013.mp3" (RID 20).
2026/10/04 00:34:01 [decoder:2] Decoding "/var/azuracast/stations/evangile_du_royaume/media/La bible/luc_013.mp3" ended: Ffmpeg_decoder.End_of_file.
2026/10/04 00:34:01 [next_song:3] Prepared "/var/azuracast/stations/evangile_du_royaume/media/La bible/luc_014.mp3" (RID 21).
2026/10/04 00:38:56 [decoder:2] Decoding "/var/azuracast/stations/evangile_du_royaume/media/La bible/luc_014.mp3" ended: Ffmpeg_decoder.End_of_file.
2026/10/04 00:38:56 [next_song:3] Prepared "/var/azuracast/stations/evangile_du_royaume/media/La bible/luc_015.mp3" (RID 22).
