2026/09/18 00:01:42 [lang.deprecated:2] WARNING: "map_metadata" is deprecated and will be removed in future version. Please use "metadata.map" instead.
2026/09/18 00:01:42 [lang.deprecated:2] WARNING: "map_metadata" is deprecated and will be removed in future version. Please use "metadata.map" instead.
2026/09/18 00:01:42 [error_jingle:3] "/usr/local/share/icecast/web/error.mp3" is static, resolving once for all...
2026/09/18 00:01:42 [error_jingle:3] Prepared "/usr/local/share/icecast/web/error.mp3" (RID 7).
2026/09/18 00:01:42 [safe_fallback:3] Switch to error_jingle.
2026/09/18 00:01:42 [next_song:3] Prepared "/var/azuracast/stations/evangile_du_royaume/media/Jingle/jingle_avant_louange_05_elevons_nos_coeurs_vers_dieu.mp3" (RID 10).
2026/09/18 00:01:42 [safe_fallback:3] Switch to amplify_0 with transition.
2026/09/18 00:01:42 [live_fallback:3] Switch to cross_0.
2026/09/18 00:01:42 [interrupting_fallback:3] Switch to requests_fallback.
2026/09/18 00:01:42 [requests_fallback:3] Switch to autodj_fallback.
2026/09/18 00:01:42 [autodj_fallback:3] Switch to dynamic_startup.
2026/09/18 00:01:42 [dynamic_startup:3] Switch to cue_next_song.
2026/09/18 00:01:53 [decoder:2] Decoding "/var/azuracast/stations/evangile_du_royaume/media/Jingle/jingle_avant_louange_05_elevons_nos_coeurs_vers_dieu.mp3" ended: Ffmpeg_decoder.End_of_file.
2026/09/18 00:01:53 [playlist_000_transition:3] Prepared "/var/azuracast/stations/evangile_du_royaume/media/jingles_de_transition_3.mp3" (RID 13).
2026/09/18 00:01:53 [autodj_fallback:3] Switch to schedule_switch with forgetful transition.
2026/09/18 00:01:53 [schedule_switch:3] Switch to metadata.map_0.
2026/09/18 00:04:08 [decoder:2] Decoding "/var/azuracast/stations/evangile_du_royaume/media/jingles_de_transition_3.mp3" ended: Ffmpeg_decoder.End_of_file.
2026/09/18 00:04:09 [playlist_bloc_a_serie_du_jour:3] Prepared "/var/azuracast/stations/evangile_du_royaume/media/Jingle/jingle_avant_message_01_voici_le_message_du_jour.mp3" (RID 8).
2026/09/18 00:04:09 [schedule_switch:3] Switch to cue_playlist_bloc_a_serie_du_jour with forgetful transition.
2026/09/18 00:04:09 [next_song:3] Prepared "/var/azuracast/stations/evangile_du_royaume/media/jingles_de_transition_3.mp3" (RID 17).
2026/09/18 00:04:09 [autodj_fallback:3] Switch to dynamic_startup with forgetful transition.
2026/09/18 00:04:09 [dynamic_startup:3] Switch to cue_next_song.
2026/09/18 00:06:21 [decoder:2] Decoding "/var/azuracast/stations/evangile_du_royaume/media/jingles_de_transition_3.mp3" ended: Ffmpeg_decoder.End_of_file.
2026/09/18 00:06:21 [next_song:3] Prepared "/var/azuracast/stations/evangile_du_royaume/media/amc_tian_combat_spirituel_3.mp3" (RID 18).
2026/09/18 00:15:42 [decoder:2] Decoding "/var/azuracast/stations/evangile_du_royaume/media/amc_tian_combat_spirituel_3.mp3" ended: Ffmpeg_decoder.End_of_file.
2026/09/18 00:15:42 [next_song:3] Prepared "/var/azuracast/stations/evangile_du_royaume/media/Jingle/jingle_avant_bible_07_place_a_la_lecture_de_la_bible.mp3" (RID 19).
2026/09/18 00:15:55 [decoder:2] Decoding "/var/azuracast/stations/evangile_du_royaume/media/Jingle/jingle_avant_bible_07_place_a_la_lecture_de_la_bible.mp3" ended: Ffmpeg_decoder.End_of_file.
2026/09/18 00:15:56 [next_song:3] Prepared "/var/azuracast/stations/evangile_du_royaume/media/La bible/ecclésiaste_008.mp3" (RID 20).
2026/09/18 00:18:44 [decoder:2] Decoding "/var/azuracast/stations/evangile_du_royaume/media/La bible/ecclésiaste_008.mp3" ended: Ffmpeg_decoder.End_of_file.
2026/09/18 00:18:45 [next_song:3] Prepared "/var/azuracast/stations/evangile_du_royaume/media/La bible/ecclésiaste_009.mp3" (RID 21).
2026/09/18 00:21:55 [decoder:2] Decoding "/var/azuracast/stations/evangile_du_royaume/media/La bible/ecclésiaste_009.mp3" ended: Ffmpeg_decoder.End_of_file.
2026/09/18 00:21:56 [next_song:3] Prepared "/var/azuracast/stations/evangile_du_royaume/media/La bible/ecclésiaste_010.mp3" (RID 22).
2026/09/18 00:24:22 [decoder:2] Decoding "/var/azuracast/stations/evangile_du_royaume/media/La bible/ecclésiaste_010.mp3" ended: Ffmpeg_decoder.End_of_file.
2026/09/18 00:24:23 [next_song:3] Prepared "/var/azuracast/stations/evangile_du_royaume/media/La bible/ecclésiaste_011.mp3" (RID 23).
2026/09/18 00:25:54 [decoder:2] Decoding "/var/azuracast/stations/evangile_du_royaume/media/La bible/ecclésiaste_011.mp3" ended: Ffmpeg_decoder.End_of_file.
2026/09/18 00:25:55 [next_song:3] Prepared "/var/azuracast/stations/evangile_du_royaume/media/La bible/ecclésiaste_012.mp3" (RID 24).
2026/09/18 00:28:07 [decoder:2] Decoding "/var/azuracast/stations/evangile_du_royaume/media/La bible/ecclésiaste_012.mp3" ended: Ffmpeg_decoder.End_of_file.
2026/09/18 00:28:08 [next_song:3] Prepared "/var/azuracast/stations/evangile_du_royaume/media/La bible/philémon_001.mp3" (RID 25).
2026/09/18 00:31:04 [decoder:2] Decoding "/var/azuracast/stations/evangile_du_royaume/media/La bible/philémon_001.mp3" ended: Ffmpeg_decoder.End_of_file.
2026/09/18 00:31:04 [next_song:3] Prepared "/var/azuracast/stations/evangile_du_royaume/media/La bible/cantique_des_cantiques_001.mp3" (RID 26).
2026/09/18 00:33:27 [decoder:2] Decoding "/var/azuracast/stations/evangile_du_royaume/media/La bible/cantique_des_cantiques_001.mp3" ended: Ffmpeg_decoder.End_of_file.
2026/09/18 00:33:27 [next_song:3] Prepared "/var/azuracast/stations/evangile_du_royaume/media/La bible/cantique_des_cantiques_002.mp3" (RID 27).
2026/09/18 00:35:56 [decoder:2] Decoding "/var/azuracast/stations/evangile_du_royaume/media/La bible/cantique_des_cantiques_002.mp3" ended: Ffmpeg_decoder.End_of_file.
2026/09/18 00:35:57 [next_song:3] Prepared "/var/azuracast/stations/evangile_du_royaume/media/La bible/cantique_des_cantiques_003.mp3" (RID 28).
2026/09/18 00:37:47 [decoder:2] Decoding "/var/azuracast/stations/evangile_du_royaume/media/La bible/cantique_des_cantiques_003.mp3" ended: Ffmpeg_decoder.End_of_file.
2026/09/18 00:37:47 [next_song:3] Prepared "/var/azuracast/stations/evangile_du_royaume/media/La bible/cantique_des_cantiques_004.mp3" (RID 29).
2026/09/18 00:40:34 [decoder:2] Decoding "/var/azuracast/stations/evangile_du_royaume/media/La bible/cantique_des_cantiques_004.mp3" ended: Ffmpeg_decoder.End_of_file.
2026/09/18 00:40:35 [next_song:3] Prepared "/var/azuracast/stations/evangile_du_royaume/media/La bible/cantique_des_cantiques_005.mp3" (RID 30).
2026/09/18 00:43:26 [decoder:2] Decoding "/var/azuracast/stations/evangile_du_royaume/media/La bible/cantique_des_cantiques_005.mp3" ended: Ffmpeg_decoder.End_of_file.
2026/09/18 00:43:26 [next_song:3] Prepared "/var/azuracast/stations/evangile_du_royaume/media/La bible/cantique_des_cantiques_006.mp3" (RID 31).
2026/09/18 00:45:29 [decoder:2] Decoding "/var/azuracast/stations/evangile_du_royaume/media/La bible/cantique_des_cantiques_006.mp3" ended: Ffmpeg_decoder.End_of_file.
2026/09/18 00:45:29 [next_song:3] Prepared "/var/azuracast/stations/evangile_du_royaume/media/La bible/cantique_des_cantiques_007.mp3" (RID 32).
2026/09/18 00:47:23 [decoder:2] Decoding "/var/azuracast/stations/evangile_du_royaume/media/La bible/cantique_des_cantiques_007.mp3" ended: Ffmpeg_decoder.End_of_file.
2026/09/18 00:47:24 [next_song:3] Prepared "/var/azuracast/stations/evangile_du_royaume/media/La bible/cantique_des_cantiques_008.mp3" (RID 33).
2026/09/18 00:49:50 [decoder:2] Decoding "/var/azuracast/stations/evangile_du_royaume/media/La bible/cantique_des_cantiques_008.mp3" ended: Ffmpeg_decoder.End_of_file.
2026/09/18 00:49:50 [next_song:3] Prepared "/var/azuracast/stations/evangile_du_royaume/media/La bible/ésaïe_035.mp3" (RID 34).
2026/09/18 00:51:45 [decoder:2] Decoding "/var/azuracast/stations/evangile_du_royaume/media/La bible/ésaïe_035.mp3" ended: Ffmpeg_decoder.End_of_file.
2026/09/18 00:51:45 [next_song:3] Prepared "/var/azuracast/stations/evangile_du_royaume/media/La bible/ésaïe_036.mp3" (RID 35).
2026/09/18 00:55:49 [decoder:2] Decoding "/var/azuracast/stations/evangile_du_royaume/media/La bible/ésaïe_036.mp3" ended: Ffmpeg_decoder.End_of_file.
2026/09/18 00:55:50 [next_song:3] Prepared "/var/azuracast/stations/evangile_du_royaume/media/La bible/ésaïe_037.mp3" (RID 36).
2026/09/18 01:02:48 [decoder:2] Decoding "/var/azuracast/stations/evangile_du_royaume/media/La bible/ésaïe_037.mp3" ended: Ffmpeg_decoder.End_of_file.
2026/09/18 01:02:48 [next_song:3] Prepared "/var/azuracast/stations/evangile_du_royaume/media/La bible/ésaïe_038.mp3" (RID 37).
2026/09/18 01:06:38 [decoder:2] Decoding "/var/azuracast/stations/evangile_du_royaume/media/La bible/ésaïe_038.mp3" ended: Ffmpeg_decoder.End_of_file.
2026/09/18 01:06:39 [next_song:3] Prepared "/var/azuracast/stations/evangile_du_royaume/media/La bible/ésaïe_039.mp3" (RID 38).
2026/09/18 01:08:18 [decoder:2] Decoding "/var/azuracast/stations/evangile_du_royaume/media/La bible/ésaïe_039.mp3" ended: Ffmpeg_decoder.End_of_file.
2026/09/18 01:08:18 [next_song:3] Prepared "/var/azuracast/stations/evangile_du_royaume/media/La bible/ésaïe_040.mp3" (RID 39).
2026/09/18 01:13:28 [decoder:2] Decoding "/var/azuracast/stations/evangile_du_royaume/media/La bible/ésaïe_040.mp3" ended: Ffmpeg_decoder.End_of_file.
2026/09/18 01:13:28 [next_song:3] Prepared "/var/azuracast/stations/evangile_du_royaume/media/La bible/ésaïe_041.mp3" (RID 40).
2026/09/18 01:18:51 [decoder:2] Decoding "/var/azuracast/stations/evangile_du_royaume/media/La bible/ésaïe_041.mp3" ended: Ffmpeg_decoder.End_of_file.
2026/09/18 01:18:51 [next_song:3] Prepared "/var/azuracast/stations/evangile_du_royaume/media/Jingle/jingle_avant_louange_07_voici_un_temps_de_louange.mp3" (RID 41).
2026/09/18 01:19:04 [decoder:2] Decoding "/var/azuracast/stations/evangile_du_royaume/media/Jingle/jingle_avant_louange_07_voici_un_temps_de_louange.mp3" ended: Ffmpeg_decoder.End_of_file.
2026/09/18 01:19:04 [next_song:3] Prepared "/var/azuracast/stations/evangile_du_royaume/media/Cantiques du royaume/WhatsApp Audio 2022-03-15 at 01.33.50 (1)(1).mp3" (RID 42).
2026/09/18 01:28:32 [decoder:2] Decoding "/var/azuracast/stations/evangile_du_royaume/media/Cantiques du royaume/WhatsApp Audio 2022-03-15 at 01.33.50 (1)(1).mp3" ended: Ffmpeg_decoder.End_of_file.
2026/09/18 01:28:32 [next_song:3] Prepared "/var/azuracast/stations/evangile_du_royaume/media/Worship/10 - Yeshua Hamashiach - Calabar HF.mp3" (RID 43).
2026/09/18 01:36:51 [decoder:2] Decoding "/var/azuracast/stations/evangile_du_royaume/media/Worship/10 - Yeshua Hamashiach - Calabar HF.mp3" ended: Ffmpeg_decoder.End_of_file.
2026/09/18 01:36:52 [next_song:3] Prepared "/var/azuracast/stations/evangile_du_royaume/media/Worship/44 - Great is, Ascribe - Ketu HF.mp3" (RID 44).
2026/09/18 01:47:50 [decoder:2] Decoding "/var/azuracast/stations/evangile_du_royaume/media/Worship/44 - Great is, Ascribe - Ketu HF.mp3" ended: Ffmpeg_decoder.End_of_file.
2026/09/18 01:47:50 [next_song:3] Prepared "/var/azuracast/stations/evangile_du_royaume/media/SWBN Lead Concert Live Worship/07 - There is no Lie (Imah Adegoke & Mary Umoh).mp3" (RID 45).
2026/09/18 01:54:41 [decoder:2] Decoding "/var/azuracast/stations/evangile_du_royaume/media/SWBN Lead Concert Live Worship/07 - There is no Lie (Imah Adegoke & Mary Umoh).mp3" ended: Ffmpeg_decoder.End_of_file.
2026/09/18 01:54:42 [next_song:3] Prepared "/var/azuracast/stations/evangile_du_royaume/media/Cantiques du royaume/cantique__-_qui_est_digne_d_ouvrir_le_livre.mp3" (RID 46).
2026/09/18 02:01:36 [decoder:2] Decoding "/var/azuracast/stations/evangile_du_royaume/media/Cantiques du royaume/cantique__-_qui_est_digne_d_ouvrir_le_livre.mp3" ended: Ffmpeg_decoder.End_of_file.
2026/09/18 02:01:36 [next_song:3] Prepared "/var/azuracast/stations/evangile_du_royaume/media/Worship/17 - Where Two or Three are Gathered - Calabar HF.mp3" (RID 47).
2026/09/18 02:07:25 [decoder:2] Decoding "/var/azuracast/stations/evangile_du_royaume/media/Worship/17 - Where Two or Three are Gathered - Calabar HF.mp3" ended: Ffmpeg_decoder.End_of_file.
2026/09/18 02:07:25 [next_song:3] Prepared "/var/azuracast/stations/evangile_du_royaume/media/Cantiques du royaume/jean-christ_-_10_minutes.mp3" (RID 48).
2026/09/18 02:16:46 [decoder:2] Decoding "/var/azuracast/stations/evangile_du_royaume/media/Cantiques du royaume/jean-christ_-_10_minutes.mp3" ended: Ffmpeg_decoder.End_of_file.
2026/09/18 02:16:46 [next_song:3] Prepared "/var/azuracast/stations/evangile_du_royaume/media/Worship/11 - Hosanna - Toronto HF.mp3" (RID 49).
2026/09/18 02:23:42 [decoder:2] Decoding "/var/azuracast/stations/evangile_du_royaume/media/Worship/11 - Hosanna - Toronto HF.mp3" ended: Ffmpeg_decoder.End_of_file.
2026/09/18 02:23:42 [next_song:3] Prepared "/var/azuracast/stations/evangile_du_royaume/media/Jingle/jingle_avant_bible_06_ouvrons_les_saintes_ecritures.mp3" (RID 50).
2026/09/18 02:23:53 [decoder:2] Decoding "/var/azuracast/stations/evangile_du_royaume/media/Jingle/jingle_avant_bible_06_ouvrons_les_saintes_ecritures.mp3" ended: Ffmpeg_decoder.End_of_file.
2026/09/18 02:23:53 [next_song:3] Prepared "/var/azuracast/stations/evangile_du_royaume/media/La bible/tite_001.mp3" (RID 51).
2026/09/18 02:26:33 [decoder:2] Decoding "/var/azuracast/stations/evangile_du_royaume/media/La bible/tite_001.mp3" ended: Ffmpeg_decoder.End_of_file.
2026/09/18 02:26:34 [next_song:3] Prepared "/var/azuracast/stations/evangile_du_royaume/media/La bible/tite_002.mp3" (RID 52).
2026/09/18 02:28:41 [decoder:2] Decoding "/var/azuracast/stations/evangile_du_royaume/media/La bible/tite_002.mp3" ended: Ffmpeg_decoder.End_of_file.
2026/09/18 02:28:41 [next_song:3] Prepared "/var/azuracast/stations/evangile_du_royaume/media/La bible/tite_003.mp3" (RID 53).
2026/09/18 02:31:00 [decoder:2] Decoding "/var/azuracast/stations/evangile_du_royaume/media/La bible/tite_003.mp3" ended: Ffmpeg_decoder.End_of_file.
2026/09/18 02:31:01 [next_song:3] Prepared "/var/azuracast/stations/evangile_du_royaume/media/La bible/philippiens_004.mp3" (RID 54).
2026/09/18 02:34:37 [decoder:2] Decoding "/var/azuracast/stations/evangile_du_royaume/media/La bible/philippiens_004.mp3" ended: Ffmpeg_decoder.End_of_file.
2026/09/18 02:34:37 [next_song:3] Prepared "/var/azuracast/stations/evangile_du_royaume/media/La bible/lamentations_001.mp3" (RID 55).
2026/09/18 02:39:44 [decoder:2] Decoding "/var/azuracast/stations/evangile_du_royaume/media/La bible/lamentations_001.mp3" ended: Ffmpeg_decoder.End_of_file.
2026/09/18 02:39:44 [next_song:3] Prepared "/var/azuracast/stations/evangile_du_royaume/media/La bible/lamentations_002.mp3" (RID 56).
2026/09/18 02:44:56 [decoder:2] Decoding "/var/azuracast/stations/evangile_du_royaume/media/La bible/lamentations_002.mp3" ended: Ffmpeg_decoder.End_of_file.
2026/09/18 02:44:56 [next_song:3] Prepared "/var/azuracast/stations/evangile_du_royaume/media/La bible/lamentations_003.mp3" (RID 57).
2026/09/18 02:50:55 [decoder:2] Decoding "/var/azuracast/stations/evangile_du_royaume/media/La bible/lamentations_003.mp3" ended: Ffmpeg_decoder.End_of_file.
2026/09/18 02:50:55 [next_song:3] Prepared "/var/azuracast/stations/evangile_du_royaume/media/La bible/lamentations_004.mp3" (RID 58).
2026/09/18 02:54:49 [decoder:2] Decoding "/var/azuracast/stations/evangile_du_royaume/media/La bible/lamentations_004.mp3" ended: Ffmpeg_decoder.End_of_file.
2026/09/18 02:54:49 [next_song:3] Prepared "/var/azuracast/stations/evangile_du_royaume/media/Jingle/jingle_avant_louange_05_elevons_nos_coeurs_vers_dieu.mp3" (RID 59).
2026/09/18 02:55:00 [decoder:2] Decoding "/var/azuracast/stations/evangile_du_royaume/media/Jingle/jingle_avant_louange_05_elevons_nos_coeurs_vers_dieu.mp3" ended: Ffmpeg_decoder.End_of_file.
2026/09/18 02:55:00 [next_song:3] Prepared "/var/azuracast/stations/evangile_du_royaume/media/Worship/77 - We Shall Not Fear - Nonso Njoku.mp3" (RID 60).
2026/09/18 03:00:18 [decoder:2] Decoding "/var/azuracast/stations/evangile_du_royaume/media/Worship/77 - We Shall Not Fear - Nonso Njoku.mp3" ended: Ffmpeg_decoder.End_of_file.
2026/09/18 03:00:19 [next_song:3] Prepared "/var/azuracast/stations/evangile_du_royaume/media/Worship/71 - In the Day of Your Power  - Winnipeg Fellowship.mp3" (RID 61).
2026/09/18 03:08:37 [decoder:2] Decoding "/var/azuracast/stations/evangile_du_royaume/media/Worship/71 - In the Day of Your Power  - Winnipeg Fellowship.mp3" ended: Ffmpeg_decoder.End_of_file.
2026/09/18 03:08:37 [next_song:3] Prepared "/var/azuracast/stations/evangile_du_royaume/media/Worship/06 - Psalm 93 - Port Harcourt HF.mp3" (RID 62).
2026/09/18 03:18:13 [decoder:2] Decoding "/var/azuracast/stations/evangile_du_royaume/media/Worship/06 - Psalm 93 - Port Harcourt HF.mp3" ended: Ffmpeg_decoder.End_of_file.
2026/09/18 03:18:14 [next_song:3] Prepared "/var/azuracast/stations/evangile_du_royaume/media/Worship/21 - I Choose the Way of the Lord - Abuja HF.mp3" (RID 63).
2026/09/18 03:22:18 [decoder:2] Decoding "/var/azuracast/stations/evangile_du_royaume/media/Worship/21 - I Choose the Way of the Lord - Abuja HF.mp3" ended: Ffmpeg_decoder.End_of_file.
2026/09/18 03:22:19 [next_song:3] Prepared "/var/azuracast/stations/evangile_du_royaume/media/Worship/55 - God's Got An Army - PHF.mp3" (RID 64).
2026/09/18 03:27:38 [decoder:2] Decoding "/var/azuracast/stations/evangile_du_royaume/media/Worship/55 - God's Got An Army - PHF.mp3" ended: Ffmpeg_decoder.End_of_file.
2026/09/18 03:27:38 [next_song:3] Prepared "/var/azuracast/stations/evangile_du_royaume/media/Worship/41 - Abba, Singing a, I Will Sing - Ketu HF.mp3" (RID 65).
2026/09/18 03:38:22 [decoder:2] Decoding "/var/azuracast/stations/evangile_du_royaume/media/Worship/41 - Abba, Singing a, I Will Sing - Ketu HF.mp3" ended: Ffmpeg_decoder.End_of_file.
2026/09/18 03:38:23 [next_song:3] Prepared "/var/azuracast/stations/evangile_du_royaume/media/Cantiques du royaume/8-_mohamed_sanogo_hymne_des_vainqueurs.mp3" (RID 66).
2026/09/18 03:44:29 [decoder:2] Decoding "/var/azuracast/stations/evangile_du_royaume/media/Cantiques du royaume/8-_mohamed_sanogo_hymne_des_vainqueurs.mp3" ended: Ffmpeg_decoder.End_of_file.
2026/09/18 03:44:30 [next_song:3] Prepared "/var/azuracast/stations/evangile_du_royaume/media/Worship/43 - The Mountains, Come and, Oh City - Ketu HF.mp3" (RID 67).
2026/09/18 03:52:51 [decoder:2] Decoding "/var/azuracast/stations/evangile_du_royaume/media/Worship/43 - The Mountains, Come and, Oh City - Ketu HF.mp3" ended: Ffmpeg_decoder.End_of_file.
2026/09/18 03:52:52 [next_song:3] Prepared "/var/azuracast/stations/evangile_du_royaume/media/SWBN Lead Concert Live Worship/04 - The King is Here (Abasiama Timothy).mp3" (RID 68).
2026/09/18 03:59:01 [decoder:2] Decoding "/var/azuracast/stations/evangile_du_royaume/media/SWBN Lead Concert Live Worship/04 - The King is Here (Abasiama Timothy).mp3" ended: Ffmpeg_decoder.End_of_file.
2026/09/18 03:59:01 [next_song:3] Prepared "/var/azuracast/stations/evangile_du_royaume/media/Jingle/jingle_avant_bible_08_prenons_un_moment_pour_ecouter_la_parole.mp3" (RID 69).
2026/09/18 03:59:10 [decoder:2] Decoding "/var/azuracast/stations/evangile_du_royaume/media/Jingle/jingle_avant_bible_08_prenons_un_moment_pour_ecouter_la_parole.mp3" ended: Ffmpeg_decoder.End_of_file.
2026/09/18 03:59:11 [next_song:3] Prepared "/var/azuracast/stations/evangile_du_royaume/media/La bible/colossiens_001.mp3" (RID 70).
2026/09/18 04:03:43 [decoder:2] Decoding "/var/azuracast/stations/evangile_du_royaume/media/La bible/colossiens_001.mp3" ended: Ffmpeg_decoder.End_of_file.
2026/09/18 04:03:44 [next_song:3] Prepared "/var/azuracast/stations/evangile_du_royaume/media/La bible/colossiens_002.mp3" (RID 71).
2026/09/18 04:07:27 [decoder:2] Decoding "/var/azuracast/stations/evangile_du_royaume/media/La bible/colossiens_002.mp3" ended: Ffmpeg_decoder.End_of_file.
2026/09/18 04:07:27 [next_song:3] Prepared "/var/azuracast/stations/evangile_du_royaume/media/La bible/colossiens_003.mp3" (RID 72).
2026/09/18 04:11:08 [decoder:2] Decoding "/var/azuracast/stations/evangile_du_royaume/media/La bible/colossiens_003.mp3" ended: Ffmpeg_decoder.End_of_file.
2026/09/18 04:11:09 [next_song:3] Prepared "/var/azuracast/stations/evangile_du_royaume/media/La bible/colossiens_004.mp3" (RID 73).
2026/09/18 04:14:02 [decoder:2] Decoding "/var/azuracast/stations/evangile_du_royaume/media/La bible/colossiens_004.mp3" ended: Ffmpeg_decoder.End_of_file.
2026/09/18 04:14:02 [next_song:3] Prepared "/var/azuracast/stations/evangile_du_royaume/media/La bible/esdras_004.mp3" (RID 74).
2026/09/18 04:18:23 [decoder:2] Decoding "/var/azuracast/stations/evangile_du_royaume/media/La bible/esdras_004.mp3" ended: Ffmpeg_decoder.End_of_file.
2026/09/18 04:18:24 [next_song:3] Prepared "/var/azuracast/stations/evangile_du_royaume/media/La bible/esdras_005.mp3" (RID 75).
2026/09/18 04:21:28 [decoder:2] Decoding "/var/azuracast/stations/evangile_du_royaume/media/La bible/esdras_005.mp3" ended: Ffmpeg_decoder.End_of_file.
2026/09/18 04:21:29 [next_song:3] Prepared "/var/azuracast/stations/evangile_du_royaume/media/La bible/esdras_006.mp3" (RID 76).
2026/09/18 04:25:38 [decoder:2] Decoding "/var/azuracast/stations/evangile_du_royaume/media/La bible/esdras_006.mp3" ended: Ffmpeg_decoder.End_of_file.
2026/09/18 04:25:39 [next_song:3] Prepared "/var/azuracast/stations/evangile_du_royaume/media/La bible/esdras_007.mp3" (RID 77).
2026/09/18 04:30:09 [decoder:2] Decoding "/var/azuracast/stations/evangile_du_royaume/media/La bible/esdras_007.mp3" ended: Ffmpeg_decoder.End_of_file.
2026/09/18 04:30:10 [next_song:3] Prepared "/var/azuracast/stations/evangile_du_royaume/media/La bible/esdras_008.mp3" (RID 78).
2026/09/18 04:35:49 [decoder:2] Decoding "/var/azuracast/stations/evangile_du_royaume/media/La bible/esdras_008.mp3" ended: Ffmpeg_decoder.End_of_file.
2026/09/18 04:35:50 [next_song:3] Prepared "/var/azuracast/stations/evangile_du_royaume/media/La bible/esdras_009.mp3" (RID 79).
2026/09/18 04:39:21 [decoder:2] Decoding "/var/azuracast/stations/evangile_du_royaume/media/La bible/esdras_009.mp3" ended: Ffmpeg_decoder.End_of_file.
2026/09/18 04:39:22 [next_song:3] Prepared "/var/azuracast/stations/evangile_du_royaume/media/La bible/esdras_010.mp3" (RID 80).
2026/09/18 04:45:40 [decoder:2] Decoding "/var/azuracast/stations/evangile_du_royaume/media/La bible/esdras_010.mp3" ended: Ffmpeg_decoder.End_of_file.
2026/09/18 04:45:40 [next_song:3] Prepared "/var/azuracast/stations/evangile_du_royaume/media/Jingle/jingle_avant_louange_06_que_la_louange_seleve.mp3" (RID 81).
2026/09/18 04:45:50 [decoder:2] Decoding "/var/azuracast/stations/evangile_du_royaume/media/Jingle/jingle_avant_louange_06_que_la_louange_seleve.mp3" ended: Ffmpeg_decoder.End_of_file.
2026/09/18 04:45:51 [next_song:3] Prepared "/var/azuracast/stations/evangile_du_royaume/media/Worship/22 - Holy Holy - Abuja HF.mp3" (RID 82).
2026/09/18 04:54:19 [decoder:2] Decoding "/var/azuracast/stations/evangile_du_royaume/media/Worship/22 - Holy Holy - Abuja HF.mp3" ended: Ffmpeg_decoder.End_of_file.
2026/09/18 04:54:20 [next_song:3] Prepared "/var/azuracast/stations/evangile_du_royaume/media/Cantiques du royaume/Cantique sa miséricorde.mp3" (RID 83).
2026/09/18 04:57:40 [decoder:2] Decoding "/var/azuracast/stations/evangile_du_royaume/media/Cantiques du royaume/Cantique sa miséricorde.mp3" ended: Ffmpeg_decoder.End_of_file.
2026/09/18 04:57:41 [next_song:3] Prepared "/var/azuracast/stations/evangile_du_royaume/media/Worship/69 - We Bless You Wonderful God  - Winnipeg Fellowship.mp3" (RID 84).
2026/09/18 05:04:42 [decoder:2] Decoding "/var/azuracast/stations/evangile_du_royaume/media/Worship/69 - We Bless You Wonderful God  - Winnipeg Fellowship.mp3" ended: Ffmpeg_decoder.End_of_file.
2026/09/18 05:04:42 [next_song:3] Prepared "/var/azuracast/stations/evangile_du_royaume/media/Worship/53 - In Jesus - PHF.mp3" (RID 85).
2026/09/18 05:10:37 [decoder:2] Decoding "/var/azuracast/stations/evangile_du_royaume/media/Worship/53 - In Jesus - PHF.mp3" ended: Ffmpeg_decoder.End_of_file.
2026/09/18 05:10:37 [next_song:3] Prepared "/var/azuracast/stations/evangile_du_royaume/media/Worship/18 - El Elyon - Toronto & Winnipeg HF.mp3" (RID 86).
2026/09/18 05:19:32 [decoder:2] Decoding "/var/azuracast/stations/evangile_du_royaume/media/Worship/18 - El Elyon - Toronto & Winnipeg HF.mp3" ended: Ffmpeg_decoder.End_of_file.
2026/09/18 05:19:32 [next_song:3] Prepared "/var/azuracast/stations/evangile_du_royaume/media/Cantiques du royaume/cantique___prends_tout_le_contrôle.mp3" (RID 87).
2026/09/18 05:24:22 [decoder:2] Decoding "/var/azuracast/stations/evangile_du_royaume/media/Cantiques du royaume/cantique___prends_tout_le_contrôle.mp3" ended: Ffmpeg_decoder.End_of_file.
2026/09/18 05:24:22 [next_song:3] Prepared "/var/azuracast/stations/evangile_du_royaume/media/Worship/20 - Yahweh Be Praised - Abuja HF.mp3" (RID 88).
2026/09/18 05:29:35 [decoder:2] Decoding "/var/azuracast/stations/evangile_du_royaume/media/Worship/20 - Yahweh Be Praised - Abuja HF.mp3" ended: Ffmpeg_decoder.End_of_file.
2026/09/18 05:29:35 [next_song:3] Prepared "/var/azuracast/stations/evangile_du_royaume/media/Worship/61 - Unto Him - CHF.mp3" (RID 89).
2026/09/18 05:35:51 [decoder:2] Decoding "/var/azuracast/stations/evangile_du_royaume/media/Worship/61 - Unto Him - CHF.mp3" ended: Ffmpeg_decoder.End_of_file.
2026/09/18 05:35:52 [next_song:3] Prepared "/var/azuracast/stations/evangile_du_royaume/media/Cantiques du royaume/Cantique Jahweh, Tu es élevé au dessus de tout (1).mp3" (RID 90).
2026/09/18 05:40:41 [decoder:2] Decoding "/var/azuracast/stations/evangile_du_royaume/media/Cantiques du royaume/Cantique Jahweh, Tu es élevé au dessus de tout (1).mp3" ended: Ffmpeg_decoder.End_of_file.
2026/09/18 05:40:42 [next_song:3] Prepared "/var/azuracast/stations/evangile_du_royaume/media/Worship/15 - Satisfy My Soul - Calabar HF.mp3" (RID 91).
2026/09/18 05:46:41 [decoder:2] Decoding "/var/azuracast/stations/evangile_du_royaume/media/Worship/15 - Satisfy My Soul - Calabar HF.mp3" ended: Ffmpeg_decoder.End_of_file.
2026/09/18 05:46:42 [next_song:3] Prepared "/var/azuracast/stations/evangile_du_royaume/media/Jingle/jingle_id_station_01_la_bonne_nouvelle_partout.mp3" (RID 92).
2026/09/18 05:46:51 [decoder:2] Decoding "/var/azuracast/stations/evangile_du_royaume/media/Jingle/jingle_id_station_01_la_bonne_nouvelle_partout.mp3" ended: Ffmpeg_decoder.End_of_file.
2026/09/18 05:46:51 [next_song:3] Prepared "/var/azuracast/stations/evangile_du_royaume/media/La bible/daniel_001.mp3" (RID 93).
2026/09/18 05:50:24 [decoder:2] Decoding "/var/azuracast/stations/evangile_du_royaume/media/La bible/daniel_001.mp3" ended: Ffmpeg_decoder.End_of_file.
2026/09/18 05:50:24 [next_song:3] Prepared "/var/azuracast/stations/evangile_du_royaume/media/La bible/daniel_002.mp3" (RID 94).
2026/09/18 05:59:30 [decoder:2] Decoding "/var/azuracast/stations/evangile_du_royaume/media/La bible/daniel_002.mp3" ended: Ffmpeg_decoder.End_of_file.
2026/09/18 05:59:30 [next_song:3] Prepared "/var/azuracast/stations/evangile_du_royaume/media/Jingle/jingle_avant_louange_07_voici_un_temps_de_louange.mp3" (RID 95).
2026/09/18 05:59:43 [decoder:2] Decoding "/var/azuracast/stations/evangile_du_royaume/media/Jingle/jingle_avant_louange_07_voici_un_temps_de_louange.mp3" ended: Ffmpeg_decoder.End_of_file.
2026/09/18 05:59:44 [next_song:3] Prepared "/var/azuracast/stations/evangile_du_royaume/media/La bible/psaumes_133.mp3" (RID 96).
2026/09/18 06:00:08 [decoder:2] Decoding "/var/azuracast/stations/evangile_du_royaume/media/La bible/psaumes_133.mp3" ended: Ffmpeg_decoder.End_of_file.
2026/09/18 06:00:08 [next_song:3] Prepared "/var/azuracast/stations/evangile_du_royaume/media/Jingle/jingle_avant_message_05_vous_etes_a_lecoute_de_levangile_du_royaume.mp3" (RID 97).
2026/09/18 06:00:19 [decoder:2] Decoding "/var/azuracast/stations/evangile_du_royaume/media/Jingle/jingle_avant_message_05_vous_etes_a_lecoute_de_levangile_du_royaume.mp3" ended: Ffmpeg_decoder.End_of_file.
2026/09/18 06:00:20 [next_song:3] Prepared "/var/azuracast/stations/evangile_du_royaume/media/amc_tian_combat_spirituel_3.mp3" (RID 98).
2026/09/18 06:09:40 [decoder:2] Decoding "/var/azuracast/stations/evangile_du_royaume/media/amc_tian_combat_spirituel_3.mp3" ended: Ffmpeg_decoder.End_of_file.
2026/09/18 06:09:40 [next_song:3] Prepared "/var/azuracast/stations/evangile_du_royaume/media/Jingle/jingle_avant_bible_08_prenons_un_moment_pour_ecouter_la_parole.mp3" (RID 99).
2026/09/18 06:09:49 [decoder:2] Decoding "/var/azuracast/stations/evangile_du_royaume/media/Jingle/jingle_avant_bible_08_prenons_un_moment_pour_ecouter_la_parole.mp3" ended: Ffmpeg_decoder.End_of_file.
2026/09/18 06:09:50 [next_song:3] Prepared "/var/azuracast/stations/evangile_du_royaume/media/La bible/aggée_001.mp3" (RID 100).
2026/09/18 06:12:30 [decoder:2] Decoding "/var/azuracast/stations/evangile_du_royaume/media/La bible/aggée_001.mp3" ended: Ffmpeg_decoder.End_of_file.
2026/09/18 06:12:30 [next_song:3] Prepared "/var/azuracast/stations/evangile_du_royaume/media/La bible/aggée_002.mp3" (RID 101).
2026/09/18 06:16:25 [decoder:2] Decoding "/var/azuracast/stations/evangile_du_royaume/media/La bible/aggée_002.mp3" ended: Ffmpeg_decoder.End_of_file.
2026/09/18 06:16:26 [next_song:3] Prepared "/var/azuracast/stations/evangile_du_royaume/media/La bible/éphésiens_001.mp3" (RID 102).
2026/09/18 06:19:49 [decoder:2] Decoding "/var/azuracast/stations/evangile_du_royaume/media/La bible/éphésiens_001.mp3" ended: Ffmpeg_decoder.End_of_file.
2026/09/18 06:19:50 [next_song:3] Prepared "/var/azuracast/stations/evangile_du_royaume/media/La bible/éphésiens_002.mp3" (RID 103).
2026/09/18 06:23:03 [decoder:2] Decoding "/var/azuracast/stations/evangile_du_royaume/media/La bible/éphésiens_002.mp3" ended: Ffmpeg_decoder.End_of_file.
2026/09/18 06:23:03 [next_song:3] Prepared "/var/azuracast/stations/evangile_du_royaume/media/La bible/éphésiens_003.mp3" (RID 104).
2026/09/18 06:25:56 [decoder:2] Decoding "/var/azuracast/stations/evangile_du_royaume/media/La bible/éphésiens_003.mp3" ended: Ffmpeg_decoder.End_of_file.
2026/09/18 06:25:57 [next_song:3] Prepared "/var/azuracast/stations/evangile_du_royaume/media/La bible/éphésiens_004.mp3" (RID 105).
2026/09/18 06:30:47 [decoder:2] Decoding "/var/azuracast/stations/evangile_du_royaume/media/La bible/éphésiens_004.mp3" ended: Ffmpeg_decoder.End_of_file.
2026/09/18 06:30:47 [next_song:3] Prepared "/var/azuracast/stations/evangile_du_royaume/media/La bible/éphésiens_005.mp3" (RID 106).
2026/09/18 06:34:57 [decoder:2] Decoding "/var/azuracast/stations/evangile_du_royaume/media/La bible/éphésiens_005.mp3" ended: Ffmpeg_decoder.End_of_file.
2026/09/18 06:34:57 [next_song:3] Prepared "/var/azuracast/stations/evangile_du_royaume/media/La bible/éphésiens_006.mp3" (RID 107).
2026/09/18 06:38:15 [decoder:2] Decoding "/var/azuracast/stations/evangile_du_royaume/media/La bible/éphésiens_006.mp3" ended: Ffmpeg_decoder.End_of_file.
2026/09/18 06:38:15 [next_song:3] Prepared "/var/azuracast/stations/evangile_du_royaume/media/La bible/2_pierre_001.mp3" (RID 108).
2026/09/18 06:41:54 [decoder:2] Decoding "/var/azuracast/stations/evangile_du_royaume/media/La bible/2_pierre_001.mp3" ended: Ffmpeg_decoder.End_of_file.
2026/09/18 06:41:55 [next_song:3] Prepared "/var/azuracast/stations/evangile_du_royaume/media/La bible/2_pierre_002.mp3" (RID 109).
2026/09/18 06:45:56 [decoder:2] Decoding "/var/azuracast/stations/evangile_du_royaume/media/La bible/2_pierre_002.mp3" ended: Ffmpeg_decoder.End_of_file.
2026/09/18 06:45:56 [next_song:3] Prepared "/var/azuracast/stations/evangile_du_royaume/media/La bible/2_pierre_003.mp3" (RID 110).
2026/09/18 06:49:10 [decoder:2] Decoding "/var/azuracast/stations/evangile_du_royaume/media/La bible/2_pierre_003.mp3" ended: Ffmpeg_decoder.End_of_file.
2026/09/18 06:49:10 [next_song:3] Prepared "/var/azuracast/stations/evangile_du_royaume/media/La bible/3_jean_001.mp3" (RID 111).
2026/09/18 06:51:12 [decoder:2] Decoding "/var/azuracast/stations/evangile_du_royaume/media/La bible/3_jean_001.mp3" ended: Ffmpeg_decoder.End_of_file.
2026/09/18 06:51:13 [next_song:3] Prepared "/var/azuracast/stations/evangile_du_royaume/media/La bible/1_corinthiens_014.mp3" (RID 112).
2026/09/18 06:57:40 [decoder:2] Decoding "/var/azuracast/stations/evangile_du_royaume/media/La bible/1_corinthiens_014.mp3" ended: Ffmpeg_decoder.End_of_file.
2026/09/18 06:57:41 [next_song:3] Prepared "/var/azuracast/stations/evangile_du_royaume/media/La bible/1_corinthiens_015.mp3" (RID 113).
2026/09/18 07:06:12 [decoder:2] Decoding "/var/azuracast/stations/evangile_du_royaume/media/La bible/1_corinthiens_015.mp3" ended: Ffmpeg_decoder.End_of_file.
2026/09/18 07:06:12 [next_song:3] Prepared "/var/azuracast/stations/evangile_du_royaume/media/La bible/1_corinthiens_016.mp3" (RID 114).
2026/09/18 07:09:17 [decoder:2] Decoding "/var/azuracast/stations/evangile_du_royaume/media/La bible/1_corinthiens_016.mp3" ended: Ffmpeg_decoder.End_of_file.
2026/09/18 07:09:17 [next_song:3] Prepared "/var/azuracast/stations/evangile_du_royaume/media/Jingle/jingle_avant_louange_05_elevons_nos_coeurs_vers_dieu.mp3" (RID 115).
2026/09/18 07:09:28 [decoder:2] Decoding "/var/azuracast/stations/evangile_du_royaume/media/Jingle/jingle_avant_louange_05_elevons_nos_coeurs_vers_dieu.mp3" ended: Ffmpeg_decoder.End_of_file.
2026/09/18 07:09:29 [next_song:3] Prepared "/var/azuracast/stations/evangile_du_royaume/media/Worship/88 - Good God - Asaba Fellowship.mp3" (RID 116).
2026/09/18 07:15:31 [decoder:2] Decoding "/var/azuracast/stations/evangile_du_royaume/media/Worship/88 - Good God - Asaba Fellowship.mp3" ended: Ffmpeg_decoder.End_of_file.
2026/09/18 07:15:32 [next_song:3] Prepared "/var/azuracast/stations/evangile_du_royaume/media/SWBN Lead Concert Live Worship/10 - He Has Given Me & Emmanuel You Joy Over Us (Medley) (Abasiama Timothy & Imah Adegoke).mp3" (RID 117).
2026/09/18 07:24:06 [decoder:2] Decoding "/var/azuracast/stations/evangile_du_royaume/media/SWBN Lead Concert Live Worship/10 - He Has Given Me & Emmanuel You Joy Over Us (Medley) (Abasiama Timothy & Imah Adegoke).mp3" ended: Ffmpeg_decoder.End_of_file.
2026/09/18 07:24:07 [next_song:3] Prepared "/var/azuracast/stations/evangile_du_royaume/media/Worship/73 - Arise Out of Zion  - Winnipeg Fellowship.mp3" (RID 118).
2026/09/18 07:31:50 [decoder:2] Decoding "/var/azuracast/stations/evangile_du_royaume/media/Worship/73 - Arise Out of Zion  - Winnipeg Fellowship.mp3" ended: Ffmpeg_decoder.End_of_file.
2026/09/18 07:31:50 [next_song:3] Prepared "/var/azuracast/stations/evangile_du_royaume/media/Worship/31 - You Are Worthy - Ketu HF.mp3" (RID 119).
2026/09/18 07:36:06 [decoder:2] Decoding "/var/azuracast/stations/evangile_du_royaume/media/Worship/31 - You Are Worthy - Ketu HF.mp3" ended: Ffmpeg_decoder.End_of_file.
2026/09/18 07:36:06 [next_song:3] Prepared "/var/azuracast/stations/evangile_du_royaume/media/Worship/76 - You Have sworn By Your Holiness - Chidera Bisong.mp3" (RID 120).
2026/09/18 07:43:22 [decoder:2] Decoding "/var/azuracast/stations/evangile_du_royaume/media/Worship/76 - You Have sworn By Your Holiness - Chidera Bisong.mp3" ended: Ffmpeg_decoder.End_of_file.
2026/09/18 07:43:22 [next_song:3] Prepared "/var/azuracast/stations/evangile_du_royaume/media/Worship/84 - Song Of Victory - Emmanuel Igunbor.mp3" (RID 121).
2026/09/18 07:47:25 [decoder:2] Decoding "/var/azuracast/stations/evangile_du_royaume/media/Worship/84 - Song Of Victory - Emmanuel Igunbor.mp3" ended: Ffmpeg_decoder.End_of_file.
2026/09/18 07:47:25 [next_song:3] Prepared "/var/azuracast/stations/evangile_du_royaume/media/Cantiques du royaume/jean-chist_-_4_minutes.mp3" (RID 122).
2026/09/18 07:51:35 [decoder:2] Decoding "/var/azuracast/stations/evangile_du_royaume/media/Cantiques du royaume/jean-chist_-_4_minutes.mp3" ended: Ffmpeg_decoder.End_of_file.
2026/09/18 07:51:36 [next_song:3] Prepared "/var/azuracast/stations/evangile_du_royaume/media/Worship/36 - Praise the Lord of Host - Toronto HF.mp3" (RID 123).
2026/09/18 07:58:03 [decoder:2] Decoding "/var/azuracast/stations/evangile_du_royaume/media/Worship/36 - Praise the Lord of Host - Toronto HF.mp3" ended: Ffmpeg_decoder.End_of_file.
2026/09/18 07:58:03 [next_song:3] Prepared "/var/azuracast/stations/evangile_du_royaume/media/Cantiques du royaume/cantique__heureux_l_homme_qui_ne_marche_pas_selon.mp3" (RID 124).
2026/09/18 08:00:20 [decoder:2] Decoding "/var/azuracast/stations/evangile_du_royaume/media/Cantiques du royaume/cantique__heureux_l_homme_qui_ne_marche_pas_selon.mp3" ended: Ffmpeg_decoder.End_of_file.
2026/09/18 08:00:20 [next_song:3] Prepared "/var/azuracast/stations/evangile_du_royaume/media/Worship/46 - Praise the Lord All Ye Nations - Toronto HF.mp3" (RID 125).
2026/09/18 08:06:29 [decoder:2] Decoding "/var/azuracast/stations/evangile_du_royaume/media/Worship/46 - Praise the Lord All Ye Nations - Toronto HF.mp3" ended: Ffmpeg_decoder.End_of_file.
2026/09/18 08:06:30 [next_song:3] Prepared "/var/azuracast/stations/evangile_du_royaume/media/Cantiques du royaume/Cantique - Je veux vivre ton royaume.mp3" (RID 126).
2026/09/18 08:11:11 [decoder:2] Decoding "/var/azuracast/stations/evangile_du_royaume/media/Cantiques du royaume/Cantique - Je veux vivre ton royaume.mp3" ended: Ffmpeg_decoder.End_of_file.
2026/09/18 08:11:12 [next_song:3] Prepared "/var/azuracast/stations/evangile_du_royaume/media/Jingle/jingle_avant_bible_06_ouvrons_les_saintes_ecritures.mp3" (RID 127).
2026/09/18 08:11:22 [decoder:2] Decoding "/var/azuracast/stations/evangile_du_royaume/media/Jingle/jingle_avant_bible_06_ouvrons_les_saintes_ecritures.mp3" ended: Ffmpeg_decoder.End_of_file.
2026/09/18 08:11:23 [next_song:3] Prepared "/var/azuracast/stations/evangile_du_royaume/media/La bible/osée_002.mp3" (RID 128).
2026/09/18 08:14:48 [decoder:2] Decoding "/var/azuracast/stations/evangile_du_royaume/media/La bible/osée_002.mp3" ended: Ffmpeg_decoder.End_of_file.
2026/09/18 08:14:49 [next_song:3] Prepared "/var/azuracast/stations/evangile_du_royaume/media/La bible/osée_003.mp3" (RID 129).
2026/09/18 08:15:43 [decoder:2] Decoding "/var/azuracast/stations/evangile_du_royaume/media/La bible/osée_003.mp3" ended: Ffmpeg_decoder.End_of_file.
2026/09/18 08:15:43 [next_song:3] Prepared "/var/azuracast/stations/evangile_du_royaume/media/La bible/osée_004.mp3" (RID 130).
2026/09/18 08:18:37 [decoder:2] Decoding "/var/azuracast/stations/evangile_du_royaume/media/La bible/osée_004.mp3" ended: Ffmpeg_decoder.End_of_file.
2026/09/18 08:18:37 [next_song:3] Prepared "/var/azuracast/stations/evangile_du_royaume/media/La bible/osée_005.mp3" (RID 131).
2026/09/18 08:20:58 [decoder:2] Decoding "/var/azuracast/stations/evangile_du_royaume/media/La bible/osée_005.mp3" ended: Ffmpeg_decoder.End_of_file.
2026/09/18 08:20:58 [next_song:3] Prepared "/var/azuracast/stations/evangile_du_royaume/media/La bible/osée_006.mp3" (RID 132).
2026/09/18 08:22:27 [decoder:2] Decoding "/var/azuracast/stations/evangile_du_royaume/media/La bible/osée_006.mp3" ended: Ffmpeg_decoder.End_of_file.
2026/09/18 08:22:28 [next_song:3] Prepared "/var/azuracast/stations/evangile_du_royaume/media/La bible/osée_007.mp3" (RID 133).
2026/09/18 08:24:51 [decoder:2] Decoding "/var/azuracast/stations/evangile_du_royaume/media/La bible/osée_007.mp3" ended: Ffmpeg_decoder.End_of_file.
2026/09/18 08:24:52 [next_song:3] Prepared "/var/azuracast/stations/evangile_du_royaume/media/La bible/osée_008.mp3" (RID 134).
2026/09/18 08:26:55 [decoder:2] Decoding "/var/azuracast/stations/evangile_du_royaume/media/La bible/osée_008.mp3" ended: Ffmpeg_decoder.End_of_file.
2026/09/18 08:26:55 [next_song:3] Prepared "/var/azuracast/stations/evangile_du_royaume/media/La bible/osée_009.mp3" (RID 135).
2026/09/18 08:29:56 [decoder:2] Decoding "/var/azuracast/stations/evangile_du_royaume/media/La bible/osée_009.mp3" ended: Ffmpeg_decoder.End_of_file.
2026/09/18 08:29:57 [next_song:3] Prepared "/var/azuracast/stations/evangile_du_royaume/media/La bible/osée_010.mp3" (RID 136).
2026/09/18 08:32:31 [decoder:2] Decoding "/var/azuracast/stations/evangile_du_royaume/media/La bible/osée_010.mp3" ended: Ffmpeg_decoder.End_of_file.
2026/09/18 08:32:31 [next_song:3] Prepared "/var/azuracast/stations/evangile_du_royaume/media/La bible/osée_011.mp3" (RID 137).
2026/09/18 08:34:21 [decoder:2] Decoding "/var/azuracast/stations/evangile_du_royaume/media/La bible/osée_011.mp3" ended: Ffmpeg_decoder.End_of_file.
2026/09/18 08:34:22 [next_song:3] Prepared "/var/azuracast/stations/evangile_du_royaume/media/La bible/osée_012.mp3" (RID 138).
2026/09/18 08:36:23 [decoder:2] Decoding "/var/azuracast/stations/evangile_du_royaume/media/La bible/osée_012.mp3" ended: Ffmpeg_decoder.End_of_file.
2026/09/18 08:36:23 [next_song:3] Prepared "/var/azuracast/stations/evangile_du_royaume/media/La bible/osée_013.mp3" (RID 139).
2026/09/18 08:39:03 [decoder:2] Decoding "/var/azuracast/stations/evangile_du_royaume/media/La bible/osée_013.mp3" ended: Ffmpeg_decoder.End_of_file.
2026/09/18 08:39:04 [next_song:3] Prepared "/var/azuracast/stations/evangile_du_royaume/media/La bible/osée_014.mp3" (RID 140).
2026/09/18 08:39:05 [clock.main:2] We must catchup 1.04 seconds!
2026/09/18 08:40:38 [decoder:2] Decoding "/var/azuracast/stations/evangile_du_royaume/media/La bible/osée_014.mp3" ended: Ffmpeg_decoder.End_of_file.
2026/09/18 08:40:39 [next_song:3] Prepared "/var/azuracast/stations/evangile_du_royaume/media/Jingle/jingle_avant_louange_07_voici_un_temps_de_louange.mp3" (RID 141).
2026/09/18 08:40:52 [decoder:2] Decoding "/var/azuracast/stations/evangile_du_royaume/media/Jingle/jingle_avant_louange_07_voici_un_temps_de_louange.mp3" ended: Ffmpeg_decoder.End_of_file.
2026/09/18 08:40:52 [next_song:3] Prepared "/var/azuracast/stations/evangile_du_royaume/media/Worship/66 - Victorious Is the Lamb - Winnipeg Fellowship.mp3" (RID 142).
2026/09/18 08:48:14 [decoder:2] Decoding "/var/azuracast/stations/evangile_du_royaume/media/Worship/66 - Victorious Is the Lamb - Winnipeg Fellowship.mp3" ended: Ffmpeg_decoder.End_of_file.
2026/09/18 08:48:14 [next_song:3] Prepared "/var/azuracast/stations/evangile_du_royaume/media/Cantiques du royaume/cantique___il_s_est_lui-même_humilié.mp3" (RID 143).
2026/09/18 08:53:39 [decoder:2] Decoding "/var/azuracast/stations/evangile_du_royaume/media/Cantiques du royaume/cantique___il_s_est_lui-même_humilié.mp3" ended: Ffmpeg_decoder.End_of_file.
2026/09/18 08:53:40 [next_song:3] Prepared "/var/azuracast/stations/evangile_du_royaume/media/Worship/67 - My God Is Good - Winnipeg Fellowship.mp3" (RID 144).
2026/09/18 09:00:46 [decoder:2] Decoding "/var/azuracast/stations/evangile_du_royaume/media/Worship/67 - My God Is Good - Winnipeg Fellowship.mp3" ended: Ffmpeg_decoder.End_of_file.
2026/09/18 09:00:47 [next_song:3] Prepared "/var/azuracast/stations/evangile_du_royaume/media/Worship/37 - The Lord on High is Mightier - Toronto HF.mp3" (RID 145).
2026/09/18 09:07:41 [decoder:2] Decoding "/var/azuracast/stations/evangile_du_royaume/media/Worship/37 - The Lord on High is Mightier - Toronto HF.mp3" ended: Ffmpeg_decoder.End_of_file.
2026/09/18 09:07:41 [next_song:3] Prepared "/var/azuracast/stations/evangile_du_royaume/media/Worship/38 - That I May Know Him - Toronto HF.mp3" (RID 146).
2026/09/18 09:13:48 [decoder:2] Decoding "/var/azuracast/stations/evangile_du_royaume/media/Worship/38 - That I May Know Him - Toronto HF.mp3" ended: Ffmpeg_decoder.End_of_file.
2026/09/18 09:13:48 [next_song:3] Prepared "/var/azuracast/stations/evangile_du_royaume/media/Worship/79 - The Lord is my Light and Salvation - Nonso Njoku.mp3" (RID 147).
2026/09/18 09:16:49 [decoder:2] Decoding "/var/azuracast/stations/evangile_du_royaume/media/Worship/79 - The Lord is my Light and Salvation - Nonso Njoku.mp3" ended: Ffmpeg_decoder.End_of_file.
2026/09/18 09:16:49 [next_song:3] Prepared "/var/azuracast/stations/evangile_du_royaume/media/Worship/49 - We Worship Adonai - PHF.mp3" (RID 148).
2026/09/18 09:25:17 [decoder:2] Decoding "/var/azuracast/stations/evangile_du_royaume/media/Worship/49 - We Worship Adonai - PHF.mp3" ended: Ffmpeg_decoder.End_of_file.
2026/09/18 09:25:17 [next_song:3] Prepared "/var/azuracast/stations/evangile_du_royaume/media/SWBN Lead Concert Live Worship/08 - You're the Lamb (Abasiama Timothy).mp3" (RID 149).
2026/09/18 09:32:23 [decoder:2] Decoding "/var/azuracast/stations/evangile_du_royaume/media/SWBN Lead Concert Live Worship/08 - You're the Lamb (Abasiama Timothy).mp3" ended: Ffmpeg_decoder.End_of_file.
2026/09/18 09:32:24 [next_song:3] Prepared "/var/azuracast/stations/evangile_du_royaume/media/SWBN Lead Concert Live Worship/02 - Unto Him (Vincent Opara).mp3" (RID 150).
2026/09/18 09:41:02 [decoder:2] Decoding "/var/azuracast/stations/evangile_du_royaume/media/SWBN Lead Concert Live Worship/02 - Unto Him (Vincent Opara).mp3" ended: Ffmpeg_decoder.End_of_file.
2026/09/18 09:41:02 [next_song:3] Prepared "/var/azuracast/stations/evangile_du_royaume/media/Jingle/jingle_avant_bible_07_place_a_la_lecture_de_la_bible.mp3" (RID 151).
2026/09/18 09:41:15 [decoder:2] Decoding "/var/azuracast/stations/evangile_du_royaume/media/Jingle/jingle_avant_bible_07_place_a_la_lecture_de_la_bible.mp3" ended: Ffmpeg_decoder.End_of_file.
2026/09/18 09:41:16 [next_song:3] Prepared "/var/azuracast/stations/evangile_du_royaume/media/La bible/michée_001.mp3" (RID 152).
2026/09/18 09:43:50 [decoder:2] Decoding "/var/azuracast/stations/evangile_du_royaume/media/La bible/michée_001.mp3" ended: Ffmpeg_decoder.End_of_file.
2026/09/18 09:43:50 [next_song:3] Prepared "/var/azuracast/stations/evangile_du_royaume/media/La bible/michée_002.mp3" (RID 153).
2026/09/18 09:46:08 [decoder:2] Decoding "/var/azuracast/stations/evangile_du_royaume/media/La bible/michée_002.mp3" ended: Ffmpeg_decoder.End_of_file.
2026/09/18 09:46:08 [next_song:3] Prepared "/var/azuracast/stations/evangile_du_royaume/media/La bible/michée_003.mp3" (RID 154).
2026/09/18 09:48:10 [decoder:2] Decoding "/var/azuracast/stations/evangile_du_royaume/media/La bible/michée_003.mp3" ended: Ffmpeg_decoder.End_of_file.
2026/09/18 09:48:10 [next_song:3] Prepared "/var/azuracast/stations/evangile_du_royaume/media/La bible/michée_004.mp3" (RID 155).
2026/09/18 09:50:41 [decoder:2] Decoding "/var/azuracast/stations/evangile_du_royaume/media/La bible/michée_004.mp3" ended: Ffmpeg_decoder.End_of_file.
2026/09/18 09:50:42 [next_song:3] Prepared "/var/azuracast/stations/evangile_du_royaume/media/La bible/michée_005.mp3" (RID 156).
2026/09/18 09:52:58 [decoder:2] Decoding "/var/azuracast/stations/evangile_du_royaume/media/La bible/michée_005.mp3" ended: Ffmpeg_decoder.End_of_file.
2026/09/18 09:52:59 [next_song:3] Prepared "/var/azuracast/stations/evangile_du_royaume/media/La bible/michée_006.mp3" (RID 157).
2026/09/18 09:55:33 [decoder:2] Decoding "/var/azuracast/stations/evangile_du_royaume/media/La bible/michée_006.mp3" ended: Ffmpeg_decoder.End_of_file.
2026/09/18 09:55:33 [next_song:3] Prepared "/var/azuracast/stations/evangile_du_royaume/media/La bible/michée_007.mp3" (RID 158).
2026/09/18 09:58:57 [decoder:2] Decoding "/var/azuracast/stations/evangile_du_royaume/media/La bible/michée_007.mp3" ended: Ffmpeg_decoder.End_of_file.
2026/09/18 09:58:57 [next_song:3] Prepared "/var/azuracast/stations/evangile_du_royaume/media/La bible/1_chroniques_001.mp3" (RID 159).
2026/09/18 10:04:35 [decoder:2] Decoding "/var/azuracast/stations/evangile_du_royaume/media/La bible/1_chroniques_001.mp3" ended: Ffmpeg_decoder.End_of_file.
2026/09/18 10:04:35 [next_song:3] Prepared "/var/azuracast/stations/evangile_du_royaume/media/La bible/1_chroniques_002.mp3" (RID 160).
2026/09/18 10:10:52 [decoder:2] Decoding "/var/azuracast/stations/evangile_du_royaume/media/La bible/1_chroniques_002.mp3" ended: Ffmpeg_decoder.End_of_file.
2026/09/18 10:10:52 [next_song:3] Prepared "/var/azuracast/stations/evangile_du_royaume/media/La bible/1_chroniques_003.mp3" (RID 161).
2026/09/18 10:14:05 [decoder:2] Decoding "/var/azuracast/stations/evangile_du_royaume/media/La bible/1_chroniques_003.mp3" ended: Ffmpeg_decoder.End_of_file.
2026/09/18 10:14:05 [next_song:3] Prepared "/var/azuracast/stations/evangile_du_royaume/media/La bible/1_chroniques_004.mp3" (RID 162).
2026/09/18 10:20:15 [decoder:2] Decoding "/var/azuracast/stations/evangile_du_royaume/media/La bible/1_chroniques_004.mp3" ended: Ffmpeg_decoder.End_of_file.
2026/09/18 10:20:16 [next_song:3] Prepared "/var/azuracast/stations/evangile_du_royaume/media/La bible/1_chroniques_005.mp3" (RID 163).
2026/09/18 10:24:37 [decoder:2] Decoding "/var/azuracast/stations/evangile_du_royaume/media/La bible/1_chroniques_005.mp3" ended: Ffmpeg_decoder.End_of_file.
2026/09/18 10:24:38 [next_song:3] Prepared "/var/azuracast/stations/evangile_du_royaume/media/Jingle/jingle_avant_louange_06_que_la_louange_seleve.mp3" (RID 164).
2026/09/18 10:24:48 [decoder:2] Decoding "/var/azuracast/stations/evangile_du_royaume/media/Jingle/jingle_avant_louange_06_que_la_louange_seleve.mp3" ended: Ffmpeg_decoder.End_of_file.
2026/09/18 10:24:49 [next_song:3] Prepared "/var/azuracast/stations/evangile_du_royaume/media/Worship/48 - The Glory -  PHF.mp3" (RID 165).
2026/09/18 10:32:06 [decoder:2] Decoding "/var/azuracast/stations/evangile_du_royaume/media/Worship/48 - The Glory -  PHF.mp3" ended: Ffmpeg_decoder.End_of_file.
2026/09/18 10:32:06 [next_song:3] Prepared "/var/azuracast/stations/evangile_du_royaume/media/Cantiques du royaume/cantique_-_esprit_de_dieu.mp3" (RID 166).
2026/09/18 10:35:15 [decoder:2] Decoding "/var/azuracast/stations/evangile_du_royaume/media/Cantiques du royaume/cantique_-_esprit_de_dieu.mp3" ended: Ffmpeg_decoder.End_of_file.
2026/09/18 10:35:16 [next_song:3] Prepared "/var/azuracast/stations/evangile_du_royaume/media/Worship/32 - There is A Mighty River Flowing - Ketu HF.mp3" (RID 167).
2026/09/18 10:42:22 [decoder:2] Decoding "/var/azuracast/stations/evangile_du_royaume/media/Worship/32 - There is A Mighty River Flowing - Ketu HF.mp3" ended: Ffmpeg_decoder.End_of_file.
2026/09/18 10:42:22 [next_song:3] Prepared "/var/azuracast/stations/evangile_du_royaume/media/Cantiques du royaume/Cantique-A jamais, tu seras l_Agneau de Dieu.mp3" (RID 168).
2026/09/18 10:51:34 [decoder:2] Decoding "/var/azuracast/stations/evangile_du_royaume/media/Cantiques du royaume/Cantique-A jamais, tu seras l_Agneau de Dieu.mp3" ended: Ffmpeg_decoder.End_of_file.
2026/09/18 10:51:34 [next_song:3] Prepared "/var/azuracast/stations/evangile_du_royaume/media/Worship/52 - Thou art Worthy Lord - PHF.mp3" (RID 169).
2026/09/18 11:00:55 [decoder:2] Decoding "/var/azuracast/stations/evangile_du_royaume/media/Worship/52 - Thou art Worthy Lord - PHF.mp3" ended: Ffmpeg_decoder.End_of_file.
2026/09/18 11:00:55 [next_song:3] Prepared "/var/azuracast/stations/evangile_du_royaume/media/Cantiques du royaume/Cantique- Mon modèle, c_est Jésus.mp3" (RID 170).
2026/09/18 11:05:06 [decoder:2] Decoding "/var/azuracast/stations/evangile_du_royaume/media/Cantiques du royaume/Cantique- Mon modèle, c_est Jésus.mp3" ended: Ffmpeg_decoder.End_of_file.
2026/09/18 11:05:07 [next_song:3] Prepared "/var/azuracast/stations/evangile_du_royaume/media/Worship/09 - Oh Lord I Want to Know Your Glory - Port Harcourt HF.mp3" (RID 171).
2026/09/18 11:05:08 [clock.main:2] We must catchup 1.09 seconds!
2026/09/18 11:11:19 [decoder:2] Decoding "/var/azuracast/stations/evangile_du_royaume/media/Worship/09 - Oh Lord I Want to Know Your Glory - Port Harcourt HF.mp3" ended: Ffmpeg_decoder.End_of_file.
2026/09/18 11:11:19 [next_song:3] Prepared "/var/azuracast/stations/evangile_du_royaume/media/Worship/83 - Awaken My Heart.mp3" (RID 172).
2026/09/18 11:14:35 [decoder:2] Decoding "/var/azuracast/stations/evangile_du_royaume/media/Worship/83 - Awaken My Heart.mp3" ended: Ffmpeg_decoder.End_of_file.
2026/09/18 11:14:36 [next_song:3] Prepared "/var/azuracast/stations/evangile_du_royaume/media/Cantiques du royaume/5-il_sappelait_emmanuel_-_marcel_boungou__paroles.mp3" (RID 173).
2026/09/18 11:19:46 [decoder:2] Decoding "/var/azuracast/stations/evangile_du_royaume/media/Cantiques du royaume/5-il_sappelait_emmanuel_-_marcel_boungou__paroles.mp3" ended: Ffmpeg_decoder.End_of_file.
2026/09/18 11:19:46 [next_song:3] Prepared "/var/azuracast/stations/evangile_du_royaume/media/Worship/70 - Sing Unto the Lord a new Song  - Winnipeg Fellowship.mp3" (RID 174).
2026/09/18 11:25:47 [decoder:2] Decoding "/var/azuracast/stations/evangile_du_royaume/media/Worship/70 - Sing Unto the Lord a new Song  - Winnipeg Fellowship.mp3" ended: Ffmpeg_decoder.End_of_file.
2026/09/18 11:25:48 [next_song:3] Prepared "/var/azuracast/stations/evangile_du_royaume/media/Jingle/jingle_id_station_02_radio_evangile_du_royaume.mp3" (RID 175).
2026/09/18 11:25:57 [decoder:2] Decoding "/var/azuracast/stations/evangile_du_royaume/media/Jingle/jingle_id_station_02_radio_evangile_du_royaume.mp3" ended: Ffmpeg_decoder.End_of_file.
2026/09/18 11:25:58 [next_song:3] Prepared "/var/azuracast/stations/evangile_du_royaume/media/La bible/amos_001.mp3" (RID 176).
2026/09/18 11:28:35 [decoder:2] Decoding "/var/azuracast/stations/evangile_du_royaume/media/La bible/amos_001.mp3" ended: Ffmpeg_decoder.End_of_file.
2026/09/18 11:28:35 [next_song:3] Prepared "/var/azuracast/stations/evangile_du_royaume/media/La bible/amos_002.mp3" (RID 177).
2026/09/18 11:31:03 [decoder:2] Decoding "/var/azuracast/stations/evangile_du_royaume/media/La bible/amos_002.mp3" ended: Ffmpeg_decoder.End_of_file.
2026/09/18 11:31:03 [next_song:3] Prepared "/var/azuracast/stations/evangile_du_royaume/media/La bible/amos_003.mp3" (RID 178).
2026/09/18 11:33:19 [decoder:2] Decoding "/var/azuracast/stations/evangile_du_royaume/media/La bible/amos_003.mp3" ended: Ffmpeg_decoder.End_of_file.
2026/09/18 11:33:20 [next_song:3] Prepared "/var/azuracast/stations/evangile_du_royaume/media/La bible/amos_004.mp3" (RID 179).
2026/09/18 11:36:00 [decoder:2] Decoding "/var/azuracast/stations/evangile_du_royaume/media/La bible/amos_004.mp3" ended: Ffmpeg_decoder.End_of_file.
2026/09/18 11:36:01 [next_song:3] Prepared "/var/azuracast/stations/evangile_du_royaume/media/La bible/amos_005.mp3" (RID 180).
2026/09/18 11:39:59 [decoder:2] Decoding "/var/azuracast/stations/evangile_du_royaume/media/La bible/amos_005.mp3" ended: Ffmpeg_decoder.End_of_file.
2026/09/18 11:40:00 [next_song:3] Prepared "/var/azuracast/stations/evangile_du_royaume/media/La bible/amos_006.mp3" (RID 181).
2026/09/18 11:42:18 [decoder:2] Decoding "/var/azuracast/stations/evangile_du_royaume/media/La bible/amos_006.mp3" ended: Ffmpeg_decoder.End_of_file.
2026/09/18 11:42:19 [next_song:3] Prepared "/var/azuracast/stations/evangile_du_royaume/media/La bible/amos_007.mp3" (RID 182).
2026/09/18 11:45:21 [decoder:2] Decoding "/var/azuracast/stations/evangile_du_royaume/media/La bible/amos_007.mp3" ended: Ffmpeg_decoder.End_of_file.
2026/09/18 11:45:21 [next_song:3] Prepared "/var/azuracast/stations/evangile_du_royaume/media/Jingle/jingle_musical_station_fm_parole_prophetique_02.mp3" (RID 183).
2026/09/18 11:45:30 [decoder:2] Decoding "/var/azuracast/stations/evangile_du_royaume/media/Jingle/jingle_musical_station_fm_parole_prophetique_02.mp3" ended: Ffmpeg_decoder.End_of_file.
2026/09/18 11:45:31 [next_song:3] Prepared "/var/azuracast/stations/evangile_du_royaume/media/Worship/16 - I Will Not Be Silent - Calabar HF.mp3" (RID 184).
2026/09/18 11:49:31 [decoder:2] Decoding "/var/azuracast/stations/evangile_du_royaume/media/Worship/16 - I Will Not Be Silent - Calabar HF.mp3" ended: Ffmpeg_decoder.End_of_file.
2026/09/18 11:49:31 [next_song:3] Prepared "/var/azuracast/stations/evangile_du_royaume/media/Worship/40 - I See Your Face - Toronto HF.mp3" (RID 185).
2026/09/18 11:58:52 [decoder:2] Decoding "/var/azuracast/stations/evangile_du_royaume/media/Worship/40 - I See Your Face - Toronto HF.mp3" ended: Ffmpeg_decoder.End_of_file.
2026/09/18 11:58:53 [next_song:3] Prepared "/var/azuracast/stations/evangile_du_royaume/media/Cantiques du royaume/Cantiques  Il a pris mes iniquités.mp3" (RID 186).
2026/09/18 12:06:26 [decoder:2] Decoding "/var/azuracast/stations/evangile_du_royaume/media/Cantiques du royaume/Cantiques  Il a pris mes iniquités.mp3" ended: Ffmpeg_decoder.End_of_file.
2026/09/18 12:06:27 [next_song:3] Prepared "/var/azuracast/stations/evangile_du_royaume/media/Jingle/jingle_avant_message_01_voici_le_message_du_jour.mp3" (RID 187).
2026/09/18 12:06:37 [decoder:2] Decoding "/var/azuracast/stations/evangile_du_royaume/media/Jingle/jingle_avant_message_01_voici_le_message_du_jour.mp3" ended: Ffmpeg_decoder.End_of_file.
2026/09/18 12:06:37 [next_song:3] Prepared "/var/azuracast/stations/evangile_du_royaume/media/amc_tian_combat_spirituel_3.mp3" (RID 188).
2026/09/18 12:15:58 [decoder:2] Decoding "/var/azuracast/stations/evangile_du_royaume/media/amc_tian_combat_spirituel_3.mp3" ended: Ffmpeg_decoder.End_of_file.
2026/09/18 12:15:58 [next_song:3] Prepared "/var/azuracast/stations/evangile_du_royaume/media/Jingle/jingle_avant_bible_06_ouvrons_les_saintes_ecritures.mp3" (RID 189).
2026/09/18 12:16:08 [decoder:2] Decoding "/var/azuracast/stations/evangile_du_royaume/media/Jingle/jingle_avant_bible_06_ouvrons_les_saintes_ecritures.mp3" ended: Ffmpeg_decoder.End_of_file.
2026/09/18 12:16:09 [next_song:3] Prepared "/var/azuracast/stations/evangile_du_royaume/media/La bible/ézéchiel_025.mp3" (RID 190).
2026/09/18 12:19:06 [decoder:2] Decoding "/var/azuracast/stations/evangile_du_royaume/media/La bible/ézéchiel_025.mp3" ended: Ffmpeg_decoder.End_of_file.
2026/09/18 12:19:06 [next_song:3] Prepared "/var/azuracast/stations/evangile_du_royaume/media/La bible/ézéchiel_026.mp3" (RID 191).
2026/09/18 12:20:03 [clock.main:2] We must catchup 1.11 seconds!
2026/09/18 12:20:04 [clock.main:2] We must catchup 1.89 seconds!
2026/09/18 12:20:05 [clock.main:2] We must catchup 2.64 seconds!
2026/09/18 12:20:06 [clock.main:2] We must catchup 3.24 seconds!
2026/09/18 12:20:07 [clock.main:2] We must catchup 1.27 seconds!
2026/09/18 12:22:49 [decoder:2] Decoding "/var/azuracast/stations/evangile_du_royaume/media/La bible/ézéchiel_026.mp3" ended: Ffmpeg_decoder.End_of_file.
2026/09/18 12:22:49 [next_song:3] Prepared "/var/azuracast/stations/evangile_du_royaume/media/La bible/ézéchiel_027.mp3" (RID 192).
2026/09/18 12:27:56 [decoder:2] Decoding "/var/azuracast/stations/evangile_du_royaume/media/La bible/ézéchiel_027.mp3" ended: Ffmpeg_decoder.End_of_file.
2026/09/18 12:27:57 [next_song:3] Prepared "/var/azuracast/stations/evangile_du_royaume/media/La bible/ézéchiel_028.mp3" (RID 193).
2026/09/18 12:32:17 [decoder:2] Decoding "/var/azuracast/stations/evangile_du_royaume/media/La bible/ézéchiel_028.mp3" ended: Ffmpeg_decoder.End_of_file.
2026/09/18 12:32:17 [next_song:3] Prepared "/var/azuracast/stations/evangile_du_royaume/media/La bible/ézéchiel_029.mp3" (RID 194).
2026/09/18 12:36:01 [decoder:2] Decoding "/var/azuracast/stations/evangile_du_royaume/media/La bible/ézéchiel_029.mp3" ended: Ffmpeg_decoder.End_of_file.
2026/09/18 12:36:02 [next_song:3] Prepared "/var/azuracast/stations/evangile_du_royaume/media/La bible/ézéchiel_030.mp3" (RID 195).
2026/09/18 12:39:57 [decoder:2] Decoding "/var/azuracast/stations/evangile_du_royaume/media/La bible/ézéchiel_030.mp3" ended: Ffmpeg_decoder.End_of_file.
2026/09/18 12:39:57 [next_song:3] Prepared "/var/azuracast/stations/evangile_du_royaume/media/La bible/ézéchiel_031.mp3" (RID 196).
2026/09/18 12:43:21 [decoder:2] Decoding "/var/azuracast/stations/evangile_du_royaume/media/La bible/ézéchiel_031.mp3" ended: Ffmpeg_decoder.End_of_file.
2026/09/18 12:43:22 [next_song:3] Prepared "/var/azuracast/stations/evangile_du_royaume/media/La bible/ézéchiel_032.mp3" (RID 197).
2026/09/18 12:48:47 [decoder:2] Decoding "/var/azuracast/stations/evangile_du_royaume/media/La bible/ézéchiel_032.mp3" ended: Ffmpeg_decoder.End_of_file.
2026/09/18 12:48:47 [next_song:3] Prepared "/var/azuracast/stations/evangile_du_royaume/media/La bible/ézéchiel_033.mp3" (RID 198).
2026/09/18 12:54:30 [decoder:2] Decoding "/var/azuracast/stations/evangile_du_royaume/media/La bible/ézéchiel_033.mp3" ended: Ffmpeg_decoder.End_of_file.
2026/09/18 12:54:30 [next_song:3] Prepared "/var/azuracast/stations/evangile_du_royaume/media/La bible/ézéchiel_034.mp3" (RID 199).
2026/09/18 12:59:49 [decoder:2] Decoding "/var/azuracast/stations/evangile_du_royaume/media/La bible/ézéchiel_034.mp3" ended: Ffmpeg_decoder.End_of_file.
2026/09/18 12:59:49 [next_song:3] Prepared "/var/azuracast/stations/evangile_du_royaume/media/La bible/ézéchiel_035.mp3" (RID 200).
2026/09/18 13:02:00 [decoder:2] Decoding "/var/azuracast/stations/evangile_du_royaume/media/La bible/ézéchiel_035.mp3" ended: Ffmpeg_decoder.End_of_file.
2026/09/18 13:02:00 [next_song:3] Prepared "/var/azuracast/stations/evangile_du_royaume/media/La bible/ézéchiel_036.mp3" (RID 201).
2026/09/18 13:08:21 [decoder:2] Decoding "/var/azuracast/stations/evangile_du_royaume/media/La bible/ézéchiel_036.mp3" ended: Ffmpeg_decoder.End_of_file.
2026/09/18 13:08:22 [next_song:3] Prepared "/var/azuracast/stations/evangile_du_royaume/media/La bible/ézéchiel_037.mp3" (RID 202).
2026/09/18 13:13:22 [decoder:2] Decoding "/var/azuracast/stations/evangile_du_royaume/media/La bible/ézéchiel_037.mp3" ended: Ffmpeg_decoder.End_of_file.
2026/09/18 13:13:22 [next_song:3] Prepared "/var/azuracast/stations/evangile_du_royaume/media/La bible/ézéchiel_038.mp3" (RID 203).
2026/09/18 13:17:32 [decoder:2] Decoding "/var/azuracast/stations/evangile_du_royaume/media/La bible/ézéchiel_038.mp3" ended: Ffmpeg_decoder.End_of_file.
2026/09/18 13:17:33 [next_song:3] Prepared "/var/azuracast/stations/evangile_du_royaume/media/Jingle/jingle_avant_louange_05_elevons_nos_coeurs_vers_dieu.mp3" (RID 204).
2026/09/18 13:17:43 [decoder:2] Decoding "/var/azuracast/stations/evangile_du_royaume/media/Jingle/jingle_avant_louange_05_elevons_nos_coeurs_vers_dieu.mp3" ended: Ffmpeg_decoder.End_of_file.
2026/09/18 13:17:44 [next_song:3] Prepared "/var/azuracast/stations/evangile_du_royaume/media/Cantiques du royaume/7-_gael_adorons_léternel.mp3" (RID 205).
2026/09/18 13:21:22 [decoder:2] Decoding "/var/azuracast/stations/evangile_du_royaume/media/Cantiques du royaume/7-_gael_adorons_léternel.mp3" ended: Ffmpeg_decoder.End_of_file.
2026/09/18 13:21:23 [next_song:3] Prepared "/var/azuracast/stations/evangile_du_royaume/media/Worship/91 - Ella Samuels - Oh Lord Our Maker.mp3" (RID 206).
2026/09/18 13:27:05 [decoder:2] Decoding "/var/azuracast/stations/evangile_du_royaume/media/Worship/91 - Ella Samuels - Oh Lord Our Maker.mp3" ended: Ffmpeg_decoder.End_of_file.
2026/09/18 13:27:05 [next_song:3] Prepared "/var/azuracast/stations/evangile_du_royaume/media/Worship/01 - There Is Forgiveness In Thee - SWBN TV.mp3" (RID 207).
2026/09/18 13:33:09 [decoder:2] Decoding "/var/azuracast/stations/evangile_du_royaume/media/Worship/01 - There Is Forgiveness In Thee - SWBN TV.mp3" ended: Ffmpeg_decoder.End_of_file.
2026/09/18 13:33:10 [next_song:3] Prepared "/var/azuracast/stations/evangile_du_royaume/media/Worship/03 - Agunechemba - SWBN TV.mp3" (RID 208).
2026/09/18 13:41:17 [decoder:2] Decoding "/var/azuracast/stations/evangile_du_royaume/media/Worship/03 - Agunechemba - SWBN TV.mp3" ended: Ffmpeg_decoder.End_of_file.
2026/09/18 13:41:18 [next_song:3] Prepared "/var/azuracast/stations/evangile_du_royaume/media/SWBN Lead Concert Live Worship/05 - Jesus I'm Waiting for You (Mary Umoh).mp3" (RID 209).
2026/09/18 13:47:05 [decoder:2] Decoding "/var/azuracast/stations/evangile_du_royaume/media/SWBN Lead Concert Live Worship/05 - Jesus I'm Waiting for You (Mary Umoh).mp3" ended: Ffmpeg_decoder.End_of_file.
2026/09/18 13:47:05 [next_song:3] Prepared "/var/azuracast/stations/evangile_du_royaume/media/Cantiques du royaume/jean-christ_-_6_minutes.mp3" (RID 210).
2026/09/18 13:53:43 [decoder:2] Decoding "/var/azuracast/stations/evangile_du_royaume/media/Cantiques du royaume/jean-christ_-_6_minutes.mp3" ended: Ffmpeg_decoder.End_of_file.
2026/09/18 13:53:43 [next_song:3] Prepared "/var/azuracast/stations/evangile_du_royaume/media/Worship/62 - All in All - CHF.mp3" (RID 211).
2026/09/18 13:58:20 [decoder:2] Decoding "/var/azuracast/stations/evangile_du_royaume/media/Worship/62 - All in All - CHF.mp3" ended: Ffmpeg_decoder.End_of_file.
2026/09/18 13:58:20 [next_song:3] Prepared "/var/azuracast/stations/evangile_du_royaume/media/Worship/27 - Forever You Reign - Abuja HF.mp3" (RID 212).
2026/09/18 14:04:05 [decoder:2] Decoding "/var/azuracast/stations/evangile_du_royaume/media/Worship/27 - Forever You Reign - Abuja HF.mp3" ended: Ffmpeg_decoder.End_of_file.
2026/09/18 14:04:06 [next_song:3] Prepared "/var/azuracast/stations/evangile_du_royaume/media/Worship/02 - There's A Mighty River Flowing - SWBN TV.mp3" (RID 213).
2026/09/18 14:08:23 [decoder:2] Decoding "/var/azuracast/stations/evangile_du_royaume/media/Worship/02 - There's A Mighty River Flowing - SWBN TV.mp3" ended: Ffmpeg_decoder.End_of_file.
2026/09/18 14:08:24 [next_song:3] Prepared "/var/azuracast/stations/evangile_du_royaume/media/Worship/45 - Now is Come Salvation - Toronto HF.mp3" (RID 214).
2026/09/18 14:13:39 [decoder:2] Decoding "/var/azuracast/stations/evangile_du_royaume/media/Worship/45 - Now is Come Salvation - Toronto HF.mp3" ended: Ffmpeg_decoder.End_of_file.
2026/09/18 14:13:40 [next_song:3] Prepared "/var/azuracast/stations/evangile_du_royaume/media/Worship/80 - I Will Call Upon The Lord.mp3" (RID 215).
2026/09/18 14:18:47 [decoder:2] Decoding "/var/azuracast/stations/evangile_du_royaume/media/Worship/80 - I Will Call Upon The Lord.mp3" ended: Ffmpeg_decoder.End_of_file.
2026/09/18 14:18:47 [next_song:3] Prepared "/var/azuracast/stations/evangile_du_royaume/media/Jingle/jingle_avant_bible_08_prenons_un_moment_pour_ecouter_la_parole.mp3" (RID 216).
2026/09/18 14:18:56 [decoder:2] Decoding "/var/azuracast/stations/evangile_du_royaume/media/Jingle/jingle_avant_bible_08_prenons_un_moment_pour_ecouter_la_parole.mp3" ended: Ffmpeg_decoder.End_of_file.
2026/09/18 14:18:57 [next_song:3] Prepared "/var/azuracast/stations/evangile_du_royaume/media/La bible/2_chroniques_024.mp3" (RID 217).
2026/09/18 14:24:02 [decoder:2] Decoding "/var/azuracast/stations/evangile_du_royaume/media/La bible/2_chroniques_024.mp3" ended: Ffmpeg_decoder.End_of_file.
2026/09/18 14:24:02 [next_song:3] Prepared "/var/azuracast/stations/evangile_du_royaume/media/La bible/2_chroniques_025.mp3" (RID 218).
2026/09/18 14:29:13 [decoder:2] Decoding "/var/azuracast/stations/evangile_du_royaume/media/La bible/2_chroniques_025.mp3" ended: Ffmpeg_decoder.End_of_file.
2026/09/18 14:29:13 [next_song:3] Prepared "/var/azuracast/stations/evangile_du_royaume/media/La bible/2_chroniques_026.mp3" (RID 219).
2026/09/18 14:33:14 [decoder:2] Decoding "/var/azuracast/stations/evangile_du_royaume/media/La bible/2_chroniques_026.mp3" ended: Ffmpeg_decoder.End_of_file.
2026/09/18 14:33:15 [next_song:3] Prepared "/var/azuracast/stations/evangile_du_royaume/media/La bible/2_chroniques_027.mp3" (RID 220).
2026/09/18 14:34:33 [decoder:2] Decoding "/var/azuracast/stations/evangile_du_royaume/media/La bible/2_chroniques_027.mp3" ended: Ffmpeg_decoder.End_of_file.
2026/09/18 14:34:33 [next_song:3] Prepared "/var/azuracast/stations/evangile_du_royaume/media/La bible/2_chroniques_028.mp3" (RID 221).
2026/09/18 14:39:25 [decoder:2] Decoding "/var/azuracast/stations/evangile_du_royaume/media/La bible/2_chroniques_028.mp3" ended: Ffmpeg_decoder.End_of_file.
2026/09/18 14:39:26 [next_song:3] Prepared "/var/azuracast/stations/evangile_du_royaume/media/La bible/2_chroniques_029.mp3" (RID 222).
2026/09/18 14:45:50 [decoder:2] Decoding "/var/azuracast/stations/evangile_du_royaume/media/La bible/2_chroniques_029.mp3" ended: Ffmpeg_decoder.End_of_file.
2026/09/18 14:45:51 [next_song:3] Prepared "/var/azuracast/stations/evangile_du_royaume/media/La bible/2_chroniques_030.mp3" (RID 223).
2026/09/18 14:50:50 [decoder:2] Decoding "/var/azuracast/stations/evangile_du_royaume/media/La bible/2_chroniques_030.mp3" ended: Ffmpeg_decoder.End_of_file.
2026/09/18 14:50:50 [next_song:3] Prepared "/var/azuracast/stations/evangile_du_royaume/media/Jingle/jingle_avant_louange_07_voici_un_temps_de_louange.mp3" (RID 224).
2026/09/18 14:51:03 [decoder:2] Decoding "/var/azuracast/stations/evangile_du_royaume/media/Jingle/jingle_avant_louange_07_voici_un_temps_de_louange.mp3" ended: Ffmpeg_decoder.End_of_file.
2026/09/18 14:51:04 [next_song:3] Prepared "/var/azuracast/stations/evangile_du_royaume/media/Cantiques du royaume/cantique__ta_bonte.mp3" (RID 225).
2026/09/18 14:57:07 [decoder:2] Decoding "/var/azuracast/stations/evangile_du_royaume/media/Cantiques du royaume/cantique__ta_bonte.mp3" ended: Ffmpeg_decoder.End_of_file.
2026/09/18 14:57:08 [next_song:3] Prepared "/var/azuracast/stations/evangile_du_royaume/media/Worship/74 - You are God - Winnipeg Fellowship.mp3" (RID 226).
2026/09/18 15:03:01 [decoder:2] Decoding "/var/azuracast/stations/evangile_du_royaume/media/Worship/74 - You are God - Winnipeg Fellowship.mp3" ended: Ffmpeg_decoder.End_of_file.
2026/09/18 15:03:02 [next_song:3] Prepared "/var/azuracast/stations/evangile_du_royaume/media/Cantiques du royaume/3-gabrielle_lidji_-_mélodie_céleste__by_lfxa(light_fx_animation)_2.mp3" (RID 227).
2026/09/18 15:08:18 [decoder:2] Decoding "/var/azuracast/stations/evangile_du_royaume/media/Cantiques du royaume/3-gabrielle_lidji_-_mélodie_céleste__by_lfxa(light_fx_animation)_2.mp3" ended: Ffmpeg_decoder.End_of_file.
2026/09/18 15:08:18 [next_song:3] Prepared "/var/azuracast/stations/evangile_du_royaume/media/Worship/19 - You're the Lamb - Calabar HF.mp3" (RID 228).
2026/09/18 15:17:19 [decoder:2] Decoding "/var/azuracast/stations/evangile_du_royaume/media/Worship/19 - You're the Lamb - Calabar HF.mp3" ended: Ffmpeg_decoder.End_of_file.
2026/09/18 15:17:20 [next_song:3] Prepared "/var/azuracast/stations/evangile_du_royaume/media/Worship/08 - I Enter The Holy of Holies - Port Harcourt HF.mp3" (RID 229).
2026/09/18 15:22:21 [decoder:2] Decoding "/var/azuracast/stations/evangile_du_royaume/media/Worship/08 - I Enter The Holy of Holies - Port Harcourt HF.mp3" ended: Ffmpeg_decoder.End_of_file.
2026/09/18 15:22:21 [next_song:3] Prepared "/var/azuracast/stations/evangile_du_royaume/media/Worship/56 - Hashem - PHF.mp3" (RID 230).
2026/09/18 15:34:11 [decoder:2] Decoding "/var/azuracast/stations/evangile_du_royaume/media/Worship/56 - Hashem - PHF.mp3" ended: Ffmpeg_decoder.End_of_file.
2026/09/18 15:34:11 [next_song:3] Prepared "/var/azuracast/stations/evangile_du_royaume/media/Cantiques du royaume/cantique__béni_soit_le_dieu_d_israël.mp3" (RID 231).
2026/09/18 15:40:42 [decoder:2] Decoding "/var/azuracast/stations/evangile_du_royaume/media/Cantiques du royaume/cantique__béni_soit_le_dieu_d_israël.mp3" ended: Ffmpeg_decoder.End_of_file.
2026/09/18 15:40:43 [next_song:3] Prepared "/var/azuracast/stations/evangile_du_royaume/media/Cantiques du royaume/cantique__tes_promesses__pub_direct_dec_2021_import_(2).mp3" (RID 232).
2026/09/18 15:47:57 [decoder:2] Decoding "/var/azuracast/stations/evangile_du_royaume/media/Cantiques du royaume/cantique__tes_promesses__pub_direct_dec_2021_import_(2).mp3" ended: Ffmpeg_decoder.End_of_file.
2026/09/18 15:47:58 [next_song:3] Prepared "/var/azuracast/stations/evangile_du_royaume/media/SWBN Lead Concert Live Worship/06 - Yahweh is Mighty (Imah Adegoke).mp3" (RID 233).
2026/09/18 15:55:52 [decoder:2] Decoding "/var/azuracast/stations/evangile_du_royaume/media/SWBN Lead Concert Live Worship/06 - Yahweh is Mighty (Imah Adegoke).mp3" ended: Ffmpeg_decoder.End_of_file.
2026/09/18 15:55:53 [next_song:3] Prepared "/var/azuracast/stations/evangile_du_royaume/media/Jingle/jingle_avant_bible_07_place_a_la_lecture_de_la_bible.mp3" (RID 234).
2026/09/18 15:56:06 [decoder:2] Decoding "/var/azuracast/stations/evangile_du_royaume/media/Jingle/jingle_avant_bible_07_place_a_la_lecture_de_la_bible.mp3" ended: Ffmpeg_decoder.End_of_file.
2026/09/18 15:56:06 [next_song:3] Prepared "/var/azuracast/stations/evangile_du_royaume/media/La bible/lévitique_015.mp3" (RID 235).
2026/09/18 16:00:40 [decoder:2] Decoding "/var/azuracast/stations/evangile_du_royaume/media/La bible/lévitique_015.mp3" ended: Ffmpeg_decoder.End_of_file.
2026/09/18 16:00:40 [next_song:3] Prepared "/var/azuracast/stations/evangile_du_royaume/media/La bible/lévitique_016.mp3" (RID 236).
2026/09/18 16:06:33 [decoder:2] Decoding "/var/azuracast/stations/evangile_du_royaume/media/La bible/lévitique_016.mp3" ended: Ffmpeg_decoder.End_of_file.
2026/09/18 16:06:33 [next_song:3] Prepared "/var/azuracast/stations/evangile_du_royaume/media/La bible/lévitique_017.mp3" (RID 237).
2026/09/18 16:09:14 [decoder:2] Decoding "/var/azuracast/stations/evangile_du_royaume/media/La bible/lévitique_017.mp3" ended: Ffmpeg_decoder.End_of_file.
2026/09/18 16:09:15 [next_song:3] Prepared "/var/azuracast/stations/evangile_du_royaume/media/La bible/lévitique_018.mp3" (RID 238).
2026/09/18 16:13:05 [decoder:2] Decoding "/var/azuracast/stations/evangile_du_royaume/media/La bible/lévitique_018.mp3" ended: Ffmpeg_decoder.End_of_file.
2026/09/18 16:13:06 [next_song:3] Prepared "/var/azuracast/stations/evangile_du_royaume/media/La bible/lévitique_019.mp3" (RID 239).
2026/09/18 16:18:39 [decoder:2] Decoding "/var/azuracast/stations/evangile_du_royaume/media/La bible/lévitique_019.mp3" ended: Ffmpeg_decoder.End_of_file.
2026/09/18 16:18:40 [next_song:3] Prepared "/var/azuracast/stations/evangile_du_royaume/media/La bible/lévitique_020.mp3" (RID 240).
2026/09/18 16:23:12 [decoder:2] Decoding "/var/azuracast/stations/evangile_du_royaume/media/La bible/lévitique_020.mp3" ended: Ffmpeg_decoder.End_of_file.
2026/09/18 16:23:12 [next_song:3] Prepared "/var/azuracast/stations/evangile_du_royaume/media/La bible/lévitique_021.mp3" (RID 241).
2026/09/18 16:26:34 [decoder:2] Decoding "/var/azuracast/stations/evangile_du_royaume/media/La bible/lévitique_021.mp3" ended: Ffmpeg_decoder.End_of_file.
2026/09/18 16:26:34 [next_song:3] Prepared "/var/azuracast/stations/evangile_du_royaume/media/La bible/lévitique_022.mp3" (RID 242).
2026/09/18 16:31:37 [decoder:2] Decoding "/var/azuracast/stations/evangile_du_royaume/media/La bible/lévitique_022.mp3" ended: Ffmpeg_decoder.End_of_file.
2026/09/18 16:31:37 [next_song:3] Prepared "/var/azuracast/stations/evangile_du_royaume/media/La bible/lévitique_023.mp3" (RID 243).
2026/09/18 16:38:32 [decoder:2] Decoding "/var/azuracast/stations/evangile_du_royaume/media/La bible/lévitique_023.mp3" ended: Ffmpeg_decoder.End_of_file.
2026/09/18 16:38:33 [next_song:3] Prepared "/var/azuracast/stations/evangile_du_royaume/media/La bible/lévitique_024.mp3" (RID 244).
2026/09/18 16:41:41 [decoder:2] Decoding "/var/azuracast/stations/evangile_du_royaume/media/La bible/lévitique_024.mp3" ended: Ffmpeg_decoder.End_of_file.
2026/09/18 16:41:41 [next_song:3] Prepared "/var/azuracast/stations/evangile_du_royaume/media/Jingle/jingle_avant_louange_06_que_la_louange_seleve.mp3" (RID 245).
2026/09/18 16:41:52 [decoder:2] Decoding "/var/azuracast/stations/evangile_du_royaume/media/Jingle/jingle_avant_louange_06_que_la_louange_seleve.mp3" ended: Ffmpeg_decoder.End_of_file.
2026/09/18 16:41:52 [next_song:3] Prepared "/var/azuracast/stations/evangile_du_royaume/media/Worship/78 - Crown Him Lord of Lords - Nonso Njoku.mp3" (RID 246).
2026/09/18 16:47:51 [decoder:2] Decoding "/var/azuracast/stations/evangile_du_royaume/media/Worship/78 - Crown Him Lord of Lords - Nonso Njoku.mp3" ended: Ffmpeg_decoder.End_of_file.
2026/09/18 16:47:52 [next_song:3] Prepared "/var/azuracast/stations/evangile_du_royaume/media/Worship/57 - Holy Are You - PHF.mp3" (RID 247).
2026/09/18 16:58:14 [decoder:2] Decoding "/var/azuracast/stations/evangile_du_royaume/media/Worship/57 - Holy Are You - PHF.mp3" ended: Ffmpeg_decoder.End_of_file.
2026/09/18 16:58:15 [next_song:3] Prepared "/var/azuracast/stations/evangile_du_royaume/media/Worship/90 - Bless Ye the Lord - PHF.mp3" (RID 248).
2026/09/18 17:06:35 [decoder:2] Decoding "/var/azuracast/stations/evangile_du_royaume/media/Worship/90 - Bless Ye the Lord - PHF.mp3" ended: Ffmpeg_decoder.End_of_file.
2026/09/18 17:06:36 [next_song:3] Prepared "/var/azuracast/stations/evangile_du_royaume/media/Worship/23 - Guide Me - El ELyon - Abuja HF.mp3" (RID 249).
2026/09/18 17:11:37 [decoder:2] Decoding "/var/azuracast/stations/evangile_du_royaume/media/Worship/23 - Guide Me - El ELyon - Abuja HF.mp3" ended: Ffmpeg_decoder.End_of_file.
2026/09/18 17:11:38 [next_song:3] Prepared "/var/azuracast/stations/evangile_du_royaume/media/Worship/47 - You Are the Captain of the Host - Toronto HF.mp3" (RID 250).
2026/09/18 17:14:32 [decoder:2] Decoding "/var/azuracast/stations/evangile_du_royaume/media/Worship/47 - You Are the Captain of the Host - Toronto HF.mp3" ended: Ffmpeg_decoder.End_of_file.
2026/09/18 17:14:32 [next_song:3] Prepared "/var/azuracast/stations/evangile_du_royaume/media/Cantiques du royaume/cantique_-_jai_donné_ma_vie_à_jésus_(1).mp3" (RID 251).
2026/09/18 17:18:40 [decoder:2] Decoding "/var/azuracast/stations/evangile_du_royaume/media/Cantiques du royaume/cantique_-_jai_donné_ma_vie_à_jésus_(1).mp3" ended: Ffmpeg_decoder.End_of_file.
2026/09/18 17:18:41 [next_song:3] Prepared "/var/azuracast/stations/evangile_du_royaume/media/Cantiques du royaume/Cantique l_Éternel est mon Berger (1).mp3" (RID 252).
2026/09/18 17:24:21 [decoder:2] Decoding "/var/azuracast/stations/evangile_du_royaume/media/Cantiques du royaume/Cantique l_Éternel est mon Berger (1).mp3" ended: Ffmpeg_decoder.End_of_file.
2026/09/18 17:24:21 [next_song:3] Prepared "/var/azuracast/stations/evangile_du_royaume/media/Cantiques du royaume/4-_resurrection_ses_cheveux_étaient_blancs.mp3" (RID 253).
2026/09/18 17:27:40 [decoder:2] Decoding "/var/azuracast/stations/evangile_du_royaume/media/Cantiques du royaume/4-_resurrection_ses_cheveux_étaient_blancs.mp3" ended: Ffmpeg_decoder.End_of_file.
2026/09/18 17:27:41 [next_song:3] Prepared "/var/azuracast/stations/evangile_du_royaume/media/Worship/89 - I Know The Blood - PHF.mp3" (RID 254).
2026/09/18 17:31:56 [decoder:2] Decoding "/var/azuracast/stations/evangile_du_royaume/media/Worship/89 - I Know The Blood - PHF.mp3" ended: Ffmpeg_decoder.End_of_file.
2026/09/18 17:31:57 [next_song:3] Prepared "/var/azuracast/stations/evangile_du_royaume/media/Worship/58 - Rejoice - PHF.mp3" (RID 255).
2026/09/18 17:37:56 [decoder:2] Decoding "/var/azuracast/stations/evangile_du_royaume/media/Worship/58 - Rejoice - PHF.mp3" ended: Ffmpeg_decoder.End_of_file.
2026/09/18 17:37:57 [next_song:3] Prepared "/var/azuracast/stations/evangile_du_royaume/media/Worship/82 - A Song Of Love.mp3" (RID 256).
2026/09/18 17:42:56 [decoder:2] Decoding "/var/azuracast/stations/evangile_du_royaume/media/Worship/82 - A Song Of Love.mp3" ended: Ffmpeg_decoder.End_of_file.
2026/09/18 17:42:56 [next_song:3] Prepared "/var/azuracast/stations/evangile_du_royaume/media/Jingle/jingle_musical_station_fm_parole_prophetique_02.mp3" (RID 257).
2026/09/18 17:43:06 [decoder:2] Decoding "/var/azuracast/stations/evangile_du_royaume/media/Jingle/jingle_musical_station_fm_parole_prophetique_02.mp3" ended: Ffmpeg_decoder.End_of_file.
2026/09/18 17:43:06 [next_song:3] Prepared "/var/azuracast/stations/evangile_du_royaume/media/La bible/deutéronome_023.mp3" (RID 258).
2026/09/18 17:46:47 [decoder:2] Decoding "/var/azuracast/stations/evangile_du_royaume/media/La bible/deutéronome_023.mp3" ended: Ffmpeg_decoder.End_of_file.
2026/09/18 17:46:47 [next_song:3] Prepared "/var/azuracast/stations/evangile_du_royaume/media/La bible/deutéronome_024.mp3" (RID 259).
2026/09/18 17:50:26 [decoder:2] Decoding "/var/azuracast/stations/evangile_du_royaume/media/La bible/deutéronome_024.mp3" ended: Ffmpeg_decoder.End_of_file.
2026/09/18 17:50:27 [next_song:3] Prepared "/var/azuracast/stations/evangile_du_royaume/media/La bible/deutéronome_025.mp3" (RID 260).
2026/09/18 17:53:25 [decoder:2] Decoding "/var/azuracast/stations/evangile_du_royaume/media/La bible/deutéronome_025.mp3" ended: Ffmpeg_decoder.End_of_file.
2026/09/18 17:53:26 [next_song:3] Prepared "/var/azuracast/stations/evangile_du_royaume/media/La bible/deutéronome_026.mp3" (RID 261).
2026/09/18 17:57:05 [decoder:2] Decoding "/var/azuracast/stations/evangile_du_royaume/media/La bible/deutéronome_026.mp3" ended: Ffmpeg_decoder.End_of_file.
2026/09/18 17:57:05 [next_song:3] Prepared "/var/azuracast/stations/evangile_du_royaume/media/La bible/deutéronome_027.mp3" (RID 262).
2026/09/18 18:00:44 [decoder:2] Decoding "/var/azuracast/stations/evangile_du_royaume/media/La bible/deutéronome_027.mp3" ended: Ffmpeg_decoder.End_of_file.
2026/09/18 18:00:45 [next_song:3] Prepared "/var/azuracast/stations/evangile_du_royaume/media/Jingle/jingle_avant_message_04_bienvenue_sur_parole_prophetique_fm.mp3" (RID 263).
2026/09/18 18:00:55 [decoder:2] Decoding "/var/azuracast/stations/evangile_du_royaume/media/Jingle/jingle_avant_message_04_bienvenue_sur_parole_prophetique_fm.mp3" ended: Ffmpeg_decoder.End_of_file.
2026/09/18 18:00:55 [next_song:3] Prepared "/var/azuracast/stations/evangile_du_royaume/media/amc_tian_combat_spirituel_3.mp3" (RID 264).
2026/09/18 18:10:15 [decoder:2] Decoding "/var/azuracast/stations/evangile_du_royaume/media/amc_tian_combat_spirituel_3.mp3" ended: Ffmpeg_decoder.End_of_file.
2026/09/18 18:10:16 [next_song:3] Prepared "/var/azuracast/stations/evangile_du_royaume/media/Jingle/jingle_avant_bible_06_ouvrons_les_saintes_ecritures.mp3" (RID 265).
2026/09/18 18:10:26 [decoder:2] Decoding "/var/azuracast/stations/evangile_du_royaume/media/Jingle/jingle_avant_bible_06_ouvrons_les_saintes_ecritures.mp3" ended: Ffmpeg_decoder.End_of_file.
2026/09/18 18:10:27 [next_song:3] Prepared "/var/azuracast/stations/evangile_du_royaume/media/La bible/apocalypse_001.mp3" (RID 266).
2026/09/18 18:14:20 [decoder:2] Decoding "/var/azuracast/stations/evangile_du_royaume/media/La bible/apocalypse_001.mp3" ended: Ffmpeg_decoder.End_of_file.
2026/09/18 18:14:21 [next_song:3] Prepared "/var/azuracast/stations/evangile_du_royaume/media/La bible/apocalypse_002.mp3" (RID 267).
2026/09/18 18:19:41 [decoder:2] Decoding "/var/azuracast/stations/evangile_du_royaume/media/La bible/apocalypse_002.mp3" ended: Ffmpeg_decoder.End_of_file.
2026/09/18 18:19:41 [next_song:3] Prepared "/var/azuracast/stations/evangile_du_royaume/media/La bible/apocalypse_003.mp3" (RID 268).
2026/09/18 18:23:54 [decoder:2] Decoding "/var/azuracast/stations/evangile_du_royaume/media/La bible/apocalypse_003.mp3" ended: Ffmpeg_decoder.End_of_file.
2026/09/18 18:23:55 [next_song:3] Prepared "/var/azuracast/stations/evangile_du_royaume/media/La bible/apocalypse_004.mp3" (RID 269).
2026/09/18 18:26:23 [decoder:2] Decoding "/var/azuracast/stations/evangile_du_royaume/media/La bible/apocalypse_004.mp3" ended: Ffmpeg_decoder.End_of_file.
2026/09/18 18:26:24 [next_song:3] Prepared "/var/azuracast/stations/evangile_du_royaume/media/La bible/apocalypse_005.mp3" (RID 270).
2026/09/18 18:29:12 [decoder:2] Decoding "/var/azuracast/stations/evangile_du_royaume/media/La bible/apocalypse_005.mp3" ended: Ffmpeg_decoder.End_of_file.
2026/09/18 18:29:12 [next_song:3] Prepared "/var/azuracast/stations/evangile_du_royaume/media/La bible/apocalypse_006.mp3" (RID 271).
2026/09/18 18:32:43 [decoder:2] Decoding "/var/azuracast/stations/evangile_du_royaume/media/La bible/apocalypse_006.mp3" ended: Ffmpeg_decoder.End_of_file.
2026/09/18 18:32:43 [next_song:3] Prepared "/var/azuracast/stations/evangile_du_royaume/media/La bible/apocalypse_007.mp3" (RID 272).
2026/09/18 18:35:54 [decoder:2] Decoding "/var/azuracast/stations/evangile_du_royaume/media/La bible/apocalypse_007.mp3" ended: Ffmpeg_decoder.End_of_file.
2026/09/18 18:35:55 [next_song:3] Prepared "/var/azuracast/stations/evangile_du_royaume/media/La bible/apocalypse_008.mp3" (RID 273).
2026/09/18 18:38:27 [decoder:2] Decoding "/var/azuracast/stations/evangile_du_royaume/media/La bible/apocalypse_008.mp3" ended: Ffmpeg_decoder.End_of_file.
2026/09/18 18:38:28 [next_song:3] Prepared "/var/azuracast/stations/evangile_du_royaume/media/La bible/apocalypse_009.mp3" (RID 274).
2026/09/18 18:42:15 [decoder:2] Decoding "/var/azuracast/stations/evangile_du_royaume/media/La bible/apocalypse_009.mp3" ended: Ffmpeg_decoder.End_of_file.
2026/09/18 18:42:16 [next_song:3] Prepared "/var/azuracast/stations/evangile_du_royaume/media/La bible/apocalypse_010.mp3" (RID 275).
2026/09/18 18:44:26 [decoder:2] Decoding "/var/azuracast/stations/evangile_du_royaume/media/La bible/apocalypse_010.mp3" ended: Ffmpeg_decoder.End_of_file.
2026/09/18 18:44:27 [next_song:3] Prepared "/var/azuracast/stations/evangile_du_royaume/media/La bible/apocalypse_011.mp3" (RID 276).
2026/09/18 18:48:16 [decoder:2] Decoding "/var/azuracast/stations/evangile_du_royaume/media/La bible/apocalypse_011.mp3" ended: Ffmpeg_decoder.End_of_file.
2026/09/18 18:48:16 [next_song:3] Prepared "/var/azuracast/stations/evangile_du_royaume/media/La bible/apocalypse_012.mp3" (RID 277).
2026/09/18 18:51:35 [decoder:2] Decoding "/var/azuracast/stations/evangile_du_royaume/media/La bible/apocalypse_012.mp3" ended: Ffmpeg_decoder.End_of_file.
2026/09/18 18:51:35 [next_song:3] Prepared "/var/azuracast/stations/evangile_du_royaume/media/La bible/apocalypse_013.mp3" (RID 278).
2026/09/18 18:55:05 [decoder:2] Decoding "/var/azuracast/stations/evangile_du_royaume/media/La bible/apocalypse_013.mp3" ended: Ffmpeg_decoder.End_of_file.
2026/09/18 18:55:05 [next_song:3] Prepared "/var/azuracast/stations/evangile_du_royaume/media/La bible/apocalypse_014.mp3" (RID 279).
2026/09/18 18:59:28 [decoder:2] Decoding "/var/azuracast/stations/evangile_du_royaume/media/La bible/apocalypse_014.mp3" ended: Ffmpeg_decoder.End_of_file.
2026/09/18 18:59:28 [next_song:3] Prepared "/var/azuracast/stations/evangile_du_royaume/media/La bible/apocalypse_015.mp3" (RID 280).
2026/09/18 19:01:03 [decoder:2] Decoding "/var/azuracast/stations/evangile_du_royaume/media/La bible/apocalypse_015.mp3" ended: Ffmpeg_decoder.End_of_file.
2026/09/18 19:01:04 [next_song:3] Prepared "/var/azuracast/stations/evangile_du_royaume/media/La bible/apocalypse_016.mp3" (RID 281).
2026/09/18 19:04:31 [decoder:2] Decoding "/var/azuracast/stations/evangile_du_royaume/media/La bible/apocalypse_016.mp3" ended: Ffmpeg_decoder.End_of_file.
2026/09/18 19:04:31 [next_song:3] Prepared "/var/azuracast/stations/evangile_du_royaume/media/Jingle/jingle_avant_louange_06_que_la_louange_seleve.mp3" (RID 282).
2026/09/18 19:04:42 [decoder:2] Decoding "/var/azuracast/stations/evangile_du_royaume/media/Jingle/jingle_avant_louange_06_que_la_louange_seleve.mp3" ended: Ffmpeg_decoder.End_of_file.
2026/09/18 19:04:42 [next_song:3] Prepared "/var/azuracast/stations/evangile_du_royaume/media/Worship/59 - Ascribe Greatness - PHF.mp3" (RID 283).
2026/09/18 19:08:43 [decoder:2] Decoding "/var/azuracast/stations/evangile_du_royaume/media/Worship/59 - Ascribe Greatness - PHF.mp3" ended: Ffmpeg_decoder.End_of_file.
2026/09/18 19:08:43 [next_song:3] Prepared "/var/azuracast/stations/evangile_du_royaume/media/Worship/54 - He Has Given Me - PHF.mp3" (RID 284).
2026/09/18 19:13:49 [decoder:2] Decoding "/var/azuracast/stations/evangile_du_royaume/media/Worship/54 - He Has Given Me - PHF.mp3" ended: Ffmpeg_decoder.End_of_file.
2026/09/18 19:13:49 [next_song:3] Prepared "/var/azuracast/stations/evangile_du_royaume/media/Worship/34 - Great and Marvellous - Ketu HF.mp3" (RID 285).
2026/09/18 19:21:56 [decoder:2] Decoding "/var/azuracast/stations/evangile_du_royaume/media/Worship/34 - Great and Marvellous - Ketu HF.mp3" ended: Ffmpeg_decoder.End_of_file.
2026/09/18 19:21:57 [next_song:3] Prepared "/var/azuracast/stations/evangile_du_royaume/media/Worship/14 - Great & Marvelluos - Toronto HF.mp3" (RID 286).
2026/09/18 19:33:48 [decoder:2] Decoding "/var/azuracast/stations/evangile_du_royaume/media/Worship/14 - Great & Marvelluos - Toronto HF.mp3" ended: Ffmpeg_decoder.End_of_file.
2026/09/18 19:33:48 [next_song:3] Prepared "/var/azuracast/stations/evangile_du_royaume/media/Worship/33 - By the word of the lord - Ketu HF.mp3" (RID 287).
