2026/07/30 00:00:03 [clock.main:2] We must catchup 1.00 seconds!
2026/07/30 00:00:04 [clock.main:2] We must catchup 1.36 seconds!
2026/07/30 00:00:05 [clock.main:2] We must catchup 1.04 seconds!
2026/07/30 00:01:23 [lang.deprecated:2] WARNING: "map_metadata" is deprecated and will be removed in future version. Please use "metadata.map" instead.
2026/07/30 00:01:23 [lang.deprecated:2] WARNING: "map_metadata" is deprecated and will be removed in future version. Please use "metadata.map" instead.
2026/07/30 00:01:23 [error_jingle:3] "/usr/local/share/icecast/web/error.mp3" is static, resolving once for all...
2026/07/30 00:01:23 [error_jingle:3] Prepared "/usr/local/share/icecast/web/error.mp3" (RID 6).
2026/07/30 00:01:24 [safe_fallback:3] Switch to error_jingle.
2026/07/30 00:01:24 [playlist_000_transition:3] Prepared "/var/azuracast/stations/evangile_du_royaume/media/jingles_de_transition_1.mp3" (RID 11).
2026/07/30 00:01:24 [safe_fallback:3] Switch to amplify_0 with transition.
2026/07/30 00:01:24 [live_fallback:3] Switch to cross_0.
2026/07/30 00:01:24 [interrupting_fallback:3] Switch to requests_fallback.
2026/07/30 00:01:24 [requests_fallback:3] Switch to autodj_fallback.
2026/07/30 00:01:24 [autodj_fallback:3] Switch to schedule_switch.
2026/07/30 00:01:24 [schedule_switch:3] Switch to metadata.map_0.
2026/07/30 00:01:35 [next_song:3] Prepared "/var/azuracast/stations/evangile_du_royaume/media/jingles_de_transition_3.mp3" (RID 14).
2026/07/30 00:02:59 [decoder:2] Decoding "/var/azuracast/stations/evangile_du_royaume/media/jingles_de_transition_1.mp3" ended: Ffmpeg_decoder.End_of_file.
2026/07/30 00:03:00 [playlist_bloc_a_serie_du_jour:3] Prepared "/var/azuracast/stations/evangile_du_royaume/media/Jingle/jingle_avant_message_05_vous_etes_a_lecoute_de_levangile_du_royaume.mp3" (RID 7).
2026/07/30 00:03:00 [schedule_switch:3] Switch to cue_playlist_bloc_a_serie_du_jour with forgetful transition.
2026/07/30 00:03:00 [autodj_fallback:3] Switch to dynamic_startup with forgetful transition.
2026/07/30 00:03:00 [dynamic_startup:3] Switch to cue_next_song.
2026/07/30 00:05:12 [decoder:2] Decoding "/var/azuracast/stations/evangile_du_royaume/media/jingles_de_transition_3.mp3" ended: Ffmpeg_decoder.End_of_file.
2026/07/30 00:05:12 [next_song:3] Prepared "/var/azuracast/stations/evangile_du_royaume/media/Jingle/jingle_avant_message_05_vous_etes_a_lecoute_de_levangile_du_royaume.mp3" (RID 15).
2026/07/30 00:05:20 [decoder:2] Decoding "/var/azuracast/stations/evangile_du_royaume/media/Jingle/jingle_avant_message_05_vous_etes_a_lecoute_de_levangile_du_royaume.mp3" ended: Ffmpeg_decoder.End_of_file.
2026/07/30 00:05:21 [next_song:3] Prepared "/var/azuracast/stations/evangile_du_royaume/media/legre_1_la_vie_des_œuvres_et_la_vie_de_lesprit.mp3" (RID 16).
2026/07/30 01:11:06 [decoder:2] Decoding "/var/azuracast/stations/evangile_du_royaume/media/legre_1_la_vie_des_œuvres_et_la_vie_de_lesprit.mp3" ended: Ffmpeg_decoder.End_of_file.
2026/07/30 01:11:07 [next_song:3] Prepared "/var/azuracast/stations/evangile_du_royaume/media/Jingle/jingle_avant_bible_07_place_a_la_lecture_de_la_bible.mp3" (RID 17).
2026/07/30 01:11:17 [decoder:2] Decoding "/var/azuracast/stations/evangile_du_royaume/media/Jingle/jingle_avant_bible_07_place_a_la_lecture_de_la_bible.mp3" ended: Ffmpeg_decoder.End_of_file.
2026/07/30 01:11:17 [next_song:3] Prepared "/var/azuracast/stations/evangile_du_royaume/media/La bible/2_rois_024.mp3" (RID 18).
2026/07/30 01:14:39 [decoder:2] Decoding "/var/azuracast/stations/evangile_du_royaume/media/La bible/2_rois_024.mp3" ended: Ffmpeg_decoder.End_of_file.
2026/07/30 01:14:40 [next_song:3] Prepared "/var/azuracast/stations/evangile_du_royaume/media/La bible/2_rois_025.mp3" (RID 19).
2026/07/30 01:20:08 [decoder:2] Decoding "/var/azuracast/stations/evangile_du_royaume/media/La bible/2_rois_025.mp3" ended: Ffmpeg_decoder.End_of_file.
2026/07/30 01:20:09 [next_song:3] Prepared "/var/azuracast/stations/evangile_du_royaume/media/La bible/jérémie_043.mp3" (RID 20).
2026/07/30 01:22:40 [decoder:2] Decoding "/var/azuracast/stations/evangile_du_royaume/media/La bible/jérémie_043.mp3" ended: Ffmpeg_decoder.End_of_file.
2026/07/30 01:22:41 [next_song:3] Prepared "/var/azuracast/stations/evangile_du_royaume/media/La bible/jérémie_044.mp3" (RID 21).
2026/07/30 01:29:21 [decoder:2] Decoding "/var/azuracast/stations/evangile_du_royaume/media/La bible/jérémie_044.mp3" ended: Ffmpeg_decoder.End_of_file.
2026/07/30 01:29:22 [next_song:3] Prepared "/var/azuracast/stations/evangile_du_royaume/media/La bible/jérémie_045.mp3" (RID 22).
2026/07/30 01:30:20 [decoder:2] Decoding "/var/azuracast/stations/evangile_du_royaume/media/La bible/jérémie_045.mp3" ended: Ffmpeg_decoder.End_of_file.
2026/07/30 01:30:21 [next_song:3] Prepared "/var/azuracast/stations/evangile_du_royaume/media/La bible/jérémie_046.mp3" (RID 23).
2026/07/30 01:35:27 [decoder:2] Decoding "/var/azuracast/stations/evangile_du_royaume/media/La bible/jérémie_046.mp3" ended: Ffmpeg_decoder.End_of_file.
2026/07/30 01:35:27 [next_song:3] Prepared "/var/azuracast/stations/evangile_du_royaume/media/La bible/jérémie_047.mp3" (RID 24).
2026/07/30 01:36:43 [decoder:2] Decoding "/var/azuracast/stations/evangile_du_royaume/media/La bible/jérémie_047.mp3" ended: Ffmpeg_decoder.End_of_file.
2026/07/30 01:36:44 [next_song:3] Prepared "/var/azuracast/stations/evangile_du_royaume/media/La bible/jérémie_048.mp3" (RID 25).
2026/07/30 01:43:38 [decoder:2] Decoding "/var/azuracast/stations/evangile_du_royaume/media/La bible/jérémie_048.mp3" ended: Ffmpeg_decoder.End_of_file.
2026/07/30 01:43:38 [next_song:3] Prepared "/var/azuracast/stations/evangile_du_royaume/media/La bible/jérémie_049.mp3" (RID 26).
2026/07/30 01:50:34 [decoder:2] Decoding "/var/azuracast/stations/evangile_du_royaume/media/La bible/jérémie_049.mp3" ended: Ffmpeg_decoder.End_of_file.
2026/07/30 01:50:34 [next_song:3] Prepared "/var/azuracast/stations/evangile_du_royaume/media/La bible/jérémie_050.mp3" (RID 27).
2026/07/30 01:58:40 [decoder:2] Decoding "/var/azuracast/stations/evangile_du_royaume/media/La bible/jérémie_050.mp3" ended: Ffmpeg_decoder.End_of_file.
2026/07/30 01:58:40 [next_song:3] Prepared "/var/azuracast/stations/evangile_du_royaume/media/La bible/jérémie_051.mp3" (RID 28).
2026/07/30 02:09:09 [decoder:2] Decoding "/var/azuracast/stations/evangile_du_royaume/media/La bible/jérémie_051.mp3" ended: Ffmpeg_decoder.End_of_file.
2026/07/30 02:09:10 [next_song:3] Prepared "/var/azuracast/stations/evangile_du_royaume/media/Jingle/jingle_avant_louange_06_que_la_louange_seleve.mp3" (RID 29).
2026/07/30 02:09:17 [decoder:2] Decoding "/var/azuracast/stations/evangile_du_royaume/media/Jingle/jingle_avant_louange_06_que_la_louange_seleve.mp3" ended: Ffmpeg_decoder.End_of_file.
2026/07/30 02:09:17 [next_song:3] Prepared "/var/azuracast/stations/evangile_du_royaume/media/SWBN Lead Concert Live Worship/05 - Jesus I'm Waiting for You (Mary Umoh).mp3" (RID 30).
2026/07/30 02:15:04 [decoder:2] Decoding "/var/azuracast/stations/evangile_du_royaume/media/SWBN Lead Concert Live Worship/05 - Jesus I'm Waiting for You (Mary Umoh).mp3" ended: Ffmpeg_decoder.End_of_file.
2026/07/30 02:15:05 [next_song:3] Prepared "/var/azuracast/stations/evangile_du_royaume/media/Worship/11 - Hosanna - Toronto HF.mp3" (RID 31).
2026/07/30 02:22:01 [decoder:2] Decoding "/var/azuracast/stations/evangile_du_royaume/media/Worship/11 - Hosanna - Toronto HF.mp3" ended: Ffmpeg_decoder.End_of_file.
2026/07/30 02:22:01 [next_song:3] Prepared "/var/azuracast/stations/evangile_du_royaume/media/Cantiques du royaume/Cantiques  Il a pris mes iniquités.mp3" (RID 32).
2026/07/30 02:29:35 [decoder:2] Decoding "/var/azuracast/stations/evangile_du_royaume/media/Cantiques du royaume/Cantiques  Il a pris mes iniquités.mp3" ended: Ffmpeg_decoder.End_of_file.
2026/07/30 02:29:35 [next_song:3] Prepared "/var/azuracast/stations/evangile_du_royaume/media/SWBN Lead Concert Live Worship/02 - Unto Him (Vincent Opara).mp3" (RID 33).
2026/07/30 02:38:13 [decoder:2] Decoding "/var/azuracast/stations/evangile_du_royaume/media/SWBN Lead Concert Live Worship/02 - Unto Him (Vincent Opara).mp3" ended: Ffmpeg_decoder.End_of_file.
2026/07/30 02:38:14 [next_song:3] Prepared "/var/azuracast/stations/evangile_du_royaume/media/Worship/58 - Rejoice - PHF.mp3" (RID 34).
2026/07/30 02:44:13 [decoder:2] Decoding "/var/azuracast/stations/evangile_du_royaume/media/Worship/58 - Rejoice - PHF.mp3" ended: Ffmpeg_decoder.End_of_file.
2026/07/30 02:44:13 [next_song:3] Prepared "/var/azuracast/stations/evangile_du_royaume/media/Cantiques du royaume/cantique___il_s_est_lui-même_humilié.mp3" (RID 35).
2026/07/30 02:49:38 [decoder:2] Decoding "/var/azuracast/stations/evangile_du_royaume/media/Cantiques du royaume/cantique___il_s_est_lui-même_humilié.mp3" ended: Ffmpeg_decoder.End_of_file.
2026/07/30 02:49:39 [next_song:3] Prepared "/var/azuracast/stations/evangile_du_royaume/media/Worship/42 - God is Building - Will You Be - Ketu HF.mp3" (RID 36).
2026/07/30 02:54:09 [decoder:2] Decoding "/var/azuracast/stations/evangile_du_royaume/media/Worship/42 - God is Building - Will You Be - Ketu HF.mp3" ended: Ffmpeg_decoder.End_of_file.
2026/07/30 02:54:10 [next_song:3] Prepared "/var/azuracast/stations/evangile_du_royaume/media/Worship/49 - We Worship Adonai - PHF.mp3" (RID 37).
2026/07/30 03:02:37 [decoder:2] Decoding "/var/azuracast/stations/evangile_du_royaume/media/Worship/49 - We Worship Adonai - PHF.mp3" ended: Ffmpeg_decoder.End_of_file.
2026/07/30 03:02:37 [next_song:3] Prepared "/var/azuracast/stations/evangile_du_royaume/media/Jingle/jingle_avant_bible_08_prenons_un_moment_pour_ecouter_la_parole.mp3" (RID 38).
2026/07/30 03:02:44 [decoder:2] Decoding "/var/azuracast/stations/evangile_du_royaume/media/Jingle/jingle_avant_bible_08_prenons_un_moment_pour_ecouter_la_parole.mp3" ended: Ffmpeg_decoder.End_of_file.
2026/07/30 03:02:44 [next_song:3] Prepared "/var/azuracast/stations/evangile_du_royaume/media/La bible/3_jean_001.mp3" (RID 39).
2026/07/30 03:04:46 [decoder:2] Decoding "/var/azuracast/stations/evangile_du_royaume/media/La bible/3_jean_001.mp3" ended: Ffmpeg_decoder.End_of_file.
2026/07/30 03:04:46 [next_song:3] Prepared "/var/azuracast/stations/evangile_du_royaume/media/La bible/osée_001.mp3" (RID 40).
2026/07/30 03:06:48 [decoder:2] Decoding "/var/azuracast/stations/evangile_du_royaume/media/La bible/osée_001.mp3" ended: Ffmpeg_decoder.End_of_file.
2026/07/30 03:06:48 [next_song:3] Prepared "/var/azuracast/stations/evangile_du_royaume/media/La bible/osée_002.mp3" (RID 41).
2026/07/30 03:10:14 [decoder:2] Decoding "/var/azuracast/stations/evangile_du_royaume/media/La bible/osée_002.mp3" ended: Ffmpeg_decoder.End_of_file.
2026/07/30 03:10:15 [next_song:3] Prepared "/var/azuracast/stations/evangile_du_royaume/media/La bible/osée_003.mp3" (RID 42).
2026/07/30 03:11:09 [decoder:2] Decoding "/var/azuracast/stations/evangile_du_royaume/media/La bible/osée_003.mp3" ended: Ffmpeg_decoder.End_of_file.
2026/07/30 03:11:09 [next_song:3] Prepared "/var/azuracast/stations/evangile_du_royaume/media/La bible/osée_004.mp3" (RID 43).
2026/07/30 03:14:02 [decoder:2] Decoding "/var/azuracast/stations/evangile_du_royaume/media/La bible/osée_004.mp3" ended: Ffmpeg_decoder.End_of_file.
2026/07/30 03:14:03 [next_song:3] Prepared "/var/azuracast/stations/evangile_du_royaume/media/La bible/osée_005.mp3" (RID 44).
2026/07/30 03:16:23 [decoder:2] Decoding "/var/azuracast/stations/evangile_du_royaume/media/La bible/osée_005.mp3" ended: Ffmpeg_decoder.End_of_file.
2026/07/30 03:16:24 [next_song:3] Prepared "/var/azuracast/stations/evangile_du_royaume/media/La bible/osée_006.mp3" (RID 45).
2026/07/30 03:17:53 [decoder:2] Decoding "/var/azuracast/stations/evangile_du_royaume/media/La bible/osée_006.mp3" ended: Ffmpeg_decoder.End_of_file.
2026/07/30 03:17:53 [next_song:3] Prepared "/var/azuracast/stations/evangile_du_royaume/media/La bible/osée_007.mp3" (RID 46).
2026/07/30 03:20:17 [decoder:2] Decoding "/var/azuracast/stations/evangile_du_royaume/media/La bible/osée_007.mp3" ended: Ffmpeg_decoder.End_of_file.
2026/07/30 03:20:17 [next_song:3] Prepared "/var/azuracast/stations/evangile_du_royaume/media/La bible/osée_008.mp3" (RID 47).
2026/07/30 03:22:20 [decoder:2] Decoding "/var/azuracast/stations/evangile_du_royaume/media/La bible/osée_008.mp3" ended: Ffmpeg_decoder.End_of_file.
2026/07/30 03:22:21 [next_song:3] Prepared "/var/azuracast/stations/evangile_du_royaume/media/La bible/osée_009.mp3" (RID 48).
2026/07/30 03:25:22 [decoder:2] Decoding "/var/azuracast/stations/evangile_du_royaume/media/La bible/osée_009.mp3" ended: Ffmpeg_decoder.End_of_file.
2026/07/30 03:25:23 [next_song:3] Prepared "/var/azuracast/stations/evangile_du_royaume/media/La bible/osée_010.mp3" (RID 49).
2026/07/30 03:27:56 [decoder:2] Decoding "/var/azuracast/stations/evangile_du_royaume/media/La bible/osée_010.mp3" ended: Ffmpeg_decoder.End_of_file.
2026/07/30 03:27:57 [next_song:3] Prepared "/var/azuracast/stations/evangile_du_royaume/media/Jingle/jingle_avant_louange_05_elevons_nos_coeurs_vers_dieu.mp3" (RID 50).
2026/07/30 03:28:04 [decoder:2] Decoding "/var/azuracast/stations/evangile_du_royaume/media/Jingle/jingle_avant_louange_05_elevons_nos_coeurs_vers_dieu.mp3" ended: Ffmpeg_decoder.End_of_file.
2026/07/30 03:28:05 [next_song:3] Prepared "/var/azuracast/stations/evangile_du_royaume/media/Worship/09 - Oh Lord I Want to Know Your Glory - Port Harcourt HF.mp3" (RID 51).
