2026/08/12 00:01:23 [lang:2] Could not perform http request: CurlException(Aborted_by_callback, 42, CURLE_ABORTED_BY_CALLBACK).
2026/08/12 00:01:23 [lang.deprecated:2] WARNING: "error.kind" is deprecated and will be removed in future version.
2026/08/12 00:01:23 [lang.deprecated:2] WARNING: "error.message" is deprecated and will be removed in future version.
2026/08/12 00:01:23 [lang:3] API djoff - Error: http - CurlException(Aborted_by_callback, 42, CURLE_ABORTED_BY_CALLBACK)
2026/08/12 00:01:24 [threads:2] Queue generic queue #2 crashed with exception Sys_error("Condition.wait: Operation not permitted")
2026/08/12 00:01:24 [threads:2] Raised by primitive operation at Duppy.queue.run in file "src/duppy.ml", line 341, characters 6-32
2026/08/12 00:01:24 [threads:2] Called from Duppy.queue in file "src/duppy.ml", line 357, characters 8-12
2026/08/12 00:01:24 [threads:2] Re-raised at Duppy.queue in file "src/duppy.ml", line 361, characters 8-17
2026/08/12 00:01:24 [threads:2] Called from Tutils.create.(fun).process in file "tools/tutils.ml", line 164, characters 12-15
2026/08/12 00:01:24 [threads:2] 
2026/08/12 00:01:24 [threads:1] PANIC: Liquidsoap has crashed, exiting.,
2026/08/12 00:01:24 [threads:1] Please report at: savonet-users@lists.sf.net
2026/08/12 00:01:29 [lang.deprecated:2] WARNING: "map_metadata" is deprecated and will be removed in future version. Please use "metadata.map" instead.
2026/08/12 00:01:29 [lang.deprecated:2] WARNING: "map_metadata" is deprecated and will be removed in future version. Please use "metadata.map" instead.
2026/08/12 00:01:29 [error_jingle:3] "/usr/local/share/icecast/web/error.mp3" is static, resolving once for all...
2026/08/12 00:01:29 [error_jingle:3] Prepared "/usr/local/share/icecast/web/error.mp3" (RID 6).
2026/08/12 00:01:29 [safe_fallback:3] Switch to error_jingle.
2026/08/12 00:01:30 [playlist_000_transition:3] Prepared "/var/azuracast/stations/evangile_du_royaume/media/jingles_de_transition_1.mp3" (RID 11).
2026/08/12 00:01:30 [safe_fallback:3] Switch to amplify_0 with transition.
2026/08/12 00:01:30 [live_fallback:3] Switch to cross_0.
2026/08/12 00:01:30 [interrupting_fallback:3] Switch to requests_fallback.
2026/08/12 00:01:30 [requests_fallback:3] Switch to autodj_fallback.
2026/08/12 00:01:30 [autodj_fallback:3] Switch to schedule_switch.
2026/08/12 00:01:30 [schedule_switch:3] Switch to metadata.map_0.
2026/08/12 00:01:41 [next_song:3] Prepared "/var/azuracast/stations/evangile_du_royaume/media/jingles_de_transition_2.mp3" (RID 14).
2026/08/12 00:03:06 [decoder:2] Decoding "/var/azuracast/stations/evangile_du_royaume/media/jingles_de_transition_1.mp3" ended: Ffmpeg_decoder.End_of_file.
2026/08/12 00:03:06 [playlist_bloc_a_serie_du_jour:3] Prepared "/var/azuracast/stations/evangile_du_royaume/media/Jingle/jingle_avant_message_05_vous_etes_a_lecoute_de_levangile_du_royaume.mp3" (RID 7).
2026/08/12 00:03:06 [schedule_switch:3] Switch to cue_playlist_bloc_a_serie_du_jour with forgetful transition.
2026/08/12 00:03:06 [autodj_fallback:3] Switch to dynamic_startup with forgetful transition.
2026/08/12 00:03:06 [dynamic_startup:3] Switch to cue_next_song.
2026/08/12 00:04:34 [decoder:2] Decoding "/var/azuracast/stations/evangile_du_royaume/media/jingles_de_transition_2.mp3" ended: Ffmpeg_decoder.End_of_file.
2026/08/12 00:04:35 [next_song:3] Prepared "/var/azuracast/stations/evangile_du_royaume/media/Jingle/jingle_avant_message_05_vous_etes_a_lecoute_de_levangile_du_royaume.mp3" (RID 15).
2026/08/12 00:04:43 [decoder:2] Decoding "/var/azuracast/stations/evangile_du_royaume/media/Jingle/jingle_avant_message_05_vous_etes_a_lecoute_de_levangile_du_royaume.mp3" ended: Ffmpeg_decoder.End_of_file.
2026/08/12 00:04:43 [next_song:3] Prepared "/var/azuracast/stations/evangile_du_royaume/media/la_moisson_3_adé.mp3" (RID 16).
2026/08/12 00:30:37 [decoder:2] Decoding "/var/azuracast/stations/evangile_du_royaume/media/la_moisson_3_adé.mp3" ended: Ffmpeg_decoder.End_of_file.
2026/08/12 00:30:37 [next_song:3] Prepared "/var/azuracast/stations/evangile_du_royaume/media/Jingle/jingle_avant_bible_07_place_a_la_lecture_de_la_bible.mp3" (RID 17).
2026/08/12 00:30:47 [decoder:2] Decoding "/var/azuracast/stations/evangile_du_royaume/media/Jingle/jingle_avant_bible_07_place_a_la_lecture_de_la_bible.mp3" ended: Ffmpeg_decoder.End_of_file.
2026/08/12 00:30:48 [next_song:3] Prepared "/var/azuracast/stations/evangile_du_royaume/media/La bible/colossiens_003.mp3" (RID 18).
2026/08/12 00:34:29 [decoder:2] Decoding "/var/azuracast/stations/evangile_du_royaume/media/La bible/colossiens_003.mp3" ended: Ffmpeg_decoder.End_of_file.
2026/08/12 00:34:29 [next_song:3] Prepared "/var/azuracast/stations/evangile_du_royaume/media/La bible/colossiens_004.mp3" (RID 19).
2026/08/12 00:37:22 [decoder:2] Decoding "/var/azuracast/stations/evangile_du_royaume/media/La bible/colossiens_004.mp3" ended: Ffmpeg_decoder.End_of_file.
2026/08/12 00:37:23 [next_song:3] Prepared "/var/azuracast/stations/evangile_du_royaume/media/La bible/sophonie_001.mp3" (RID 20).
2026/08/12 00:40:16 [decoder:2] Decoding "/var/azuracast/stations/evangile_du_royaume/media/La bible/sophonie_001.mp3" ended: Ffmpeg_decoder.End_of_file.
2026/08/12 00:40:17 [next_song:3] Prepared "/var/azuracast/stations/evangile_du_royaume/media/La bible/sophonie_002.mp3" (RID 21).
2026/08/12 00:42:59 [decoder:2] Decoding "/var/azuracast/stations/evangile_du_royaume/media/La bible/sophonie_002.mp3" ended: Ffmpeg_decoder.End_of_file.
2026/08/12 00:43:00 [next_song:3] Prepared "/var/azuracast/stations/evangile_du_royaume/media/La bible/sophonie_003.mp3" (RID 22).
2026/08/12 00:46:43 [decoder:2] Decoding "/var/azuracast/stations/evangile_du_royaume/media/La bible/sophonie_003.mp3" ended: Ffmpeg_decoder.End_of_file.
2026/08/12 00:46:43 [next_song:3] Prepared "/var/azuracast/stations/evangile_du_royaume/media/La bible/1_rois_020.mp3" (RID 23).
2026/08/12 00:55:02 [decoder:2] Decoding "/var/azuracast/stations/evangile_du_royaume/media/La bible/1_rois_020.mp3" ended: Ffmpeg_decoder.End_of_file.
2026/08/12 00:55:02 [next_song:3] Prepared "/var/azuracast/stations/evangile_du_royaume/media/La bible/1_rois_021.mp3" (RID 24).
2026/08/12 01:00:24 [decoder:2] Decoding "/var/azuracast/stations/evangile_du_royaume/media/La bible/1_rois_021.mp3" ended: Ffmpeg_decoder.End_of_file.
2026/08/12 01:00:25 [next_song:3] Prepared "/var/azuracast/stations/evangile_du_royaume/media/La bible/1_rois_022.mp3" (RID 25).
2026/08/12 01:09:19 [decoder:2] Decoding "/var/azuracast/stations/evangile_du_royaume/media/La bible/1_rois_022.mp3" ended: Ffmpeg_decoder.End_of_file.
2026/08/12 01:09:20 [next_song:3] Prepared "/var/azuracast/stations/evangile_du_royaume/media/La bible/daniel_010.mp3" (RID 26).
2026/08/12 01:13:02 [decoder:2] Decoding "/var/azuracast/stations/evangile_du_royaume/media/La bible/daniel_010.mp3" ended: Ffmpeg_decoder.End_of_file.
2026/08/12 01:13:03 [next_song:3] Prepared "/var/azuracast/stations/evangile_du_royaume/media/La bible/daniel_011.mp3" (RID 27).
2026/08/12 01:21:26 [decoder:2] Decoding "/var/azuracast/stations/evangile_du_royaume/media/La bible/daniel_011.mp3" ended: Ffmpeg_decoder.End_of_file.
2026/08/12 01:21:27 [next_song:3] Prepared "/var/azuracast/stations/evangile_du_royaume/media/La bible/daniel_012.mp3" (RID 28).
2026/08/12 01:23:49 [decoder:2] Decoding "/var/azuracast/stations/evangile_du_royaume/media/La bible/daniel_012.mp3" ended: Ffmpeg_decoder.End_of_file.
2026/08/12 01:23:50 [next_song:3] Prepared "/var/azuracast/stations/evangile_du_royaume/media/La bible/proverbes_021.mp3" (RID 29).
2026/08/12 01:26:55 [decoder:2] Decoding "/var/azuracast/stations/evangile_du_royaume/media/La bible/proverbes_021.mp3" ended: Ffmpeg_decoder.End_of_file.
2026/08/12 01:26:56 [next_song:3] Prepared "/var/azuracast/stations/evangile_du_royaume/media/Jingle/jingle_avant_louange_07_voici_un_temps_de_louange.mp3" (RID 30).
2026/08/12 01:27:06 [decoder:2] Decoding "/var/azuracast/stations/evangile_du_royaume/media/Jingle/jingle_avant_louange_07_voici_un_temps_de_louange.mp3" ended: Ffmpeg_decoder.End_of_file.
2026/08/12 01:27:06 [next_song:3] Prepared "/var/azuracast/stations/evangile_du_royaume/media/Cantiques du royaume/Cantique Jahweh, Tu es élevé au dessus de tout (1).mp3" (RID 31).
2026/08/12 01:31:56 [decoder:2] Decoding "/var/azuracast/stations/evangile_du_royaume/media/Cantiques du royaume/Cantique Jahweh, Tu es élevé au dessus de tout (1).mp3" ended: Ffmpeg_decoder.End_of_file.
2026/08/12 01:31:56 [next_song:3] Prepared "/var/azuracast/stations/evangile_du_royaume/media/SWBN Lead Concert Live Worship/05 - Jesus I'm Waiting for You (Mary Umoh).mp3" (RID 32).
2026/08/12 01:37:43 [decoder:2] Decoding "/var/azuracast/stations/evangile_du_royaume/media/SWBN Lead Concert Live Worship/05 - Jesus I'm Waiting for You (Mary Umoh).mp3" ended: Ffmpeg_decoder.End_of_file.
2026/08/12 01:37:44 [next_song:3] Prepared "/var/azuracast/stations/evangile_du_royaume/media/Worship/10 - Yeshua Hamashiach - Calabar HF.mp3" (RID 33).
2026/08/12 01:46:03 [decoder:2] Decoding "/var/azuracast/stations/evangile_du_royaume/media/Worship/10 - Yeshua Hamashiach - Calabar HF.mp3" ended: Ffmpeg_decoder.End_of_file.
2026/08/12 01:46:03 [next_song:3] Prepared "/var/azuracast/stations/evangile_du_royaume/media/SWBN Lead Concert Live Worship/07 - There is no Lie (Imah Adegoke & Mary Umoh).mp3" (RID 34).
2026/08/12 01:52:54 [decoder:2] Decoding "/var/azuracast/stations/evangile_du_royaume/media/SWBN Lead Concert Live Worship/07 - There is no Lie (Imah Adegoke & Mary Umoh).mp3" ended: Ffmpeg_decoder.End_of_file.
2026/08/12 01:52:55 [next_song:3] Prepared "/var/azuracast/stations/evangile_du_royaume/media/Worship/51 - Hallelujah - PHF.mp3" (RID 35).
2026/08/12 02:00:20 [decoder:2] Decoding "/var/azuracast/stations/evangile_du_royaume/media/Worship/51 - Hallelujah - PHF.mp3" ended: Ffmpeg_decoder.End_of_file.
2026/08/12 02:00:21 [next_song:3] Prepared "/var/azuracast/stations/evangile_du_royaume/media/Cantiques du royaume/3-gabrielle_lidji_-_mélodie_céleste__by_lfxa(light_fx_animation)_2.mp3" (RID 36).
2026/08/12 02:05:37 [decoder:2] Decoding "/var/azuracast/stations/evangile_du_royaume/media/Cantiques du royaume/3-gabrielle_lidji_-_mélodie_céleste__by_lfxa(light_fx_animation)_2.mp3" ended: Ffmpeg_decoder.End_of_file.
2026/08/12 02:05:38 [next_song:3] Prepared "/var/azuracast/stations/evangile_du_royaume/media/Worship/80 - I Will Call Upon The Lord.mp3" (RID 37).
2026/08/12 02:10:45 [decoder:2] Decoding "/var/azuracast/stations/evangile_du_royaume/media/Worship/80 - I Will Call Upon The Lord.mp3" ended: Ffmpeg_decoder.End_of_file.
2026/08/12 02:10:45 [next_song:3] Prepared "/var/azuracast/stations/evangile_du_royaume/media/Cantiques du royaume/cantique__-_qui_est_digne_d_ouvrir_le_livre.mp3" (RID 38).
2026/08/12 02:17:39 [decoder:2] Decoding "/var/azuracast/stations/evangile_du_royaume/media/Cantiques du royaume/cantique__-_qui_est_digne_d_ouvrir_le_livre.mp3" ended: Ffmpeg_decoder.End_of_file.
2026/08/12 02:17:40 [next_song:3] Prepared "/var/azuracast/stations/evangile_du_royaume/media/Worship/91 - Ella Samuels - Oh Lord Our Maker.mp3" (RID 39).
2026/08/12 02:23:22 [decoder:2] Decoding "/var/azuracast/stations/evangile_du_royaume/media/Worship/91 - Ella Samuels - Oh Lord Our Maker.mp3" ended: Ffmpeg_decoder.End_of_file.
2026/08/12 02:23:22 [next_song:3] Prepared "/var/azuracast/stations/evangile_du_royaume/media/Jingle/jingle_avant_bible_08_prenons_un_moment_pour_ecouter_la_parole.mp3" (RID 40).
2026/08/12 02:23:28 [decoder:2] Decoding "/var/azuracast/stations/evangile_du_royaume/media/Jingle/jingle_avant_bible_08_prenons_un_moment_pour_ecouter_la_parole.mp3" ended: Ffmpeg_decoder.End_of_file.
2026/08/12 02:23:29 [next_song:3] Prepared "/var/azuracast/stations/evangile_du_royaume/media/La bible/1_jean_001.mp3" (RID 41).
2026/08/12 02:25:06 [decoder:2] Decoding "/var/azuracast/stations/evangile_du_royaume/media/La bible/1_jean_001.mp3" ended: Ffmpeg_decoder.End_of_file.
2026/08/12 02:25:06 [next_song:3] Prepared "/var/azuracast/stations/evangile_du_royaume/media/La bible/1_jean_002.mp3" (RID 42).
2026/08/12 02:29:42 [decoder:2] Decoding "/var/azuracast/stations/evangile_du_royaume/media/La bible/1_jean_002.mp3" ended: Ffmpeg_decoder.End_of_file.
2026/08/12 02:29:43 [next_song:3] Prepared "/var/azuracast/stations/evangile_du_royaume/media/La bible/1_jean_003.mp3" (RID 43).
2026/08/12 02:33:14 [decoder:2] Decoding "/var/azuracast/stations/evangile_du_royaume/media/La bible/1_jean_003.mp3" ended: Ffmpeg_decoder.End_of_file.
2026/08/12 02:33:14 [next_song:3] Prepared "/var/azuracast/stations/evangile_du_royaume/media/La bible/1_jean_004.mp3" (RID 44).
2026/08/12 02:36:28 [decoder:2] Decoding "/var/azuracast/stations/evangile_du_royaume/media/La bible/1_jean_004.mp3" ended: Ffmpeg_decoder.End_of_file.
2026/08/12 02:36:28 [next_song:3] Prepared "/var/azuracast/stations/evangile_du_royaume/media/La bible/1_jean_005.mp3" (RID 45).
2026/08/12 02:39:37 [decoder:2] Decoding "/var/azuracast/stations/evangile_du_royaume/media/La bible/1_jean_005.mp3" ended: Ffmpeg_decoder.End_of_file.
2026/08/12 02:39:37 [next_song:3] Prepared "/var/azuracast/stations/evangile_du_royaume/media/La bible/2_corinthiens_012.mp3" (RID 46).
2026/08/12 02:44:02 [decoder:2] Decoding "/var/azuracast/stations/evangile_du_royaume/media/La bible/2_corinthiens_012.mp3" ended: Ffmpeg_decoder.End_of_file.
2026/08/12 02:44:03 [next_song:3] Prepared "/var/azuracast/stations/evangile_du_royaume/media/La bible/2_corinthiens_013.mp3" (RID 47).
2026/08/12 02:46:24 [decoder:2] Decoding "/var/azuracast/stations/evangile_du_royaume/media/La bible/2_corinthiens_013.mp3" ended: Ffmpeg_decoder.End_of_file.
2026/08/12 02:46:25 [next_song:3] Prepared "/var/azuracast/stations/evangile_du_royaume/media/La bible/abdias_001.mp3" (RID 48).
2026/08/12 02:49:48 [decoder:2] Decoding "/var/azuracast/stations/evangile_du_royaume/media/La bible/abdias_001.mp3" ended: Ffmpeg_decoder.End_of_file.
2026/08/12 02:49:48 [next_song:3] Prepared "/var/azuracast/stations/evangile_du_royaume/media/La bible/aggée_001.mp3" (RID 49).
2026/08/12 02:52:28 [decoder:2] Decoding "/var/azuracast/stations/evangile_du_royaume/media/La bible/aggée_001.mp3" ended: Ffmpeg_decoder.End_of_file.
2026/08/12 02:52:28 [next_song:3] Prepared "/var/azuracast/stations/evangile_du_royaume/media/Jingle/jingle_avant_louange_05_elevons_nos_coeurs_vers_dieu.mp3" (RID 50).
2026/08/12 02:52:36 [decoder:2] Decoding "/var/azuracast/stations/evangile_du_royaume/media/Jingle/jingle_avant_louange_05_elevons_nos_coeurs_vers_dieu.mp3" ended: Ffmpeg_decoder.End_of_file.
2026/08/12 02:52:37 [next_song:3] Prepared "/var/azuracast/stations/evangile_du_royaume/media/Worship/38 - That I May Know Him - Toronto HF.mp3" (RID 51).
2026/08/12 02:58:43 [decoder:2] Decoding "/var/azuracast/stations/evangile_du_royaume/media/Worship/38 - That I May Know Him - Toronto HF.mp3" ended: Ffmpeg_decoder.End_of_file.
2026/08/12 02:58:44 [next_song:3] Prepared "/var/azuracast/stations/evangile_du_royaume/media/Worship/17 - Where Two or Three are Gathered - Calabar HF.mp3" (RID 52).
2026/08/12 03:04:32 [decoder:2] Decoding "/var/azuracast/stations/evangile_du_royaume/media/Worship/17 - Where Two or Three are Gathered - Calabar HF.mp3" ended: Ffmpeg_decoder.End_of_file.
2026/08/12 03:04:33 [next_song:3] Prepared "/var/azuracast/stations/evangile_du_royaume/media/Worship/31 - You Are Worthy - Ketu HF.mp3" (RID 53).
2026/08/12 03:08:48 [decoder:2] Decoding "/var/azuracast/stations/evangile_du_royaume/media/Worship/31 - You Are Worthy - Ketu HF.mp3" ended: Ffmpeg_decoder.End_of_file.
2026/08/12 03:08:49 [next_song:3] Prepared "/var/azuracast/stations/evangile_du_royaume/media/Worship/90 - Bless Ye the Lord - PHF.mp3" (RID 54).
2026/08/12 03:17:09 [decoder:2] Decoding "/var/azuracast/stations/evangile_du_royaume/media/Worship/90 - Bless Ye the Lord - PHF.mp3" ended: Ffmpeg_decoder.End_of_file.
2026/08/12 03:17:10 [next_song:3] Prepared "/var/azuracast/stations/evangile_du_royaume/media/Worship/32 - There is A Mighty River Flowing - Ketu HF.mp3" (RID 55).
2026/08/12 03:24:16 [decoder:2] Decoding "/var/azuracast/stations/evangile_du_royaume/media/Worship/32 - There is A Mighty River Flowing - Ketu HF.mp3" ended: Ffmpeg_decoder.End_of_file.
2026/08/12 03:24:16 [next_song:3] Prepared "/var/azuracast/stations/evangile_du_royaume/media/Worship/26 - Sing Hallelujah - Abuja HF.mp3" (RID 56).
2026/08/12 03:28:34 [decoder:2] Decoding "/var/azuracast/stations/evangile_du_royaume/media/Worship/26 - Sing Hallelujah - Abuja HF.mp3" ended: Ffmpeg_decoder.End_of_file.
2026/08/12 03:28:35 [next_song:3] Prepared "/var/azuracast/stations/evangile_du_royaume/media/Worship/02 - There's A Mighty River Flowing - SWBN TV.mp3" (RID 57).
2026/08/12 03:32:52 [decoder:2] Decoding "/var/azuracast/stations/evangile_du_royaume/media/Worship/02 - There's A Mighty River Flowing - SWBN TV.mp3" ended: Ffmpeg_decoder.End_of_file.
2026/08/12 03:32:53 [next_song:3] Prepared "/var/azuracast/stations/evangile_du_royaume/media/Worship/59 - Ascribe Greatness - PHF.mp3" (RID 58).
2026/08/12 03:36:54 [decoder:2] Decoding "/var/azuracast/stations/evangile_du_royaume/media/Worship/59 - Ascribe Greatness - PHF.mp3" ended: Ffmpeg_decoder.End_of_file.
2026/08/12 03:36:54 [next_song:3] Prepared "/var/azuracast/stations/evangile_du_royaume/media/Worship/45 - Now is Come Salvation - Toronto HF.mp3" (RID 59).
2026/08/12 03:42:09 [decoder:2] Decoding "/var/azuracast/stations/evangile_du_royaume/media/Worship/45 - Now is Come Salvation - Toronto HF.mp3" ended: Ffmpeg_decoder.End_of_file.
2026/08/12 03:42:10 [next_song:3] Prepared "/var/azuracast/stations/evangile_du_royaume/media/Worship/07 - Baruch Ha'ba B'Shem Adonai⧸Blessed Is He Who Comes in the Name of the Lord - Port Harcourt HF.mp3" (RID 60).
2026/08/12 03:52:42 [decoder:2] Decoding "/var/azuracast/stations/evangile_du_royaume/media/Worship/07 - Baruch Ha'ba B'Shem Adonai⧸Blessed Is He Who Comes in the Name of the Lord - Port Harcourt HF.mp3" ended: Ffmpeg_decoder.End_of_file.
2026/08/12 03:52:42 [next_song:3] Prepared "/var/azuracast/stations/evangile_du_royaume/media/Jingle/jingle_avant_bible_06_ouvrons_les_saintes_ecritures.mp3" (RID 61).
2026/08/12 03:52:50 [decoder:2] Decoding "/var/azuracast/stations/evangile_du_royaume/media/Jingle/jingle_avant_bible_06_ouvrons_les_saintes_ecritures.mp3" ended: Ffmpeg_decoder.End_of_file.
2026/08/12 03:52:50 [next_song:3] Prepared "/var/azuracast/stations/evangile_du_royaume/media/La bible/job_010.mp3" (RID 62).
2026/08/12 03:55:07 [decoder:2] Decoding "/var/azuracast/stations/evangile_du_royaume/media/La bible/job_010.mp3" ended: Ffmpeg_decoder.End_of_file.
2026/08/12 03:55:08 [next_song:3] Prepared "/var/azuracast/stations/evangile_du_royaume/media/La bible/job_011.mp3" (RID 63).
2026/08/12 03:57:02 [decoder:2] Decoding "/var/azuracast/stations/evangile_du_royaume/media/La bible/job_011.mp3" ended: Ffmpeg_decoder.End_of_file.
2026/08/12 03:57:02 [next_song:3] Prepared "/var/azuracast/stations/evangile_du_royaume/media/La bible/job_012.mp3" (RID 64).
2026/08/12 03:59:34 [decoder:2] Decoding "/var/azuracast/stations/evangile_du_royaume/media/La bible/job_012.mp3" ended: Ffmpeg_decoder.End_of_file.
2026/08/12 03:59:35 [next_song:3] Prepared "/var/azuracast/stations/evangile_du_royaume/media/La bible/job_013.mp3" (RID 65).
2026/08/12 04:02:09 [decoder:2] Decoding "/var/azuracast/stations/evangile_du_royaume/media/La bible/job_013.mp3" ended: Ffmpeg_decoder.End_of_file.
2026/08/12 04:02:10 [next_song:3] Prepared "/var/azuracast/stations/evangile_du_royaume/media/La bible/job_014.mp3" (RID 66).
2026/08/12 04:04:32 [decoder:2] Decoding "/var/azuracast/stations/evangile_du_royaume/media/La bible/job_014.mp3" ended: Ffmpeg_decoder.End_of_file.
2026/08/12 04:04:32 [next_song:3] Prepared "/var/azuracast/stations/evangile_du_royaume/media/La bible/job_015.mp3" (RID 67).
2026/08/12 04:07:50 [decoder:2] Decoding "/var/azuracast/stations/evangile_du_royaume/media/La bible/job_015.mp3" ended: Ffmpeg_decoder.End_of_file.
2026/08/12 04:07:50 [next_song:3] Prepared "/var/azuracast/stations/evangile_du_royaume/media/La bible/job_016.mp3" (RID 68).
2026/08/12 04:10:03 [decoder:2] Decoding "/var/azuracast/stations/evangile_du_royaume/media/La bible/job_016.mp3" ended: Ffmpeg_decoder.End_of_file.
2026/08/12 04:10:03 [next_song:3] Prepared "/var/azuracast/stations/evangile_du_royaume/media/La bible/job_017.mp3" (RID 69).
2026/08/12 04:11:36 [decoder:2] Decoding "/var/azuracast/stations/evangile_du_royaume/media/La bible/job_017.mp3" ended: Ffmpeg_decoder.End_of_file.
2026/08/12 04:11:37 [next_song:3] Prepared "/var/azuracast/stations/evangile_du_royaume/media/La bible/job_018.mp3" (RID 70).
2026/08/12 04:13:36 [decoder:2] Decoding "/var/azuracast/stations/evangile_du_royaume/media/La bible/job_018.mp3" ended: Ffmpeg_decoder.End_of_file.
2026/08/12 04:13:36 [next_song:3] Prepared "/var/azuracast/stations/evangile_du_royaume/media/La bible/job_019.mp3" (RID 71).
2026/08/12 04:16:38 [decoder:2] Decoding "/var/azuracast/stations/evangile_du_royaume/media/La bible/job_019.mp3" ended: Ffmpeg_decoder.End_of_file.
2026/08/12 04:16:39 [next_song:3] Prepared "/var/azuracast/stations/evangile_du_royaume/media/La bible/job_020.mp3" (RID 72).
2026/08/12 04:19:35 [decoder:2] Decoding "/var/azuracast/stations/evangile_du_royaume/media/La bible/job_020.mp3" ended: Ffmpeg_decoder.End_of_file.
2026/08/12 04:19:36 [next_song:3] Prepared "/var/azuracast/stations/evangile_du_royaume/media/La bible/job_021.mp3" (RID 73).
2026/08/12 04:22:45 [decoder:2] Decoding "/var/azuracast/stations/evangile_du_royaume/media/La bible/job_021.mp3" ended: Ffmpeg_decoder.End_of_file.
2026/08/12 04:22:45 [next_song:3] Prepared "/var/azuracast/stations/evangile_du_royaume/media/La bible/job_022.mp3" (RID 74).
2026/08/12 04:25:20 [decoder:2] Decoding "/var/azuracast/stations/evangile_du_royaume/media/La bible/job_022.mp3" ended: Ffmpeg_decoder.End_of_file.
2026/08/12 04:25:20 [next_song:3] Prepared "/var/azuracast/stations/evangile_du_royaume/media/La bible/job_023.mp3" (RID 75).
2026/08/12 04:27:00 [decoder:2] Decoding "/var/azuracast/stations/evangile_du_royaume/media/La bible/job_023.mp3" ended: Ffmpeg_decoder.End_of_file.
2026/08/12 04:27:00 [next_song:3] Prepared "/var/azuracast/stations/evangile_du_royaume/media/La bible/job_024.mp3" (RID 76).
2026/08/12 04:29:49 [decoder:2] Decoding "/var/azuracast/stations/evangile_du_royaume/media/La bible/job_024.mp3" ended: Ffmpeg_decoder.End_of_file.
2026/08/12 04:29:50 [next_song:3] Prepared "/var/azuracast/stations/evangile_du_royaume/media/La bible/job_025.mp3" (RID 77).
2026/08/12 04:30:23 [decoder:2] Decoding "/var/azuracast/stations/evangile_du_royaume/media/La bible/job_025.mp3" ended: Ffmpeg_decoder.End_of_file.
2026/08/12 04:30:23 [next_song:3] Prepared "/var/azuracast/stations/evangile_du_royaume/media/La bible/job_026.mp3" (RID 78).
2026/08/12 04:31:34 [decoder:2] Decoding "/var/azuracast/stations/evangile_du_royaume/media/La bible/job_026.mp3" ended: Ffmpeg_decoder.End_of_file.
2026/08/12 04:31:34 [next_song:3] Prepared "/var/azuracast/stations/evangile_du_royaume/media/La bible/job_027.mp3" (RID 79).
2026/08/12 04:33:43 [decoder:2] Decoding "/var/azuracast/stations/evangile_du_royaume/media/La bible/job_027.mp3" ended: Ffmpeg_decoder.End_of_file.
2026/08/12 04:33:43 [next_song:3] Prepared "/var/azuracast/stations/evangile_du_royaume/media/La bible/job_028.mp3" (RID 80).
2026/08/12 04:36:27 [decoder:2] Decoding "/var/azuracast/stations/evangile_du_royaume/media/La bible/job_028.mp3" ended: Ffmpeg_decoder.End_of_file.
2026/08/12 04:36:28 [next_song:3] Prepared "/var/azuracast/stations/evangile_du_royaume/media/Jingle/jingle_avant_louange_06_que_la_louange_seleve.mp3" (RID 81).
2026/08/12 04:36:35 [decoder:2] Decoding "/var/azuracast/stations/evangile_du_royaume/media/Jingle/jingle_avant_louange_06_que_la_louange_seleve.mp3" ended: Ffmpeg_decoder.End_of_file.
2026/08/12 04:36:36 [next_song:3] Prepared "/var/azuracast/stations/evangile_du_royaume/media/Cantiques du royaume/cantique___prends_tout_le_contrôle.mp3" (RID 82).
2026/08/12 04:41:25 [decoder:2] Decoding "/var/azuracast/stations/evangile_du_royaume/media/Cantiques du royaume/cantique___prends_tout_le_contrôle.mp3" ended: Ffmpeg_decoder.End_of_file.
2026/08/12 04:41:26 [next_song:3] Prepared "/var/azuracast/stations/evangile_du_royaume/media/Worship/60 - Be Exalted - PHF.mp3" (RID 83).
2026/08/12 04:52:01 [decoder:2] Decoding "/var/azuracast/stations/evangile_du_royaume/media/Worship/60 - Be Exalted - PHF.mp3" ended: Ffmpeg_decoder.End_of_file.
2026/08/12 04:52:01 [next_song:3] Prepared "/var/azuracast/stations/evangile_du_royaume/media/Cantiques du royaume/7-_gael_adorons_léternel.mp3" (RID 84).
2026/08/12 04:55:40 [decoder:2] Decoding "/var/azuracast/stations/evangile_du_royaume/media/Cantiques du royaume/7-_gael_adorons_léternel.mp3" ended: Ffmpeg_decoder.End_of_file.
2026/08/12 04:55:40 [next_song:3] Prepared "/var/azuracast/stations/evangile_du_royaume/media/Worship/35 - God is Moving Us On - Ketu HF.mp3" (RID 85).
2026/08/12 05:00:30 [decoder:2] Decoding "/var/azuracast/stations/evangile_du_royaume/media/Worship/35 - God is Moving Us On - Ketu HF.mp3" ended: Ffmpeg_decoder.End_of_file.
2026/08/12 05:00:30 [next_song:3] Prepared "/var/azuracast/stations/evangile_du_royaume/media/Worship/24 - We Ascribe Greatness - Abuja HF.mp3" (RID 86).
