2026/08/17 00:00:05 [clock.main:2] We must catchup 1.01 seconds!
2026/08/17 00:00:06 [clock.main:2] We must catchup 1.20 seconds!
2026/08/17 00:00:07 [clock.main:2] We must catchup 1.16 seconds!
2026/08/17 00:00:08 [clock.main:2] We must catchup 1.02 seconds!
2026/08/17 00:00:09 [clock.main:2] We must catchup 1.27 seconds!
2026/08/17 00:01:17 [lang:2] Could not perform http request: CurlException(Aborted_by_callback, 42, CURLE_ABORTED_BY_CALLBACK).
2026/08/17 00:01:17 [lang.deprecated:2] WARNING: "error.kind" is deprecated and will be removed in future version.
2026/08/17 00:01:17 [lang.deprecated:2] WARNING: "error.message" is deprecated and will be removed in future version.
2026/08/17 00:01:17 [lang:3] API djoff - Error: http - CurlException(Aborted_by_callback, 42, CURLE_ABORTED_BY_CALLBACK)
2026/08/17 00:01:17 [threads:2] Queue generic queue #1 crashed with exception Sys_error("Condition.wait: Operation not permitted")
2026/08/17 00:01:17 [threads:2] Raised by primitive operation at Duppy.queue.run in file "src/duppy.ml", line 341, characters 6-32
2026/08/17 00:01:17 [threads:2] Called from Duppy.queue in file "src/duppy.ml", line 357, characters 8-12
2026/08/17 00:01:17 [threads:2] Re-raised at Duppy.queue in file "src/duppy.ml", line 361, characters 8-17
2026/08/17 00:01:17 [threads:2] Called from Tutils.create.(fun).process in file "tools/tutils.ml", line 164, characters 12-15
2026/08/17 00:01:17 [threads:2] 
2026/08/17 00:01:17 [threads:1] PANIC: Liquidsoap has crashed, exiting.,
2026/08/17 00:01:17 [threads:1] Please report at: savonet-users@lists.sf.net
2026/08/17 00:01:22 [lang.deprecated:2] WARNING: "map_metadata" is deprecated and will be removed in future version. Please use "metadata.map" instead.
2026/08/17 00:01:22 [lang.deprecated:2] WARNING: "map_metadata" is deprecated and will be removed in future version. Please use "metadata.map" instead.
2026/08/17 00:01:22 [error_jingle:3] "/usr/local/share/icecast/web/error.mp3" is static, resolving once for all...
2026/08/17 00:01:22 [error_jingle:3] Prepared "/usr/local/share/icecast/web/error.mp3" (RID 6).
2026/08/17 00:01:22 [safe_fallback:3] Switch to error_jingle.
2026/08/17 00:01:22 [playlist_000_transition:3] Prepared "/var/azuracast/stations/evangile_du_royaume/media/jingles_de_transition_3.mp3" (RID 11).
2026/08/17 00:01:22 [safe_fallback:3] Switch to amplify_0 with transition.
2026/08/17 00:01:22 [live_fallback:3] Switch to cross_0.
2026/08/17 00:01:22 [interrupting_fallback:3] Switch to requests_fallback.
2026/08/17 00:01:22 [requests_fallback:3] Switch to autodj_fallback.
2026/08/17 00:01:22 [autodj_fallback:3] Switch to schedule_switch.
2026/08/17 00:01:22 [schedule_switch:3] Switch to metadata.map_0.
2026/08/17 00:01:33 [next_song:3] Prepared "/var/azuracast/stations/evangile_du_royaume/media/jingles_de_transition_3.mp3" (RID 14).
2026/08/17 00:03:34 [decoder:2] Decoding "/var/azuracast/stations/evangile_du_royaume/media/jingles_de_transition_3.mp3" ended: Ffmpeg_decoder.End_of_file.
2026/08/17 00:03:35 [playlist_bloc_a_serie_du_jour:3] Prepared "/var/azuracast/stations/evangile_du_royaume/media/Jingle/jingle_avant_message_04_bienvenue_sur_parole_prophetique_fm.mp3" (RID 7).
2026/08/17 00:03:35 [schedule_switch:3] Switch to cue_playlist_bloc_a_serie_du_jour with forgetful transition.
2026/08/17 00:03:35 [autodj_fallback:3] Switch to dynamic_startup with forgetful transition.
2026/08/17 00:03:35 [dynamic_startup:3] Switch to cue_next_song.
2026/08/17 00:05:47 [decoder:2] Decoding "/var/azuracast/stations/evangile_du_royaume/media/jingles_de_transition_3.mp3" ended: Ffmpeg_decoder.End_of_file.
2026/08/17 00:05:47 [next_song:3] Prepared "/var/azuracast/stations/evangile_du_royaume/media/Jingle/jingle_avant_message_04_bienvenue_sur_parole_prophetique_fm.mp3" (RID 15).
2026/08/17 00:05:54 [decoder:2] Decoding "/var/azuracast/stations/evangile_du_royaume/media/Jingle/jingle_avant_message_04_bienvenue_sur_parole_prophetique_fm.mp3" ended: Ffmpeg_decoder.End_of_file.
2026/08/17 00:05:55 [next_song:3] Prepared "/var/azuracast/stations/evangile_du_royaume/media/À la conquête du royaume/acr__angora_en_ce_jour_là,_que_devrons-nous_faire_part_3.mp3" (RID 16).
2026/08/17 01:14:31 [decoder:2] Decoding "/var/azuracast/stations/evangile_du_royaume/media/À la conquête du royaume/acr__angora_en_ce_jour_là,_que_devrons-nous_faire_part_3.mp3" ended: Ffmpeg_decoder.End_of_file.
2026/08/17 01:14:32 [next_song:3] Prepared "/var/azuracast/stations/evangile_du_royaume/media/Jingle/jingle_avant_bible_07_place_a_la_lecture_de_la_bible.mp3" (RID 17).
2026/08/17 01:14:42 [decoder:2] Decoding "/var/azuracast/stations/evangile_du_royaume/media/Jingle/jingle_avant_bible_07_place_a_la_lecture_de_la_bible.mp3" ended: Ffmpeg_decoder.End_of_file.
2026/08/17 01:14:42 [next_song:3] Prepared "/var/azuracast/stations/evangile_du_royaume/media/La bible/2_corinthiens_013.mp3" (RID 18).
2026/08/17 01:17:04 [decoder:2] Decoding "/var/azuracast/stations/evangile_du_royaume/media/La bible/2_corinthiens_013.mp3" ended: Ffmpeg_decoder.End_of_file.
2026/08/17 01:17:04 [next_song:3] Prepared "/var/azuracast/stations/evangile_du_royaume/media/La bible/galates_001.mp3" (RID 19).
2026/08/17 01:20:18 [decoder:2] Decoding "/var/azuracast/stations/evangile_du_royaume/media/La bible/galates_001.mp3" ended: Ffmpeg_decoder.End_of_file.
2026/08/17 01:20:19 [next_song:3] Prepared "/var/azuracast/stations/evangile_du_royaume/media/La bible/galates_002.mp3" (RID 20).
2026/08/17 01:24:24 [decoder:2] Decoding "/var/azuracast/stations/evangile_du_royaume/media/La bible/galates_002.mp3" ended: Ffmpeg_decoder.End_of_file.
2026/08/17 01:24:25 [next_song:3] Prepared "/var/azuracast/stations/evangile_du_royaume/media/La bible/galates_003.mp3" (RID 21).
2026/08/17 01:29:12 [decoder:2] Decoding "/var/azuracast/stations/evangile_du_royaume/media/La bible/galates_003.mp3" ended: Ffmpeg_decoder.End_of_file.
2026/08/17 01:29:12 [next_song:3] Prepared "/var/azuracast/stations/evangile_du_royaume/media/La bible/galates_004.mp3" (RID 22).
2026/08/17 01:33:39 [decoder:2] Decoding "/var/azuracast/stations/evangile_du_royaume/media/La bible/galates_004.mp3" ended: Ffmpeg_decoder.End_of_file.
2026/08/17 01:33:40 [next_song:3] Prepared "/var/azuracast/stations/evangile_du_royaume/media/La bible/galates_005.mp3" (RID 23).
2026/08/17 01:37:41 [decoder:2] Decoding "/var/azuracast/stations/evangile_du_royaume/media/La bible/galates_005.mp3" ended: Ffmpeg_decoder.End_of_file.
2026/08/17 01:37:41 [next_song:3] Prepared "/var/azuracast/stations/evangile_du_royaume/media/La bible/galates_006.mp3" (RID 24).
2026/08/17 01:40:24 [decoder:2] Decoding "/var/azuracast/stations/evangile_du_royaume/media/La bible/galates_006.mp3" ended: Ffmpeg_decoder.End_of_file.
2026/08/17 01:40:25 [next_song:3] Prepared "/var/azuracast/stations/evangile_du_royaume/media/La bible/amos_001.mp3" (RID 25).
2026/08/17 01:43:01 [decoder:2] Decoding "/var/azuracast/stations/evangile_du_royaume/media/La bible/amos_001.mp3" ended: Ffmpeg_decoder.End_of_file.
2026/08/17 01:43:02 [next_song:3] Prepared "/var/azuracast/stations/evangile_du_royaume/media/La bible/amos_002.mp3" (RID 26).
2026/08/17 01:45:29 [decoder:2] Decoding "/var/azuracast/stations/evangile_du_royaume/media/La bible/amos_002.mp3" ended: Ffmpeg_decoder.End_of_file.
2026/08/17 01:45:30 [next_song:3] Prepared "/var/azuracast/stations/evangile_du_royaume/media/La bible/amos_003.mp3" (RID 27).
2026/08/17 01:47:46 [decoder:2] Decoding "/var/azuracast/stations/evangile_du_royaume/media/La bible/amos_003.mp3" ended: Ffmpeg_decoder.End_of_file.
2026/08/17 01:47:46 [next_song:3] Prepared "/var/azuracast/stations/evangile_du_royaume/media/La bible/amos_004.mp3" (RID 28).
2026/08/17 01:50:27 [decoder:2] Decoding "/var/azuracast/stations/evangile_du_royaume/media/La bible/amos_004.mp3" ended: Ffmpeg_decoder.End_of_file.
2026/08/17 01:50:28 [next_song:3] Prepared "/var/azuracast/stations/evangile_du_royaume/media/La bible/amos_005.mp3" (RID 29).
2026/08/17 01:54:26 [decoder:2] Decoding "/var/azuracast/stations/evangile_du_royaume/media/La bible/amos_005.mp3" ended: Ffmpeg_decoder.End_of_file.
2026/08/17 01:54:26 [next_song:3] Prepared "/var/azuracast/stations/evangile_du_royaume/media/La bible/amos_006.mp3" (RID 30).
2026/08/17 01:56:45 [decoder:2] Decoding "/var/azuracast/stations/evangile_du_royaume/media/La bible/amos_006.mp3" ended: Ffmpeg_decoder.End_of_file.
2026/08/17 01:56:45 [next_song:3] Prepared "/var/azuracast/stations/evangile_du_royaume/media/La bible/amos_007.mp3" (RID 31).
2026/08/17 01:59:47 [decoder:2] Decoding "/var/azuracast/stations/evangile_du_royaume/media/La bible/amos_007.mp3" ended: Ffmpeg_decoder.End_of_file.
2026/08/17 01:59:48 [next_song:3] Prepared "/var/azuracast/stations/evangile_du_royaume/media/La bible/amos_008.mp3" (RID 32).
2026/08/17 02:02:15 [decoder:2] Decoding "/var/azuracast/stations/evangile_du_royaume/media/La bible/amos_008.mp3" ended: Ffmpeg_decoder.End_of_file.
2026/08/17 02:02:16 [next_song:3] Prepared "/var/azuracast/stations/evangile_du_royaume/media/La bible/amos_009.mp3" (RID 33).
2026/08/17 02:05:09 [decoder:2] Decoding "/var/azuracast/stations/evangile_du_royaume/media/La bible/amos_009.mp3" ended: Ffmpeg_decoder.End_of_file.
2026/08/17 02:05:10 [next_song:3] Prepared "/var/azuracast/stations/evangile_du_royaume/media/Jingle/jingle_avant_louange_07_voici_un_temps_de_louange.mp3" (RID 34).
2026/08/17 02:05:19 [decoder:2] Decoding "/var/azuracast/stations/evangile_du_royaume/media/Jingle/jingle_avant_louange_07_voici_un_temps_de_louange.mp3" ended: Ffmpeg_decoder.End_of_file.
2026/08/17 02:05:20 [next_song:3] Prepared "/var/azuracast/stations/evangile_du_royaume/media/Cantiques du royaume/cantique__-_qui_est_digne_d_ouvrir_le_livre.mp3" (RID 35).
2026/08/17 02:12:14 [decoder:2] Decoding "/var/azuracast/stations/evangile_du_royaume/media/Cantiques du royaume/cantique__-_qui_est_digne_d_ouvrir_le_livre.mp3" ended: Ffmpeg_decoder.End_of_file.
2026/08/17 02:12:14 [next_song:3] Prepared "/var/azuracast/stations/evangile_du_royaume/media/Worship/62 - All in All - CHF.mp3" (RID 36).
2026/08/17 02:16:51 [decoder:2] Decoding "/var/azuracast/stations/evangile_du_royaume/media/Worship/62 - All in All - CHF.mp3" ended: Ffmpeg_decoder.End_of_file.
2026/08/17 02:16:51 [next_song:3] Prepared "/var/azuracast/stations/evangile_du_royaume/media/Cantiques du royaume/cantique__tes_promesses__pub_direct_dec_2021_import_(2).mp3" (RID 37).
2026/08/17 02:24:06 [decoder:2] Decoding "/var/azuracast/stations/evangile_du_royaume/media/Cantiques du royaume/cantique__tes_promesses__pub_direct_dec_2021_import_(2).mp3" ended: Ffmpeg_decoder.End_of_file.
2026/08/17 02:24:06 [next_song:3] Prepared "/var/azuracast/stations/evangile_du_royaume/media/Cantiques du royaume/6-_igwe.mp3" (RID 38).
2026/08/17 02:29:13 [decoder:2] Decoding "/var/azuracast/stations/evangile_du_royaume/media/Cantiques du royaume/6-_igwe.mp3" ended: Ffmpeg_decoder.End_of_file.
2026/08/17 02:29:14 [next_song:3] Prepared "/var/azuracast/stations/evangile_du_royaume/media/Cantiques du royaume/jean-christ_-_6_minutes.mp3" (RID 39).
2026/08/17 02:35:51 [decoder:2] Decoding "/var/azuracast/stations/evangile_du_royaume/media/Cantiques du royaume/jean-christ_-_6_minutes.mp3" ended: Ffmpeg_decoder.End_of_file.
2026/08/17 02:35:52 [next_song:3] Prepared "/var/azuracast/stations/evangile_du_royaume/media/Worship/87 - We Shall Come - Asaba Fellowship.mp3" (RID 40).
2026/08/17 02:40:56 [decoder:2] Decoding "/var/azuracast/stations/evangile_du_royaume/media/Worship/87 - We Shall Come - Asaba Fellowship.mp3" ended: Ffmpeg_decoder.End_of_file.
2026/08/17 02:40:56 [next_song:3] Prepared "/var/azuracast/stations/evangile_du_royaume/media/Cantiques du royaume/5-il_sappelait_emmanuel_-_marcel_boungou__paroles.mp3" (RID 41).
2026/08/17 02:46:06 [decoder:2] Decoding "/var/azuracast/stations/evangile_du_royaume/media/Cantiques du royaume/5-il_sappelait_emmanuel_-_marcel_boungou__paroles.mp3" ended: Ffmpeg_decoder.End_of_file.
2026/08/17 02:46:07 [next_song:3] Prepared "/var/azuracast/stations/evangile_du_royaume/media/Cantiques du royaume/8-_mohamed_sanogo_hymne_des_vainqueurs.mp3" (RID 42).
2026/08/17 02:52:13 [decoder:2] Decoding "/var/azuracast/stations/evangile_du_royaume/media/Cantiques du royaume/8-_mohamed_sanogo_hymne_des_vainqueurs.mp3" ended: Ffmpeg_decoder.End_of_file.
2026/08/17 02:52:14 [next_song:3] Prepared "/var/azuracast/stations/evangile_du_royaume/media/Worship/12 - As We Worship - Toronto & Winnipeg HF.mp3" (RID 43).
2026/08/17 03:02:23 [decoder:2] Decoding "/var/azuracast/stations/evangile_du_royaume/media/Worship/12 - As We Worship - Toronto & Winnipeg HF.mp3" ended: Ffmpeg_decoder.End_of_file.
2026/08/17 03:02:24 [next_song:3] Prepared "/var/azuracast/stations/evangile_du_royaume/media/Jingle/jingle_avant_bible_08_prenons_un_moment_pour_ecouter_la_parole.mp3" (RID 44).
2026/08/17 03:02:30 [decoder:2] Decoding "/var/azuracast/stations/evangile_du_royaume/media/Jingle/jingle_avant_bible_08_prenons_un_moment_pour_ecouter_la_parole.mp3" ended: Ffmpeg_decoder.End_of_file.
2026/08/17 03:02:30 [next_song:3] Prepared "/var/azuracast/stations/evangile_du_royaume/media/La bible/ecclésiaste_007.mp3" (RID 45).
2026/08/17 03:06:12 [decoder:2] Decoding "/var/azuracast/stations/evangile_du_royaume/media/La bible/ecclésiaste_007.mp3" ended: Ffmpeg_decoder.End_of_file.
2026/08/17 03:06:12 [next_song:3] Prepared "/var/azuracast/stations/evangile_du_royaume/media/La bible/ecclésiaste_008.mp3" (RID 46).
2026/08/17 03:09:00 [decoder:2] Decoding "/var/azuracast/stations/evangile_du_royaume/media/La bible/ecclésiaste_008.mp3" ended: Ffmpeg_decoder.End_of_file.
2026/08/17 03:09:01 [next_song:3] Prepared "/var/azuracast/stations/evangile_du_royaume/media/La bible/ecclésiaste_009.mp3" (RID 47).
2026/08/17 03:12:12 [decoder:2] Decoding "/var/azuracast/stations/evangile_du_royaume/media/La bible/ecclésiaste_009.mp3" ended: Ffmpeg_decoder.End_of_file.
2026/08/17 03:12:12 [next_song:3] Prepared "/var/azuracast/stations/evangile_du_royaume/media/La bible/ecclésiaste_010.mp3" (RID 48).
