2026/10/08 00:00:46 [decoder:2] Decoding "/var/azuracast/stations/evangile_du_royaume/media/Cantiques du royaume/Cantique   Oh Éternel Dieu, Tu es le Dieu Incomparable.mp3" ended: Ffmpeg_decoder.End_of_file.
2026/10/08 00:00:46 [next_song:3] Prepared "/var/azuracast/stations/evangile_du_royaume/media/jingles_de_transition_1.mp3" (RID 1081).
2026/10/08 00:01:32 [threads:2] Queue generic queue #1 crashed with exception Sys_error("Condition.wait: Operation not permitted")
2026/10/08 00:01:32 [threads:2] Raised by primitive operation at Duppy.queue.run in file "src/duppy.ml", line 341, characters 6-32
2026/10/08 00:01:32 [threads:2] Called from Duppy.queue in file "src/duppy.ml", line 357, characters 8-12
2026/10/08 00:01:32 [threads:2] Re-raised at Duppy.queue in file "src/duppy.ml", line 361, characters 8-17
2026/10/08 00:01:32 [threads:2] Called from Tutils.create.(fun).process in file "tools/tutils.ml", line 164, characters 12-15
2026/10/08 00:01:32 [threads:2] 
2026/10/08 00:01:32 [threads:1] PANIC: Liquidsoap has crashed, exiting.,
2026/10/08 00:01:32 [threads:1] Please report at: savonet-users@lists.sf.net
2026/10/08 00:01:37 [lang.deprecated:2] WARNING: "map_metadata" is deprecated and will be removed in future version. Please use "metadata.map" instead.
2026/10/08 00:01:37 [lang.deprecated:2] WARNING: "map_metadata" is deprecated and will be removed in future version. Please use "metadata.map" instead.
2026/10/08 00:01:37 [error_jingle:3] "/usr/local/share/icecast/web/error.mp3" is static, resolving once for all...
2026/10/08 00:01:37 [error_jingle:3] Prepared "/usr/local/share/icecast/web/error.mp3" (RID 7).
2026/10/08 00:01:37 [safe_fallback:3] Switch to error_jingle.
2026/10/08 00:01:38 [playlist_000_transition:3] Prepared "/var/azuracast/stations/evangile_du_royaume/media/jingles_de_transition_2.mp3" (RID 12).
2026/10/08 00:01:38 [safe_fallback:3] Switch to amplify_0 with transition.
2026/10/08 00:01:38 [live_fallback:3] Switch to cross_0.
2026/10/08 00:01:38 [interrupting_fallback:3] Switch to requests_fallback.
2026/10/08 00:01:38 [requests_fallback:3] Switch to autodj_fallback.
2026/10/08 00:01:38 [autodj_fallback:3] Switch to schedule_switch.
2026/10/08 00:01:38 [schedule_switch:3] Switch to metadata.map_0.
2026/10/08 00:01:49 [next_song:3] Prepared "/var/azuracast/stations/evangile_du_royaume/media/Jingle/jingle_musical_station_fm_parole_prophetique_01.mp3" (RID 16).
2026/10/08 00:03:07 [decoder:2] Decoding "/var/azuracast/stations/evangile_du_royaume/media/jingles_de_transition_2.mp3" ended: Ffmpeg_decoder.End_of_file.
2026/10/08 00:03:07 [playlist_bloc_a_serie_du_jour:3] Prepared "/var/azuracast/stations/evangile_du_royaume/media/Jingle/jingle_avant_message_04_bienvenue_sur_parole_prophetique_fm.mp3" (RID 8).
2026/10/08 00:03:07 [schedule_switch:3] Switch to cue_playlist_bloc_a_serie_du_jour with forgetful transition.
2026/10/08 00:03:07 [autodj_fallback:3] Switch to dynamic_startup with forgetful transition.
2026/10/08 00:03:07 [dynamic_startup:3] Switch to cue_next_song.
2026/10/08 00:03:16 [decoder:2] Decoding "/var/azuracast/stations/evangile_du_royaume/media/Jingle/jingle_musical_station_fm_parole_prophetique_01.mp3" ended: Ffmpeg_decoder.End_of_file.
2026/10/08 00:03:17 [next_song:3] Prepared "/var/azuracast/stations/evangile_du_royaume/media/Jingle/jingle_avant_message_04_bienvenue_sur_parole_prophetique_fm.mp3" (RID 17).
2026/10/08 00:03:27 [decoder:2] Decoding "/var/azuracast/stations/evangile_du_royaume/media/Jingle/jingle_avant_message_04_bienvenue_sur_parole_prophetique_fm.mp3" ended: Ffmpeg_decoder.End_of_file.
2026/10/08 00:03:27 [next_song:3] Prepared "/var/azuracast/stations/evangile_du_royaume/media/Jingle/jingle_avant_message_04_bienvenue_sur_parole_prophetique_fm.mp3" (RID 18).
2026/10/08 00:03:37 [decoder:2] Decoding "/var/azuracast/stations/evangile_du_royaume/media/Jingle/jingle_avant_message_04_bienvenue_sur_parole_prophetique_fm.mp3" ended: Ffmpeg_decoder.End_of_file.
2026/10/08 00:03:37 [next_song:3] Prepared "/var/azuracast/stations/evangile_du_royaume/media/À la conquête du royaume/acr__angora_en_ce_jour_là,_que_devrons-nous_faire_part_1.mp3" (RID 19).
2026/10/08 01:09:03 [clock.main:2] We must catchup 1.09 seconds!
2026/10/08 01:15:38 [decoder:2] Decoding "/var/azuracast/stations/evangile_du_royaume/media/À la conquête du royaume/acr__angora_en_ce_jour_là,_que_devrons-nous_faire_part_1.mp3" ended: Ffmpeg_decoder.End_of_file.
2026/10/08 01:15:38 [next_song:3] Prepared "/var/azuracast/stations/evangile_du_royaume/media/Jingle/jingle_avant_bible_06_ouvrons_les_saintes_ecritures.mp3" (RID 20).
2026/10/08 01:15:48 [decoder:2] Decoding "/var/azuracast/stations/evangile_du_royaume/media/Jingle/jingle_avant_bible_06_ouvrons_les_saintes_ecritures.mp3" ended: Ffmpeg_decoder.End_of_file.
2026/10/08 01:15:49 [next_song:3] Prepared "/var/azuracast/stations/evangile_du_royaume/media/La bible/esdras_001.mp3" (RID 21).
2026/10/08 01:17:41 [decoder:2] Decoding "/var/azuracast/stations/evangile_du_royaume/media/La bible/esdras_001.mp3" ended: Ffmpeg_decoder.End_of_file.
2026/10/08 01:17:41 [next_song:3] Prepared "/var/azuracast/stations/evangile_du_royaume/media/La bible/esdras_002.mp3" (RID 22).
2026/10/08 01:23:49 [decoder:2] Decoding "/var/azuracast/stations/evangile_du_royaume/media/La bible/esdras_002.mp3" ended: Ffmpeg_decoder.End_of_file.
2026/10/08 01:23:49 [next_song:3] Prepared "/var/azuracast/stations/evangile_du_royaume/media/La bible/esdras_003.mp3" (RID 23).
2026/10/08 01:26:42 [decoder:2] Decoding "/var/azuracast/stations/evangile_du_royaume/media/La bible/esdras_003.mp3" ended: Ffmpeg_decoder.End_of_file.
2026/10/08 01:26:43 [next_song:3] Prepared "/var/azuracast/stations/evangile_du_royaume/media/La bible/esdras_004.mp3" (RID 24).
2026/10/08 01:31:04 [decoder:2] Decoding "/var/azuracast/stations/evangile_du_royaume/media/La bible/esdras_004.mp3" ended: Ffmpeg_decoder.End_of_file.
2026/10/08 01:31:05 [next_song:3] Prepared "/var/azuracast/stations/evangile_du_royaume/media/La bible/esdras_005.mp3" (RID 25).
2026/10/08 01:34:09 [decoder:2] Decoding "/var/azuracast/stations/evangile_du_royaume/media/La bible/esdras_005.mp3" ended: Ffmpeg_decoder.End_of_file.
2026/10/08 01:34:10 [next_song:3] Prepared "/var/azuracast/stations/evangile_du_royaume/media/La bible/esdras_006.mp3" (RID 26).
2026/10/08 01:38:19 [decoder:2] Decoding "/var/azuracast/stations/evangile_du_royaume/media/La bible/esdras_006.mp3" ended: Ffmpeg_decoder.End_of_file.
2026/10/08 01:38:20 [next_song:3] Prepared "/var/azuracast/stations/evangile_du_royaume/media/La bible/esdras_007.mp3" (RID 27).
2026/10/08 01:42:50 [decoder:2] Decoding "/var/azuracast/stations/evangile_du_royaume/media/La bible/esdras_007.mp3" ended: Ffmpeg_decoder.End_of_file.
2026/10/08 01:42:51 [next_song:3] Prepared "/var/azuracast/stations/evangile_du_royaume/media/La bible/esdras_008.mp3" (RID 28).
2026/10/08 01:48:30 [decoder:2] Decoding "/var/azuracast/stations/evangile_du_royaume/media/La bible/esdras_008.mp3" ended: Ffmpeg_decoder.End_of_file.
2026/10/08 01:48:31 [next_song:3] Prepared "/var/azuracast/stations/evangile_du_royaume/media/La bible/esdras_009.mp3" (RID 29).
2026/10/08 01:52:02 [decoder:2] Decoding "/var/azuracast/stations/evangile_du_royaume/media/La bible/esdras_009.mp3" ended: Ffmpeg_decoder.End_of_file.
2026/10/08 01:52:03 [next_song:3] Prepared "/var/azuracast/stations/evangile_du_royaume/media/La bible/esdras_010.mp3" (RID 30).
2026/10/08 09:00:57 [decoder:2] Decoding "/var/azuracast/stations/evangile_du_royaume/media/La bible/genèse_036.mp3" ended: Ffmpeg_decoder.End_of_file.
2026/10/08 09:00:58 [next_song:3] Prepared "/var/azuracast/stations/evangile_du_royaume/media/La bible/genèse_037.mp3" (RID 109).
2026/10/08 09:06:50 [decoder:2] Decoding "/var/azuracast/stations/evangile_du_royaume/media/La bible/genèse_037.mp3" ended: Ffmpeg_decoder.End_of_file.
2026/10/08 09:06:50 [next_song:3] Prepared "/var/azuracast/stations/evangile_du_royaume/media/La bible/genèse_038.mp3" (RID 110).
2026/10/08 09:11:56 [decoder:2] Decoding "/var/azuracast/stations/evangile_du_royaume/media/La bible/genèse_038.mp3" ended: Ffmpeg_decoder.End_of_file.
2026/10/08 09:11:56 [next_song:3] Prepared "/var/azuracast/stations/evangile_du_royaume/media/La bible/genèse_039.mp3" (RID 111).
2026/10/08 09:15:50 [decoder:2] Decoding "/var/azuracast/stations/evangile_du_royaume/media/La bible/genèse_039.mp3" ended: Ffmpeg_decoder.End_of_file.
2026/10/08 09:15:50 [next_song:3] Prepared "/var/azuracast/stations/evangile_du_royaume/media/La bible/genèse_040.mp3" (RID 112).
2026/10/08 09:19:37 [decoder:2] Decoding "/var/azuracast/stations/evangile_du_royaume/media/La bible/genèse_040.mp3" ended: Ffmpeg_decoder.End_of_file.
2026/10/08 09:19:38 [next_song:3] Prepared "/var/azuracast/stations/evangile_du_royaume/media/Jingle/jingle_avant_louange_07_voici_un_temps_de_louange.mp3" (RID 113).
2026/10/08 09:19:51 [decoder:2] Decoding "/var/azuracast/stations/evangile_du_royaume/media/Jingle/jingle_avant_louange_07_voici_un_temps_de_louange.mp3" ended: Ffmpeg_decoder.End_of_file.
2026/10/08 09:19:51 [next_song:3] Prepared "/var/azuracast/stations/evangile_du_royaume/media/Cantiques du royaume/cantique__-_qui_est_digne_d_ouvrir_le_livre.mp3" (RID 114).
2026/10/08 09:26:45 [decoder:2] Decoding "/var/azuracast/stations/evangile_du_royaume/media/Cantiques du royaume/cantique__-_qui_est_digne_d_ouvrir_le_livre.mp3" ended: Ffmpeg_decoder.End_of_file.
2026/10/08 09:26:46 [next_song:3] Prepared "/var/azuracast/stations/evangile_du_royaume/media/Cantiques du royaume/Cantiques  Il a pris mes iniquités.mp3" (RID 115).
2026/10/08 09:34:19 [decoder:2] Decoding "/var/azuracast/stations/evangile_du_royaume/media/Cantiques du royaume/Cantiques  Il a pris mes iniquités.mp3" ended: Ffmpeg_decoder.End_of_file.
2026/10/08 09:34:20 [next_song:3] Prepared "/var/azuracast/stations/evangile_du_royaume/media/Worship/29 - Thy Throne Oh Lord - Ketu HF.mp3" (RID 116).
2026/10/08 09:43:59 [decoder:2] Decoding "/var/azuracast/stations/evangile_du_royaume/media/Worship/29 - Thy Throne Oh Lord - Ketu HF.mp3" ended: Ffmpeg_decoder.End_of_file.
2026/10/08 09:44:00 [next_song:3] Prepared "/var/azuracast/stations/evangile_du_royaume/media/Worship/01 - There Is Forgiveness In Thee - SWBN TV.mp3" (RID 117).
2026/10/08 09:50:04 [decoder:2] Decoding "/var/azuracast/stations/evangile_du_royaume/media/Worship/01 - There Is Forgiveness In Thee - SWBN TV.mp3" ended: Ffmpeg_decoder.End_of_file.
2026/10/08 09:50:05 [next_song:3] Prepared "/var/azuracast/stations/evangile_du_royaume/media/Worship/59 - Ascribe Greatness - PHF.mp3" (RID 118).
2026/10/08 09:54:05 [decoder:2] Decoding "/var/azuracast/stations/evangile_du_royaume/media/Worship/59 - Ascribe Greatness - PHF.mp3" ended: Ffmpeg_decoder.End_of_file.
2026/10/08 09:54:06 [next_song:3] Prepared "/var/azuracast/stations/evangile_du_royaume/media/Worship/13 - For By My God - Toronto & Winnipeg HF.mp3" (RID 119).
2026/10/08 10:01:24 [decoder:2] Decoding "/var/azuracast/stations/evangile_du_royaume/media/Worship/13 - For By My God - Toronto & Winnipeg HF.mp3" ended: Ffmpeg_decoder.End_of_file.
2026/10/08 10:01:24 [next_song:3] Prepared "/var/azuracast/stations/evangile_du_royaume/media/Cantiques du royaume/Cantique l_Éternel est mon Berger (1).mp3" (RID 120).
2026/10/08 10:07:04 [decoder:2] Decoding "/var/azuracast/stations/evangile_du_royaume/media/Cantiques du royaume/Cantique l_Éternel est mon Berger (1).mp3" ended: Ffmpeg_decoder.End_of_file.
2026/10/08 10:07:05 [next_song:3] Prepared "/var/azuracast/stations/evangile_du_royaume/media/SWBN Lead Concert Live Worship/07 - There is no Lie (Imah Adegoke & Mary Umoh).mp3" (RID 121).
2026/10/08 10:13:56 [decoder:2] Decoding "/var/azuracast/stations/evangile_du_royaume/media/SWBN Lead Concert Live Worship/07 - There is no Lie (Imah Adegoke & Mary Umoh).mp3" ended: Ffmpeg_decoder.End_of_file.
2026/10/08 10:13:56 [next_song:3] Prepared "/var/azuracast/stations/evangile_du_royaume/media/Jingle/jingle_avant_bible_06_ouvrons_les_saintes_ecritures.mp3" (RID 122).
2026/10/08 10:14:06 [decoder:2] Decoding "/var/azuracast/stations/evangile_du_royaume/media/Jingle/jingle_avant_bible_06_ouvrons_les_saintes_ecritures.mp3" ended: Ffmpeg_decoder.End_of_file.
2026/10/08 10:14:07 [next_song:3] Prepared "/var/azuracast/stations/evangile_du_royaume/media/La bible/psaumes_043.mp3" (RID 123).
2026/10/08 10:14:50 [decoder:2] Decoding "/var/azuracast/stations/evangile_du_royaume/media/La bible/psaumes_043.mp3" ended: Ffmpeg_decoder.End_of_file.
2026/10/08 10:14:50 [next_song:3] Prepared "/var/azuracast/stations/evangile_du_royaume/media/La bible/psaumes_044.mp3" (RID 124).
2026/10/08 10:17:17 [decoder:2] Decoding "/var/azuracast/stations/evangile_du_royaume/media/La bible/psaumes_044.mp3" ended: Ffmpeg_decoder.End_of_file.
2026/10/08 10:17:18 [next_song:3] Prepared "/var/azuracast/stations/evangile_du_royaume/media/La bible/psaumes_045.mp3" (RID 125).
2026/10/08 10:19:17 [decoder:2] Decoding "/var/azuracast/stations/evangile_du_royaume/media/La bible/psaumes_045.mp3" ended: Ffmpeg_decoder.End_of_file.
2026/10/08 10:19:17 [next_song:3] Prepared "/var/azuracast/stations/evangile_du_royaume/media/La bible/psaumes_046.mp3" (RID 126).
2026/10/08 10:20:27 [decoder:2] Decoding "/var/azuracast/stations/evangile_du_royaume/media/La bible/psaumes_046.mp3" ended: Ffmpeg_decoder.End_of_file.
2026/10/08 10:20:28 [next_song:3] Prepared "/var/azuracast/stations/evangile_du_royaume/media/La bible/psaumes_047.mp3" (RID 127).
2026/10/08 10:21:13 [decoder:2] Decoding "/var/azuracast/stations/evangile_du_royaume/media/La bible/psaumes_047.mp3" ended: Ffmpeg_decoder.End_of_file.
2026/10/08 10:21:14 [next_song:3] Prepared "/var/azuracast/stations/evangile_du_royaume/media/La bible/psaumes_048.mp3" (RID 128).
2026/10/08 10:22:37 [decoder:2] Decoding "/var/azuracast/stations/evangile_du_royaume/media/La bible/psaumes_048.mp3" ended: Ffmpeg_decoder.End_of_file.
2026/10/08 10:22:37 [next_song:3] Prepared "/var/azuracast/stations/evangile_du_royaume/media/La bible/psaumes_049.mp3" (RID 129).
2026/10/08 10:24:26 [decoder:2] Decoding "/var/azuracast/stations/evangile_du_royaume/media/La bible/psaumes_049.mp3" ended: Ffmpeg_decoder.End_of_file.
2026/10/08 10:24:27 [next_song:3] Prepared "/var/azuracast/stations/evangile_du_royaume/media/La bible/psaumes_050.mp3" (RID 130).
2026/10/08 10:26:33 [decoder:2] Decoding "/var/azuracast/stations/evangile_du_royaume/media/La bible/psaumes_050.mp3" ended: Ffmpeg_decoder.End_of_file.
2026/10/08 10:26:34 [next_song:3] Prepared "/var/azuracast/stations/evangile_du_royaume/media/La bible/psaumes_051.mp3" (RID 131).
2026/10/08 10:28:30 [decoder:2] Decoding "/var/azuracast/stations/evangile_du_royaume/media/La bible/psaumes_051.mp3" ended: Ffmpeg_decoder.End_of_file.
2026/10/08 10:28:30 [next_song:3] Prepared "/var/azuracast/stations/evangile_du_royaume/media/La bible/psaumes_052.mp3" (RID 132).
2026/10/08 10:29:31 [decoder:2] Decoding "/var/azuracast/stations/evangile_du_royaume/media/La bible/psaumes_052.mp3" ended: Ffmpeg_decoder.End_of_file.
2026/10/08 10:29:32 [next_song:3] Prepared "/var/azuracast/stations/evangile_du_royaume/media/La bible/psaumes_053.mp3" (RID 133).
2026/10/08 10:30:25 [decoder:2] Decoding "/var/azuracast/stations/evangile_du_royaume/media/La bible/psaumes_053.mp3" ended: Ffmpeg_decoder.End_of_file.
2026/10/08 10:30:26 [next_song:3] Prepared "/var/azuracast/stations/evangile_du_royaume/media/La bible/psaumes_054.mp3" (RID 134).
2026/10/08 10:31:05 [decoder:2] Decoding "/var/azuracast/stations/evangile_du_royaume/media/La bible/psaumes_054.mp3" ended: Ffmpeg_decoder.End_of_file.
2026/10/08 10:31:05 [next_song:3] Prepared "/var/azuracast/stations/evangile_du_royaume/media/La bible/psaumes_055.mp3" (RID 135).
2026/10/08 10:33:31 [decoder:2] Decoding "/var/azuracast/stations/evangile_du_royaume/media/La bible/psaumes_055.mp3" ended: Ffmpeg_decoder.End_of_file.
2026/10/08 10:33:31 [next_song:3] Prepared "/var/azuracast/stations/evangile_du_royaume/media/La bible/psaumes_056.mp3" (RID 136).
2026/10/08 10:34:47 [decoder:2] Decoding "/var/azuracast/stations/evangile_du_royaume/media/La bible/psaumes_056.mp3" ended: Ffmpeg_decoder.End_of_file.
2026/10/08 10:34:48 [next_song:3] Prepared "/var/azuracast/stations/evangile_du_royaume/media/La bible/psaumes_057.mp3" (RID 137).
2026/10/08 10:36:04 [decoder:2] Decoding "/var/azuracast/stations/evangile_du_royaume/media/La bible/psaumes_057.mp3" ended: Ffmpeg_decoder.End_of_file.
2026/10/08 10:36:04 [next_song:3] Prepared "/var/azuracast/stations/evangile_du_royaume/media/La bible/psaumes_058.mp3" (RID 138).
2026/10/08 10:37:16 [decoder:2] Decoding "/var/azuracast/stations/evangile_du_royaume/media/La bible/psaumes_058.mp3" ended: Ffmpeg_decoder.End_of_file.
2026/10/08 10:37:16 [next_song:3] Prepared "/var/azuracast/stations/evangile_du_royaume/media/La bible/psaumes_059.mp3" (RID 139).
2026/10/08 10:39:16 [decoder:2] Decoding "/var/azuracast/stations/evangile_du_royaume/media/La bible/psaumes_059.mp3" ended: Ffmpeg_decoder.End_of_file.
2026/10/08 10:39:17 [next_song:3] Prepared "/var/azuracast/stations/evangile_du_royaume/media/La bible/psaumes_060.mp3" (RID 140).
2026/10/08 10:40:31 [decoder:2] Decoding "/var/azuracast/stations/evangile_du_royaume/media/La bible/psaumes_060.mp3" ended: Ffmpeg_decoder.End_of_file.
2026/10/08 10:40:32 [next_song:3] Prepared "/var/azuracast/stations/evangile_du_royaume/media/La bible/psaumes_061.mp3" (RID 141).
2026/10/08 10:41:17 [decoder:2] Decoding "/var/azuracast/stations/evangile_du_royaume/media/La bible/psaumes_061.mp3" ended: Ffmpeg_decoder.End_of_file.
2026/10/08 10:41:17 [next_song:3] Prepared "/var/azuracast/stations/evangile_du_royaume/media/La bible/psaumes_062.mp3" (RID 142).
2026/10/08 10:42:45 [decoder:2] Decoding "/var/azuracast/stations/evangile_du_royaume/media/La bible/psaumes_062.mp3" ended: Ffmpeg_decoder.End_of_file.
2026/10/08 10:42:45 [next_song:3] Prepared "/var/azuracast/stations/evangile_du_royaume/media/La bible/psaumes_063.mp3" (RID 143).
2026/10/08 10:43:49 [decoder:2] Decoding "/var/azuracast/stations/evangile_du_royaume/media/La bible/psaumes_063.mp3" ended: Ffmpeg_decoder.End_of_file.
2026/10/08 10:43:49 [next_song:3] Prepared "/var/azuracast/stations/evangile_du_royaume/media/La bible/psaumes_064.mp3" (RID 144).
2026/10/08 10:44:48 [decoder:2] Decoding "/var/azuracast/stations/evangile_du_royaume/media/La bible/psaumes_064.mp3" ended: Ffmpeg_decoder.End_of_file.
2026/10/08 10:44:49 [next_song:3] Prepared "/var/azuracast/stations/evangile_du_royaume/media/La bible/psaumes_065.mp3" (RID 145).
2026/10/08 10:46:15 [decoder:2] Decoding "/var/azuracast/stations/evangile_du_royaume/media/La bible/psaumes_065.mp3" ended: Ffmpeg_decoder.End_of_file.
2026/10/08 10:46:16 [next_song:3] Prepared "/var/azuracast/stations/evangile_du_royaume/media/La bible/psaumes_066.mp3" (RID 146).
2026/10/08 10:48:13 [decoder:2] Decoding "/var/azuracast/stations/evangile_du_royaume/media/La bible/psaumes_066.mp3" ended: Ffmpeg_decoder.End_of_file.
2026/10/08 10:48:13 [next_song:3] Prepared "/var/azuracast/stations/evangile_du_royaume/media/La bible/psaumes_067.mp3" (RID 147).
2026/10/08 10:48:48 [decoder:2] Decoding "/var/azuracast/stations/evangile_du_royaume/media/La bible/psaumes_067.mp3" ended: Ffmpeg_decoder.End_of_file.
2026/10/08 10:48:48 [next_song:3] Prepared "/var/azuracast/stations/evangile_du_royaume/media/La bible/psaumes_068.mp3" (RID 148).
2026/10/08 10:52:50 [decoder:2] Decoding "/var/azuracast/stations/evangile_du_royaume/media/La bible/psaumes_068.mp3" ended: Ffmpeg_decoder.End_of_file.
2026/10/08 10:52:50 [next_song:3] Prepared "/var/azuracast/stations/evangile_du_royaume/media/Jingle/jingle_avant_louange_06_que_la_louange_seleve.mp3" (RID 149).
2026/10/08 10:53:01 [decoder:2] Decoding "/var/azuracast/stations/evangile_du_royaume/media/Jingle/jingle_avant_louange_06_que_la_louange_seleve.mp3" ended: Ffmpeg_decoder.End_of_file.
2026/10/08 10:53:01 [next_song:3] Prepared "/var/azuracast/stations/evangile_du_royaume/media/Cantiques du royaume/cantique___il_s_est_lui-même_humilié.mp3" (RID 150).
2026/10/08 10:58:26 [decoder:2] Decoding "/var/azuracast/stations/evangile_du_royaume/media/Cantiques du royaume/cantique___il_s_est_lui-même_humilié.mp3" ended: Ffmpeg_decoder.End_of_file.
2026/10/08 10:58:27 [next_song:3] Prepared "/var/azuracast/stations/evangile_du_royaume/media/Worship/91 - Ella Samuels - Oh Lord Our Maker.mp3" (RID 151).
2026/10/08 11:04:09 [decoder:2] Decoding "/var/azuracast/stations/evangile_du_royaume/media/Worship/91 - Ella Samuels - Oh Lord Our Maker.mp3" ended: Ffmpeg_decoder.End_of_file.
2026/10/08 11:04:09 [next_song:3] Prepared "/var/azuracast/stations/evangile_du_royaume/media/Worship/47 - You Are the Captain of the Host - Toronto HF.mp3" (RID 152).
2026/10/08 11:07:04 [decoder:2] Decoding "/var/azuracast/stations/evangile_du_royaume/media/Worship/47 - You Are the Captain of the Host - Toronto HF.mp3" ended: Ffmpeg_decoder.End_of_file.
2026/10/08 11:07:04 [next_song:3] Prepared "/var/azuracast/stations/evangile_du_royaume/media/Worship/79 - The Lord is my Light and Salvation - Nonso Njoku.mp3" (RID 153).
2026/10/08 11:10:05 [decoder:2] Decoding "/var/azuracast/stations/evangile_du_royaume/media/Worship/79 - The Lord is my Light and Salvation - Nonso Njoku.mp3" ended: Ffmpeg_decoder.End_of_file.
2026/10/08 11:10:05 [next_song:3] Prepared "/var/azuracast/stations/evangile_du_royaume/media/Cantiques du royaume/9-_sylvain_akouala_le_bien-etre_universel.mp3" (RID 154).
2026/10/08 11:16:30 [decoder:2] Decoding "/var/azuracast/stations/evangile_du_royaume/media/Cantiques du royaume/9-_sylvain_akouala_le_bien-etre_universel.mp3" ended: Ffmpeg_decoder.End_of_file.
2026/10/08 11:16:30 [next_song:3] Prepared "/var/azuracast/stations/evangile_du_royaume/media/Worship/69 - We Bless You Wonderful God  - Winnipeg Fellowship.mp3" (RID 155).
2026/10/08 11:23:31 [decoder:2] Decoding "/var/azuracast/stations/evangile_du_royaume/media/Worship/69 - We Bless You Wonderful God  - Winnipeg Fellowship.mp3" ended: Ffmpeg_decoder.End_of_file.
2026/10/08 11:23:32 [next_song:3] Prepared "/var/azuracast/stations/evangile_du_royaume/media/Cantiques du royaume/jean-christ_-_10_minutes.mp3" (RID 156).
2026/10/08 11:32:52 [decoder:2] Decoding "/var/azuracast/stations/evangile_du_royaume/media/Cantiques du royaume/jean-christ_-_10_minutes.mp3" ended: Ffmpeg_decoder.End_of_file.
2026/10/08 11:32:53 [next_song:3] Prepared "/var/azuracast/stations/evangile_du_royaume/media/SWBN Lead Concert Live Worship/06 - Yahweh is Mighty (Imah Adegoke).mp3" (RID 157).
2026/10/08 11:40:47 [decoder:2] Decoding "/var/azuracast/stations/evangile_du_royaume/media/SWBN Lead Concert Live Worship/06 - Yahweh is Mighty (Imah Adegoke).mp3" ended: Ffmpeg_decoder.End_of_file.
2026/10/08 11:40:47 [next_song:3] Prepared "/var/azuracast/stations/evangile_du_royaume/media/Jingle/jingle_id_station_02_radio_evangile_du_royaume.mp3" (RID 158).
2026/10/08 11:40:57 [decoder:2] Decoding "/var/azuracast/stations/evangile_du_royaume/media/Jingle/jingle_id_station_02_radio_evangile_du_royaume.mp3" ended: Ffmpeg_decoder.End_of_file.
2026/10/08 11:40:57 [next_song:3] Prepared "/var/azuracast/stations/evangile_du_royaume/media/La bible/deutéronome_022.mp3" (RID 159).
2026/10/08 11:45:25 [decoder:2] Decoding "/var/azuracast/stations/evangile_du_royaume/media/La bible/deutéronome_022.mp3" ended: Ffmpeg_decoder.End_of_file.
2026/10/08 11:45:25 [next_song:3] Prepared "/var/azuracast/stations/evangile_du_royaume/media/La bible/deutéronome_023.mp3" (RID 160).
2026/10/08 11:49:06 [decoder:2] Decoding "/var/azuracast/stations/evangile_du_royaume/media/La bible/deutéronome_023.mp3" ended: Ffmpeg_decoder.End_of_file.
2026/10/08 11:49:06 [next_song:3] Prepared "/var/azuracast/stations/evangile_du_royaume/media/La bible/deutéronome_024.mp3" (RID 161).
2026/10/08 11:52:46 [decoder:2] Decoding "/var/azuracast/stations/evangile_du_royaume/media/La bible/deutéronome_024.mp3" ended: Ffmpeg_decoder.End_of_file.
2026/10/08 11:52:46 [next_song:3] Prepared "/var/azuracast/stations/evangile_du_royaume/media/La bible/deutéronome_025.mp3" (RID 162).
2026/10/08 11:55:44 [decoder:2] Decoding "/var/azuracast/stations/evangile_du_royaume/media/La bible/deutéronome_025.mp3" ended: Ffmpeg_decoder.End_of_file.
2026/10/08 11:55:45 [next_song:3] Prepared "/var/azuracast/stations/evangile_du_royaume/media/La bible/deutéronome_026.mp3" (RID 163).
2026/10/08 11:59:24 [decoder:2] Decoding "/var/azuracast/stations/evangile_du_royaume/media/La bible/deutéronome_026.mp3" ended: Ffmpeg_decoder.End_of_file.
2026/10/08 11:59:24 [next_song:3] Prepared "/var/azuracast/stations/evangile_du_royaume/media/Jingle/jingle_id_station_03_notre_mission_annonce_levangile.mp3" (RID 164).
2026/10/08 11:59:36 [decoder:2] Decoding "/var/azuracast/stations/evangile_du_royaume/media/Jingle/jingle_id_station_03_notre_mission_annonce_levangile.mp3" ended: Ffmpeg_decoder.End_of_file.
2026/10/08 11:59:36 [next_song:3] Prepared "/var/azuracast/stations/evangile_du_royaume/media/Jingle/jingle_id_station_01_la_bonne_nouvelle_partout.mp3" (RID 165).
2026/10/08 11:59:45 [decoder:2] Decoding "/var/azuracast/stations/evangile_du_royaume/media/Jingle/jingle_id_station_01_la_bonne_nouvelle_partout.mp3" ended: Ffmpeg_decoder.End_of_file.
2026/10/08 11:59:46 [next_song:3] Prepared "/var/azuracast/stations/evangile_du_royaume/media/Jingle/jingle_avant_bible_07_place_a_la_lecture_de_la_bible.mp3" (RID 166).
2026/10/08 11:59:59 [decoder:2] Decoding "/var/azuracast/stations/evangile_du_royaume/media/Jingle/jingle_avant_bible_07_place_a_la_lecture_de_la_bible.mp3" ended: Ffmpeg_decoder.End_of_file.
2026/10/08 11:59:59 [next_song:3] Prepared "/var/azuracast/stations/evangile_du_royaume/media/Jingle/jingle_avant_message_04_bienvenue_sur_parole_prophetique_fm.mp3" (RID 167).
2026/10/08 12:00:09 [decoder:2] Decoding "/var/azuracast/stations/evangile_du_royaume/media/Jingle/jingle_avant_message_04_bienvenue_sur_parole_prophetique_fm.mp3" ended: Ffmpeg_decoder.End_of_file.
2026/10/08 12:00:10 [next_song:3] Prepared "/var/azuracast/stations/evangile_du_royaume/media/Jingle/jingle_avant_message_03_vous_ecoutez_parole_prophetique_fm.mp3" (RID 168).
2026/10/08 12:00:18 [decoder:2] Decoding "/var/azuracast/stations/evangile_du_royaume/media/Jingle/jingle_avant_message_03_vous_ecoutez_parole_prophetique_fm.mp3" ended: Ffmpeg_decoder.End_of_file.
2026/10/08 12:00:19 [next_song:3] Prepared "/var/azuracast/stations/evangile_du_royaume/media/À la conquête du royaume/acr__angora_en_ce_jour_là,_que_devrons-nous_faire_part_1.mp3" (RID 169).
2026/10/08 13:12:19 [decoder:2] Decoding "/var/azuracast/stations/evangile_du_royaume/media/À la conquête du royaume/acr__angora_en_ce_jour_là,_que_devrons-nous_faire_part_1.mp3" ended: Ffmpeg_decoder.End_of_file.
2026/10/08 13:12:20 [next_song:3] Prepared "/var/azuracast/stations/evangile_du_royaume/media/Jingle/jingle_avant_bible_06_ouvrons_les_saintes_ecritures.mp3" (RID 170).
2026/10/08 13:12:30 [decoder:2] Decoding "/var/azuracast/stations/evangile_du_royaume/media/Jingle/jingle_avant_bible_06_ouvrons_les_saintes_ecritures.mp3" ended: Ffmpeg_decoder.End_of_file.
2026/10/08 13:12:30 [next_song:3] Prepared "/var/azuracast/stations/evangile_du_royaume/media/La bible/actes_023.mp3" (RID 171).
2026/10/08 13:17:56 [decoder:2] Decoding "/var/azuracast/stations/evangile_du_royaume/media/La bible/actes_023.mp3" ended: Ffmpeg_decoder.End_of_file.
2026/10/08 13:17:57 [next_song:3] Prepared "/var/azuracast/stations/evangile_du_royaume/media/La bible/actes_024.mp3" (RID 172).
2026/10/08 13:21:58 [decoder:2] Decoding "/var/azuracast/stations/evangile_du_royaume/media/La bible/actes_024.mp3" ended: Ffmpeg_decoder.End_of_file.
2026/10/08 13:21:58 [next_song:3] Prepared "/var/azuracast/stations/evangile_du_royaume/media/La bible/actes_025.mp3" (RID 173).
2026/10/08 13:26:27 [decoder:2] Decoding "/var/azuracast/stations/evangile_du_royaume/media/La bible/actes_025.mp3" ended: Ffmpeg_decoder.End_of_file.
2026/10/08 13:26:28 [next_song:3] Prepared "/var/azuracast/stations/evangile_du_royaume/media/La bible/actes_026.mp3" (RID 174).
2026/10/08 13:31:16 [decoder:2] Decoding "/var/azuracast/stations/evangile_du_royaume/media/La bible/actes_026.mp3" ended: Ffmpeg_decoder.End_of_file.
2026/10/08 13:31:16 [next_song:3] Prepared "/var/azuracast/stations/evangile_du_royaume/media/La bible/actes_027.mp3" (RID 175).
2026/10/08 13:37:45 [decoder:2] Decoding "/var/azuracast/stations/evangile_du_royaume/media/La bible/actes_027.mp3" ended: Ffmpeg_decoder.End_of_file.
2026/10/08 13:37:45 [next_song:3] Prepared "/var/azuracast/stations/evangile_du_royaume/media/La bible/actes_028.mp3" (RID 176).
2026/10/08 13:42:47 [decoder:2] Decoding "/var/azuracast/stations/evangile_du_royaume/media/La bible/actes_028.mp3" ended: Ffmpeg_decoder.End_of_file.
2026/10/08 13:42:48 [next_song:3] Prepared "/var/azuracast/stations/evangile_du_royaume/media/La bible/lamentations_001.mp3" (RID 177).
2026/10/08 13:47:54 [decoder:2] Decoding "/var/azuracast/stations/evangile_du_royaume/media/La bible/lamentations_001.mp3" ended: Ffmpeg_decoder.End_of_file.
2026/10/08 13:47:54 [next_song:3] Prepared "/var/azuracast/stations/evangile_du_royaume/media/La bible/lamentations_002.mp3" (RID 178).
2026/10/08 13:53:06 [decoder:2] Decoding "/var/azuracast/stations/evangile_du_royaume/media/La bible/lamentations_002.mp3" ended: Ffmpeg_decoder.End_of_file.
2026/10/08 13:53:07 [next_song:3] Prepared "/var/azuracast/stations/evangile_du_royaume/media/La bible/lamentations_003.mp3" (RID 179).
2026/10/08 13:59:05 [decoder:2] Decoding "/var/azuracast/stations/evangile_du_royaume/media/La bible/lamentations_003.mp3" ended: Ffmpeg_decoder.End_of_file.
2026/10/08 13:59:06 [next_song:3] Prepared "/var/azuracast/stations/evangile_du_royaume/media/La bible/lamentations_004.mp3" (RID 180).
2026/10/08 14:02:59 [decoder:2] Decoding "/var/azuracast/stations/evangile_du_royaume/media/La bible/lamentations_004.mp3" ended: Ffmpeg_decoder.End_of_file.
2026/10/08 14:03:00 [next_song:3] Prepared "/var/azuracast/stations/evangile_du_royaume/media/Jingle/jingle_avant_louange_07_voici_un_temps_de_louange.mp3" (RID 181).
2026/10/08 14:03:12 [decoder:2] Decoding "/var/azuracast/stations/evangile_du_royaume/media/Jingle/jingle_avant_louange_07_voici_un_temps_de_louange.mp3" ended: Ffmpeg_decoder.End_of_file.
2026/10/08 14:03:13 [next_song:3] Prepared "/var/azuracast/stations/evangile_du_royaume/media/Cantiques du royaume/cantique___prends_tout_le_contrôle.mp3" (RID 182).
2026/10/08 14:08:02 [decoder:2] Decoding "/var/azuracast/stations/evangile_du_royaume/media/Cantiques du royaume/cantique___prends_tout_le_contrôle.mp3" ended: Ffmpeg_decoder.End_of_file.
2026/10/08 14:08:03 [next_song:3] Prepared "/var/azuracast/stations/evangile_du_royaume/media/Cantiques du royaume/4-_resurrection_ses_cheveux_étaient_blancs.mp3" (RID 183).
2026/10/08 14:11:22 [decoder:2] Decoding "/var/azuracast/stations/evangile_du_royaume/media/Cantiques du royaume/4-_resurrection_ses_cheveux_étaient_blancs.mp3" ended: Ffmpeg_decoder.End_of_file.
2026/10/08 14:11:22 [next_song:3] Prepared "/var/azuracast/stations/evangile_du_royaume/media/Worship/15 - Satisfy My Soul - Calabar HF.mp3" (RID 184).
2026/10/08 14:17:22 [decoder:2] Decoding "/var/azuracast/stations/evangile_du_royaume/media/Worship/15 - Satisfy My Soul - Calabar HF.mp3" ended: Ffmpeg_decoder.End_of_file.
2026/10/08 14:17:22 [next_song:3] Prepared "/var/azuracast/stations/evangile_du_royaume/media/Worship/06 - Psalm 93 - Port Harcourt HF.mp3" (RID 185).
2026/10/08 14:26:58 [decoder:2] Decoding "/var/azuracast/stations/evangile_du_royaume/media/Worship/06 - Psalm 93 - Port Harcourt HF.mp3" ended: Ffmpeg_decoder.End_of_file.
2026/10/08 14:26:59 [next_song:3] Prepared "/var/azuracast/stations/evangile_du_royaume/media/Worship/23 - Guide Me - El ELyon - Abuja HF.mp3" (RID 186).
2026/10/08 14:32:00 [decoder:2] Decoding "/var/azuracast/stations/evangile_du_royaume/media/Worship/23 - Guide Me - El ELyon - Abuja HF.mp3" ended: Ffmpeg_decoder.End_of_file.
2026/10/08 14:32:00 [next_song:3] Prepared "/var/azuracast/stations/evangile_du_royaume/media/SWBN Lead Concert Live Worship/05 - Jesus I'm Waiting for You (Mary Umoh).mp3" (RID 187).
2026/10/08 14:37:47 [decoder:2] Decoding "/var/azuracast/stations/evangile_du_royaume/media/SWBN Lead Concert Live Worship/05 - Jesus I'm Waiting for You (Mary Umoh).mp3" ended: Ffmpeg_decoder.End_of_file.
2026/10/08 14:37:48 [next_song:3] Prepared "/var/azuracast/stations/evangile_du_royaume/media/Worship/45 - Now is Come Salvation - Toronto HF.mp3" (RID 188).
2026/10/08 14:43:03 [decoder:2] Decoding "/var/azuracast/stations/evangile_du_royaume/media/Worship/45 - Now is Come Salvation - Toronto HF.mp3" ended: Ffmpeg_decoder.End_of_file.
2026/10/08 14:43:04 [next_song:3] Prepared "/var/azuracast/stations/evangile_du_royaume/media/Cantiques du royaume/cantique__nous_sommes_le_sel_de_la_terre.mp3" (RID 189).
2026/10/08 14:45:16 [decoder:2] Decoding "/var/azuracast/stations/evangile_du_royaume/media/Cantiques du royaume/cantique__nous_sommes_le_sel_de_la_terre.mp3" ended: Ffmpeg_decoder.End_of_file.
2026/10/08 14:45:17 [next_song:3] Prepared "/var/azuracast/stations/evangile_du_royaume/media/Worship/61 - Unto Him - CHF.mp3" (RID 190).
2026/10/08 14:51:33 [decoder:2] Decoding "/var/azuracast/stations/evangile_du_royaume/media/Worship/61 - Unto Him - CHF.mp3" ended: Ffmpeg_decoder.End_of_file.
2026/10/08 14:51:33 [next_song:3] Prepared "/var/azuracast/stations/evangile_du_royaume/media/Jingle/jingle_avant_bible_08_prenons_un_moment_pour_ecouter_la_parole.mp3" (RID 191).
2026/10/08 14:51:42 [decoder:2] Decoding "/var/azuracast/stations/evangile_du_royaume/media/Jingle/jingle_avant_bible_08_prenons_un_moment_pour_ecouter_la_parole.mp3" ended: Ffmpeg_decoder.End_of_file.
2026/10/08 14:51:43 [next_song:3] Prepared "/var/azuracast/stations/evangile_du_royaume/media/La bible/zacharie_001.mp3" (RID 192).
2026/10/08 14:55:14 [decoder:2] Decoding "/var/azuracast/stations/evangile_du_royaume/media/La bible/zacharie_001.mp3" ended: Ffmpeg_decoder.End_of_file.
2026/10/08 14:55:15 [next_song:3] Prepared "/var/azuracast/stations/evangile_du_royaume/media/La bible/zacharie_002.mp3" (RID 193).
2026/10/08 14:57:03 [decoder:2] Decoding "/var/azuracast/stations/evangile_du_royaume/media/La bible/zacharie_002.mp3" ended: Ffmpeg_decoder.End_of_file.
2026/10/08 14:57:03 [next_song:3] Prepared "/var/azuracast/stations/evangile_du_royaume/media/La bible/zacharie_003.mp3" (RID 194).
2026/10/08 14:58:46 [decoder:2] Decoding "/var/azuracast/stations/evangile_du_royaume/media/La bible/zacharie_003.mp3" ended: Ffmpeg_decoder.End_of_file.
2026/10/08 14:58:46 [next_song:3] Prepared "/var/azuracast/stations/evangile_du_royaume/media/La bible/zacharie_004.mp3" (RID 195).
2026/10/08 15:00:50 [decoder:2] Decoding "/var/azuracast/stations/evangile_du_royaume/media/La bible/zacharie_004.mp3" ended: Ffmpeg_decoder.End_of_file.
2026/10/08 15:00:50 [next_song:3] Prepared "/var/azuracast/stations/evangile_du_royaume/media/La bible/zacharie_005.mp3" (RID 196).
2026/10/08 15:02:25 [decoder:2] Decoding "/var/azuracast/stations/evangile_du_royaume/media/La bible/zacharie_005.mp3" ended: Ffmpeg_decoder.End_of_file.
2026/10/08 15:02:26 [next_song:3] Prepared "/var/azuracast/stations/evangile_du_royaume/media/La bible/zacharie_006.mp3" (RID 197).
2026/10/08 15:04:45 [decoder:2] Decoding "/var/azuracast/stations/evangile_du_royaume/media/La bible/zacharie_006.mp3" ended: Ffmpeg_decoder.End_of_file.
2026/10/08 15:04:45 [next_song:3] Prepared "/var/azuracast/stations/evangile_du_royaume/media/La bible/zacharie_007.mp3" (RID 198).
2026/10/08 15:06:49 [decoder:2] Decoding "/var/azuracast/stations/evangile_du_royaume/media/La bible/zacharie_007.mp3" ended: Ffmpeg_decoder.End_of_file.
2026/10/08 15:06:50 [next_song:3] Prepared "/var/azuracast/stations/evangile_du_royaume/media/La bible/zacharie_008.mp3" (RID 199).
2026/10/08 15:10:38 [decoder:2] Decoding "/var/azuracast/stations/evangile_du_royaume/media/La bible/zacharie_008.mp3" ended: Ffmpeg_decoder.End_of_file.
2026/10/08 15:10:38 [next_song:3] Prepared "/var/azuracast/stations/evangile_du_royaume/media/La bible/zacharie_009.mp3" (RID 200).
2026/10/08 15:13:47 [decoder:2] Decoding "/var/azuracast/stations/evangile_du_royaume/media/La bible/zacharie_009.mp3" ended: Ffmpeg_decoder.End_of_file.
2026/10/08 15:13:48 [next_song:3] Prepared "/var/azuracast/stations/evangile_du_royaume/media/La bible/zacharie_010.mp3" (RID 201).
2026/10/08 15:15:58 [decoder:2] Decoding "/var/azuracast/stations/evangile_du_royaume/media/La bible/zacharie_010.mp3" ended: Ffmpeg_decoder.End_of_file.
2026/10/08 15:15:58 [next_song:3] Prepared "/var/azuracast/stations/evangile_du_royaume/media/Jingle/jingle_avant_louange_06_que_la_louange_seleve.mp3" (RID 202).
2026/10/08 15:16:09 [decoder:2] Decoding "/var/azuracast/stations/evangile_du_royaume/media/Jingle/jingle_avant_louange_06_que_la_louange_seleve.mp3" ended: Ffmpeg_decoder.End_of_file.
2026/10/08 15:16:09 [next_song:3] Prepared "/var/azuracast/stations/evangile_du_royaume/media/Worship/62 - All in All - CHF.mp3" (RID 203).
2026/10/08 15:20:46 [decoder:2] Decoding "/var/azuracast/stations/evangile_du_royaume/media/Worship/62 - All in All - CHF.mp3" ended: Ffmpeg_decoder.End_of_file.
2026/10/08 15:20:46 [next_song:3] Prepared "/var/azuracast/stations/evangile_du_royaume/media/Worship/52 - Thou art Worthy Lord - PHF.mp3" (RID 204).
2026/10/08 15:30:06 [decoder:2] Decoding "/var/azuracast/stations/evangile_du_royaume/media/Worship/52 - Thou art Worthy Lord - PHF.mp3" ended: Ffmpeg_decoder.End_of_file.
2026/10/08 15:30:07 [next_song:3] Prepared "/var/azuracast/stations/evangile_du_royaume/media/Worship/78 - Crown Him Lord of Lords - Nonso Njoku.mp3" (RID 205).
2026/10/08 15:36:06 [decoder:2] Decoding "/var/azuracast/stations/evangile_du_royaume/media/Worship/78 - Crown Him Lord of Lords - Nonso Njoku.mp3" ended: Ffmpeg_decoder.End_of_file.
2026/10/08 15:36:06 [next_song:3] Prepared "/var/azuracast/stations/evangile_du_royaume/media/Worship/88 - Good God - Asaba Fellowship.mp3" (RID 206).
2026/10/08 15:42:09 [decoder:2] Decoding "/var/azuracast/stations/evangile_du_royaume/media/Worship/88 - Good God - Asaba Fellowship.mp3" ended: Ffmpeg_decoder.End_of_file.
2026/10/08 15:42:10 [next_song:3] Prepared "/var/azuracast/stations/evangile_du_royaume/media/Worship/55 - God's Got An Army - PHF.mp3" (RID 207).
2026/10/08 15:47:29 [decoder:2] Decoding "/var/azuracast/stations/evangile_du_royaume/media/Worship/55 - God's Got An Army - PHF.mp3" ended: Ffmpeg_decoder.End_of_file.
2026/10/08 15:47:29 [next_song:3] Prepared "/var/azuracast/stations/evangile_du_royaume/media/Cantiques du royaume/6-_igwe.mp3" (RID 208).
2026/10/08 15:52:36 [decoder:2] Decoding "/var/azuracast/stations/evangile_du_royaume/media/Cantiques du royaume/6-_igwe.mp3" ended: Ffmpeg_decoder.End_of_file.
2026/10/08 15:52:37 [next_song:3] Prepared "/var/azuracast/stations/evangile_du_royaume/media/Worship/89 - I Know The Blood - PHF.mp3" (RID 209).
2026/10/08 15:56:52 [decoder:2] Decoding "/var/azuracast/stations/evangile_du_royaume/media/Worship/89 - I Know The Blood - PHF.mp3" ended: Ffmpeg_decoder.End_of_file.
2026/10/08 15:56:53 [next_song:3] Prepared "/var/azuracast/stations/evangile_du_royaume/media/Worship/05 - There Is No Lie - SWBN TV.mp3" (RID 210).
2026/10/08 16:04:26 [decoder:2] Decoding "/var/azuracast/stations/evangile_du_royaume/media/Worship/05 - There Is No Lie - SWBN TV.mp3" ended: Ffmpeg_decoder.End_of_file.
2026/10/08 16:04:26 [next_song:3] Prepared "/var/azuracast/stations/evangile_du_royaume/media/Jingle/jingle_avant_bible_07_place_a_la_lecture_de_la_bible.mp3" (RID 211).
2026/10/08 16:04:39 [decoder:2] Decoding "/var/azuracast/stations/evangile_du_royaume/media/Jingle/jingle_avant_bible_07_place_a_la_lecture_de_la_bible.mp3" ended: Ffmpeg_decoder.End_of_file.
2026/10/08 16:04:40 [next_song:3] Prepared "/var/azuracast/stations/evangile_du_royaume/media/La bible/2_rois_009.mp3" (RID 212).
2026/10/08 16:11:59 [decoder:2] Decoding "/var/azuracast/stations/evangile_du_royaume/media/La bible/2_rois_009.mp3" ended: Ffmpeg_decoder.End_of_file.
2026/10/08 16:12:00 [next_song:3] Prepared "/var/azuracast/stations/evangile_du_royaume/media/La bible/2_rois_010.mp3" (RID 213).
2026/10/08 16:18:55 [decoder:2] Decoding "/var/azuracast/stations/evangile_du_royaume/media/La bible/2_rois_010.mp3" ended: Ffmpeg_decoder.End_of_file.
2026/10/08 16:18:55 [next_song:3] Prepared "/var/azuracast/stations/evangile_du_royaume/media/La bible/2_rois_011.mp3" (RID 214).
2026/10/08 16:22:57 [decoder:2] Decoding "/var/azuracast/stations/evangile_du_royaume/media/La bible/2_rois_011.mp3" ended: Ffmpeg_decoder.End_of_file.
2026/10/08 16:22:58 [next_song:3] Prepared "/var/azuracast/stations/evangile_du_royaume/media/La bible/2_rois_012.mp3" (RID 215).
2026/10/08 16:27:03 [decoder:2] Decoding "/var/azuracast/stations/evangile_du_royaume/media/La bible/2_rois_012.mp3" ended: Ffmpeg_decoder.End_of_file.
2026/10/08 16:27:03 [next_song:3] Prepared "/var/azuracast/stations/evangile_du_royaume/media/La bible/2_rois_013.mp3" (RID 216).
2026/10/08 16:31:38 [decoder:2] Decoding "/var/azuracast/stations/evangile_du_royaume/media/La bible/2_rois_013.mp3" ended: Ffmpeg_decoder.End_of_file.
2026/10/08 16:31:38 [next_song:3] Prepared "/var/azuracast/stations/evangile_du_royaume/media/La bible/2_rois_014.mp3" (RID 217).
2026/10/08 16:36:42 [decoder:2] Decoding "/var/azuracast/stations/evangile_du_royaume/media/La bible/2_rois_014.mp3" ended: Ffmpeg_decoder.End_of_file.
2026/10/08 16:36:43 [next_song:3] Prepared "/var/azuracast/stations/evangile_du_royaume/media/La bible/2_rois_015.mp3" (RID 218).
2026/10/08 16:43:01 [decoder:2] Decoding "/var/azuracast/stations/evangile_du_royaume/media/La bible/2_rois_015.mp3" ended: Ffmpeg_decoder.End_of_file.
2026/10/08 16:43:01 [next_song:3] Prepared "/var/azuracast/stations/evangile_du_royaume/media/Jingle/jingle_avant_louange_05_elevons_nos_coeurs_vers_dieu.mp3" (RID 219).
2026/10/08 16:43:12 [decoder:2] Decoding "/var/azuracast/stations/evangile_du_royaume/media/Jingle/jingle_avant_louange_05_elevons_nos_coeurs_vers_dieu.mp3" ended: Ffmpeg_decoder.End_of_file.
2026/10/08 16:43:12 [next_song:3] Prepared "/var/azuracast/stations/evangile_du_royaume/media/Cantiques du royaume/jean-christ_-_6_minutes.mp3" (RID 220).
2026/10/08 16:49:50 [decoder:2] Decoding "/var/azuracast/stations/evangile_du_royaume/media/Cantiques du royaume/jean-christ_-_6_minutes.mp3" ended: Ffmpeg_decoder.End_of_file.
2026/10/08 16:49:51 [next_song:3] Prepared "/var/azuracast/stations/evangile_du_royaume/media/Worship/08 - I Enter The Holy of Holies - Port Harcourt HF.mp3" (RID 221).
2026/10/08 16:54:52 [decoder:2] Decoding "/var/azuracast/stations/evangile_du_royaume/media/Worship/08 - I Enter The Holy of Holies - Port Harcourt HF.mp3" ended: Ffmpeg_decoder.End_of_file.
2026/10/08 16:54:52 [next_song:3] Prepared "/var/azuracast/stations/evangile_du_royaume/media/Worship/44 - Great is, Ascribe - Ketu HF.mp3" (RID 222).
2026/10/08 17:05:50 [decoder:2] Decoding "/var/azuracast/stations/evangile_du_royaume/media/Worship/44 - Great is, Ascribe - Ketu HF.mp3" ended: Ffmpeg_decoder.End_of_file.
2026/10/08 17:05:51 [next_song:3] Prepared "/var/azuracast/stations/evangile_du_royaume/media/SWBN Lead Concert Live Worship/04 - The King is Here (Abasiama Timothy).mp3" (RID 223).
2026/10/08 17:11:59 [decoder:2] Decoding "/var/azuracast/stations/evangile_du_royaume/media/SWBN Lead Concert Live Worship/04 - The King is Here (Abasiama Timothy).mp3" ended: Ffmpeg_decoder.End_of_file.
2026/10/08 17:12:00 [next_song:3] Prepared "/var/azuracast/stations/evangile_du_royaume/media/Cantiques du royaume/Cantique   Oh Éternel Dieu, Tu es le Dieu Incomparable.mp3" (RID 224).
2026/10/08 17:16:08 [decoder:2] Decoding "/var/azuracast/stations/evangile_du_royaume/media/Cantiques du royaume/Cantique   Oh Éternel Dieu, Tu es le Dieu Incomparable.mp3" ended: Ffmpeg_decoder.End_of_file.
2026/10/08 17:16:09 [next_song:3] Prepared "/var/azuracast/stations/evangile_du_royaume/media/Worship/27 - Forever You Reign - Abuja HF.mp3" (RID 225).
2026/10/08 17:21:54 [decoder:2] Decoding "/var/azuracast/stations/evangile_du_royaume/media/Worship/27 - Forever You Reign - Abuja HF.mp3" ended: Ffmpeg_decoder.End_of_file.
2026/10/08 17:21:54 [next_song:3] Prepared "/var/azuracast/stations/evangile_du_royaume/media/Worship/70 - Sing Unto the Lord a new Song  - Winnipeg Fellowship.mp3" (RID 226).
2026/10/08 17:27:55 [decoder:2] Decoding "/var/azuracast/stations/evangile_du_royaume/media/Worship/70 - Sing Unto the Lord a new Song  - Winnipeg Fellowship.mp3" ended: Ffmpeg_decoder.End_of_file.
2026/10/08 17:27:56 [next_song:3] Prepared "/var/azuracast/stations/evangile_du_royaume/media/Worship/41 - Abba, Singing a, I Will Sing - Ketu HF.mp3" (RID 227).
2026/10/08 17:38:40 [decoder:2] Decoding "/var/azuracast/stations/evangile_du_royaume/media/Worship/41 - Abba, Singing a, I Will Sing - Ketu HF.mp3" ended: Ffmpeg_decoder.End_of_file.
2026/10/08 17:38:40 [next_song:3] Prepared "/var/azuracast/stations/evangile_du_royaume/media/Jingle/jingle_id_station_01_la_bonne_nouvelle_partout.mp3" (RID 228).
2026/10/08 17:38:49 [decoder:2] Decoding "/var/azuracast/stations/evangile_du_royaume/media/Jingle/jingle_id_station_01_la_bonne_nouvelle_partout.mp3" ended: Ffmpeg_decoder.End_of_file.
2026/10/08 17:38:50 [next_song:3] Prepared "/var/azuracast/stations/evangile_du_royaume/media/La bible/1_corinthiens_001.mp3" (RID 229).
2026/10/08 17:43:24 [decoder:2] Decoding "/var/azuracast/stations/evangile_du_royaume/media/La bible/1_corinthiens_001.mp3" ended: Ffmpeg_decoder.End_of_file.
2026/10/08 17:43:24 [next_song:3] Prepared "/var/azuracast/stations/evangile_du_royaume/media/La bible/1_corinthiens_002.mp3" (RID 230).
2026/10/08 17:46:04 [decoder:2] Decoding "/var/azuracast/stations/evangile_du_royaume/media/La bible/1_corinthiens_002.mp3" ended: Ffmpeg_decoder.End_of_file.
2026/10/08 17:46:05 [next_song:3] Prepared "/var/azuracast/stations/evangile_du_royaume/media/La bible/1_corinthiens_003.mp3" (RID 231).
2026/10/08 17:49:28 [decoder:2] Decoding "/var/azuracast/stations/evangile_du_royaume/media/La bible/1_corinthiens_003.mp3" ended: Ffmpeg_decoder.End_of_file.
2026/10/08 17:49:28 [next_song:3] Prepared "/var/azuracast/stations/evangile_du_royaume/media/La bible/1_corinthiens_004.mp3" (RID 232).
2026/10/08 17:53:05 [decoder:2] Decoding "/var/azuracast/stations/evangile_du_royaume/media/La bible/1_corinthiens_004.mp3" ended: Ffmpeg_decoder.End_of_file.
2026/10/08 17:53:06 [next_song:3] Prepared "/var/azuracast/stations/evangile_du_royaume/media/La bible/1_corinthiens_005.mp3" (RID 233).
2026/10/08 17:55:20 [decoder:2] Decoding "/var/azuracast/stations/evangile_du_royaume/media/La bible/1_corinthiens_005.mp3" ended: Ffmpeg_decoder.End_of_file.
2026/10/08 17:55:21 [next_song:3] Prepared "/var/azuracast/stations/evangile_du_royaume/media/Jingle/jingle_musical_station_fm_parole_prophetique_01.mp3" (RID 234).
2026/10/08 17:55:30 [decoder:2] Decoding "/var/azuracast/stations/evangile_du_royaume/media/Jingle/jingle_musical_station_fm_parole_prophetique_01.mp3" ended: Ffmpeg_decoder.End_of_file.
2026/10/08 17:55:30 [next_song:3] Prepared "/var/azuracast/stations/evangile_du_royaume/media/Worship/42 - God is Building - Will You Be - Ketu HF.mp3" (RID 235).
2026/10/08 18:00:01 [decoder:2] Decoding "/var/azuracast/stations/evangile_du_royaume/media/Worship/42 - God is Building - Will You Be - Ketu HF.mp3" ended: Ffmpeg_decoder.End_of_file.
2026/10/08 18:00:01 [next_song:3] Prepared "/var/azuracast/stations/evangile_du_royaume/media/La bible/psaumes_028.mp3" (RID 236).
2026/10/08 18:00:03 [clock.main:2] We must catchup 1.13 seconds!
2026/10/08 18:01:09 [decoder:2] Decoding "/var/azuracast/stations/evangile_du_royaume/media/La bible/psaumes_028.mp3" ended: Ffmpeg_decoder.End_of_file.
2026/10/08 18:01:09 [next_song:3] Prepared "/var/azuracast/stations/evangile_du_royaume/media/Jingle/jingle_avant_message_03_vous_ecoutez_parole_prophetique_fm.mp3" (RID 237).
2026/10/08 18:01:18 [decoder:2] Decoding "/var/azuracast/stations/evangile_du_royaume/media/Jingle/jingle_avant_message_03_vous_ecoutez_parole_prophetique_fm.mp3" ended: Ffmpeg_decoder.End_of_file.
2026/10/08 18:01:18 [next_song:3] Prepared "/var/azuracast/stations/evangile_du_royaume/media/À la conquête du royaume/acr__angora_en_ce_jour_là,_que_devrons-nous_faire_part_1.mp3" (RID 238).
2026/10/08 19:13:19 [decoder:2] Decoding "/var/azuracast/stations/evangile_du_royaume/media/À la conquête du royaume/acr__angora_en_ce_jour_là,_que_devrons-nous_faire_part_1.mp3" ended: Ffmpeg_decoder.End_of_file.
2026/10/08 19:13:19 [next_song:3] Prepared "/var/azuracast/stations/evangile_du_royaume/media/Jingle/jingle_avant_bible_07_place_a_la_lecture_de_la_bible.mp3" (RID 239).
2026/10/08 19:13:32 [decoder:2] Decoding "/var/azuracast/stations/evangile_du_royaume/media/Jingle/jingle_avant_bible_07_place_a_la_lecture_de_la_bible.mp3" ended: Ffmpeg_decoder.End_of_file.
2026/10/08 19:13:33 [next_song:3] Prepared "/var/azuracast/stations/evangile_du_royaume/media/La bible/nombres_021.mp3" (RID 240).
2026/10/08 19:18:57 [decoder:2] Decoding "/var/azuracast/stations/evangile_du_royaume/media/La bible/nombres_021.mp3" ended: Ffmpeg_decoder.End_of_file.
2026/10/08 19:18:57 [next_song:3] Prepared "/var/azuracast/stations/evangile_du_royaume/media/La bible/nombres_022.mp3" (RID 241).
2026/10/08 19:25:50 [decoder:2] Decoding "/var/azuracast/stations/evangile_du_royaume/media/La bible/nombres_022.mp3" ended: Ffmpeg_decoder.End_of_file.
2026/10/08 19:25:51 [next_song:3] Prepared "/var/azuracast/stations/evangile_du_royaume/media/La bible/nombres_023.mp3" (RID 242).
2026/10/08 19:30:38 [decoder:2] Decoding "/var/azuracast/stations/evangile_du_royaume/media/La bible/nombres_023.mp3" ended: Ffmpeg_decoder.End_of_file.
2026/10/08 19:30:39 [next_song:3] Prepared "/var/azuracast/stations/evangile_du_royaume/media/La bible/nombres_024.mp3" (RID 243).
2026/10/08 19:34:47 [decoder:2] Decoding "/var/azuracast/stations/evangile_du_royaume/media/La bible/nombres_024.mp3" ended: Ffmpeg_decoder.End_of_file.
2026/10/08 19:34:48 [next_song:3] Prepared "/var/azuracast/stations/evangile_du_royaume/media/La bible/nombres_025.mp3" (RID 244).
2026/10/08 19:37:26 [decoder:2] Decoding "/var/azuracast/stations/evangile_du_royaume/media/La bible/nombres_025.mp3" ended: Ffmpeg_decoder.End_of_file.
2026/10/08 19:37:26 [next_song:3] Prepared "/var/azuracast/stations/evangile_du_royaume/media/La bible/nombres_026.mp3" (RID 245).
2026/10/08 19:47:04 [decoder:2] Decoding "/var/azuracast/stations/evangile_du_royaume/media/La bible/nombres_026.mp3" ended: Ffmpeg_decoder.End_of_file.
2026/10/08 19:47:05 [next_song:3] Prepared "/var/azuracast/stations/evangile_du_royaume/media/La bible/nombres_027.mp3" (RID 246).
2026/10/08 19:50:39 [decoder:2] Decoding "/var/azuracast/stations/evangile_du_royaume/media/La bible/nombres_027.mp3" ended: Ffmpeg_decoder.End_of_file.
2026/10/08 19:50:40 [next_song:3] Prepared "/var/azuracast/stations/evangile_du_royaume/media/La bible/nombres_028.mp3" (RID 247).
2026/10/08 19:55:06 [decoder:2] Decoding "/var/azuracast/stations/evangile_du_royaume/media/La bible/nombres_028.mp3" ended: Ffmpeg_decoder.End_of_file.
2026/10/08 19:55:07 [next_song:3] Prepared "/var/azuracast/stations/evangile_du_royaume/media/La bible/nombres_029.mp3" (RID 248).
2026/10/08 20:00:24 [decoder:2] Decoding "/var/azuracast/stations/evangile_du_royaume/media/La bible/nombres_029.mp3" ended: Ffmpeg_decoder.End_of_file.
2026/10/08 20:00:24 [next_song:3] Prepared "/var/azuracast/stations/evangile_du_royaume/media/Jingle/jingle_avant_louange_05_elevons_nos_coeurs_vers_dieu.mp3" (RID 249).
2026/10/08 20:00:35 [decoder:2] Decoding "/var/azuracast/stations/evangile_du_royaume/media/Jingle/jingle_avant_louange_05_elevons_nos_coeurs_vers_dieu.mp3" ended: Ffmpeg_decoder.End_of_file.
2026/10/08 20:00:36 [next_song:3] Prepared "/var/azuracast/stations/evangile_du_royaume/media/Cantiques du royaume/cantique__tes_promesses__pub_direct_dec_2021_import_(2).mp3" (RID 250).
2026/10/08 20:07:50 [decoder:2] Decoding "/var/azuracast/stations/evangile_du_royaume/media/Cantiques du royaume/cantique__tes_promesses__pub_direct_dec_2021_import_(2).mp3" ended: Ffmpeg_decoder.End_of_file.
2026/10/08 20:07:51 [next_song:3] Prepared "/var/azuracast/stations/evangile_du_royaume/media/Worship/28 - He Shall Feed His Flock - I Want to walk  - Ketu HF.mp3" (RID 251).
2026/10/08 20:13:20 [decoder:2] Decoding "/var/azuracast/stations/evangile_du_royaume/media/Worship/28 - He Shall Feed His Flock - I Want to walk  - Ketu HF.mp3" ended: Ffmpeg_decoder.End_of_file.
2026/10/08 20:13:21 [next_song:3] Prepared "/var/azuracast/stations/evangile_du_royaume/media/Worship/38 - That I May Know Him - Toronto HF.mp3" (RID 252).
2026/10/08 20:19:28 [decoder:2] Decoding "/var/azuracast/stations/evangile_du_royaume/media/Worship/38 - That I May Know Him - Toronto HF.mp3" ended: Ffmpeg_decoder.End_of_file.
2026/10/08 20:19:28 [next_song:3] Prepared "/var/azuracast/stations/evangile_du_royaume/media/Worship/83 - Awaken My Heart.mp3" (RID 253).
2026/10/08 20:22:44 [decoder:2] Decoding "/var/azuracast/stations/evangile_du_royaume/media/Worship/83 - Awaken My Heart.mp3" ended: Ffmpeg_decoder.End_of_file.
2026/10/08 20:22:44 [next_song:3] Prepared "/var/azuracast/stations/evangile_du_royaume/media/Worship/30 - Yeshua I'm Waiting for You  - Ketu HF.mp3" (RID 254).
2026/10/08 20:27:30 [decoder:2] Decoding "/var/azuracast/stations/evangile_du_royaume/media/Worship/30 - Yeshua I'm Waiting for You  - Ketu HF.mp3" ended: Ffmpeg_decoder.End_of_file.
2026/10/08 20:27:30 [next_song:3] Prepared "/var/azuracast/stations/evangile_du_royaume/media/Cantiques du royaume/cantique__heureux_l_homme_qui_ne_marche_pas_selon.mp3" (RID 255).
2026/10/08 20:29:47 [decoder:2] Decoding "/var/azuracast/stations/evangile_du_royaume/media/Cantiques du royaume/cantique__heureux_l_homme_qui_ne_marche_pas_selon.mp3" ended: Ffmpeg_decoder.End_of_file.
2026/10/08 20:29:47 [next_song:3] Prepared "/var/azuracast/stations/evangile_du_royaume/media/Cantiques du royaume/7-_gael_adorons_léternel.mp3" (RID 256).
2026/10/08 20:33:26 [decoder:2] Decoding "/var/azuracast/stations/evangile_du_royaume/media/Cantiques du royaume/7-_gael_adorons_léternel.mp3" ended: Ffmpeg_decoder.End_of_file.
2026/10/08 20:33:26 [next_song:3] Prepared "/var/azuracast/stations/evangile_du_royaume/media/Worship/31 - You Are Worthy - Ketu HF.mp3" (RID 257).
2026/10/08 20:37:41 [decoder:2] Decoding "/var/azuracast/stations/evangile_du_royaume/media/Worship/31 - You Are Worthy - Ketu HF.mp3" ended: Ffmpeg_decoder.End_of_file.
2026/10/08 20:37:42 [next_song:3] Prepared "/var/azuracast/stations/evangile_du_royaume/media/Worship/10 - Yeshua Hamashiach - Calabar HF.mp3" (RID 258).
2026/10/08 20:46:01 [decoder:2] Decoding "/var/azuracast/stations/evangile_du_royaume/media/Worship/10 - Yeshua Hamashiach - Calabar HF.mp3" ended: Ffmpeg_decoder.End_of_file.
2026/10/08 20:46:01 [next_song:3] Prepared "/var/azuracast/stations/evangile_du_royaume/media/Jingle/jingle_avant_bible_08_prenons_un_moment_pour_ecouter_la_parole.mp3" (RID 259).
2026/10/08 20:46:11 [decoder:2] Decoding "/var/azuracast/stations/evangile_du_royaume/media/Jingle/jingle_avant_bible_08_prenons_un_moment_pour_ecouter_la_parole.mp3" ended: Ffmpeg_decoder.End_of_file.
2026/10/08 20:46:11 [next_song:3] Prepared "/var/azuracast/stations/evangile_du_royaume/media/La bible/job_029.mp3" (RID 260).
2026/10/08 20:48:29 [decoder:2] Decoding "/var/azuracast/stations/evangile_du_royaume/media/La bible/job_029.mp3" ended: Ffmpeg_decoder.End_of_file.
2026/10/08 20:48:29 [next_song:3] Prepared "/var/azuracast/stations/evangile_du_royaume/media/La bible/job_030.mp3" (RID 261).
2026/10/08 20:51:37 [decoder:2] Decoding "/var/azuracast/stations/evangile_du_royaume/media/La bible/job_030.mp3" ended: Ffmpeg_decoder.End_of_file.
2026/10/08 20:51:37 [next_song:3] Prepared "/var/azuracast/stations/evangile_du_royaume/media/La bible/job_031.mp3" (RID 262).
2026/10/08 20:55:30 [decoder:2] Decoding "/var/azuracast/stations/evangile_du_royaume/media/La bible/job_031.mp3" ended: Ffmpeg_decoder.End_of_file.
2026/10/08 20:55:31 [next_song:3] Prepared "/var/azuracast/stations/evangile_du_royaume/media/La bible/job_032.mp3" (RID 263).
2026/10/08 20:57:49 [decoder:2] Decoding "/var/azuracast/stations/evangile_du_royaume/media/La bible/job_032.mp3" ended: Ffmpeg_decoder.End_of_file.
2026/10/08 20:57:49 [next_song:3] Prepared "/var/azuracast/stations/evangile_du_royaume/media/La bible/job_033.mp3" (RID 264).
2026/10/08 21:00:50 [decoder:2] Decoding "/var/azuracast/stations/evangile_du_royaume/media/La bible/job_033.mp3" ended: Ffmpeg_decoder.End_of_file.
2026/10/08 21:00:51 [next_song:3] Prepared "/var/azuracast/stations/evangile_du_royaume/media/La bible/job_034.mp3" (RID 265).
2026/10/08 21:04:20 [decoder:2] Decoding "/var/azuracast/stations/evangile_du_royaume/media/La bible/job_034.mp3" ended: Ffmpeg_decoder.End_of_file.
2026/10/08 21:04:20 [next_song:3] Prepared "/var/azuracast/stations/evangile_du_royaume/media/La bible/job_035.mp3" (RID 266).
2026/10/08 21:05:49 [decoder:2] Decoding "/var/azuracast/stations/evangile_du_royaume/media/La bible/job_035.mp3" ended: Ffmpeg_decoder.End_of_file.
2026/10/08 21:05:49 [next_song:3] Prepared "/var/azuracast/stations/evangile_du_royaume/media/La bible/job_036.mp3" (RID 267).
2026/10/08 21:08:42 [decoder:2] Decoding "/var/azuracast/stations/evangile_du_royaume/media/La bible/job_036.mp3" ended: Ffmpeg_decoder.End_of_file.
2026/10/08 21:08:43 [next_song:3] Prepared "/var/azuracast/stations/evangile_du_royaume/media/Jingle/jingle_avant_louange_06_que_la_louange_seleve.mp3" (RID 268).
2026/10/08 21:08:53 [decoder:2] Decoding "/var/azuracast/stations/evangile_du_royaume/media/Jingle/jingle_avant_louange_06_que_la_louange_seleve.mp3" ended: Ffmpeg_decoder.End_of_file.
2026/10/08 21:08:54 [next_song:3] Prepared "/var/azuracast/stations/evangile_du_royaume/media/Worship/54 - He Has Given Me - PHF.mp3" (RID 269).
2026/10/08 21:13:59 [decoder:2] Decoding "/var/azuracast/stations/evangile_du_royaume/media/Worship/54 - He Has Given Me - PHF.mp3" ended: Ffmpeg_decoder.End_of_file.
2026/10/08 21:14:00 [next_song:3] Prepared "/var/azuracast/stations/evangile_du_royaume/media/Worship/19 - You're the Lamb - Calabar HF.mp3" (RID 270).
2026/10/08 21:23:00 [decoder:2] Decoding "/var/azuracast/stations/evangile_du_royaume/media/Worship/19 - You're the Lamb - Calabar HF.mp3" ended: Ffmpeg_decoder.End_of_file.
2026/10/08 21:23:01 [next_song:3] Prepared "/var/azuracast/stations/evangile_du_royaume/media/Worship/40 - I See Your Face - Toronto HF.mp3" (RID 271).
2026/10/08 21:32:22 [decoder:2] Decoding "/var/azuracast/stations/evangile_du_royaume/media/Worship/40 - I See Your Face - Toronto HF.mp3" ended: Ffmpeg_decoder.End_of_file.
2026/10/08 21:32:22 [next_song:3] Prepared "/var/azuracast/stations/evangile_du_royaume/media/Worship/82 - A Song Of Love.mp3" (RID 272).
2026/10/08 21:37:21 [decoder:2] Decoding "/var/azuracast/stations/evangile_du_royaume/media/Worship/82 - A Song Of Love.mp3" ended: Ffmpeg_decoder.End_of_file.
2026/10/08 21:37:22 [next_song:3] Prepared "/var/azuracast/stations/evangile_du_royaume/media/Worship/60 - Be Exalted - PHF.mp3" (RID 273).
2026/10/08 21:47:57 [decoder:2] Decoding "/var/azuracast/stations/evangile_du_royaume/media/Worship/60 - Be Exalted - PHF.mp3" ended: Ffmpeg_decoder.End_of_file.
2026/10/08 21:47:58 [next_song:3] Prepared "/var/azuracast/stations/evangile_du_royaume/media/Worship/58 - Rejoice - PHF.mp3" (RID 274).
2026/10/08 21:53:57 [decoder:2] Decoding "/var/azuracast/stations/evangile_du_royaume/media/Worship/58 - Rejoice - PHF.mp3" ended: Ffmpeg_decoder.End_of_file.
2026/10/08 21:53:58 [next_song:3] Prepared "/var/azuracast/stations/evangile_du_royaume/media/Jingle/jingle_avant_bible_06_ouvrons_les_saintes_ecritures.mp3" (RID 275).
2026/10/08 21:54:08 [decoder:2] Decoding "/var/azuracast/stations/evangile_du_royaume/media/Jingle/jingle_avant_bible_06_ouvrons_les_saintes_ecritures.mp3" ended: Ffmpeg_decoder.End_of_file.
2026/10/08 21:54:08 [next_song:3] Prepared "/var/azuracast/stations/evangile_du_royaume/media/La bible/3_jean_001.mp3" (RID 276).
2026/10/08 21:56:10 [decoder:2] Decoding "/var/azuracast/stations/evangile_du_royaume/media/La bible/3_jean_001.mp3" ended: Ffmpeg_decoder.End_of_file.
2026/10/08 21:56:11 [next_song:3] Prepared "/var/azuracast/stations/evangile_du_royaume/media/La bible/ecclésiaste_001.mp3" (RID 277).
2026/10/08 21:58:29 [decoder:2] Decoding "/var/azuracast/stations/evangile_du_royaume/media/La bible/ecclésiaste_001.mp3" ended: Ffmpeg_decoder.End_of_file.
2026/10/08 21:58:29 [next_song:3] Prepared "/var/azuracast/stations/evangile_du_royaume/media/La bible/ecclésiaste_002.mp3" (RID 278).
2026/10/08 22:02:44 [decoder:2] Decoding "/var/azuracast/stations/evangile_du_royaume/media/La bible/ecclésiaste_002.mp3" ended: Ffmpeg_decoder.End_of_file.
2026/10/08 22:02:44 [next_song:3] Prepared "/var/azuracast/stations/evangile_du_royaume/media/La bible/ecclésiaste_003.mp3" (RID 279).
2026/10/08 22:05:31 [decoder:2] Decoding "/var/azuracast/stations/evangile_du_royaume/media/La bible/ecclésiaste_003.mp3" ended: Ffmpeg_decoder.End_of_file.
2026/10/08 22:05:32 [next_song:3] Prepared "/var/azuracast/stations/evangile_du_royaume/media/La bible/ecclésiaste_004.mp3" (RID 280).
2026/10/08 22:07:52 [decoder:2] Decoding "/var/azuracast/stations/evangile_du_royaume/media/La bible/ecclésiaste_004.mp3" ended: Ffmpeg_decoder.End_of_file.
2026/10/08 22:07:52 [next_song:3] Prepared "/var/azuracast/stations/evangile_du_royaume/media/La bible/ecclésiaste_005.mp3" (RID 281).
2026/10/08 22:11:06 [decoder:2] Decoding "/var/azuracast/stations/evangile_du_royaume/media/La bible/ecclésiaste_005.mp3" ended: Ffmpeg_decoder.End_of_file.
2026/10/08 22:11:07 [next_song:3] Prepared "/var/azuracast/stations/evangile_du_royaume/media/La bible/ecclésiaste_006.mp3" (RID 282).
2026/10/08 22:12:54 [decoder:2] Decoding "/var/azuracast/stations/evangile_du_royaume/media/La bible/ecclésiaste_006.mp3" ended: Ffmpeg_decoder.End_of_file.
2026/10/08 22:12:54 [next_song:3] Prepared "/var/azuracast/stations/evangile_du_royaume/media/La bible/ecclésiaste_007.mp3" (RID 283).
2026/10/08 22:16:35 [decoder:2] Decoding "/var/azuracast/stations/evangile_du_royaume/media/La bible/ecclésiaste_007.mp3" ended: Ffmpeg_decoder.End_of_file.
2026/10/08 22:16:36 [next_song:3] Prepared "/var/azuracast/stations/evangile_du_royaume/media/La bible/ecclésiaste_008.mp3" (RID 284).
2026/10/08 22:19:24 [decoder:2] Decoding "/var/azuracast/stations/evangile_du_royaume/media/La bible/ecclésiaste_008.mp3" ended: Ffmpeg_decoder.End_of_file.
2026/10/08 22:19:25 [next_song:3] Prepared "/var/azuracast/stations/evangile_du_royaume/media/La bible/ecclésiaste_009.mp3" (RID 285).
2026/10/08 22:22:35 [decoder:2] Decoding "/var/azuracast/stations/evangile_du_royaume/media/La bible/ecclésiaste_009.mp3" ended: Ffmpeg_decoder.End_of_file.
2026/10/08 22:22:36 [next_song:3] Prepared "/var/azuracast/stations/evangile_du_royaume/media/La bible/ecclésiaste_010.mp3" (RID 286).
2026/10/08 22:25:02 [decoder:2] Decoding "/var/azuracast/stations/evangile_du_royaume/media/La bible/ecclésiaste_010.mp3" ended: Ffmpeg_decoder.End_of_file.
2026/10/08 22:25:03 [next_song:3] Prepared "/var/azuracast/stations/evangile_du_royaume/media/La bible/ecclésiaste_011.mp3" (RID 287).
2026/10/08 22:26:34 [decoder:2] Decoding "/var/azuracast/stations/evangile_du_royaume/media/La bible/ecclésiaste_011.mp3" ended: Ffmpeg_decoder.End_of_file.
2026/10/08 22:26:35 [next_song:3] Prepared "/var/azuracast/stations/evangile_du_royaume/media/Jingle/jingle_avant_louange_07_voici_un_temps_de_louange.mp3" (RID 288).
2026/10/08 22:26:47 [decoder:2] Decoding "/var/azuracast/stations/evangile_du_royaume/media/Jingle/jingle_avant_louange_07_voici_un_temps_de_louange.mp3" ended: Ffmpeg_decoder.End_of_file.
2026/10/08 22:26:48 [next_song:3] Prepared "/var/azuracast/stations/evangile_du_royaume/media/Worship/20 - Yahweh Be Praised - Abuja HF.mp3" (RID 289).
2026/10/08 22:32:00 [decoder:2] Decoding "/var/azuracast/stations/evangile_du_royaume/media/Worship/20 - Yahweh Be Praised - Abuja HF.mp3" ended: Ffmpeg_decoder.End_of_file.
2026/10/08 22:32:01 [next_song:3] Prepared "/var/azuracast/stations/evangile_du_royaume/media/Cantiques du royaume/cantique__béni_soit_le_dieu_d_israël.mp3" (RID 290).
2026/10/08 22:38:32 [decoder:2] Decoding "/var/azuracast/stations/evangile_du_royaume/media/Cantiques du royaume/cantique__béni_soit_le_dieu_d_israël.mp3" ended: Ffmpeg_decoder.End_of_file.
2026/10/08 22:38:32 [next_song:3] Prepared "/var/azuracast/stations/evangile_du_royaume/media/Worship/72 - There is no name  - Winnipeg Fellowship.mp3" (RID 291).
2026/10/08 22:46:20 [decoder:2] Decoding "/var/azuracast/stations/evangile_du_royaume/media/Worship/72 - There is no name  - Winnipeg Fellowship.mp3" ended: Ffmpeg_decoder.End_of_file.
2026/10/08 22:46:20 [next_song:3] Prepared "/var/azuracast/stations/evangile_du_royaume/media/Worship/73 - Arise Out of Zion  - Winnipeg Fellowship.mp3" (RID 292).
2026/10/08 22:54:03 [decoder:2] Decoding "/var/azuracast/stations/evangile_du_royaume/media/Worship/73 - Arise Out of Zion  - Winnipeg Fellowship.mp3" ended: Ffmpeg_decoder.End_of_file.
2026/10/08 22:54:04 [next_song:3] Prepared "/var/azuracast/stations/evangile_du_royaume/media/Cantiques du royaume/cantique_-_esprit_de_dieu.mp3" (RID 293).
2026/10/08 22:57:13 [decoder:2] Decoding "/var/azuracast/stations/evangile_du_royaume/media/Cantiques du royaume/cantique_-_esprit_de_dieu.mp3" ended: Ffmpeg_decoder.End_of_file.
2026/10/08 22:57:14 [next_song:3] Prepared "/var/azuracast/stations/evangile_du_royaume/media/Worship/12 - As We Worship - Toronto & Winnipeg HF.mp3" (RID 294).
2026/10/08 23:07:23 [decoder:2] Decoding "/var/azuracast/stations/evangile_du_royaume/media/Worship/12 - As We Worship - Toronto & Winnipeg HF.mp3" ended: Ffmpeg_decoder.End_of_file.
2026/10/08 23:07:24 [next_song:3] Prepared "/var/azuracast/stations/evangile_du_royaume/media/Cantiques du royaume/cantique___ta_lumière.mp3" (RID 295).
2026/10/08 23:13:56 [decoder:2] Decoding "/var/azuracast/stations/evangile_du_royaume/media/Cantiques du royaume/cantique___ta_lumière.mp3" ended: Ffmpeg_decoder.End_of_file.
2026/10/08 23:13:56 [next_song:3] Prepared "/var/azuracast/stations/evangile_du_royaume/media/Jingle/jingle_musical_station_fm_parole_prophetique_02.mp3" (RID 296).
2026/10/08 23:14:06 [decoder:2] Decoding "/var/azuracast/stations/evangile_du_royaume/media/Jingle/jingle_musical_station_fm_parole_prophetique_02.mp3" ended: Ffmpeg_decoder.End_of_file.
2026/10/08 23:14:06 [next_song:3] Prepared "/var/azuracast/stations/evangile_du_royaume/media/La bible/1_timothée_001.mp3" (RID 297).
2026/10/08 23:17:19 [decoder:2] Decoding "/var/azuracast/stations/evangile_du_royaume/media/La bible/1_timothée_001.mp3" ended: Ffmpeg_decoder.End_of_file.
2026/10/08 23:17:19 [next_song:3] Prepared "/var/azuracast/stations/evangile_du_royaume/media/La bible/1_timothée_002.mp3" (RID 298).
2026/10/08 23:19:26 [decoder:2] Decoding "/var/azuracast/stations/evangile_du_royaume/media/La bible/1_timothée_002.mp3" ended: Ffmpeg_decoder.End_of_file.
2026/10/08 23:19:26 [next_song:3] Prepared "/var/azuracast/stations/evangile_du_royaume/media/La bible/1_timothée_003.mp3" (RID 299).
2026/10/08 23:21:48 [decoder:2] Decoding "/var/azuracast/stations/evangile_du_royaume/media/La bible/1_timothée_003.mp3" ended: Ffmpeg_decoder.End_of_file.
2026/10/08 23:21:48 [next_song:3] Prepared "/var/azuracast/stations/evangile_du_royaume/media/La bible/1_timothée_004.mp3" (RID 300).
2026/10/08 23:24:14 [decoder:2] Decoding "/var/azuracast/stations/evangile_du_royaume/media/La bible/1_timothée_004.mp3" ended: Ffmpeg_decoder.End_of_file.
2026/10/08 23:24:15 [next_song:3] Prepared "/var/azuracast/stations/evangile_du_royaume/media/La bible/1_timothée_005.mp3" (RID 301).
2026/10/08 23:27:57 [decoder:2] Decoding "/var/azuracast/stations/evangile_du_royaume/media/La bible/1_timothée_005.mp3" ended: Ffmpeg_decoder.End_of_file.
2026/10/08 23:27:57 [next_song:3] Prepared "/var/azuracast/stations/evangile_du_royaume/media/La bible/1_timothée_006.mp3" (RID 302).
2026/10/08 23:31:47 [decoder:2] Decoding "/var/azuracast/stations/evangile_du_royaume/media/La bible/1_timothée_006.mp3" ended: Ffmpeg_decoder.End_of_file.
2026/10/08 23:31:47 [next_song:3] Prepared "/var/azuracast/stations/evangile_du_royaume/media/Cantiques du royaume/jean-christ_-_6_minutes.mp3" (RID 303).
2026/10/08 23:32:28 [request.dynamic:3] Fetch failed: retry.
2026/10/08 23:32:28 [request.dynamic:3] Fetch failed: retry.
2026/10/08 23:32:29 [request.dynamic:3] Fetch failed: retry.
2026/10/08 23:32:30 [request.dynamic:3] Fetch failed: retry.
2026/10/08 23:32:31 [request.dynamic:3] Fetch failed: retry.
2026/10/08 23:32:32 [request.dynamic:3] Fetch failed: retry.
2026/10/08 23:32:33 [request.dynamic:3] Fetch failed: retry.
2026/10/08 23:32:33 [request.dynamic:3] Fetch failed: retry.
2026/10/08 23:32:34 [request.dynamic:3] Fetch failed: retry.
2026/10/08 23:32:35 [request.dynamic:3] Fetch failed: retry.
2026/10/08 23:32:36 [request.dynamic:3] Fetch failed: retry.
2026/10/08 23:32:37 [request.dynamic:3] Fetch failed: retry.
2026/10/08 23:32:38 [request.dynamic:3] Fetch failed: retry.
2026/10/08 23:32:38 [request.dynamic:3] Fetch failed: retry.
2026/10/08 23:32:39 [request.dynamic:3] Fetch failed: retry.
2026/10/08 23:32:40 [request.dynamic:3] Fetch failed: retry.
2026/10/08 23:32:40 [request.dynamic:3] Fetch failed: retry.
2026/10/08 23:32:41 [request.dynamic:3] Fetch failed: retry.
2026/10/08 23:32:41 [request.dynamic:3] Fetch failed: retry.
2026/10/08 23:32:42 [request.dynamic:3] Fetch failed: retry.
2026/10/08 23:32:42 [request.dynamic:3] Fetch failed: retry.
2026/10/08 23:32:43 [request.dynamic:3] Fetch failed: retry.
2026/10/08 23:32:43 [request.dynamic:3] Fetch failed: retry.
2026/10/08 23:32:44 [request.dynamic:3] Fetch failed: retry.
2026/10/08 23:32:44 [request.dynamic:3] Fetch failed: retry.
2026/10/08 23:32:45 [request.dynamic:3] Fetch failed: retry.
2026/10/08 23:32:46 [request.dynamic:3] Fetch failed: retry.
2026/10/08 23:32:47 [request.dynamic:3] Fetch failed: retry.
2026/10/08 23:32:48 [request.dynamic:3] Fetch failed: retry.
2026/10/08 23:32:48 [request.dynamic:3] Fetch failed: retry.
2026/10/08 23:32:49 [request.dynamic:3] Fetch failed: retry.
2026/10/08 23:32:50 [request.dynamic:3] Fetch failed: retry.
2026/10/08 23:32:50 [request.dynamic:3] Fetch failed: retry.
2026/10/08 23:32:51 [request.dynamic:3] Fetch failed: retry.
2026/10/08 23:32:51 [request.dynamic:3] Fetch failed: retry.
2026/10/08 23:32:52 [request.dynamic:3] Fetch failed: retry.
2026/10/08 23:32:52 [request.dynamic:3] Fetch failed: retry.
2026/10/08 23:32:52 [request.dynamic:3] Fetch failed: retry.
2026/10/08 23:32:53 [request.dynamic:3] Fetch failed: retry.
2026/10/08 23:32:53 [request.dynamic:3] Fetch failed: retry.
2026/10/08 23:32:53 [request.dynamic:3] Fetch failed: retry.
2026/10/08 23:32:54 [request.dynamic:3] Fetch failed: retry.
2026/10/08 23:32:54 [request.dynamic:3] Fetch failed: retry.
2026/10/08 23:32:55 [request.dynamic:3] Fetch failed: retry.
2026/10/08 23:32:55 [request.dynamic:3] Fetch failed: retry.
2026/10/08 23:32:56 [request.dynamic:3] Fetch failed: retry.
2026/10/08 23:33:17 [request.dynamic:3] Fetch failed: retry.
2026/10/08 23:33:17 [request.dynamic:3] Fetch failed: retry.
2026/10/08 23:33:18 [request.dynamic:3] Fetch failed: retry.
2026/10/08 23:33:19 [request.dynamic:3] Fetch failed: retry.
2026/10/08 23:33:20 [request.dynamic:3] Fetch failed: retry.
2026/10/08 23:33:21 [request.dynamic:3] Fetch failed: retry.
2026/10/08 23:33:22 [request.dynamic:3] Fetch failed: retry.
2026/10/08 23:33:22 [request.dynamic:3] Fetch failed: retry.
2026/10/08 23:33:23 [request.dynamic:3] Fetch failed: retry.
2026/10/08 23:33:24 [request.dynamic:3] Fetch failed: retry.
2026/10/08 23:33:25 [request.dynamic:3] Fetch failed: retry.
2026/10/08 23:33:27 [request.dynamic:3] Fetch failed: retry.
2026/10/08 23:33:27 [request.dynamic:3] Fetch failed: retry.
2026/10/08 23:33:28 [request.dynamic:3] Fetch failed: retry.
2026/10/08 23:33:29 [request.dynamic:3] Fetch failed: retry.
2026/10/08 23:33:30 [request.dynamic:3] Fetch failed: retry.
2026/10/08 23:33:31 [request.dynamic:3] Fetch failed: retry.
2026/10/08 23:33:32 [request.dynamic:3] Fetch failed: retry.
2026/10/08 23:33:34 [request.dynamic:3] Fetch failed: retry.
2026/10/08 23:33:35 [request.dynamic:3] Fetch failed: retry.
2026/10/08 23:33:36 [request.dynamic:3] Fetch failed: retry.
2026/10/08 23:33:37 [request.dynamic:3] Fetch failed: retry.
2026/10/08 23:33:38 [request.dynamic:3] Fetch failed: retry.
2026/10/08 23:33:39 [request.dynamic:3] Fetch failed: retry.
2026/10/08 23:33:39 [request.dynamic:3] Fetch failed: retry.
2026/10/08 23:33:40 [request.dynamic:3] Fetch failed: retry.
2026/10/08 23:33:40 [request.dynamic:3] Fetch failed: retry.
2026/10/08 23:33:41 [request.dynamic:3] Fetch failed: retry.
2026/10/08 23:33:41 [request.dynamic:3] Fetch failed: retry.
2026/10/08 23:33:42 [request.dynamic:3] Fetch failed: retry.
2026/10/08 23:33:42 [request.dynamic:3] Fetch failed: retry.
2026/10/08 23:33:43 [request.dynamic:3] Fetch failed: retry.
2026/10/08 23:33:43 [request.dynamic:3] Fetch failed: retry.
2026/10/08 23:33:44 [request.dynamic:3] Fetch failed: retry.
2026/10/08 23:33:44 [request.dynamic:3] Fetch failed: retry.
2026/10/08 23:33:45 [request.dynamic:3] Fetch failed: retry.
2026/10/08 23:33:45 [request.dynamic:3] Fetch failed: retry.
2026/10/08 23:33:45 [request.dynamic:3] Fetch failed: retry.
2026/10/08 23:33:46 [request.dynamic:3] Fetch failed: retry.
2026/10/08 23:33:46 [request.dynamic:3] Fetch failed: retry.
2026/10/08 23:33:47 [request.dynamic:3] Fetch failed: retry.
2026/10/08 23:33:49 [request.dynamic:3] Fetch failed: retry.
2026/10/08 23:33:49 [request.dynamic:3] Fetch failed: retry.
2026/10/08 23:33:50 [request.dynamic:3] Fetch failed: retry.
2026/10/08 23:33:50 [request.dynamic:3] Fetch failed: retry.
2026/10/08 23:33:51 [request.dynamic:3] Fetch failed: retry.
2026/10/08 23:33:51 [request.dynamic:3] Fetch failed: retry.
2026/10/08 23:33:52 [request.dynamic:3] Fetch failed: retry.
2026/10/08 23:33:52 [request.dynamic:3] Fetch failed: retry.
2026/10/08 23:33:53 [request.dynamic:3] Fetch failed: retry.
2026/10/08 23:33:53 [request.dynamic:3] Fetch failed: retry.
2026/10/08 23:33:54 [request.dynamic:3] Fetch failed: retry.
2026/10/08 23:33:54 [request.dynamic:3] Fetch failed: retry.
2026/10/08 23:33:54 [request.dynamic:3] Fetch failed: retry.
2026/10/08 23:33:55 [request.dynamic:3] Fetch failed: retry.
2026/10/08 23:33:55 [request.dynamic:3] Fetch failed: retry.
2026/10/08 23:33:56 [request.dynamic:3] Fetch failed: retry.
2026/10/08 23:33:56 [request.dynamic:3] Fetch failed: retry.
2026/10/08 23:33:57 [request.dynamic:3] Fetch failed: retry.
2026/10/08 23:33:57 [request.dynamic:3] Fetch failed: retry.
2026/10/08 23:33:57 [request.dynamic:3] Fetch failed: retry.
2026/10/08 23:33:58 [request.dynamic:3] Fetch failed: retry.
2026/10/08 23:33:58 [request.dynamic:3] Fetch failed: retry.
2026/10/08 23:33:58 [request.dynamic:3] Fetch failed: retry.
2026/10/08 23:33:58 [request.dynamic:3] Fetch failed: retry.
2026/10/08 23:33:59 [request.dynamic:3] Fetch failed: retry.
2026/10/08 23:33:59 [request.dynamic:3] Fetch failed: retry.
2026/10/08 23:34:00 [request.dynamic:3] Fetch failed: retry.
2026/10/08 23:34:00 [request.dynamic:3] Fetch failed: retry.
2026/10/08 23:34:00 [request.dynamic:3] Fetch failed: retry.
2026/10/08 23:34:00 [request.dynamic:3] Fetch failed: retry.
2026/10/08 23:34:06 [request.dynamic:3] Fetch failed: retry.
2026/10/08 23:34:07 [request.dynamic:3] Fetch failed: retry.
2026/10/08 23:34:07 [request.dynamic:3] Fetch failed: retry.
2026/10/08 23:34:08 [request.dynamic:3] Fetch failed: retry.
2026/10/08 23:34:10 [request.dynamic:3] Fetch failed: retry.
2026/10/08 23:34:11 [request.dynamic:3] Fetch failed: retry.
2026/10/08 23:34:12 [request.dynamic:3] Fetch failed: retry.
2026/10/08 23:34:13 [request.dynamic:3] Fetch failed: retry.
2026/10/08 23:34:14 [request.dynamic:3] Fetch failed: retry.
2026/10/08 23:34:15 [request.dynamic:3] Fetch failed: retry.
2026/10/08 23:34:16 [request.dynamic:3] Fetch failed: retry.
2026/10/08 23:34:17 [request.dynamic:3] Fetch failed: retry.
2026/10/08 23:34:18 [request.dynamic:3] Fetch failed: retry.
2026/10/08 23:34:18 [request.dynamic:3] Fetch failed: retry.
2026/10/08 23:34:19 [request.dynamic:3] Fetch failed: retry.
2026/10/08 23:34:20 [request.dynamic:3] Fetch failed: retry.
2026/10/08 23:34:21 [request.dynamic:3] Fetch failed: retry.
2026/10/08 23:34:22 [request.dynamic:3] Fetch failed: retry.
2026/10/08 23:34:22 [request.dynamic:3] Fetch failed: retry.
2026/10/08 23:34:23 [request.dynamic:3] Fetch failed: retry.
2026/10/08 23:34:24 [request.dynamic:3] Fetch failed: retry.
2026/10/08 23:34:24 [request.dynamic:3] Fetch failed: retry.
2026/10/08 23:34:25 [request.dynamic:3] Fetch failed: retry.
2026/10/08 23:34:26 [request.dynamic:3] Fetch failed: retry.
2026/10/08 23:34:26 [request.dynamic:3] Fetch failed: retry.
2026/10/08 23:34:27 [request.dynamic:3] Fetch failed: retry.
2026/10/08 23:34:28 [request.dynamic:3] Fetch failed: retry.
2026/10/08 23:34:28 [request.dynamic:3] Fetch failed: retry.
2026/10/08 23:34:29 [request.dynamic:3] Fetch failed: retry.
2026/10/08 23:34:29 [request.dynamic:3] Fetch failed: retry.
2026/10/08 23:34:30 [request.dynamic:3] Fetch failed: retry.
2026/10/08 23:34:31 [request.dynamic:3] Fetch failed: retry.
2026/10/08 23:34:31 [request.dynamic:3] Fetch failed: retry.
2026/10/08 23:34:32 [request.dynamic:3] Fetch failed: retry.
2026/10/08 23:34:32 [request.dynamic:3] Fetch failed: retry.
2026/10/08 23:34:33 [request.dynamic:3] Fetch failed: retry.
2026/10/08 23:34:33 [request.dynamic:3] Fetch failed: retry.
2026/10/08 23:34:34 [request.dynamic:3] Fetch failed: retry.
2026/10/08 23:34:34 [request.dynamic:3] Fetch failed: retry.
2026/10/08 23:34:34 [request.dynamic:3] Fetch failed: retry.
2026/10/08 23:34:35 [request.dynamic:3] Fetch failed: retry.
2026/10/08 23:34:35 [request.dynamic:3] Fetch failed: retry.
2026/10/08 23:34:35 [request.dynamic:3] Fetch failed: retry.
2026/10/08 23:34:36 [request.dynamic:3] Fetch failed: retry.
2026/10/08 23:34:36 [request.dynamic:3] Fetch failed: retry.
2026/10/08 23:34:37 [request.dynamic:3] Fetch failed: retry.
2026/10/08 23:34:37 [request.dynamic:3] Fetch failed: retry.
2026/10/08 23:34:38 [request.dynamic:3] Fetch failed: retry.
2026/10/08 23:34:38 [request.dynamic:3] Fetch failed: retry.
2026/10/08 23:34:39 [request.dynamic:3] Fetch failed: retry.
2026/10/08 23:34:39 [request.dynamic:3] Fetch failed: retry.
2026/10/08 23:34:40 [request.dynamic:3] Fetch failed: retry.
2026/10/08 23:34:40 [request.dynamic:3] Fetch failed: retry.
2026/10/08 23:34:41 [request.dynamic:3] Fetch failed: retry.
2026/10/08 23:34:41 [request.dynamic:3] Fetch failed: retry.
2026/10/08 23:34:41 [request.dynamic:3] Fetch failed: retry.
2026/10/08 23:34:42 [request.dynamic:3] Fetch failed: retry.
2026/10/08 23:34:42 [request.dynamic:3] Fetch failed: retry.
2026/10/08 23:34:43 [request.dynamic:3] Fetch failed: retry.
2026/10/08 23:34:43 [request.dynamic:3] Fetch failed: retry.
2026/10/08 23:34:44 [request.dynamic:3] Fetch failed: retry.
2026/10/08 23:34:44 [request.dynamic:3] Fetch failed: retry.
2026/10/08 23:34:45 [request.dynamic:3] Fetch failed: retry.
2026/10/08 23:34:46 [request.dynamic:3] Fetch failed: retry.
2026/10/08 23:34:46 [request.dynamic:3] Fetch failed: retry.
2026/10/08 23:34:46 [request.dynamic:3] Fetch failed: retry.
2026/10/08 23:34:46 [request.dynamic:3] Fetch failed: retry.
2026/10/08 23:34:47 [request.dynamic:3] Fetch failed: retry.
2026/10/08 23:34:47 [request.dynamic:3] Fetch failed: retry.
2026/10/08 23:34:47 [request.dynamic:3] Fetch failed: retry.
2026/10/08 23:34:47 [request.dynamic:3] Fetch failed: retry.
2026/10/08 23:34:47 [request.dynamic:3] Fetch failed: retry.
2026/10/08 23:34:47 [request.dynamic:3] Fetch failed: retry.
2026/10/08 23:34:47 [request.dynamic:3] Fetch failed: retry.
2026/10/08 23:34:47 [request.dynamic:3] Fetch failed: retry.
2026/10/08 23:34:48 [request.dynamic:3] Fetch failed: retry.
2026/10/08 23:34:48 [request.dynamic:3] Fetch failed: retry.
2026/10/08 23:34:48 [request.dynamic:3] Fetch failed: retry.
2026/10/08 23:34:48 [request.dynamic:3] Fetch failed: retry.
2026/10/08 23:34:49 [request.dynamic:3] Fetch failed: retry.
2026/10/08 23:34:49 [request.dynamic:3] Fetch failed: retry.
2026/10/08 23:34:49 [request.dynamic:3] Fetch failed: retry.
2026/10/08 23:34:50 [request.dynamic:3] Fetch failed: retry.
2026/10/08 23:34:50 [request.dynamic:3] Fetch failed: retry.
2026/10/08 23:34:51 [request.dynamic:3] Fetch failed: retry.
2026/10/08 23:34:51 [request.dynamic:3] Fetch failed: retry.
2026/10/08 23:34:52 [request.dynamic:3] Fetch failed: retry.
2026/10/08 23:34:53 [request.dynamic:3] Fetch failed: retry.
2026/10/08 23:34:54 [request.dynamic:3] Fetch failed: retry.
2026/10/08 23:34:55 [request.dynamic:3] Fetch failed: retry.
2026/10/08 23:34:55 [request.dynamic:3] Fetch failed: retry.
2026/10/08 23:34:56 [request.dynamic:3] Fetch failed: retry.
2026/10/08 23:34:57 [request.dynamic:3] Fetch failed: retry.
2026/10/08 23:34:57 [request.dynamic:3] Fetch failed: retry.
2026/10/08 23:34:58 [request.dynamic:3] Fetch failed: retry.
2026/10/08 23:34:59 [request.dynamic:3] Fetch failed: retry.
2026/10/08 23:34:59 [request.dynamic:3] Fetch failed: retry.
2026/10/08 23:35:00 [request.dynamic:3] Fetch failed: retry.
2026/10/08 23:35:00 [request.dynamic:3] Fetch failed: retry.
2026/10/08 23:35:02 [request.dynamic:3] Fetch failed: retry.
2026/10/08 23:35:05 [request.dynamic:3] Fetch failed: retry.
2026/10/08 23:35:07 [request.dynamic:3] Fetch failed: retry.
2026/10/08 23:35:09 [request.dynamic:3] Fetch failed: retry.
2026/10/08 23:35:11 [request.dynamic:3] Fetch failed: retry.
2026/10/08 23:35:12 [request.dynamic:3] Fetch failed: retry.
2026/10/08 23:35:14 [request.dynamic:3] Fetch failed: retry.
2026/10/08 23:35:15 [request.dynamic:3] Fetch failed: retry.
2026/10/08 23:35:16 [request.dynamic:3] Fetch failed: retry.
2026/10/08 23:35:18 [request.dynamic:3] Fetch failed: retry.
2026/10/08 23:35:19 [request.dynamic:3] Fetch failed: retry.
2026/10/08 23:35:21 [request.dynamic:3] Fetch failed: retry.
2026/10/08 23:35:22 [request.dynamic:3] Fetch failed: retry.
2026/10/08 23:35:23 [request.dynamic:3] Fetch failed: retry.
2026/10/08 23:35:24 [request.dynamic:3] Fetch failed: retry.
2026/10/08 23:35:25 [request.dynamic:3] Fetch failed: retry.
2026/10/08 23:35:26 [request.dynamic:3] Fetch failed: retry.
2026/10/08 23:35:27 [request.dynamic:3] Fetch failed: retry.
2026/10/08 23:35:27 [request.dynamic:3] Fetch failed: retry.
2026/10/08 23:35:28 [request.dynamic:3] Fetch failed: retry.
2026/10/08 23:35:29 [request.dynamic:3] Fetch failed: retry.
2026/10/08 23:35:29 [request.dynamic:3] Fetch failed: retry.
2026/10/08 23:35:30 [request.dynamic:3] Fetch failed: retry.
2026/10/08 23:35:30 [request.dynamic:3] Fetch failed: retry.
2026/10/08 23:35:31 [request.dynamic:3] Fetch failed: retry.
2026/10/08 23:35:31 [request.dynamic:3] Fetch failed: retry.
2026/10/08 23:35:32 [request.dynamic:3] Fetch failed: retry.
2026/10/08 23:35:33 [request.dynamic:3] Fetch failed: retry.
2026/10/08 23:35:33 [request.dynamic:3] Fetch failed: retry.
2026/10/08 23:35:34 [request.dynamic:3] Fetch failed: retry.
2026/10/08 23:35:34 [request.dynamic:3] Fetch failed: retry.
2026/10/08 23:35:35 [request.dynamic:3] Fetch failed: retry.
2026/10/08 23:35:36 [request.dynamic:3] Fetch failed: retry.
2026/10/08 23:35:37 [request.dynamic:3] Fetch failed: retry.
2026/10/08 23:35:37 [request.dynamic:3] Fetch failed: retry.
2026/10/08 23:35:38 [request.dynamic:3] Fetch failed: retry.
2026/10/08 23:35:39 [request.dynamic:3] Fetch failed: retry.
2026/10/08 23:35:39 [request.dynamic:3] Fetch failed: retry.
2026/10/08 23:35:40 [request.dynamic:3] Fetch failed: retry.
2026/10/08 23:35:41 [request.dynamic:3] Fetch failed: retry.
2026/10/08 23:35:41 [request.dynamic:3] Fetch failed: retry.
2026/10/08 23:35:42 [request.dynamic:3] Fetch failed: retry.
2026/10/08 23:35:42 [request.dynamic:3] Fetch failed: retry.
2026/10/08 23:35:42 [request.dynamic:3] Fetch failed: retry.
2026/10/08 23:35:43 [request.dynamic:3] Fetch failed: retry.
2026/10/08 23:35:43 [request.dynamic:3] Fetch failed: retry.
2026/10/08 23:35:43 [request.dynamic:3] Fetch failed: retry.
2026/10/08 23:35:44 [request.dynamic:3] Fetch failed: retry.
2026/10/08 23:35:44 [request.dynamic:3] Fetch failed: retry.
2026/10/08 23:38:25 [decoder:2] Decoding "/var/azuracast/stations/evangile_du_royaume/media/Cantiques du royaume/jean-christ_-_6_minutes.mp3" ended: Ffmpeg_decoder.End_of_file.
2026/10/08 23:46:43 [decoder:2] Decoding "/var/azuracast/stations/evangile_du_royaume/media/Worship/39 - My Heart Rejoices - Toronto HF.mp3" ended: Ffmpeg_decoder.End_of_file.
2026/10/08 23:46:44 [next_song:3] Prepared "/var/azuracast/stations/evangile_du_royaume/media/Cantiques du royaume/5-il_sappelait_emmanuel_-_marcel_boungou__paroles.mp3" (RID 1064).
2026/10/08 23:51:54 [decoder:2] Decoding "/var/azuracast/stations/evangile_du_royaume/media/Cantiques du royaume/5-il_sappelait_emmanuel_-_marcel_boungou__paroles.mp3" ended: Ffmpeg_decoder.End_of_file.
2026/10/08 23:51:54 [next_song:3] Prepared "/var/azuracast/stations/evangile_du_royaume/media/Worship/29 - Thy Throne Oh Lord - Ketu HF.mp3" (RID 1065).
