2026/08/09 00:00:04 [clock.main:2] We must catchup 1.02 seconds!
2026/08/09 00:00:05 [clock.main:2] We must catchup 1.27 seconds!
2026/08/09 00:00:06 [clock.main:2] We must catchup 1.56 seconds!
2026/08/09 00:00:07 [clock.main:2] We must catchup 1.68 seconds!
2026/08/09 00:00:08 [clock.main:2] We must catchup 1.95 seconds!
2026/08/09 00:00:09 [clock.main:2] We must catchup 2.44 seconds!
2026/08/09 00:00:10 [clock.main:2] We must catchup 2.55 seconds!
2026/08/09 00:00:11 [clock.main:2] We must catchup 2.90 seconds!
2026/08/09 00:00:12 [clock.main:2] We must catchup 3.15 seconds!
2026/08/09 00:00:13 [clock.main:2] We must catchup 3.34 seconds!
2026/08/09 00:00:14 [clock.main:2] We must catchup 2.13 seconds!
2026/08/09 00:00:15 [clock.main:2] We must catchup 1.02 seconds!
2026/08/09 00:01:32 [threads:2] Queue generic queue #1 crashed with exception Sys_error("Condition.wait: Operation not permitted")
2026/08/09 00:01:32 [threads:2] Raised by primitive operation at Duppy.queue.run in file "src/duppy.ml", line 341, characters 6-32
2026/08/09 00:01:32 [threads:2] Called from Duppy.queue in file "src/duppy.ml", line 357, characters 8-12
2026/08/09 00:01:32 [threads:2] Re-raised at Duppy.queue in file "src/duppy.ml", line 361, characters 8-17
2026/08/09 00:01:32 [threads:2] Called from Tutils.create.(fun).process in file "tools/tutils.ml", line 164, characters 12-15
2026/08/09 00:01:32 [threads:2] 
2026/08/09 00:01:32 [threads:1] PANIC: Liquidsoap has crashed, exiting.,
2026/08/09 00:01:32 [threads:1] Please report at: savonet-users@lists.sf.net
2026/08/09 00:01:36 [lang.deprecated:2] WARNING: "map_metadata" is deprecated and will be removed in future version. Please use "metadata.map" instead.
2026/08/09 00:01:36 [lang.deprecated:2] WARNING: "map_metadata" is deprecated and will be removed in future version. Please use "metadata.map" instead.
2026/08/09 00:01:36 [error_jingle:3] "/usr/local/share/icecast/web/error.mp3" is static, resolving once for all...
2026/08/09 00:01:37 [error_jingle:3] Prepared "/usr/local/share/icecast/web/error.mp3" (RID 6).
2026/08/09 00:01:37 [safe_fallback:3] Switch to error_jingle.
2026/08/09 00:01:37 [playlist_000_transition:3] Prepared "/var/azuracast/stations/evangile_du_royaume/media/jingles_de_transition_1.mp3" (RID 11).
2026/08/09 00:01:37 [safe_fallback:3] Switch to amplify_0 with transition.
2026/08/09 00:01:37 [live_fallback:3] Switch to cross_0.
2026/08/09 00:01:37 [interrupting_fallback:3] Switch to requests_fallback.
2026/08/09 00:01:37 [requests_fallback:3] Switch to autodj_fallback.
2026/08/09 00:01:37 [autodj_fallback:3] Switch to schedule_switch.
2026/08/09 00:01:37 [schedule_switch:3] Switch to metadata.map_0.
2026/08/09 00:01:48 [next_song:3] Prepared "/var/azuracast/stations/evangile_du_royaume/media/Jingle/jingle_avant_message_03_vous_ecoutez_parole_prophetique_fm.mp3" (RID 14).
2026/08/09 00:03:12 [decoder:2] Decoding "/var/azuracast/stations/evangile_du_royaume/media/jingles_de_transition_1.mp3" ended: Ffmpeg_decoder.End_of_file.
2026/08/09 00:03:13 [playlist_bloc_a_serie_du_jour:3] Prepared "/var/azuracast/stations/evangile_du_royaume/media/Jingle/jingle_avant_message_03_vous_ecoutez_parole_prophetique_fm.mp3" (RID 7).
2026/08/09 00:03:13 [schedule_switch:3] Switch to cue_playlist_bloc_a_serie_du_jour with forgetful transition.
2026/08/09 00:03:13 [autodj_fallback:3] Switch to dynamic_startup with forgetful transition.
2026/08/09 00:03:13 [dynamic_startup:3] Switch to cue_next_song.
2026/08/09 00:03:19 [decoder:2] Decoding "/var/azuracast/stations/evangile_du_royaume/media/Jingle/jingle_avant_message_03_vous_ecoutez_parole_prophetique_fm.mp3" ended: Ffmpeg_decoder.End_of_file.
2026/08/09 00:03:19 [next_song:3] Prepared "/var/azuracast/stations/evangile_du_royaume/media/le_retour_du_seigneur.mp3" (RID 15).
2026/08/09 02:16:07 [decoder:2] Decoding "/var/azuracast/stations/evangile_du_royaume/media/le_retour_du_seigneur.mp3" ended: Ffmpeg_decoder.End_of_file.
2026/08/09 02:16:07 [next_song:3] Prepared "/var/azuracast/stations/evangile_du_royaume/media/Jingle/jingle_avant_bible_08_prenons_un_moment_pour_ecouter_la_parole.mp3" (RID 16).
2026/08/09 02:16:13 [decoder:2] Decoding "/var/azuracast/stations/evangile_du_royaume/media/Jingle/jingle_avant_bible_08_prenons_un_moment_pour_ecouter_la_parole.mp3" ended: Ffmpeg_decoder.End_of_file.
2026/08/09 02:16:14 [next_song:3] Prepared "/var/azuracast/stations/evangile_du_royaume/media/La bible/1_corinthiens_010.mp3" (RID 17).
2026/08/09 02:20:59 [decoder:2] Decoding "/var/azuracast/stations/evangile_du_royaume/media/La bible/1_corinthiens_010.mp3" ended: Ffmpeg_decoder.End_of_file.
2026/08/09 02:21:00 [next_song:3] Prepared "/var/azuracast/stations/evangile_du_royaume/media/La bible/1_corinthiens_011.mp3" (RID 18).
2026/08/09 02:26:05 [decoder:2] Decoding "/var/azuracast/stations/evangile_du_royaume/media/La bible/1_corinthiens_011.mp3" ended: Ffmpeg_decoder.End_of_file.
2026/08/09 02:26:06 [next_song:3] Prepared "/var/azuracast/stations/evangile_du_royaume/media/La bible/1_corinthiens_012.mp3" (RID 19).
