2026/09/14 00:00:14 [clock.main:2] We must catchup 1.02 seconds!
2026/09/14 00:00:15 [clock.main:2] We must catchup 1.30 seconds!
2026/09/14 00:00:16 [clock.main:2] We must catchup 1.82 seconds!
2026/09/14 00:00:17 [clock.main:2] We must catchup 2.11 seconds!
2026/09/14 00:00:18 [clock.main:2] We must catchup 2.07 seconds!
2026/09/14 00:01:28 [lang.deprecated:2] WARNING: "map_metadata" is deprecated and will be removed in future version. Please use "metadata.map" instead.
2026/09/14 00:01:28 [lang.deprecated:2] WARNING: "map_metadata" is deprecated and will be removed in future version. Please use "metadata.map" instead.
2026/09/14 00:01:28 [error_jingle:3] "/usr/local/share/icecast/web/error.mp3" is static, resolving once for all...
2026/09/14 00:01:28 [error_jingle:3] Prepared "/usr/local/share/icecast/web/error.mp3" (RID 7).
2026/09/14 00:01:28 [safe_fallback:3] Switch to error_jingle.
2026/09/14 00:01:29 [playlist_000_transition:3] Prepared "/var/azuracast/stations/evangile_du_royaume/media/jingles_de_transition_3.mp3" (RID 12).
2026/09/14 00:01:29 [safe_fallback:3] Switch to amplify_0 with transition.
2026/09/14 00:01:29 [live_fallback:3] Switch to cross_0.
2026/09/14 00:01:29 [interrupting_fallback:3] Switch to requests_fallback.
2026/09/14 00:01:29 [requests_fallback:3] Switch to autodj_fallback.
2026/09/14 00:01:29 [autodj_fallback:3] Switch to schedule_switch.
2026/09/14 00:01:29 [schedule_switch:3] Switch to metadata.map_0.
2026/09/14 00:01:40 [next_song:3] Prepared "/var/azuracast/stations/evangile_du_royaume/media/jingles_de_transition_2.mp3" (RID 16).
2026/09/14 00:03:41 [decoder:2] Decoding "/var/azuracast/stations/evangile_du_royaume/media/jingles_de_transition_3.mp3" ended: Ffmpeg_decoder.End_of_file.
2026/09/14 00:03:41 [playlist_bloc_a_serie_du_jour:3] Prepared "/var/azuracast/stations/evangile_du_royaume/media/Jingle/jingle_avant_message_05_vous_etes_a_lecoute_de_levangile_du_royaume.mp3" (RID 8).
2026/09/14 00:03:41 [schedule_switch:3] Switch to cue_playlist_bloc_a_serie_du_jour with forgetful transition.
2026/09/14 00:03:41 [autodj_fallback:3] Switch to dynamic_startup with forgetful transition.
2026/09/14 00:03:41 [dynamic_startup:3] Switch to cue_next_song.
2026/09/14 00:05:09 [decoder:2] Decoding "/var/azuracast/stations/evangile_du_royaume/media/jingles_de_transition_2.mp3" ended: Ffmpeg_decoder.End_of_file.
2026/09/14 00:05:10 [next_song:3] Prepared "/var/azuracast/stations/evangile_du_royaume/media/Jingle/jingle_avant_message_05_vous_etes_a_lecoute_de_levangile_du_royaume.mp3" (RID 17).
2026/09/14 00:05:21 [decoder:2] Decoding "/var/azuracast/stations/evangile_du_royaume/media/Jingle/jingle_avant_message_05_vous_etes_a_lecoute_de_levangile_du_royaume.mp3" ended: Ffmpeg_decoder.End_of_file.
2026/09/14 00:05:21 [next_song:3] Prepared "/var/azuracast/stations/evangile_du_royaume/media/2020_de_aud-20200824-wa0002_1.mp3" (RID 18).
2026/09/14 00:18:10 [decoder:2] Decoding "/var/azuracast/stations/evangile_du_royaume/media/2020_de_aud-20200824-wa0002_1.mp3" ended: Ffmpeg_decoder.End_of_file.
2026/09/14 00:18:11 [next_song:3] Prepared "/var/azuracast/stations/evangile_du_royaume/media/Jingle/jingle_avant_bible_07_place_a_la_lecture_de_la_bible.mp3" (RID 19).
2026/09/14 00:18:24 [decoder:2] Decoding "/var/azuracast/stations/evangile_du_royaume/media/Jingle/jingle_avant_bible_07_place_a_la_lecture_de_la_bible.mp3" ended: Ffmpeg_decoder.End_of_file.
2026/09/14 00:18:24 [next_song:3] Prepared "/var/azuracast/stations/evangile_du_royaume/media/La bible/jude_001.mp3" (RID 20).
2026/09/14 00:22:48 [decoder:2] Decoding "/var/azuracast/stations/evangile_du_royaume/media/La bible/jude_001.mp3" ended: Ffmpeg_decoder.End_of_file.
2026/09/14 00:22:49 [next_song:3] Prepared "/var/azuracast/stations/evangile_du_royaume/media/La bible/jacques_001.mp3" (RID 21).
2026/09/14 00:26:43 [decoder:2] Decoding "/var/azuracast/stations/evangile_du_royaume/media/La bible/jacques_001.mp3" ended: Ffmpeg_decoder.End_of_file.
2026/09/14 00:26:43 [next_song:3] Prepared "/var/azuracast/stations/evangile_du_royaume/media/La bible/jacques_002.mp3" (RID 22).
2026/09/14 00:30:31 [decoder:2] Decoding "/var/azuracast/stations/evangile_du_royaume/media/La bible/jacques_002.mp3" ended: Ffmpeg_decoder.End_of_file.
2026/09/14 00:30:31 [next_song:3] Prepared "/var/azuracast/stations/evangile_du_royaume/media/La bible/jacques_003.mp3" (RID 23).
2026/09/14 00:33:24 [decoder:2] Decoding "/var/azuracast/stations/evangile_du_royaume/media/La bible/jacques_003.mp3" ended: Ffmpeg_decoder.End_of_file.
2026/09/14 00:33:24 [next_song:3] Prepared "/var/azuracast/stations/evangile_du_royaume/media/La bible/jacques_004.mp3" (RID 24).
2026/09/14 00:36:08 [decoder:2] Decoding "/var/azuracast/stations/evangile_du_royaume/media/La bible/jacques_004.mp3" ended: Ffmpeg_decoder.End_of_file.
2026/09/14 00:36:08 [next_song:3] Prepared "/var/azuracast/stations/evangile_du_royaume/media/La bible/jacques_005.mp3" (RID 25).
2026/09/14 00:39:33 [decoder:2] Decoding "/var/azuracast/stations/evangile_du_royaume/media/La bible/jacques_005.mp3" ended: Ffmpeg_decoder.End_of_file.
2026/09/14 00:39:34 [next_song:3] Prepared "/var/azuracast/stations/evangile_du_royaume/media/La bible/ecclésiaste_001.mp3" (RID 26).
2026/09/14 00:41:52 [decoder:2] Decoding "/var/azuracast/stations/evangile_du_royaume/media/La bible/ecclésiaste_001.mp3" ended: Ffmpeg_decoder.End_of_file.
2026/09/14 00:41:53 [next_song:3] Prepared "/var/azuracast/stations/evangile_du_royaume/media/La bible/ecclésiaste_002.mp3" (RID 27).
2026/09/14 00:46:07 [decoder:2] Decoding "/var/azuracast/stations/evangile_du_royaume/media/La bible/ecclésiaste_002.mp3" ended: Ffmpeg_decoder.End_of_file.
2026/09/14 00:46:07 [next_song:3] Prepared "/var/azuracast/stations/evangile_du_royaume/media/La bible/ecclésiaste_003.mp3" (RID 28).
2026/09/14 00:48:55 [decoder:2] Decoding "/var/azuracast/stations/evangile_du_royaume/media/La bible/ecclésiaste_003.mp3" ended: Ffmpeg_decoder.End_of_file.
2026/09/14 00:48:55 [next_song:3] Prepared "/var/azuracast/stations/evangile_du_royaume/media/La bible/ecclésiaste_004.mp3" (RID 29).
2026/09/14 00:51:15 [decoder:2] Decoding "/var/azuracast/stations/evangile_du_royaume/media/La bible/ecclésiaste_004.mp3" ended: Ffmpeg_decoder.End_of_file.
2026/09/14 00:51:15 [next_song:3] Prepared "/var/azuracast/stations/evangile_du_royaume/media/La bible/ecclésiaste_005.mp3" (RID 30).
2026/09/14 00:54:30 [decoder:2] Decoding "/var/azuracast/stations/evangile_du_royaume/media/La bible/ecclésiaste_005.mp3" ended: Ffmpeg_decoder.End_of_file.
2026/09/14 00:54:30 [next_song:3] Prepared "/var/azuracast/stations/evangile_du_royaume/media/La bible/ecclésiaste_006.mp3" (RID 31).
2026/09/14 00:56:17 [decoder:2] Decoding "/var/azuracast/stations/evangile_du_royaume/media/La bible/ecclésiaste_006.mp3" ended: Ffmpeg_decoder.End_of_file.
2026/09/14 00:56:17 [next_song:3] Prepared "/var/azuracast/stations/evangile_du_royaume/media/La bible/ecclésiaste_007.mp3" (RID 32).
2026/09/14 00:59:58 [decoder:2] Decoding "/var/azuracast/stations/evangile_du_royaume/media/La bible/ecclésiaste_007.mp3" ended: Ffmpeg_decoder.End_of_file.
2026/09/14 00:59:59 [next_song:3] Prepared "/var/azuracast/stations/evangile_du_royaume/media/La bible/ecclésiaste_008.mp3" (RID 33).
2026/09/14 01:02:47 [decoder:2] Decoding "/var/azuracast/stations/evangile_du_royaume/media/La bible/ecclésiaste_008.mp3" ended: Ffmpeg_decoder.End_of_file.
2026/09/14 01:02:48 [next_song:3] Prepared "/var/azuracast/stations/evangile_du_royaume/media/La bible/ecclésiaste_009.mp3" (RID 34).
2026/09/14 01:05:58 [decoder:2] Decoding "/var/azuracast/stations/evangile_du_royaume/media/La bible/ecclésiaste_009.mp3" ended: Ffmpeg_decoder.End_of_file.
2026/09/14 01:05:59 [next_song:3] Prepared "/var/azuracast/stations/evangile_du_royaume/media/La bible/ecclésiaste_010.mp3" (RID 35).
2026/09/14 01:08:25 [decoder:2] Decoding "/var/azuracast/stations/evangile_du_royaume/media/La bible/ecclésiaste_010.mp3" ended: Ffmpeg_decoder.End_of_file.
2026/09/14 01:08:26 [next_song:3] Prepared "/var/azuracast/stations/evangile_du_royaume/media/La bible/ecclésiaste_011.mp3" (RID 36).
2026/09/14 01:09:57 [decoder:2] Decoding "/var/azuracast/stations/evangile_du_royaume/media/La bible/ecclésiaste_011.mp3" ended: Ffmpeg_decoder.End_of_file.
2026/09/14 01:09:58 [next_song:3] Prepared "/var/azuracast/stations/evangile_du_royaume/media/La bible/ecclésiaste_012.mp3" (RID 37).
2026/09/14 01:12:10 [decoder:2] Decoding "/var/azuracast/stations/evangile_du_royaume/media/La bible/ecclésiaste_012.mp3" ended: Ffmpeg_decoder.End_of_file.
2026/09/14 01:12:11 [next_song:3] Prepared "/var/azuracast/stations/evangile_du_royaume/media/La bible/actes_014.mp3" (RID 38).
2026/09/14 01:16:11 [decoder:2] Decoding "/var/azuracast/stations/evangile_du_royaume/media/La bible/actes_014.mp3" ended: Ffmpeg_decoder.End_of_file.
2026/09/14 01:16:12 [next_song:3] Prepared "/var/azuracast/stations/evangile_du_royaume/media/Jingle/jingle_avant_louange_06_que_la_louange_seleve.mp3" (RID 39).
2026/09/14 01:16:22 [decoder:2] Decoding "/var/azuracast/stations/evangile_du_royaume/media/Jingle/jingle_avant_louange_06_que_la_louange_seleve.mp3" ended: Ffmpeg_decoder.End_of_file.
2026/09/14 01:16:23 [next_song:3] Prepared "/var/azuracast/stations/evangile_du_royaume/media/Worship/29 - Thy Throne Oh Lord - Ketu HF.mp3" (RID 40).
2026/09/14 01:26:02 [decoder:2] Decoding "/var/azuracast/stations/evangile_du_royaume/media/Worship/29 - Thy Throne Oh Lord - Ketu HF.mp3" ended: Ffmpeg_decoder.End_of_file.
2026/09/14 01:26:03 [next_song:3] Prepared "/var/azuracast/stations/evangile_du_royaume/media/Cantiques du royaume/cantique_-_esprit_de_dieu.mp3" (RID 41).
2026/09/14 01:29:12 [decoder:2] Decoding "/var/azuracast/stations/evangile_du_royaume/media/Cantiques du royaume/cantique_-_esprit_de_dieu.mp3" ended: Ffmpeg_decoder.End_of_file.
2026/09/14 01:29:13 [next_song:3] Prepared "/var/azuracast/stations/evangile_du_royaume/media/Worship/75 - How Precious Oh Lord.mp3" (RID 42).
2026/09/14 01:34:55 [decoder:2] Decoding "/var/azuracast/stations/evangile_du_royaume/media/Worship/75 - How Precious Oh Lord.mp3" ended: Ffmpeg_decoder.End_of_file.
2026/09/14 01:34:55 [next_song:3] Prepared "/var/azuracast/stations/evangile_du_royaume/media/Cantiques du royaume/cantique___il_s_est_lui-même_humilié.mp3" (RID 43).
2026/09/14 01:40:20 [decoder:2] Decoding "/var/azuracast/stations/evangile_du_royaume/media/Cantiques du royaume/cantique___il_s_est_lui-même_humilié.mp3" ended: Ffmpeg_decoder.End_of_file.
2026/09/14 01:40:21 [next_song:3] Prepared "/var/azuracast/stations/evangile_du_royaume/media/SWBN Lead Concert Live Worship/03 - Holy are You oh Lord (Olaedo Uzoma & Vincent Opara).mp3" (RID 44).
2026/09/14 01:49:56 [decoder:2] Decoding "/var/azuracast/stations/evangile_du_royaume/media/SWBN Lead Concert Live Worship/03 - Holy are You oh Lord (Olaedo Uzoma & Vincent Opara).mp3" ended: Ffmpeg_decoder.End_of_file.
2026/09/14 01:49:56 [next_song:3] Prepared "/var/azuracast/stations/evangile_du_royaume/media/Worship/39 - My Heart Rejoices - Toronto HF.mp3" (RID 45).
2026/09/14 01:58:14 [decoder:2] Decoding "/var/azuracast/stations/evangile_du_royaume/media/Worship/39 - My Heart Rejoices - Toronto HF.mp3" ended: Ffmpeg_decoder.End_of_file.
2026/09/14 01:58:15 [next_song:3] Prepared "/var/azuracast/stations/evangile_du_royaume/media/Cantiques du royaume/jean-christ_-_6_minutes.mp3" (RID 46).
2026/09/14 02:04:52 [decoder:2] Decoding "/var/azuracast/stations/evangile_du_royaume/media/Cantiques du royaume/jean-christ_-_6_minutes.mp3" ended: Ffmpeg_decoder.End_of_file.
2026/09/14 02:04:53 [next_song:3] Prepared "/var/azuracast/stations/evangile_du_royaume/media/SWBN Lead Concert Live Worship/07 - There is no Lie (Imah Adegoke & Mary Umoh).mp3" (RID 47).
2026/09/14 02:11:44 [decoder:2] Decoding "/var/azuracast/stations/evangile_du_royaume/media/SWBN Lead Concert Live Worship/07 - There is no Lie (Imah Adegoke & Mary Umoh).mp3" ended: Ffmpeg_decoder.End_of_file.
2026/09/14 02:11:44 [next_song:3] Prepared "/var/azuracast/stations/evangile_du_royaume/media/Worship/52 - Thou art Worthy Lord - PHF.mp3" (RID 48).
2026/09/14 02:21:04 [decoder:2] Decoding "/var/azuracast/stations/evangile_du_royaume/media/Worship/52 - Thou art Worthy Lord - PHF.mp3" ended: Ffmpeg_decoder.End_of_file.
2026/09/14 02:21:05 [next_song:3] Prepared "/var/azuracast/stations/evangile_du_royaume/media/Jingle/jingle_avant_bible_08_prenons_un_moment_pour_ecouter_la_parole.mp3" (RID 49).
2026/09/14 02:21:14 [decoder:2] Decoding "/var/azuracast/stations/evangile_du_royaume/media/Jingle/jingle_avant_bible_08_prenons_un_moment_pour_ecouter_la_parole.mp3" ended: Ffmpeg_decoder.End_of_file.
2026/09/14 02:21:15 [next_song:3] Prepared "/var/azuracast/stations/evangile_du_royaume/media/La bible/éphésiens_001.mp3" (RID 50).
2026/09/14 02:24:38 [decoder:2] Decoding "/var/azuracast/stations/evangile_du_royaume/media/La bible/éphésiens_001.mp3" ended: Ffmpeg_decoder.End_of_file.
2026/09/14 02:24:38 [next_song:3] Prepared "/var/azuracast/stations/evangile_du_royaume/media/La bible/éphésiens_002.mp3" (RID 51).
2026/09/14 02:27:51 [decoder:2] Decoding "/var/azuracast/stations/evangile_du_royaume/media/La bible/éphésiens_002.mp3" ended: Ffmpeg_decoder.End_of_file.
2026/09/14 02:27:52 [next_song:3] Prepared "/var/azuracast/stations/evangile_du_royaume/media/La bible/éphésiens_003.mp3" (RID 52).
2026/09/14 02:30:45 [decoder:2] Decoding "/var/azuracast/stations/evangile_du_royaume/media/La bible/éphésiens_003.mp3" ended: Ffmpeg_decoder.End_of_file.
2026/09/14 02:30:45 [next_song:3] Prepared "/var/azuracast/stations/evangile_du_royaume/media/La bible/éphésiens_004.mp3" (RID 53).
2026/09/14 02:35:36 [decoder:2] Decoding "/var/azuracast/stations/evangile_du_royaume/media/La bible/éphésiens_004.mp3" ended: Ffmpeg_decoder.End_of_file.
2026/09/14 02:35:36 [next_song:3] Prepared "/var/azuracast/stations/evangile_du_royaume/media/La bible/éphésiens_005.mp3" (RID 54).
2026/09/14 02:39:45 [decoder:2] Decoding "/var/azuracast/stations/evangile_du_royaume/media/La bible/éphésiens_005.mp3" ended: Ffmpeg_decoder.End_of_file.
2026/09/14 02:39:46 [next_song:3] Prepared "/var/azuracast/stations/evangile_du_royaume/media/La bible/éphésiens_006.mp3" (RID 55).
2026/09/14 02:43:03 [decoder:2] Decoding "/var/azuracast/stations/evangile_du_royaume/media/La bible/éphésiens_006.mp3" ended: Ffmpeg_decoder.End_of_file.
2026/09/14 02:43:04 [next_song:3] Prepared "/var/azuracast/stations/evangile_du_royaume/media/La bible/joël_001.mp3" (RID 56).
2026/09/14 02:46:08 [decoder:2] Decoding "/var/azuracast/stations/evangile_du_royaume/media/La bible/joël_001.mp3" ended: Ffmpeg_decoder.End_of_file.
2026/09/14 02:46:09 [next_song:3] Prepared "/var/azuracast/stations/evangile_du_royaume/media/La bible/joël_002.mp3" (RID 57).
2026/09/14 02:51:47 [decoder:2] Decoding "/var/azuracast/stations/evangile_du_royaume/media/La bible/joël_002.mp3" ended: Ffmpeg_decoder.End_of_file.
2026/09/14 02:51:47 [next_song:3] Prepared "/var/azuracast/stations/evangile_du_royaume/media/Jingle/jingle_avant_louange_05_elevons_nos_coeurs_vers_dieu.mp3" (RID 58).
2026/09/14 02:51:58 [decoder:2] Decoding "/var/azuracast/stations/evangile_du_royaume/media/Jingle/jingle_avant_louange_05_elevons_nos_coeurs_vers_dieu.mp3" ended: Ffmpeg_decoder.End_of_file.
2026/09/14 02:51:59 [next_song:3] Prepared "/var/azuracast/stations/evangile_du_royaume/media/Worship/69 - We Bless You Wonderful God  - Winnipeg Fellowship.mp3" (RID 59).
2026/09/14 02:58:59 [decoder:2] Decoding "/var/azuracast/stations/evangile_du_royaume/media/Worship/69 - We Bless You Wonderful God  - Winnipeg Fellowship.mp3" ended: Ffmpeg_decoder.End_of_file.
2026/09/14 02:59:00 [next_song:3] Prepared "/var/azuracast/stations/evangile_du_royaume/media/Worship/22 - Holy Holy - Abuja HF.mp3" (RID 60).
2026/09/14 03:07:28 [decoder:2] Decoding "/var/azuracast/stations/evangile_du_royaume/media/Worship/22 - Holy Holy - Abuja HF.mp3" ended: Ffmpeg_decoder.End_of_file.
2026/09/14 03:07:29 [next_song:3] Prepared "/var/azuracast/stations/evangile_du_royaume/media/Cantiques du royaume/cantique___prends_tout_le_contrôle.mp3" (RID 61).
2026/09/14 03:12:18 [decoder:2] Decoding "/var/azuracast/stations/evangile_du_royaume/media/Cantiques du royaume/cantique___prends_tout_le_contrôle.mp3" ended: Ffmpeg_decoder.End_of_file.
2026/09/14 03:12:19 [next_song:3] Prepared "/var/azuracast/stations/evangile_du_royaume/media/Worship/49 - We Worship Adonai - PHF.mp3" (RID 62).
2026/09/14 03:20:46 [decoder:2] Decoding "/var/azuracast/stations/evangile_du_royaume/media/Worship/49 - We Worship Adonai - PHF.mp3" ended: Ffmpeg_decoder.End_of_file.
2026/09/14 03:20:47 [next_song:3] Prepared "/var/azuracast/stations/evangile_du_royaume/media/Worship/80 - I Will Call Upon The Lord.mp3" (RID 63).
2026/09/14 03:25:54 [decoder:2] Decoding "/var/azuracast/stations/evangile_du_royaume/media/Worship/80 - I Will Call Upon The Lord.mp3" ended: Ffmpeg_decoder.End_of_file.
2026/09/14 03:25:54 [next_song:3] Prepared "/var/azuracast/stations/evangile_du_royaume/media/Worship/68 - Shine in Darkness O Lord  - Winnipeg Fellowship.mp3" (RID 64).
2026/09/14 03:36:15 [decoder:2] Decoding "/var/azuracast/stations/evangile_du_royaume/media/Worship/68 - Shine in Darkness O Lord  - Winnipeg Fellowship.mp3" ended: Ffmpeg_decoder.End_of_file.
2026/09/14 03:36:16 [next_song:3] Prepared "/var/azuracast/stations/evangile_du_royaume/media/Cantiques du royaume/Cantique-A jamais, tu seras l_Agneau de Dieu.mp3" (RID 65).
2026/09/14 03:45:27 [decoder:2] Decoding "/var/azuracast/stations/evangile_du_royaume/media/Cantiques du royaume/Cantique-A jamais, tu seras l_Agneau de Dieu.mp3" ended: Ffmpeg_decoder.End_of_file.
2026/09/14 03:45:28 [next_song:3] Prepared "/var/azuracast/stations/evangile_du_royaume/media/Worship/88 - Good God - Asaba Fellowship.mp3" (RID 66).
2026/09/14 03:51:31 [decoder:2] Decoding "/var/azuracast/stations/evangile_du_royaume/media/Worship/88 - Good God - Asaba Fellowship.mp3" ended: Ffmpeg_decoder.End_of_file.
2026/09/14 03:51:31 [next_song:3] Prepared "/var/azuracast/stations/evangile_du_royaume/media/Jingle/jingle_avant_bible_06_ouvrons_les_saintes_ecritures.mp3" (RID 67).
2026/09/14 03:51:41 [decoder:2] Decoding "/var/azuracast/stations/evangile_du_royaume/media/Jingle/jingle_avant_bible_06_ouvrons_les_saintes_ecritures.mp3" ended: Ffmpeg_decoder.End_of_file.
2026/09/14 03:51:42 [next_song:3] Prepared "/var/azuracast/stations/evangile_du_royaume/media/La bible/1_jean_001.mp3" (RID 68).
2026/09/14 03:53:19 [decoder:2] Decoding "/var/azuracast/stations/evangile_du_royaume/media/La bible/1_jean_001.mp3" ended: Ffmpeg_decoder.End_of_file.
2026/09/14 03:53:19 [next_song:3] Prepared "/var/azuracast/stations/evangile_du_royaume/media/La bible/1_jean_002.mp3" (RID 69).
2026/09/14 03:57:55 [decoder:2] Decoding "/var/azuracast/stations/evangile_du_royaume/media/La bible/1_jean_002.mp3" ended: Ffmpeg_decoder.End_of_file.
2026/09/14 03:57:56 [next_song:3] Prepared "/var/azuracast/stations/evangile_du_royaume/media/La bible/1_jean_003.mp3" (RID 70).
2026/09/14 04:01:27 [decoder:2] Decoding "/var/azuracast/stations/evangile_du_royaume/media/La bible/1_jean_003.mp3" ended: Ffmpeg_decoder.End_of_file.
2026/09/14 04:01:27 [next_song:3] Prepared "/var/azuracast/stations/evangile_du_royaume/media/La bible/1_jean_004.mp3" (RID 71).
2026/09/14 04:04:41 [decoder:2] Decoding "/var/azuracast/stations/evangile_du_royaume/media/La bible/1_jean_004.mp3" ended: Ffmpeg_decoder.End_of_file.
2026/09/14 04:04:41 [next_song:3] Prepared "/var/azuracast/stations/evangile_du_royaume/media/La bible/1_jean_005.mp3" (RID 72).
2026/09/14 04:07:50 [decoder:2] Decoding "/var/azuracast/stations/evangile_du_royaume/media/La bible/1_jean_005.mp3" ended: Ffmpeg_decoder.End_of_file.
2026/09/14 04:07:50 [next_song:3] Prepared "/var/azuracast/stations/evangile_du_royaume/media/La bible/1_pierre_001.mp3" (RID 73).
2026/09/14 04:12:20 [decoder:2] Decoding "/var/azuracast/stations/evangile_du_royaume/media/La bible/1_pierre_001.mp3" ended: Ffmpeg_decoder.End_of_file.
2026/09/14 04:12:20 [next_song:3] Prepared "/var/azuracast/stations/evangile_du_royaume/media/La bible/1_pierre_002.mp3" (RID 74).
2026/09/14 04:16:34 [decoder:2] Decoding "/var/azuracast/stations/evangile_du_royaume/media/La bible/1_pierre_002.mp3" ended: Ffmpeg_decoder.End_of_file.
2026/09/14 04:16:34 [next_song:3] Prepared "/var/azuracast/stations/evangile_du_royaume/media/La bible/1_pierre_003.mp3" (RID 75).
2026/09/14 04:20:21 [decoder:2] Decoding "/var/azuracast/stations/evangile_du_royaume/media/La bible/1_pierre_003.mp3" ended: Ffmpeg_decoder.End_of_file.
2026/09/14 04:20:21 [next_song:3] Prepared "/var/azuracast/stations/evangile_du_royaume/media/La bible/1_pierre_004.mp3" (RID 76).
2026/09/14 04:23:32 [decoder:2] Decoding "/var/azuracast/stations/evangile_du_royaume/media/La bible/1_pierre_004.mp3" ended: Ffmpeg_decoder.End_of_file.
2026/09/14 04:23:32 [next_song:3] Prepared "/var/azuracast/stations/evangile_du_royaume/media/La bible/1_pierre_005.mp3" (RID 77).
2026/09/14 04:25:44 [decoder:2] Decoding "/var/azuracast/stations/evangile_du_royaume/media/La bible/1_pierre_005.mp3" ended: Ffmpeg_decoder.End_of_file.
2026/09/14 04:25:45 [next_song:3] Prepared "/var/azuracast/stations/evangile_du_royaume/media/La bible/1_rois_002.mp3" (RID 78).
2026/09/14 04:34:53 [decoder:2] Decoding "/var/azuracast/stations/evangile_du_royaume/media/La bible/1_rois_002.mp3" ended: Ffmpeg_decoder.End_of_file.
2026/09/14 04:34:54 [next_song:3] Prepared "/var/azuracast/stations/evangile_du_royaume/media/Jingle/jingle_avant_louange_07_voici_un_temps_de_louange.mp3" (RID 79).
2026/09/14 04:35:07 [decoder:2] Decoding "/var/azuracast/stations/evangile_du_royaume/media/Jingle/jingle_avant_louange_07_voici_un_temps_de_louange.mp3" ended: Ffmpeg_decoder.End_of_file.
2026/09/14 04:35:08 [next_song:3] Prepared "/var/azuracast/stations/evangile_du_royaume/media/Worship/82 - A Song Of Love.mp3" (RID 80).
2026/09/14 04:40:07 [decoder:2] Decoding "/var/azuracast/stations/evangile_du_royaume/media/Worship/82 - A Song Of Love.mp3" ended: Ffmpeg_decoder.End_of_file.
2026/09/14 04:40:07 [next_song:3] Prepared "/var/azuracast/stations/evangile_du_royaume/media/Worship/71 - In the Day of Your Power  - Winnipeg Fellowship.mp3" (RID 81).
2026/09/14 04:48:25 [decoder:2] Decoding "/var/azuracast/stations/evangile_du_royaume/media/Worship/71 - In the Day of Your Power  - Winnipeg Fellowship.mp3" ended: Ffmpeg_decoder.End_of_file.
2026/09/14 04:48:26 [next_song:3] Prepared "/var/azuracast/stations/evangile_du_royaume/media/Worship/81 - As We Worship In Ypur Presence.mp3" (RID 82).
2026/09/14 04:55:19 [decoder:2] Decoding "/var/azuracast/stations/evangile_du_royaume/media/Worship/81 - As We Worship In Ypur Presence.mp3" ended: Ffmpeg_decoder.End_of_file.
2026/09/14 04:55:19 [next_song:3] Prepared "/var/azuracast/stations/evangile_du_royaume/media/Worship/55 - God's Got An Army - PHF.mp3" (RID 83).
2026/09/14 05:00:38 [decoder:2] Decoding "/var/azuracast/stations/evangile_du_royaume/media/Worship/55 - God's Got An Army - PHF.mp3" ended: Ffmpeg_decoder.End_of_file.
2026/09/14 05:00:39 [next_song:3] Prepared "/var/azuracast/stations/evangile_du_royaume/media/Worship/16 - I Will Not Be Silent - Calabar HF.mp3" (RID 84).
2026/09/14 05:04:39 [decoder:2] Decoding "/var/azuracast/stations/evangile_du_royaume/media/Worship/16 - I Will Not Be Silent - Calabar HF.mp3" ended: Ffmpeg_decoder.End_of_file.
2026/09/14 05:04:39 [next_song:3] Prepared "/var/azuracast/stations/evangile_du_royaume/media/Worship/04 - Yahweh Is Mighty - SWBN TV.mp3" (RID 85).
2026/09/14 05:12:54 [decoder:2] Decoding "/var/azuracast/stations/evangile_du_royaume/media/Worship/04 - Yahweh Is Mighty - SWBN TV.mp3" ended: Ffmpeg_decoder.End_of_file.
2026/09/14 05:12:55 [next_song:3] Prepared "/var/azuracast/stations/evangile_du_royaume/media/Worship/78 - Crown Him Lord of Lords - Nonso Njoku.mp3" (RID 86).
2026/09/14 05:18:54 [decoder:2] Decoding "/var/azuracast/stations/evangile_du_royaume/media/Worship/78 - Crown Him Lord of Lords - Nonso Njoku.mp3" ended: Ffmpeg_decoder.End_of_file.
2026/09/14 05:18:54 [next_song:3] Prepared "/var/azuracast/stations/evangile_du_royaume/media/Worship/35 - God is Moving Us On - Ketu HF.mp3" (RID 87).
2026/09/14 05:23:44 [decoder:2] Decoding "/var/azuracast/stations/evangile_du_royaume/media/Worship/35 - God is Moving Us On - Ketu HF.mp3" ended: Ffmpeg_decoder.End_of_file.
2026/09/14 05:23:44 [next_song:3] Prepared "/var/azuracast/stations/evangile_du_royaume/media/Cantiques du royaume/8-_mohamed_sanogo_hymne_des_vainqueurs.mp3" (RID 88).
2026/09/14 05:29:51 [decoder:2] Decoding "/var/azuracast/stations/evangile_du_royaume/media/Cantiques du royaume/8-_mohamed_sanogo_hymne_des_vainqueurs.mp3" ended: Ffmpeg_decoder.End_of_file.
2026/09/14 05:29:51 [next_song:3] Prepared "/var/azuracast/stations/evangile_du_royaume/media/Worship/25 - Immortal God - Elohim Adonai - Abuja HF.mp3" (RID 89).
2026/09/14 05:36:01 [decoder:2] Decoding "/var/azuracast/stations/evangile_du_royaume/media/Worship/25 - Immortal God - Elohim Adonai - Abuja HF.mp3" ended: Ffmpeg_decoder.End_of_file.
2026/09/14 05:36:02 [next_song:3] Prepared "/var/azuracast/stations/evangile_du_royaume/media/Jingle/jingle_musical_station_fm_parole_prophetique_02.mp3" (RID 90).
2026/09/14 05:36:11 [decoder:2] Decoding "/var/azuracast/stations/evangile_du_royaume/media/Jingle/jingle_musical_station_fm_parole_prophetique_02.mp3" ended: Ffmpeg_decoder.End_of_file.
2026/09/14 05:36:11 [next_song:3] Prepared "/var/azuracast/stations/evangile_du_royaume/media/La bible/aggée_001.mp3" (RID 91).
2026/09/14 05:38:51 [decoder:2] Decoding "/var/azuracast/stations/evangile_du_royaume/media/La bible/aggée_001.mp3" ended: Ffmpeg_decoder.End_of_file.
2026/09/14 05:38:52 [next_song:3] Prepared "/var/azuracast/stations/evangile_du_royaume/media/La bible/aggée_002.mp3" (RID 92).
2026/09/14 05:42:47 [decoder:2] Decoding "/var/azuracast/stations/evangile_du_royaume/media/La bible/aggée_002.mp3" ended: Ffmpeg_decoder.End_of_file.
2026/09/14 05:42:47 [next_song:3] Prepared "/var/azuracast/stations/evangile_du_royaume/media/La bible/2_pierre_001.mp3" (RID 93).
2026/09/14 05:46:26 [decoder:2] Decoding "/var/azuracast/stations/evangile_du_royaume/media/La bible/2_pierre_001.mp3" ended: Ffmpeg_decoder.End_of_file.
2026/09/14 05:46:26 [next_song:3] Prepared "/var/azuracast/stations/evangile_du_royaume/media/La bible/2_pierre_002.mp3" (RID 94).
2026/09/14 05:50:27 [decoder:2] Decoding "/var/azuracast/stations/evangile_du_royaume/media/La bible/2_pierre_002.mp3" ended: Ffmpeg_decoder.End_of_file.
2026/09/14 05:50:28 [next_song:3] Prepared "/var/azuracast/stations/evangile_du_royaume/media/La bible/2_pierre_003.mp3" (RID 95).
2026/09/14 05:53:42 [decoder:2] Decoding "/var/azuracast/stations/evangile_du_royaume/media/La bible/2_pierre_003.mp3" ended: Ffmpeg_decoder.End_of_file.
2026/09/14 05:53:42 [next_song:3] Prepared "/var/azuracast/stations/evangile_du_royaume/media/La bible/osée_001.mp3" (RID 96).
2026/09/14 05:55:43 [decoder:2] Decoding "/var/azuracast/stations/evangile_du_royaume/media/La bible/osée_001.mp3" ended: Ffmpeg_decoder.End_of_file.
2026/09/14 05:55:44 [next_song:3] Prepared "/var/azuracast/stations/evangile_du_royaume/media/Jingle/jingle_id_station_01_la_bonne_nouvelle_partout.mp3" (RID 97).
2026/09/14 05:55:53 [decoder:2] Decoding "/var/azuracast/stations/evangile_du_royaume/media/Jingle/jingle_id_station_01_la_bonne_nouvelle_partout.mp3" ended: Ffmpeg_decoder.End_of_file.
2026/09/14 05:55:53 [next_song:3] Prepared "/var/azuracast/stations/evangile_du_royaume/media/Cantiques du royaume/Cantique   Oh Éternel Dieu, Tu es le Dieu Incomparable.mp3" (RID 98).
2026/09/14 06:00:01 [decoder:2] Decoding "/var/azuracast/stations/evangile_du_royaume/media/Cantiques du royaume/Cantique   Oh Éternel Dieu, Tu es le Dieu Incomparable.mp3" ended: Ffmpeg_decoder.End_of_file.
2026/09/14 06:00:02 [next_song:3] Prepared "/var/azuracast/stations/evangile_du_royaume/media/La bible/ésaïe_012.mp3" (RID 99).
2026/09/14 06:00:03 [clock.main:2] We must catchup 1.24 seconds!
2026/09/14 06:00:04 [clock.main:2] We must catchup 1.82 seconds!
2026/09/14 06:00:05 [clock.main:2] We must catchup 2.55 seconds!
2026/09/14 06:01:00 [decoder:2] Decoding "/var/azuracast/stations/evangile_du_royaume/media/La bible/ésaïe_012.mp3" ended: Ffmpeg_decoder.End_of_file.
2026/09/14 06:01:00 [next_song:3] Prepared "/var/azuracast/stations/evangile_du_royaume/media/Jingle/jingle_avant_message_05_vous_etes_a_lecoute_de_levangile_du_royaume.mp3" (RID 100).
2026/09/14 06:01:11 [decoder:2] Decoding "/var/azuracast/stations/evangile_du_royaume/media/Jingle/jingle_avant_message_05_vous_etes_a_lecoute_de_levangile_du_royaume.mp3" ended: Ffmpeg_decoder.End_of_file.
2026/09/14 06:01:12 [next_song:3] Prepared "/var/azuracast/stations/evangile_du_royaume/media/2020_de_aud-20200824-wa0002_1.mp3" (RID 101).
2026/09/14 06:14:01 [decoder:2] Decoding "/var/azuracast/stations/evangile_du_royaume/media/2020_de_aud-20200824-wa0002_1.mp3" ended: Ffmpeg_decoder.End_of_file.
2026/09/14 06:14:01 [next_song:3] Prepared "/var/azuracast/stations/evangile_du_royaume/media/Jingle/jingle_avant_bible_08_prenons_un_moment_pour_ecouter_la_parole.mp3" (RID 102).
2026/09/14 06:14:10 [decoder:2] Decoding "/var/azuracast/stations/evangile_du_royaume/media/Jingle/jingle_avant_bible_08_prenons_un_moment_pour_ecouter_la_parole.mp3" ended: Ffmpeg_decoder.End_of_file.
2026/09/14 06:14:11 [next_song:3] Prepared "/var/azuracast/stations/evangile_du_royaume/media/La bible/malachie_001.mp3" (RID 103).
2026/09/14 06:17:01 [decoder:2] Decoding "/var/azuracast/stations/evangile_du_royaume/media/La bible/malachie_001.mp3" ended: Ffmpeg_decoder.End_of_file.
2026/09/14 06:17:02 [next_song:3] Prepared "/var/azuracast/stations/evangile_du_royaume/media/La bible/malachie_002.mp3" (RID 104).
