2026/09/09 00:01:30 [lang.deprecated:2] WARNING: "map_metadata" is deprecated and will be removed in future version. Please use "metadata.map" instead.
2026/09/09 00:01:30 [lang.deprecated:2] WARNING: "map_metadata" is deprecated and will be removed in future version. Please use "metadata.map" instead.
2026/09/09 00:01:30 [error_jingle:3] "/usr/local/share/icecast/web/error.mp3" is static, resolving once for all...
2026/09/09 00:01:30 [error_jingle:3] Prepared "/usr/local/share/icecast/web/error.mp3" (RID 6).
2026/09/09 00:01:30 [safe_fallback:3] Switch to error_jingle.
2026/09/09 00:01:30 [next_song:3] Prepared "/var/azuracast/stations/evangile_du_royaume/media/Jingle/jingle_avant_message_04_bienvenue_sur_parole_prophetique_fm.mp3" (RID 8).
2026/09/09 00:01:30 [safe_fallback:3] Switch to amplify_0 with transition.
2026/09/09 00:01:30 [live_fallback:3] Switch to cross_0.
2026/09/09 00:01:30 [interrupting_fallback:3] Switch to requests_fallback.
2026/09/09 00:01:30 [requests_fallback:3] Switch to autodj_fallback.
2026/09/09 00:01:30 [autodj_fallback:3] Switch to dynamic_startup.
2026/09/09 00:01:30 [dynamic_startup:3] Switch to cue_next_song.
2026/09/09 00:01:37 [decoder:2] Decoding "/var/azuracast/stations/evangile_du_royaume/media/Jingle/jingle_avant_message_04_bienvenue_sur_parole_prophetique_fm.mp3" ended: Ffmpeg_decoder.End_of_file.
2026/09/09 00:01:37 [playlist_000_transition:3] Prepared "/var/azuracast/stations/evangile_du_royaume/media/jingles_de_transition_1.mp3" (RID 12).
2026/09/09 00:01:37 [autodj_fallback:3] Switch to schedule_switch with forgetful transition.
2026/09/09 00:01:37 [schedule_switch:3] Switch to metadata.map_0.
2026/09/09 00:03:13 [decoder:2] Decoding "/var/azuracast/stations/evangile_du_royaume/media/jingles_de_transition_1.mp3" ended: Ffmpeg_decoder.End_of_file.
2026/09/09 00:03:13 [playlist_bloc_a_serie_du_jour:3] Prepared "/var/azuracast/stations/evangile_du_royaume/media/Jingle/jingle_avant_message_04_bienvenue_sur_parole_prophetique_fm.mp3" (RID 7).
2026/09/09 00:03:13 [schedule_switch:3] Switch to cue_playlist_bloc_a_serie_du_jour with forgetful transition.
2026/09/09 00:03:13 [next_song:3] Prepared "/var/azuracast/stations/evangile_du_royaume/media/jingles_de_transition_3.mp3" (RID 15).
2026/09/09 00:03:13 [autodj_fallback:3] Switch to dynamic_startup with forgetful transition.
2026/09/09 00:03:13 [dynamic_startup:3] Switch to cue_next_song.
2026/09/09 00:05:25 [decoder:2] Decoding "/var/azuracast/stations/evangile_du_royaume/media/jingles_de_transition_3.mp3" ended: Ffmpeg_decoder.End_of_file.
2026/09/09 00:05:26 [next_song:3] Prepared "/var/azuracast/stations/evangile_du_royaume/media/2020_tian_le_pardon_4.mp3" (RID 16).
2026/09/09 00:18:43 [decoder:2] Decoding "/var/azuracast/stations/evangile_du_royaume/media/2020_tian_le_pardon_4.mp3" ended: Ffmpeg_decoder.End_of_file.
2026/09/09 00:18:43 [next_song:3] Prepared "/var/azuracast/stations/evangile_du_royaume/media/Jingle/jingle_avant_bible_08_prenons_un_moment_pour_ecouter_la_parole.mp3" (RID 17).
2026/09/09 00:18:49 [decoder:2] Decoding "/var/azuracast/stations/evangile_du_royaume/media/Jingle/jingle_avant_bible_08_prenons_un_moment_pour_ecouter_la_parole.mp3" ended: Ffmpeg_decoder.End_of_file.
2026/09/09 00:18:50 [next_song:3] Prepared "/var/azuracast/stations/evangile_du_royaume/media/La bible/psaumes_109.mp3" (RID 18).
2026/09/09 00:21:43 [decoder:2] Decoding "/var/azuracast/stations/evangile_du_royaume/media/La bible/psaumes_109.mp3" ended: Ffmpeg_decoder.End_of_file.
2026/09/09 00:21:43 [next_song:3] Prepared "/var/azuracast/stations/evangile_du_royaume/media/La bible/psaumes_110.mp3" (RID 19).
2026/09/09 00:22:31 [decoder:2] Decoding "/var/azuracast/stations/evangile_du_royaume/media/La bible/psaumes_110.mp3" ended: Ffmpeg_decoder.End_of_file.
2026/09/09 00:22:31 [next_song:3] Prepared "/var/azuracast/stations/evangile_du_royaume/media/La bible/psaumes_111.mp3" (RID 20).
2026/09/09 00:23:34 [decoder:2] Decoding "/var/azuracast/stations/evangile_du_royaume/media/La bible/psaumes_111.mp3" ended: Ffmpeg_decoder.End_of_file.
2026/09/09 00:23:34 [next_song:3] Prepared "/var/azuracast/stations/evangile_du_royaume/media/La bible/psaumes_112.mp3" (RID 21).
2026/09/09 00:24:40 [decoder:2] Decoding "/var/azuracast/stations/evangile_du_royaume/media/La bible/psaumes_112.mp3" ended: Ffmpeg_decoder.End_of_file.
2026/09/09 00:24:41 [next_song:3] Prepared "/var/azuracast/stations/evangile_du_royaume/media/La bible/psaumes_113.mp3" (RID 22).
2026/09/09 00:25:29 [decoder:2] Decoding "/var/azuracast/stations/evangile_du_royaume/media/La bible/psaumes_113.mp3" ended: Ffmpeg_decoder.End_of_file.
2026/09/09 00:25:29 [next_song:3] Prepared "/var/azuracast/stations/evangile_du_royaume/media/La bible/psaumes_114.mp3" (RID 23).
2026/09/09 00:26:11 [decoder:2] Decoding "/var/azuracast/stations/evangile_du_royaume/media/La bible/psaumes_114.mp3" ended: Ffmpeg_decoder.End_of_file.
2026/09/09 00:26:12 [next_song:3] Prepared "/var/azuracast/stations/evangile_du_royaume/media/La bible/psaumes_115.mp3" (RID 24).
2026/09/09 00:27:58 [decoder:2] Decoding "/var/azuracast/stations/evangile_du_royaume/media/La bible/psaumes_115.mp3" ended: Ffmpeg_decoder.End_of_file.
2026/09/09 00:27:58 [next_song:3] Prepared "/var/azuracast/stations/evangile_du_royaume/media/La bible/psaumes_116.mp3" (RID 25).
2026/09/09 00:29:44 [decoder:2] Decoding "/var/azuracast/stations/evangile_du_royaume/media/La bible/psaumes_116.mp3" ended: Ffmpeg_decoder.End_of_file.
2026/09/09 00:29:44 [next_song:3] Prepared "/var/azuracast/stations/evangile_du_royaume/media/La bible/psaumes_117.mp3" (RID 26).
2026/09/09 00:29:57 [decoder:2] Decoding "/var/azuracast/stations/evangile_du_royaume/media/La bible/psaumes_117.mp3" ended: Ffmpeg_decoder.End_of_file.
2026/09/09 00:29:58 [next_song:3] Prepared "/var/azuracast/stations/evangile_du_royaume/media/La bible/psaumes_118.mp3" (RID 27).
2026/09/09 00:32:44 [decoder:2] Decoding "/var/azuracast/stations/evangile_du_royaume/media/La bible/psaumes_118.mp3" ended: Ffmpeg_decoder.End_of_file.
2026/09/09 00:32:45 [next_song:3] Prepared "/var/azuracast/stations/evangile_du_royaume/media/La bible/psaumes_119.mp3" (RID 28).
2026/09/09 00:47:39 [decoder:2] Decoding "/var/azuracast/stations/evangile_du_royaume/media/La bible/psaumes_119.mp3" ended: Ffmpeg_decoder.End_of_file.
2026/09/09 00:47:39 [next_song:3] Prepared "/var/azuracast/stations/evangile_du_royaume/media/La bible/psaumes_120.mp3" (RID 29).
2026/09/09 00:48:14 [decoder:2] Decoding "/var/azuracast/stations/evangile_du_royaume/media/La bible/psaumes_120.mp3" ended: Ffmpeg_decoder.End_of_file.
2026/09/09 00:48:14 [next_song:3] Prepared "/var/azuracast/stations/evangile_du_royaume/media/La bible/psaumes_121.mp3" (RID 30).
2026/09/09 00:48:52 [decoder:2] Decoding "/var/azuracast/stations/evangile_du_royaume/media/La bible/psaumes_121.mp3" ended: Ffmpeg_decoder.End_of_file.
2026/09/09 00:48:53 [next_song:3] Prepared "/var/azuracast/stations/evangile_du_royaume/media/La bible/psaumes_122.mp3" (RID 31).
2026/09/09 00:49:38 [decoder:2] Decoding "/var/azuracast/stations/evangile_du_royaume/media/La bible/psaumes_122.mp3" ended: Ffmpeg_decoder.End_of_file.
2026/09/09 00:49:38 [next_song:3] Prepared "/var/azuracast/stations/evangile_du_royaume/media/La bible/psaumes_123.mp3" (RID 32).
2026/09/09 00:50:06 [decoder:2] Decoding "/var/azuracast/stations/evangile_du_royaume/media/La bible/psaumes_123.mp3" ended: Ffmpeg_decoder.End_of_file.
2026/09/09 00:50:06 [next_song:3] Prepared "/var/azuracast/stations/evangile_du_royaume/media/La bible/psaumes_124.mp3" (RID 33).
2026/09/09 00:50:45 [decoder:2] Decoding "/var/azuracast/stations/evangile_du_royaume/media/La bible/psaumes_124.mp3" ended: Ffmpeg_decoder.End_of_file.
2026/09/09 00:50:46 [next_song:3] Prepared "/var/azuracast/stations/evangile_du_royaume/media/La bible/psaumes_125.mp3" (RID 34).
2026/09/09 00:51:24 [decoder:2] Decoding "/var/azuracast/stations/evangile_du_royaume/media/La bible/psaumes_125.mp3" ended: Ffmpeg_decoder.End_of_file.
2026/09/09 00:51:24 [next_song:3] Prepared "/var/azuracast/stations/evangile_du_royaume/media/La bible/psaumes_126.mp3" (RID 35).
2026/09/09 00:52:00 [decoder:2] Decoding "/var/azuracast/stations/evangile_du_royaume/media/La bible/psaumes_126.mp3" ended: Ffmpeg_decoder.End_of_file.
2026/09/09 00:52:00 [next_song:3] Prepared "/var/azuracast/stations/evangile_du_royaume/media/La bible/psaumes_127.mp3" (RID 36).
2026/09/09 00:52:38 [decoder:2] Decoding "/var/azuracast/stations/evangile_du_royaume/media/La bible/psaumes_127.mp3" ended: Ffmpeg_decoder.End_of_file.
2026/09/09 00:52:39 [next_song:3] Prepared "/var/azuracast/stations/evangile_du_royaume/media/La bible/psaumes_128.mp3" (RID 37).
2026/09/09 00:53:11 [decoder:2] Decoding "/var/azuracast/stations/evangile_du_royaume/media/La bible/psaumes_128.mp3" ended: Ffmpeg_decoder.End_of_file.
2026/09/09 00:53:11 [next_song:3] Prepared "/var/azuracast/stations/evangile_du_royaume/media/La bible/psaumes_129.mp3" (RID 38).
2026/09/09 00:53:52 [decoder:2] Decoding "/var/azuracast/stations/evangile_du_royaume/media/La bible/psaumes_129.mp3" ended: Ffmpeg_decoder.End_of_file.
2026/09/09 00:53:52 [next_song:3] Prepared "/var/azuracast/stations/evangile_du_royaume/media/La bible/psaumes_130.mp3" (RID 39).
2026/09/09 00:54:37 [decoder:2] Decoding "/var/azuracast/stations/evangile_du_royaume/media/La bible/psaumes_130.mp3" ended: Ffmpeg_decoder.End_of_file.
2026/09/09 00:54:38 [next_song:3] Prepared "/var/azuracast/stations/evangile_du_royaume/media/La bible/psaumes_131.mp3" (RID 40).
2026/09/09 00:55:00 [decoder:2] Decoding "/var/azuracast/stations/evangile_du_royaume/media/La bible/psaumes_131.mp3" ended: Ffmpeg_decoder.End_of_file.
2026/09/09 00:55:00 [next_song:3] Prepared "/var/azuracast/stations/evangile_du_royaume/media/La bible/psaumes_132.mp3" (RID 41).
2026/09/09 00:56:37 [decoder:2] Decoding "/var/azuracast/stations/evangile_du_royaume/media/La bible/psaumes_132.mp3" ended: Ffmpeg_decoder.End_of_file.
2026/09/09 00:56:37 [next_song:3] Prepared "/var/azuracast/stations/evangile_du_royaume/media/La bible/psaumes_133.mp3" (RID 42).
2026/09/09 00:57:01 [decoder:2] Decoding "/var/azuracast/stations/evangile_du_royaume/media/La bible/psaumes_133.mp3" ended: Ffmpeg_decoder.End_of_file.
2026/09/09 00:57:02 [next_song:3] Prepared "/var/azuracast/stations/evangile_du_royaume/media/La bible/psaumes_134.mp3" (RID 43).
2026/09/09 00:57:18 [decoder:2] Decoding "/var/azuracast/stations/evangile_du_royaume/media/La bible/psaumes_134.mp3" ended: Ffmpeg_decoder.End_of_file.
2026/09/09 00:57:19 [next_song:3] Prepared "/var/azuracast/stations/evangile_du_royaume/media/La bible/psaumes_135.mp3" (RID 44).
2026/09/09 00:59:21 [decoder:2] Decoding "/var/azuracast/stations/evangile_du_royaume/media/La bible/psaumes_135.mp3" ended: Ffmpeg_decoder.End_of_file.
2026/09/09 00:59:21 [next_song:3] Prepared "/var/azuracast/stations/evangile_du_royaume/media/La bible/psaumes_136.mp3" (RID 45).
2026/09/09 01:01:38 [decoder:2] Decoding "/var/azuracast/stations/evangile_du_royaume/media/La bible/psaumes_136.mp3" ended: Ffmpeg_decoder.End_of_file.
2026/09/09 01:01:38 [next_song:3] Prepared "/var/azuracast/stations/evangile_du_royaume/media/La bible/psaumes_137.mp3" (RID 46).
2026/09/09 01:02:33 [decoder:2] Decoding "/var/azuracast/stations/evangile_du_royaume/media/La bible/psaumes_137.mp3" ended: Ffmpeg_decoder.End_of_file.
2026/09/09 01:02:34 [next_song:3] Prepared "/var/azuracast/stations/evangile_du_royaume/media/La bible/psaumes_138.mp3" (RID 47).
2026/09/09 01:03:30 [decoder:2] Decoding "/var/azuracast/stations/evangile_du_royaume/media/La bible/psaumes_138.mp3" ended: Ffmpeg_decoder.End_of_file.
2026/09/09 01:03:30 [next_song:3] Prepared "/var/azuracast/stations/evangile_du_royaume/media/La bible/psaumes_139.mp3" (RID 48).
2026/09/09 01:05:50 [decoder:2] Decoding "/var/azuracast/stations/evangile_du_royaume/media/La bible/psaumes_139.mp3" ended: Ffmpeg_decoder.End_of_file.
2026/09/09 01:05:51 [next_song:3] Prepared "/var/azuracast/stations/evangile_du_royaume/media/La bible/psaumes_140.mp3" (RID 49).
2026/09/09 01:07:14 [decoder:2] Decoding "/var/azuracast/stations/evangile_du_royaume/media/La bible/psaumes_140.mp3" ended: Ffmpeg_decoder.End_of_file.
2026/09/09 01:07:15 [next_song:3] Prepared "/var/azuracast/stations/evangile_du_royaume/media/La bible/psaumes_141.mp3" (RID 50).
2026/09/09 01:08:27 [decoder:2] Decoding "/var/azuracast/stations/evangile_du_royaume/media/La bible/psaumes_141.mp3" ended: Ffmpeg_decoder.End_of_file.
2026/09/09 01:08:28 [next_song:3] Prepared "/var/azuracast/stations/evangile_du_royaume/media/La bible/psaumes_142.mp3" (RID 51).
2026/09/09 01:09:20 [decoder:2] Decoding "/var/azuracast/stations/evangile_du_royaume/media/La bible/psaumes_142.mp3" ended: Ffmpeg_decoder.End_of_file.
2026/09/09 01:09:21 [next_song:3] Prepared "/var/azuracast/stations/evangile_du_royaume/media/La bible/psaumes_143.mp3" (RID 52).
2026/09/09 01:10:52 [decoder:2] Decoding "/var/azuracast/stations/evangile_du_royaume/media/La bible/psaumes_143.mp3" ended: Ffmpeg_decoder.End_of_file.
2026/09/09 01:10:53 [next_song:3] Prepared "/var/azuracast/stations/evangile_du_royaume/media/La bible/psaumes_144.mp3" (RID 53).
2026/09/09 01:12:37 [decoder:2] Decoding "/var/azuracast/stations/evangile_du_royaume/media/La bible/psaumes_144.mp3" ended: Ffmpeg_decoder.End_of_file.
2026/09/09 01:12:37 [next_song:3] Prepared "/var/azuracast/stations/evangile_du_royaume/media/La bible/psaumes_145.mp3" (RID 54).
2026/09/09 01:14:34 [decoder:2] Decoding "/var/azuracast/stations/evangile_du_royaume/media/La bible/psaumes_145.mp3" ended: Ffmpeg_decoder.End_of_file.
2026/09/09 01:14:34 [next_song:3] Prepared "/var/azuracast/stations/evangile_du_royaume/media/La bible/psaumes_146.mp3" (RID 55).
2026/09/09 01:15:38 [decoder:2] Decoding "/var/azuracast/stations/evangile_du_royaume/media/La bible/psaumes_146.mp3" ended: Ffmpeg_decoder.End_of_file.
2026/09/09 01:15:38 [next_song:3] Prepared "/var/azuracast/stations/evangile_du_royaume/media/Jingle/jingle_avant_louange_06_que_la_louange_seleve.mp3" (RID 56).
2026/09/09 01:15:46 [decoder:2] Decoding "/var/azuracast/stations/evangile_du_royaume/media/Jingle/jingle_avant_louange_06_que_la_louange_seleve.mp3" ended: Ffmpeg_decoder.End_of_file.
2026/09/09 01:15:46 [next_song:3] Prepared "/var/azuracast/stations/evangile_du_royaume/media/Worship/06 - Psalm 93 - Port Harcourt HF.mp3" (RID 57).
2026/09/09 01:25:22 [decoder:2] Decoding "/var/azuracast/stations/evangile_du_royaume/media/Worship/06 - Psalm 93 - Port Harcourt HF.mp3" ended: Ffmpeg_decoder.End_of_file.
2026/09/09 01:25:23 [next_song:3] Prepared "/var/azuracast/stations/evangile_du_royaume/media/SWBN Lead Concert Live Worship/06 - Yahweh is Mighty (Imah Adegoke).mp3" (RID 58).
2026/09/09 01:33:17 [decoder:2] Decoding "/var/azuracast/stations/evangile_du_royaume/media/SWBN Lead Concert Live Worship/06 - Yahweh is Mighty (Imah Adegoke).mp3" ended: Ffmpeg_decoder.End_of_file.
2026/09/09 01:33:18 [next_song:3] Prepared "/var/azuracast/stations/evangile_du_royaume/media/Worship/11 - Hosanna - Toronto HF.mp3" (RID 59).
2026/09/09 01:40:13 [decoder:2] Decoding "/var/azuracast/stations/evangile_du_royaume/media/Worship/11 - Hosanna - Toronto HF.mp3" ended: Ffmpeg_decoder.End_of_file.
2026/09/09 01:40:14 [next_song:3] Prepared "/var/azuracast/stations/evangile_du_royaume/media/Worship/67 - My God Is Good - Winnipeg Fellowship.mp3" (RID 60).
2026/09/09 01:47:20 [decoder:2] Decoding "/var/azuracast/stations/evangile_du_royaume/media/Worship/67 - My God Is Good - Winnipeg Fellowship.mp3" ended: Ffmpeg_decoder.End_of_file.
2026/09/09 01:47:21 [next_song:3] Prepared "/var/azuracast/stations/evangile_du_royaume/media/Worship/19 - You're the Lamb - Calabar HF.mp3" (RID 61).
2026/09/09 01:56:21 [decoder:2] Decoding "/var/azuracast/stations/evangile_du_royaume/media/Worship/19 - You're the Lamb - Calabar HF.mp3" ended: Ffmpeg_decoder.End_of_file.
2026/09/09 01:56:22 [next_song:3] Prepared "/var/azuracast/stations/evangile_du_royaume/media/Cantiques du royaume/cantique__nous_sommes_le_sel_de_la_terre.mp3" (RID 62).
2026/09/09 01:58:34 [decoder:2] Decoding "/var/azuracast/stations/evangile_du_royaume/media/Cantiques du royaume/cantique__nous_sommes_le_sel_de_la_terre.mp3" ended: Ffmpeg_decoder.End_of_file.
2026/09/09 01:58:35 [next_song:3] Prepared "/var/azuracast/stations/evangile_du_royaume/media/Worship/82 - A Song Of Love.mp3" (RID 63).
2026/09/09 02:03:34 [decoder:2] Decoding "/var/azuracast/stations/evangile_du_royaume/media/Worship/82 - A Song Of Love.mp3" ended: Ffmpeg_decoder.End_of_file.
2026/09/09 02:03:35 [next_song:3] Prepared "/var/azuracast/stations/evangile_du_royaume/media/Worship/14 - Great & Marvelluos - Toronto HF.mp3" (RID 64).
2026/09/09 02:15:26 [decoder:2] Decoding "/var/azuracast/stations/evangile_du_royaume/media/Worship/14 - Great & Marvelluos - Toronto HF.mp3" ended: Ffmpeg_decoder.End_of_file.
2026/09/09 02:15:26 [next_song:3] Prepared "/var/azuracast/stations/evangile_du_royaume/media/Jingle/jingle_avant_bible_06_ouvrons_les_saintes_ecritures.mp3" (RID 65).
2026/09/09 02:15:33 [decoder:2] Decoding "/var/azuracast/stations/evangile_du_royaume/media/Jingle/jingle_avant_bible_06_ouvrons_les_saintes_ecritures.mp3" ended: Ffmpeg_decoder.End_of_file.
2026/09/09 02:15:34 [next_song:3] Prepared "/var/azuracast/stations/evangile_du_royaume/media/La bible/jude_001.mp3" (RID 66).
2026/09/09 02:19:58 [decoder:2] Decoding "/var/azuracast/stations/evangile_du_royaume/media/La bible/jude_001.mp3" ended: Ffmpeg_decoder.End_of_file.
2026/09/09 02:19:58 [next_song:3] Prepared "/var/azuracast/stations/evangile_du_royaume/media/La bible/1_samuel_010.mp3" (RID 67).
2026/09/09 02:24:46 [decoder:2] Decoding "/var/azuracast/stations/evangile_du_royaume/media/La bible/1_samuel_010.mp3" ended: Ffmpeg_decoder.End_of_file.
2026/09/09 02:24:47 [next_song:3] Prepared "/var/azuracast/stations/evangile_du_royaume/media/La bible/1_samuel_011.mp3" (RID 68).
2026/09/09 02:27:34 [decoder:2] Decoding "/var/azuracast/stations/evangile_du_royaume/media/La bible/1_samuel_011.mp3" ended: Ffmpeg_decoder.End_of_file.
2026/09/09 02:27:34 [next_song:3] Prepared "/var/azuracast/stations/evangile_du_royaume/media/La bible/1_samuel_012.mp3" (RID 69).
2026/09/09 02:31:53 [decoder:2] Decoding "/var/azuracast/stations/evangile_du_royaume/media/La bible/1_samuel_012.mp3" ended: Ffmpeg_decoder.End_of_file.
2026/09/09 02:31:53 [next_song:3] Prepared "/var/azuracast/stations/evangile_du_royaume/media/La bible/1_samuel_013.mp3" (RID 70).
2026/09/09 02:35:41 [decoder:2] Decoding "/var/azuracast/stations/evangile_du_royaume/media/La bible/1_samuel_013.mp3" ended: Ffmpeg_decoder.End_of_file.
2026/09/09 02:35:41 [next_song:3] Prepared "/var/azuracast/stations/evangile_du_royaume/media/La bible/1_samuel_014.mp3" (RID 71).
2026/09/09 02:44:53 [decoder:2] Decoding "/var/azuracast/stations/evangile_du_royaume/media/La bible/1_samuel_014.mp3" ended: Ffmpeg_decoder.End_of_file.
2026/09/09 02:44:53 [next_song:3] Prepared "/var/azuracast/stations/evangile_du_royaume/media/Jingle/jingle_avant_louange_07_voici_un_temps_de_louange.mp3" (RID 72).
2026/09/09 02:45:03 [decoder:2] Decoding "/var/azuracast/stations/evangile_du_royaume/media/Jingle/jingle_avant_louange_07_voici_un_temps_de_louange.mp3" ended: Ffmpeg_decoder.End_of_file.
2026/09/09 02:45:03 [next_song:3] Prepared "/var/azuracast/stations/evangile_du_royaume/media/Cantiques du royaume/Cantique l_Éternel est mon Berger (1).mp3" (RID 73).
2026/09/09 02:50:43 [decoder:2] Decoding "/var/azuracast/stations/evangile_du_royaume/media/Cantiques du royaume/Cantique l_Éternel est mon Berger (1).mp3" ended: Ffmpeg_decoder.End_of_file.
2026/09/09 02:50:44 [next_song:3] Prepared "/var/azuracast/stations/evangile_du_royaume/media/Cantiques du royaume/9-_sylvain_akouala_le_bien-etre_universel.mp3" (RID 74).
2026/09/09 02:57:09 [decoder:2] Decoding "/var/azuracast/stations/evangile_du_royaume/media/Cantiques du royaume/9-_sylvain_akouala_le_bien-etre_universel.mp3" ended: Ffmpeg_decoder.End_of_file.
2026/09/09 02:57:09 [next_song:3] Prepared "/var/azuracast/stations/evangile_du_royaume/media/Worship/70 - Sing Unto the Lord a new Song  - Winnipeg Fellowship.mp3" (RID 75).
2026/09/09 03:03:10 [decoder:2] Decoding "/var/azuracast/stations/evangile_du_royaume/media/Worship/70 - Sing Unto the Lord a new Song  - Winnipeg Fellowship.mp3" ended: Ffmpeg_decoder.End_of_file.
2026/09/09 03:03:11 [next_song:3] Prepared "/var/azuracast/stations/evangile_du_royaume/media/Cantiques du royaume/cantique___ta_lumière.mp3" (RID 76).
2026/09/09 03:09:43 [decoder:2] Decoding "/var/azuracast/stations/evangile_du_royaume/media/Cantiques du royaume/cantique___ta_lumière.mp3" ended: Ffmpeg_decoder.End_of_file.
2026/09/09 03:09:44 [next_song:3] Prepared "/var/azuracast/stations/evangile_du_royaume/media/Worship/12 - As We Worship - Toronto & Winnipeg HF.mp3" (RID 77).
2026/09/09 03:19:53 [decoder:2] Decoding "/var/azuracast/stations/evangile_du_royaume/media/Worship/12 - As We Worship - Toronto & Winnipeg HF.mp3" ended: Ffmpeg_decoder.End_of_file.
2026/09/09 03:19:53 [next_song:3] Prepared "/var/azuracast/stations/evangile_du_royaume/media/SWBN Lead Concert Live Worship/03 - Holy are You oh Lord (Olaedo Uzoma & Vincent Opara).mp3" (RID 78).
2026/09/09 03:29:28 [decoder:2] Decoding "/var/azuracast/stations/evangile_du_royaume/media/SWBN Lead Concert Live Worship/03 - Holy are You oh Lord (Olaedo Uzoma & Vincent Opara).mp3" ended: Ffmpeg_decoder.End_of_file.
2026/09/09 03:29:29 [next_song:3] Prepared "/var/azuracast/stations/evangile_du_royaume/media/Worship/54 - He Has Given Me - PHF.mp3" (RID 79).
2026/09/09 03:34:34 [decoder:2] Decoding "/var/azuracast/stations/evangile_du_royaume/media/Worship/54 - He Has Given Me - PHF.mp3" ended: Ffmpeg_decoder.End_of_file.
2026/09/09 03:34:35 [next_song:3] Prepared "/var/azuracast/stations/evangile_du_royaume/media/Worship/75 - How Precious Oh Lord.mp3" (RID 80).
2026/09/09 03:40:17 [decoder:2] Decoding "/var/azuracast/stations/evangile_du_royaume/media/Worship/75 - How Precious Oh Lord.mp3" ended: Ffmpeg_decoder.End_of_file.
2026/09/09 03:40:17 [next_song:3] Prepared "/var/azuracast/stations/evangile_du_royaume/media/Cantiques du royaume/jean-christ_-_10_minutes.mp3" (RID 81).
2026/09/09 03:49:37 [decoder:2] Decoding "/var/azuracast/stations/evangile_du_royaume/media/Cantiques du royaume/jean-christ_-_10_minutes.mp3" ended: Ffmpeg_decoder.End_of_file.
2026/09/09 03:49:38 [next_song:3] Prepared "/var/azuracast/stations/evangile_du_royaume/media/Jingle/jingle_avant_bible_07_place_a_la_lecture_de_la_bible.mp3" (RID 82).
2026/09/09 03:49:48 [decoder:2] Decoding "/var/azuracast/stations/evangile_du_royaume/media/Jingle/jingle_avant_bible_07_place_a_la_lecture_de_la_bible.mp3" ended: Ffmpeg_decoder.End_of_file.
2026/09/09 03:49:48 [next_song:3] Prepared "/var/azuracast/stations/evangile_du_royaume/media/La bible/néhémie_001.mp3" (RID 83).
2026/09/09 03:52:03 [decoder:2] Decoding "/var/azuracast/stations/evangile_du_royaume/media/La bible/néhémie_001.mp3" ended: Ffmpeg_decoder.End_of_file.
2026/09/09 03:52:04 [next_song:3] Prepared "/var/azuracast/stations/evangile_du_royaume/media/La bible/néhémie_002.mp3" (RID 84).
2026/09/09 03:56:02 [decoder:2] Decoding "/var/azuracast/stations/evangile_du_royaume/media/La bible/néhémie_002.mp3" ended: Ffmpeg_decoder.End_of_file.
2026/09/09 03:56:03 [next_song:3] Prepared "/var/azuracast/stations/evangile_du_royaume/media/La bible/néhémie_003.mp3" (RID 85).
2026/09/09 04:01:27 [decoder:2] Decoding "/var/azuracast/stations/evangile_du_royaume/media/La bible/néhémie_003.mp3" ended: Ffmpeg_decoder.End_of_file.
2026/09/09 04:01:28 [next_song:3] Prepared "/var/azuracast/stations/evangile_du_royaume/media/La bible/néhémie_004.mp3" (RID 86).
2026/09/09 04:05:11 [decoder:2] Decoding "/var/azuracast/stations/evangile_du_royaume/media/La bible/néhémie_004.mp3" ended: Ffmpeg_decoder.End_of_file.
2026/09/09 04:05:11 [next_song:3] Prepared "/var/azuracast/stations/evangile_du_royaume/media/La bible/néhémie_005.mp3" (RID 87).
2026/09/09 04:08:37 [decoder:2] Decoding "/var/azuracast/stations/evangile_du_royaume/media/La bible/néhémie_005.mp3" ended: Ffmpeg_decoder.End_of_file.
2026/09/09 04:08:37 [next_song:3] Prepared "/var/azuracast/stations/evangile_du_royaume/media/La bible/néhémie_006.mp3" (RID 88).
2026/09/09 04:11:58 [decoder:2] Decoding "/var/azuracast/stations/evangile_du_royaume/media/La bible/néhémie_006.mp3" ended: Ffmpeg_decoder.End_of_file.
2026/09/09 04:11:58 [next_song:3] Prepared "/var/azuracast/stations/evangile_du_royaume/media/La bible/néhémie_007.mp3" (RID 89).
2026/09/09 04:18:44 [decoder:2] Decoding "/var/azuracast/stations/evangile_du_royaume/media/La bible/néhémie_007.mp3" ended: Ffmpeg_decoder.End_of_file.
2026/09/09 04:18:45 [next_song:3] Prepared "/var/azuracast/stations/evangile_du_royaume/media/La bible/néhémie_008.mp3" (RID 90).
2026/09/09 04:22:40 [decoder:2] Decoding "/var/azuracast/stations/evangile_du_royaume/media/La bible/néhémie_008.mp3" ended: Ffmpeg_decoder.End_of_file.
2026/09/09 04:22:41 [next_song:3] Prepared "/var/azuracast/stations/evangile_du_royaume/media/La bible/néhémie_009.mp3" (RID 91).
2026/09/09 04:30:25 [decoder:2] Decoding "/var/azuracast/stations/evangile_du_royaume/media/La bible/néhémie_009.mp3" ended: Ffmpeg_decoder.End_of_file.
2026/09/09 04:30:25 [next_song:3] Prepared "/var/azuracast/stations/evangile_du_royaume/media/La bible/néhémie_010.mp3" (RID 92).
2026/09/09 04:34:59 [decoder:2] Decoding "/var/azuracast/stations/evangile_du_royaume/media/La bible/néhémie_010.mp3" ended: Ffmpeg_decoder.End_of_file.
2026/09/09 04:34:59 [next_song:3] Prepared "/var/azuracast/stations/evangile_du_royaume/media/Jingle/jingle_avant_louange_05_elevons_nos_coeurs_vers_dieu.mp3" (RID 93).
2026/09/09 04:35:07 [decoder:2] Decoding "/var/azuracast/stations/evangile_du_royaume/media/Jingle/jingle_avant_louange_05_elevons_nos_coeurs_vers_dieu.mp3" ended: Ffmpeg_decoder.End_of_file.
2026/09/09 04:35:07 [next_song:3] Prepared "/var/azuracast/stations/evangile_du_royaume/media/Cantiques du royaume/cantique__béni_soit_le_dieu_d_israël.mp3" (RID 94).
2026/09/09 04:41:38 [decoder:2] Decoding "/var/azuracast/stations/evangile_du_royaume/media/Cantiques du royaume/cantique__béni_soit_le_dieu_d_israël.mp3" ended: Ffmpeg_decoder.End_of_file.
2026/09/09 04:41:39 [next_song:3] Prepared "/var/azuracast/stations/evangile_du_royaume/media/Worship/90 - Bless Ye the Lord - PHF.mp3" (RID 95).
2026/09/09 04:49:59 [decoder:2] Decoding "/var/azuracast/stations/evangile_du_royaume/media/Worship/90 - Bless Ye the Lord - PHF.mp3" ended: Ffmpeg_decoder.End_of_file.
2026/09/09 04:50:00 [next_song:3] Prepared "/var/azuracast/stations/evangile_du_royaume/media/Worship/07 - Baruch Ha'ba B'Shem Adonai⧸Blessed Is He Who Comes in the Name of the Lord - Port Harcourt HF.mp3" (RID 96).
2026/09/09 05:59:49 [decoder:2] Decoding "/var/azuracast/stations/evangile_du_royaume/media/Worship/35 - God is Moving Us On - Ketu HF.mp3" ended: Ffmpeg_decoder.End_of_file.
2026/09/09 05:59:50 [autodj_fallback:3] Switch to schedule_switch with forgetful transition.
2026/09/09 05:59:57 [decoder:2] Decoding "/var/azuracast/stations/evangile_du_royaume/media/Jingle/jingle_avant_message_04_bienvenue_sur_parole_prophetique_fm.mp3" ended: Ffmpeg_decoder.End_of_file.
2026/09/09 06:00:00 [playlist_bloc_b_serie_du_jour:3] Prepared "/var/azuracast/stations/evangile_du_royaume/media/Jingle/jingle_avant_message_03_vous_ecoutez_parole_prophetique_fm.mp3" (RID 9).
2026/09/09 06:00:00 [interrupting_fallback:3] Switch to requests_fallback.
2026/09/09 06:00:00 [requests_fallback:3] Switch to autodj_fallback.
2026/09/09 06:00:00 [autodj_fallback:3] Switch to schedule_switch.
2026/09/09 06:00:00 [schedule_switch:3] Switch to cue_playlist_bloc_b_serie_du_jour.
2026/09/09 06:00:06 [decoder:2] Decoding "/var/azuracast/stations/evangile_du_royaume/media/Jingle/jingle_avant_message_03_vous_ecoutez_parole_prophetique_fm.mp3" ended: Ffmpeg_decoder.End_of_file.
2026/09/09 06:00:06 [playlist_bloc_b_serie_du_jour:3] Prepared "/var/azuracast/stations/evangile_du_royaume/media/2020_tian_le_pardon_4.mp3" (RID 110).
2026/09/09 06:13:23 [decoder:2] Decoding "/var/azuracast/stations/evangile_du_royaume/media/2020_tian_le_pardon_4.mp3" ended: Ffmpeg_decoder.End_of_file.
2026/09/09 06:13:24 [playlist_bloc_b_serie_du_jour:3] Prepared "/var/azuracast/stations/evangile_du_royaume/media/Jingle/jingle_avant_bible_06_ouvrons_les_saintes_ecritures.mp3" (RID 111).
2026/09/09 06:13:24 [next_song:3] Prepared "/var/azuracast/stations/evangile_du_royaume/media/Jingle/jingle_avant_message_03_vous_ecoutez_parole_prophetique_fm.mp3" (RID 112).
2026/09/09 06:13:24 [autodj_fallback:3] Switch to dynamic_startup with forgetful transition.
2026/09/09 06:13:24 [dynamic_startup:3] Switch to cue_next_song.
2026/09/09 06:13:30 [decoder:2] Decoding "/var/azuracast/stations/evangile_du_royaume/media/Jingle/jingle_avant_message_03_vous_ecoutez_parole_prophetique_fm.mp3" ended: Ffmpeg_decoder.End_of_file.
2026/09/09 06:13:30 [next_song:3] Prepared "/var/azuracast/stations/evangile_du_royaume/media/2020_tian_le_pardon_4.mp3" (RID 113).
2026/09/09 06:26:47 [decoder:2] Decoding "/var/azuracast/stations/evangile_du_royaume/media/2020_tian_le_pardon_4.mp3" ended: Ffmpeg_decoder.End_of_file.
2026/09/09 06:26:48 [next_song:3] Prepared "/var/azuracast/stations/evangile_du_royaume/media/Jingle/jingle_avant_bible_06_ouvrons_les_saintes_ecritures.mp3" (RID 114).
2026/09/09 06:26:55 [decoder:2] Decoding "/var/azuracast/stations/evangile_du_royaume/media/Jingle/jingle_avant_bible_06_ouvrons_les_saintes_ecritures.mp3" ended: Ffmpeg_decoder.End_of_file.
2026/09/09 06:26:55 [next_song:3] Prepared "/var/azuracast/stations/evangile_du_royaume/media/La bible/malachie_001.mp3" (RID 115).
2026/09/09 06:29:46 [decoder:2] Decoding "/var/azuracast/stations/evangile_du_royaume/media/La bible/malachie_001.mp3" ended: Ffmpeg_decoder.End_of_file.
2026/09/09 06:29:46 [next_song:3] Prepared "/var/azuracast/stations/evangile_du_royaume/media/La bible/malachie_002.mp3" (RID 116).
2026/09/09 06:33:00 [decoder:2] Decoding "/var/azuracast/stations/evangile_du_royaume/media/La bible/malachie_002.mp3" ended: Ffmpeg_decoder.End_of_file.
2026/09/09 06:33:00 [next_song:3] Prepared "/var/azuracast/stations/evangile_du_royaume/media/La bible/malachie_003.mp3" (RID 117).
2026/09/09 06:36:19 [decoder:2] Decoding "/var/azuracast/stations/evangile_du_royaume/media/La bible/malachie_003.mp3" ended: Ffmpeg_decoder.End_of_file.
2026/09/09 06:36:20 [next_song:3] Prepared "/var/azuracast/stations/evangile_du_royaume/media/La bible/malachie_004.mp3" (RID 118).
2026/09/09 06:37:22 [decoder:2] Decoding "/var/azuracast/stations/evangile_du_royaume/media/La bible/malachie_004.mp3" ended: Ffmpeg_decoder.End_of_file.
2026/09/09 06:37:22 [next_song:3] Prepared "/var/azuracast/stations/evangile_du_royaume/media/La bible/job_036.mp3" (RID 119).
2026/09/09 06:40:15 [decoder:2] Decoding "/var/azuracast/stations/evangile_du_royaume/media/La bible/job_036.mp3" ended: Ffmpeg_decoder.End_of_file.
2026/09/09 06:40:15 [next_song:3] Prepared "/var/azuracast/stations/evangile_du_royaume/media/La bible/job_037.mp3" (RID 120).
2026/09/09 06:42:37 [decoder:2] Decoding "/var/azuracast/stations/evangile_du_royaume/media/La bible/job_037.mp3" ended: Ffmpeg_decoder.End_of_file.
2026/09/09 06:42:37 [next_song:3] Prepared "/var/azuracast/stations/evangile_du_royaume/media/La bible/job_038.mp3" (RID 121).
2026/09/09 06:46:28 [decoder:2] Decoding "/var/azuracast/stations/evangile_du_royaume/media/La bible/job_038.mp3" ended: Ffmpeg_decoder.End_of_file.
2026/09/09 06:46:28 [next_song:3] Prepared "/var/azuracast/stations/evangile_du_royaume/media/La bible/job_039.mp3" (RID 122).
2026/09/09 06:49:22 [decoder:2] Decoding "/var/azuracast/stations/evangile_du_royaume/media/La bible/job_039.mp3" ended: Ffmpeg_decoder.End_of_file.
2026/09/09 06:49:23 [next_song:3] Prepared "/var/azuracast/stations/evangile_du_royaume/media/La bible/job_040.mp3" (RID 123).
2026/09/09 06:51:39 [decoder:2] Decoding "/var/azuracast/stations/evangile_du_royaume/media/La bible/job_040.mp3" ended: Ffmpeg_decoder.End_of_file.
2026/09/09 06:51:39 [next_song:3] Prepared "/var/azuracast/stations/evangile_du_royaume/media/La bible/job_041.mp3" (RID 124).
2026/09/09 06:54:50 [decoder:2] Decoding "/var/azuracast/stations/evangile_du_royaume/media/La bible/job_041.mp3" ended: Ffmpeg_decoder.End_of_file.
2026/09/09 06:54:51 [next_song:3] Prepared "/var/azuracast/stations/evangile_du_royaume/media/La bible/job_042.mp3" (RID 125).
2026/09/09 06:57:28 [decoder:2] Decoding "/var/azuracast/stations/evangile_du_royaume/media/La bible/job_042.mp3" ended: Ffmpeg_decoder.End_of_file.
2026/09/09 06:57:29 [next_song:3] Prepared "/var/azuracast/stations/evangile_du_royaume/media/La bible/nahum_001.mp3" (RID 126).
2026/09/09 06:59:47 [decoder:2] Decoding "/var/azuracast/stations/evangile_du_royaume/media/La bible/nahum_001.mp3" ended: Ffmpeg_decoder.End_of_file.
2026/09/09 06:59:47 [next_song:3] Prepared "/var/azuracast/stations/evangile_du_royaume/media/La bible/nahum_002.mp3" (RID 127).
2026/09/09 07:01:48 [decoder:2] Decoding "/var/azuracast/stations/evangile_du_royaume/media/La bible/nahum_002.mp3" ended: Ffmpeg_decoder.End_of_file.
2026/09/09 07:01:48 [next_song:3] Prepared "/var/azuracast/stations/evangile_du_royaume/media/La bible/nahum_003.mp3" (RID 128).
2026/09/09 07:04:48 [decoder:2] Decoding "/var/azuracast/stations/evangile_du_royaume/media/La bible/nahum_003.mp3" ended: Ffmpeg_decoder.End_of_file.
2026/09/09 07:04:48 [next_song:3] Prepared "/var/azuracast/stations/evangile_du_royaume/media/La bible/cantique_des_cantiques_001.mp3" (RID 129).
2026/09/09 07:07:11 [decoder:2] Decoding "/var/azuracast/stations/evangile_du_royaume/media/La bible/cantique_des_cantiques_001.mp3" ended: Ffmpeg_decoder.End_of_file.
2026/09/09 07:07:11 [next_song:3] Prepared "/var/azuracast/stations/evangile_du_royaume/media/La bible/cantique_des_cantiques_002.mp3" (RID 130).
2026/09/09 07:09:40 [decoder:2] Decoding "/var/azuracast/stations/evangile_du_royaume/media/La bible/cantique_des_cantiques_002.mp3" ended: Ffmpeg_decoder.End_of_file.
2026/09/09 07:09:40 [next_song:3] Prepared "/var/azuracast/stations/evangile_du_royaume/media/La bible/cantique_des_cantiques_003.mp3" (RID 131).
2026/09/09 07:11:31 [decoder:2] Decoding "/var/azuracast/stations/evangile_du_royaume/media/La bible/cantique_des_cantiques_003.mp3" ended: Ffmpeg_decoder.End_of_file.
2026/09/09 07:11:31 [next_song:3] Prepared "/var/azuracast/stations/evangile_du_royaume/media/La bible/cantique_des_cantiques_004.mp3" (RID 132).
2026/09/09 07:14:18 [decoder:2] Decoding "/var/azuracast/stations/evangile_du_royaume/media/La bible/cantique_des_cantiques_004.mp3" ended: Ffmpeg_decoder.End_of_file.
2026/09/09 07:14:19 [next_song:3] Prepared "/var/azuracast/stations/evangile_du_royaume/media/La bible/cantique_des_cantiques_005.mp3" (RID 133).
2026/09/09 07:17:10 [decoder:2] Decoding "/var/azuracast/stations/evangile_du_royaume/media/La bible/cantique_des_cantiques_005.mp3" ended: Ffmpeg_decoder.End_of_file.
2026/09/09 07:17:10 [next_song:3] Prepared "/var/azuracast/stations/evangile_du_royaume/media/La bible/cantique_des_cantiques_006.mp3" (RID 134).
2026/09/09 07:19:13 [decoder:2] Decoding "/var/azuracast/stations/evangile_du_royaume/media/La bible/cantique_des_cantiques_006.mp3" ended: Ffmpeg_decoder.End_of_file.
2026/09/09 07:19:13 [next_song:3] Prepared "/var/azuracast/stations/evangile_du_royaume/media/La bible/cantique_des_cantiques_007.mp3" (RID 135).
2026/09/09 07:21:07 [decoder:2] Decoding "/var/azuracast/stations/evangile_du_royaume/media/La bible/cantique_des_cantiques_007.mp3" ended: Ffmpeg_decoder.End_of_file.
2026/09/09 07:21:07 [next_song:3] Prepared "/var/azuracast/stations/evangile_du_royaume/media/La bible/cantique_des_cantiques_008.mp3" (RID 136).
2026/09/09 07:23:34 [decoder:2] Decoding "/var/azuracast/stations/evangile_du_royaume/media/La bible/cantique_des_cantiques_008.mp3" ended: Ffmpeg_decoder.End_of_file.
2026/09/09 07:23:34 [next_song:3] Prepared "/var/azuracast/stations/evangile_du_royaume/media/La bible/esdras_007.mp3" (RID 137).
2026/09/09 07:28:05 [decoder:2] Decoding "/var/azuracast/stations/evangile_du_royaume/media/La bible/esdras_007.mp3" ended: Ffmpeg_decoder.End_of_file.
2026/09/09 07:28:05 [next_song:3] Prepared "/var/azuracast/stations/evangile_du_royaume/media/Jingle/jingle_avant_louange_06_que_la_louange_seleve.mp3" (RID 138).
2026/09/09 07:28:13 [decoder:2] Decoding "/var/azuracast/stations/evangile_du_royaume/media/Jingle/jingle_avant_louange_06_que_la_louange_seleve.mp3" ended: Ffmpeg_decoder.End_of_file.
2026/09/09 07:28:13 [next_song:3] Prepared "/var/azuracast/stations/evangile_du_royaume/media/Worship/01 - There Is Forgiveness In Thee - SWBN TV.mp3" (RID 139).
2026/09/09 07:34:17 [decoder:2] Decoding "/var/azuracast/stations/evangile_du_royaume/media/Worship/01 - There Is Forgiveness In Thee - SWBN TV.mp3" ended: Ffmpeg_decoder.End_of_file.
2026/09/09 07:34:18 [next_song:3] Prepared "/var/azuracast/stations/evangile_du_royaume/media/Cantiques du royaume/8-_mohamed_sanogo_hymne_des_vainqueurs.mp3" (RID 140).
2026/09/09 07:40:24 [decoder:2] Decoding "/var/azuracast/stations/evangile_du_royaume/media/Cantiques du royaume/8-_mohamed_sanogo_hymne_des_vainqueurs.mp3" ended: Ffmpeg_decoder.End_of_file.
2026/09/09 07:40:25 [next_song:3] Prepared "/var/azuracast/stations/evangile_du_royaume/media/Worship/60 - Be Exalted - PHF.mp3" (RID 141).
2026/09/09 07:51:00 [decoder:2] Decoding "/var/azuracast/stations/evangile_du_royaume/media/Worship/60 - Be Exalted - PHF.mp3" ended: Ffmpeg_decoder.End_of_file.
2026/09/09 07:51:01 [next_song:3] Prepared "/var/azuracast/stations/evangile_du_royaume/media/Worship/02 - There's A Mighty River Flowing - SWBN TV.mp3" (RID 142).
2026/09/09 07:55:18 [decoder:2] Decoding "/var/azuracast/stations/evangile_du_royaume/media/Worship/02 - There's A Mighty River Flowing - SWBN TV.mp3" ended: Ffmpeg_decoder.End_of_file.
2026/09/09 07:55:18 [next_song:3] Prepared "/var/azuracast/stations/evangile_du_royaume/media/Cantiques du royaume/Cantique sa miséricorde.mp3" (RID 143).
2026/09/09 07:58:39 [decoder:2] Decoding "/var/azuracast/stations/evangile_du_royaume/media/Cantiques du royaume/Cantique sa miséricorde.mp3" ended: Ffmpeg_decoder.End_of_file.
2026/09/09 07:58:40 [next_song:3] Prepared "/var/azuracast/stations/evangile_du_royaume/media/Worship/57 - Holy Are You - PHF.mp3" (RID 144).
2026/09/09 08:09:02 [decoder:2] Decoding "/var/azuracast/stations/evangile_du_royaume/media/Worship/57 - Holy Are You - PHF.mp3" ended: Ffmpeg_decoder.End_of_file.
2026/09/09 08:09:03 [next_song:3] Prepared "/var/azuracast/stations/evangile_du_royaume/media/Cantiques du royaume/Cantique Jahweh, Tu es élevé au dessus de tout (1).mp3" (RID 145).
2026/09/09 08:09:04 [clock.main:2] We must catchup 1.04 seconds!
2026/09/09 08:13:52 [decoder:2] Decoding "/var/azuracast/stations/evangile_du_royaume/media/Cantiques du royaume/Cantique Jahweh, Tu es élevé au dessus de tout (1).mp3" ended: Ffmpeg_decoder.End_of_file.
2026/09/09 08:13:53 [next_song:3] Prepared "/var/azuracast/stations/evangile_du_royaume/media/SWBN Lead Concert Live Worship/10 - He Has Given Me & Emmanuel You Joy Over Us (Medley) (Abasiama Timothy & Imah Adegoke).mp3" (RID 146).
2026/09/09 08:22:27 [decoder:2] Decoding "/var/azuracast/stations/evangile_du_royaume/media/SWBN Lead Concert Live Worship/10 - He Has Given Me & Emmanuel You Joy Over Us (Medley) (Abasiama Timothy & Imah Adegoke).mp3" ended: Ffmpeg_decoder.End_of_file.
2026/09/09 08:22:28 [next_song:3] Prepared "/var/azuracast/stations/evangile_du_royaume/media/Worship/51 - Hallelujah - PHF.mp3" (RID 147).
2026/09/09 08:29:53 [decoder:2] Decoding "/var/azuracast/stations/evangile_du_royaume/media/Worship/51 - Hallelujah - PHF.mp3" ended: Ffmpeg_decoder.End_of_file.
2026/09/09 08:29:54 [next_song:3] Prepared "/var/azuracast/stations/evangile_du_royaume/media/Jingle/jingle_avant_bible_07_place_a_la_lecture_de_la_bible.mp3" (RID 148).
2026/09/09 08:30:04 [decoder:2] Decoding "/var/azuracast/stations/evangile_du_royaume/media/Jingle/jingle_avant_bible_07_place_a_la_lecture_de_la_bible.mp3" ended: Ffmpeg_decoder.End_of_file.
2026/09/09 08:30:04 [next_song:3] Prepared "/var/azuracast/stations/evangile_du_royaume/media/La bible/sophonie_001.mp3" (RID 149).
2026/09/09 08:30:05 [clock.main:2] We must catchup 1.18 seconds!
2026/09/09 08:30:06 [clock.main:2] We must catchup 1.22 seconds!
2026/09/09 08:32:58 [decoder:2] Decoding "/var/azuracast/stations/evangile_du_royaume/media/La bible/sophonie_001.mp3" ended: Ffmpeg_decoder.End_of_file.
2026/09/09 08:32:58 [next_song:3] Prepared "/var/azuracast/stations/evangile_du_royaume/media/La bible/sophonie_002.mp3" (RID 150).
2026/09/09 08:35:41 [decoder:2] Decoding "/var/azuracast/stations/evangile_du_royaume/media/La bible/sophonie_002.mp3" ended: Ffmpeg_decoder.End_of_file.
2026/09/09 08:35:41 [next_song:3] Prepared "/var/azuracast/stations/evangile_du_royaume/media/La bible/sophonie_003.mp3" (RID 151).
2026/09/09 08:39:25 [decoder:2] Decoding "/var/azuracast/stations/evangile_du_royaume/media/La bible/sophonie_003.mp3" ended: Ffmpeg_decoder.End_of_file.
2026/09/09 08:39:25 [next_song:3] Prepared "/var/azuracast/stations/evangile_du_royaume/media/La bible/ecclésiaste_001.mp3" (RID 152).
2026/09/09 08:41:43 [decoder:2] Decoding "/var/azuracast/stations/evangile_du_royaume/media/La bible/ecclésiaste_001.mp3" ended: Ffmpeg_decoder.End_of_file.
2026/09/09 08:41:44 [next_song:3] Prepared "/var/azuracast/stations/evangile_du_royaume/media/La bible/ecclésiaste_002.mp3" (RID 153).
2026/09/09 08:45:58 [decoder:2] Decoding "/var/azuracast/stations/evangile_du_royaume/media/La bible/ecclésiaste_002.mp3" ended: Ffmpeg_decoder.End_of_file.
2026/09/09 08:45:59 [next_song:3] Prepared "/var/azuracast/stations/evangile_du_royaume/media/La bible/ecclésiaste_003.mp3" (RID 154).
2026/09/09 08:48:46 [decoder:2] Decoding "/var/azuracast/stations/evangile_du_royaume/media/La bible/ecclésiaste_003.mp3" ended: Ffmpeg_decoder.End_of_file.
2026/09/09 08:48:46 [next_song:3] Prepared "/var/azuracast/stations/evangile_du_royaume/media/La bible/ecclésiaste_004.mp3" (RID 155).
2026/09/09 08:51:06 [decoder:2] Decoding "/var/azuracast/stations/evangile_du_royaume/media/La bible/ecclésiaste_004.mp3" ended: Ffmpeg_decoder.End_of_file.
2026/09/09 08:51:06 [next_song:3] Prepared "/var/azuracast/stations/evangile_du_royaume/media/La bible/ecclésiaste_005.mp3" (RID 156).
2026/09/09 08:54:21 [decoder:2] Decoding "/var/azuracast/stations/evangile_du_royaume/media/La bible/ecclésiaste_005.mp3" ended: Ffmpeg_decoder.End_of_file.
2026/09/09 08:54:21 [next_song:3] Prepared "/var/azuracast/stations/evangile_du_royaume/media/La bible/ecclésiaste_006.mp3" (RID 157).
2026/09/09 08:56:08 [decoder:2] Decoding "/var/azuracast/stations/evangile_du_royaume/media/La bible/ecclésiaste_006.mp3" ended: Ffmpeg_decoder.End_of_file.
2026/09/09 08:56:08 [next_song:3] Prepared "/var/azuracast/stations/evangile_du_royaume/media/La bible/ecclésiaste_007.mp3" (RID 158).
2026/09/09 08:59:50 [decoder:2] Decoding "/var/azuracast/stations/evangile_du_royaume/media/La bible/ecclésiaste_007.mp3" ended: Ffmpeg_decoder.End_of_file.
2026/09/09 08:59:50 [next_song:3] Prepared "/var/azuracast/stations/evangile_du_royaume/media/Jingle/jingle_avant_louange_07_voici_un_temps_de_louange.mp3" (RID 159).
2026/09/09 09:00:00 [decoder:2] Decoding "/var/azuracast/stations/evangile_du_royaume/media/Jingle/jingle_avant_louange_07_voici_un_temps_de_louange.mp3" ended: Ffmpeg_decoder.End_of_file.
2026/09/09 09:00:00 [next_song:3] Prepared "/var/azuracast/stations/evangile_du_royaume/media/Worship/59 - Ascribe Greatness - PHF.mp3" (RID 160).
2026/09/09 09:04:01 [decoder:2] Decoding "/var/azuracast/stations/evangile_du_royaume/media/Worship/59 - Ascribe Greatness - PHF.mp3" ended: Ffmpeg_decoder.End_of_file.
2026/09/09 09:04:02 [next_song:3] Prepared "/var/azuracast/stations/evangile_du_royaume/media/SWBN Lead Concert Live Worship/02 - Unto Him (Vincent Opara).mp3" (RID 161).
2026/09/09 09:12:40 [decoder:2] Decoding "/var/azuracast/stations/evangile_du_royaume/media/SWBN Lead Concert Live Worship/02 - Unto Him (Vincent Opara).mp3" ended: Ffmpeg_decoder.End_of_file.
2026/09/09 09:12:40 [next_song:3] Prepared "/var/azuracast/stations/evangile_du_royaume/media/Cantiques du royaume/7-_gael_adorons_léternel.mp3" (RID 162).
2026/09/09 09:16:18 [decoder:2] Decoding "/var/azuracast/stations/evangile_du_royaume/media/Cantiques du royaume/7-_gael_adorons_léternel.mp3" ended: Ffmpeg_decoder.End_of_file.
2026/09/09 09:16:19 [next_song:3] Prepared "/var/azuracast/stations/evangile_du_royaume/media/Cantiques du royaume/cantique__ta_bonte.mp3" (RID 163).
2026/09/09 09:22:22 [decoder:2] Decoding "/var/azuracast/stations/evangile_du_royaume/media/Cantiques du royaume/cantique__ta_bonte.mp3" ended: Ffmpeg_decoder.End_of_file.
2026/09/09 09:22:23 [next_song:3] Prepared "/var/azuracast/stations/evangile_du_royaume/media/Worship/66 - Victorious Is the Lamb - Winnipeg Fellowship.mp3" (RID 164).
2026/09/09 09:29:45 [decoder:2] Decoding "/var/azuracast/stations/evangile_du_royaume/media/Worship/66 - Victorious Is the Lamb - Winnipeg Fellowship.mp3" ended: Ffmpeg_decoder.End_of_file.
2026/09/09 09:29:45 [next_song:3] Prepared "/var/azuracast/stations/evangile_du_royaume/media/Worship/71 - In the Day of Your Power  - Winnipeg Fellowship.mp3" (RID 165).
2026/09/09 09:38:03 [decoder:2] Decoding "/var/azuracast/stations/evangile_du_royaume/media/Worship/71 - In the Day of Your Power  - Winnipeg Fellowship.mp3" ended: Ffmpeg_decoder.End_of_file.
2026/09/09 09:38:04 [next_song:3] Prepared "/var/azuracast/stations/evangile_du_royaume/media/Worship/24 - We Ascribe Greatness - Abuja HF.mp3" (RID 166).
2026/09/09 09:43:48 [decoder:2] Decoding "/var/azuracast/stations/evangile_du_royaume/media/Worship/24 - We Ascribe Greatness - Abuja HF.mp3" ended: Ffmpeg_decoder.End_of_file.
2026/09/09 09:43:49 [next_song:3] Prepared "/var/azuracast/stations/evangile_du_royaume/media/Worship/49 - We Worship Adonai - PHF.mp3" (RID 167).
2026/09/09 09:52:16 [decoder:2] Decoding "/var/azuracast/stations/evangile_du_royaume/media/Worship/49 - We Worship Adonai - PHF.mp3" ended: Ffmpeg_decoder.End_of_file.
2026/09/09 09:52:16 [next_song:3] Prepared "/var/azuracast/stations/evangile_du_royaume/media/Worship/43 - The Mountains, Come and, Oh City - Ketu HF.mp3" (RID 168).
2026/09/09 10:00:38 [decoder:2] Decoding "/var/azuracast/stations/evangile_du_royaume/media/Worship/43 - The Mountains, Come and, Oh City - Ketu HF.mp3" ended: Ffmpeg_decoder.End_of_file.
2026/09/09 10:00:39 [next_song:3] Prepared "/var/azuracast/stations/evangile_du_royaume/media/Jingle/jingle_avant_bible_08_prenons_un_moment_pour_ecouter_la_parole.mp3" (RID 169).
2026/09/09 10:00:45 [decoder:2] Decoding "/var/azuracast/stations/evangile_du_royaume/media/Jingle/jingle_avant_bible_08_prenons_un_moment_pour_ecouter_la_parole.mp3" ended: Ffmpeg_decoder.End_of_file.
2026/09/09 10:00:45 [next_song:3] Prepared "/var/azuracast/stations/evangile_du_royaume/media/La bible/éphésiens_001.mp3" (RID 170).
2026/09/09 10:04:09 [decoder:2] Decoding "/var/azuracast/stations/evangile_du_royaume/media/La bible/éphésiens_001.mp3" ended: Ffmpeg_decoder.End_of_file.
2026/09/09 10:04:09 [next_song:3] Prepared "/var/azuracast/stations/evangile_du_royaume/media/La bible/éphésiens_002.mp3" (RID 171).
2026/09/09 10:07:22 [decoder:2] Decoding "/var/azuracast/stations/evangile_du_royaume/media/La bible/éphésiens_002.mp3" ended: Ffmpeg_decoder.End_of_file.
2026/09/09 10:07:23 [next_song:3] Prepared "/var/azuracast/stations/evangile_du_royaume/media/La bible/éphésiens_003.mp3" (RID 172).
2026/09/09 10:10:16 [decoder:2] Decoding "/var/azuracast/stations/evangile_du_royaume/media/La bible/éphésiens_003.mp3" ended: Ffmpeg_decoder.End_of_file.
2026/09/09 10:10:16 [next_song:3] Prepared "/var/azuracast/stations/evangile_du_royaume/media/La bible/éphésiens_004.mp3" (RID 173).
2026/09/09 10:15:06 [decoder:2] Decoding "/var/azuracast/stations/evangile_du_royaume/media/La bible/éphésiens_004.mp3" ended: Ffmpeg_decoder.End_of_file.
2026/09/09 10:15:07 [next_song:3] Prepared "/var/azuracast/stations/evangile_du_royaume/media/La bible/éphésiens_005.mp3" (RID 174).
2026/09/09 10:19:16 [decoder:2] Decoding "/var/azuracast/stations/evangile_du_royaume/media/La bible/éphésiens_005.mp3" ended: Ffmpeg_decoder.End_of_file.
2026/09/09 10:19:17 [next_song:3] Prepared "/var/azuracast/stations/evangile_du_royaume/media/La bible/éphésiens_006.mp3" (RID 175).
2026/09/09 10:22:34 [decoder:2] Decoding "/var/azuracast/stations/evangile_du_royaume/media/La bible/éphésiens_006.mp3" ended: Ffmpeg_decoder.End_of_file.
2026/09/09 10:22:35 [next_song:3] Prepared "/var/azuracast/stations/evangile_du_royaume/media/La bible/1_timothée_001.mp3" (RID 176).
2026/09/09 10:25:47 [decoder:2] Decoding "/var/azuracast/stations/evangile_du_royaume/media/La bible/1_timothée_001.mp3" ended: Ffmpeg_decoder.End_of_file.
2026/09/09 10:25:48 [next_song:3] Prepared "/var/azuracast/stations/evangile_du_royaume/media/La bible/1_timothée_002.mp3" (RID 177).
2026/09/09 10:27:54 [decoder:2] Decoding "/var/azuracast/stations/evangile_du_royaume/media/La bible/1_timothée_002.mp3" ended: Ffmpeg_decoder.End_of_file.
2026/09/09 10:27:55 [next_song:3] Prepared "/var/azuracast/stations/evangile_du_royaume/media/La bible/1_timothée_003.mp3" (RID 178).
2026/09/09 10:30:16 [decoder:2] Decoding "/var/azuracast/stations/evangile_du_royaume/media/La bible/1_timothée_003.mp3" ended: Ffmpeg_decoder.End_of_file.
2026/09/09 10:30:17 [next_song:3] Prepared "/var/azuracast/stations/evangile_du_royaume/media/La bible/1_timothée_004.mp3" (RID 179).
2026/09/09 10:32:43 [decoder:2] Decoding "/var/azuracast/stations/evangile_du_royaume/media/La bible/1_timothée_004.mp3" ended: Ffmpeg_decoder.End_of_file.
2026/09/09 10:32:44 [next_song:3] Prepared "/var/azuracast/stations/evangile_du_royaume/media/La bible/1_timothée_005.mp3" (RID 180).
2026/09/09 10:36:25 [decoder:2] Decoding "/var/azuracast/stations/evangile_du_royaume/media/La bible/1_timothée_005.mp3" ended: Ffmpeg_decoder.End_of_file.
2026/09/09 10:36:26 [next_song:3] Prepared "/var/azuracast/stations/evangile_du_royaume/media/La bible/1_timothée_006.mp3" (RID 181).
2026/09/09 10:40:15 [decoder:2] Decoding "/var/azuracast/stations/evangile_du_royaume/media/La bible/1_timothée_006.mp3" ended: Ffmpeg_decoder.End_of_file.
2026/09/09 10:40:16 [next_song:3] Prepared "/var/azuracast/stations/evangile_du_royaume/media/La bible/1_pierre_001.mp3" (RID 182).
2026/09/09 10:44:46 [decoder:2] Decoding "/var/azuracast/stations/evangile_du_royaume/media/La bible/1_pierre_001.mp3" ended: Ffmpeg_decoder.End_of_file.
2026/09/09 10:44:46 [next_song:3] Prepared "/var/azuracast/stations/evangile_du_royaume/media/Jingle/jingle_avant_louange_05_elevons_nos_coeurs_vers_dieu.mp3" (RID 183).
2026/09/09 10:44:54 [decoder:2] Decoding "/var/azuracast/stations/evangile_du_royaume/media/Jingle/jingle_avant_louange_05_elevons_nos_coeurs_vers_dieu.mp3" ended: Ffmpeg_decoder.End_of_file.
2026/09/09 10:44:54 [next_song:3] Prepared "/var/azuracast/stations/evangile_du_royaume/media/Worship/78 - Crown Him Lord of Lords - Nonso Njoku.mp3" (RID 184).
2026/09/09 10:50:53 [decoder:2] Decoding "/var/azuracast/stations/evangile_du_royaume/media/Worship/78 - Crown Him Lord of Lords - Nonso Njoku.mp3" ended: Ffmpeg_decoder.End_of_file.
2026/09/09 10:50:54 [next_song:3] Prepared "/var/azuracast/stations/evangile_du_royaume/media/Worship/53 - In Jesus - PHF.mp3" (RID 185).
2026/09/09 10:56:48 [decoder:2] Decoding "/var/azuracast/stations/evangile_du_royaume/media/Worship/53 - In Jesus - PHF.mp3" ended: Ffmpeg_decoder.End_of_file.
2026/09/09 10:56:49 [next_song:3] Prepared "/var/azuracast/stations/evangile_du_royaume/media/Worship/15 - Satisfy My Soul - Calabar HF.mp3" (RID 186).
2026/09/09 11:02:48 [decoder:2] Decoding "/var/azuracast/stations/evangile_du_royaume/media/Worship/15 - Satisfy My Soul - Calabar HF.mp3" ended: Ffmpeg_decoder.End_of_file.
2026/09/09 11:02:49 [next_song:3] Prepared "/var/azuracast/stations/evangile_du_royaume/media/Cantiques du royaume/Cantique Jean 1- la Parole.mp3" (RID 187).
2026/09/09 11:05:55 [decoder:2] Decoding "/var/azuracast/stations/evangile_du_royaume/media/Cantiques du royaume/Cantique Jean 1- la Parole.mp3" ended: Ffmpeg_decoder.End_of_file.
2026/09/09 11:05:56 [next_song:3] Prepared "/var/azuracast/stations/evangile_du_royaume/media/Cantiques du royaume/jean-chist_-_4_minutes.mp3" (RID 188).
2026/09/09 11:10:06 [decoder:2] Decoding "/var/azuracast/stations/evangile_du_royaume/media/Cantiques du royaume/jean-chist_-_4_minutes.mp3" ended: Ffmpeg_decoder.End_of_file.
2026/09/09 11:10:06 [next_song:3] Prepared "/var/azuracast/stations/evangile_du_royaume/media/Worship/28 - He Shall Feed His Flock - I Want to walk  - Ketu HF.mp3" (RID 189).
2026/09/09 11:10:07 [clock.main:2] We must catchup 1.28 seconds!
2026/09/09 11:15:36 [decoder:2] Decoding "/var/azuracast/stations/evangile_du_royaume/media/Worship/28 - He Shall Feed His Flock - I Want to walk  - Ketu HF.mp3" ended: Ffmpeg_decoder.End_of_file.
2026/09/09 11:15:36 [next_song:3] Prepared "/var/azuracast/stations/evangile_du_royaume/media/Worship/30 - Yeshua I'm Waiting for You  - Ketu HF.mp3" (RID 190).
2026/09/09 11:20:22 [decoder:2] Decoding "/var/azuracast/stations/evangile_du_royaume/media/Worship/30 - Yeshua I'm Waiting for You  - Ketu HF.mp3" ended: Ffmpeg_decoder.End_of_file.
2026/09/09 11:20:22 [next_song:3] Prepared "/var/azuracast/stations/evangile_du_royaume/media/SWBN Lead Concert Live Worship/04 - The King is Here (Abasiama Timothy).mp3" (RID 191).
2026/09/09 11:26:31 [decoder:2] Decoding "/var/azuracast/stations/evangile_du_royaume/media/SWBN Lead Concert Live Worship/04 - The King is Here (Abasiama Timothy).mp3" ended: Ffmpeg_decoder.End_of_file.
2026/09/09 11:26:32 [next_song:3] Prepared "/var/azuracast/stations/evangile_du_royaume/media/Worship/17 - Where Two or Three are Gathered - Calabar HF.mp3" (RID 192).
2026/09/09 11:32:20 [decoder:2] Decoding "/var/azuracast/stations/evangile_du_royaume/media/Worship/17 - Where Two or Three are Gathered - Calabar HF.mp3" ended: Ffmpeg_decoder.End_of_file.
2026/09/09 11:32:21 [next_song:3] Prepared "/var/azuracast/stations/evangile_du_royaume/media/Worship/29 - Thy Throne Oh Lord - Ketu HF.mp3" (RID 193).
2026/09/09 11:42:00 [decoder:2] Decoding "/var/azuracast/stations/evangile_du_royaume/media/Worship/29 - Thy Throne Oh Lord - Ketu HF.mp3" ended: Ffmpeg_decoder.End_of_file.
2026/09/09 11:42:01 [next_song:3] Prepared "/var/azuracast/stations/evangile_du_royaume/media/Worship/25 - Immortal God - Elohim Adonai - Abuja HF.mp3" (RID 194).
2026/09/09 11:48:11 [decoder:2] Decoding "/var/azuracast/stations/evangile_du_royaume/media/Worship/25 - Immortal God - Elohim Adonai - Abuja HF.mp3" ended: Ffmpeg_decoder.End_of_file.
2026/09/09 11:48:11 [next_song:3] Prepared "/var/azuracast/stations/evangile_du_royaume/media/Jingle/jingle_id_station_01_la_bonne_nouvelle_partout.mp3" (RID 195).
2026/09/09 11:48:20 [decoder:2] Decoding "/var/azuracast/stations/evangile_du_royaume/media/Jingle/jingle_id_station_01_la_bonne_nouvelle_partout.mp3" ended: Ffmpeg_decoder.End_of_file.
2026/09/09 11:48:21 [next_song:3] Prepared "/var/azuracast/stations/evangile_du_royaume/media/La bible/galates_001.mp3" (RID 196).
2026/09/09 11:51:35 [decoder:2] Decoding "/var/azuracast/stations/evangile_du_royaume/media/La bible/galates_001.mp3" ended: Ffmpeg_decoder.End_of_file.
2026/09/09 11:51:36 [next_song:3] Prepared "/var/azuracast/stations/evangile_du_royaume/media/La bible/galates_002.mp3" (RID 197).
2026/09/09 11:55:41 [decoder:2] Decoding "/var/azuracast/stations/evangile_du_royaume/media/La bible/galates_002.mp3" ended: Ffmpeg_decoder.End_of_file.
2026/09/09 11:55:42 [next_song:3] Prepared "/var/azuracast/stations/evangile_du_royaume/media/La bible/galates_003.mp3" (RID 198).
2026/09/09 12:00:28 [decoder:2] Decoding "/var/azuracast/stations/evangile_du_royaume/media/La bible/galates_003.mp3" ended: Ffmpeg_decoder.End_of_file.
2026/09/09 12:00:29 [next_song:3] Prepared "/var/azuracast/stations/evangile_du_royaume/media/Jingle/jingle_avant_message_05_vous_etes_a_lecoute_de_levangile_du_royaume.mp3" (RID 199).
2026/09/09 12:00:37 [decoder:2] Decoding "/var/azuracast/stations/evangile_du_royaume/media/Jingle/jingle_avant_message_05_vous_etes_a_lecoute_de_levangile_du_royaume.mp3" ended: Ffmpeg_decoder.End_of_file.
2026/09/09 12:00:37 [next_song:3] Prepared "/var/azuracast/stations/evangile_du_royaume/media/2020_tian_le_pardon_4.mp3" (RID 200).
2026/09/09 12:13:54 [decoder:2] Decoding "/var/azuracast/stations/evangile_du_royaume/media/2020_tian_le_pardon_4.mp3" ended: Ffmpeg_decoder.End_of_file.
2026/09/09 12:13:55 [next_song:3] Prepared "/var/azuracast/stations/evangile_du_royaume/media/Jingle/jingle_avant_bible_06_ouvrons_les_saintes_ecritures.mp3" (RID 201).
2026/09/09 12:14:02 [decoder:2] Decoding "/var/azuracast/stations/evangile_du_royaume/media/Jingle/jingle_avant_bible_06_ouvrons_les_saintes_ecritures.mp3" ended: Ffmpeg_decoder.End_of_file.
2026/09/09 12:14:03 [next_song:3] Prepared "/var/azuracast/stations/evangile_du_royaume/media/La bible/deutéronome_025.mp3" (RID 202).
2026/09/09 12:17:01 [decoder:2] Decoding "/var/azuracast/stations/evangile_du_royaume/media/La bible/deutéronome_025.mp3" ended: Ffmpeg_decoder.End_of_file.
2026/09/09 12:17:01 [next_song:3] Prepared "/var/azuracast/stations/evangile_du_royaume/media/La bible/deutéronome_026.mp3" (RID 203).
2026/09/09 12:20:40 [decoder:2] Decoding "/var/azuracast/stations/evangile_du_royaume/media/La bible/deutéronome_026.mp3" ended: Ffmpeg_decoder.End_of_file.
2026/09/09 12:20:41 [next_song:3] Prepared "/var/azuracast/stations/evangile_du_royaume/media/La bible/deutéronome_027.mp3" (RID 204).
2026/09/09 12:24:20 [decoder:2] Decoding "/var/azuracast/stations/evangile_du_royaume/media/La bible/deutéronome_027.mp3" ended: Ffmpeg_decoder.End_of_file.
2026/09/09 12:24:20 [next_song:3] Prepared "/var/azuracast/stations/evangile_du_royaume/media/La bible/deutéronome_028.mp3" (RID 205).
2026/09/09 12:35:25 [decoder:2] Decoding "/var/azuracast/stations/evangile_du_royaume/media/La bible/deutéronome_028.mp3" ended: Ffmpeg_decoder.End_of_file.
2026/09/09 12:35:25 [next_song:3] Prepared "/var/azuracast/stations/evangile_du_royaume/media/La bible/deutéronome_029.mp3" (RID 206).
2026/09/09 12:40:22 [decoder:2] Decoding "/var/azuracast/stations/evangile_du_royaume/media/La bible/deutéronome_029.mp3" ended: Ffmpeg_decoder.End_of_file.
2026/09/09 12:40:23 [next_song:3] Prepared "/var/azuracast/stations/evangile_du_royaume/media/La bible/deutéronome_030.mp3" (RID 207).
2026/09/09 12:44:12 [decoder:2] Decoding "/var/azuracast/stations/evangile_du_royaume/media/La bible/deutéronome_030.mp3" ended: Ffmpeg_decoder.End_of_file.
2026/09/09 12:44:12 [next_song:3] Prepared "/var/azuracast/stations/evangile_du_royaume/media/La bible/deutéronome_031.mp3" (RID 208).
2026/09/09 12:50:06 [decoder:2] Decoding "/var/azuracast/stations/evangile_du_royaume/media/La bible/deutéronome_031.mp3" ended: Ffmpeg_decoder.End_of_file.
2026/09/09 12:50:06 [next_song:3] Prepared "/var/azuracast/stations/evangile_du_royaume/media/La bible/deutéronome_032.mp3" (RID 209).
2026/09/09 12:57:48 [decoder:2] Decoding "/var/azuracast/stations/evangile_du_royaume/media/La bible/deutéronome_032.mp3" ended: Ffmpeg_decoder.End_of_file.
2026/09/09 12:57:49 [next_song:3] Prepared "/var/azuracast/stations/evangile_du_royaume/media/La bible/deutéronome_033.mp3" (RID 210).
2026/09/09 13:02:35 [decoder:2] Decoding "/var/azuracast/stations/evangile_du_royaume/media/La bible/deutéronome_033.mp3" ended: Ffmpeg_decoder.End_of_file.
2026/09/09 13:02:35 [next_song:3] Prepared "/var/azuracast/stations/evangile_du_royaume/media/La bible/deutéronome_034.mp3" (RID 211).
2026/09/09 13:04:29 [decoder:2] Decoding "/var/azuracast/stations/evangile_du_royaume/media/La bible/deutéronome_034.mp3" ended: Ffmpeg_decoder.End_of_file.
2026/09/09 13:04:30 [next_song:3] Prepared "/var/azuracast/stations/evangile_du_royaume/media/La bible/2_jean_001.mp3" (RID 212).
2026/09/09 13:06:34 [decoder:2] Decoding "/var/azuracast/stations/evangile_du_royaume/media/La bible/2_jean_001.mp3" ended: Ffmpeg_decoder.End_of_file.
2026/09/09 13:06:34 [next_song:3] Prepared "/var/azuracast/stations/evangile_du_royaume/media/La bible/apocalypse_019.mp3" (RID 213).
2026/09/09 13:10:34 [decoder:2] Decoding "/var/azuracast/stations/evangile_du_royaume/media/La bible/apocalypse_019.mp3" ended: Ffmpeg_decoder.End_of_file.
2026/09/09 13:10:34 [next_song:3] Prepared "/var/azuracast/stations/evangile_du_royaume/media/La bible/apocalypse_020.mp3" (RID 214).
2026/09/09 13:13:38 [decoder:2] Decoding "/var/azuracast/stations/evangile_du_royaume/media/La bible/apocalypse_020.mp3" ended: Ffmpeg_decoder.End_of_file.
2026/09/09 13:13:38 [next_song:3] Prepared "/var/azuracast/stations/evangile_du_royaume/media/Jingle/jingle_avant_louange_06_que_la_louange_seleve.mp3" (RID 215).
2026/09/09 13:13:46 [decoder:2] Decoding "/var/azuracast/stations/evangile_du_royaume/media/Jingle/jingle_avant_louange_06_que_la_louange_seleve.mp3" ended: Ffmpeg_decoder.End_of_file.
2026/09/09 13:13:46 [next_song:3] Prepared "/var/azuracast/stations/evangile_du_royaume/media/Cantiques du royaume/jean-christ_-_6_minutes.mp3" (RID 216).
2026/09/09 13:20:24 [decoder:2] Decoding "/var/azuracast/stations/evangile_du_royaume/media/Cantiques du royaume/jean-christ_-_6_minutes.mp3" ended: Ffmpeg_decoder.End_of_file.
2026/09/09 13:20:24 [next_song:3] Prepared "/var/azuracast/stations/evangile_du_royaume/media/Cantiques du royaume/4-_resurrection_ses_cheveux_étaient_blancs.mp3" (RID 217).
2026/09/09 13:23:43 [decoder:2] Decoding "/var/azuracast/stations/evangile_du_royaume/media/Cantiques du royaume/4-_resurrection_ses_cheveux_étaient_blancs.mp3" ended: Ffmpeg_decoder.End_of_file.
2026/09/09 13:23:44 [next_song:3] Prepared "/var/azuracast/stations/evangile_du_royaume/media/Worship/03 - Agunechemba - SWBN TV.mp3" (RID 218).
2026/09/09 13:31:51 [decoder:2] Decoding "/var/azuracast/stations/evangile_du_royaume/media/Worship/03 - Agunechemba - SWBN TV.mp3" ended: Ffmpeg_decoder.End_of_file.
2026/09/09 13:31:52 [next_song:3] Prepared "/var/azuracast/stations/evangile_du_royaume/media/Worship/81 - As We Worship In Ypur Presence.mp3" (RID 219).
2026/09/09 13:38:45 [decoder:2] Decoding "/var/azuracast/stations/evangile_du_royaume/media/Worship/81 - As We Worship In Ypur Presence.mp3" ended: Ffmpeg_decoder.End_of_file.
2026/09/09 13:38:45 [next_song:3] Prepared "/var/azuracast/stations/evangile_du_royaume/media/Worship/89 - I Know The Blood - PHF.mp3" (RID 220).
2026/09/09 13:43:01 [decoder:2] Decoding "/var/azuracast/stations/evangile_du_royaume/media/Worship/89 - I Know The Blood - PHF.mp3" ended: Ffmpeg_decoder.End_of_file.
2026/09/09 13:43:02 [next_song:3] Prepared "/var/azuracast/stations/evangile_du_royaume/media/Worship/26 - Sing Hallelujah - Abuja HF.mp3" (RID 221).
2026/09/09 13:47:19 [decoder:2] Decoding "/var/azuracast/stations/evangile_du_royaume/media/Worship/26 - Sing Hallelujah - Abuja HF.mp3" ended: Ffmpeg_decoder.End_of_file.
2026/09/09 13:47:20 [next_song:3] Prepared "/var/azuracast/stations/evangile_du_royaume/media/Worship/52 - Thou art Worthy Lord - PHF.mp3" (RID 222).
2026/09/09 13:56:40 [decoder:2] Decoding "/var/azuracast/stations/evangile_du_royaume/media/Worship/52 - Thou art Worthy Lord - PHF.mp3" ended: Ffmpeg_decoder.End_of_file.
2026/09/09 13:56:41 [next_song:3] Prepared "/var/azuracast/stations/evangile_du_royaume/media/Worship/04 - Yahweh Is Mighty - SWBN TV.mp3" (RID 223).
2026/09/09 14:04:56 [decoder:2] Decoding "/var/azuracast/stations/evangile_du_royaume/media/Worship/04 - Yahweh Is Mighty - SWBN TV.mp3" ended: Ffmpeg_decoder.End_of_file.
2026/09/09 14:04:56 [next_song:3] Prepared "/var/azuracast/stations/evangile_du_royaume/media/Worship/47 - You Are the Captain of the Host - Toronto HF.mp3" (RID 224).
2026/09/09 14:07:50 [decoder:2] Decoding "/var/azuracast/stations/evangile_du_royaume/media/Worship/47 - You Are the Captain of the Host - Toronto HF.mp3" ended: Ffmpeg_decoder.End_of_file.
2026/09/09 14:07:51 [next_song:3] Prepared "/var/azuracast/stations/evangile_du_royaume/media/Cantiques du royaume/3-gabrielle_lidji_-_mélodie_céleste__by_lfxa(light_fx_animation)_2.mp3" (RID 225).
2026/09/09 14:13:07 [decoder:2] Decoding "/var/azuracast/stations/evangile_du_royaume/media/Cantiques du royaume/3-gabrielle_lidji_-_mélodie_céleste__by_lfxa(light_fx_animation)_2.mp3" ended: Ffmpeg_decoder.End_of_file.
2026/09/09 14:13:08 [next_song:3] Prepared "/var/azuracast/stations/evangile_du_royaume/media/Jingle/jingle_avant_bible_07_place_a_la_lecture_de_la_bible.mp3" (RID 226).
2026/09/09 14:13:18 [decoder:2] Decoding "/var/azuracast/stations/evangile_du_royaume/media/Jingle/jingle_avant_bible_07_place_a_la_lecture_de_la_bible.mp3" ended: Ffmpeg_decoder.End_of_file.
2026/09/09 14:13:18 [next_song:3] Prepared "/var/azuracast/stations/evangile_du_royaume/media/La bible/ézéchiel_041.mp3" (RID 227).
2026/09/09 14:17:13 [decoder:2] Decoding "/var/azuracast/stations/evangile_du_royaume/media/La bible/ézéchiel_041.mp3" ended: Ffmpeg_decoder.End_of_file.
2026/09/09 14:17:14 [next_song:3] Prepared "/var/azuracast/stations/evangile_du_royaume/media/La bible/ézéchiel_042.mp3" (RID 228).
2026/09/09 14:20:20 [decoder:2] Decoding "/var/azuracast/stations/evangile_du_royaume/media/La bible/ézéchiel_042.mp3" ended: Ffmpeg_decoder.End_of_file.
2026/09/09 14:20:21 [next_song:3] Prepared "/var/azuracast/stations/evangile_du_royaume/media/La bible/ézéchiel_043.mp3" (RID 229).
2026/09/09 14:24:54 [decoder:2] Decoding "/var/azuracast/stations/evangile_du_royaume/media/La bible/ézéchiel_043.mp3" ended: Ffmpeg_decoder.End_of_file.
2026/09/09 14:24:55 [next_song:3] Prepared "/var/azuracast/stations/evangile_du_royaume/media/La bible/ézéchiel_044.mp3" (RID 230).
2026/09/09 14:30:24 [decoder:2] Decoding "/var/azuracast/stations/evangile_du_royaume/media/La bible/ézéchiel_044.mp3" ended: Ffmpeg_decoder.End_of_file.
2026/09/09 14:30:24 [next_song:3] Prepared "/var/azuracast/stations/evangile_du_royaume/media/La bible/ézéchiel_045.mp3" (RID 231).
2026/09/09 14:34:41 [decoder:2] Decoding "/var/azuracast/stations/evangile_du_royaume/media/La bible/ézéchiel_045.mp3" ended: Ffmpeg_decoder.End_of_file.
2026/09/09 14:34:41 [next_song:3] Prepared "/var/azuracast/stations/evangile_du_royaume/media/La bible/ézéchiel_046.mp3" (RID 232).
2026/09/09 14:38:58 [decoder:2] Decoding "/var/azuracast/stations/evangile_du_royaume/media/La bible/ézéchiel_046.mp3" ended: Ffmpeg_decoder.End_of_file.
2026/09/09 14:38:59 [next_song:3] Prepared "/var/azuracast/stations/evangile_du_royaume/media/La bible/ézéchiel_047.mp3" (RID 233).
2026/09/09 14:43:04 [decoder:2] Decoding "/var/azuracast/stations/evangile_du_royaume/media/La bible/ézéchiel_047.mp3" ended: Ffmpeg_decoder.End_of_file.
2026/09/09 14:43:04 [next_song:3] Prepared "/var/azuracast/stations/evangile_du_royaume/media/Jingle/jingle_avant_louange_07_voici_un_temps_de_louange.mp3" (RID 234).
2026/09/09 14:43:14 [decoder:2] Decoding "/var/azuracast/stations/evangile_du_royaume/media/Jingle/jingle_avant_louange_07_voici_un_temps_de_louange.mp3" ended: Ffmpeg_decoder.End_of_file.
2026/09/09 14:43:14 [next_song:3] Prepared "/var/azuracast/stations/evangile_du_royaume/media/Worship/16 - I Will Not Be Silent - Calabar HF.mp3" (RID 235).
2026/09/09 14:47:14 [decoder:2] Decoding "/var/azuracast/stations/evangile_du_royaume/media/Worship/16 - I Will Not Be Silent - Calabar HF.mp3" ended: Ffmpeg_decoder.End_of_file.
2026/09/09 14:47:15 [next_song:3] Prepared "/var/azuracast/stations/evangile_du_royaume/media/Cantiques du royaume/cantique___il_s_est_lui-même_humilié.mp3" (RID 236).
2026/09/09 14:52:40 [decoder:2] Decoding "/var/azuracast/stations/evangile_du_royaume/media/Cantiques du royaume/cantique___il_s_est_lui-même_humilié.mp3" ended: Ffmpeg_decoder.End_of_file.
2026/09/09 14:52:40 [next_song:3] Prepared "/var/azuracast/stations/evangile_du_royaume/media/Worship/91 - Ella Samuels - Oh Lord Our Maker.mp3" (RID 237).
2026/09/09 14:58:22 [decoder:2] Decoding "/var/azuracast/stations/evangile_du_royaume/media/Worship/91 - Ella Samuels - Oh Lord Our Maker.mp3" ended: Ffmpeg_decoder.End_of_file.
2026/09/09 14:58:23 [next_song:3] Prepared "/var/azuracast/stations/evangile_du_royaume/media/Cantiques du royaume/Cantique-A jamais, tu seras l_Agneau de Dieu.mp3" (RID 238).
2026/09/09 15:07:34 [decoder:2] Decoding "/var/azuracast/stations/evangile_du_royaume/media/Cantiques du royaume/Cantique-A jamais, tu seras l_Agneau de Dieu.mp3" ended: Ffmpeg_decoder.End_of_file.
2026/09/09 15:07:35 [next_song:3] Prepared "/var/azuracast/stations/evangile_du_royaume/media/Worship/48 - The Glory -  PHF.mp3" (RID 239).
2026/09/09 15:14:52 [decoder:2] Decoding "/var/azuracast/stations/evangile_du_royaume/media/Worship/48 - The Glory -  PHF.mp3" ended: Ffmpeg_decoder.End_of_file.
2026/09/09 15:14:52 [next_song:3] Prepared "/var/azuracast/stations/evangile_du_royaume/media/Cantiques du royaume/Cantique   Oh Éternel Dieu, Tu es le Dieu Incomparable.mp3" (RID 240).
2026/09/09 15:19:00 [decoder:2] Decoding "/var/azuracast/stations/evangile_du_royaume/media/Cantiques du royaume/Cantique   Oh Éternel Dieu, Tu es le Dieu Incomparable.mp3" ended: Ffmpeg_decoder.End_of_file.
2026/09/09 15:19:01 [next_song:3] Prepared "/var/azuracast/stations/evangile_du_royaume/media/Worship/13 - For By My God - Toronto & Winnipeg HF.mp3" (RID 241).
2026/09/09 15:26:19 [decoder:2] Decoding "/var/azuracast/stations/evangile_du_royaume/media/Worship/13 - For By My God - Toronto & Winnipeg HF.mp3" ended: Ffmpeg_decoder.End_of_file.
2026/09/09 15:26:19 [next_song:3] Prepared "/var/azuracast/stations/evangile_du_royaume/media/Cantiques du royaume/Cantique- Mon modèle, c_est Jésus.mp3" (RID 242).
2026/09/09 15:30:30 [decoder:2] Decoding "/var/azuracast/stations/evangile_du_royaume/media/Cantiques du royaume/Cantique- Mon modèle, c_est Jésus.mp3" ended: Ffmpeg_decoder.End_of_file.
2026/09/09 15:30:31 [next_song:3] Prepared "/var/azuracast/stations/evangile_du_royaume/media/Worship/33 - By the word of the lord - Ketu HF.mp3" (RID 243).
2026/09/09 15:35:49 [decoder:2] Decoding "/var/azuracast/stations/evangile_du_royaume/media/Worship/33 - By the word of the lord - Ketu HF.mp3" ended: Ffmpeg_decoder.End_of_file.
2026/09/09 15:35:50 [next_song:3] Prepared "/var/azuracast/stations/evangile_du_royaume/media/Worship/79 - The Lord is my Light and Salvation - Nonso Njoku.mp3" (RID 244).
2026/09/09 15:38:50 [decoder:2] Decoding "/var/azuracast/stations/evangile_du_royaume/media/Worship/79 - The Lord is my Light and Salvation - Nonso Njoku.mp3" ended: Ffmpeg_decoder.End_of_file.
2026/09/09 15:38:51 [next_song:3] Prepared "/var/azuracast/stations/evangile_du_royaume/media/Worship/62 - All in All - CHF.mp3" (RID 245).
2026/09/09 15:43:27 [decoder:2] Decoding "/var/azuracast/stations/evangile_du_royaume/media/Worship/62 - All in All - CHF.mp3" ended: Ffmpeg_decoder.End_of_file.
2026/09/09 15:43:28 [next_song:3] Prepared "/var/azuracast/stations/evangile_du_royaume/media/Jingle/jingle_avant_bible_08_prenons_un_moment_pour_ecouter_la_parole.mp3" (RID 246).
2026/09/09 15:43:34 [decoder:2] Decoding "/var/azuracast/stations/evangile_du_royaume/media/Jingle/jingle_avant_bible_08_prenons_un_moment_pour_ecouter_la_parole.mp3" ended: Ffmpeg_decoder.End_of_file.
2026/09/09 15:43:34 [next_song:3] Prepared "/var/azuracast/stations/evangile_du_royaume/media/La bible/2_timothée_001.mp3" (RID 247).
2026/09/09 15:46:30 [decoder:2] Decoding "/var/azuracast/stations/evangile_du_royaume/media/La bible/2_timothée_001.mp3" ended: Ffmpeg_decoder.End_of_file.
2026/09/09 15:46:31 [next_song:3] Prepared "/var/azuracast/stations/evangile_du_royaume/media/La bible/2_timothée_002.mp3" (RID 248).
2026/09/09 15:50:20 [decoder:2] Decoding "/var/azuracast/stations/evangile_du_royaume/media/La bible/2_timothée_002.mp3" ended: Ffmpeg_decoder.End_of_file.
2026/09/09 15:50:21 [next_song:3] Prepared "/var/azuracast/stations/evangile_du_royaume/media/La bible/2_timothée_003.mp3" (RID 249).
2026/09/09 15:52:54 [decoder:2] Decoding "/var/azuracast/stations/evangile_du_royaume/media/La bible/2_timothée_003.mp3" ended: Ffmpeg_decoder.End_of_file.
2026/09/09 15:52:55 [next_song:3] Prepared "/var/azuracast/stations/evangile_du_royaume/media/La bible/2_timothée_004.mp3" (RID 250).
2026/09/09 15:56:01 [decoder:2] Decoding "/var/azuracast/stations/evangile_du_royaume/media/La bible/2_timothée_004.mp3" ended: Ffmpeg_decoder.End_of_file.
2026/09/09 15:56:01 [next_song:3] Prepared "/var/azuracast/stations/evangile_du_royaume/media/La bible/aggée_001.mp3" (RID 251).
2026/09/09 15:58:41 [decoder:2] Decoding "/var/azuracast/stations/evangile_du_royaume/media/La bible/aggée_001.mp3" ended: Ffmpeg_decoder.End_of_file.
2026/09/09 15:58:41 [next_song:3] Prepared "/var/azuracast/stations/evangile_du_royaume/media/La bible/aggée_002.mp3" (RID 252).
2026/09/09 16:02:36 [decoder:2] Decoding "/var/azuracast/stations/evangile_du_royaume/media/La bible/aggée_002.mp3" ended: Ffmpeg_decoder.End_of_file.
2026/09/09 16:02:37 [next_song:3] Prepared "/var/azuracast/stations/evangile_du_royaume/media/La bible/1_thessaloniciens_001.mp3" (RID 253).
2026/09/09 16:04:23 [decoder:2] Decoding "/var/azuracast/stations/evangile_du_royaume/media/La bible/1_thessaloniciens_001.mp3" ended: Ffmpeg_decoder.End_of_file.
2026/09/09 16:04:24 [next_song:3] Prepared "/var/azuracast/stations/evangile_du_royaume/media/La bible/1_thessaloniciens_002.mp3" (RID 254).
2026/09/09 16:07:50 [decoder:2] Decoding "/var/azuracast/stations/evangile_du_royaume/media/La bible/1_thessaloniciens_002.mp3" ended: Ffmpeg_decoder.End_of_file.
2026/09/09 16:07:50 [next_song:3] Prepared "/var/azuracast/stations/evangile_du_royaume/media/La bible/1_thessaloniciens_003.mp3" (RID 255).
2026/09/09 16:10:00 [decoder:2] Decoding "/var/azuracast/stations/evangile_du_royaume/media/La bible/1_thessaloniciens_003.mp3" ended: Ffmpeg_decoder.End_of_file.
2026/09/09 16:10:00 [next_song:3] Prepared "/var/azuracast/stations/evangile_du_royaume/media/La bible/1_thessaloniciens_004.mp3" (RID 256).
2026/09/09 16:13:00 [decoder:2] Decoding "/var/azuracast/stations/evangile_du_royaume/media/La bible/1_thessaloniciens_004.mp3" ended: Ffmpeg_decoder.End_of_file.
2026/09/09 16:13:01 [next_song:3] Prepared "/var/azuracast/stations/evangile_du_royaume/media/La bible/1_thessaloniciens_005.mp3" (RID 257).
2026/09/09 16:16:02 [decoder:2] Decoding "/var/azuracast/stations/evangile_du_royaume/media/La bible/1_thessaloniciens_005.mp3" ended: Ffmpeg_decoder.End_of_file.
2026/09/09 16:16:02 [next_song:3] Prepared "/var/azuracast/stations/evangile_du_royaume/media/La bible/tite_001.mp3" (RID 258).
2026/09/09 16:18:43 [decoder:2] Decoding "/var/azuracast/stations/evangile_du_royaume/media/La bible/tite_001.mp3" ended: Ffmpeg_decoder.End_of_file.
2026/09/09 16:18:43 [next_song:3] Prepared "/var/azuracast/stations/evangile_du_royaume/media/La bible/tite_002.mp3" (RID 259).
2026/09/09 16:20:50 [decoder:2] Decoding "/var/azuracast/stations/evangile_du_royaume/media/La bible/tite_002.mp3" ended: Ffmpeg_decoder.End_of_file.
2026/09/09 16:20:51 [next_song:3] Prepared "/var/azuracast/stations/evangile_du_royaume/media/La bible/tite_003.mp3" (RID 260).
2026/09/09 16:23:10 [decoder:2] Decoding "/var/azuracast/stations/evangile_du_royaume/media/La bible/tite_003.mp3" ended: Ffmpeg_decoder.End_of_file.
2026/09/09 16:23:10 [next_song:3] Prepared "/var/azuracast/stations/evangile_du_royaume/media/La bible/jacques_001.mp3" (RID 261).
2026/09/09 16:27:04 [decoder:2] Decoding "/var/azuracast/stations/evangile_du_royaume/media/La bible/jacques_001.mp3" ended: Ffmpeg_decoder.End_of_file.
2026/09/09 16:27:04 [next_song:3] Prepared "/var/azuracast/stations/evangile_du_royaume/media/Jingle/jingle_avant_louange_05_elevons_nos_coeurs_vers_dieu.mp3" (RID 262).
2026/09/09 16:27:12 [decoder:2] Decoding "/var/azuracast/stations/evangile_du_royaume/media/Jingle/jingle_avant_louange_05_elevons_nos_coeurs_vers_dieu.mp3" ended: Ffmpeg_decoder.End_of_file.
2026/09/09 16:27:13 [next_song:3] Prepared "/var/azuracast/stations/evangile_du_royaume/media/Worship/68 - Shine in Darkness O Lord  - Winnipeg Fellowship.mp3" (RID 263).
2026/09/09 16:37:34 [decoder:2] Decoding "/var/azuracast/stations/evangile_du_royaume/media/Worship/68 - Shine in Darkness O Lord  - Winnipeg Fellowship.mp3" ended: Ffmpeg_decoder.End_of_file.
2026/09/09 16:37:34 [next_song:3] Prepared "/var/azuracast/stations/evangile_du_royaume/media/Cantiques du royaume/cantique__heureux_l_homme_qui_ne_marche_pas_selon.mp3" (RID 264).
2026/09/09 16:39:51 [decoder:2] Decoding "/var/azuracast/stations/evangile_du_royaume/media/Cantiques du royaume/cantique__heureux_l_homme_qui_ne_marche_pas_selon.mp3" ended: Ffmpeg_decoder.End_of_file.
2026/09/09 16:39:51 [next_song:3] Prepared "/var/azuracast/stations/evangile_du_royaume/media/Cantiques du royaume/cantique_-_esprit_de_dieu.mp3" (RID 265).
2026/09/09 16:43:01 [decoder:2] Decoding "/var/azuracast/stations/evangile_du_royaume/media/Cantiques du royaume/cantique_-_esprit_de_dieu.mp3" ended: Ffmpeg_decoder.End_of_file.
2026/09/09 16:43:01 [next_song:3] Prepared "/var/azuracast/stations/evangile_du_royaume/media/Worship/36 - Praise the Lord of Host - Toronto HF.mp3" (RID 266).
2026/09/09 16:49:28 [decoder:2] Decoding "/var/azuracast/stations/evangile_du_royaume/media/Worship/36 - Praise the Lord of Host - Toronto HF.mp3" ended: Ffmpeg_decoder.End_of_file.
2026/09/09 16:49:29 [next_song:3] Prepared "/var/azuracast/stations/evangile_du_royaume/media/Worship/40 - I See Your Face - Toronto HF.mp3" (RID 267).
2026/09/09 16:58:50 [decoder:2] Decoding "/var/azuracast/stations/evangile_du_royaume/media/Worship/40 - I See Your Face - Toronto HF.mp3" ended: Ffmpeg_decoder.End_of_file.
2026/09/09 16:58:50 [next_song:3] Prepared "/var/azuracast/stations/evangile_du_royaume/media/SWBN Lead Concert Live Worship/08 - You're the Lamb (Abasiama Timothy).mp3" (RID 268).
2026/09/09 17:05:56 [decoder:2] Decoding "/var/azuracast/stations/evangile_du_royaume/media/SWBN Lead Concert Live Worship/08 - You're the Lamb (Abasiama Timothy).mp3" ended: Ffmpeg_decoder.End_of_file.
2026/09/09 17:05:57 [next_song:3] Prepared "/var/azuracast/stations/evangile_du_royaume/media/SWBN Lead Concert Live Worship/07 - There is no Lie (Imah Adegoke & Mary Umoh).mp3" (RID 269).
2026/09/09 17:12:48 [decoder:2] Decoding "/var/azuracast/stations/evangile_du_royaume/media/SWBN Lead Concert Live Worship/07 - There is no Lie (Imah Adegoke & Mary Umoh).mp3" ended: Ffmpeg_decoder.End_of_file.
2026/09/09 17:12:48 [next_song:3] Prepared "/var/azuracast/stations/evangile_du_royaume/media/SWBN Lead Concert Live Worship/01 - Holy is the Lord (Emmanuel Umoh).mp3" (RID 270).
2026/09/09 17:20:03 [decoder:2] Decoding "/var/azuracast/stations/evangile_du_royaume/media/SWBN Lead Concert Live Worship/01 - Holy is the Lord (Emmanuel Umoh).mp3" ended: Ffmpeg_decoder.End_of_file.
2026/09/09 17:20:04 [next_song:3] Prepared "/var/azuracast/stations/evangile_du_royaume/media/Worship/08 - I Enter The Holy of Holies - Port Harcourt HF.mp3" (RID 271).
2026/09/09 17:20:05 [clock.main:2] We must catchup 1.20 seconds!
2026/09/09 17:25:05 [decoder:2] Decoding "/var/azuracast/stations/evangile_du_royaume/media/Worship/08 - I Enter The Holy of Holies - Port Harcourt HF.mp3" ended: Ffmpeg_decoder.End_of_file.
2026/09/09 17:25:05 [next_song:3] Prepared "/var/azuracast/stations/evangile_du_royaume/media/Jingle/jingle_musical_station_fm_parole_prophetique_02.mp3" (RID 272).
2026/09/09 17:25:15 [decoder:2] Decoding "/var/azuracast/stations/evangile_du_royaume/media/Jingle/jingle_musical_station_fm_parole_prophetique_02.mp3" ended: Ffmpeg_decoder.End_of_file.
2026/09/09 17:25:15 [next_song:3] Prepared "/var/azuracast/stations/evangile_du_royaume/media/La bible/lamentations_004.mp3" (RID 273).
2026/09/09 17:29:08 [decoder:2] Decoding "/var/azuracast/stations/evangile_du_royaume/media/La bible/lamentations_004.mp3" ended: Ffmpeg_decoder.End_of_file.
2026/09/09 17:29:09 [next_song:3] Prepared "/var/azuracast/stations/evangile_du_royaume/media/La bible/lamentations_005.mp3" (RID 274).
2026/09/09 17:31:26 [decoder:2] Decoding "/var/azuracast/stations/evangile_du_royaume/media/La bible/lamentations_005.mp3" ended: Ffmpeg_decoder.End_of_file.
2026/09/09 17:31:26 [next_song:3] Prepared "/var/azuracast/stations/evangile_du_royaume/media/La bible/michée_001.mp3" (RID 275).
2026/09/09 17:34:00 [decoder:2] Decoding "/var/azuracast/stations/evangile_du_royaume/media/La bible/michée_001.mp3" ended: Ffmpeg_decoder.End_of_file.
2026/09/09 17:34:01 [next_song:3] Prepared "/var/azuracast/stations/evangile_du_royaume/media/La bible/michée_002.mp3" (RID 276).
2026/09/09 17:36:18 [decoder:2] Decoding "/var/azuracast/stations/evangile_du_royaume/media/La bible/michée_002.mp3" ended: Ffmpeg_decoder.End_of_file.
2026/09/09 17:36:18 [next_song:3] Prepared "/var/azuracast/stations/evangile_du_royaume/media/La bible/michée_003.mp3" (RID 277).
2026/09/09 17:38:20 [decoder:2] Decoding "/var/azuracast/stations/evangile_du_royaume/media/La bible/michée_003.mp3" ended: Ffmpeg_decoder.End_of_file.
2026/09/09 17:38:21 [next_song:3] Prepared "/var/azuracast/stations/evangile_du_royaume/media/La bible/michée_004.mp3" (RID 278).
2026/09/09 17:40:52 [decoder:2] Decoding "/var/azuracast/stations/evangile_du_royaume/media/La bible/michée_004.mp3" ended: Ffmpeg_decoder.End_of_file.
2026/09/09 17:40:52 [next_song:3] Prepared "/var/azuracast/stations/evangile_du_royaume/media/La bible/michée_005.mp3" (RID 279).
2026/09/09 17:43:09 [decoder:2] Decoding "/var/azuracast/stations/evangile_du_royaume/media/La bible/michée_005.mp3" ended: Ffmpeg_decoder.End_of_file.
2026/09/09 17:43:09 [next_song:3] Prepared "/var/azuracast/stations/evangile_du_royaume/media/La bible/michée_006.mp3" (RID 280).
2026/09/09 17:45:43 [decoder:2] Decoding "/var/azuracast/stations/evangile_du_royaume/media/La bible/michée_006.mp3" ended: Ffmpeg_decoder.End_of_file.
2026/09/09 17:45:44 [next_song:3] Prepared "/var/azuracast/stations/evangile_du_royaume/media/Jingle/jingle_id_station_01_la_bonne_nouvelle_partout.mp3" (RID 281).
2026/09/09 17:45:53 [decoder:2] Decoding "/var/azuracast/stations/evangile_du_royaume/media/Jingle/jingle_id_station_01_la_bonne_nouvelle_partout.mp3" ended: Ffmpeg_decoder.End_of_file.
2026/09/09 17:45:53 [next_song:3] Prepared "/var/azuracast/stations/evangile_du_royaume/media/Worship/61 - Unto Him - CHF.mp3" (RID 282).
2026/09/09 17:52:09 [decoder:2] Decoding "/var/azuracast/stations/evangile_du_royaume/media/Worship/61 - Unto Him - CHF.mp3" ended: Ffmpeg_decoder.End_of_file.
2026/09/09 17:52:10 [next_song:3] Prepared "/var/azuracast/stations/evangile_du_royaume/media/Worship/09 - Oh Lord I Want to Know Your Glory - Port Harcourt HF.mp3" (RID 283).
2026/09/09 17:58:22 [decoder:2] Decoding "/var/azuracast/stations/evangile_du_royaume/media/Worship/09 - Oh Lord I Want to Know Your Glory - Port Harcourt HF.mp3" ended: Ffmpeg_decoder.End_of_file.
2026/09/09 17:58:23 [next_song:3] Prepared "/var/azuracast/stations/evangile_du_royaume/media/Worship/73 - Arise Out of Zion  - Winnipeg Fellowship.mp3" (RID 284).
2026/09/09 18:06:06 [decoder:2] Decoding "/var/azuracast/stations/evangile_du_royaume/media/Worship/73 - Arise Out of Zion  - Winnipeg Fellowship.mp3" ended: Ffmpeg_decoder.End_of_file.
2026/09/09 18:06:06 [next_song:3] Prepared "/var/azuracast/stations/evangile_du_royaume/media/Jingle/jingle_avant_message_01_voici_le_message_du_jour.mp3" (RID 285).
2026/09/09 18:06:16 [decoder:2] Decoding "/var/azuracast/stations/evangile_du_royaume/media/Jingle/jingle_avant_message_01_voici_le_message_du_jour.mp3" ended: Ffmpeg_decoder.End_of_file.
2026/09/09 18:06:17 [next_song:3] Prepared "/var/azuracast/stations/evangile_du_royaume/media/2020_tian_le_pardon_4.mp3" (RID 286).
2026/09/09 18:19:34 [decoder:2] Decoding "/var/azuracast/stations/evangile_du_royaume/media/2020_tian_le_pardon_4.mp3" ended: Ffmpeg_decoder.End_of_file.
2026/09/09 18:19:34 [next_song:3] Prepared "/var/azuracast/stations/evangile_du_royaume/media/Jingle/jingle_avant_bible_08_prenons_un_moment_pour_ecouter_la_parole.mp3" (RID 287).
2026/09/09 18:19:40 [decoder:2] Decoding "/var/azuracast/stations/evangile_du_royaume/media/Jingle/jingle_avant_bible_08_prenons_un_moment_pour_ecouter_la_parole.mp3" ended: Ffmpeg_decoder.End_of_file.
2026/09/09 18:19:41 [next_song:3] Prepared "/var/azuracast/stations/evangile_du_royaume/media/La bible/jonas_001.mp3" (RID 288).
2026/09/09 18:22:38 [decoder:2] Decoding "/var/azuracast/stations/evangile_du_royaume/media/La bible/jonas_001.mp3" ended: Ffmpeg_decoder.End_of_file.
2026/09/09 18:22:39 [next_song:3] Prepared "/var/azuracast/stations/evangile_du_royaume/media/La bible/jonas_002.mp3" (RID 289).
2026/09/09 18:23:57 [decoder:2] Decoding "/var/azuracast/stations/evangile_du_royaume/media/La bible/jonas_002.mp3" ended: Ffmpeg_decoder.End_of_file.
2026/09/09 18:23:58 [next_song:3] Prepared "/var/azuracast/stations/evangile_du_royaume/media/La bible/jonas_003.mp3" (RID 290).
2026/09/09 18:25:31 [decoder:2] Decoding "/var/azuracast/stations/evangile_du_royaume/media/La bible/jonas_003.mp3" ended: Ffmpeg_decoder.End_of_file.
2026/09/09 18:25:31 [next_song:3] Prepared "/var/azuracast/stations/evangile_du_royaume/media/La bible/jonas_004.mp3" (RID 291).
2026/09/09 18:27:26 [decoder:2] Decoding "/var/azuracast/stations/evangile_du_royaume/media/La bible/jonas_004.mp3" ended: Ffmpeg_decoder.End_of_file.
2026/09/09 18:27:26 [next_song:3] Prepared "/var/azuracast/stations/evangile_du_royaume/media/La bible/colossiens_001.mp3" (RID 292).
2026/09/09 18:31:59 [decoder:2] Decoding "/var/azuracast/stations/evangile_du_royaume/media/La bible/colossiens_001.mp3" ended: Ffmpeg_decoder.End_of_file.
2026/09/09 18:31:59 [next_song:3] Prepared "/var/azuracast/stations/evangile_du_royaume/media/La bible/colossiens_002.mp3" (RID 293).
2026/09/09 18:35:42 [decoder:2] Decoding "/var/azuracast/stations/evangile_du_royaume/media/La bible/colossiens_002.mp3" ended: Ffmpeg_decoder.End_of_file.
2026/09/09 18:35:43 [next_song:3] Prepared "/var/azuracast/stations/evangile_du_royaume/media/La bible/colossiens_003.mp3" (RID 294).
2026/09/09 18:39:24 [decoder:2] Decoding "/var/azuracast/stations/evangile_du_royaume/media/La bible/colossiens_003.mp3" ended: Ffmpeg_decoder.End_of_file.
2026/09/09 18:39:24 [next_song:3] Prepared "/var/azuracast/stations/evangile_du_royaume/media/La bible/colossiens_004.mp3" (RID 295).
2026/09/09 18:42:17 [decoder:2] Decoding "/var/azuracast/stations/evangile_du_royaume/media/La bible/colossiens_004.mp3" ended: Ffmpeg_decoder.End_of_file.
2026/09/09 18:42:17 [next_song:3] Prepared "/var/azuracast/stations/evangile_du_royaume/media/La bible/1_corinthiens_016.mp3" (RID 296).
2026/09/09 18:45:22 [decoder:2] Decoding "/var/azuracast/stations/evangile_du_royaume/media/La bible/1_corinthiens_016.mp3" ended: Ffmpeg_decoder.End_of_file.
2026/09/09 18:45:22 [next_song:3] Prepared "/var/azuracast/stations/evangile_du_royaume/media/La bible/2_pierre_001.mp3" (RID 297).
2026/09/09 18:49:01 [decoder:2] Decoding "/var/azuracast/stations/evangile_du_royaume/media/La bible/2_pierre_001.mp3" ended: Ffmpeg_decoder.End_of_file.
2026/09/09 18:49:02 [next_song:3] Prepared "/var/azuracast/stations/evangile_du_royaume/media/La bible/2_pierre_002.mp3" (RID 298).
2026/09/09 18:53:03 [decoder:2] Decoding "/var/azuracast/stations/evangile_du_royaume/media/La bible/2_pierre_002.mp3" ended: Ffmpeg_decoder.End_of_file.
2026/09/09 18:53:03 [next_song:3] Prepared "/var/azuracast/stations/evangile_du_royaume/media/La bible/2_pierre_003.mp3" (RID 299).
2026/09/09 18:56:17 [decoder:2] Decoding "/var/azuracast/stations/evangile_du_royaume/media/La bible/2_pierre_003.mp3" ended: Ffmpeg_decoder.End_of_file.
2026/09/09 18:56:17 [next_song:3] Prepared "/var/azuracast/stations/evangile_du_royaume/media/La bible/amos_008.mp3" (RID 300).
2026/09/09 18:58:45 [decoder:2] Decoding "/var/azuracast/stations/evangile_du_royaume/media/La bible/amos_008.mp3" ended: Ffmpeg_decoder.End_of_file.
2026/09/09 18:58:45 [next_song:3] Prepared "/var/azuracast/stations/evangile_du_royaume/media/La bible/amos_009.mp3" (RID 301).
2026/09/09 19:01:38 [decoder:2] Decoding "/var/azuracast/stations/evangile_du_royaume/media/La bible/amos_009.mp3" ended: Ffmpeg_decoder.End_of_file.
2026/09/09 19:01:39 [next_song:3] Prepared "/var/azuracast/stations/evangile_du_royaume/media/La bible/juges_001.mp3" (RID 302).
2026/09/09 19:07:22 [decoder:2] Decoding "/var/azuracast/stations/evangile_du_royaume/media/La bible/juges_001.mp3" ended: Ffmpeg_decoder.End_of_file.
2026/09/09 19:07:22 [next_song:3] Prepared "/var/azuracast/stations/evangile_du_royaume/media/La bible/juges_002.mp3" (RID 303).
2026/09/09 19:11:20 [decoder:2] Decoding "/var/azuracast/stations/evangile_du_royaume/media/La bible/juges_002.mp3" ended: Ffmpeg_decoder.End_of_file.
2026/09/09 19:11:20 [next_song:3] Prepared "/var/azuracast/stations/evangile_du_royaume/media/La bible/juges_003.mp3" (RID 304).
2026/09/09 19:16:36 [decoder:2] Decoding "/var/azuracast/stations/evangile_du_royaume/media/La bible/juges_003.mp3" ended: Ffmpeg_decoder.End_of_file.
2026/09/09 19:16:36 [next_song:3] Prepared "/var/azuracast/stations/evangile_du_royaume/media/Jingle/jingle_avant_louange_07_voici_un_temps_de_louange.mp3" (RID 305).
2026/09/09 19:16:46 [decoder:2] Decoding "/var/azuracast/stations/evangile_du_royaume/media/Jingle/jingle_avant_louange_07_voici_un_temps_de_louange.mp3" ended: Ffmpeg_decoder.End_of_file.
2026/09/09 19:16:46 [next_song:3] Prepared "/var/azuracast/stations/evangile_du_royaume/media/Worship/37 - The Lord on High is Mightier - Toronto HF.mp3" (RID 306).
2026/09/09 19:23:41 [decoder:2] Decoding "/var/azuracast/stations/evangile_du_royaume/media/Worship/37 - The Lord on High is Mightier - Toronto HF.mp3" ended: Ffmpeg_decoder.End_of_file.
2026/09/09 19:23:41 [next_song:3] Prepared "/var/azuracast/stations/evangile_du_royaume/media/Worship/77 - We Shall Not Fear - Nonso Njoku.mp3" (RID 307).
2026/09/09 19:28:59 [decoder:2] Decoding "/var/azuracast/stations/evangile_du_royaume/media/Worship/77 - We Shall Not Fear - Nonso Njoku.mp3" ended: Ffmpeg_decoder.End_of_file.
2026/09/09 19:28:59 [next_song:3] Prepared "/var/azuracast/stations/evangile_du_royaume/media/Cantiques du royaume/Cantiques  Il a pris mes iniquités.mp3" (RID 308).
2026/09/09 19:36:33 [decoder:2] Decoding "/var/azuracast/stations/evangile_du_royaume/media/Cantiques du royaume/Cantiques  Il a pris mes iniquités.mp3" ended: Ffmpeg_decoder.End_of_file.
2026/09/09 19:36:33 [next_song:3] Prepared "/var/azuracast/stations/evangile_du_royaume/media/Worship/10 - Yeshua Hamashiach - Calabar HF.mp3" (RID 309).
2026/09/09 19:44:52 [decoder:2] Decoding "/var/azuracast/stations/evangile_du_royaume/media/Worship/10 - Yeshua Hamashiach - Calabar HF.mp3" ended: Ffmpeg_decoder.End_of_file.
2026/09/09 19:44:53 [next_song:3] Prepared "/var/azuracast/stations/evangile_du_royaume/media/Worship/88 - Good God - Asaba Fellowship.mp3" (RID 310).
2026/09/09 19:50:56 [decoder:2] Decoding "/var/azuracast/stations/evangile_du_royaume/media/Worship/88 - Good God - Asaba Fellowship.mp3" ended: Ffmpeg_decoder.End_of_file.
2026/09/09 19:50:56 [next_song:3] Prepared "/var/azuracast/stations/evangile_du_royaume/media/Worship/22 - Holy Holy - Abuja HF.mp3" (RID 311).
2026/09/09 19:59:25 [decoder:2] Decoding "/var/azuracast/stations/evangile_du_royaume/media/Worship/22 - Holy Holy - Abuja HF.mp3" ended: Ffmpeg_decoder.End_of_file.
2026/09/09 19:59:25 [next_song:3] Prepared "/var/azuracast/stations/evangile_du_royaume/media/Worship/23 - Guide Me - El ELyon - Abuja HF.mp3" (RID 312).
2026/09/09 20:04:26 [decoder:2] Decoding "/var/azuracast/stations/evangile_du_royaume/media/Worship/23 - Guide Me - El ELyon - Abuja HF.mp3" ended: Ffmpeg_decoder.End_of_file.
2026/09/09 20:04:27 [next_song:3] Prepared "/var/azuracast/stations/evangile_du_royaume/media/Cantiques du royaume/cantique___prends_tout_le_contrôle.mp3" (RID 313).
2026/09/09 20:09:16 [decoder:2] Decoding "/var/azuracast/stations/evangile_du_royaume/media/Cantiques du royaume/cantique___prends_tout_le_contrôle.mp3" ended: Ffmpeg_decoder.End_of_file.
2026/09/09 20:09:17 [next_song:3] Prepared "/var/azuracast/stations/evangile_du_royaume/media/Jingle/jingle_avant_bible_07_place_a_la_lecture_de_la_bible.mp3" (RID 314).
2026/09/09 20:09:27 [decoder:2] Decoding "/var/azuracast/stations/evangile_du_royaume/media/Jingle/jingle_avant_bible_07_place_a_la_lecture_de_la_bible.mp3" ended: Ffmpeg_decoder.End_of_file.
2026/09/09 20:09:27 [next_song:3] Prepared "/var/azuracast/stations/evangile_du_royaume/media/La bible/nombres_027.mp3" (RID 315).
2026/09/09 20:13:02 [decoder:2] Decoding "/var/azuracast/stations/evangile_du_royaume/media/La bible/nombres_027.mp3" ended: Ffmpeg_decoder.End_of_file.
2026/09/09 20:13:02 [next_song:3] Prepared "/var/azuracast/stations/evangile_du_royaume/media/La bible/nombres_028.mp3" (RID 316).
2026/09/09 20:17:29 [decoder:2] Decoding "/var/azuracast/stations/evangile_du_royaume/media/La bible/nombres_028.mp3" ended: Ffmpeg_decoder.End_of_file.
2026/09/09 20:17:29 [next_song:3] Prepared "/var/azuracast/stations/evangile_du_royaume/media/La bible/nombres_029.mp3" (RID 317).
2026/09/09 20:22:46 [decoder:2] Decoding "/var/azuracast/stations/evangile_du_royaume/media/La bible/nombres_029.mp3" ended: Ffmpeg_decoder.End_of_file.
2026/09/09 20:22:47 [next_song:3] Prepared "/var/azuracast/stations/evangile_du_royaume/media/La bible/nombres_030.mp3" (RID 318).
2026/09/09 20:25:30 [decoder:2] Decoding "/var/azuracast/stations/evangile_du_royaume/media/La bible/nombres_030.mp3" ended: Ffmpeg_decoder.End_of_file.
2026/09/09 20:25:31 [next_song:3] Prepared "/var/azuracast/stations/evangile_du_royaume/media/La bible/nombres_031.mp3" (RID 319).
2026/09/09 20:32:04 [decoder:2] Decoding "/var/azuracast/stations/evangile_du_royaume/media/La bible/nombres_031.mp3" ended: Ffmpeg_decoder.End_of_file.
2026/09/09 20:32:04 [next_song:3] Prepared "/var/azuracast/stations/evangile_du_royaume/media/La bible/nombres_032.mp3" (RID 320).
2026/09/09 20:38:03 [decoder:2] Decoding "/var/azuracast/stations/evangile_du_royaume/media/La bible/nombres_032.mp3" ended: Ffmpeg_decoder.End_of_file.
2026/09/09 20:38:03 [next_song:3] Prepared "/var/azuracast/stations/evangile_du_royaume/media/Jingle/jingle_avant_louange_05_elevons_nos_coeurs_vers_dieu.mp3" (RID 321).
2026/09/09 20:38:11 [decoder:2] Decoding "/var/azuracast/stations/evangile_du_royaume/media/Jingle/jingle_avant_louange_05_elevons_nos_coeurs_vers_dieu.mp3" ended: Ffmpeg_decoder.End_of_file.
2026/09/09 20:38:12 [next_song:3] Prepared "/var/azuracast/stations/evangile_du_royaume/media/Cantiques du royaume/cantique__tes_promesses__pub_direct_dec_2021_import_(2).mp3" (RID 322).
2026/09/09 20:45:26 [decoder:2] Decoding "/var/azuracast/stations/evangile_du_royaume/media/Cantiques du royaume/cantique__tes_promesses__pub_direct_dec_2021_import_(2).mp3" ended: Ffmpeg_decoder.End_of_file.
2026/09/09 20:45:27 [next_song:3] Prepared "/var/azuracast/stations/evangile_du_royaume/media/Worship/18 - El Elyon - Toronto & Winnipeg HF.mp3" (RID 323).
2026/09/09 20:54:21 [decoder:2] Decoding "/var/azuracast/stations/evangile_du_royaume/media/Worship/18 - El Elyon - Toronto & Winnipeg HF.mp3" ended: Ffmpeg_decoder.End_of_file.
2026/09/09 20:54:22 [next_song:3] Prepared "/var/azuracast/stations/evangile_du_royaume/media/Worship/38 - That I May Know Him - Toronto HF.mp3" (RID 324).
2026/09/09 21:00:28 [decoder:2] Decoding "/var/azuracast/stations/evangile_du_royaume/media/Worship/38 - That I May Know Him - Toronto HF.mp3" ended: Ffmpeg_decoder.End_of_file.
2026/09/09 21:00:29 [next_song:3] Prepared "/var/azuracast/stations/evangile_du_royaume/media/Cantiques du royaume/5-il_sappelait_emmanuel_-_marcel_boungou__paroles.mp3" (RID 325).
2026/09/09 21:05:39 [decoder:2] Decoding "/var/azuracast/stations/evangile_du_royaume/media/Cantiques du royaume/5-il_sappelait_emmanuel_-_marcel_boungou__paroles.mp3" ended: Ffmpeg_decoder.End_of_file.
2026/09/09 21:05:40 [next_song:3] Prepared "/var/azuracast/stations/evangile_du_royaume/media/Worship/42 - God is Building - Will You Be - Ketu HF.mp3" (RID 326).
2026/09/09 21:10:10 [decoder:2] Decoding "/var/azuracast/stations/evangile_du_royaume/media/Worship/42 - God is Building - Will You Be - Ketu HF.mp3" ended: Ffmpeg_decoder.End_of_file.
2026/09/09 21:10:11 [next_song:3] Prepared "/var/azuracast/stations/evangile_du_royaume/media/Worship/31 - You Are Worthy - Ketu HF.mp3" (RID 327).
2026/09/09 21:14:26 [decoder:2] Decoding "/var/azuracast/stations/evangile_du_royaume/media/Worship/31 - You Are Worthy - Ketu HF.mp3" ended: Ffmpeg_decoder.End_of_file.
2026/09/09 21:14:26 [next_song:3] Prepared "/var/azuracast/stations/evangile_du_royaume/media/Cantiques du royaume/WhatsApp Audio 2022-03-15 at 01.33.50 (1)(1).mp3" (RID 328).
2026/09/09 21:23:54 [decoder:2] Decoding "/var/azuracast/stations/evangile_du_royaume/media/Cantiques du royaume/WhatsApp Audio 2022-03-15 at 01.33.50 (1)(1).mp3" ended: Ffmpeg_decoder.End_of_file.
2026/09/09 21:23:54 [next_song:3] Prepared "/var/azuracast/stations/evangile_du_royaume/media/SWBN Lead Concert Live Worship/05 - Jesus I'm Waiting for You (Mary Umoh).mp3" (RID 329).
2026/09/09 21:29:41 [decoder:2] Decoding "/var/azuracast/stations/evangile_du_royaume/media/SWBN Lead Concert Live Worship/05 - Jesus I'm Waiting for You (Mary Umoh).mp3" ended: Ffmpeg_decoder.End_of_file.
2026/09/09 21:29:42 [next_song:3] Prepared "/var/azuracast/stations/evangile_du_royaume/media/Worship/55 - God's Got An Army - PHF.mp3" (RID 330).
2026/09/09 21:35:01 [decoder:2] Decoding "/var/azuracast/stations/evangile_du_royaume/media/Worship/55 - God's Got An Army - PHF.mp3" ended: Ffmpeg_decoder.End_of_file.
2026/09/09 21:35:01 [next_song:3] Prepared "/var/azuracast/stations/evangile_du_royaume/media/Jingle/jingle_avant_bible_06_ouvrons_les_saintes_ecritures.mp3" (RID 331).
2026/09/09 21:35:08 [decoder:2] Decoding "/var/azuracast/stations/evangile_du_royaume/media/Jingle/jingle_avant_bible_06_ouvrons_les_saintes_ecritures.mp3" ended: Ffmpeg_decoder.End_of_file.
2026/09/09 21:35:09 [next_song:3] Prepared "/var/azuracast/stations/evangile_du_royaume/media/La bible/2_samuel_022.mp3" (RID 332).
2026/09/09 21:40:56 [decoder:2] Decoding "/var/azuracast/stations/evangile_du_royaume/media/La bible/2_samuel_022.mp3" ended: Ffmpeg_decoder.End_of_file.
2026/09/09 21:40:57 [next_song:3] Prepared "/var/azuracast/stations/evangile_du_royaume/media/La bible/2_samuel_023.mp3" (RID 333).
