2026/09/16 00:01:26 [lang:2] Could not perform http request: CurlException(Aborted_by_callback, 42, CURLE_ABORTED_BY_CALLBACK).
2026/09/16 00:01:26 [lang.deprecated:2] WARNING: "error.kind" is deprecated and will be removed in future version.
2026/09/16 00:01:26 [lang.deprecated:2] WARNING: "error.message" is deprecated and will be removed in future version.
2026/09/16 00:01:26 [lang:3] API djoff - Error: http - CurlException(Aborted_by_callback, 42, CURLE_ABORTED_BY_CALLBACK)
2026/09/16 00:01:30 [lang.deprecated:2] WARNING: "map_metadata" is deprecated and will be removed in future version. Please use "metadata.map" instead.
2026/09/16 00:01:30 [lang.deprecated:2] WARNING: "map_metadata" is deprecated and will be removed in future version. Please use "metadata.map" instead.
2026/09/16 00:01:30 [error_jingle:3] "/usr/local/share/icecast/web/error.mp3" is static, resolving once for all...
2026/09/16 00:01:30 [error_jingle:3] Prepared "/usr/local/share/icecast/web/error.mp3" (RID 7).
2026/09/16 00:01:31 [next_song:3] Prepared "/var/azuracast/stations/evangile_du_royaume/media/La bible/psaumes_131.mp3" (RID 9).
2026/09/16 00:01:31 [safe_fallback:3] Switch to amplify_0 with transition.
2026/09/16 00:01:31 [live_fallback:3] Switch to cross_0.
2026/09/16 00:01:31 [interrupting_fallback:3] Switch to requests_fallback.
2026/09/16 00:01:31 [requests_fallback:3] Switch to autodj_fallback.
2026/09/16 00:01:31 [autodj_fallback:3] Switch to dynamic_startup.
2026/09/16 00:01:31 [dynamic_startup:3] Switch to cue_next_song.
2026/09/16 00:01:52 [decoder:2] Decoding "/var/azuracast/stations/evangile_du_royaume/media/La bible/psaumes_131.mp3" ended: Ffmpeg_decoder.End_of_file.
2026/09/16 00:01:53 [next_song:3] Prepared "/var/azuracast/stations/evangile_du_royaume/media/Jingle/jingle_avant_message_01_voici_le_message_du_jour.mp3" (RID 16).
2026/09/16 00:02:03 [decoder:2] Decoding "/var/azuracast/stations/evangile_du_royaume/media/Jingle/jingle_avant_message_01_voici_le_message_du_jour.mp3" ended: Ffmpeg_decoder.End_of_file.
2026/09/16 00:02:03 [next_song:3] Prepared "/var/azuracast/stations/evangile_du_royaume/media/amc_tian_combat_spirituel_1.mp3" (RID 17).
2026/09/16 00:11:45 [decoder:2] Decoding "/var/azuracast/stations/evangile_du_royaume/media/amc_tian_combat_spirituel_1.mp3" ended: Ffmpeg_decoder.End_of_file.
2026/09/16 00:11:46 [next_song:3] Prepared "/var/azuracast/stations/evangile_du_royaume/media/Jingle/jingle_avant_bible_07_place_a_la_lecture_de_la_bible.mp3" (RID 18).
2026/09/16 00:11:58 [decoder:2] Decoding "/var/azuracast/stations/evangile_du_royaume/media/Jingle/jingle_avant_bible_07_place_a_la_lecture_de_la_bible.mp3" ended: Ffmpeg_decoder.End_of_file.
2026/09/16 00:11:59 [next_song:3] Prepared "/var/azuracast/stations/evangile_du_royaume/media/La bible/genèse_038.mp3" (RID 19).
2026/09/16 00:17:04 [decoder:2] Decoding "/var/azuracast/stations/evangile_du_royaume/media/La bible/genèse_038.mp3" ended: Ffmpeg_decoder.End_of_file.
2026/09/16 00:17:05 [next_song:3] Prepared "/var/azuracast/stations/evangile_du_royaume/media/La bible/genèse_039.mp3" (RID 20).
2026/09/16 00:20:58 [decoder:2] Decoding "/var/azuracast/stations/evangile_du_royaume/media/La bible/genèse_039.mp3" ended: Ffmpeg_decoder.End_of_file.
2026/09/16 00:20:59 [next_song:3] Prepared "/var/azuracast/stations/evangile_du_royaume/media/La bible/genèse_040.mp3" (RID 21).
